warning: unused import: `warn`
  --> src/ai_helpers/pattern_recognizer.rs:14:28
   |
14 | use tracing::{debug, info, warn};
   |                            ^^^^
   |
   = note: `#[warn(unused_imports)]` on by default

warning: unused imports: `ModelRequest` and `ModelResponse`
  --> src/ai_helpers/pattern_recognizer.rs:22:48
   |
22 | use super::python_models::{PythonModelService, ModelRequest, ModelResponse};
   |                                                ^^^^^^^^^^^^  ^^^^^^^^^^^^^

warning: unused import: `Context`
  --> src/ai_helpers/quality_analyzer.rs:11:22
   |
11 | use anyhow::{Result, Context};
   |                      ^^^^^^^

warning: unused import: `warn`
  --> src/ai_helpers/quality_analyzer.rs:14:28
   |
14 | use tracing::{debug, info, warn};
   |                            ^^^^

warning: unused imports: `ModelRequest` and `ModelResponse`
  --> src/ai_helpers/quality_analyzer.rs:22:48
   |
22 | use super::python_models::{PythonModelService, ModelRequest, ModelResponse};
   |                                                ^^^^^^^^^^^^  ^^^^^^^^^^^^^

warning: unused import: `Context`
  --> src/ai_helpers/knowledge_synthesizer.rs:11:22
   |
11 | use anyhow::{Result, Context};
   |                      ^^^^^^^

warning: unused import: `warn`
  --> src/ai_helpers/knowledge_synthesizer.rs:14:28
   |
14 | use tracing::{debug, info, warn};
   |                            ^^^^

warning: unused imports: `ModelRequest` and `ModelResponse`
  --> src/ai_helpers/knowledge_synthesizer.rs:23:48
   |
23 | use super::python_models::{PythonModelService, ModelRequest, ModelResponse};
   |                                                ^^^^^^^^^^^^  ^^^^^^^^^^^^^

warning: unused import: `Path`
 --> src/ai_helpers/model_downloader.rs:6:17
  |
6 | use std::path::{Path, PathBuf};
  |                 ^^^^

warning: unused import: `ModelResponse`
  --> src/ai_helpers/chroma_store.rs:11:62
   |
11 | use super::python_models::{PythonModelService, ModelRequest, ModelResponse};
   |                                                              ^^^^^^^^^^^^^

warning: unused import: `QualityMetrics`
  --> src/ai_helpers/intelligent_context_orchestrator.rs:14:81
   |
14 |     ContextRetriever, PatternRecognizer, QualityAnalyzer, KnowledgeSynthesizer, QualityMetrics
   |                                                                                 ^^^^^^^^^^^^^^

warning: unused import: `warn`
  --> src/ai_helpers/code_translator.rs:11:28
   |
11 | use tracing::{debug, info, warn};
   |                            ^^^^

warning: unused import: `OperationType`
  --> src/ai_helpers/code_translator.rs:15:45
   |
15 | use super::monitoring::{PerformanceMonitor, OperationType};
   |                                             ^^^^^^^^^^^^^

warning: unused import: `OperationType`
  --> src/ai_helpers/semantic_retriever.rs:16:45
   |
16 | use super::monitoring::{PerformanceMonitor, OperationType};
   |                                             ^^^^^^^^^^^^^

warning: unused import: `Context`
 --> src/ai_helpers/intelligent_executor.rs:6:14
  |
6 | use anyhow::{Context, Result};
  |              ^^^^^^^

warning: unused import: `debug`
  --> src/ai_helpers/intelligent_executor.rs:10:15
   |
10 | use tracing::{debug, info, warn};
   |               ^^^^^

warning: unused import: `ExecutionReport`
  --> src/ai_helpers/rollback_executor.rs:15:50
   |
15 | use super::file_executor::{AIHelperFileExecutor, ExecutionReport};
   |                                                  ^^^^^^^^^^^^^^^

warning: unused imports: `KnowledgeIndexer` and `QualityAnalyzer`
  --> src/ai_helpers/autonomous_ai_helper.rs:16:5
   |
16 |     KnowledgeIndexer,
   |     ^^^^^^^^^^^^^^^^
17 |     PatternRecognizer,
18 |     QualityAnalyzer,
   |     ^^^^^^^^^^^^^^^

warning: unused import: `warn`
  --> src/ai_helpers/continuous_learner.rs:12:28
   |
12 | use tracing::{debug, info, warn};
   |                            ^^^^

warning: unused imports: `PatternType` and `Pattern`
  --> src/ai_helpers/continuous_learner.rs:15:44
   |
15 | use crate::ai_helpers::{ChromaVectorStore, Pattern, PatternType};
   |                                            ^^^^^^^  ^^^^^^^^^^^

warning: unused import: `StageResult`
  --> src/ai_helpers/continuous_learner.rs:16:38
   |
16 | use crate::consensus::types::{Stage, StageResult};
   |                                      ^^^^^^^^^^^

warning: unused import: `Context`
  --> src/analysis/dependency.rs:10:14
   |
10 | use anyhow::{Context, Result};
   |              ^^^^^^^

warning: unused import: `is_cyclic_directed`
  --> src/analysis/dependency.rs:11:43
   |
11 | use petgraph::algo::{has_path_connecting, is_cyclic_directed, tarjan_scc, toposort};
   |                                           ^^^^^^^^^^^^^^^^^^

warning: unused import: `VecDeque`
  --> src/analysis/dependency.rs:15:42
   |
15 | use std::collections::{HashMap, HashSet, VecDeque};
   |                                          ^^^^^^^^

warning: unused import: `tree_sitter::Tree`
  --> src/analysis/incremental.rs:12:5
   |
12 | use tree_sitter::Tree;
   |     ^^^^^^^^^^^^^^^^^

warning: unused import: `anyhow`
  --> src/analysis/language_detector.rs:10:14
   |
10 | use anyhow::{anyhow, Result};
   |              ^^^^^^

warning: unused import: `HiveError`
  --> src/analysis/parser.rs:18:19
   |
18 | use crate::core::{HiveError, Language, Position};
   |                   ^^^^^^^^^

warning: unused import: `std::path::Path`
   --> src/analysis/performance.rs:352:13
    |
352 |         use std::path::Path;
    |             ^^^^^^^^^^^^^^^

warning: unused import: `Context`
  --> src/analysis/repository_intelligence.rs:10:22
   |
10 | use anyhow::{anyhow, Context, Result};
   |                      ^^^^^^^

warning: unused import: `debug`
  --> src/analysis/repository_intelligence.rs:18:15
   |
18 | use tracing::{debug, info, instrument};
   |               ^^^^^

warning: unused import: `ParseResult`
  --> src/analysis/repository_intelligence.rs:24:37
   |
24 | use crate::core::ast::{CodeMetrics, ParseResult};
   |                                     ^^^^^^^^^^^

warning: unused import: `Position`
  --> src/analysis/repository_intelligence.rs:25:19
   |
25 | use crate::core::{Position, SymbolKind};
   |                   ^^^^^^^^

warning: unused import: `crate::core::database::DatabaseManager`
  --> src/analysis/repository_intelligence.rs:26:5
   |
26 | use crate::core::database::DatabaseManager;
   |     ^^^^^^^^^^^^^^^^^^^^^^^^^^^^^^^^^^^^^^

warning: unused import: `toposort`
 --> src/analysis/symbol_index.rs:8:42
  |
8 | use petgraph::algo::{is_cyclic_directed, toposort};
  |                                          ^^^^^^^^

warning: unused import: `OptionalExtension`
  --> src/analysis/symbol_index.rs:10:36
   |
10 | use rusqlite::{params, Connection, OptionalExtension, Transaction};
   |                                    ^^^^^^^^^^^^^^^^^

warning: unused import: `HashSet`
  --> src/analysis/symbol_index.rs:12:33
   |
12 | use std::collections::{HashMap, HashSet};
   |                                 ^^^^^^^

warning: unused import: `info`
  --> src/analysis/symbol_index.rs:17:22
   |
17 | use tracing::{debug, info, instrument};
   |                      ^^^^

warning: unused import: `DbConnection`
  --> src/analysis/symbol_index.rs:20:46
   |
20 | use crate::core::database::{DatabaseManager, DbConnection};
   |                                              ^^^^^^^^^^^^

warning: unused import: `std::path::PathBuf`
 --> src/analysis/types.rs:4:5
  |
4 | use std::path::PathBuf;
  |     ^^^^^^^^^^^^^^^^^^

warning: unused import: `FileInfo`
  --> src/analysis/mod.rs:58:19
   |
58 | use crate::core::{FileInfo, Language};
   |                   ^^^^^^^^

warning: unused import: `Interval`
  --> src/analytics/alerts.rs:16:29
   |
16 | use tokio::time::{interval, Interval};
   |                             ^^^^^^^^

warning: unused import: `Context`
  --> src/analytics/api.rs:10:14
   |
10 | use anyhow::{Context, Result};
   |              ^^^^^^^

warning: unused import: `Context`
  --> src/analytics/cost_intelligence.rs:11:14
   |
11 | use anyhow::{Context, Result};
   |              ^^^^^^^

warning: unused import: `Datelike`
  --> src/analytics/cost_intelligence.rs:12:24
   |
12 | use chrono::{DateTime, Datelike, Duration, Timelike, Utc};
   |                        ^^^^^^^^

warning: unused import: `warn`
  --> src/analytics/cost_intelligence.rs:17:28
   |
17 | use tracing::{debug, info, warn};
   |                            ^^^^

warning: unused import: `get_database`
  --> src/analytics/cost_intelligence.rs:20:29
   |
20 | use crate::core::database::{get_database, ActivityLog};
   |                             ^^^^^^^^^^^^

warning: unused import: `Context`
  --> src/analytics/dashboard.rs:11:14
   |
11 | use anyhow::{Context, Result};
   |              ^^^^^^^

warning: unused import: `Datelike`
  --> src/analytics/executive.rs:11:24
   |
11 | use chrono::{DateTime, Datelike, Duration, Utc};
   |                        ^^^^^^^^

warning: unused import: `Context`
  --> src/analytics/export.rs:10:14
   |
10 | use anyhow::{Context, Result};
   |              ^^^^^^^

warning: unused import: `Context`
  --> src/analytics/ml_models.rs:10:14
   |
10 | use anyhow::{Context, Result};
   |              ^^^^^^^

warning: unused import: `Context`
  --> src/analytics/performance.rs:11:14
   |
11 | use anyhow::{Context, Result};
   |              ^^^^^^^

warning: unused import: `BTreeMap`
  --> src/analytics/performance.rs:14:24
   |
14 | use std::collections::{BTreeMap, HashMap};
   |                        ^^^^^^^^

warning: unused import: `get_database`
  --> src/analytics/performance.rs:20:29
   |
20 | use crate::core::database::{get_database, ActivityLog};
   |                             ^^^^^^^^^^^^

warning: unused import: `Datelike`
  --> src/analytics/templates.rs:11:24
   |
11 | use chrono::{DateTime, Datelike, Utc};
   |                        ^^^^^^^^

warning: unused import: `Context`
  --> src/analytics/trend_analysis.rs:10:14
   |
10 | use anyhow::{Context, Result};
   |              ^^^^^^^

warning: unused import: `warn`
  --> src/analytics/trend_analysis.rs:16:28
   |
16 | use tracing::{debug, info, warn};
   |                            ^^^^

warning: unused import: `std::num::NonZeroUsize`
  --> src/cache/mod.rs:16:5
   |
16 | use std::num::NonZeroUsize;
   |     ^^^^^^^^^^^^^^^^^^^^^^

warning: unused import: `ErrorCategory`
  --> src/cache/mod.rs:23:26
   |
23 | use crate::core::error::{ErrorCategory, HiveError};
   |                          ^^^^^^^^^^^^^

warning: unused import: `anyhow::Result`
 --> src/cli/accessibility.rs:6:5
  |
6 | use anyhow::Result;
  |     ^^^^^^^^^^^^^^

warning: unused import: `std::io::IsTerminal`
 --> src/cli/args.rs:7:5
  |
7 | use std::io::IsTerminal;
  |     ^^^^^^^^^^^^^^^^^^^

warning: unused imports: `PerformanceOptimizer`, `ValidationSuiteConfig`, `ValidationSuite`, and `benchmark_against_typescript`
  --> src/cli/commands.rs:13:19
   |
13 |     performance::{benchmark_against_typescript, PerformanceConfig, PerformanceOptimizer},
   |                   ^^^^^^^^^^^^^^^^^^^^^^^^^^^^                     ^^^^^^^^^^^^^^^^^^^^
...
16 |     validation_suite::{run_quick_validation, ValidationSuite, ValidationSuiteConfig},
   |                                              ^^^^^^^^^^^^^^^  ^^^^^^^^^^^^^^^^^^^^^

warning: unused import: `rusqlite::params`
  --> src/cli/commands.rs:21:5
   |
21 | use rusqlite::params;
   |     ^^^^^^^^^^^^^^^^

warning: unused import: `std::sync::Arc`
  --> src/cli/commands.rs:23:5
   |
23 | use std::sync::Arc;
   |     ^^^^^^^^^^^^^^

warning: unused import: `IncrementalParser`
    --> src/cli/commands.rs:3426:43
     |
3426 |     use crate::analysis::{AnalysisEngine, IncrementalParser};
     |                                           ^^^^^^^^^^^^^^^^^

warning: unused import: `Write`
 --> src/cli/completions.rs:8:21
  |
8 | use std::io::{self, Write};
  |                     ^^^^^

warning: unused import: `DateTime`
  --> src/cli/framework.rs:18:14
   |
18 | use chrono::{DateTime, Utc};
   |              ^^^^^^^^

warning: unused import: `Style`
  --> src/cli/framework.rs:19:22
   |
19 | use console::{style, Style};
   |                      ^^^^^

warning: unused import: `serde_json::Value`
  --> src/cli/framework.rs:21:5
   |
21 | use serde_json::Value;
   |     ^^^^^^^^^^^^^^^^^

warning: unused import: `std::collections::HashMap`
  --> src/cli/framework.rs:22:5
   |
22 | use std::collections::HashMap;
   |     ^^^^^^^^^^^^^^^^^^^^^^^^^

warning: unused import: `Context`
 --> src/commands/analytics.rs:9:14
  |
9 | use anyhow::{Context, Result};
  |              ^^^^^^^

warning: unused import: `Style`
  --> src/commands/analytics.rs:12:22
   |
12 | use console::{style, Style, Term};
   |                      ^^^^^

warning: unused imports: `AdvancedAnalyticsConfig`, `AnalyticsConfig`, `ImpactLevel`, `InsightCategory`, and `TrendDirection`
  --> src/commands/analytics.rs:18:64
   |
18 |         get_advanced_analytics, initialize_advanced_analytics, AdvancedAnalyticsConfig,
   |                                                                ^^^^^^^^^^^^^^^^^^^^^^^
...
22 |         get_analytics_engine, initialize_analytics, AggregationPeriod, AnalyticsConfig,
   |                                                                        ^^^^^^^^^^^^^^^
23 |         DashboardWidget, ImpactLevel, InsightCategory, ReportType, TrendDirection,
   |                          ^^^^^^^^^^^  ^^^^^^^^^^^^^^^              ^^^^^^^^^^^^^^

warning: unused import: `Context`
 --> src/commands/analyze.rs:6:14
  |
6 | use anyhow::{Context, Result};
  |              ^^^^^^^

warning: unused imports: `debug` and `info`
  --> src/commands/analyze.rs:10:15
   |
10 | use tracing::{debug, info};
   |               ^^^^^  ^^^^

warning: unused imports: `ArchitectureInfo`, `ArchitecturePattern`, `Effort`, `PerformanceReport`, `QualityReport`, `Recommendation`, `SecurityReport`, and `TechnicalDebtReport`
  --> src/commands/analyze.rs:15:9
   |
15 |         ArchitectureInfo, ArchitecturePattern, Effort, Impact, PerformanceReport, Priority,
   |         ^^^^^^^^^^^^^^^^  ^^^^^^^^^^^^^^^^^^^  ^^^^^^          ^^^^^^^^^^^^^^^^^
16 |         QualityReport, Recommendation, RepositoryAnalyzer, SecurityReport, Severity,
   |         ^^^^^^^^^^^^^  ^^^^^^^^^^^^^^                      ^^^^^^^^^^^^^^
17 |         TechnicalDebtReport,
   |         ^^^^^^^^^^^^^^^^^^^

warning: unused import: `chrono::Utc`
 --> src/commands/consensus.rs:7:5
  |
7 | use chrono::Utc;
  |     ^^^^^^^^^^^

warning: unused imports: `EnhancedProgressTracker` and `StreamingCallbacks`
  --> src/commands/consensus.rs:12:53
   |
12 | use crate::consensus::streaming::{ConsensusMetrics, EnhancedProgressTracker, StreamingCallbacks};
   |                                                     ^^^^^^^^^^^^^^^^^^^^^^^  ^^^^^^^^^^^^^^^^^^

warning: unused imports: `ConsensusConfig` and `ConsensusProfile`
  --> src/commands/consensus.rs:13:31
   |
13 | use crate::consensus::types::{ConsensusConfig, ConsensusProfile, Stage};
   |                               ^^^^^^^^^^^^^^^  ^^^^^^^^^^^^^^^^

warning: unused import: `ConsensusRequest`
  --> src/commands/consensus.rs:14:41
   |
14 | use crate::consensus::{ConsensusEngine, ConsensusRequest, TemporalContextProvider};
   |                                         ^^^^^^^^^^^^^^^^

warning: unused import: `crate::core::context::ContextBuilder`
  --> src/commands/consensus.rs:15:5
   |
15 | use crate::core::context::ContextBuilder;
   |     ^^^^^^^^^^^^^^^^^^^^^^^^^^^^^^^^^^^^

warning: unused import: `crate::core::semantic::SemanticIndex`
  --> src/commands/consensus.rs:16:5
   |
16 | use crate::core::semantic::SemanticIndex;
   |     ^^^^^^^^^^^^^^^^^^^^^^^^^^^^^^^^^^^^

warning: unused imports: `ConsensusStage`, `CuratorStage`, `RefinerStage`, and `ValidatorStage`
   --> src/commands/consensus.rs:161:9
    |
161 |         ConsensusStage, CuratorStage, GeneratorStage, RefinerStage, ValidatorStage,
    |         ^^^^^^^^^^^^^^  ^^^^^^^^^^^^                  ^^^^^^^^^^^^  ^^^^^^^^^^^^^^

warning: unused import: `Documentation`
   --> src/commands/consensus.rs:323:37
    |
323 |         CodeSnippet, ContextSymbol, Documentation, FileSummary, ProjectInfo, QueryContext,
    |                                     ^^^^^^^^^^^^^

warning: unused import: `std::collections::HashMap`
   --> src/commands/consensus.rs:326:9
    |
326 |     use std::collections::HashMap;
    |         ^^^^^^^^^^^^^^^^^^^^^^^^^

warning: unused imports: `ConsensusIntegrationConfig`, `ConsensusIntegration`, `CostController`, and `QualityGateManager`
 --> src/commands/hooks.rs:5:30
  |
5 |     config::example_configs, ConsensusIntegration, ConsensusIntegrationConfig, CostController,
  |                              ^^^^^^^^^^^^^^^^^^^^  ^^^^^^^^^^^^^^^^^^^^^^^^^^  ^^^^^^^^^^^^^^
6 |     EventSource, EventType, HookEvent, HookId, HooksSystem, QualityGateManager,
  |                                                             ^^^^^^^^^^^^^^^^^^

warning: unused imports: `DateTime` and `Utc`
 --> src/commands/hooks.rs:9:14
  |
9 | use chrono::{DateTime, Utc};
  |              ^^^^^^^^  ^^^

warning: unused import: `Term`
 --> src/commands/index.rs:7:22
  |
7 | use console::{style, Term};
  |                      ^^^^

warning: unused import: `info`
  --> src/commands/index.rs:11:22
   |
11 | use tracing::{debug, info};
   |                      ^^^^

warning: unused import: `InstallMethod`
 --> src/commands/install.rs:7:37
  |
7 | use crate::install::{InstallConfig, InstallMethod, InstallationManager};
  |                                     ^^^^^^^^^^^^^

warning: unused import: `MemoryInsight`
  --> src/commands/memory.rs:18:60
   |
18 |         get_memory_system, initialize_memory, InsightType, MemoryInsight, SemanticSearchResult,
   |                                                            ^^^^^^^^^^^^^

warning: unused imports: `ABTestConfig`, `ModelRanking`, and `TaskRecommendation`
 --> src/commands/models.rs:6:20
  |
6 |     create_client, ABTestConfig, ABTestStatus, CircuitState, HealthStatus, ModelRanking,
  |                    ^^^^^^^^^^^^                                            ^^^^^^^^^^^^
7 |     ModelSelectionStrategy, ModelSelector, PerformanceTracker, ScoringWeights, TaskComplexity,
8 |     TaskRecommendation,
  |     ^^^^^^^^^^^^^^^^^^

warning: unused import: `rand::Rng as _`
   --> src/commands/models.rs:726:5
    |
726 | use rand::Rng as _;
    |     ^^^^^^^^^^^^^^

warning: unused import: `ModeType`
 --> src/commands/planning.rs:8:23
  |
8 | use crate::planning::{ModeType, Plan, PlanningContext, PlanningEngine};
  |                       ^^^^^^^^

warning: unused imports: `debug` and `info`
  --> src/commands/search.rs:10:15
   |
10 | use tracing::{debug, info};
   |               ^^^^^  ^^^^

warning: unused import: `Parser`
 --> src/commands/security.rs:5:12
  |
5 | use clap::{Parser, Subcommand};
  |            ^^^^^^

warning: unused imports: `ConditionOperator`, `ConditionType`, and `PermissionCondition`
  --> src/commands/security.rs:13:5
   |
13 |     ConditionOperator, ConditionType, PermissionCondition, PermissionScope, PermissionSubject,
   |     ^^^^^^^^^^^^^^^^^  ^^^^^^^^^^^^^  ^^^^^^^^^^^^^^^^^^^

warning: unused import: `MemberStatus`
  --> src/commands/security.rs:16:30
   |
16 | use crate::security::teams::{MemberStatus, TeamAccess, TeamPermissions, TeamSettings, TeamType};
   |                              ^^^^^^^^^^^^

warning: unused imports: `EncryptionConfig` and `PasswordPolicy`
  --> src/commands/security.rs:18:18
   |
18 |     AuditFilter, EncryptionConfig, EnterpriseRole, EnterpriseTeam, EnterpriseUser, PasswordPolicy,
   |                  ^^^^^^^^^^^^^^^^                                                  ^^^^^^^^^^^^^^

warning: unused import: `params`
  --> src/consensus/engine.rs:29:16
   |
29 | use rusqlite::{params, OptionalExtension};
   |                ^^^^^^

warning: unused import: `get_database`
   --> src/consensus/engine.rs:636:37
    |
636 |         use crate::core::database::{get_database, ConsensusProfile as DbProfile};
    |                                     ^^^^^^^^^^^^

warning: unused import: `HiveError`
  --> src/consensus/file_operations.rs:15:26
   |
15 | use crate::core::error::{HiveError, HiveResult};
   |                          ^^^^^^^^^

warning: unused import: `ModelInfo`
 --> src/consensus/maintenance.rs:9:32
  |
9 | use crate::consensus::models::{ModelInfo, ModelManager};
  |                                ^^^^^^^^^

warning: unused import: `crate::consensus::profiles::ExpertTemplate`
  --> src/consensus/maintenance.rs:10:5
   |
10 | use crate::consensus::profiles::ExpertTemplate;
   |     ^^^^^^^^^^^^^^^^^^^^^^^^^^^^^^^^^^^^^^^^^^

warning: unused import: `Context`
  --> src/consensus/maintenance.rs:12:14
   |
12 | use anyhow::{Context, Result};
   |              ^^^^^^^

warning: unused import: `params`
  --> src/consensus/maintenance.rs:14:16
   |
14 | use rusqlite::{params, OptionalExtension};
   |                ^^^^^^

warning: unused import: `warn`
  --> src/consensus/maintenance.rs:18:28
   |
18 | use tracing::{error, info, warn};
   |                            ^^^^

warning: unused import: `std::collections::HashMap`
  --> src/consensus/models.rs:10:5
   |
10 | use std::collections::HashMap;
   |     ^^^^^^^^^^^^^^^^^^^^^^^^^

warning: unused imports: `DateTime` and `Utc`
 --> src/consensus/openrouter.rs:5:14
  |
5 | use chrono::{DateTime, Utc};
  |              ^^^^^^^^  ^^^

warning: unused import: `Response`
 --> src/consensus/openrouter.rs:7:39
  |
7 | use reqwest::{Client, RequestBuilder, Response};
  |                                       ^^^^^^^^

warning: unused import: `json`
 --> src/consensus/openrouter.rs:9:18
  |
9 | use serde_json::{json, Value};
  |                  ^^^^

warning: unused import: `tokio::sync::mpsc`
  --> src/consensus/openrouter.rs:12:5
   |
12 | use tokio::sync::mpsc;
   |     ^^^^^^^^^^^^^^^^^

warning: unused import: `tokio_stream::wrappers::UnboundedReceiverStream`
  --> src/consensus/openrouter.rs:13:5
   |
13 | use tokio_stream::wrappers::UnboundedReceiverStream;
   |     ^^^^^^^^^^^^^^^^^^^^^^^^^^^^^^^^^^^^^^^^^^^^^^^

warning: unused import: `CancellationReason`
 --> src/consensus/pipeline.rs:7:57
  |
7 | use crate::consensus::cancellation::{CancellationToken, CancellationReason, CancellationChecker};
  |                                                         ^^^^^^^^^^^^^^^^^^

warning: unused import: `ExecutionMode`
  --> src/consensus/pipeline.rs:23:19
   |
23 |     ModeDetector, ExecutionMode, DirectExecutionHandler, StreamingOperationExecutor,
   |                   ^^^^^^^^^^^^^

warning: unused import: `AnalyticsFeatures`
  --> src/consensus/pipeline.rs:28:17
   |
28 |     TokenUsage, AnalyticsFeatures,
   |                 ^^^^^^^^^^^^^^^^^

warning: unused imports: `OpenRouterResponse` and `SimpleStreamingCallbacks`
  --> src/consensus/pipeline.rs:33:61
   |
33 |     OpenRouterClient, OpenRouterMessage, OpenRouterRequest, OpenRouterResponse,
   |                                                             ^^^^^^^^^^^^^^^^^^
34 |     SimpleStreamingCallbacks, StreamingCallbacks as OpenRouterStreamingCallbacks,
   |     ^^^^^^^^^^^^^^^^^^^^^^^^

warning: unused import: `DateTime`
  --> src/consensus/pipeline.rs:41:14
   |
41 | use chrono::{DateTime, Utc};
   |              ^^^^^^^^

warning: unused import: `crate::consensus::types::Message`
    --> src/consensus/pipeline.rs:2461:13
     |
2461 |         use crate::consensus::types::Message;
     |             ^^^^^^^^^^^^^^^^^^^^^^^^^^^^^^^^

warning: unused import: `std::collections::HashMap`
 --> src/consensus/profiles.rs:6:5
  |
6 | use std::collections::HashMap;
  |     ^^^^^^^^^^^^^^^^^^^^^^^^^

warning: unused import: `FileExplorerState`
  --> src/consensus/repository_context.rs:16:39
   |
16 | use crate::desktop::state::{AppState, FileExplorerState};
   |                                       ^^^^^^^^^^^^^^^^^

warning: unused import: `DatabaseManager`
  --> src/consensus/repository_context.rs:97:51
   |
97 |         use crate::core::database::{get_database, DatabaseManager};
   |                                                   ^^^^^^^^^^^^^^^

warning: unused import: `info`
 --> src/consensus/stages/file_aware_generator.rs:8:15
  |
8 | use tracing::{info, warn};
  |               ^^^^

warning: unused import: `std::collections::HashMap`
 --> src/consensus/stages/file_aware_curator.rs:7:5
  |
7 | use std::collections::HashMap;
  |     ^^^^^^^^^^^^^^^^^^^^^^^^^

warning: unused imports: `error` and `warn`
  --> src/consensus/stages/file_aware_curator.rs:12:21
   |
12 | use tracing::{info, warn, error};
   |                     ^^^^  ^^^^^

warning: unused import: `FileContent`
  --> src/consensus/stages/file_aware_curator.rs:14:69
   |
14 | use crate::consensus::file_operations::{FileReader, SecurityPolicy, FileContent};
   |                                                                     ^^^^^^^^^^^

warning: unused import: `FileInfo`
  --> src/consensus/stages/file_aware_curator.rs:17:71
   |
17 | use crate::consensus::stages::repository_scanner::{RepositoryScanner, FileInfo, FilePriority};
   |                                                                       ^^^^^^^^

warning: unused import: `CuratorOutputFormat`
  --> src/consensus/stages/file_aware_curator.rs:19:66
   |
19 | use crate::consensus::curator_output_format::{CuratorGuidelines, CuratorOutputFormat};
   |                                                                  ^^^^^^^^^^^^^^^^^^^

warning: unused import: `crate::consensus::types::Message`
 --> src/consensus/codebase_intelligence/semantic_search.rs:9:5
  |
9 | use crate::consensus::types::Message;
  |     ^^^^^^^^^^^^^^^^^^^^^^^^^^^^^^^^

warning: unused import: `ExtractedObject`
  --> src/consensus/codebase_intelligence/semantic_search.rs:11:13
   |
11 | use super::{ExtractedObject, CodebaseIntelligence};
   |             ^^^^^^^^^^^^^^^

warning: unused import: `std::path::Path`
 --> src/consensus/codebase_intelligence/extractor.rs:3:5
  |
3 | use std::path::Path;
  |     ^^^^^^^^^^^^^^^

warning: unused import: `std::collections::HashMap`
 --> src/consensus/codebase_intelligence/analyzer.rs:3:5
  |
3 | use std::collections::HashMap;
  |     ^^^^^^^^^^^^^^^^^^^^^^^^^

warning: unused import: `Path`
 --> src/consensus/verification.rs:6:17
  |
6 | use std::path::{Path, PathBuf};
  |                 ^^^^

warning: unused import: `anyhow`
 --> src/consensus/fact_checker.rs:7:22
  |
7 | use anyhow::{Result, anyhow};
  |                      ^^^^^^

warning: unused import: `anyhow`
 --> src/consensus/cross_validator.rs:7:22
  |
7 | use anyhow::{Result, anyhow};
  |                      ^^^^^^

warning: unused import: `ConsensusResult`
 --> src/consensus/cross_validator.rs:9:38
  |
9 | use crate::consensus::types::{Stage, ConsensusResult};
  |                                      ^^^^^^^^^^^^^^^

warning: unused import: `Contradiction`
  --> src/consensus/cross_validator.rs:11:91
   |
11 | use crate::consensus::fact_checker::{FactChecker, FactClaim, ClaimType, ValidationResult, Contradiction};
   |                                                                                           ^^^^^^^^^^^^^

warning: unused import: `Context`
 --> src/consensus/memory/authoritative_store.rs:8:22
  |
8 | use anyhow::{Result, Context};
  |                      ^^^^^^^

warning: unused import: `uuid::Uuid`
  --> src/consensus/memory/authoritative_store.rs:12:5
   |
12 | use uuid::Uuid;
   |     ^^^^^^^^^^

warning: unused import: `SemanticFingerprint`
  --> src/consensus/memory/authoritative_store.rs:14:54
   |
14 | use crate::consensus::memory::semantic_fingerprint::{SemanticFingerprint, SemanticFingerprinter};
   |                                                      ^^^^^^^^^^^^^^^^^^^

warning: unused import: `crate::consensus::types::StageResult`
  --> src/consensus/memory/authoritative_store.rs:15:5
   |
15 | use crate::consensus::types::StageResult;
   |     ^^^^^^^^^^^^^^^^^^^^^^^^^^^^^^^^^^^^

warning: unused import: `warn`
  --> src/consensus/memory/context_injector.rs:11:28
   |
11 | use tracing::{debug, info, warn};
   |                            ^^^^

warning: unused import: `std::sync::Arc`
 --> src/consensus/memory/semantic_fingerprint.rs:7:5
  |
7 | use std::sync::Arc;
  |     ^^^^^^^^^^^^^^

warning: unused import: `error`
  --> src/consensus/operation_intelligence.rs:14:34
   |
14 | use tracing::{debug, info, warn, error};
   |                                  ^^^^^

warning: unused imports: `OperationFilters` and `OperationRecord`
  --> src/consensus/operation_intelligence.rs:22:31
   |
22 |     OperationHistoryDatabase, OperationRecord, OperationFilters
   |                               ^^^^^^^^^^^^^^^  ^^^^^^^^^^^^^^^^

warning: unused import: `anyhow`
 --> src/consensus/operation_history.rs:8:22
  |
8 | use anyhow::{Result, anyhow};
  |                      ^^^^^^

warning: unused imports: `Connection` and `OptionalExtension`
  --> src/consensus/operation_history.rs:11:16
   |
11 | use rusqlite::{Connection, params, OptionalExtension};
   |                ^^^^^^^^^^          ^^^^^^^^^^^^^^^^^

warning: unused import: `PooledConnection`
  --> src/consensus/operation_history.rs:12:18
   |
12 | use r2d2::{Pool, PooledConnection};
   |                  ^^^^^^^^^^^^^^^^

warning: unused import: `Path`
  --> src/consensus/operation_history.rs:15:17
   |
15 | use std::path::{Path, PathBuf};
   |                 ^^^^

warning: unused import: `std::time::Duration`
  --> src/consensus/operation_history.rs:17:5
   |
17 | use std::time::Duration;
   |     ^^^^^^^^^^^^^^^^^^^

warning: unused imports: `error` and `warn`
  --> src/consensus/operation_history.rs:19:28
   |
19 | use tracing::{debug, info, warn, error};
   |                            ^^^^  ^^^^^

warning: unused import: `QualityMetrics`
  --> src/consensus/operation_history.rs:24:41
   |
24 |     OperationContext, OperationOutcome, QualityMetrics
   |                                         ^^^^^^^^^^^^^^

warning: unused import: `uuid::Uuid`
 --> src/consensus/smart_decision_engine.rs:9:5
  |
9 | use uuid::Uuid;
  |     ^^^^^^^^^^

warning: unused imports: `AnalysisStatistics`, `ComponentScores`, `OperationContext`, `OperationGroups`, `ScoringFactors`, and `UnifiedScore`
  --> src/consensus/smart_decision_engine.rs:13:56
   |
13 |     OperationAnalysis, AutoAcceptMode, ActionPriority, OperationContext,
   |                                                        ^^^^^^^^^^^^^^^^
14 |     UnifiedScore, OperationGroups, ComponentScores, ScoringFactors, AnalysisStatistics
   |     ^^^^^^^^^^^^  ^^^^^^^^^^^^^^^  ^^^^^^^^^^^^^^^  ^^^^^^^^^^^^^^  ^^^^^^^^^^^^^^^^^^

warning: unused import: `anyhow`
 --> src/consensus/operation_clustering.rs:2:22
  |
2 | use anyhow::{Result, anyhow};
  |                      ^^^^^^

warning: unused import: `VecDeque`
 --> src/consensus/operation_clustering.rs:3:42
  |
3 | use std::collections::{HashMap, HashSet, VecDeque};
  |                                          ^^^^^^^^

warning: unnecessary parentheses around block return value
   --> src/consensus/operation_clustering.rs:207:9
    |
207 |         (path_similarity * 0.4 + type_similarity * 0.2 + ext_similarity * 0.2 + module_similarity * 0.2)
    |         ^                                                                                              ^
    |
    = note: `#[warn(unused_parens)]` on by default
help: remove these parentheses
    |
207 -         (path_similarity * 0.4 + type_similarity * 0.2 + ext_similarity * 0.2 + module_similarity * 0.2)
207 +         path_similarity * 0.4 + type_similarity * 0.2 + ext_similarity * 0.2 + module_similarity * 0.2
    |

warning: unused import: `anyhow`
 --> src/consensus/intelligent_feedback.rs:2:22
  |
2 | use anyhow::{Result, anyhow};
  |                      ^^^^^^

warning: unused imports: `debug` and `info`
 --> src/consensus/intelligent_feedback.rs:8:15
  |
8 | use tracing::{debug, info};
  |               ^^^^^  ^^^^

warning: unused imports: `ActionRecommendation`, `ComponentScores`, `OperationContext`, and `ScoringFactors`
  --> src/consensus/intelligent_feedback.rs:12:38
   |
12 |     OperationAnalysis, UnifiedScore, ActionRecommendation, ComponentScores, 
   |                                      ^^^^^^^^^^^^^^^^^^^^  ^^^^^^^^^^^^^^^
13 |     ScoringFactors, OperationContext, ActionPriority
   |     ^^^^^^^^^^^^^^  ^^^^^^^^^^^^^^^^

warning: unused import: `anyhow`
 --> src/consensus/confidence_scoring.rs:2:22
  |
2 | use anyhow::{Result, anyhow};
  |                      ^^^^^^

warning: unused import: `anyhow`
 --> src/consensus/operation_parser.rs:2:22
  |
2 | use anyhow::{Result, anyhow};
  |                      ^^^^^^

warning: unused imports: `info` and `warn`
 --> src/consensus/operation_parser.rs:9:22
  |
9 | use tracing::{debug, info, warn};
  |                      ^^^^  ^^^^

warning: unused imports: `Context` and `anyhow`
 --> src/consensus/operation_validator.rs:2:22
  |
2 | use anyhow::{Result, anyhow, Context};
  |                      ^^^^^^  ^^^^^^^

warning: unused import: `HashSet`
 --> src/consensus/operation_validator.rs:4:33
  |
4 | use std::collections::{HashMap, HashSet};
  |                                 ^^^^^^^

warning: unused imports: `error`, `info`, and `warn`
 --> src/consensus/operation_validator.rs:8:22
  |
8 | use tracing::{debug, info, warn, error};
  |                      ^^^^  ^^^^  ^^^^^

warning: unused import: `OperationAnalysis`
  --> src/consensus/operation_validator.rs:11:62
   |
11 | use crate::consensus::operation_analysis::{OperationContext, OperationAnalysis};
   |                                                              ^^^^^^^^^^^^^^^^^

warning: unused import: `anyhow`
 --> src/consensus/operation_preview.rs:2:22
  |
2 | use anyhow::{Result, anyhow};
  |                      ^^^^^^

warning: unused import: `info`
 --> src/consensus/operation_preview.rs:8:22
  |
8 | use tracing::{debug, info};
  |                      ^^^^

warning: unused import: `anyhow`
 --> src/consensus/dependency_graph.rs:2:22
  |
2 | use anyhow::{Result, anyhow};
  |                      ^^^^^^

warning: unused import: `info`
  --> src/consensus/dependency_graph.rs:11:22
   |
11 | use tracing::{debug, info, warn};
   |                      ^^^^

warning: unused imports: `HashSet` and `VecDeque`
 --> src/consensus/rollback_plan.rs:6:33
  |
6 | use std::collections::{HashMap, HashSet, VecDeque};
  |                                 ^^^^^^^  ^^^^^^^^

warning: unused import: `Duration`
 --> src/consensus/rollback_plan.rs:8:29
  |
8 | use std::time::{SystemTime, Duration};
  |                             ^^^^^^^^

warning: unused import: `warn`
 --> src/consensus/rollback_plan.rs:9:28
  |
9 | use tracing::{debug, info, warn, error};
  |                            ^^^^

warning: unused import: `ExecutionSummary`
  --> src/consensus/rollback_plan.rs:13:56
   |
13 | use crate::consensus::file_executor::{ExecutionResult, ExecutionSummary};
   |                                                        ^^^^^^^^^^^^^^^^

warning: unused import: `crate::core::error::HiveError`
  --> src/consensus/rollback_plan.rs:14:5
   |
14 | use crate::core::error::HiveError;
   |     ^^^^^^^^^^^^^^^^^^^^^^^^^^^^^

warning: unused import: `HashSet`
 --> src/consensus/rollback_planner.rs:5:33
  |
5 | use std::collections::{HashMap, HashSet};
  |                                 ^^^^^^^

warning: unused import: `debug`
 --> src/consensus/rollback_planner.rs:9:15
  |
9 | use tracing::{debug, info, warn};
  |               ^^^^^

warning: unused import: `DiffView`
  --> src/consensus/rollback_planner.rs:13:54
   |
13 | use crate::consensus::operation_preview::{FileState, DiffView};
   |                                                      ^^^^^^^^

warning: unused import: `RollbackStrategy`
 --> src/consensus/rollback_executor.rs:3:33
  |
3 |     RollbackPlan, RollbackStep, RollbackStrategy, RollbackOperation, RiskLevel
  |                                 ^^^^^^^^^^^^^^^^

warning: unused import: `crate::consensus::operation_intelligence::OperationOutcome`
 --> src/consensus/rollback_executor.rs:7:5
  |
7 | use crate::consensus::operation_intelligence::OperationOutcome;
  |     ^^^^^^^^^^^^^^^^^^^^^^^^^^^^^^^^^^^^^^^^^^^^^^^^^^^^^^^^^^

warning: unused import: `std::collections::HashMap`
  --> src/consensus/rollback_executor.rs:16:5
   |
16 | use std::collections::HashMap;
   |     ^^^^^^^^^^^^^^^^^^^^^^^^^

warning: unused import: `crate::consensus::operation_intelligence::OperationOutcome`
 --> src/consensus/outcome_tracker.rs:4:5
  |
4 | use crate::consensus::operation_intelligence::OperationOutcome;
  |     ^^^^^^^^^^^^^^^^^^^^^^^^^^^^^^^^^^^^^^^^^^^^^^^^^^^^^^^^^^

warning: unused import: `UserChoice`
 --> src/consensus/outcome_tracker.rs:5:61
  |
5 | use crate::consensus::smart_decision_engine::{UserDecision, UserChoice};
  |                                                             ^^^^^^^^^^

warning: unused import: `error`
  --> src/consensus/outcome_tracker.rs:14:27
   |
14 | use tracing::{info, warn, error, debug};
   |                           ^^^^^

warning: unnecessary parentheses around assigned value
   --> src/consensus/outcome_tracker.rs:487:32
    |
487 |           let overall_accuracy = (
    |  ________________________________^
488 | |             (1.0 - confidence_error / 100.0) * 0.3 +
    | |____________^
489 |               (1.0 - risk_error / 100.0) * 0.3 +
490 |               success_accuracy * 0.4
    |  ___________________________________^
491 | |         );
    | |_________^
    |
help: remove these parentheses
    |
487 ~         let overall_accuracy = (1.0 - confidence_error / 100.0) * 0.3 +
488 |             (1.0 - risk_error / 100.0) * 0.3 +
489 ~             success_accuracy * 0.4;
    |

warning: unused imports: `HelperAccuracy`, `RetrainingResult`, and `TrackedOutcome`
 --> src/consensus/learning_system.rs:3:30
  |
3 |     OperationOutcomeTracker, TrackedOutcome, LearningInsights, RetrainingResult,
  |                              ^^^^^^^^^^^^^^                    ^^^^^^^^^^^^^^^^
4 |     AccuracyMetrics, HelperAccuracy, ErrorPattern
  |                      ^^^^^^^^^^^^^^

warning: unused import: `debug`
  --> src/consensus/learning_system.rs:21:34
   |
21 | use tracing::{info, warn, error, debug};
   |                                  ^^^^^

warning: unused import: `ComponentScores`
 --> src/consensus/safety_guardrails.rs:2:67
  |
2 | use crate::consensus::operation_intelligence::{OperationAnalysis, ComponentScores};
  |                                                                   ^^^^^^^^^^^^^^^

warning: unused imports: `ExecutionDecision` and `UserDecision`
 --> src/consensus/safety_guardrails.rs:5:47
  |
5 | use crate::consensus::smart_decision_engine::{ExecutionDecision, UserDecision};
  |                                               ^^^^^^^^^^^^^^^^^  ^^^^^^^^^^^^

warning: unused import: `crate::consensus::outcome_tracker::OperationOutcomeTracker`
 --> src/consensus/safety_guardrails.rs:6:5
  |
6 | use crate::consensus::outcome_tracker::OperationOutcomeTracker;
  |     ^^^^^^^^^^^^^^^^^^^^^^^^^^^^^^^^^^^^^^^^^^^^^^^^^^^^^^^^^^

warning: unused imports: `Context` and `bail`
 --> src/consensus/safety_guardrails.rs:7:22
  |
7 | use anyhow::{Result, Context, bail};
  |                      ^^^^^^^  ^^^^

warning: unused import: `Path`
 --> src/consensus/safety_guardrails.rs:8:17
  |
8 | use std::path::{Path, PathBuf};
  |                 ^^^^

warning: unused import: `HashSet`
  --> src/consensus/safety_guardrails.rs:13:33
   |
13 | use std::collections::{HashMap, HashSet};
   |                                 ^^^^^^^

warning: unused import: `warn`
  --> src/consensus/safety_guardrails.rs:14:21
   |
14 | use tracing::{info, warn, error, debug};
   |                     ^^^^

warning: unused imports: `BatchOperationPlan` and `SafetyCheck`
  --> src/consensus/file_executor.rs:20:43
   |
20 |     OperationPlan, ExecutionPlanDecision, SafetyCheck, BatchOperationPlan
   |                                           ^^^^^^^^^^^  ^^^^^^^^^^^^^^^^^^

warning: unused import: `anyhow`
 --> src/consensus/ai_operation_parser.rs:5:22
  |
5 | use anyhow::{Result, anyhow};
  |                      ^^^^^^

warning: unused import: `debug`
 --> src/consensus/operation_preview_generator.rs:9:15
  |
9 | use tracing::{debug, info};
  |               ^^^^^

warning: unused import: `SyntaxReference`
  --> src/consensus/operation_preview_generator.rs:12:35
   |
12 | use syntect::parsing::{SyntaxSet, SyntaxReference};
   |                                   ^^^^^^^^^^^^^^^

warning: unused import: `crate::consensus::operation_analysis::OperationContext`
  --> src/consensus/operation_preview_generator.rs:17:5
   |
17 | use crate::consensus::operation_analysis::OperationContext;
   |     ^^^^^^^^^^^^^^^^^^^^^^^^^^^^^^^^^^^^^^^^^^^^^^^^^^^^^^

warning: unused import: `crate::core::error::HiveError`
  --> src/consensus/operation_preview_generator.rs:18:5
   |
18 | use crate::core::error::HiveError;
   |     ^^^^^^^^^^^^^^^^^^^^^^^^^^^^^

warning: unused import: `std::time::SystemTime`
 --> src/consensus/streaming_executor.rs:9:5
  |
9 | use std::time::SystemTime;
  |     ^^^^^^^^^^^^^^^^^^^^^

warning: unused import: `crate::consensus::smart_decision_engine::UserPreferences`
  --> src/consensus/streaming_executor.rs:16:5
   |
16 | use crate::consensus::smart_decision_engine::UserPreferences;
   |     ^^^^^^^^^^^^^^^^^^^^^^^^^^^^^^^^^^^^^^^^^^^^^^^^^^^^^^^^

warning: unused import: `tokio::sync::mpsc`
 --> src/consensus/direct_executor.rs:8:5
  |
8 | use tokio::sync::mpsc;
  |     ^^^^^^^^^^^^^^^^^

warning: unused import: `ExecutionStatus`
  --> src/consensus/direct_executor.rs:11:72
   |
11 | use crate::consensus::streaming_executor::{StreamingOperationExecutor, ExecutionStatus};
   |                                                                        ^^^^^^^^^^^^^^^

warning: unused import: `ConsensusEvent`
  --> src/consensus/direct_executor.rs:14:55
   |
14 | use crate::consensus::streaming::{StreamingCallbacks, ConsensusEvent};
   |                                                       ^^^^^^^^^^^^^^

warning: unused import: `std::collections::HashMap`
  --> src/consensus/iteration_handler.rs:12:5
   |
12 | use std::collections::HashMap;
   |     ^^^^^^^^^^^^^^^^^^^^^^^^^

warning: unused import: `ExecutionStatus`
  --> src/consensus/iteration_handler.rs:17:72
   |
17 | use crate::consensus::streaming_executor::{StreamingOperationExecutor, ExecutionStatus};
   |                                                                        ^^^^^^^^^^^^^^^

warning: unused import: `debug`
 --> src/consensus/ai_file_executor.rs:8:21
  |
8 | use tracing::{info, debug, warn};
  |                     ^^^^^

warning: unused import: `crate::consensus::repository_context::RepositoryContext`
  --> src/consensus/ai_file_executor.rs:16:5
   |
16 | use crate::consensus::repository_context::RepositoryContext;
   |     ^^^^^^^^^^^^^^^^^^^^^^^^^^^^^^^^^^^^^^^^^^^^^^^^^^^^^^^

warning: unused import: `Path`
  --> src/consensus/file_planner.rs:27:17
   |
27 | use std::path::{Path, PathBuf};
   |                 ^^^^

warning: unused imports: `RollbackStep` and `RollbackStrategy`
 --> src/consensus/rollback_planner_v2.rs:9:41
  |
9 |     RollbackPlan as LegacyRollbackPlan, RollbackStep, RollbackStrategy, 
  |                                         ^^^^^^^^^^^^  ^^^^^^^^^^^^^^^^

warning: unused import: `crate::consensus::rollback_plan::RollbackAction as LegacyRollbackAction`
  --> src/consensus/rollback_planner_v2.rs:12:5
   |
12 | use crate::consensus::rollback_plan::RollbackAction as LegacyRollbackAction;
   |     ^^^^^^^^^^^^^^^^^^^^^^^^^^^^^^^^^^^^^^^^^^^^^^^^^^^^^^^^^^^^^^^^^^^^^^^

warning: unused import: `Context`
  --> src/consensus/rollback_planner_v2.rs:19:22
   |
19 | use anyhow::{Result, Context};
   |                      ^^^^^^^

warning: unused import: `DateTime`
  --> src/consensus/rollback_planner_v2.rs:24:14
   |
24 | use chrono::{DateTime, Utc};
   |              ^^^^^^^^

warning: unused imports: `debug` and `error`
 --> src/consensus/ai_rollback_executor.rs:8:21
  |
8 | use tracing::{info, debug, warn, error};
  |                     ^^^^^        ^^^^^

warning: unused import: `crate::consensus::openrouter::OpenRouterClient`
  --> src/core/api_keys.rs:11:5
   |
11 | use crate::consensus::openrouter::OpenRouterClient;
   |     ^^^^^^^^^^^^^^^^^^^^^^^^^^^^^^^^^^^^^^^^^^^^^^

warning: unused imports: `DatabaseConfig` and `initialize_database`
   --> src/core/api_keys.rs:167:51
    |
167 |         use crate::core::database::{get_database, initialize_database, DatabaseConfig};
    |                                                   ^^^^^^^^^^^^^^^^^^^  ^^^^^^^^^^^^^^

warning: unused import: `uuid::Uuid`
   --> src/core/api_keys.rs:168:13
    |
168 |         use uuid::Uuid;
    |             ^^^^^^^^^^

warning: unused import: `StageResult`
  --> src/core/db_actor.rs:14:49
   |
14 | use crate::consensus::types::{ConsensusProfile, StageResult};
   |                                                 ^^^^^^^^^^^

warning: unused import: `Sha256`
  --> src/core/license.rs:12:20
   |
12 | use sha2::{Digest, Sha256};
   |                    ^^^^^^

warning: unused import: `sysinfo::System`
  --> src/core/license.rs:14:5
   |
14 | use sysinfo::System;
   |     ^^^^^^^^^^^^^^^

warning: unused import: `LicenseInfo`
 --> src/core/usage_tracker.rs:5:28
  |
5 | use crate::core::license::{LicenseInfo, LicenseTier};
  |                            ^^^^^^^^^^^

warning: unused import: `Context`
 --> src/core/usage_tracker.rs:6:14
  |
6 | use anyhow::{Context, Result};
  |              ^^^^^^^

warning: unused imports: `debug` and `warn`
  --> src/core/usage_tracker.rs:11:15
   |
11 | use tracing::{debug, info, warn};
   |               ^^^^^        ^^^^

warning: unused import: `anyhow::Context`
 --> src/core/profiles.rs:8:5
  |
8 | use anyhow::Context;
  |     ^^^^^^^^^^^^^^^

warning: unused import: `std::collections::HashMap`
  --> src/core/profiles.rs:11:5
   |
11 | use std::collections::HashMap;
   |     ^^^^^^^^^^^^^^^^^^^^^^^^^

warning: unused import: `super::*`
   --> src/desktop/components/icon.rs:136:9
    |
136 |     use super::*;
    |         ^^^^^^^^

warning: unused import: `super::*`
   --> src/desktop/components/icon.rs:172:9
    |
172 |     use super::*;
    |         ^^^^^^^^

warning: unused import: `Card`
  --> src/desktop/components/operation_preview.rs:11:50
   |
11 | use crate::desktop::components::common::{Button, Card};
   |                                                  ^^^^

warning: unused import: `std::path::PathBuf`
  --> src/desktop/components/operation_preview.rs:12:5
   |
12 | use std::path::PathBuf;
   |     ^^^^^^^^^^^^^^^^^^

warning: unnecessary braces around function argument
   --> src/desktop/components/operation_preview.rs:347:47
    |
347 |                         dangerous_inner_html: {render_unified_diff(unified, &props.theme)}
    |                                               ^                                          ^
    |
    = note: `#[warn(unused_braces)]` on by default
help: remove these braces
    |
347 -                         dangerous_inner_html: {render_unified_diff(unified, &props.theme)}
347 +                         dangerous_inner_html: render_unified_diff(unified, &props.theme)
    |

warning: unused import: `ClusterType`
 --> src/desktop/components/approval_interface.rs:9:46
  |
9 |     operation_clustering::{OperationCluster, ClusterType},
  |                                              ^^^^^^^^^^^

warning: unused import: `ExecutionResult`
 --> src/desktop/components/progress_indicators.rs:8:21
  |
8 |     file_executor::{ExecutionResult, ExecutionSummary},
  |                     ^^^^^^^^^^^^^^^

warning: unused imports: `file_executor::ExecutionResult` and `smart_decision_engine::ExecutionDecision`
 --> src/desktop/components/notifications.rs:8:5
  |
8 |     smart_decision_engine::ExecutionDecision,
  |     ^^^^^^^^^^^^^^^^^^^^^^^^^^^^^^^^^^^^^^^^
9 |     file_executor::ExecutionResult,
  |     ^^^^^^^^^^^^^^^^^^^^^^^^^^^^^^

warning: unused imports: `ActiveProfileData` and `components::*`
 --> src/desktop/consensus.rs:4:5
  |
4 |     components::*,
  |     ^^^^^^^^^^^^^
5 |     state::{ActiveProfileData, ProfileState, ACTIVE_PROFILE_STATE},
  |             ^^^^^^^^^^^^^^^^^

warning: unused import: `spawn`
  --> src/desktop/consensus_integration.rs:21:34
   |
21 | use tokio::{sync::{mpsc, Mutex}, spawn};
   |                                  ^^^^^

warning: unused import: `crate::ai_helpers::AIHelperEcosystem`
    --> src/desktop/consensus_integration.rs:1101:13
     |
1101 |         use crate::ai_helpers::AIHelperEcosystem;
     |             ^^^^^^^^^^^^^^^^^^^^^^^^^^^^^^^^^^^^

warning: unused import: `std::sync::Arc`
    --> src/desktop/consensus_integration.rs:1102:13
     |
1102 |         use std::sync::Arc;
     |             ^^^^^^^^^^^^^^

warning: unused import: `dioxus::prelude::*`
    --> src/desktop/dialogs/mod.rs:3419:5
     |
3419 | use dioxus::prelude::*;
     |     ^^^^^^^^^^^^^^^^^^

warning: unused import: `components::*`
 --> src/desktop/file_explorer.rs:3:22
  |
3 | use crate::desktop::{components::*, events::MouseEventUtils, state::*};
  |                      ^^^^^^^^^^^^^

warning: unused import: `std::fs`
 --> src/desktop/file_operations.rs:4:5
  |
4 | use std::fs;
  |     ^^^^^^^

warning: unused import: `std::sync::Arc`
 --> src/desktop/keyboard/auto_accept_shortcuts.rs:4:5
  |
4 | use std::sync::Arc;
  |     ^^^^^^^^^^^^^^

warning: unused import: `std::collections::HashMap`
 --> src/desktop/menu_bar.rs:2:5
  |
2 | use std::collections::HashMap;
  |     ^^^^^^^^^^^^^^^^^^^^^^^^^

warning: unused imports: `Connection` and `params`
 --> src/desktop/model_browser.rs:8:16
  |
8 | use rusqlite::{params, Connection};
  |                ^^^^^^  ^^^^^^^^^^

warning: unused imports: `DateTime` and `Utc`
 --> src/desktop/status_bar_enhanced.rs:5:14
  |
5 | use chrono::{DateTime, Utc};
  |              ^^^^^^^^  ^^^

warning: unused import: `crate::desktop::state::AppState`
 --> src/desktop/terminal_tabs.rs:8:5
  |
8 | use crate::desktop::state::AppState;
  |     ^^^^^^^^^^^^^^^^^^^^^^^^^^^^^^^

warning: unused import: `crate::desktop::consensus_integration::DesktopConsensusManager`
 --> src/desktop/terminal_tabs.rs:9:5
  |
9 | use crate::desktop::consensus_integration::DesktopConsensusManager;
  |     ^^^^^^^^^^^^^^^^^^^^^^^^^^^^^^^^^^^^^^^^^^^^^^^^^^^^^^^^^^^^^^

warning: unused imports: `max` and `min`
 --> src/desktop/code_editor/cursor.rs:5:16
  |
5 | use std::cmp::{max, min};
  |                ^^^  ^^^

warning: unused imports: `Selection` and `Theme`
 --> src/desktop/code_editor/editor.rs:7:32
  |
7 |     cursor::{Cursor, Position, Selection},
  |                                ^^^^^^^^^
8 |     highlighting::{SyntaxHighlighter, Theme, HighlightedSpan, get_language_from_extension},
  |                                       ^^^^^

warning: unused import: `std::collections::HashMap`
  --> src/desktop/code_editor/editor.rs:12:5
   |
12 | use std::collections::HashMap;
   |     ^^^^^^^^^^^^^^^^^^^^^^^^^

warning: unused imports: `QueryCursor` and `Query`
 --> src/desktop/code_editor/highlighting.rs:5:37
  |
5 | use tree_sitter::{Language, Parser, Query, QueryCursor, Node};
  |                                     ^^^^^  ^^^^^^^^^^^

warning: unused imports: `CompletionParams`, `DidOpenTextDocumentParams`, `GotoDefinitionParams`, `HoverParams`, `InitializeParams`, `TextDocumentIdentifier`, `TextDocumentItem`, and `TextDocumentPositionParams`
 --> src/desktop/code_editor/language.rs:6:41
  |
6 |     CompletionItem, CompletionItemKind, CompletionParams, Diagnostic, DiagnosticSeverity,
  |                                         ^^^^^^^^^^^^^^^^
7 |     DidOpenTextDocumentParams, GotoDefinitionParams, HoverParams, InitializeParams,
  |     ^^^^^^^^^^^^^^^^^^^^^^^^^  ^^^^^^^^^^^^^^^^^^^^  ^^^^^^^^^^^  ^^^^^^^^^^^^^^^^
8 |     Position as LspPosition, Range as LspRange, TextDocumentIdentifier, TextDocumentItem,
  |                                                 ^^^^^^^^^^^^^^^^^^^^^^  ^^^^^^^^^^^^^^^^
9 |     TextDocumentPositionParams,
  |     ^^^^^^^^^^^^^^^^^^^^^^^^^^

warning: unused imports: `Deserialize` and `Serialize`
  --> src/desktop/code_editor/language.rs:11:13
   |
11 | use serde::{Deserialize, Serialize};
   |             ^^^^^^^^^^^  ^^^^^^^^^

warning: unused import: `std::path::PathBuf`
  --> src/desktop/code_editor/language.rs:13:5
   |
13 | use std::path::PathBuf;
   |     ^^^^^^^^^^^^^^^^^^

warning: unused import: `DiffOptions`
 --> src/desktop/code_editor/git_integration.rs:5:24
  |
5 | use git2::{Repository, DiffOptions};
  |                        ^^^^^^^^^^^

warning: unused import: `LanguageService`
 --> src/desktop/code_editor/completion.rs:7:23
  |
7 | use super::language::{LanguageService, AIEnhancedCompletion};
  |                       ^^^^^^^^^^^^^^^

warning: unused imports: `DateTime` and `Utc`
 --> src/desktop/terminal_registry.rs:9:14
  |
9 | use chrono::{DateTime, Utc};
  |              ^^^^^^^^  ^^^

warning: unused imports: `Oid` and `RepositoryOpenFlags`
 --> src/desktop/git/repository.rs:5:24
  |
5 | use git2::{Repository, RepositoryOpenFlags, StatusOptions, Oid};
  |                        ^^^^^^^^^^^^^^^^^^^                 ^^^

warning: unused imports: `error` and `warn`
 --> src/desktop/git/repository.rs:8:21
  |
8 | use tracing::{info, warn, error};
  |                     ^^^^  ^^^^^

warning: unused import: `CommitInfo`
 --> src/desktop/git/repository.rs:9:37
  |
9 | use super::{BranchInfo, BranchType, CommitInfo};
  |                                     ^^^^^^^^^^

warning: unused import: `Branch`
 --> src/desktop/git/branch.rs:5:12
  |
5 | use git2::{Branch, BranchType as Git2BranchType};
  |            ^^^^^^

warning: unused import: `Context`
 --> src/desktop/git/branch.rs:7:22
  |
7 | use anyhow::{Result, Context};
  |                      ^^^^^^^

warning: unused import: `StatusShow`
 --> src/desktop/git/status.rs:5:20
  |
5 | use git2::{Status, StatusShow};
  |                    ^^^^^^^^^^

warning: unused import: `Path`
 --> src/desktop/git/diff.rs:5:17
  |
5 | use std::path::{Path, PathBuf};
  |                 ^^^^

warning: unused import: `ObjectType`
 --> src/desktop/git/operations.rs:6:35
  |
6 | use git2::{Repository, Signature, ObjectType, Oid, RemoteCallbacks, PushOptions, FetchOptions};
  |                                   ^^^^^^^^^^

warning: unused imports: `error` and `warn`
  --> src/desktop/git/operations.rs:10:21
   |
10 | use tracing::{info, warn, error};
   |                     ^^^^  ^^^^^

warning: unused import: `super::GitRepository`
  --> src/desktop/git/operations.rs:12:5
   |
12 | use super::GitRepository;
   |     ^^^^^^^^^^^^^^^^^^^^

warning: unused import: `std::sync::Arc`
 --> src/desktop/git/toolbar.rs:7:5
  |
7 | use std::sync::Arc;
  |     ^^^^^^^^^^^^^^

warning: unused imports: `CancellationToken`, `GitOperationResult`, and `GitOperations`
 --> src/desktop/git/toolbar.rs:9:13
  |
9 | use super::{GitOperations, GitOperation, GitOperationResult, GitOperationProgress, CancellationToken};
  |             ^^^^^^^^^^^^^                ^^^^^^^^^^^^^^^^^^                        ^^^^^^^^^^^^^^^^^

warning: unused imports: `Context` and `Result`
  --> src/desktop/git/context_manager.rs:10:14
   |
10 | use anyhow::{Result, Context};
   |              ^^^^^^  ^^^^^^^

warning: unused imports: `error` and `warn`
 --> src/desktop/git/repository_selector.rs:9:21
  |
9 | use tracing::{info, warn, error};
  |                     ^^^^  ^^^^^

warning: unused import: `BranchInfo`
  --> src/desktop/git/repository_selector.rs:11:28
   |
11 | use super::{GitRepository, BranchInfo};
   |                            ^^^^^^^^^^

warning: unused import: `tokio::sync::RwLock`
 --> src/desktop/git/multi_repo_manager.rs:9:5
  |
9 | use tokio::sync::RwLock;
  |     ^^^^^^^^^^^^^^^^^^^

warning: unused import: `error`
  --> src/desktop/git/multi_repo_manager.rs:10:27
   |
10 | use tracing::{info, warn, error};
   |                           ^^^^^

warning: unused imports: `BranchInfo`, `GitRepository`, and `SyncStatus`
  --> src/desktop/git/multi_repo_manager.rs:13:13
   |
13 | use super::{GitRepository, GitState, BranchInfo, SyncStatus};
   |             ^^^^^^^^^^^^^            ^^^^^^^^^^  ^^^^^^^^^^

warning: unused import: `StatusBarItem`
 --> src/desktop/git/statusbar_integration_fixed.rs:8:59
  |
8 | use crate::desktop::status_bar_enhanced::{StatusBarState, StatusBarItem};
  |                                                           ^^^^^^^^^^^^^

warning: unused import: `std::sync::Arc`
  --> src/desktop/git/statusbar_integration_fixed.rs:10:5
   |
10 | use std::sync::Arc;
   |     ^^^^^^^^^^^^^^

warning: unused import: `tokio::sync::Mutex`
  --> src/desktop/git/statusbar_integration_fixed.rs:11:5
   |
11 | use tokio::sync::Mutex;
   |     ^^^^^^^^^^^^^^^^^^

warning: unused imports: `error` and `warn`
  --> src/desktop/workspace/mod.rs:10:21
   |
10 | use tracing::{info, warn, error};
   |                     ^^^^  ^^^^^

warning: unused import: `uuid::Uuid`
  --> src/hooks/approval_workflow.rs:12:5
   |
12 | use uuid::Uuid;
   |     ^^^^^^^^^^

warning: unused import: `anyhow`
 --> src/hooks/audit.rs:4:14
  |
4 | use anyhow::{anyhow, Result};
  |              ^^^^^^

warning: unused import: `ApprovalStatus`
  --> src/hooks/consensus_integration.rs:11:60
   |
11 |     approval_workflow::{ApprovalPriority, ApprovalRequest, ApprovalStatus, ApprovalWorkflow},
   |                                                            ^^^^^^^^^^^^^^

warning: unused import: `ConsensusConfig`
  --> src/hooks/consensus_integration.rs:15:31
   |
15 | use crate::consensus::types::{ConsensusConfig, Stage, StageAnalytics, StageResult};
   |                               ^^^^^^^^^^^^^^^

warning: unused imports: `ApprovalRequest` and `ApprovalStatus`
 --> src/hooks/cost_control.rs:7:25
  |
7 |     approval_workflow::{ApprovalRequest, ApprovalStatus, ApprovalWorkflow},
  |                         ^^^^^^^^^^^^^^^  ^^^^^^^^^^^^^^

warning: unused imports: `ApprovalStatus`, `EventSource`, `EventType`, and `HookEvent`
 --> src/hooks/quality_gates.rs:7:42
  |
7 |     approval_workflow::{ApprovalRequest, ApprovalStatus, ApprovalWorkflow},
  |                                          ^^^^^^^^^^^^^^
8 |     registry::HookId,
9 |     AuditEvent, AuditEventType, EventSource, EventType, HookAuditLogger, HookEvent,
  |                                 ^^^^^^^^^^^  ^^^^^^^^^                   ^^^^^^^^^

warning: unused import: `StageAnalytics`
  --> src/hooks/quality_gates.rs:11:38
   |
11 | use crate::consensus::types::{Stage, StageAnalytics, StageResult};
   |                                      ^^^^^^^^^^^^^^

warning: unused import: `SecurityPolicy`
 --> src/hooks/rbac.rs:3:21
  |
3 | use super::{HookId, SecurityPolicy};
  |                     ^^^^^^^^^^^^^^

warning: unused import: `std::time::Duration`
 --> src/hooks/security.rs:8:5
  |
8 | use std::time::Duration;
  |     ^^^^^^^^^^^^^^^^^^^

warning: unused imports: `debug` and `warn`
  --> src/ide/ai_helper_broker.rs:11:21
   |
11 | use tracing::{info, debug, warn};
   |                     ^^^^^  ^^^^

warning: unused import: `Context`
 --> src/install/cache.rs:3:14
  |
3 | use anyhow::{Context, Result};
  |              ^^^^^^^

warning: unused import: `Context`
 --> src/install/completions.rs:3:14
  |
3 | use anyhow::{Context, Result};
  |              ^^^^^^^

warning: unused import: `serde_json::json`
 --> src/install/npm.rs:5:5
  |
5 | use serde_json::json;
  |     ^^^^^^^^^^^^^^^^

warning: unused import: `Context`
 --> src/install/validation.rs:3:14
  |
3 | use anyhow::{Context, Result};
  |              ^^^^^^^

warning: unused import: `std::collections::HashMap`
 --> src/install/validation.rs:6:5
  |
6 | use std::collections::HashMap;
  |     ^^^^^^^^^^^^^^^^^^^^^^^^^

warning: unused import: `anyhow`
 --> src/integration/mcp/auth.rs:6:14
  |
6 | use anyhow::{anyhow, Result};
  |              ^^^^^^

warning: unused import: `std::collections::HashMap`
 --> src/integration/mcp/performance.rs:8:5
  |
8 | use std::collections::HashMap;
  |     ^^^^^^^^^^^^^^^^^^^^^^^^^

warning: unused import: `ToolResult`
 --> src/integration/mcp/server.rs:9:57
  |
9 |     ReadResourceResult, ServerCapabilities, ServerInfo, ToolResult, MCP_VERSION,
  |                                                         ^^^^^^^^^^

warning: unused import: `WebSocketHandler`
  --> src/integration/mcp/server.rs:12:42
   |
12 | use super::streaming::{StreamingHandler, WebSocketHandler};
   |                                          ^^^^^^^^^^^^^^^^

warning: unused import: `tower_http::cors::CorsLayer`
  --> src/integration/mcp/server.rs:29:5
   |
29 | use tower_http::cors::CorsLayer;
   |     ^^^^^^^^^^^^^^^^^^^^^^^^^^^

warning: unused import: `info`
  --> src/integration/mcp/streaming.rs:15:29
   |
15 | use tracing::{debug, error, info};
   |                             ^^^^

warning: unused import: `PathBuf`
  --> src/integration/mcp/subscriptions.rs:10:23
   |
10 | use std::path::{Path, PathBuf};
   |                       ^^^^^^^

warning: unused import: `PromptContext`
 --> src/integration/mcp/tools.rs:6:22
  |
6 | use super::prompts::{PromptContext, PromptManager};
  |                      ^^^^^^^^^^^^^

warning: unused import: `tracing::info`
  --> src/integration/mcp/tools_advanced.rs:13:5
   |
13 | use tracing::info;
   |     ^^^^^^^^^^^^^

warning: unused import: `TuiTheme`
 --> src/interactive_tui.rs:8:44
  |
8 | use crate::cli::tui_themes::{ThemeManager, TuiTheme};
  |                                            ^^^^^^^^

warning: unused imports: `Clear`, `Line`, `Margin`, and `Span`
  --> src/interactive_tui.rs:21:56
   |
21 |     layout::{Alignment, Constraint, Direction, Layout, Margin, Rect},
   |                                                        ^^^^^^
22 |     style::{Color, Modifier, Style},
23 |     text::{Line, Span, Text},
   |            ^^^^  ^^^^
24 |     widgets::{Block, Borders, Clear, Gauge, List, ListItem, Paragraph, Wrap},
   |                               ^^^^^

warning: unused import: `Context as _`
 --> src/memory/analytics.rs:9:14
  |
9 | use anyhow::{Context as _, Result};
  |              ^^^^^^^^^^^^

warning: unused import: `info`
  --> src/memory/analytics.rs:14:22
   |
14 | use tracing::{debug, info};
   |                      ^^^^

warning: unused import: `PatternLearner`
  --> src/memory/analytics.rs:18:48
   |
18 | use crate::memory::pattern_learning::{Pattern, PatternLearner};
   |                                                ^^^^^^^^^^^^^^

warning: unused import: `Context as _`
 --> src/memory/embeddings.rs:9:14
  |
9 | use anyhow::{Context as _, Result};
  |              ^^^^^^^^^^^^

warning: unused import: `Path`
  --> src/memory/embeddings.rs:12:17
   |
12 | use std::path::{Path, PathBuf};
   |                 ^^^^

warning: unused imports: `DType` and `Tensor`
  --> src/memory/embeddings.rs:20:19
   |
20 | use candle_core::{DType, Device, Tensor};
   |                   ^^^^^          ^^^^^^

warning: unused import: `candle_nn::VarBuilder`
  --> src/memory/embeddings.rs:22:5
   |
22 | use candle_nn::VarBuilder;
   |     ^^^^^^^^^^^^^^^^^^^^^

warning: unused import: `DTYPE`
  --> src/memory/embeddings.rs:24:74
   |
24 | use candle_transformers::models::bert::{BertModel, Config as BertConfig, DTYPE};
   |                                                                          ^^^^^

warning: unused imports: `RepoType`, `Repo`, and `api::tokio::Api`
  --> src/memory/embeddings.rs:26:14
   |
26 | use hf_hub::{api::tokio::Api, Repo, RepoType};
   |              ^^^^^^^^^^^^^^^  ^^^^  ^^^^^^^^

warning: unused import: `PaddingParams`
  --> src/memory/embeddings.rs:28:18
   |
28 | use tokenizers::{PaddingParams, Tokenizer};
   |                  ^^^^^^^^^^^^^

warning: unused import: `all_simple_paths`
  --> src/memory/knowledge_graph.rs:10:22
   |
10 | use petgraph::algo::{all_simple_paths, dijkstra};
   |                      ^^^^^^^^^^^^^^^^

warning: unused import: `debug`
  --> src/memory/knowledge_graph.rs:16:15
   |
16 | use tracing::{debug, info};
   |               ^^^^^

warning: unused import: `MemorySystem`
  --> src/memory/retrieval.rs:16:27
   |
16 | use crate::core::memory::{MemorySystem, SemanticSearchResult};
   |                           ^^^^^^^^^^^^

warning: unused import: `Context`
  --> src/memory/thematic_clustering.rs:12:14
   |
12 | use anyhow::{Context, Result};
   |              ^^^^^^^

warning: unused import: `Context`
  --> src/memory/topic_extraction.rs:11:14
   |
11 | use anyhow::{Context, Result};
   |              ^^^^^^^

warning: unused import: `Context as _`
  --> src/memory/mod.rs:21:14
   |
21 | use anyhow::{Context as _, Result};
   |              ^^^^^^^^^^^^

warning: unused import: `crate::core::database_working::DatabaseConfig`
 --> src/migration/config.rs:7:5
  |
7 | use crate::core::database_working::DatabaseConfig;
  |     ^^^^^^^^^^^^^^^^^^^^^^^^^^^^^^^^^^^^^^^^^^^^^

warning: unused import: `serde_json::Value as JsonValue`
  --> src/migration/config.rs:11:5
   |
11 | use serde_json::Value as JsonValue;
   |     ^^^^^^^^^^^^^^^^^^^^^^^^^^^^^^

warning: unused import: `ThematicCluster`
  --> src/migration/database.rs:74:48
   |
74 | use crate::migration::analyzer::{DatabaseInfo, ThematicCluster, TypeScriptAnalysis};
   |                                                ^^^^^^^^^^^^^^^

warning: unused import: `std::collections::HashMap`
  --> src/migration/database.rs:79:5
   |
79 | use std::collections::HashMap;
   |     ^^^^^^^^^^^^^^^^^^^^^^^^^

warning: unused imports: `DatabaseInfo`, `ThematicCluster`, and `TypeScriptAnalysis`
 --> src/migration/database_impl.rs:7:34
  |
7 | use crate::migration::analyzer::{DatabaseInfo, ThematicCluster, TypeScriptAnalysis};
  |                                  ^^^^^^^^^^^^  ^^^^^^^^^^^^^^^  ^^^^^^^^^^^^^^^^^^

warning: unused imports: `Row` and `Transaction`
 --> src/migration/database_impl.rs:9:60
  |
9 | use rusqlite::{params, Connection, Result as SqliteResult, Row, Transaction};
  |                                                            ^^^  ^^^^^^^^^^^

warning: unused import: `std::collections::HashMap`
  --> src/migration/database_impl.rs:11:5
   |
11 | use std::collections::HashMap;
   |     ^^^^^^^^^^^^^^^^^^^^^^^^^

warning: unused import: `PathBuf`
  --> src/migration/database_impl.rs:12:23
   |
12 | use std::path::{Path, PathBuf};
   |                       ^^^^^^^

warning: unused import: `uuid::Uuid`
  --> src/migration/database_impl.rs:16:5
   |
16 | use uuid::Uuid;
   |     ^^^^^^^^^^

warning: unused import: `std::collections::HashMap`
  --> src/migration/guide.rs:10:5
   |
10 | use std::collections::HashMap;
   |     ^^^^^^^^^^^^^^^^^^^^^^^^^

warning: unused import: `MigrationPhase`
  --> src/migration/live_test.rs:9:40
   |
9  |     MigrationConfig, MigrationManager, MigrationPhase, MigrationType, ValidationLevel,
   |                                        ^^^^^^^^^^^^^^
   |
help: if this is a test module, consider adding a `#[cfg(test)]` to the containing module
  --> src/migration/mod.rs:11:1
   |
11 | pub mod live_test;
   | ^^^^^^^^^^^^^^^^^^

warning: unused import: `Ordering`
  --> src/migration/live_test.rs:13:36
   |
13 | use std::sync::atomic::{AtomicU64, Ordering};
   |                                    ^^^^^^^^
   |
help: if this is a test module, consider adding a `#[cfg(test)]` to the containing module
  --> src/migration/mod.rs:11:1
   |
11 | pub mod live_test;
   | ^^^^^^^^^^^^^^^^^^

warning: unused import: `MigrationStats`
 --> src/migration/performance.rs:7:52
  |
7 | use crate::migration::database_impl::{BatchConfig, MigrationStats, ProductionDatabase};
  |                                                    ^^^^^^^^^^^^^^

warning: unused import: `std::collections::HashMap`
  --> src/migration/performance.rs:10:5
   |
10 | use std::collections::HashMap;
   |     ^^^^^^^^^^^^^^^^^^^^^^^^^

warning: unnecessary parentheses around assigned value
   --> src/migration/performance.rs:516:42
    |
516 |         let overall_optimization_score = (performance_improvement_factor * 0.4
    |                                          ^
...
519 |             + disk_io_efficiency_score * 0.2);
    |                                             ^
    |
help: remove these parentheses
    |
516 ~         let overall_optimization_score = performance_improvement_factor * 0.4
517 |             + memory_efficiency_score * 0.2
518 |             + cpu_utilization_score * 0.2
519 ~             + disk_io_efficiency_score * 0.2;
    |

warning: unused import: `MigrationPhase`
 --> src/migration/rollback.rs:7:41
  |
7 | use crate::migration::{MigrationConfig, MigrationPhase};
  |                                         ^^^^^^^^^^^^^^

warning: unused import: `MigrationStatus`
 --> src/migration/ui.rs:9:56
  |
9 |     MigrationConfig, MigrationManager, MigrationPhase, MigrationStatus, MigrationType,
  |                                                        ^^^^^^^^^^^^^^^

warning: unused imports: `ClearType`, `Clear`, `Event`, `KeyCode`, `KeyEvent`, `cursor`, `execute`, `queue`, `self`, `self`, and `style`
  --> src/migration/ui.rs:14:5
   |
14 |     cursor,
   |     ^^^^^^
15 |     event::{self, Event, KeyCode, KeyEvent},
   |             ^^^^  ^^^^^  ^^^^^^^  ^^^^^^^^
16 |     execute, queue, style,
   |     ^^^^^^^  ^^^^^  ^^^^^
17 |     terminal::{self, Clear, ClearType},
   |                ^^^^  ^^^^^  ^^^^^^^^^

warning: unused import: `AtomicU64`
  --> src/migration/ui.rs:23:37
   |
23 | use std::sync::atomic::{AtomicBool, AtomicU64, Ordering};
   |                                     ^^^^^^^^^

warning: unused imports: `MigrationStats` and `ProductionDatabase`
 --> src/migration/validation_suite.rs:7:39
  |
7 | use crate::migration::database_impl::{MigrationStats, ProductionDatabase};
  |                                       ^^^^^^^^^^^^^^  ^^^^^^^^^^^^^^^^^^

warning: unused import: `MigrationConfig`
 --> src/migration/validation_suite.rs:8:24
  |
8 | use crate::migration::{MigrationConfig, ValidationLevel};
  |                        ^^^^^^^^^^^^^^^

warning: unused import: `params`
 --> src/migration/validation_suite.rs:9:16
  |
9 | use rusqlite::{params, Connection};
  |                ^^^^^^

warning: unused import: `MigrationConfig`
  --> src/migration/validator.rs:10:24
   |
10 | use crate::migration::{MigrationConfig, ValidationLevel};
   |                        ^^^^^^^^^^^^^^^

warning: unused imports: `DateTime` and `Utc`
  --> src/migration/validator.rs:11:14
   |
11 | use chrono::{DateTime, Utc};
   |              ^^^^^^^^  ^^^

warning: unused import: `HiveError`
 --> src/modes/detector.rs:7:26
  |
7 | use crate::core::error::{HiveError, HiveResult};
  |                          ^^^^^^^^^

warning: unused import: `Task`
  --> src/modes/hybrid.rs:10:50
   |
10 | use crate::planning::{ModeType, PlanningContext, Task};
   |                                                  ^^^^

warning: unused import: `HiveError`
 --> src/modes/preferences.rs:6:26
  |
6 | use crate::core::error::{HiveError, HiveResult};
  |                          ^^^^^^^^^

warning: unused import: `HashSet`
   --> src/modes/switcher.rs:363:53
    |
363 |         use std::collections::{BinaryHeap, HashMap, HashSet};
    |                                                     ^^^^^^^

warning: unused import: `serde_json::json`
 --> src/planning/decomposer.rs:9:5
  |
9 | use serde_json::json;
  |     ^^^^^^^^^^^^^^^^

warning: unused import: `HiveError`
 --> src/planning/integration.rs:6:26
  |
6 | use crate::core::error::{HiveError, HiveResult};
  |                          ^^^^^^^^^

warning: unused import: `HiveError`
 --> src/planning/mode_detector.rs:5:26
  |
5 | use crate::core::error::{HiveError, HiveResult};
  |                          ^^^^^^^^^

warning: unused import: `HiveError`
 --> src/planning/risk_analyzer.rs:5:26
  |
5 | use crate::core::error::{HiveError, HiveResult};
  |                          ^^^^^^^^^

warning: unused import: `TimeZone`
 --> src/planning/timeline.rs:7:55
  |
7 | use chrono::{DateTime, Datelike, Duration, NaiveTime, TimeZone, Timelike, Utc, Weekday};
  |                                                       ^^^^^^^^

warning: unused import: `Response`
 --> src/providers/openrouter/client.rs:7:23
  |
7 | use reqwest::{Client, Response};
  |                       ^^^^^^^^

warning: unused import: `Context`
 --> src/providers/openrouter/cost.rs:5:14
  |
5 | use anyhow::{Context, Result};
  |              ^^^^^^^

warning: unused import: `Context`
 --> src/providers/openrouter/performance.rs:5:14
  |
5 | use anyhow::{Context, Result};
  |              ^^^^^^^

warning: unused import: `Response`
 --> src/providers/openrouter/streaming.rs:9:23
  |
9 | use reqwest::{Client, Response};
  |                       ^^^^^^^^

warning: unused import: `Serialize`
  --> src/providers/openrouter/streaming.rs:10:26
   |
10 | use serde::{Deserialize, Serialize};
   |                          ^^^^^^^^^

warning: unused import: `MessageRole`
  --> src/providers/openrouter/streaming.rs:17:44
   |
17 | use super::client::{ChatCompletionRequest, MessageRole, OpenRouterMessage, UsageInfo};
   |                                            ^^^^^^^^^^^

warning: unused import: `anyhow`
 --> src/security/audit.rs:9:14
  |
9 | use anyhow::{anyhow, Result};
  |              ^^^^^^

warning: unused import: `AuditEvent`
  --> src/security/compliance.rs:16:20
   |
16 | use super::audit::{AuditEvent, AuditEventType, EnterpriseAuditLogger};
   |                    ^^^^^^^^^^

warning: unused import: `HashSet`
  --> src/security/permissions.rs:12:33
   |
12 | use std::collections::{HashMap, HashSet};
   |                                 ^^^^^^^

warning: unused import: `Style`
 --> src/security/trust_dialog.rs:7:22
  |
7 | use console::{style, Style};
  |                      ^^^^^

warning: unused import: `tokio::sync::RwLock`
  --> src/security/mod.rs:23:5
   |
23 | use tokio::sync::RwLock;
   |     ^^^^^^^^^^^^^^^^^^^

warning: unused import: `std::os::unix::fs::MetadataExt`
   --> src/shell/mod.rs:323:17
    |
323 |             use std::os::unix::fs::MetadataExt;
    |                 ^^^^^^^^^^^^^^^^^^^^^^^^^^^^^^

warning: unexpected `cfg` condition value: `memory-stats`
   --> src/startup/fast_boot.rs:184:15
    |
184 |         #[cfg(feature = "memory-stats")]
    |               ^^^^^^^^^^^^^^^^^^^^^^^^
    |
    = note: expected values for `feature` are: `default`, `embeddings`, and `full`
    = help: consider adding `memory-stats` as a feature in `Cargo.toml`
    = note: see <https://doc.rust-lang.org/nightly/rustc/check-cfg/cargo-specifics.html> for more information about checking conditional configuration
    = note: `#[warn(unexpected_cfgs)]` on by default

warning: unused import: `Context`
  --> src/subscription/mod.rs:10:14
   |
10 | use anyhow::{Context, Result};
   |              ^^^^^^^

warning: unused import: `Duration`
  --> src/subscription/mod.rs:11:24
   |
11 | use chrono::{DateTime, Duration, Utc};
   |                        ^^^^^^^^

warning: unused import: `std::collections::HashSet`
  --> src/subscription/mod.rs:13:5
   |
13 | use std::collections::HashSet;
   |     ^^^^^^^^^^^^^^^^^^^^^^^^^

warning: unused import: `std::collections::HashMap`
  --> src/subscription/conversation_gateway.rs:14:5
   |
14 | use std::collections::HashMap;
   |     ^^^^^^^^^^^^^^^^^^^^^^^^^

warning: unused imports: `SubscriptionInfo` and `SubscriptionTier`
  --> src/subscription/conversation_gateway.rs:16:39
   |
16 | use super::{ConversationVerification, SubscriptionInfo, SubscriptionTier};
   |                                       ^^^^^^^^^^^^^^^^  ^^^^^^^^^^^^^^^^

warning: unused import: `Duration`
 --> src/subscription/reminder.rs:5:24
  |
5 | use chrono::{DateTime, Duration, Utc};
  |                        ^^^^^^^^

warning: unused import: `Context`
 --> src/subscription/usage_tracker.rs:4:14
  |
4 | use anyhow::{Context, Result};
  |              ^^^^^^^

warning: unused import: `DateTime`
 --> src/subscription/usage_tracker.rs:5:14
  |
5 | use chrono::{DateTime, Datelike, Utc};
  |              ^^^^^^^^

warning: unused import: `CreditPack`
 --> src/subscription/usage_tracker.rs:9:13
  |
9 | use super::{CreditPack, SubscriptionInfo, SubscriptionTier, UsageStatistics};
  |             ^^^^^^^^^^

warning: unused import: `Datelike`
   --> src/subscription/mod.rs:297:22
    |
297 |         use chrono::{Datelike, Timelike, Utc};
    |                      ^^^^^^^^

warning: unused import: `anyhow`
 --> src/transformation/validation.rs:6:14
  |
6 | use anyhow::{anyhow, Result};
  |              ^^^^^^

warning: variant `WCAG_A` should have an upper camel case name
  --> src/tui/accessibility/mod.rs:60:5
   |
60 |     WCAG_A,
   |     ^^^^^^ help: convert the identifier to upper camel case: `WcagA`
   |
   = note: `#[warn(non_camel_case_types)]` on by default

warning: variant `WCAG_AA` should have an upper camel case name
  --> src/tui/accessibility/mod.rs:62:5
   |
62 |     WCAG_AA,
   |     ^^^^^^^ help: convert the identifier to upper camel case: `WcagAa`

warning: variant `WCAG_AAA` should have an upper camel case name
  --> src/tui/accessibility/mod.rs:64:5
   |
64 |     WCAG_AAA,
   |     ^^^^^^^^ help: convert the identifier to upper camel case: `WcagAaa`

warning: unused import: `Clear`
  --> src/tui/advanced/consensus.rs:17:31
   |
17 |     widgets::{Block, Borders, Clear, Gauge, List, ListItem, ListState, Paragraph, Tabs, Wrap},
   |                               ^^^^^

warning: unused import: `tokio::sync::mpsc`
  --> src/tui/advanced/consensus.rs:24:5
   |
24 | use tokio::sync::mpsc;
   |     ^^^^^^^^^^^^^^^^^

warning: unused import: `Color`
 --> src/tui/advanced/dialogs.rs:9:13
  |
9 |     style::{Color, Modifier, Style},
  |             ^^^^^

warning: unused import: `Color`
  --> src/tui/advanced/editor.rs:16:13
   |
16 |     style::{Color, Modifier, Style},
   |             ^^^^^

warning: unused import: `collections::HashMap`
  --> src/tui/advanced/editor.rs:22:5
   |
22 |     collections::HashMap,
   |     ^^^^^^^^^^^^^^^^^^^^

warning: unused import: `anyhow::Result`
 --> src/tui/advanced/menu_bar.rs:5:5
  |
5 | use anyhow::Result;
  |     ^^^^^^^^^^^^^^

warning: unused imports: `Color` and `Span`
  --> src/tui/advanced/menu_bar.rs:9:13
   |
9  |     style::{Color, Modifier, Style},
   |             ^^^^^
10 |     text::{Line, Span},
   |                  ^^^^

warning: unused import: `crate::tui::themes::Theme`
 --> src/tui/advanced/panels.rs:5:5
  |
5 | use crate::tui::themes::Theme;
  |     ^^^^^^^^^^^^^^^^^^^^^^^^^

warning: unused import: `anyhow::Result`
 --> src/tui/advanced/panels.rs:6:5
  |
6 | use anyhow::Result;
  |     ^^^^^^^^^^^^^^

warning: unused import: `ratatui::layout::Rect`
 --> src/tui/advanced/panels.rs:7:5
  |
7 | use ratatui::layout::Rect;
  |     ^^^^^^^^^^^^^^^^^^^^^

warning: unused import: `Command`
  --> src/tui/advanced/terminal.rs:22:15
   |
22 |     process::{Command, Stdio},
   |               ^^^^^^^

warning: unused imports: `Block` and `Borders`
   --> src/tui/advanced/mod.rs:418:32
    |
418 |         use ratatui::widgets::{Block, Borders, Paragraph};
    |                                ^^^^^  ^^^^^^^

warning: unused import: `Gauge`
 --> src/tui/consensus_view.rs:6:31
  |
6 |     widgets::{Block, Borders, Gauge, Paragraph},
  |                               ^^^^^

warning: unused imports: `Constraint`, `Direction`, `Layout`, `Line`, and `Span`
 --> src/tui/input.rs:5:14
  |
5 |     layout::{Constraint, Direction, Layout, Rect},
  |              ^^^^^^^^^^  ^^^^^^^^^  ^^^^^^
6 |     style::{Color, Modifier, Style},
7 |     text::{Line, Span},
  |            ^^^^  ^^^^

warning: unused import: `Modifier`
 --> src/tui/status_line.rs:5:20
  |
5 |     style::{Color, Modifier, Style},
  |                    ^^^^^^^^

warning: unused import: `LiveMetrics`
 --> src/tui/streaming_callbacks.rs:9:34
  |
9 |     ChatMessage, ConsensusPanel, LiveMetrics, MessageType, ModelUtilization, PipelineStage,
  |                                  ^^^^^^^^^^^

warning: unused imports: `Clear`, `Line`, `Margin`, `Span`, and `StatefulWidget`
 --> src/tui/ui.rs:5:56
  |
5 |     layout::{Alignment, Constraint, Direction, Layout, Margin, Rect},
  |                                                        ^^^^^^
6 |     style::{Color, Modifier, Style},
7 |     text::{Line, Span, Text},
  |            ^^^^  ^^^^
8 |     widgets::{Block, Borders, Clear, List, ListItem, Paragraph, StatefulWidget, Wrap},
  |                               ^^^^^                             ^^^^^^^^^^^^^^

warning: unused import: `crate::tui::consensus_types::SimpleConsensusProgress`
  --> src/tui/ui.rs:15:5
   |
15 | use crate::tui::consensus_types::SimpleConsensusProgress;
   |     ^^^^^^^^^^^^^^^^^^^^^^^^^^^^^^^^^^^^^^^^^^^^^^^^^^^^

warning: unused imports: `Color`, `Constraint`, `Direction`, `Layout`, `ListItem`, `List`, `Margin`, and `Style`
 --> src/tui/widgets/help_popup.rs:5:25
  |
5 |     layout::{Alignment, Constraint, Direction, Layout, Margin, Rect},
  |                         ^^^^^^^^^^  ^^^^^^^^^  ^^^^^^  ^^^^^^
6 |     style::{Color, Modifier, Style},
  |             ^^^^^            ^^^^^
7 |     text::{Line, Span, Text},
8 |     widgets::{Block, Borders, Clear, List, ListItem, Paragraph, Widget, Wrap},
  |                                      ^^^^  ^^^^^^^^

warning: unused imports: `Line` and `Span`
 --> src/tui/widgets/input_field.rs:7:12
  |
7 |     text::{Line, Span},
  |            ^^^^  ^^^^

warning: unused import: `symbols`
 --> src/tui/widgets/progress_bar.rs:7:5
  |
7 |     symbols,
  |     ^^^^^^^

warning: unused import: `widgets::Widget`
  --> src/tui/widgets/mod.rs:15:5
   |
15 |     widgets::Widget,
   |     ^^^^^^^^^^^^^^^

warning: unused import: `tokio::time::sleep`
 --> src/updates/mod.rs:9:5
  |
9 | use tokio::time::sleep;
  |     ^^^^^^^^^^^^^^^^^^

warning: crate-level attribute should be in the root module
 --> src/analysis/dependency.rs:8:1
  |
8 | #![recursion_limit = "256"]
  | ^^^^^^^^^^^^^^^^^^^^^^^^^^^
  |
  = note: `#[warn(unused_attributes)]` on by default

warning: use of deprecated function `base64::encode`: Use Engine::encode
   --> src/analytics/api.rs:623:13
    |
623 |     base64::encode(&bytes)
    |             ^^^^^^
    |
    = note: `#[warn(deprecated)]` on by default

warning: unused variable: `database`
   --> src/ai_helpers/mod.rs:245:22
    |
245 |     pub async fn new(database: Arc<crate::core::database::DatabaseManager>) -> Result<Self> {
    |                      ^^^^^^^^ help: if this is intentional, prefix it with an underscore: `_database`
    |
    = note: `#[warn(unused_variables)]` on by default

warning: unused variable: `content`
   --> src/ai_helpers/knowledge_indexer.rs:320:18
    |
320 |         for (id, content, embedding, metadata) in search_results {
    |                  ^^^^^^^ help: if this is intentional, prefix it with an underscore: `_content`

warning: unused variable: `indexed`
   --> src/ai_helpers/pattern_recognizer.rs:454:9
    |
454 |         indexed: &IndexedKnowledge,
    |         ^^^^^^^ help: if this is intentional, prefix it with an underscore: `_indexed`

warning: unused variable: `task`
   --> src/ai_helpers/pattern_recognizer.rs:543:59
    |
543 |     pub async fn analyze_code_patterns(&self, text: &str, task: &str) -> Result<Vec<Pattern>> {
    |                                                           ^^^^ help: if this is intentional, prefix it with an underscore: `_task`

warning: unused variable: `context`
   --> src/ai_helpers/pattern_recognizer.rs:810:83
    |
810 | ...erations: &[FileOperation], context: &OperationContext) -> Result<Option<DangerousPattern>> {
    |                                ^^^^^^^ help: if this is intentional, prefix it with an underscore: `_context`

warning: unused variable: `context`
    --> src/ai_helpers/pattern_recognizer.rs:1228:55
     |
1228 |     pub async fn get_repository_safety_metrics(&self, context: &OperationContext) -> Result<RepositorySafetyMetrics> {
     |                                                       ^^^^^^^ help: if this is intentional, prefix it with an underscore: `_context`

warning: unused variable: `indexed`
   --> src/ai_helpers/quality_analyzer.rs:379:9
    |
379 |         indexed: &IndexedKnowledge,
    |         ^^^^^^^ help: if this is intentional, prefix it with an underscore: `_indexed`

warning: unused variable: `indexed`
   --> src/ai_helpers/quality_analyzer.rs:406:9
    |
406 |         indexed: &IndexedKnowledge,
    |         ^^^^^^^ help: if this is intentional, prefix it with an underscore: `_indexed`

warning: unused variable: `context`
   --> src/ai_helpers/quality_analyzer.rs:740:9
    |
740 |         context: &OperationContext,
    |         ^^^^^^^ help: if this is intentional, prefix it with an underscore: `_context`

warning: unused variable: `from`
   --> src/ai_helpers/quality_analyzer.rs:784:37
    |
784 |             FileOperation::Rename { from, to } => {
    |                                     ^^^^ help: try ignoring the field: `from: _`

warning: unused variable: `to`
   --> src/ai_helpers/quality_analyzer.rs:784:43
    |
784 |             FileOperation::Rename { from, to } => {
    |                                           ^^ help: try ignoring the field: `to: _`

warning: unused variable: `context`
   --> src/ai_helpers/quality_analyzer.rs:813:9
    |
813 |         context: &OperationContext,
    |         ^^^^^^^ help: if this is intentional, prefix it with an underscore: `_context`

warning: variable does not need to be mutable
   --> src/ai_helpers/quality_analyzer.rs:818:13
    |
818 |         let mut tracker = self.file_state_tracker.write().await;
    |             ----^^^^^^^
    |             |
    |             help: remove this `mut`
    |
    = note: `#[warn(unused_mut)]` on by default

warning: unused variable: `indexed`
   --> src/ai_helpers/knowledge_synthesizer.rs:323:9
    |
323 |         indexed: &IndexedKnowledge,
    |         ^^^^^^^ help: if this is intentional, prefix it with an underscore: `_indexed`

warning: unused variable: `indexed`
   --> src/ai_helpers/knowledge_synthesizer.rs:381:9
    |
381 |         indexed: &IndexedKnowledge,
    |         ^^^^^^^ help: if this is intentional, prefix it with an underscore: `_indexed`

warning: unused variable: `indexed`
   --> src/ai_helpers/knowledge_synthesizer.rs:434:9
    |
434 |         indexed: &IndexedKnowledge,
    |         ^^^^^^^ help: if this is intentional, prefix it with an underscore: `_indexed`

warning: unused variable: `context`
   --> src/ai_helpers/knowledge_synthesizer.rs:636:9
    |
636 |         context: &OperationContext,
    |         ^^^^^^^ help: if this is intentional, prefix it with an underscore: `_context`

warning: variable does not need to be mutable
   --> src/ai_helpers/knowledge_synthesizer.rs:641:13
    |
641 |         let mut operation_groups = self.group_related_operations(operations).await?;
    |             ----^^^^^^^^^^^^^^^^
    |             |
    |             help: remove this `mut`

warning: unused variable: `context`
   --> src/ai_helpers/knowledge_synthesizer.rs:663:9
    |
663 |         context: &OperationContext,
    |         ^^^^^^^ help: if this is intentional, prefix it with an underscore: `_context`

warning: unused variable: `operations`
   --> src/ai_helpers/knowledge_synthesizer.rs:921:9
    |
921 |         operations: &[FileOperation],
    |         ^^^^^^^^^^ help: if this is intentional, prefix it with an underscore: `_operations`

warning: unused variable: `operation_context`
   --> src/ai_helpers/knowledge_synthesizer.rs:922:9
    |
922 |         operation_context: &OperationContext,
    |         ^^^^^^^^^^^^^^^^^ help: if this is intentional, prefix it with an underscore: `_operation_context`

warning: unused variable: `index`
    --> src/ai_helpers/knowledge_synthesizer.rs:1296:9
     |
1296 |         index: usize,
     |         ^^^^^ help: if this is intentional, prefix it with an underscore: `_index`

warning: unused variable: `request`
  --> src/ai_helpers/chroma_store.rs:82:13
   |
82 |         let request = ModelRequest::Analyze {
   |             ^^^^^^^ help: if this is intentional, prefix it with an underscore: `_request`

warning: unused variable: `request`
   --> src/ai_helpers/chroma_store.rs:115:13
    |
115 |         let request = ModelRequest::Analyze {
    |             ^^^^^^^ help: if this is intentional, prefix it with an underscore: `_request`

warning: unused variable: `request`
   --> src/ai_helpers/chroma_store.rs:155:13
    |
155 |         let request = ModelRequest::Analyze {
    |             ^^^^^^^ help: if this is intentional, prefix it with an underscore: `_request`

warning: unused variable: `request`
   --> src/ai_helpers/chroma_store.rs:178:13
    |
178 |         let request = ModelRequest::Analyze {
    |             ^^^^^^^ help: if this is intentional, prefix it with an underscore: `_request`

warning: unused variable: `question`
   --> src/ai_helpers/intelligent_context_orchestrator.rs:231:9
    |
231 |         question: &str,
    |         ^^^^^^^^ help: if this is intentional, prefix it with an underscore: `_question`

warning: unused variable: `has_open_repository`
   --> src/ai_helpers/intelligent_context_orchestrator.rs:232:9
    |
232 |         has_open_repository: bool,
    |         ^^^^^^^^^^^^^^^^^^^ help: if this is intentional, prefix it with an underscore: `_has_open_repository`

warning: unused variable: `pattern_analysis`
   --> src/ai_helpers/intelligent_context_orchestrator.rs:435:13
    |
435 |         let pattern_analysis = self.analyze_question_patterns(question).await?;
    |             ^^^^^^^^^^^^^^^^ help: if this is intentional, prefix it with an underscore: `_pattern_analysis`

warning: unused variable: `request`
   --> src/ai_helpers/file_executor.rs:355:39
    |
355 |     pub async fn parse_request(&self, request: &str) -> Result<ExecutionPlan> {
    |                                       ^^^^^^^ help: if this is intentional, prefix it with an underscore: `_request`

warning: unused variable: `start`
   --> src/ai_helpers/code_translator.rs:186:13
    |
186 |         let start = std::time::Instant::now();
    |             ^^^^^ help: if this is intentional, prefix it with an underscore: `_start`

warning: unused variable: `plan`
   --> src/ai_helpers/code_translator.rs:358:9
    |
358 |         plan: &TranslationPlan,
    |         ^^^^ help: if this is intentional, prefix it with an underscore: `_plan`

warning: unused variable: `source`
   --> src/ai_helpers/code_translator.rs:495:45
    |
495 |     async fn track_translation_start(&self, source: &str, target: &str) {
    |                                             ^^^^^^ help: if this is intentional, prefix it with an underscore: `_source`

warning: unused variable: `target`
   --> src/ai_helpers/code_translator.rs:495:59
    |
495 |     async fn track_translation_start(&self, source: &str, target: &str) {
    |                                                           ^^^^^^ help: if this is intentional, prefix it with an underscore: `_target`

warning: unused variable: `original`
   --> src/ai_helpers/code_translator.rs:589:44
    |
589 |     async fn learn_from_translation(&self, original: &str, result: &TranslationResult, plan: &TranslationPlan) -> Result<()> {
    |                                            ^^^^^^^^ help: if this is intentional, prefix it with an underscore: `_original`

warning: unused variable: `start`
   --> src/ai_helpers/semantic_retriever.rs:167:13
    |
167 |         let start = std::time::Instant::now();
    |             ^^^^^ help: if this is intentional, prefix it with an underscore: `_start`

warning: unused variable: `complexity`
   --> src/ai_helpers/intelligent_executor.rs:159:13
    |
159 |         let complexity = self.assess_complexity(curator_plan).await?;
    |             ^^^^^^^^^^ help: if this is intentional, prefix it with an underscore: `_complexity`

warning: unused variable: `current_approach`
   --> src/ai_helpers/intelligent_executor.rs:275:9
    |
275 |         current_approach: &str,
    |         ^^^^^^^^^^^^^^^^ help: if this is intentional, prefix it with an underscore: `_current_approach`

warning: unused variable: `quality_metrics`
   --> src/ai_helpers/intelligent_executor.rs:360:13
    |
360 |         let quality_metrics = self.quality_analyzer
    |             ^^^^^^^^^^^^^^^ help: if this is intentional, prefix it with an underscore: `_quality_metrics`

warning: unused variable: `context`
   --> src/ai_helpers/intelligent_executor.rs:384:73
    |
384 |     async fn identify_execution_challenges(&self, curator_output: &str, context: &str) -> Result<Vec<Challenge>> {
    |                                                                         ^^^^^^^ help: if this is intentional, prefix it with an underscore: `_context`

warning: unused variable: `intents`
   --> src/ai_helpers/intelligent_executor.rs:400:43
    |
400 |     async fn suggest_optimizations(&self, intents: &[Intent], context: &str) -> Result<Vec<Optimization>> {
    |                                           ^^^^^^^ help: if this is intentional, prefix it with an underscore: `_intents`

warning: unused variable: `plan`
   --> src/ai_helpers/intelligent_executor.rs:437:70
    |
437 |     async fn check_known_pitfalls<T: Serialize>(&self, domain: &str, plan: &T) -> Result<Vec<Pitfall>> {
    |                                                                      ^^^^ help: if this is intentional, prefix it with an underscore: `_plan`

warning: unused variable: `domain`
   --> src/ai_helpers/intelligent_executor.rs:445:61
    |
445 |     async fn apply_optimizations<T: Clone>(&self, plan: &T, domain: &str) -> Result<T> {
    |                                                             ^^^^^^ help: if this is intentional, prefix it with an underscore: `_domain`

warning: unused variable: `plan`
   --> src/ai_helpers/intelligent_executor.rs:451:64
    |
451 |     async fn record_success<T: Serialize>(&self, domain: &str, plan: &T, output: &T, duration: std::time::Duration) -> Result<()> {
    |                                                                ^^^^ help: if this is intentional, prefix it with an underscore: `_plan`

warning: unused variable: `output`
   --> src/ai_helpers/intelligent_executor.rs:451:74
    |
451 |     async fn record_success<T: Serialize>(&self, domain: &str, plan: &T, output: &T, duration: std::time::Duration) -> Result<()> {
    |                                                                          ^^^^^^ help: if this is intentional, prefix it with an underscore: `_output`

warning: unused variable: `duration`
   --> src/ai_helpers/intelligent_executor.rs:451:86
    |
451 |     async fn record_success<T: Serialize>(&self, domain: &str, plan: &T, output: &T, duration: std::time::Duration) -> Result<()> {
    |                                                                                      ^^^^^^^^ help: if this is intentional, prefix it with an underscore: `_duration`

warning: unused variable: `domain`
   --> src/ai_helpers/intelligent_executor.rs:471:50
    |
471 |     async fn record_failure<T: Serialize>(&self, domain: &str, plan: &T, error: &anyhow::Error, duration: std::time::Duration) -> Result<...
    |                                                  ^^^^^^ help: if this is intentional, prefix it with an underscore: `_domain`

warning: unused variable: `plan`
   --> src/ai_helpers/intelligent_executor.rs:471:64
    |
471 | ...erialize>(&self, domain: &str, plan: &T, error: &anyhow::Error, duration: std::time::Duration) -> Result<()> {
    |                                   ^^^^ help: if this is intentional, prefix it with an underscore: `_plan`

warning: unused variable: `duration`
   --> src/ai_helpers/intelligent_executor.rs:471:97
    |
471 | ...&T, error: &anyhow::Error, duration: std::time::Duration) -> Result<()> {
    |                               ^^^^^^^^ help: if this is intentional, prefix it with an underscore: `_duration`

warning: unused variable: `domain`
   --> src/ai_helpers/intelligent_executor.rs:476:47
    |
476 |     async fn find_alternative_approach(&self, domain: &str, error: &anyhow::Error) -> Result<Option<String>> {
    |                                               ^^^^^^ help: if this is intentional, prefix it with an underscore: `_domain`

warning: unused variable: `error`
   --> src/ai_helpers/intelligent_executor.rs:476:61
    |
476 |     async fn find_alternative_approach(&self, domain: &str, error: &anyhow::Error) -> Result<Option<String>> {
    |                                                             ^^^^^ help: if this is intentional, prefix it with an underscore: `_error`

warning: unused variable: `intelligent`
   --> src/ai_helpers/rollback_executor.rs:217:25
    |
217 |         if let Some(ref intelligent) = self.intelligent_executor {
    |                         ^^^^^^^^^^^ help: if this is intentional, prefix it with an underscore: `_intelligent`

warning: unused variable: `intent`
   --> src/ai_helpers/autonomous_ai_helper.rs:671:9
    |
671 |         intent: &IntentAnalysis,
    |         ^^^^^^ help: if this is intentional, prefix it with an underscore: `_intent`

warning: unused variable: `gathered_context`
   --> src/ai_helpers/autonomous_ai_helper.rs:672:9
    |
672 |         gathered_context: &Option<String>,
    |         ^^^^^^^^^^^^^^^^ help: if this is intentional, prefix it with an underscore: `_gathered_context`

warning: unused variable: `query`
   --> src/ai_helpers/autonomous_ai_helper.rs:990:49
    |
990 |     pub async fn search_codebase_with_ai(&self, query: &str, semantic: bool) -> Result<Option<String>> {
    |                                                 ^^^^^ help: if this is intentional, prefix it with an underscore: `_query`

warning: unused variable: `semantic`
   --> src/ai_helpers/autonomous_ai_helper.rs:990:62
    |
990 |     pub async fn search_codebase_with_ai(&self, query: &str, semantic: bool) -> Result<Option<String>> {
    |                                                              ^^^^^^^^ help: if this is intentional, prefix it with an underscore: `_semantic`

warning: unused variable: `query`
   --> src/ai_helpers/autonomous_ai_helper.rs:997:45
    |
997 |     pub async fn get_relevant_memory(&self, query: &str) -> Result<Option<String>> {
    |                                             ^^^^^ help: if this is intentional, prefix it with an underscore: `_query`

warning: unused variable: `context_limit`
   --> src/ai_helpers/continuous_learner.rs:334:9
    |
334 |         context_limit: usize,
    |         ^^^^^^^^^^^^^ help: if this is intentional, prefix it with an underscore: `_context_limit`

warning: unused variable: `correction`
   --> src/ai_helpers/continuous_learner.rs:388:42
    |
388 |                 FeedbackType::Correction(correction) => {
    |                                          ^^^^^^^^^^ help: if this is intentional, prefix it with an underscore: `_correction`

warning: unused variable: `suggestion`
   --> src/ai_helpers/continuous_learner.rs:393:42
    |
393 |                 FeedbackType::Suggestion(suggestion) => {
    |                                          ^^^^^^^^^^ help: if this is intentional, prefix it with an underscore: `_suggestion`

warning: unused variable: `question`
   --> src/ai_helpers/continuous_learner.rs:448:52
    |
448 |             LearningEvent::StageCompleted { stage, question, model, duration_ms, .. } => {
    |                                                    ^^^^^^^^-
    |                                                    |
    |                                                    help: try removing the field

warning: unused variable: `model`
   --> src/ai_helpers/continuous_learner.rs:448:62
    |
448 |             LearningEvent::StageCompleted { stage, question, model, duration_ms, .. } => {
    |                                                              ^^^^^-
    |                                                              |
    |                                                              help: try removing the field

warning: unused variable: `context`
   --> src/ai_helpers/continuous_learner.rs:474:73
    |
474 |             LearningEvent::OperationExecuted { operation_type, success, context, .. } => {
    |                                                                         ^^^^^^^-
    |                                                                         |
    |                                                                         help: try removing the field

warning: unused variable: `id`
   --> src/ai_helpers/continuous_learner.rs:562:14
    |
562 |         for (id, content, embedding, metadata) in results {
    |              ^^ help: if this is intentional, prefix it with an underscore: `_id`

warning: unused variable: `past_q`
   --> src/ai_helpers/continuous_learner.rs:564:66
    |
564 |                 if let LearningEvent::StageCompleted { question: past_q, answer, .. } = event {
    |                                                                  ^^^^^^ help: if this is intentional, prefix it with an underscore: `_past_q`

warning: unused variable: `stage`
   --> src/ai_helpers/continuous_learner.rs:635:47
    |
635 |     async fn get_model_recommendations(&self, stage: Stage) -> Result<HashMap<String, ModelRecommendation>> {
    |                                               ^^^^^ help: if this is intentional, prefix it with an underscore: `_stage`

warning: variable does not need to be mutable
   --> src/ai_helpers/continuous_learner.rs:636:13
    |
636 |         let mut recommendations = HashMap::new();
    |             ----^^^^^^^^^^^^^^^
    |             |
    |             help: remove this `mut`

warning: unused variable: `conversation_id`
   --> src/ai_helpers/continuous_learner.rs:718:52
    |
718 |     async fn find_knowledge_by_conversation(&self, conversation_id: &str) -> Result<Vec<LearnedKnowledge>> {
    |                                                    ^^^^^^^^^^^^^^^ help: if this is intentional, prefix it with an underscore: `_conversation_id`

warning: variable does not need to be mutable
   --> src/analysis/fast_parse.rs:518:13
    |
518 |         let mut symbols = Vec::new();
    |             ----^^^^^^^
    |             |
    |             help: remove this `mut`

warning: variable does not need to be mutable
   --> src/analysis/fast_parse.rs:520:13
    |
520 |         let mut classes = Vec::new();
    |             ----^^^^^^^
    |             |
    |             help: remove this `mut`

warning: variable does not need to be mutable
   --> src/analysis/fast_parse.rs:269:13
    |
269 |         let mut parser = parsers.get_parser(&language)?;
    |             ----^^^^^^
    |             |
    |             help: remove this `mut`

warning: variable does not need to be mutable
   --> src/analysis/repository_intelligence.rs:488:13
    |
488 |         let mut analyzer = Self {
    |             ----^^^^^^^^
    |             |
    |             help: remove this `mut`

warning: unused variable: `shutdown_receiver`
   --> src/analytics/alerts.rs:207:31
    |
207 |         let (shutdown_sender, shutdown_receiver) = mpsc::channel(1);
    |                               ^^^^^^^^^^^^^^^^^ help: if this is intentional, prefix it with an underscore: `_shutdown_receiver`

warning: unused variable: `token`
   --> src/analytics/api.rs:609:21
    |
609 |                 let token = auth.trim_start_matches("Bearer ");
    |                     ^^^^^ help: if this is intentional, prefix it with an underscore: `_token`

warning: unused variable: `auth`
   --> src/analytics/api.rs:629:5
    |
629 |     auth: AuthContext,
    |     ^^^^ help: if this is intentional, prefix it with an underscore: `_auth`

warning: unused variable: `db`
   --> src/analytics/trend_analysis.rs:417:13
    |
417 |         let db = get_database().await?;
    |             ^^ help: if this is intentional, prefix it with an underscore: `_db`

warning: unused variable: `period_start`
   --> src/analytics/executive.rs:414:13
    |
414 |         let period_start = now - period.to_duration();
    |             ^^^^^^^^^^^^ help: if this is intentional, prefix it with an underscore: `_period_start`

warning: unused variable: `auth`
   --> src/analytics/api.rs:653:5
    |
653 |     auth: AuthContext,
    |     ^^^^ help: if this is intentional, prefix it with an underscore: `_auth`

warning: unused variable: `query`
   --> src/analytics/api.rs:654:5
    |
654 |     query: TrendsQuery,
    |     ^^^^^ help: if this is intentional, prefix it with an underscore: `_query`

warning: unused variable: `engine`
   --> src/analytics/api.rs:655:5
    |
655 |     engine: Arc<crate::analytics::AdvancedAnalyticsEngine>,
    |     ^^^^^^ help: if this is intentional, prefix it with an underscore: `_engine`

warning: unused variable: `auth`
   --> src/analytics/api.rs:672:5
    |
672 |     auth: AuthContext,
    |     ^^^^ help: if this is intentional, prefix it with an underscore: `_auth`

warning: unused variable: `query`
   --> src/analytics/api.rs:673:5
    |
673 |     query: ForecastQuery,
    |     ^^^^^ help: if this is intentional, prefix it with an underscore: `_query`

warning: unused variable: `engine`
   --> src/analytics/api.rs:674:5
    |
674 |     engine: Arc<crate::analytics::AdvancedAnalyticsEngine>,
    |     ^^^^^^ help: if this is intentional, prefix it with an underscore: `_engine`

warning: unused variable: `auth`
   --> src/analytics/api.rs:691:5
    |
691 |     auth: AuthContext,
    |     ^^^^ help: if this is intentional, prefix it with an underscore: `_auth`

warning: unused variable: `request`
   --> src/analytics/api.rs:692:5
    |
692 |     request: QueryRequest,
    |     ^^^^^^^ help: if this is intentional, prefix it with an underscore: `_request`

warning: unused variable: `engine`
   --> src/analytics/api.rs:693:5
    |
693 |     engine: Arc<crate::analytics::AdvancedAnalyticsEngine>,
    |     ^^^^^^ help: if this is intentional, prefix it with an underscore: `_engine`

warning: unused variable: `auth`
   --> src/analytics/api.rs:709:26
    |
709 | async fn list_dashboards(auth: AuthContext) -> Result<impl Reply, Rejection> {
    |                          ^^^^ help: if this is intentional, prefix it with an underscore: `_auth`

warning: unused variable: `auth`
   --> src/analytics/api.rs:724:36
    |
724 | async fn get_dashboard(id: String, auth: AuthContext) -> Result<impl Reply, Rejection> {
    |                                    ^^^^ help: if this is intentional, prefix it with an underscore: `_auth`

warning: unused variable: `auth`
   --> src/analytics/api.rs:740:5
    |
740 |     auth: AuthContext,
    |     ^^^^ help: if this is intentional, prefix it with an underscore: `_auth`

warning: unused variable: `request`
   --> src/analytics/api.rs:741:5
    |
741 |     request: DashboardRequest,
    |     ^^^^^^^ help: if this is intentional, prefix it with an underscore: `_request`

warning: unused variable: `auth`
   --> src/analytics/api.rs:759:5
    |
759 |     auth: AuthContext,
    |     ^^^^ help: if this is intentional, prefix it with an underscore: `_auth`

warning: unused variable: `request`
   --> src/analytics/api.rs:760:5
    |
760 |     request: DashboardRequest,
    |     ^^^^^^^ help: if this is intentional, prefix it with an underscore: `_request`

warning: unused variable: `auth`
   --> src/analytics/api.rs:776:39
    |
776 | async fn delete_dashboard(id: String, auth: AuthContext) -> Result<impl Reply, Rejection> {
    |                                       ^^^^ help: if this is intentional, prefix it with an underscore: `_auth`

warning: unused variable: `auth`
   --> src/analytics/api.rs:791:22
    |
791 | async fn list_alerts(auth: AuthContext, query: AlertsQuery) -> Result<impl Reply, Rejection> {
    |                      ^^^^ help: if this is intentional, prefix it with an underscore: `_auth`

warning: unused variable: `query`
   --> src/analytics/api.rs:791:41
    |
791 | async fn list_alerts(auth: AuthContext, query: AlertsQuery) -> Result<impl Reply, Rejection> {
    |                                         ^^^^^ help: if this is intentional, prefix it with an underscore: `_query`

warning: unused variable: `auth`
   --> src/analytics/api.rs:806:32
    |
806 | async fn get_alert(id: String, auth: AuthContext) -> Result<impl Reply, Rejection> {
    |                                ^^^^ help: if this is intentional, prefix it with an underscore: `_auth`

warning: unused variable: `auth`
   --> src/analytics/api.rs:821:40
    |
821 | async fn acknowledge_alert(id: String, auth: AuthContext) -> Result<impl Reply, Rejection> {
    |                                        ^^^^ help: if this is intentional, prefix it with an underscore: `_auth`

warning: unused variable: `auth`
   --> src/analytics/api.rs:836:36
    |
836 | async fn resolve_alert(id: String, auth: AuthContext) -> Result<impl Reply, Rejection> {
    |                                    ^^^^ help: if this is intentional, prefix it with an underscore: `_auth`

warning: unused variable: `auth`
   --> src/analytics/api.rs:851:27
    |
851 | async fn list_alert_rules(auth: AuthContext) -> Result<impl Reply, Rejection> {
    |                           ^^^^ help: if this is intentional, prefix it with an underscore: `_auth`

warning: unused variable: `auth`
   --> src/analytics/api.rs:867:5
    |
867 |     auth: AuthContext,
    |     ^^^^ help: if this is intentional, prefix it with an underscore: `_auth`

warning: unused variable: `request`
   --> src/analytics/api.rs:868:5
    |
868 |     request: serde_json::Value,
    |     ^^^^^^^ help: if this is intentional, prefix it with an underscore: `_request`

warning: unused variable: `ws`
   --> src/analytics/api.rs:884:32
    |
884 | async fn handle_metrics_stream(ws: warp::ws::WebSocket, auth: AuthContext) {
    |                                ^^ help: if this is intentional, prefix it with an underscore: `_ws`

warning: unused variable: `auth`
   --> src/analytics/api.rs:884:57
    |
884 | async fn handle_metrics_stream(ws: warp::ws::WebSocket, auth: AuthContext) {
    |                                                         ^^^^ help: if this is intentional, prefix it with an underscore: `_auth`

warning: unused variable: `ws`
   --> src/analytics/api.rs:888:31
    |
888 | async fn handle_alerts_stream(ws: warp::ws::WebSocket, auth: AuthContext) {
    |                               ^^ help: if this is intentional, prefix it with an underscore: `_ws`

warning: unused variable: `auth`
   --> src/analytics/api.rs:888:56
    |
888 | async fn handle_alerts_stream(ws: warp::ws::WebSocket, auth: AuthContext) {
    |                                                        ^^^^ help: if this is intentional, prefix it with an underscore: `_auth`

warning: unused variable: `template_id`
   --> src/analytics/builder.rs:826:34
    |
826 |     async fn get_template(&self, template_id: &str) -> Result<Dashboard> {
    |                                  ^^^^^^^^^^^ help: if this is intentional, prefix it with an underscore: `_template_id`

warning: unused variable: `category`
   --> src/analytics/builder.rs:831:36
    |
831 |     async fn list_templates(&self, category: Option<&str>) -> Result<Vec<MarketplaceTemplate>> {
    |                                    ^^^^^^^^ help: if this is intentional, prefix it with an underscore: `_category`

warning: unused variable: `data_source`
   --> src/analytics/dashboard.rs:386:43
    |
386 |     async fn fetch_line_chart_data(&self, data_source: &str) -> Result<WidgetData> {
    |                                           ^^^^^^^^^^^ help: if this is intentional, prefix it with an underscore: `_data_source`

warning: unused variable: `data_source`
   --> src/analytics/dashboard.rs:417:42
    |
417 |     async fn fetch_bar_chart_data(&self, data_source: &str) -> Result<WidgetData> {
    |                                          ^^^^^^^^^^^ help: if this is intentional, prefix it with an underscore: `_data_source`

warning: unused variable: `data_source`
   --> src/analytics/dashboard.rs:451:38
    |
451 |     async fn fetch_gauge_data(&self, data_source: &str) -> Result<WidgetData> {
    |                                      ^^^^^^^^^^^ help: if this is intentional, prefix it with an underscore: `_data_source`

warning: unused variable: `stats`
   --> src/analytics/dashboard.rs:454:13
    |
454 |         let stats = db.get_statistics().await?;
    |             ^^^^^ help: if this is intentional, prefix it with an underscore: `_stats`

warning: unused variable: `data_source`
   --> src/analytics/dashboard.rs:504:38
    |
504 |     async fn fetch_table_data(&self, data_source: &str) -> Result<WidgetData> {
    |                                      ^^^^^^^^^^^ help: if this is intentional, prefix it with an underscore: `_data_source`

warning: unused variable: `data_source`
   --> src/analytics/dashboard.rs:547:39
    |
547 |     async fn fetch_alerts_data(&self, data_source: &str) -> Result<WidgetData> {
    |                                       ^^^^^^^^^^^ help: if this is intentional, prefix it with an underscore: `_data_source`

warning: unused variable: `config`
   --> src/analytics/dashboard.rs:798:37
    |
798 |     async fn start_streaming(&self, config: Arc<RwLock<AdvancedAnalyticsConfig>>) -> Result<()> {
    |                                     ^^^^^^ help: if this is intentional, prefix it with an underscore: `_config`

warning: unused variable: `streams`
   --> src/analytics/dashboard.rs:799:13
    |
799 |         let streams = Arc::clone(&self.streams);
    |             ^^^^^^^ help: if this is intentional, prefix it with an underscore: `_streams`

warning: unused variable: `file_size`
   --> src/analytics/export.rs:324:25
    |
324 |         let (row_count, file_size) = match config.format {
    |                         ^^^^^^^^^ help: if this is intentional, prefix it with an underscore: `_file_size`

warning: unused variable: `encryption`
   --> src/analytics/export.rs:665:45
    |
665 |     async fn encrypt_file(file_path: &Path, encryption: &EncryptionConfig) -> Result<PathBuf> {
    |                                             ^^^^^^^^^^ help: if this is intentional, prefix it with an underscore: `_encryption`

warning: unused variable: `file_path`
   --> src/analytics/export.rs:683:29
    |
683 |     async fn deliver_export(file_path: &Path, delivery: &DeliveryConfig) -> Result<()> {
    |                             ^^^^^^^^^ help: if this is intentional, prefix it with an underscore: `_file_path`

warning: unused variable: `subject`
   --> src/analytics/export.rs:691:17
    |
691 |                 subject,
    |                 ^^^^^^^ help: try ignoring the field: `subject: _`

warning: unused variable: `body`
   --> src/analytics/export.rs:692:17
    |
692 |                 body,
    |                 ^^^^ help: try ignoring the field: `body: _`

warning: unused variable: `key_prefix`
   --> src/analytics/export.rs:700:17
    |
700 |                 key_prefix,
    |                 ^^^^^^^^^^ help: try ignoring the field: `key_prefix: _`

warning: unused variable: `region`
   --> src/analytics/export.rs:701:17
    |
701 |                 region,
    |                 ^^^^^^ help: try ignoring the field: `region: _`

warning: unused variable: `username`
   --> src/analytics/export.rs:710:17
    |
710 |                 username,
    |                 ^^^^^^^^ help: try ignoring the field: `username: _`

warning: unused variable: `path`
   --> src/analytics/export.rs:711:17
    |
711 |                 path,
    |                 ^^^^ help: try ignoring the field: `path: _`

warning: unused variable: `headers`
   --> src/analytics/export.rs:717:44
    |
717 |             DeliveryMethod::Webhook { url, headers } => {
    |                                            ^^^^^^^ help: try ignoring the field: `headers: _`

warning: unused variable: `period`
   --> src/analytics/templates.rs:879:9
    |
879 |         period: &ReportPeriod,
    |         ^^^^^^ help: if this is intentional, prefix it with an underscore: `_period`

warning: unused variable: `max_length`
   --> src/analytics/templates.rs:882:43
    |
882 |             SectionContentType::Summary { max_length } => Ok(SectionContent::Text {
    |                                           ^^^^^^^^^^ help: try ignoring the field: `max_length: _`

warning: unused variable: `config`
  --> src/cli/banner.rs:78:9
   |
78 |     let config = get_config().await?;
   |         ^^^^^^ help: if this is intentional, prefix it with an underscore: `_config`

warning: unused variable: `include_declaration`
   --> src/cli/commands.rs:164:13
    |
164 |             include_declaration,
    |             ^^^^^^^^^^^^^^^^^^^ help: try ignoring the field: `include_declaration: _`

warning: unused variable: `group_by_file`
   --> src/cli/commands.rs:165:13
    |
165 |             group_by_file,
    |             ^^^^^^^^^^^^^ help: try ignoring the field: `group_by_file: _`

warning: unused variable: `incoming`
   --> src/cli/commands.rs:171:13
    |
171 |             incoming,
    |             ^^^^^^^^ help: try ignoring the field: `incoming: _`

warning: unused variable: `outgoing`
   --> src/cli/commands.rs:172:13
    |
172 |             outgoing,
    |             ^^^^^^^^ help: try ignoring the field: `outgoing: _`

warning: unused variable: `recommendations`
   --> src/cli/commands.rs:566:5
    |
566 |     recommendations: bool,
    |     ^^^^^^^^^^^^^^^ help: if this is intentional, prefix it with an underscore: `_recommendations`

warning: unused variable: `charts`
   --> src/cli/commands.rs:727:13
    |
727 |             charts,
    |             ^^^^^^ help: try ignoring the field: `charts: _`

warning: unused variable: `output`
   --> src/cli/commands.rs:728:13
    |
728 |             output,
    |             ^^^^^^ help: try ignoring the field: `output: _`

warning: unused variable: `predict`
   --> src/cli/commands.rs:754:13
    |
754 |             predict,
    |             ^^^^^^^ help: try ignoring the field: `predict: _`

warning: unused variable: `detailed`
    --> src/cli/commands.rs:1109:40
     |
1109 |             KnowledgeCommands::Stats { detailed } => MemoryCommand::Analyze {
     |                                        ^^^^^^^^ help: try ignoring the field: `detailed: _`

warning: unused variable: `paths`
    --> src/cli/commands.rs:1116:17
     |
1116 |                 paths,
     |                 ^^^^^ help: try ignoring the field: `paths: _`

warning: unused variable: `output`
    --> src/cli/commands.rs:1123:17
     |
1123 |                 output,
     |                 ^^^^^^ help: try ignoring the field: `output: _`

warning: unused variable: `attributes`
    --> src/cli/commands.rs:1125:17
     |
1125 |                 attributes,
     |                 ^^^^^^^^^^ help: try ignoring the field: `attributes: _`

warning: unused variable: `output`
    --> src/cli/commands.rs:1131:17
     |
1131 |                 output,
     |                 ^^^^^^ help: try ignoring the field: `output: _`

warning: unused variable: `layout`
    --> src/cli/commands.rs:1132:17
     |
1132 |                 layout,
     |                 ^^^^^^ help: try ignoring the field: `layout: _`

warning: unused variable: `focus`
    --> src/cli/commands.rs:1133:17
     |
1133 |                 focus,
     |                 ^^^^^ help: try ignoring the field: `focus: _`

warning: unused variable: `progress`
    --> src/cli/commands.rs:1901:13
     |
1901 |             progress,
     |             ^^^^^^^^ help: try ignoring the field: `progress: _`

warning: unused variable: `detailed`
    --> src/cli/commands.rs:1903:32
     |
1903 |         IndexCommands::Stats { detailed, health } => {
     |                                ^^^^^^^^ help: try ignoring the field: `detailed: _`

warning: unused variable: `health`
    --> src/cli/commands.rs:1903:42
     |
1903 |         IndexCommands::Stats { detailed, health } => {
     |                                          ^^^^^^ help: try ignoring the field: `health: _`

warning: unused variable: `detailed`
    --> src/cli/commands.rs:2209:13
     |
2209 |             detailed,
     |             ^^^^^^^^ help: try ignoring the field: `detailed: _`

warning: unused variable: `from`
    --> src/cli/commands.rs:3988:13
     |
3988 |             from,
     |             ^^^^ help: try ignoring the field: `from: _`

warning: unused variable: `migration_config`
    --> src/cli/commands.rs:4013:20
     |
4013 |                 Ok(migration_config) => {
     |                    ^^^^^^^^^^^^^^^^ help: if this is intentional, prefix it with an underscore: `_migration_config`

warning: unused variable: `backup`
    --> src/cli/commands.rs:4035:13
     |
4035 |             backup,
     |             ^^^^^^ help: try ignoring the field: `backup: _`

warning: unused variable: `stats`
    --> src/cli/commands.rs:4132:33
     |
4132 |                     if let Some(stats) = results.migration_stats {
     |                                 ^^^^^ help: if this is intentional, prefix it with an underscore: `_stats`

warning: unused variable: `from`
    --> src/cli/commands.rs:4226:13
     |
4226 |             from,
     |             ^^^^ help: try ignoring the field: `from: _`

warning: unused variable: `from`
    --> src/cli/commands.rs:4399:13
     |
4399 |             from,
     |             ^^^^ help: try ignoring the field: `from: _`

warning: unused variable: `metric`
   --> src/commands/analytics.rs:239:25
    |
239 | async fn analyze_trends(metric: Option<&str>, period: AggregationPeriod) -> Result<()> {
    |                         ^^^^^^ help: if this is intentional, prefix it with an underscore: `_metric`

warning: unused variable: `period`
   --> src/commands/analytics.rs:266:57
    |
266 | async fn analyze_costs(breakdown: bool, optimize: bool, period: AggregationPeriod) -> Result<()> {
    |                                                         ^^^^^^ help: if this is intentional, prefix it with an underscore: `_period`

warning: unused variable: `period`
   --> src/commands/analytics.rs:595:5
    |
595 |     period: AggregationPeriod,
    |     ^^^^^^ help: if this is intentional, prefix it with an underscore: `_period`

warning: unused variable: `period`
   --> src/commands/analytics.rs:658:5
    |
658 |     period: AggregationPeriod,
    |     ^^^^^^ help: if this is intentional, prefix it with an underscore: `_period`

warning: unused variable: `architecture`
  --> src/commands/analyze.rs:67:5
   |
67 |     architecture: bool,
   |     ^^^^^^^^^^^^ help: if this is intentional, prefix it with an underscore: `_architecture`

warning: unused variable: `dependencies`
  --> src/commands/analyze.rs:68:5
   |
68 |     dependencies: bool,
   |     ^^^^^^^^^^^^ help: if this is intentional, prefix it with an underscore: `_dependencies`

warning: unused variable: `output_format`
  --> src/commands/analyze.rs:69:5
   |
69 |     output_format: Option<String>,
   |     ^^^^^^^^^^^^^ help: if this is intentional, prefix it with an underscore: `_output_format`

warning: unused variable: `query`
   --> src/commands/consensus.rs:317:5
    |
317 |     query: &str,
    |     ^^^^^ help: if this is intentional, prefix it with an underscore: `_query`

warning: variable does not need to be mutable
   --> src/commands/hooks.rs:281:13
    |
281 |         let mut invalid_count = 0;
    |             ----^^^^^^^^^^^^^
    |             |
    |             help: remove this `mut`

warning: unused variable: `engine`
   --> src/commands/improve.rs:267:13
    |
267 |         let engine = TransformationEngine::new(context).await?;
    |             ^^^^^^ help: if this is intentional, prefix it with an underscore: `_engine`

warning: unused variable: `level`
   --> src/commands/install.rs:345:32
    |
345 | async fn validate_installation(level: &str, generate_report: bool) -> Result<()> {
    |                                ^^^^^ help: if this is intentional, prefix it with an underscore: `_level`

warning: unused variable: `min_quality`
   --> src/commands/models.rs:223:5
    |
223 |     min_quality: Option<f32>,
    |     ^^^^^^^^^^^ help: if this is intentional, prefix it with an underscore: `_min_quality`

warning: unused variable: `selector`
   --> src/commands/models.rs:235:9
    |
235 |     let selector = ModelSelector::new(ModelSelectionStrategy::Balanced);
    |         ^^^^^^^^ help: if this is intentional, prefix it with an underscore: `_selector`

warning: variable does not need to be mutable
   --> src/commands/models.rs:249:13
    |
249 |         let mut strategy_selector = ModelSelector::new(*strategy);
    |             ----^^^^^^^^^^^^^^^^^
    |             |
    |             help: remove this `mut`

warning: unused variable: `budget`
   --> src/commands/models.rs:497:21
    |
497 |         if let Some(budget) = budget {
    |                     ^^^^^^ help: if this is intentional, prefix it with an underscore: `_budget`

warning: unused variable: `config`
  --> src/commands/planning.rs:27:9
   |
27 |     let config = get_config().await?;
   |         ^^^^^^ help: if this is intentional, prefix it with an underscore: `_config`

warning: unused variable: `depth`
   --> src/commands/planning.rs:102:45
    |
102 | pub async fn handle_decompose(task: String, depth: Option<usize>, estimate: bool) -> Result<()> {
    |                                             ^^^^^ help: if this is intentional, prefix it with an underscore: `_depth`

warning: unused variable: `config`
   --> src/commands/planning.rs:110:9
    |
110 |     let config = get_config().await?;
    |         ^^^^^^ help: if this is intentional, prefix it with an underscore: `_config`

warning: unused variable: `config`
   --> src/commands/planning.rs:190:9
    |
190 |     let config = get_config().await?;
    |         ^^^^^^ help: if this is intentional, prefix it with an underscore: `_config`

warning: unused variable: `planning_engine`
   --> src/commands/planning.rs:192:9
    |
192 |     let planning_engine = PlanningEngine::new(std::sync::Arc::new(consensus_engine)).await?;
    |         ^^^^^^^^^^^^^^^ help: if this is intentional, prefix it with an underscore: `_planning_engine`

warning: unused variable: `config`
   --> src/commands/planning.rs:257:9
    |
257 |     let config = get_config().await?;
    |         ^^^^^^ help: if this is intentional, prefix it with an underscore: `_config`

warning: unused variable: `planning_engine`
   --> src/commands/planning.rs:259:9
    |
259 |     let planning_engine = PlanningEngine::new(std::sync::Arc::new(consensus_engine)).await?;
    |         ^^^^^^^^^^^^^^^ help: if this is intentional, prefix it with an underscore: `_planning_engine`

warning: unused variable: `path`
  --> src/commands/search.rs:20:5
   |
20 |     path: Option<PathBuf>,
   |     ^^^^ help: if this is intentional, prefix it with an underscore: `_path`

warning: unused variable: `depth`
   --> src/commands/search.rs:258:5
    |
258 |     depth: Option<usize>,
    |     ^^^^^ help: if this is intentional, prefix it with an underscore: `_depth`

warning: unused variable: `role`
   --> src/commands/security.rs:598:17
    |
598 |             let role = EnterpriseRole {
    |                 ^^^^ help: if this is intentional, prefix it with an underscore: `_role`

warning: unused variable: `security_system`
    --> src/commands/security.rs:1079:5
     |
1079 |     security_system: &SecuritySystem,
     |     ^^^^^^^^^^^^^^^ help: if this is intentional, prefix it with an underscore: `_security_system`

warning: unused variable: `file`
  --> src/consensus/codebase_intelligence/extractor.rs:66:43
   |
66 |     pub async fn extract_from_file(&self, file: &super::scanner::ScannedFile) -> Result<Vec<ExtractedObject>> {
   |                                           ^^^^ help: if this is intentional, prefix it with an underscore: `_file`

warning: unused variable: `objects`
  --> src/consensus/codebase_intelligence/analyzer.rs:15:41
   |
15 |     pub async fn analyze_objects(&self, objects: &[ExtractedObject]) -> Result<RelationshipGraph> {
   |                                         ^^^^^^^ help: if this is intentional, prefix it with an underscore: `_objects`

warning: unused variable: `objects`
  --> src/consensus/codebase_intelligence/analyzer.rs:20:45
   |
20 |     pub async fn derive_architecture(&self, objects: &[ExtractedObject], relationships: &RelationshipGraph) -> Result<Architecture> {
   |                                             ^^^^^^^ help: if this is intentional, prefix it with an underscore: `_objects`

warning: unused variable: `relationships`
  --> src/consensus/codebase_intelligence/analyzer.rs:20:74
   |
20 |     pub async fn derive_architecture(&self, objects: &[ExtractedObject], relationships: &RelationshipGraph) -> Result<Architecture> {
   |                                                                          ^^^^^^^^^^^^^ help: if this is intentional, prefix it with an underscore: `_relationships`

warning: unused variable: `repo_path`
  --> src/consensus/codebase_intelligence/storage.rs:20:9
   |
20 |         repo_path: &Path,
   |         ^^^^^^^^^ help: if this is intentional, prefix it with an underscore: `_repo_path`

warning: unused variable: `objects`
  --> src/consensus/codebase_intelligence/storage.rs:21:9
   |
21 |         objects: &[ExtractedObject],
   |         ^^^^^^^ help: if this is intentional, prefix it with an underscore: `_objects`

warning: unused variable: `relationships`
  --> src/consensus/codebase_intelligence/storage.rs:22:9
   |
22 |         relationships: &RelationshipGraph,
   |         ^^^^^^^^^^^^^ help: if this is intentional, prefix it with an underscore: `_relationships`

warning: unused variable: `architecture`
  --> src/consensus/codebase_intelligence/storage.rs:23:9
   |
23 |         architecture: &Architecture,
   |         ^^^^^^^^^^^^ help: if this is intentional, prefix it with an underscore: `_architecture`

warning: unused variable: `scan_id`
  --> src/consensus/codebase_intelligence/search.rs:23:39
   |
23 |     pub async fn rebuild_index(&self, scan_id: &str) -> Result<()> {
   |                                       ^^^^^^^ help: if this is intentional, prefix it with an underscore: `_scan_id`

warning: unused variable: `model_manager`
   --> src/consensus/pipeline.rs:153:65
    |
153 |         if let (Some(ai_helpers), Some(openrouter_client), Some(model_manager), Some(database)) = 
    |                                                                 ^^^^^^^^^^^^^ help: if this is intentional, prefix it with an underscore: `_model_manager`

warning: unused variable: `user_id`
   --> src/consensus/pipeline.rs:327:9
    |
327 |         user_id: Option<String>,
    |         ^^^^^^^ help: if this is intentional, prefix it with an underscore: `_user_id`

warning: unused variable: `i`
   --> src/consensus/pipeline.rs:546:14
    |
546 |         for (i, stage_handler) in self.stages.iter().enumerate() {
    |              ^ help: if this is intentional, prefix it with an underscore: `_i`

warning: unused variable: `openrouter_id`
   --> src/consensus/models.rs:419:17
    |
419 |                 openrouter_id,
    |                 ^^^^^^^^^^^^^ help: if this is intentional, prefix it with an underscore: `_openrouter_id`

warning: unused variable: `system`
   --> src/subscription/conversation_gateway.rs:640:13
    |
640 |         let system = System::new_all();
    |             ^^^^^^ help: if this is intentional, prefix it with an underscore: `_system`

warning: variable does not need to be mutable
    --> src/consensus/pipeline.rs:1976:13
     |
1976 |         let mut conn = database.get_connection()?;
     |             ----^^^^
     |             |
     |             help: remove this `mut`

warning: unused variable: `tracker`
    --> src/consensus/pipeline.rs:1493:9
     |
1493 |         tracker: &mut ProgressTracker,
     |         ^^^^^^^ help: if this is intentional, prefix it with an underscore: `_tracker`

warning: unused variable: `index`
   --> src/consensus/ai_operation_parser.rs:246:9
    |
246 |         index: usize,
    |         ^^^^^ help: if this is intentional, prefix it with an underscore: `_index`

warning: unused variable: `response`
   --> src/consensus/ai_operation_parser.rs:568:9
    |
568 |         response: &str,
    |         ^^^^^^^^ help: if this is intentional, prefix it with an underscore: `_response`

warning: unused variable: `operations`
   --> src/consensus/ai_operation_parser.rs:569:9
    |
569 |         operations: &[FileOperationWithMetadata],
    |         ^^^^^^^^^^ help: if this is intentional, prefix it with an underscore: `_operations`

warning: unused variable: `context`
   --> src/consensus/ai_operation_parser.rs:570:9
    |
570 |         context: &OperationContext,
    |         ^^^^^^^ help: if this is intentional, prefix it with an underscore: `_context`

warning: unused variable: `recognizer`
   --> src/consensus/ai_operation_parser.rs:571:9
    |
571 |         recognizer: &PatternRecognizer,
    |         ^^^^^^^^^^ help: if this is intentional, prefix it with an underscore: `_recognizer`

warning: unused variable: `analyses`
    --> src/consensus/operation_intelligence.rs:1849:9
     |
1849 |         analyses: &mut [OperationAnalysis],
     |         ^^^^^^^^ help: if this is intentional, prefix it with an underscore: `_analyses`

warning: unused variable: `operations`
    --> src/consensus/operation_intelligence.rs:1850:9
     |
1850 |         operations: &[FileOperation],
     |         ^^^^^^^^^^ help: if this is intentional, prefix it with an underscore: `_operations`

warning: unused variable: `context`
   --> src/consensus/file_executor.rs:379:9
    |
379 |         context: &ConsensusOperationContext,
    |         ^^^^^^^ help: if this is intentional, prefix it with an underscore: `_context`

warning: unused variable: `execution_time`
   --> src/consensus/file_executor.rs:436:13
    |
436 |         let execution_time = start_time.elapsed().unwrap_or(Duration::from_millis(0));
    |             ^^^^^^^^^^^^^^ help: if this is intentional, prefix it with an underscore: `_execution_time`

warning: unused variable: `sequence_number`
    --> src/consensus/pipeline.rs:1696:21
     |
1696 |                 let sequence_number = match stage_result.stage_name.as_str() {
     |                     ^^^^^^^^^^^^^^^ help: if this is intentional, prefix it with an underscore: `_sequence_number`

warning: unused variable: `model_manager`
   --> src/consensus/engine.rs:879:22
    |
879 |         if let (Some(model_manager), Some(database)) = (&self.model_manager, &self.database) {
    |                      ^^^^^^^^^^^^^ help: if this is intentional, prefix it with an underscore: `_model_manager`

warning: unused variable: `profile_name`
   --> src/consensus/engine.rs:891:9
    |
891 |         profile_name: Option<&str>,
    |         ^^^^^^^^^^^^ help: if this is intentional, prefix it with an underscore: `_profile_name`

warning: unused variable: `explicitly_about_code`
    --> src/consensus/pipeline.rs:2273:21
     |
2273 |                 let explicitly_about_code = question_lower.contains("repository")
     |                     ^^^^^^^^^^^^^^^^^^^^^ help: if this is intentional, prefix it with an underscore: `_explicitly_about_code`

warning: unused variable: `repo_ctx_manager`
    --> src/consensus/pipeline.rs:2338:21
     |
2338 |         if let Some(repo_ctx_manager) = &self.repository_context {
     |                     ^^^^^^^^^^^^^^^^ help: if this is intentional, prefix it with an underscore: `_repo_ctx_manager`

warning: unused variable: `stage`
    --> src/consensus/pipeline.rs:2454:9
     |
2454 |         stage: Stage,
     |         ^^^^^ help: if this is intentional, prefix it with an underscore: `_stage`

warning: unused variable: `question`
   --> src/consensus/codebase_intelligence/semantic_search.rs:229:5
    |
229 |     question: &str,
    |     ^^^^^^^^ help: if this is intentional, prefix it with an underscore: `_question`

warning: unused variable: `scan_id`
  --> src/consensus/codebase_intelligence/storage.rs:30:42
   |
30 |     pub async fn get_architecture(&self, scan_id: &str) -> Result<Option<String>> {
   |                                          ^^^^^^^ help: if this is intentional, prefix it with an underscore: `_scan_id`

warning: unused variable: `scan_id`
  --> src/consensus/codebase_intelligence/search.rs:17:40
   |
17 |     pub async fn search_objects(&self, scan_id: &str, query: &str) -> Result<Vec<ExtractedObject>> {
   |                                        ^^^^^^^ help: if this is intentional, prefix it with an underscore: `_scan_id`

warning: unused variable: `query`
  --> src/consensus/codebase_intelligence/search.rs:17:55
   |
17 |     pub async fn search_objects(&self, scan_id: &str, query: &str) -> Result<Vec<ExtractedObject>> {
   |                                                       ^^^^^ help: if this is intentional, prefix it with an underscore: `_query`

warning: unused variable: `db`
   --> src/consensus/operation_intelligence.rs:916:21
    |
916 |         if let Some(db) = &self.history_database {
    |                     ^^ help: if this is intentional, prefix it with an underscore: `_db`

warning: unused variable: `pattern_recognizer`
   --> src/consensus/operation_clustering.rs:253:25
    |
253 |             if let Some(pattern_recognizer) = &self.pattern_recognizer {
    |                         ^^^^^^^^^^^^^^^^^^ help: if this is intentional, prefix it with an underscore: `_pattern_recognizer`

warning: unused variable: `section_index`
   --> src/consensus/operation_parser.rs:381:9
    |
381 |         section_index: usize,
    |         ^^^^^^^^^^^^^ help: if this is intentional, prefix it with an underscore: `_section_index`

warning: unused variable: `all_sections`
   --> src/consensus/operation_parser.rs:382:9
    |
382 |         all_sections: &[String],
    |         ^^^^^^^^^^^^ help: if this is intentional, prefix it with an underscore: `_all_sections`

warning: unused variable: `old_content`
   --> src/consensus/operation_parser.rs:438:18
    |
438 |             let (old_content, new_content) = self.extract_update_content(section, &path)?;
    |                  ^^^^^^^^^^^ help: if this is intentional, prefix it with an underscore: `_old_content`

warning: unused variable: `context`
   --> src/consensus/operation_parser.rs:721:9
    |
721 |         context: &OperationContext,
    |         ^^^^^^^ help: if this is intentional, prefix it with an underscore: `_context`

warning: unused variable: `synthesizer`
   --> src/consensus/operation_parser.rs:723:9
    |
723 |         synthesizer: &Arc<KnowledgeSynthesizer>,
    |         ^^^^^^^^^^^ help: if this is intentional, prefix it with an underscore: `_synthesizer`

warning: unused variable: `path`
   --> src/consensus/operation_parser.rs:733:37
    |
733 |             FileOperation::Delete { path } => {
    |                                     ^^^^ help: try ignoring the field: `path: _`

warning: unused variable: `context`
   --> src/consensus/operation_validator.rs:722:9
    |
722 |         context: &OperationContext,
    |         ^^^^^^^ help: if this is intentional, prefix it with an underscore: `_context`

warning: unused variable: `pattern_recognizer`
   --> src/consensus/operation_validator.rs:754:21
    |
754 |         if let Some(pattern_recognizer) = &self.pattern_recognizer {
    |                     ^^^^^^^^^^^^^^^^^^ help: if this is intentional, prefix it with an underscore: `_pattern_recognizer`

warning: unused variable: `index`
   --> src/consensus/operation_preview.rs:346:9
    |
346 |         index: usize,
    |         ^^^^^ help: if this is intentional, prefix it with an underscore: `_index`

warning: unused variable: `path`
   --> src/consensus/operation_preview.rs:458:37
    |
458 |             FileOperation::Append { path, content } => {
    |                                     ^^^^ help: try ignoring the field: `path: _`

warning: unused variable: `synthesizer`
   --> src/consensus/operation_preview.rs:753:21
    |
753 |         if let Some(synthesizer) = &self.knowledge_synthesizer {
    |                     ^^^^^^^^^^^ help: if this is intentional, prefix it with an underscore: `_synthesizer`

warning: unused variable: `content`
   --> src/consensus/operation_preview.rs:862:38
    |
862 |     async fn syntax_highlight(&self, content: &str, language: &Option<String>) -> Result<Option<String>> {
    |                                      ^^^^^^^ help: if this is intentional, prefix it with an underscore: `_content`

warning: unused variable: `language`
   --> src/consensus/operation_preview.rs:862:53
    |
862 |     async fn syntax_highlight(&self, content: &str, language: &Option<String>) -> Result<Option<String>> {
    |                                                     ^^^^^^^^ help: if this is intentional, prefix it with an underscore: `_language`

warning: unused variable: `clusters`
   --> src/consensus/dependency_graph.rs:210:9
    |
210 |         clusters: Option<&[OperationCluster]>,
    |         ^^^^^^^^ help: if this is intentional, prefix it with an underscore: `_clusters`

warning: unused variable: `pattern_recognizer`
   --> src/consensus/dependency_graph.rs:510:21
    |
510 |         if let Some(pattern_recognizer) = &self.pattern_recognizer {
    |                     ^^^^^^^^^^^^^^^^^^ help: if this is intentional, prefix it with an underscore: `_pattern_recognizer`

warning: unused variable: `content`
   --> src/consensus/rollback_plan.rs:440:43
    |
440 |             FileOperation::Update { path, content } => {
    |                                           ^^^^^^^ help: try ignoring the field: `content: _`

warning: unused variable: `branch`
   --> src/consensus/rollback_planner.rs:463:43
    |
463 |             RollbackStrategy::GitRevert { branch, commit_before, affected_files } => {
    |                                           ^^^^^^ help: try ignoring the field: `branch: _`

warning: unused variable: `reverse_operations`
   --> src/consensus/rollback_planner.rs:535:48
    |
535 |             RollbackStrategy::ManualRollback { reverse_operations, .. } => {
    |                                                ^^^^^^^^^^^^^^^^^^-
    |                                                |
    |                                                help: try removing the field

warning: unused variable: `index`
   --> src/consensus/rollback_executor.rs:224:14
    |
224 |         for (index, step) in plan.steps.iter().enumerate() {
    |              ^^^^^ help: if this is intentional, prefix it with an underscore: `_index`

warning: unused variable: `step_start`
   --> src/consensus/rollback_executor.rs:225:17
    |
225 |             let step_start = Instant::now();
    |                 ^^^^^^^^^^ help: if this is intentional, prefix it with an underscore: `_step_start`

warning: unused variable: `destination`
   --> src/consensus/rollback_executor.rs:637:58
    |
637 |                 RollbackOperation::RestoreFile { source, destination, .. } => {
    |                                                          ^^^^^^^^^^^-
    |                                                          |
    |                                                          help: try removing the field

warning: unused variable: `db`
   --> src/consensus/rollback_executor.rs:671:25
    |
671 |         if let Some(ref db) = self.history_database {
    |                         ^^ help: if this is intentional, prefix it with an underscore: `_db`

warning: unused variable: `db`
   --> src/consensus/rollback_executor.rs:679:25
    |
679 |         if let Some(ref db) = self.history_database {
    |                         ^^ help: if this is intentional, prefix it with an underscore: `_db`

warning: unused variable: `db`
   --> src/consensus/outcome_tracker.rs:617:37
    |
617 |     async fn persist_outcome(&self, db: &OperationHistoryDatabase, outcome_id: &str) -> Result<()> {
    |                                     ^^ help: if this is intentional, prefix it with an underscore: `_db`

warning: unused variable: `outcome`
   --> src/consensus/outcome_tracker.rs:619:21
    |
619 |         if let Some(outcome) = cache.outcomes.get(outcome_id) {
    |                     ^^^^^^^ help: if this is intentional, prefix it with an underscore: `_outcome`

warning: unused variable: `outcomes`
   --> src/consensus/outcome_tracker.rs:721:50
    |
721 |     async fn analyze_feature_correlations(&self, outcomes: &[&TrackedOutcome]) -> FeatureAnalysis {
    |                                                  ^^^^^^^^ help: if this is intentional, prefix it with an underscore: `_outcomes`

warning: unused variable: `context`
   --> src/consensus/file_executor.rs:974:9
    |
974 |         context: &ConsensusOperationContext,
    |         ^^^^^^^ help: if this is intentional, prefix it with an underscore: `_context`

warning: unused variable: `index`
   --> src/consensus/operation_preview_generator.rs:389:9
    |
389 |         index: usize,
    |         ^^^^^ help: if this is intentional, prefix it with an underscore: `_index`

warning: unused variable: `idx`
   --> src/consensus/file_planner.rs:373:14
    |
373 |         for (idx, (operation, analysis)) in operations.into_iter().zip(consensus_analyses.into_iter()).enumerate() {
    |              ^^^ help: if this is intentional, prefix it with an underscore: `_idx`

warning: unused variable: `context`
   --> src/consensus/file_planner.rs:397:9
    |
397 |         context: &ConsensusOperationContext,
    |         ^^^^^^^ help: if this is intentional, prefix it with an underscore: `_context`

warning: unused variable: `context`
   --> src/consensus/file_planner.rs:717:9
    |
717 |         context: &ConsensusOperationContext,
    |         ^^^^^^^ help: if this is intentional, prefix it with an underscore: `_context`

warning: unused variable: `failure_context`
  --> src/consensus/rollback_planner_v2.rs:74:9
   |
74 |         failure_context: &str,
   |         ^^^^^^^^^^^^^^^ help: if this is intentional, prefix it with an underscore: `_failure_context`

warning: unused variable: `cached`
   --> src/core/semantic.rs:200:25
    |
200 |             if let Some(cached) = cache::get(&cache_key, CacheCategory::Repository).await {
    |                         ^^^^^^ help: if this is intentional, prefix it with an underscore: `_cached`

warning: unused variable: `db`
   --> src/core/analytics.rs:593:13
    |
593 |         let db = get_database().await?;
    |             ^^ help: if this is intentional, prefix it with an underscore: `_db`

warning: unused variable: `period`
   --> src/core/analytics.rs:734:9
    |
734 |         period: AggregationPeriod,
    |         ^^^^^^ help: if this is intentional, prefix it with an underscore: `_period`

warning: unused variable: `query`
   --> src/core/memory.rs:610:9
    |
610 |         query: &str,
    |         ^^^^^ help: if this is intentional, prefix it with an underscore: `_query`

warning: unused variable: `expires_at_str`
   --> src/core/license.rs:301:21
    |
301 |                 let expires_at_str: Option<String> = row.get(6)?;
    |                     ^^^^^^^^^^^^^^ help: if this is intentional, prefix it with an underscore: `_expires_at_str`

warning: unused variable: `conversation_id`
   --> src/core/usage_tracker.rs:117:9
    |
117 |         conversation_id: &str,
    |         ^^^^^^^^^^^^^^^ help: if this is intentional, prefix it with an underscore: `_conversation_id`

warning: value assigned to `min_str` is never read
   --> src/core/profiles.rs:422:17
    |
422 |         let mut min_str = String::new();
    |                 ^^^^^^^
    |
    = help: maybe it is overwritten before being read?
    = note: `#[warn(unused_assignments)]` on by default

warning: value assigned to `max_str` is never read
   --> src/core/profiles.rs:423:17
    |
423 |         let mut max_str = String::new();
    |                 ^^^^^^^
    |
    = help: maybe it is overwritten before being read?

warning: value assigned to `min_cost_str` is never read
   --> src/core/profiles.rs:440:17
    |
440 |         let mut min_cost_str = String::new();
    |                 ^^^^^^^^^^^^
    |
    = help: maybe it is overwritten before being read?

warning: value assigned to `max_cost_str` is never read
   --> src/core/profiles.rs:441:17
    |
441 |         let mut max_cost_str = String::new();
    |                 ^^^^^^^^^^^^
    |
    = help: maybe it is overwritten before being read?

warning: unused variable: `context`
   --> src/core/profiles.rs:621:43
    |
621 |                 Err(HiveError::Internal { context, message })
    |                                           ^^^^^^^ help: try ignoring the field: `context: _`

warning: unused variable: `db_path`
   --> src/core/migrator.rs:835:13
    |
835 |         let db_path = self.rust_config_dir.join("hive-ai.db");
    |             ^^^^^^^ help: if this is intentional, prefix it with an underscore: `_db_path`

warning: unused variable: `path`
   --> src/desktop/file_system.rs:120:29
    |
120 | pub async fn get_git_status(path: &Path) -> Option<GitFileStatus> {
    |                             ^^^^ help: if this is intentional, prefix it with an underscore: `_path`

warning: unused variable: `shutdown_rx`
   --> src/hooks/dispatcher.rs:159:31
    |
159 |         let (shutdown_tx, mut shutdown_rx) = mpsc::channel::<()>(1);
    |                               ^^^^^^^^^^^ help: if this is intentional, prefix it with an underscore: `_shutdown_rx`

warning: unused variable: `request_id`
   --> src/hooks/execution.rs:170:17
    |
170 |             let request_id = self
    |                 ^^^^^^^^^^ help: if this is intentional, prefix it with an underscore: `_request_id`

warning: unused variable: `template`
   --> src/hooks/execution.rs:488:9
    |
488 |         template: Option<&str>,
    |         ^^^^^^^^ help: if this is intentional, prefix it with an underscore: `_template`

warning: unused variable: `request_id`
   --> src/hooks/execution.rs:533:13
    |
533 |         let request_id = self
    |             ^^^^^^^^^^ help: if this is intentional, prefix it with an underscore: `_request_id`

warning: variable does not need to be mutable
   --> src/hooks/dispatcher.rs:159:27
    |
159 |         let (shutdown_tx, mut shutdown_rx) = mpsc::channel::<()>(1);
    |                           ----^^^^^^^^^^^
    |                           |
    |                           help: remove this `mut`

warning: unused variable: `approval_workflow`
   --> src/hooks/quality_gates.rs:823:37
    |
823 |                         if let Some(approval_workflow) = &self.approval_workflow {
    |                                     ^^^^^^^^^^^^^^^^^ help: if this is intentional, prefix it with an underscore: `_approval_workflow`

warning: unused variable: `stage`
    --> src/hooks/quality_gates.rs:1041:9
     |
1041 |         stage: Stage,
     |         ^^^^^ help: if this is intentional, prefix it with an underscore: `_stage`

warning: variable does not need to be mutable
   --> src/install/validation.rs:330:13
    |
330 |         let mut warnings = Vec::new();
    |             ----^^^^^^^^
    |             |
    |             help: remove this `mut`

warning: variable does not need to be mutable
   --> src/install/validation.rs:398:13
    |
398 |         let mut warnings = Vec::new();
    |             ----^^^^^^^^
    |             |
    |             help: remove this `mut`

warning: variable does not need to be mutable
   --> src/install/validation.rs:495:13
    |
495 |         let mut warnings = Vec::new();
    |             ----^^^^^^^^
    |             |
    |             help: remove this `mut`

warning: unused variable: `port`
  --> src/integration/mod.rs:16:31
   |
16 | pub async fn start_lsp_server(port: u16) -> Result<()> {
   |                               ^^^^ help: if this is intentional, prefix it with an underscore: `_port`

warning: variable does not need to be mutable
   --> src/integration/mcp/performance.rs:265:9
    |
265 |         mut tracker: RequestTracker,
    |         ----^^^^^^^
    |         |
    |         help: remove this `mut`

warning: unused variable: `req`
   --> src/integration/mcp/server.rs:392:46
    |
392 |     async fn handle_websocket_upgrade(&self, req: Request<Body>) -> Result<Response<Body>> {
    |                                              ^^^ help: if this is intentional, prefix it with an underscore: `_req`

warning: unused variable: `streaming_handler`
   --> src/integration/mcp/server.rs:416:13
    |
416 |         let streaming_handler = StreamingHandler::new(msg_sender.clone());
    |             ^^^^^^^^^^^^^^^^^ help: if this is intentional, prefix it with an underscore: `_streaming_handler`

warning: unused variable: `model`
  --> src/integration/mcp/streaming.rs:41:55
   |
41 |                 ConsensusEvent::StageStarted { stage, model } => {
   |                                                       ^^^^^ help: try ignoring the field: `model: _`

warning: unused variable: `stage`
  --> src/integration/mcp/streaming.rs:97:41
   |
97 |                 ConsensusEvent::Error { stage, error } => {
   |                                         ^^^^^ help: try ignoring the field: `stage: _`

warning: unused variable: `message`
   --> src/integration/mcp/streaming.rs:267:24
    |
267 |         while let Some(message) = self.receiver.recv().await {
    |                        ^^^^^^^ help: if this is intentional, prefix it with an underscore: `_message`

warning: variable does not need to be mutable
   --> src/integration/mcp/subscriptions.rs:174:13
    |
174 |         let mut watcher =
    |             ----^^^^^^^
    |             |
    |             help: remove this `mut`

warning: unused variable: `focus_string`
   --> src/integration/mcp/tools.rs:131:25
    |
131 |                     let focus_string = focus.to_string();
    |                         ^^^^^^^^^^^^ help: if this is intentional, prefix it with an underscore: `_focus_string`

warning: unused variable: `focus`
   --> src/integration/mcp/tools.rs:526:13
    |
526 |         let focus = args
    |             ^^^^^ help: if this is intentional, prefix it with an underscore: `_focus`

warning: unused variable: `focus`
   --> src/integration/mcp/tools.rs:940:13
    |
940 |         let focus = args
    |             ^^^^^ help: if this is intentional, prefix it with an underscore: `_focus`

warning: unused variable: `event_sender`
   --> src/interactive_tui.rs:142:14
    |
142 |         let (event_sender, event_receiver) = mpsc::unbounded_channel();
    |              ^^^^^^^^^^^^ help: if this is intentional, prefix it with an underscore: `_event_sender`

warning: variable does not need to be mutable
   --> src/interactive_tui.rs:161:13
    |
161 |         let mut accessibility = AccessibilityManager::new();
    |             ----^^^^^^^^^^^^^
    |             |
    |             help: remove this `mut`

warning: unreachable pattern
   --> src/interactive_tui.rs:322:29
    |
239 | ...                   KeyCode::Char(c) => {
    |                       ---------------- matches all the relevant values
...
322 | ...                   KeyCode::Char('?') => {
    |                       ^^^^^^^^^^^^^^^^^^ no value can reach this
    |
    = note: `#[warn(unreachable_patterns)]` on by default

warning: unreachable pattern
   --> src/interactive_tui.rs:329:29
    |
239 | ...                   KeyCode::Char(c) => {
    |                       ---------------- matches all the relevant values
...
329 | ...                   KeyCode::Char('h') if key.modifiers.contains(KeyModifiers::CONTROL) => {
    |                       ^^^^^^^^^^^^^^^^^^ no value can reach this

warning: unreachable pattern
   --> src/interactive_tui.rs:334:29
    |
239 | ...                   KeyCode::Char(c) => {
    |                       ---------------- matches all the relevant values
...
334 | ...                   KeyCode::Char('a') if key.modifiers.contains(KeyModifiers::CONTROL) => {
    |                       ^^^^^^^^^^^^^^^^^^ no value can reach this

warning: unreachable pattern
   --> src/interactive_tui.rs:339:29
    |
239 | ...                   KeyCode::Char(c) => {
    |                       ---------------- matches all the relevant values
...
339 | ...                   KeyCode::Char('p') if key.modifiers.contains(KeyModifiers::CONTROL) => {
    |                       ^^^^^^^^^^^^^^^^^^ no value can reach this

warning: unreachable pattern
   --> src/interactive_tui.rs:345:29
    |
239 | ...                   KeyCode::Char(c) => {
    |                       ---------------- matches all the relevant values
...
345 | ...                   KeyCode::Char('t') if key.modifiers.contains(KeyModifiers::CONTROL) => {
    |                       ^^^^^^^^^^^^^^^^^^ no value can reach this

warning: unused variable: `r`
   --> src/memory/retrieval.rs:351:31
    |
351 |                 .and_modify(|(r, w)| *w += 0.3) // Add keyword weight
    |                               ^ help: if this is intentional, prefix it with an underscore: `_r`

warning: unused variable: `limit`
   --> src/memory/retrieval.rs:373:9
    |
373 |         limit: usize,
    |         ^^^^^ help: if this is intentional, prefix it with an underscore: `_limit`

warning: unused variable: `query_embedding`
   --> src/memory/retrieval.rs:412:9
    |
412 |         query_embedding: &[f32],
    |         ^^^^^^^^^^^^^^^ help: if this is intentional, prefix it with an underscore: `_query_embedding`

warning: unused variable: `stage`
   --> src/memory/thematic_clustering.rs:563:57
    |
563 |     async fn get_thematic_knowledge(&self, query: &str, stage: &str) -> Result<String> {
    |                                                         ^^^^^ help: if this is intentional, prefix it with an underscore: `_stage`

warning: variable does not need to be mutable
   --> src/migration/analyzer.rs:448:9
    |
448 |     let mut profiles = Vec::new();
    |         ----^^^^^^^^
    |         |
    |         help: remove this `mut`

warning: variable does not need to be mutable
   --> src/migration/analyzer.rs:466:9
    |
466 |     let mut feature_compat = 1.0;
    |         ----^^^^^^^^^^^^^^
    |         |
    |         help: remove this `mut`

warning: unused variable: `schema`
   --> src/migration/database.rs:501:5
    |
501 |     schema: &TypeScriptSchema,
    |     ^^^^^^ help: if this is intentional, prefix it with an underscore: `_schema`

warning: unused variable: `target_db`
   --> src/migration/database.rs:586:35
    |
586 | async fn initialize_target_schema(target_db: &Database) -> Result<(), HiveError> {
    |                                   ^^^^^^^^^ help: if this is intentional, prefix it with an underscore: `_target_db`

warning: unused variable: `target`
   --> src/migration/database.rs:594:53
    |
594 | async fn migrate_conversations(source: &SqlitePool, target: &Database) -> Result<(), HiveError> {
    |                                                     ^^^^^^ help: if this is intentional, prefix it with an underscore: `_target`

warning: unused variable: `start_time`
   --> src/migration/database_impl.rs:279:13
    |
279 |         let start_time = std::time::Instant::now();
    |             ^^^^^^^^^^ help: if this is intentional, prefix it with an underscore: `_start_time`

warning: unused variable: `analysis`
   --> src/migration/guide.rs:299:5
    |
299 |     analysis: &TypeScriptAnalysis,
    |     ^^^^^^^^ help: if this is intentional, prefix it with an underscore: `_analysis`

warning: unused variable: `target_db`
   --> src/migration/live_test.rs:315:13
    |
315 |         let target_db = self.create_temp_target_database().await?;
    |             ^^^^^^^^^ help: if this is intentional, prefix it with an underscore: `_target_db`

warning: unused variable: `db`
   --> src/migration/live_test.rs:374:21
    |
374 |                 let db = ProductionDatabase::new(&source_db, &target_db).await?;
    |                     ^^ help: if this is intentional, prefix it with an underscore: `_db`

warning: unused variable: `typescript_db_path`
   --> src/migration/performance.rs:709:5
    |
709 |     typescript_db_path: &std::path::Path,
    |     ^^^^^^^^^^^^^^^^^^ help: if this is intentional, prefix it with an underscore: `_typescript_db_path`

warning: unused variable: `rust_db_path`
   --> src/migration/performance.rs:710:5
    |
710 |     rust_db_path: &std::path::Path,
    |     ^^^^^^^^^^^^ help: if this is intentional, prefix it with an underscore: `_rust_db_path`

warning: unused variable: `result`
   --> src/migration/rollback.rs:519:9
    |
519 |         result: &mut RollbackResult,
    |         ^^^^^^ help: if this is intentional, prefix it with an underscore: `_result`

warning: variable does not need to be mutable
   --> src/migration/rollback.rs:607:9
    |
607 |     let mut manager = RollbackManager::new(config.clone());
    |         ----^^^^^^^
    |         |
    |         help: remove this `mut`

warning: variable `mode_switches` is assigned to, but never used
   --> src/modes/hybrid.rs:197:17
    |
197 |         let mut mode_switches = 0;
    |                 ^^^^^^^^^^^^^
    |
    = note: consider using `_mode_switches` instead

warning: unused variable: `insights`
   --> src/modes/hybrid.rs:274:13
    |
274 |         let insights = self.generate_insights(task, &mode_durations, segments_completed)?;
    |             ^^^^^^^^ help: if this is intentional, prefix it with an underscore: `_insights`

warning: unused variable: `segment`
   --> src/modes/hybrid.rs:439:37
    |
439 |     async fn execute_segment(&self, segment: &TaskSegment, mode: &ModeType) -> HiveResult<()> {
    |                                     ^^^^^^^ help: if this is intentional, prefix it with an underscore: `_segment`

warning: unused variable: `consensus_engine`
   --> src/modes/switcher.rs:160:9
    |
160 |         consensus_engine: &Arc<ConsensusEngine>,
    |         ^^^^^^^^^^^^^^^^ help: if this is intentional, prefix it with an underscore: `_consensus_engine`

warning: unused variable: `mode`
   --> src/planning/mod.rs:299:47
    |
299 |     async fn execute_task(&self, task: &Task, mode: &ModeType) -> HiveResult<TaskExecutionResult> {
    |                                               ^^^^ help: if this is intentional, prefix it with an underscore: `_mode`

warning: unused variable: `index`
   --> src/planning/decomposer.rs:172:20
    |
172 |             .map(|(index, raw)| {
    |                    ^^^^^ help: if this is intentional, prefix it with an underscore: `_index`

warning: value assigned to `potential_impacts` is never read
   --> src/planning/integration.rs:205:17
    |
205 |         let mut potential_impacts = Vec::new();
    |                 ^^^^^^^^^^^^^^^^^
    |
    = help: maybe it is overwritten before being read?

warning: unused variable: `index`
   --> src/planning/integration.rs:208:25
    |
208 |         if let Some(ref index) = self.semantic_index {
    |                         ^^^^^ help: if this is intentional, prefix it with an underscore: `_index`

warning: unused variable: `path`
   --> src/planning/integration.rs:348:39
    |
348 |     async fn calculate_metrics(&self, path: &Path) -> HiveResult<CodeMetrics> {
    |                                       ^^^^ help: if this is intentional, prefix it with an underscore: `_path`

warning: unused variable: `path`
   --> src/planning/integration.rs:390:42
    |
390 |     async fn analyze_dependencies(&self, path: &Path) -> HiveResult<DependencyInfo> {
    |                                          ^^^^ help: if this is intentional, prefix it with an underscore: `_path`

warning: unused variable: `path`
   --> src/planning/integration.rs:400:36
    |
400 |     async fn assess_quality(&self, path: &Path) -> HiveResult<QualityIndicators> {
    |                                    ^^^^ help: if this is intentional, prefix it with an underscore: `_path`

warning: unused variable: `mode`
   --> src/planning/mode_switcher.rs:356:9
    |
356 |         mode: &ModeType,
    |         ^^^^ help: if this is intentional, prefix it with an underscore: `_mode`

warning: unused variable: `context`
   --> src/planning/mode_switcher.rs:357:9
    |
357 |         context: &PlanningContext,
    |         ^^^^^^^ help: if this is intentional, prefix it with an underscore: `_context`

warning: unused variable: `mode`
   --> src/planning/mode_switcher.rs:371:9
    |
371 |         mode: &ModeType,
    |         ^^^^ help: if this is intentional, prefix it with an underscore: `_mode`

warning: unused variable: `preserved`
   --> src/planning/mode_switcher.rs:372:9
    |
372 |         preserved: &PreservedContext,
    |         ^^^^^^^^^ help: if this is intentional, prefix it with an underscore: `_preserved`

warning: unused variable: `context`
   --> src/planning/mode_switcher.rs:373:9
    |
373 |         context: &PlanningContext,
    |         ^^^^^^^ help: if this is intentional, prefix it with an underscore: `_context`

warning: unused variable: `preserved`
   --> src/planning/mode_switcher.rs:384:9
    |
384 |         preserved: &PreservedContext,
    |         ^^^^^^^^^ help: if this is intentional, prefix it with an underscore: `_preserved`

warning: unused variable: `mode`
   --> src/planning/mode_switcher.rs:401:9
    |
401 |         mode: &ModeType,
    |         ^^^^ help: if this is intentional, prefix it with an underscore: `_mode`

warning: unused variable: `preserved`
   --> src/planning/mode_switcher.rs:402:9
    |
402 |         preserved: &PreservedContext,
    |         ^^^^^^^^^ help: if this is intentional, prefix it with an underscore: `_preserved`

warning: variable does not need to be mutable
   --> src/providers/openrouter/performance.rs:475:22
    |
475 |         let (status, mut issues, recommendation) = if let Some(m) = metrics {
    |                      ----^^^^^^
    |                      |
    |                      help: remove this `mut`

warning: variable does not need to be mutable
   --> src/providers/openrouter/streaming.rs:230:9
    |
230 |         mut cancel_rx: oneshot::Receiver<()>,
    |         ----^^^^^^^^^
    |         |
    |         help: remove this `mut`

warning: unused variable: `operation`
   --> src/security/mod.rs:459:9
    |
459 |         operation: Option<&str>,
    |         ^^^^^^^^^ help: if this is intentional, prefix it with an underscore: `_operation`

warning: unused variable: `days`
   --> src/security/audit.rs:597:49
    |
597 |     pub async fn update_retention_policy(&self, days: u32) -> Result<()> {
    |                                                 ^^^^ help: if this is intentional, prefix it with an underscore: `_days`

warning: unused variable: `user_id`
   --> src/security/auth.rs:500:40
    |
500 |     pub async fn reset_password(&self, user_id: &str, new_password: &str) -> Result<()> {
    |                                        ^^^^^^^ help: if this is intentional, prefix it with an underscore: `_user_id`

warning: unused variable: `config`
   --> src/security/auth.rs:575:39
    |
575 |     pub async fn update_config(&self, config: SecurityConfig) -> Result<()> {
    |                                       ^^^^^^ help: if this is intentional, prefix it with an underscore: `_config`

warning: value assigned to `expired_invitations` is never read
   --> src/security/teams.rs:752:17
    |
752 |         let mut expired_invitations = 0;
    |                 ^^^^^^^^^^^^^^^^^^^
    |
    = help: maybe it is overwritten before being read?

warning: unused variable: `config`
  --> src/startup/fast_boot.rs:74:13
   |
74 |         let config = self.load_config_cached().await?;
   |             ^^^^^^ help: if this is intentional, prefix it with an underscore: `_config`

warning: unused variable: `reminders`
   --> src/subscription/reminder.rs:148:36
    |
148 |     async fn save_reminders(&self, reminders: &[SubscriptionReminder]) -> Result<()> {
    |                                    ^^^^^^^^^ help: if this is intentional, prefix it with an underscore: `_reminders`

warning: unused variable: `user_id`
   --> src/subscription/reminder.rs:249:46
    |
249 |     async fn get_license_key_for_user(&self, user_id: &str) -> Result<String> {
    |                                              ^^^^^^^ help: if this is intentional, prefix it with an underscore: `_user_id`

warning: unused variable: `monthly_used`
   --> src/subscription/usage_tracker.rs:259:13
    |
259 |         let monthly_used = usage.monthly_used;
    |             ^^^^^^^^^^^^ help: if this is intentional, prefix it with an underscore: `_monthly_used`

warning: unused variable: `conflicts`
   --> src/transformation/conflict.rs:172:9
    |
172 |         conflicts: Vec<ConflictInfo>,
    |         ^^^^^^^^^ help: if this is intentional, prefix it with an underscore: `_conflicts`

warning: unused variable: `resolutions`
   --> src/transformation/conflict.rs:173:9
    |
173 |         resolutions: HashMap<String, ResolutionAction>,
    |         ^^^^^^^^^^^ help: if this is intentional, prefix it with an underscore: `_resolutions`

warning: unused variable: `changes`
   --> src/transformation/conflict.rs:198:9
    |
198 |         changes: &[CodeChange],
    |         ^^^^^^^ help: if this is intentional, prefix it with an underscore: `_changes`

warning: unused variable: `ast`
  --> src/transformation/engine.rs:72:13
   |
72 |         let ast = parser.parse(&content)?;
   |             ^^^ help: if this is intentional, prefix it with an underscore: `_ast`

warning: variable does not need to be mutable
  --> src/transformation/engine.rs:75:13
   |
75 |         let mut symbol_index = self.symbol_index.lock().await;
   |             ----^^^^^^^^^^^^
   |             |
   |             help: remove this `mut`

warning: variable does not need to be mutable
   --> src/transformation/engine.rs:122:13
    |
122 |         let mut history = self.history.lock().await;
    |             ----^^^^^^^
    |             |
    |             help: remove this `mut`

warning: variable does not need to be mutable
   --> src/transformation/engine.rs:145:13
    |
145 |         let mut history = self.history.lock().await;
    |             ----^^^^^^^
    |             |
    |             help: remove this `mut`

warning: variable does not need to be mutable
   --> src/transformation/engine.rs:156:13
    |
156 |         let mut history = self.history.lock().await;
    |             ----^^^^^^^
    |             |
    |             help: remove this `mut`

warning: unused variable: `tag`
  --> src/transformation/preview.rs:84:18
   |
84 |             let (tag, old_range, new_range) = group[0].as_tag_tuple();
   |                  ^^^ help: if this is intentional, prefix it with an underscore: `_tag`

warning: unused variable: `language`
  --> src/transformation/syntax.rs:79:54
   |
79 |     pub async fn verify_syntax(&self, content: &str, language: Language) -> Result<()> {
   |                                                      ^^^^^^^^ help: if this is intentional, prefix it with an underscore: `_language`

warning: unused variable: `path`
   --> src/tui/advanced/mod.rs:242:29
    |
242 |                 if let Some(path) = self.editor.current_file() {
    |                             ^^^^ help: if this is intentional, prefix it with an underscore: `_path`

warning: unreachable pattern
   --> src/tui/advanced/editor.rs:566:14
    |
561 |             (KeyModifiers::CONTROL, KeyCode::Tab) => {
    |              --------------------- matches all the relevant values
...
566 |             (KeyModifiers::CONTROL | KeyModifiers::SHIFT, KeyCode::Tab) => {
    |              ^^^^^^^^^^^^^^^^^^^^^ no value can reach this

warning: unused variable: `workspace_path`
   --> src/tui/advanced/problems.rs:157:45
    |
157 |     async fn update_git_problems(&mut self, workspace_path: &Path) -> Result<()> {
    |                                             ^^^^^^^^^^^^^^ help: if this is intentional, prefix it with an underscore: `_workspace_path`

warning: unreachable pattern
   --> src/tui/app.rs:252:13
    |
204 |             KeyCode::Char(c) => {
    |             ---------------- matches all the relevant values
...
252 |             KeyCode::Char('h') if key.modifiers.contains(KeyModifiers::CONTROL) => {
    |             ^^^^^^^^^^^^^^^^^^ no value can reach this

warning: unreachable pattern
   --> src/tui/app.rs:256:13
    |
204 |             KeyCode::Char(c) => {
    |             ---------------- matches all the relevant values
...
256 |             KeyCode::Char('a') if key.modifiers.contains(KeyModifiers::CONTROL) => {
    |             ^^^^^^^^^^^^^^^^^^ no value can reach this

warning: unreachable pattern
   --> src/tui/app.rs:260:13
    |
204 |             KeyCode::Char(c) => {
    |             ---------------- matches all the relevant values
...
260 |             KeyCode::Char('p') if key.modifiers.contains(KeyModifiers::CONTROL) => {
    |             ^^^^^^^^^^^^^^^^^^ no value can reach this

warning: unreachable pattern
   --> src/tui/app.rs:279:13
    |
204 |             KeyCode::Char(c) => {
    |             ---------------- matches all the relevant values
...
279 |             KeyCode::Char('l') if key.modifiers.contains(KeyModifiers::CONTROL) => {
    |             ^^^^^^^^^^^^^^^^^^ no value can reach this

warning: unreachable pattern
   --> src/tui/app.rs:285:13
    |
204 |             KeyCode::Char(c) => {
    |             ---------------- matches all the relevant values
...
285 |             KeyCode::Char('?') => {
    |             ^^^^^^^^^^^^^^^^^^ no value can reach this

warning: use of deprecated method `ai_helpers::file_executor::AIHelperFileExecutor::extract_filename`: Pattern matching is not allowed. Use IntelligentExecutor.
   --> src/ai_helpers/file_executor.rs:475:29
    |
475 |         let filename = self.extract_filename(request)
    |                             ^^^^^^^^^^^^^^^^

warning: unreachable expression
  --> src/desktop/mod.rs:89:5
   |
87 |     panic!("desktop::app::App has been removed. Use the App component from src/bin/hive-consensus.rs instead");
   |     ---------------------------------------------------------------------------------------------------------- any code following this expression is unreachable
88 |
89 |     Ok(())
   |     ^^^^^^ unreachable expression
   |
   = note: `#[warn(unreachable_code)]` on by default

warning: unused import: `Context`
  --> src/ai_helpers/context_retriever.rs:10:22
   |
10 | use anyhow::{Result, Context};
   |                      ^^^^^^^

warning: unused import: `Context`
 --> src/analysis/symbol_index.rs:6:22
  |
6 | use anyhow::{anyhow, Context, Result};
  |                      ^^^^^^^

warning: unused import: `Context`
  --> src/analytics/alerts.rs:10:14
   |
10 | use anyhow::{Context, Result};
   |              ^^^^^^^

warning: unused import: `Context`
 --> src/commands/search.rs:6:14
  |
6 | use anyhow::{Context, Result};
  |              ^^^^^^^

warning: unused import: `futures_util::StreamExt`
 --> src/consensus/openrouter.rs:6:5
  |
6 | use futures_util::StreamExt;
  |     ^^^^^^^^^^^^^^^^^^^^^^^

warning: unused import: `Context`
 --> src/consensus/repository_context.rs:6:14
  |
6 | use anyhow::{Context, Result};
  |              ^^^^^^^

warning: unused import: `is_terminal::IsTerminal`
  --> src/core/logging.rs:10:5
   |
10 | use is_terminal::IsTerminal;
   |     ^^^^^^^^^^^^^^^^^^^^^^^

warning: unused import: `TimeZone`
 --> src/core/temporal.rs:5:41
  |
5 | use chrono::{DateTime, Datelike, Local, TimeZone, Timelike};
  |                                         ^^^^^^^^

warning: unused import: `Digest`
  --> src/core/license.rs:12:12
   |
12 | use sha2::{Digest, Sha256};
   |            ^^^^^^

warning: unused import: `backend::Backend`
  --> src/tui/advanced/mod.rs:29:5
   |
29 |     backend::Backend,
   |     ^^^^^^^^^^^^^^^^

warning: unused import: `backend::Backend`
  --> src/tui/advanced/terminal.rs:13:5
   |
13 |     backend::Backend,
   |     ^^^^^^^^^^^^^^^^

warning: unused import: `backend::Backend`
  --> src/tui/advanced/explorer.rs:13:5
   |
13 |     backend::Backend,
   |     ^^^^^^^^^^^^^^^^

warning: unused import: `backend::Backend`
  --> src/tui/advanced/editor.rs:14:5
   |
14 |     backend::Backend,
   |     ^^^^^^^^^^^^^^^^

warning: unused import: `backend::Backend`
  --> src/tui/advanced/consensus.rs:13:5
   |
13 |     backend::Backend,
   |     ^^^^^^^^^^^^^^^^

warning: unused import: `MasterPty`
 --> src/desktop/terminal_pty.rs:6:73
  |
6 | use portable_pty::{CommandBuilder, NativePtySystem, PtySystem, PtySize, MasterPty};
  |                                                                         ^^^^^^^^^

warning: unused import: `std::str::FromStr`
  --> src/desktop/git/repository.rs:10:5
   |
10 | use std::str::FromStr;
   |     ^^^^^^^^^^^^^^^^^

warning: unused import: `dioxus::prelude`
  --> src/desktop/mod.rs:65:5
   |
65 | use dioxus::prelude::*;
   |     ^^^^^^^^^^^^^^^

warning: unused import: `Context`
 --> src/hooks/approval_workflow.rs:7:14
  |
7 | use anyhow::{Context, Result};
  |              ^^^^^^^

warning: unused import: `Context`
  --> src/hooks/consensus_integration.rs:16:14
   |
16 | use anyhow::{Context, Result};
   |              ^^^^^^^

warning: unused import: `Context`
  --> src/hooks/cost_control.rs:12:14
   |
12 | use anyhow::{Context, Result};
   |              ^^^^^^^

warning: unused import: `Context`
  --> src/hooks/quality_gates.rs:12:14
   |
12 | use anyhow::{Context, Result};
   |              ^^^^^^^

warning: unused import: `Generator`
 --> src/install/completions.rs:6:21
  |
6 | use clap_complete::{Generator, Shell};
  |                     ^^^^^^^^^

warning: unused import: `Context`
 --> src/memory/pattern_learning.rs:9:14
  |
9 | use anyhow::{Context as _, Result};
  |              ^^^^^^^

warning: unused import: `Context`
 --> src/memory/retrieval.rs:9:14
  |
9 | use anyhow::{Context as _, Result};
  |              ^^^^^^^

warning: unused import: `Write`
  --> src/migration/ui.rs:22:21
   |
22 | use std::io::{self, Write};
   |                     ^^^^^

warning: unused variable: `result`
   --> src/ai_helpers/context_retriever.rs:810:40
    |
810 |     fn parse_directory_analysis(&self, result: &serde_json::Value, entries: &[String]) -> Result<DirectoryAnalysis> {
    |                                        ^^^^^^ help: if this is intentional, prefix it with an underscore: `_result`

warning: unused variable: `context`
    --> src/ai_helpers/context_retriever.rs:1423:67
     |
1423 |     fn extract_lessons_learned(&self, outcome: &OperationOutcome, context: &OperationContext) -> Vec<String> {
     |                                                                   ^^^^^^^ help: if this is intentional, prefix it with an underscore: `_context`

warning: unused variable: `causes`
    --> src/ai_helpers/context_retriever.rs:1603:53
     |
1603 |     fn suggest_mitigations(&self, error_type: &str, causes: &[String]) -> Vec<String> {
     |                                                     ^^^^^^ help: if this is intentional, prefix it with an underscore: `_causes`

warning: unused variable: `context`
   --> src/ai_helpers/pattern_recognizer.rs:886:67
    |
886 |     fn classify_operation_group(&self, operation: &FileOperation, context: &OperationContext) -> String {
    |                                                                   ^^^^^^^ help: if this is intentional, prefix it with an underscore: `_context`

warning: unused variable: `operations`
   --> src/ai_helpers/pattern_recognizer.rs:921:56
    |
921 |     fn determine_cluster_type(&self, group_type: &str, operations: &[&FileOperation], context: &OperationContext) -> ClusterType {
    |                                                        ^^^^^^^^^^ help: if this is intentional, prefix it with an underscore: `_operations`

warning: unused variable: `context`
    --> src/ai_helpers/pattern_recognizer.rs:1072:71
     |
1072 |     fn detect_risky_combinations(&self, operations: &[FileOperation], context: &OperationContext) -> Option<AntiPattern> {
     |                                                                       ^^^^^^^ help: if this is intentional, prefix it with an underscore: `_context`

warning: unused variable: `context`
    --> src/ai_helpers/pattern_recognizer.rs:1090:68
     |
1090 |     fn detect_poor_separation(&self, operations: &[FileOperation], context: &OperationContext) -> Option<AntiPattern> {
     |                                                                    ^^^^^^^ help: if this is intentional, prefix it with an underscore: `_context`

warning: unused variable: `history`
    --> src/ai_helpers/pattern_recognizer.rs:1325:40
     |
1325 |     fn identify_high_risk_files(&self, history: &[OperationSafetyRecord]) -> Vec<PathBuf> {
     |                                        ^^^^^^^ help: if this is intentional, prefix it with an underscore: `_history`

warning: unused variable: `output`
   --> src/ai_helpers/file_executor.rs:364:42
    |
364 |     fn parse_curator_style_output(&self, output: &str) -> Result<ExecutionPlan> {
    |                                          ^^^^^^ help: if this is intentional, prefix it with an underscore: `_output`

warning: unused variable: `request`
   --> src/ai_helpers/file_executor.rs:465:34
    |
465 |     fn create_simple_plan(&self, request: &str) -> Result<ExecutionPlan> {
    |                                  ^^^^^^^ help: if this is intentional, prefix it with an underscore: `_request`

warning: unused variable: `request`
   --> src/ai_helpers/file_executor.rs:500:32
    |
500 |     fn extract_filename(&self, request: &str) -> Option<String> {
    |                                ^^^^^^^ help: if this is intentional, prefix it with an underscore: `_request`

warning: unused variable: `filename`
   --> src/ai_helpers/file_executor.rs:533:40
    |
533 |     fn generate_default_content(&self, filename: &str) -> String {
    |                                        ^^^^^^^^ help: if this is intentional, prefix it with an underscore: `_filename`

warning: unused variable: `path`
   --> src/analysis/dependency.rs:436:23
    |
436 |             .filter(|(path, &node)| {
    |                       ^^^^ help: if this is intentional, prefix it with an underscore: `_path`

warning: unused variable: `graph`
   --> src/analysis/dependency.rs:559:9
    |
559 |         graph: &DependencyGraph,
    |         ^^^^^ help: if this is intentional, prefix it with an underscore: `_graph`

warning: unused variable: `edges`
   --> src/analysis/dependency.rs:577:9
    |
577 |         edges: &[(PathBuf, PathBuf)],
    |         ^^^^^ help: if this is intentional, prefix it with an underscore: `_edges`

warning: unused variable: `language`
   --> src/analysis/fast_parse.rs:492:9
    |
492 |         language: &str,
    |         ^^^^^^^^ help: if this is intentional, prefix it with an underscore: `_language`

warning: unused variable: `allowed_dependencies`
    --> src/analysis/repository_intelligence.rs:1822:13
     |
1822 |         let allowed_dependencies = match layer_name {
     |             ^^^^^^^^^^^^^^^^^^^^ help: if this is intentional, prefix it with an underscore: `_allowed_dependencies`

warning: unused variable: `module`
    --> src/analysis/repository_intelligence.rs:1832:13
     |
1832 |         for module in modules {
     |             ^^^^^^ help: if this is intentional, prefix it with an underscore: `_module`

warning: unused variable: `dependencies`
    --> src/analysis/repository_intelligence.rs:1817:9
     |
1817 |         dependencies: &DependencyAnalysis,
     |         ^^^^^^^^^^^^ help: if this is intentional, prefix it with an underscore: `_dependencies`

warning: variable does not need to be mutable
    --> src/analysis/repository_intelligence.rs:1819:13
     |
1819 |         let mut violations = Vec::new();
     |             ----^^^^^^^^^^
     |             |
     |             help: remove this `mut`

warning: unused variable: `dependencies`
    --> src/analysis/repository_intelligence.rs:2160:9
     |
2160 |         dependencies: &DependencyAnalysis,
     |         ^^^^^^^^^^^^ help: if this is intentional, prefix it with an underscore: `_dependencies`

warning: unused variable: `dependencies`
    --> src/analysis/repository_intelligence.rs:2222:9
     |
2222 |         dependencies: &DependencyAnalysis,
     |         ^^^^^^^^^^^^ help: if this is intentional, prefix it with an underscore: `_dependencies`

warning: unused variable: `dependencies`
    --> src/analysis/repository_intelligence.rs:2280:9
     |
2280 |         dependencies: &DependencyAnalysis,
     |         ^^^^^^^^^^^^ help: if this is intentional, prefix it with an underscore: `_dependencies`

warning: unused variable: `dependencies`
    --> src/analysis/repository_intelligence.rs:2320:9
     |
2320 |         dependencies: &DependencyAnalysis,
     |         ^^^^^^^^^^^^ help: if this is intentional, prefix it with an underscore: `_dependencies`

warning: unused variable: `height`
   --> src/analytics/dashboard.rs:889:57
    |
889 |     fn render_ascii(&self, widget: &Widget, width: u16, height: u16) -> Result<String> {
    |                                                         ^^^^^^ help: if this is intentional, prefix it with an underscore: `_height`

warning: unused variable: `height`
   --> src/analytics/dashboard.rs:941:57
    |
941 |     fn render_ascii(&self, widget: &Widget, width: u16, height: u16) -> Result<String> {
    |                                                         ^^^^^^ help: if this is intentional, prefix it with an underscore: `_height`

warning: unused variable: `height`
   --> src/analytics/dashboard.rs:999:57
    |
999 |     fn render_ascii(&self, widget: &Widget, width: u16, height: u16) -> Result<String> {
    |                                                         ^^^^^^ help: if this is intentional, prefix it with an underscore: `_height`

warning: unused variable: `data`
   --> src/analytics/executive.rs:593:39
    |
593 |     fn create_usage_trend_data(&self, data: &ExecutiveData) -> Result<serde_json::Value> {
    |                                       ^^^^ help: if this is intentional, prefix it with an underscore: `_data`

warning: unused variable: `data`
   --> src/analytics/executive.rs:622:42
    |
622 |     fn create_cost_breakdown_data(&self, data: &ExecutiveData) -> Result<serde_json::Value> {
    |                                          ^^^^ help: if this is intentional, prefix it with an underscore: `_data`

warning: unused variable: `width`
    --> src/analytics/executive.rs:1058:13
     |
1058 |         let width = viz.options.width as usize;
     |             ^^^^^ help: if this is intentional, prefix it with an underscore: `_width`

warning: unused variable: `height`
    --> src/analytics/executive.rs:1059:13
     |
1059 |         let height = viz.options.height as usize;
     |             ^^^^^^ help: if this is intentional, prefix it with an underscore: `_height`

warning: unused variable: `viz`
    --> src/analytics/executive.rs:1074:32
     |
1074 |     fn render_bar_chart(&self, viz: &Visualization) -> Result<String> {
     |                                ^^^ help: if this is intentional, prefix it with an underscore: `_viz`

warning: unused variable: `viz`
    --> src/analytics/executive.rs:1086:32
     |
1086 |     fn render_pie_chart(&self, viz: &Visualization) -> Result<String> {
     |                                ^^^ help: if this is intentional, prefix it with an underscore: `_viz`

warning: unused variable: `viz`
    --> src/analytics/executive.rs:1133:32
     |
1133 |     fn render_sparkline(&self, viz: &Visualization) -> Result<String> {
     |                                ^^^ help: if this is intentional, prefix it with an underscore: `_viz`

warning: unused variable: `last_value`
   --> src/analytics/ml_models.rs:708:13
    |
708 |         let last_value = values.last().ok_or_else(|| anyhow::anyhow!("No data"))?;
    |             ^^^^^^^^^^ help: if this is intentional, prefix it with an underscore: `_last_value`

warning: unused variable: `values`
   --> src/analytics/ml_models.rs:834:9
    |
834 |         values: &[f64],
    |         ^^^^^^ help: if this is intentional, prefix it with an underscore: `_values`

warning: unused variable: `timestamps`
   --> src/analytics/ml_models.rs:835:9
    |
835 |         timestamps: &[DateTime<Utc>],
    |         ^^^^^^^^^^ help: if this is intentional, prefix it with an underscore: `_timestamps`

warning: unused variable: `filters`
   --> src/analytics/templates.rs:850:9
    |
850 |         filters: &HashMap<String, String>,
    |         ^^^^^^^ help: if this is intentional, prefix it with an underscore: `_filters`

warning: unused variable: `model`
   --> src/analytics/trend_analysis.rs:478:9
    |
478 |         model: &TimeSeriesModel,
    |         ^^^^^ help: if this is intentional, prefix it with an underscore: `_model`

warning: unused variable: `predictions`
   --> src/analytics/trend_analysis.rs:479:9
    |
479 |         predictions: &[PredictionPoint],
    |         ^^^^^^^^^^^ help: if this is intentional, prefix it with an underscore: `_predictions`

warning: unused variable: `predictions`
   --> src/analytics/trend_analysis.rs:539:9
    |
539 |         predictions: &[TrendPrediction],
    |         ^^^^^^^^^^^ help: if this is intentional, prefix it with an underscore: `_predictions`

warning: unused variable: `period`
   --> src/analytics/trend_analysis.rs:733:51
    |
733 |     fn calculate_amplitude(&self, values: &[f64], period: usize) -> f64 {
    |                                                   ^^^^^^ help: if this is intentional, prefix it with an underscore: `_period`

warning: unused variable: `i`
   --> src/analytics/trend_analysis.rs:758:14
    |
758 |         for (i, point) in data.iter().enumerate() {
    |              ^ help: if this is intentional, prefix it with an underscore: `_i`

warning: unused variable: `data`
   --> src/analytics/trend_analysis.rs:889:24
    |
889 |     fn accuracy(&self, data: &[DataPoint]) -> f64 {
    |                        ^^^^ help: if this is intentional, prefix it with an underscore: `_data`

warning: unused variable: `data`
   --> src/analytics/trend_analysis.rs:959:24
    |
959 |     fn accuracy(&self, data: &[DataPoint]) -> f64 {
    |                        ^^^^ help: if this is intentional, prefix it with an underscore: `_data`

warning: unused variable: `data`
    --> src/analytics/trend_analysis.rs:1037:24
     |
1037 |     fn accuracy(&self, data: &[DataPoint]) -> f64 {
     |                        ^^^^ help: if this is intentional, prefix it with an underscore: `_data`

warning: unused variable: `chart_data`
   --> src/commands/analytics.rs:401:23
    |
401 |             if let Ok(chart_data) = serde_json::from_value::<serde_json::Value>(widget.data.clone())
    |                       ^^^^^^^^^^ help: if this is intentional, prefix it with an underscore: `_chart_data`

warning: unused variable: `avg_stage_time`
   --> src/commands/consensus.rs:460:9
    |
460 |     let avg_stage_time = total_duration.as_millis() / result.stages.len() as u128;
    |         ^^^^^^^^^^^^^^ help: if this is intentional, prefix it with an underscore: `_avg_stage_time`

warning: unused variable: `model`
   --> src/consensus/openrouter.rs:382:9
    |
382 |         model: &str,
    |         ^^^^^ help: if this is intentional, prefix it with an underscore: `_model`

warning: unused variable: `db`
   --> src/consensus/pipeline.rs:214:25
    |
214 |         if let Some(ref db) = self.database {
    |                         ^^ help: if this is intentional, prefix it with an underscore: `_db`

warning: unused variable: `question`
  --> src/consensus/stages/curator.rs:76:48
   |
76 |     pub fn build_curation_system_prompt(&self, question: &str, response: &str) -> String {
   |                                                ^^^^^^^^ help: if this is intentional, prefix it with an underscore: `_question`

warning: unused variable: `question`
   --> src/consensus/stages/curator.rs:100:61
    |
100 |     pub fn structure_curation_context(&self, context: &str, question: &str) -> String {
    |                                                             ^^^^^^^^ help: if this is intentional, prefix it with an underscore: `_question`

warning: variable does not need to be mutable
   --> src/consensus/stages/curator.rs:309:13
    |
309 |         let mut enhanced = content.to_string();
    |             ----^^^^^^^^
    |             |
    |             help: remove this `mut`

warning: unused variable: `question`
   --> src/consensus/stages/curator.rs:354:48
    |
354 |     pub fn add_structure(&self, content: &str, question: &str) -> String {
    |                                                ^^^^^^^^ help: if this is intentional, prefix it with an underscore: `_question`

warning: unused variable: `question`
  --> src/consensus/stages/refiner.rs:72:9
   |
72 |         question: &str,
   |         ^^^^^^^^ help: if this is intentional, prefix it with an underscore: `_question`

warning: unused variable: `question`
  --> src/consensus/stages/refiner.rs:89:60
   |
89 |     pub fn structure_refiner_context(&self, context: &str, question: &str) -> String {
   |                                                            ^^^^^^^^ help: if this is intentional, prefix it with an underscore: `_question`

warning: unused variable: `question`
  --> src/consensus/stages/validator.rs:84:59
   |
84 |     pub fn build_enhanced_validation_system_prompt(&self, question: &str, response: &str, content_type: &str) -> String {
   |                                                           ^^^^^^^^ help: if this is intentional, prefix it with an underscore: `_question`

warning: unused variable: `response`
  --> src/consensus/stages/validator.rs:84:75
   |
84 |     pub fn build_enhanced_validation_system_prompt(&self, question: &str, response: &str, content_type: &str) -> String {
   |                                                                           ^^^^^^^^ help: if this is intentional, prefix it with an underscore: `_response`

warning: unused variable: `question`
   --> src/consensus/stages/validator.rs:123:63
    |
123 |     pub fn structure_validation_context(&self, context: &str, question: &str) -> String {
    |                                                               ^^^^^^^^ help: if this is intentional, prefix it with an underscore: `_question`

warning: unused variable: `profile_name`
  --> src/consensus/streaming.rs:43:33
   |
43 |     fn on_profile_loaded(&self, profile_name: &str, models: &[String]) -> Result<()> {
   |                                 ^^^^^^^^^^^^ help: if this is intentional, prefix it with an underscore: `_profile_name`

warning: unused variable: `models`
  --> src/consensus/streaming.rs:43:53
   |
43 |     fn on_profile_loaded(&self, profile_name: &str, models: &[String]) -> Result<()> {
   |                                                     ^^^^^^ help: if this is intentional, prefix it with an underscore: `_models`

warning: unused variable: `stage`
  --> src/consensus/streaming.rs:48:30
   |
48 |     fn on_stage_start(&self, stage: Stage, model: &str) -> Result<()> {
   |                              ^^^^^ help: if this is intentional, prefix it with an underscore: `_stage`

warning: unused variable: `model`
  --> src/consensus/streaming.rs:48:44
   |
48 |     fn on_stage_start(&self, stage: Stage, model: &str) -> Result<()> {
   |                                            ^^^^^ help: if this is intentional, prefix it with an underscore: `_model`

warning: unused variable: `stage`
  --> src/consensus/streaming.rs:53:30
   |
53 |     fn on_stage_chunk(&self, stage: Stage, chunk: &str, total_content: &str) -> Result<()> {
   |                              ^^^^^ help: if this is intentional, prefix it with an underscore: `_stage`

warning: unused variable: `chunk`
  --> src/consensus/streaming.rs:53:44
   |
53 |     fn on_stage_chunk(&self, stage: Stage, chunk: &str, total_content: &str) -> Result<()> {
   |                                            ^^^^^ help: if this is intentional, prefix it with an underscore: `_chunk`

warning: unused variable: `total_content`
  --> src/consensus/streaming.rs:53:57
   |
53 |     fn on_stage_chunk(&self, stage: Stage, chunk: &str, total_content: &str) -> Result<()> {
   |                                                         ^^^^^^^^^^^^^ help: if this is intentional, prefix it with an underscore: `_total_content`

warning: unused variable: `stage`
  --> src/consensus/streaming.rs:58:33
   |
58 |     fn on_stage_progress(&self, stage: Stage, progress: ProgressInfo) -> Result<()> {
   |                                 ^^^^^ help: if this is intentional, prefix it with an underscore: `_stage`

warning: unused variable: `progress`
  --> src/consensus/streaming.rs:58:47
   |
58 |     fn on_stage_progress(&self, stage: Stage, progress: ProgressInfo) -> Result<()> {
   |                                               ^^^^^^^^ help: if this is intentional, prefix it with an underscore: `_progress`

warning: unused variable: `stage`
  --> src/consensus/streaming.rs:63:33
   |
63 |     fn on_stage_complete(&self, stage: Stage, result: &StageResult) -> Result<()> {
   |                                 ^^^^^ help: if this is intentional, prefix it with an underscore: `_stage`

warning: unused variable: `result`
  --> src/consensus/streaming.rs:63:47
   |
63 |     fn on_stage_complete(&self, stage: Stage, result: &StageResult) -> Result<()> {
   |                                               ^^^^^^ help: if this is intentional, prefix it with an underscore: `_result`

warning: unused variable: `stage`
  --> src/consensus/streaming.rs:68:24
   |
68 |     fn on_error(&self, stage: Stage, error: &anyhow::Error) -> Result<()> {
   |                        ^^^^^ help: if this is intentional, prefix it with an underscore: `_stage`

warning: unused variable: `error`
  --> src/consensus/streaming.rs:68:38
   |
68 |     fn on_error(&self, stage: Stage, error: &anyhow::Error) -> Result<()> {
   |                                      ^^^^^ help: if this is intentional, prefix it with an underscore: `_error`

warning: unused variable: `remaining`
  --> src/consensus/streaming.rs:73:35
   |
73 |     fn on_d1_authorization(&self, remaining: u32) -> Result<()> {
   |                                   ^^^^^^^^^ help: if this is intentional, prefix it with an underscore: `_remaining`

warning: unused variable: `operations`
  --> src/consensus/streaming.rs:93:9
   |
93 |         operations: Vec<crate::consensus::ai_operation_parser::FileOperationWithMetadata>,
   |         ^^^^^^^^^^ help: if this is intentional, prefix it with an underscore: `_operations`

warning: unused variable: `stage`
   --> src/consensus/streaming.rs:121:30
    |
121 |     fn on_stage_chunk(&self, stage: Stage, chunk: &str, _total_content: &str) -> Result<()> {
    |                              ^^^^^ help: if this is intentional, prefix it with an underscore: `_stage`

warning: unused variable: `context`
   --> src/consensus/operation_history.rs:575:9
    |
575 |         context: &OperationContext,
    |         ^^^^^^^ help: if this is intentional, prefix it with an underscore: `_context`

warning: unused variable: `path1_str`
   --> src/consensus/operation_clustering.rs:584:13
    |
584 |         let path1_str = path1.to_string_lossy();
    |             ^^^^^^^^^ help: if this is intentional, prefix it with an underscore: `_path1_str`

warning: unused variable: `path2_str`
   --> src/consensus/operation_clustering.rs:585:13
    |
585 |         let path2_str = path2.to_string_lossy();
    |             ^^^^^^^^^ help: if this is intentional, prefix it with an underscore: `_path2_str`

warning: unused variable: `graph`
   --> src/consensus/operation_clustering.rs:597:28
    |
597 |     fn break_cycles(&self, graph: &mut DiGraph<String, ()>, node_map: &HashMap<String, NodeIndex>) -> Result<()> {
    |                            ^^^^^ help: if this is intentional, prefix it with an underscore: `_graph`

warning: unused variable: `node_map`
   --> src/consensus/operation_clustering.rs:597:61
    |
597 |     fn break_cycles(&self, graph: &mut DiGraph<String, ()>, node_map: &HashMap<String, NodeIndex>) -> Result<()> {
    |                                                             ^^^^^^^^ help: if this is intentional, prefix it with an underscore: `_node_map`

warning: unused variable: `context`
   --> src/consensus/confidence_scoring.rs:712:64
    |
712 |     fn predict_adjustment(&self, operations: &[FileOperation], context: &OperationContext) -> Result<f32> {
    |                                                                ^^^^^^^ help: if this is intentional, prefix it with an underscore: `_context`

warning: value assigned to `operation_pattern` is never read
   --> src/consensus/operation_parser.rs:290:17
    |
290 |         let mut operation_pattern = None;
    |                 ^^^^^^^^^^^^^^^^^
    |
    = help: maybe it is overwritten before being read?

warning: unused variable: `operation`
   --> src/consensus/operation_parser.rs:595:56
    |
595 |     fn extract_operation_context(&self, section: &str, operation: &FileOperation) -> Result<OperationContext> {
    |                                                        ^^^^^^^^^ help: if this is intentional, prefix it with an underscore: `_operation`

warning: unused variable: `path_str`
   --> src/consensus/operation_validator.rs:466:13
    |
466 |         let path_str = path.to_string_lossy();
    |             ^^^^^^^^ help: if this is intentional, prefix it with an underscore: `_path_str`

warning: variable does not need to be mutable
   --> src/consensus/operation_validator.rs:592:17
    |
592 |             let mut in_comment = false;
    |                 ----^^^^^^^^^^
    |                 |
    |                 help: remove this `mut`

warning: unused variable: `content`
   --> src/consensus/operation_validator.rs:627:24
    |
627 |     fn validate(&self, content: &str) -> std::pin::Pin<Box<dyn std::future::Future<Output = Result<ValidationCheck>> + Send + '_>> {
    |                        ^^^^^^^ help: if this is intentional, prefix it with an underscore: `_content`

warning: unused variable: `content`
   --> src/consensus/operation_validator.rs:644:24
    |
644 |     fn validate(&self, content: &str) -> std::pin::Pin<Box<dyn std::future::Future<Output = Result<ValidationCheck>> + Send + '_>> {
    |                        ^^^^^^^ help: if this is intentional, prefix it with an underscore: `_content`

warning: unused variable: `warnings`
    --> src/consensus/operation_validator.rs:1013:9
     |
1013 |         warnings: &[ValidationWarning],
     |         ^^^^^^^^ help: if this is intentional, prefix it with an underscore: `_warnings`

warning: unused variable: `to`
   --> src/consensus/operation_preview.rs:676:43
    |
676 |             FileOperation::Rename { from, to } => {
    |                                           ^^ help: try ignoring the field: `to: _`

warning: unused variable: `after`
   --> src/consensus/operation_preview.rs:642:9
    |
642 |         after: &FileState,
    |         ^^^^^ help: if this is intentional, prefix it with an underscore: `_after`

warning: unused variable: `clusters`
   --> src/consensus/operation_preview.rs:914:9
    |
914 |         clusters: Option<&[OperationCluster]>,
    |         ^^^^^^^^ help: if this is intentional, prefix it with an underscore: `_clusters`

warning: unused variable: `node_map`
   --> src/consensus/dependency_graph.rs:613:75
    |
613 | ...tionNode, DependencyEdge>, node_map: &HashMap<String, NodeIndex>) -> Result<Vec<Vec<String>>> {
    |                               ^^^^^^^^ help: if this is intentional, prefix it with an underscore: `_node_map`

warning: unused variable: `node_map`
   --> src/consensus/dependency_graph.rs:786:9
    |
786 |         node_map: &HashMap<String, NodeIndex>,
    |         ^^^^^^^^ help: if this is intentional, prefix it with an underscore: `_node_map`

warning: unused variable: `group_dependencies`
   --> src/consensus/dependency_graph.rs:860:17
    |
860 |         let mut group_dependencies: HashMap<usize, Vec<usize>> = HashMap::new();
    |                 ^^^^^^^^^^^^^^^^^^ help: if this is intentional, prefix it with an underscore: `_group_dependencies`

warning: variable does not need to be mutable
   --> src/consensus/dependency_graph.rs:860:13
    |
860 |         let mut group_dependencies: HashMap<usize, Vec<usize>> = HashMap::new();
    |             ----^^^^^^^^^^^^^^^^^^
    |             |
    |             help: remove this `mut`

warning: unused variable: `id`
   --> src/consensus/dependency_graph.rs:972:14
    |
972 |         for (id, &idx) in node_map {
    |              ^^ help: if this is intentional, prefix it with an underscore: `_id`

warning: unused variable: `incoming`
   --> src/consensus/dependency_graph.rs:974:17
    |
974 |             let incoming = graph.edges_directed(idx, petgraph::Direction::Incoming).count();
    |                 ^^^^^^^^ help: if this is intentional, prefix it with an underscore: `_incoming`

warning: unused variable: `id`
    --> src/consensus/dependency_graph.rs:1001:14
     |
1001 |         for (id, &idx) in node_map {
     |              ^^ help: if this is intentional, prefix it with an underscore: `_id`

warning: unused variable: `chunk`
   --> src/consensus/rollback_plan.rs:596:19
    |
596 |         for (idx, chunk) in operations.chunks(self.config.checkpoint_interval).enumerate() {
    |                   ^^^^^ help: if this is intentional, prefix it with an underscore: `_chunk`

warning: unused variable: `path`
   --> src/consensus/rollback_planner.rs:896:37
    |
896 |             FileOperation::Delete { path } => {
    |                                     ^^^^ help: try ignoring the field: `path: _`

warning: unused variable: `content`
   --> src/consensus/rollback_planner.rs:900:43
    |
900 |             FileOperation::Update { path, content } => {
    |                                           ^^^^^^^ help: try ignoring the field: `content: _`

warning: unused variable: `path`
   --> src/consensus/rollback_planner.rs:908:37
    |
908 |             FileOperation::Append { path, .. } => {
    |                                     ^^^^-
    |                                     |
    |                                     help: try removing the field

warning: unused variable: `execution_order`
    --> src/consensus/rollback_planner.rs:1002:57
     |
1002 |     fn calculate_step_dependencies(&self, index: usize, execution_order: &[String]) -> Vec<usize> {
     |                                                         ^^^^^^^^^^^^^^^ help: if this is intentional, prefix it with an underscore: `_execution_order`

warning: unused variable: `operations`
    --> src/consensus/rollback_planner.rs:1011:69
     |
1011 |     fn add_verification_steps(&self, steps: &mut Vec<RollbackStep>, operations: &[EnhancedFileOperation]) -> Result<()> {
     |                                                                     ^^^^^^^^^^ help: if this is intentional, prefix it with an underscore: `_operations`

warning: unused variable: `operation`
   --> src/consensus/safety_guardrails.rs:788:24
    |
788 |     fn validate(&self, operation: &EnhancedFileOperation, _context: &SafetyContext) -> Result<SafetyValidationResult> {
    |                        ^^^^^^^^^ help: if this is intentional, prefix it with an underscore: `_operation`

warning: unused variable: `operation`
   --> src/consensus/safety_guardrails.rs:877:24
    |
877 |     fn validate(&self, operation: &EnhancedFileOperation, _context: &SafetyContext) -> Result<SafetyValidationResult> {
    |                        ^^^^^^^^^ help: if this is intentional, prefix it with an underscore: `_operation`

warning: value assigned to `confidence` is never read
   --> src/consensus/ai_operation_parser.rs:398:13
    |
398 |             confidence *= 0.6;
    |             ^^^^^^^^^^
    |
    = help: maybe it is overwritten before being read?

warning: variable `confidence` is assigned to, but never used
   --> src/consensus/ai_operation_parser.rs:364:13
    |
364 |         mut confidence: f32,
    |             ^^^^^^^^^^
    |
    = note: consider using `_confidence` instead

warning: unused variable: `operation`
   --> src/consensus/operation_preview_generator.rs:540:9
    |
540 |         operation: &FileOperation,
    |         ^^^^^^^^^ help: if this is intentional, prefix it with an underscore: `_operation`

warning: unused variable: `after`
   --> src/consensus/operation_preview_generator.rs:807:9
    |
807 |         after: &FileState,
    |         ^^^^^ help: if this is intentional, prefix it with an underscore: `_after`

warning: unused variable: `diff`
   --> src/consensus/operation_preview_generator.rs:834:60
    |
834 |     fn assess_complexity(&self, operation: &FileOperation, diff: &DiffView) -> ComplexityLevel {
    |                                                            ^^^^ help: if this is intentional, prefix it with an underscore: `_diff`

warning: unused variable: `after`
   --> src/consensus/operation_preview_generator.rs:869:9
    |
869 |         after: &FileState,
    |         ^^^^^ help: if this is intentional, prefix it with an underscore: `_after`

warning: unused variable: `to`
   --> src/consensus/operation_preview_generator.rs:908:43
    |
908 |             FileOperation::Rename { from, to } => {
    |                                           ^^ help: try ignoring the field: `to: _`

warning: unused variable: `before`
   --> src/consensus/operation_preview_generator.rs:896:9
    |
896 |         before: &FileState,
    |         ^^^^^^ help: if this is intentional, prefix it with an underscore: `_before`

warning: unused variable: `after`
   --> src/consensus/operation_preview_generator.rs:897:9
    |
897 |         after: &FileState,
    |         ^^^^^ help: if this is intentional, prefix it with an underscore: `_after`

warning: unused variable: `operation`
   --> src/consensus/operation_preview_generator.rs:925:9
    |
925 |         operation: &FileOperation,
    |         ^^^^^^^^^ help: if this is intentional, prefix it with an underscore: `_operation`

warning: unused variable: `before`
   --> src/consensus/operation_preview_generator.rs:926:9
    |
926 |         before: &FileState,
    |         ^^^^^^ help: if this is intentional, prefix it with an underscore: `_before`

warning: unused variable: `idx`
   --> src/consensus/rollback_planner_v2.rs:313:14
    |
313 |         for (idx, existing) in existing_ops.iter().enumerate() {
    |              ^^^ help: if this is intentional, prefix it with an underscore: `_idx`

warning: unused variable: `answer`
   --> src/core/memory.rs:800:56
    |
800 |     fn process_conversation(&mut self, question: &str, answer: &str) -> Result<()> {
    |                                                        ^^^^^^ help: if this is intentional, prefix it with an underscore: `_answer`

warning: unused variable: `content`
  --> src/desktop/ai_ui_events.rs:99:49
   |
99 |             AIHelperUIEvent::CreateFile { path, content, open_after_create } => {
   |                                                 ^^^^^^^ help: try ignoring the field: `content: _`

warning: unused variable: `e`
   --> src/desktop/chat.rs:138:48
    |
138 | ...                   onmouseover: move |e| {
    |                                          ^ help: if this is intentional, prefix it with an underscore: `_e`

warning: variable does not need to be mutable
   --> src/desktop/chat.rs:142:37
    |
142 | ...                   let mut app_state = use_context::<Signal<AppState>>();
    |                           ----^^^^^^^^^
    |                           |
    |                           help: remove this `mut`

warning: unused variable: `is_error`
   --> src/desktop/chat.rs:192:9
    |
192 |     let is_error = matches!(message.message_type, MessageType::Error);
    |         ^^^^^^^^ help: if this is intentional, prefix it with an underscore: `_is_error`

warning: variable does not need to be mutable
   --> src/desktop/chat.rs:391:9
    |
391 |     let mut app_state = use_context::<Signal<AppState>>();
    |         ----^^^^^^^^^
    |         |
    |         help: remove this `mut`

warning: variable does not need to be mutable
   --> src/desktop/chat.rs:397:9
    |
397 |     let mut show_onboarding = use_context::<Signal<bool>>();
    |         ----^^^^^^^^^^^^^^^
    |         |
    |         help: remove this `mut`

warning: unused variable: `hover_color`
  --> src/desktop/components/common.rs:35:32
   |
35 |     let (bg_color, text_color, hover_color) = match props.variant {
   |                                ^^^^^^^^^^^ help: if this is intentional, prefix it with an underscore: `_hover_color`

warning: unused variable: `language`
   --> src/desktop/components/operation_preview.rs:688:36
    |
688 | fn syntax_highlight(content: &str, language: Option<&str>, theme: &ThemeColors) -> String {
    |                                    ^^^^^^^^ help: if this is intentional, prefix it with an underscore: `_language`

warning: unused variable: `idx`
   --> src/desktop/components/approval_interface.rs:287:26
    |
287 |                     for (idx, &op_idx) in filtered_operations.iter().enumerate() {
    |                          ^^^ help: if this is intentional, prefix it with an underscore: `_idx`

warning: unused variable: `color`
   --> src/desktop/components/approval_interface.rs:605:16
    |
605 |     let (icon, color) = match &props.operation.operation {
    |                ^^^^^ help: if this is intentional, prefix it with an underscore: `_color`

warning: unused variable: `op`
   --> src/desktop/components/approval_interface.rs:891:24
    |
891 |         .filter(|(idx, op)| {
    |                        ^^ help: if this is intentional, prefix it with an underscore: `_op`

warning: unused variable: `color`
   --> src/desktop/components/progress_indicators.rs:606:16
    |
606 |     let (icon, color) = match &props.operation.operation {
    |                ^^^^^ help: if this is intentional, prefix it with an underscore: `_color`

warning: variable does not need to be mutable
  --> src/desktop/components/notifications.rs:77:9
   |
77 |     let mut next_id = use_signal(|| 0usize);
   |         ----^^^^^^^
   |         |
   |         help: remove this `mut`

warning: unused variable: `idx`
   --> src/desktop/components/notifications.rs:412:34
    |
412 | ...                   for (idx, op) in props.last_batch.iter().enumerate().take(5) {
    |                            ^^^ help: if this is intentional, prefix it with an underscore: `_idx`

warning: unused variable: `notification_type`
   --> src/desktop/components/notifications.rs:503:9
    |
503 |         notification_type: NotificationType,
    |         ^^^^^^^^^^^^^^^^^ help: if this is intentional, prefix it with an underscore: `_notification_type`

warning: unused variable: `title`
   --> src/desktop/components/notifications.rs:504:9
    |
504 |         title: String,
    |         ^^^^^ help: if this is intentional, prefix it with an underscore: `_title`

warning: unused variable: `message`
   --> src/desktop/components/notifications.rs:505:9
    |
505 |         message: String,
    |         ^^^^^^^ help: if this is intentional, prefix it with an underscore: `_message`

warning: unused variable: `details`
   --> src/desktop/components/notifications.rs:506:9
    |
506 |         details: Option<String>,
    |         ^^^^^^^ help: if this is intentional, prefix it with an underscore: `_details`

warning: unused variable: `operation`
   --> src/desktop/components/notifications.rs:507:9
    |
507 |         operation: Option<FileOperationWithMetadata>,
    |         ^^^^^^^^^ help: if this is intentional, prefix it with an underscore: `_operation`

warning: unused variable: `operations`
   --> src/desktop/components/notifications.rs:549:41
    |
549 |     pub fn add_auto_accept_batch(&self, operations: Vec<FileOperationWithMetadata>) {
    |                                         ^^^^^^^^^^ help: if this is intentional, prefix it with an underscore: `_operations`

warning: unused variable: `idx`
  --> src/desktop/components/inline_operation_display.rs:86:18
   |
86 |             for (idx, section) in split_content_with_operations(&content, &operations).into_iter().enumerate() {
   |                  ^^^ help: if this is intentional, prefix it with an underscore: `_idx`

warning: variable does not need to be mutable
   --> src/desktop/dialogs/mod.rs:332:9
    |
332 |     let mut editing_profile_id = use_signal(|| None::<String>);
    |         ----^^^^^^^^^^^^^^^^^^
    |         |
    |         help: remove this `mut`

warning: unused variable: `continue_creating_profiles`
    --> src/desktop/dialogs/mod.rs:1244:13
     |
1244 |     let mut continue_creating_profiles = use_signal(|| false);
     |             ^^^^^^^^^^^^^^^^^^^^^^^^^^ help: if this is intentional, prefix it with an underscore: `_continue_creating_profiles`

warning: variable does not need to be mutable
    --> src/desktop/dialogs/mod.rs:1201:9
     |
1201 |     let mut is_validating = use_signal(|| false);
     |         ----^^^^^^^^^^^^^
     |         |
     |         help: remove this `mut`

warning: variable does not need to be mutable
    --> src/desktop/dialogs/mod.rs:1204:9
     |
1204 |     let mut selected_profile = use_signal(|| String::new());
     |         ----^^^^^^^^^^^^^^^^
     |         |
     |         help: remove this `mut`

warning: variable does not need to be mutable
    --> src/desktop/dialogs/mod.rs:1205:9
     |
1205 |     let mut default_profile_id = use_signal(|| None::<String>);
     |         ----^^^^^^^^^^^^^^^^^^
     |         |
     |         help: remove this `mut`

warning: variable does not need to be mutable
    --> src/desktop/dialogs/mod.rs:1238:9
     |
1238 |     let mut selected_profile_id = use_signal(|| None::<String>);
     |         ----^^^^^^^^^^^^^^^^^^^
     |         |
     |         help: remove this `mut`

warning: variable does not need to be mutable
    --> src/desktop/dialogs/mod.rs:1239:9
     |
1239 |     let mut existing_profiles = use_signal(|| Vec::<ProfileInfo>::new());
     |         ----^^^^^^^^^^^^^^^^^
     |         |
     |         help: remove this `mut`

warning: variable does not need to be mutable
    --> src/desktop/dialogs/mod.rs:1240:9
     |
1240 |     let mut is_creating_profile = use_signal(|| false);
     |         ----^^^^^^^^^^^^^^^^^^^
     |         |
     |         help: remove this `mut`

warning: variable does not need to be mutable
    --> src/desktop/dialogs/mod.rs:1241:9
     |
1241 |     let mut profile_error = use_signal(|| None::<String>);
     |         ----^^^^^^^^^^^^^
     |         |
     |         help: remove this `mut`

warning: variable does not need to be mutable
    --> src/desktop/dialogs/mod.rs:1242:9
     |
1242 |     let mut profiles_created = use_signal(|| Vec::<String>::new());
     |         ----^^^^^^^^^^^^^^^^
     |         |
     |         help: remove this `mut`

warning: variable does not need to be mutable
    --> src/desktop/dialogs/mod.rs:1244:9
     |
1244 |     let mut continue_creating_profiles = use_signal(|| false);
     |         ----^^^^^^^^^^^^^^^^^^^^^^^^^^
     |         |
     |         help: remove this `mut`

warning: variable does not need to be mutable
    --> src/desktop/dialogs/mod.rs:1248:9
     |
1248 |     let mut license_info = use_signal(|| None::<LicenseValidationResult>);
     |         ----^^^^^^^^^^^^
     |         |
     |         help: remove this `mut`

warning: unused variable: `evt`
   --> src/desktop/events/legacy.rs:106:28
    |
106 |     pub fn is_middle_click(evt: &MouseEvent) -> bool {
    |                            ^^^ help: if this is intentional, prefix it with an underscore: `_evt`

warning: unused variable: `evt`
   --> src/desktop/events/legacy.rs:122:31
    |
122 |     pub fn get_click_position(evt: &MouseEvent) -> (f64, f64) {
    |                               ^^^ help: if this is intentional, prefix it with an underscore: `_evt`

warning: variable does not need to be mutable
  --> src/desktop/file_explorer.rs:10:9
   |
10 |     let mut app_state = use_context::<Signal<AppState>>();
   |         ----^^^^^^^^^
   |         |
   |         help: remove this `mut`

warning: unused variable: `evt`
   --> src/desktop/file_explorer.rs:155:34
    |
155 |             oncontextmenu: move |evt: Event<MouseData>| {
    |                                  ^^^ help: if this is intentional, prefix it with an underscore: `_evt`

warning: unused variable: `evt`
   --> src/desktop/file_explorer.rs:160:32
    |
160 |             ondragstart: move |evt| {
    |                                ^^^ help: if this is intentional, prefix it with an underscore: `_evt`

warning: unused variable: `evt`
   --> src/desktop/file_explorer.rs:165:31
    |
165 |             ondragover: move |evt| {
    |                               ^^^ help: if this is intentional, prefix it with an underscore: `_evt`

warning: unused variable: `evt`
   --> src/desktop/file_explorer.rs:170:27
    |
170 |             ondrop: move |evt| {
    |                           ^^^ help: if this is intentional, prefix it with an underscore: `_evt`

warning: unused variable: `shortcuts`
  --> src/desktop/keyboard/auto_accept_shortcuts.rs:90:9
   |
90 |     let shortcuts = use_signal(|| {
   |         ^^^^^^^^^ help: if this is intentional, prefix it with an underscore: `_shortcuts`

warning: unused variable: `timeout_handle`
   --> src/desktop/keyboard/auto_accept_shortcuts.rs:182:9
    |
182 |     let timeout_handle = use_signal(|| None::<i32>);
    |         ^^^^^^^^^^^^^^ help: if this is intentional, prefix it with an underscore: `_timeout_handle`

warning: unused variable: `chunk`
  --> src/desktop/markdown.rs:20:26
   |
20 | pub fn to_html_streaming(chunk: &str, accumulated: &str) -> String {
   |                          ^^^^^ help: if this is intentional, prefix it with an underscore: `_chunk`

warning: variable does not need to be mutable
   --> src/desktop/terminal.rs:102:21
    |
102 |                 let mut current_directory = current_directory.clone();
    |                     ----^^^^^^^^^^^^^^^^^
    |                     |
    |                     help: remove this `mut`

warning: variable does not need to be mutable
   --> src/desktop/terminal.rs:458:25
    |
458 |                     Ok((mut pty, mut rx)) => {
    |                         ----^^^
    |                         |
    |                         help: remove this `mut`

warning: variable does not need to be mutable
  --> src/desktop/terminal.rs:24:9
   |
24 |     let mut command_history = use_signal(|| VecDeque::<String>::new());
   |         ----^^^^^^^^^^^^^^^
   |         |
   |         help: remove this `mut`

warning: variable does not need to be mutable
  --> src/desktop/terminal.rs:25:9
   |
25 |     let mut history_index = use_signal(|| Option::<usize>::None);
   |         ----^^^^^^^^^^^^^
   |         |
   |         help: remove this `mut`

warning: variable does not need to be mutable
  --> src/desktop/terminal.rs:26:9
   |
26 |     let mut is_running = use_signal(|| false);
   |         ----^^^^^^^^^^
   |         |
   |         help: remove this `mut`

warning: variable does not need to be mutable
  --> src/desktop/terminal.rs:27:9
   |
27 |     let mut current_directory = use_signal(|| {
   |         ----^^^^^^^^^^^^^^^^^
   |         |
   |         help: remove this `mut`

warning: variable does not need to be mutable
  --> src/desktop/terminal.rs:40:9
   |
40 |     let mut claude_installed = use_signal(|| false);
   |         ----^^^^^^^^^^^^^^^^
   |         |
   |         help: remove this `mut`

warning: variable does not need to be mutable
  --> src/desktop/terminal.rs:44:9
   |
44 |     let mut pty_process: Signal<Option<Arc<Mutex<PtyProcess>>>> = use_signal(|| None);
   |         ----^^^^^^^^^^^
   |         |
   |         help: remove this `mut`

warning: variable does not need to be mutable
  --> src/desktop/code_editor/editor.rs:35:9
   |
35 |     let mut syntax_highlighter = use_signal(|| SyntaxHighlighter::new());
   |         ----^^^^^^^^^^^^^^^^^^
   |         |
   |         help: remove this `mut`

warning: variable does not need to be mutable
  --> src/desktop/code_editor/editor.rs:40:9
   |
40 |     let mut scroll_offset = use_signal(|| 0usize);
   |         ----^^^^^^^^^^^^^
   |         |
   |         help: remove this `mut`

warning: unused variable: `scroll_offset`
   --> src/desktop/code_editor/editor.rs:378:5
    |
378 |     scroll_offset: usize,
    |     ^^^^^^^^^^^^^ help: if this is intentional, prefix it with an underscore: `_scroll_offset`

warning: unused variable: `scroll_offset`
   --> src/desktop/code_editor/editor.rs:522:5
    |
522 |     scroll_offset: usize,
    |     ^^^^^^^^^^^^^ help: if this is intentional, prefix it with an underscore: `_scroll_offset`

warning: unused variable: `line_git_class`
  --> src/desktop/code_editor/renderer.rs:34:9
   |
34 |     let line_git_class = git_decorations.iter()
   |         ^^^^^^^^^^^^^^ help: if this is intentional, prefix it with an underscore: `_line_git_class`

warning: unused variable: `line_idx`
   --> src/desktop/code_editor/renderer.rs:260:29
    |
260 |                         for line_idx in 0..buffer.read().len_lines() {
    |                             ^^^^^^^^ help: if this is intentional, prefix it with an underscore: `_line_idx`

warning: unused variable: `modifications`
  --> src/desktop/code_editor/git_integration.rs:45:33
   |
45 | ...                   let modifications = HashSet::<usize>::new();
   |                           ^^^^^^^^^^^^^ help: if this is intentional, prefix it with an underscore: `_modifications`

warning: unused variable: `file_path`
  --> src/desktop/code_editor/git_integration.rs:34:36
   |
34 |     pub fn get_file_changes(&self, file_path: &Path) -> Vec<GitChange> {
   |                                    ^^^^^^^^^ help: if this is intentional, prefix it with an underscore: `_file_path`

warning: unused variable: `in_response`
  --> src/desktop/terminal_registry.rs:63:13
   |
63 |     let mut in_response = false;
   |             ^^^^^^^^^^^ help: if this is intentional, prefix it with an underscore: `_in_response`

warning: variable does not need to be mutable
  --> src/desktop/terminal_registry.rs:63:9
   |
63 |     let mut in_response = false;
   |         ----^^^^^^^^^^^
   |         |
   |         help: remove this `mut`

warning: unused variable: `fetch_head`
   --> src/desktop/git/operations.rs:334:13
    |
334 |         let fetch_head = self.repo.fetchhead_foreach(|ref_name, remote_url, oid, is_merge| {
    |             ^^^^^^^^^^ help: if this is intentional, prefix it with an underscore: `_fetch_head`

warning: unused variable: `ref_name`
   --> src/desktop/git/operations.rs:334:55
    |
334 |         let fetch_head = self.repo.fetchhead_foreach(|ref_name, remote_url, oid, is_merge| {
    |                                                       ^^^^^^^^ help: if this is intentional, prefix it with an underscore: `_ref_name`

warning: unused variable: `desktop_config`
  --> src/desktop/mod.rs:79:9
   |
79 |     let desktop_config = Config::new()
   |         ^^^^^^^^^^^^^^ help: if this is intentional, prefix it with an underscore: `_desktop_config`

warning: unused variable: `config`
  --> src/desktop/mod.rs:69:27
   |
69 | pub fn launch_desktop_app(config: HiveConfig) -> Result<()> {
   |                           ^^^^^^ help: if this is intentional, prefix it with an underscore: `_config`

warning: unused variable: `currency`
   --> src/hooks/conditions.rs:451:9
    |
451 |         currency: &str,
    |         ^^^^^^^^ help: if this is intentional, prefix it with an underscore: `_currency`

warning: unused variable: `answer_words`
    --> src/hooks/quality_gates.rs:1312:13
     |
1312 |         let answer_words: Vec<&str> = answer.split_whitespace().collect();
     |             ^^^^^^^^^^^^ help: if this is intentional, prefix it with an underscore: `_answer_words`

warning: unused variable: `answer`
   --> src/memory/pattern_learning.rs:456:9
    |
456 |         answer: &str,
    |         ^^^^^^ help: if this is intentional, prefix it with an underscore: `_answer`

warning: unused variable: `source`
   --> src/migration/database.rs:376:30
    |
376 | fn plan_conversation_changes(source: &TableSchema) -> Result<Vec<SchemaChange>, HiveError> {
    |                              ^^^^^^ help: if this is intentional, prefix it with an underscore: `_source`

warning: unused variable: `source`
   --> src/migration/database.rs:404:25
    |
404 | fn plan_message_changes(source: &TableSchema) -> Result<Vec<SchemaChange>, HiveError> {
    |                         ^^^^^^ help: if this is intentional, prefix it with an underscore: `_source`

warning: unused variable: `source`
   --> src/migration/database.rs:431:25
    |
431 | fn plan_profile_changes(source: &TableSchema) -> Result<Vec<SchemaChange>, HiveError> {
    |                         ^^^^^^ help: if this is intentional, prefix it with an underscore: `_source`

warning: unused variable: `source`
   --> src/migration/database.rs:448:25
    |
448 | fn plan_cluster_changes(source: &TableSchema) -> Result<Vec<SchemaChange>, HiveError> {
    |                         ^^^^^^ help: if this is intentional, prefix it with an underscore: `_source`

warning: unused variable: `source`
   --> src/migration/database.rs:465:23
    |
465 | fn plan_usage_changes(source: &TableSchema) -> Result<Vec<SchemaChange>, HiveError> {
    |                       ^^^^^^ help: if this is intentional, prefix it with an underscore: `_source`

warning: unused variable: `source`
   --> src/migration/database.rs:482:26
    |
482 | fn plan_settings_changes(source: &TableSchema) -> Result<Vec<SchemaChange>, HiveError> {
    |                          ^^^^^^ help: if this is intentional, prefix it with an underscore: `_source`

warning: unused variable: `response`
   --> src/modes/hybrid.rs:335:30
    |
335 |     fn parse_segments(&self, response: &str) -> HiveResult<Vec<TaskSegment>> {
    |                              ^^^^^^^^ help: if this is intentional, prefix it with an underscore: `_response`

warning: unused variable: `tasks`
   --> src/modes/hybrid.rs:519:42
    |
519 |     fn calculate_average_switches(&self, tasks: &HashMap<String, TaskProgress>) -> f32 {
    |                                          ^^^^^ help: if this is intentional, prefix it with an underscore: `_tasks`

warning: unused variable: `data`
   --> src/modes/preferences.rs:626:44
    |
626 |     fn update_detection_metrics(&mut self, data: &mut LearningData, mode: &ModeType) {
    |                                            ^^^^ help: if this is intentional, prefix it with an underscore: `_data`

warning: unused variable: `pred_type`
   --> src/modes/preferences.rs:668:14
    |
668 |         for (pred_type, model) in &self.models {
    |              ^^^^^^^^^ help: if this is intentional, prefix it with an underscore: `_pred_type`

warning: unused variable: `data`
   --> src/modes/preferences.rs:664:48
    |
664 |     fn predict(&self, input: &PredictionInput, data: &LearningData) -> PredictionOutput {
    |                                                ^^^^ help: if this is intentional, prefix it with an underscore: `_data`

warning: unused variable: `transformed`
   --> src/modes/switcher.rs:447:9
    |
447 |         transformed: &ContextSnapshot,
    |         ^^^^^^^^^^^ help: if this is intentional, prefix it with an underscore: `_transformed`

warning: unused variable: `original`
   --> src/modes/switcher.rs:448:9
    |
448 |         original: &ContextSnapshot,
    |         ^^^^^^^^ help: if this is intentional, prefix it with an underscore: `_original`

warning: unused variable: `to`
   --> src/modes/switcher.rs:780:9
    |
780 |         to: &ModeType,
    |         ^^ help: if this is intentional, prefix it with an underscore: `_to`

warning: unused variable: `session`
   --> src/planning/collaborative.rs:594:9
    |
594 |         session: &mut PlanningSession,
    |         ^^^^^^^ help: if this is intentional, prefix it with an underscore: `_session`

warning: unused variable: `resolution`
   --> src/planning/collaborative.rs:596:9
    |
596 |         resolution: &ResolutionOption,
    |         ^^^^^^^^^^ help: if this is intentional, prefix it with an underscore: `_resolution`

warning: unused variable: `context`
   --> src/planning/decomposer.rs:198:9
    |
198 |         context: &PlanningContext,
    |         ^^^^^^^ help: if this is intentional, prefix it with an underscore: `_context`

warning: unused variable: `context`
   --> src/planning/integration.rs:463:49
    |
463 |     fn find_module_for_file(&self, file: &Path, context: &RepositoryContext) -> Option<String> {
    |                                                 ^^^^^^^ help: if this is intentional, prefix it with an underscore: `_context`

warning: unused variable: `files`
   --> src/planning/integration.rs:508:38
    |
508 |     fn find_existing_patterns(&self, files: &[PathBuf]) -> HiveResult<Vec<Pattern>> {
    |                                      ^^^^^ help: if this is intentional, prefix it with an underscore: `_files`

warning: unused variable: `context`
   --> src/planning/integration.rs:517:45
    |
517 |     fn suggest_approach(&self, task: &Task, context: &RepositoryContext) -> HiveResult<String> {
    |                                             ^^^^^^^ help: if this is intentional, prefix it with an underscore: `_context`

warning: unused variable: `context`
   --> src/planning/risk_analyzer.rs:201:9
    |
201 |         context: &PlanningContext,
    |         ^^^^^^^ help: if this is intentional, prefix it with an underscore: `_context`

warning: unused variable: `tasks`
   --> src/planning/risk_analyzer.rs:627:41
    |
627 |     fn has_circular_dependencies(&self, tasks: &[Task]) -> bool {
    |                                         ^^^^^ help: if this is intentional, prefix it with an underscore: `_tasks`

warning: unused variable: `risk`
   --> src/planning/risk_analyzer.rs:702:41
    |
702 |     fn calculate_mitigation_time(&self, risk: &Risk, template: &MitigationTemplate) -> Duration {
    |                                         ^^^^ help: if this is intentional, prefix it with an underscore: `_risk`

warning: unused variable: `critical_path`
  --> src/planning/timeline.rs:49:13
   |
49 |         let critical_path = self.find_critical_path(tasks, dependencies, &adjusted_durations)?;
   |             ^^^^^^^^^^^^^ help: if this is intentional, prefix it with an underscore: `_critical_path`

warning: unused variable: `independent_groups`
   --> src/planning/timeline.rs:349:17
    |
349 |         let mut independent_groups: Vec<Vec<String>> = Vec::new();
    |                 ^^^^^^^^^^^^^^^^^^ help: if this is intentional, prefix it with an underscore: `_independent_groups`

warning: unused variable: `task`
   --> src/planning/timeline.rs:352:23
    |
352 |         for (task_id, task) in &dependencies.nodes {
    |                       ^^^^ help: if this is intentional, prefix it with an underscore: `_task`

warning: unused variable: `other_task`
   --> src/planning/timeline.rs:356:28
    |
356 |             for (other_id, other_task) in &dependencies.nodes {
    |                            ^^^^^^^^^^ help: if this is intentional, prefix it with an underscore: `_other_task`

warning: variable does not need to be mutable
   --> src/planning/timeline.rs:349:13
    |
349 |         let mut independent_groups: Vec<Vec<String>> = Vec::new();
    |             ----^^^^^^^^^^^^^^^^^^
    |             |
    |             help: remove this `mut`

warning: unused variable: `savings`
   --> src/planning/timeline.rs:378:9
    |
378 |         savings: Duration,
    |         ^^^^^^^ help: if this is intentional, prefix it with an underscore: `_savings`

warning: unused variable: `task_description`
   --> src/providers/openrouter/models.rs:301:9
    |
301 |         task_description: &str,
    |         ^^^^^^^^^^^^^^^^ help: if this is intentional, prefix it with an underscore: `_task_description`

warning: unused variable: `user_id`
   --> src/security/auth.rs:295:34
    |
295 |     fn generate_challenge(&self, user_id: &str) -> Result<MfaChallenge> {
    |                                  ^^^^^^^ help: if this is intentional, prefix it with an underscore: `_user_id`

warning: variable does not need to be mutable
   --> src/shell/setup.rs:320:13
    |
320 |         let mut lines: Vec<&str> = content.lines().collect();
    |             ----^^^^^
    |             |
    |             help: remove this `mut`

warning: unused variable: `preserve_config`
  --> src/shell/uninstall.rs:87:58
   |
87 |     pub fn uninstall_from_shell(&self, shell: ShellType, preserve_config: bool) -> Result<()> {
   |                                                          ^^^^^^^^^^^^^^^ help: if this is intentional, prefix it with an underscore: `_preserve_config`

warning: unused variable: `completion_backup_dir`
   --> src/shell/uninstall.rs:228:19
    |
228 |         if let Ok(completion_backup_dir) =
    |                   ^^^^^^^^^^^^^^^^^^^^^ help: if this is intentional, prefix it with an underscore: `_completion_backup_dir`

warning: unused variable: `highest_percentage`
   --> src/subscription/usage_tracker.rs:429:13
    |
429 |         let highest_percentage = daily_percentage.max(monthly_percentage);
    |             ^^^^^^^^^^^^^^^^^^ help: if this is intentional, prefix it with an underscore: `_highest_percentage`

warning: unused variable: `is_daily`
   --> src/subscription/usage_tracker.rs:430:13
    |
430 |         let is_daily = daily_percentage >= monthly_percentage;
    |             ^^^^^^^^ help: if this is intentional, prefix it with an underscore: `_is_daily`

warning: unused variable: `current_tier`
   --> src/subscription/usage_tracker.rs:504:24
    |
504 |     fn get_upgrade_url(current_tier: &SubscriptionTier) -> String {
    |                        ^^^^^^^^^^^^ help: if this is intentional, prefix it with an underscore: `_current_tier`

warning: unused variable: `file_path`
   --> src/transformation/conflict.rs:218:14
    |
218 |         for (file_path, mut file_changes) in by_file {
    |              ^^^^^^^^^ help: if this is intentional, prefix it with an underscore: `_file_path`

warning: unused variable: `i`
   --> src/transformation/simple_engine.rs:134:14
    |
134 |         for (i, line) in lines.iter().enumerate() {
    |              ^ help: if this is intentional, prefix it with an underscore: `_i`

warning: unused variable: `content`
  --> src/transformation/syntax.rs:88:38
   |
88 |     pub fn verify_syntax_sync(&self, content: &str, language: Language) -> Result<()> {
   |                                      ^^^^^^^ help: if this is intentional, prefix it with an underscore: `_content`

warning: unused variable: `language`
  --> src/transformation/syntax.rs:88:53
   |
88 |     pub fn verify_syntax_sync(&self, content: &str, language: Language) -> Result<()> {
   |                                                     ^^^^^^^^ help: if this is intentional, prefix it with an underscore: `_language`

warning: unused variable: `is_active`
   --> src/tui/advanced/consensus.rs:532:9
    |
532 |         is_active: bool,
    |         ^^^^^^^^^ help: if this is intentional, prefix it with an underscore: `_is_active`

warning: unused variable: `tab`
   --> src/tui/advanced/editor.rs:672:36
    |
672 |     fn update_scroll_offset_static(tab: &mut EditorTab) {
    |                                    ^^^ help: if this is intentional, prefix it with an underscore: `_tab`

warning: unused variable: `settings`
  --> src/tui/ui.rs:58:9
   |
58 |         settings: &TuiSettings,
   |         ^^^^^^^^ help: if this is intentional, prefix it with an underscore: `_settings`

warning: unused variable: `consensus_progress`
   --> src/tui/ui.rs:125:9
    |
125 |         consensus_progress: &Option<ConsensusProgress>,
    |         ^^^^^^^^^^^^^^^^^^ help: if this is intentional, prefix it with an underscore: `_consensus_progress`

warning: unused variable: `filter`
   --> src/tui/widgets/message_list.rs:166:9
    |
166 |         filter: fn(&MessageType) -> bool,
    |         ^^^^^^ help: if this is intentional, prefix it with an underscore: `_filter`

warning: unused variable: `theme`
   --> src/tui/widgets/progress_bar.rs:158:26
    |
158 |     pub fn waiting_style(theme: &WidgetTheme) -> Style {
    |                          ^^^^^ help: if this is intentional, prefix it with an underscore: `_theme`

warning: type `DailySpend` is more private than the item `SpendingForecast::predicted_spend`
   --> src/analytics/cost_intelligence.rs:797:5
    |
797 |     pub predicted_spend: Vec<DailySpend>,
    |     ^^^^^^^^^^^^^^^^^^^^^^^^^^^^^^^^^^^^ field `SpendingForecast::predicted_spend` is reachable at visibility `pub`
    |
note: but type `DailySpend` is only usable at visibility `pub(self)`
   --> src/analytics/cost_intelligence.rs:789:1
    |
789 | struct DailySpend {
    | ^^^^^^^^^^^^^^^^^
    = note: `#[warn(private_interfaces)]` on by default

warning: type `QueryResult` is more private than the item `OptimizedDatabase::batch_execute`
   --> src/database/optimize.rs:274:5
    |
274 | /     pub async fn batch_execute(
275 | |         &self,
276 | |         queries: &[(&str, &[&dyn rusqlite::ToSql])],
277 | |     ) -> Result<Vec<QueryResult>> {
    | |_________________________________^ method `OptimizedDatabase::batch_execute` is reachable at visibility `pub`
    |
note: but type `QueryResult` is only usable at visibility `pub(self)`
   --> src/database/optimize.rs:493:1
    |
493 | struct QueryResult {
    | ^^^^^^^^^^^^^^^^^^

warning: type `ComplianceCheck` is more private than the item `tui::accessibility::ComplianceReport::checks`
   --> src/tui/accessibility/mod.rs:448:5
    |
448 |     pub fn checks(&self) -> &[ComplianceCheck] {
    |     ^^^^^^^^^^^^^^^^^^^^^^^^^^^^^^^^^^^^^^^^^^ method `tui::accessibility::ComplianceReport::checks` is reachable at visibility `pub`
    |
note: but type `ComplianceCheck` is only usable at visibility `pub(self)`
   --> src/tui/accessibility/mod.rs:413:1
    |
413 | struct ComplianceCheck {
    | ^^^^^^^^^^^^^^^^^^^^^^

warning: field `python_service` is never read
   --> src/ai_helpers/mod.rs:219:5
    |
181 | pub struct AIHelperEcosystem {
    |            ----------------- field in this struct
...
219 |     python_service: Arc<PythonModelService>,
    |     ^^^^^^^^^^^^^^
    |
    = note: `AIHelperEcosystem` has a derived impl for the trait `Clone`, but this is intentionally ignored during dead code analysis
    = note: `#[warn(dead_code)]` on by default

warning: fields `config` and `vector_store` are never read
   --> src/ai_helpers/context_retriever.rs:195:5
    |
194 | pub struct ContextRetriever {
    |            ---------------- fields in this struct
195 |     config: RetrieverConfig,
    |     ^^^^^^
196 |     vector_store: Arc<ChromaVectorStore>,
    |     ^^^^^^^^^^^^

warning: fields `operation_hash` and `timestamp` are never read
   --> src/ai_helpers/pattern_recognizer.rs:194:5
    |
193 | struct OperationSafetyRecord {
    |        --------------------- fields in this struct
194 |     operation_hash: String,
    |     ^^^^^^^^^^^^^^
...
197 |     timestamp: SystemTime,
    |     ^^^^^^^^^
    |
    = note: `OperationSafetyRecord` has derived impls for the traits `Clone` and `Debug`, but these are intentionally ignored during dead code analysis

warning: field `relationships` is never read
   --> src/ai_helpers/pattern_recognizer.rs:208:5
    |
203 | struct PatternStore {
    |        ------------ field in this struct
...
208 |     relationships: HashMap<String, Vec<String>>,
    |     ^^^^^^^^^^^^^
    |
    = note: `PatternStore` has a derived impl for the trait `Default`, but this is intentionally ignored during dead code analysis

warning: field `first_seen` is never read
   --> src/ai_helpers/pattern_recognizer.rs:218:5
    |
216 | struct TrackedPattern {
    |        -------------- field in this struct
217 |     pattern: Pattern,
218 |     first_seen: chrono::DateTime<chrono::Utc>,
    |     ^^^^^^^^^^
    |
    = note: `TrackedPattern` has derived impls for the traits `Clone` and `Debug`, but these are intentionally ignored during dead code analysis

warning: fields `pattern_id`, `timestamp`, `change_type`, and `description` are never read
   --> src/ai_helpers/pattern_recognizer.rs:228:5
    |
227 | struct PatternEvolution {
    |        ---------------- fields in this struct
228 |     pattern_id: String,
    |     ^^^^^^^^^^
229 |     timestamp: chrono::DateTime<chrono::Utc>,
    |     ^^^^^^^^^
230 |     change_type: EvolutionType,
    |     ^^^^^^^^^^^
231 |     description: String,
    |     ^^^^^^^^^^^
    |
    = note: `PatternEvolution` has derived impls for the traits `Clone` and `Debug`, but these are intentionally ignored during dead code analysis

warning: variants `Strengthened`, `Merged`, and `Split` are never constructed
   --> src/ai_helpers/pattern_recognizer.rs:237:5
    |
235 | enum EvolutionType {
    |      ------------- variants in this enum
236 |     Emerged,
237 |     Strengthened,
    |     ^^^^^^^^^^^^
238 |     Weakened,
239 |     Merged,
    |     ^^^^^^
240 |     Split,
    |     ^^^^^
    |
    = note: `EvolutionType` has derived impls for the traits `Clone` and `Debug`, but these are intentionally ignored during dead code analysis

warning: fields `description`, `start_time`, and `strength` are never read
   --> src/ai_helpers/quality_analyzer.rs:114:5
    |
112 | struct QualityTrend {
    |        ------------ fields in this struct
113 |     trend_type: TrendType,
114 |     description: String,
    |     ^^^^^^^^^^^
115 |     start_time: chrono::DateTime<chrono::Utc>,
    |     ^^^^^^^^^^
116 |     strength: f64,
    |     ^^^^^^^^
    |
    = note: `QualityTrend` has derived impls for the traits `Clone` and `Debug`, but these are intentionally ignored during dead code analysis

warning: variant `Volatile` is never constructed
   --> src/ai_helpers/quality_analyzer.rs:124:5
    |
120 | enum TrendType {
    |      --------- variant in this enum
...
124 |     Volatile,
    |     ^^^^^^^^
    |
    = note: `TrendType` has derived impls for the traits `Clone` and `Debug`, but these are intentionally ignored during dead code analysis

warning: fields `conflict`, `detected_at`, `resolution_status`, and `affected_operations` are never read
   --> src/ai_helpers/quality_analyzer.rs:196:5
    |
195 | struct ConflictRecord {
    |        -------------- fields in this struct
196 |     conflict: OperationConflict,
    |     ^^^^^^^^
197 |     detected_at: SystemTime,
    |     ^^^^^^^^^^^
198 |     resolution_status: ResolutionStatus,
    |     ^^^^^^^^^^^^^^^^^
199 |     affected_operations: Vec<String>,
    |     ^^^^^^^^^^^^^^^^^^^
    |
    = note: `ConflictRecord` has derived impls for the traits `Clone` and `Debug`, but these are intentionally ignored during dead code analysis

warning: variants `AutoResolved`, `ManuallyResolved`, and `Ignored` are never constructed
   --> src/ai_helpers/quality_analyzer.rs:206:5
    |
204 | enum ResolutionStatus {
    |      ---------------- variants in this enum
205 |     Unresolved,
206 |     AutoResolved,
    |     ^^^^^^^^^^^^
207 |     ManuallyResolved,
    |     ^^^^^^^^^^^^^^^^
208 |     Ignored,
    |     ^^^^^^^
    |
    = note: `ResolutionStatus` has derived impls for the traits `Clone` and `Debug`, but these are intentionally ignored during dead code analysis

warning: fields `last_modified`, `content_hash`, and `dependents` are never read
   --> src/ai_helpers/quality_analyzer.rs:228:5
    |
226 | struct FileStateInfo {
    |        ------------- fields in this struct
227 |     /// Last modified time
228 |     last_modified: SystemTime,
    |     ^^^^^^^^^^^^^
...
231 |     content_hash: String,
    |     ^^^^^^^^^^^^
...
237 |     dependents: HashSet<PathBuf>,
    |     ^^^^^^^^^^
    |
    = note: `FileStateInfo` has derived impls for the traits `Clone` and `Debug`, but these are intentionally ignored during dead code analysis

warning: fields `operation_id` and `priority` are never read
   --> src/ai_helpers/quality_analyzer.rs:244:5
    |
242 | struct PendingOperation {
    |        ---------------- fields in this struct
243 |     /// Operation ID
244 |     operation_id: String,
    |     ^^^^^^^^^^^^
...
253 |     priority: OperationPriority,
    |     ^^^^^^^^
    |
    = note: `PendingOperation` has derived impls for the traits `Clone` and `Debug`, but these are intentionally ignored during dead code analysis

warning: variants `Low`, `Normal`, `High`, and `Critical` are never constructed
   --> src/ai_helpers/quality_analyzer.rs:259:5
    |
258 | enum OperationPriority {
    |      ----------------- variants in this enum
259 |     Low = 0,
    |     ^^^
260 |     Normal = 1,
    |     ^^^^^^
261 |     High = 2,
    |     ^^^^
262 |     Critical = 3,
    |     ^^^^^^^^
    |
    = note: `OperationPriority` has derived impls for the traits `Clone` and `Debug`, but these are intentionally ignored during dead code analysis

warning: fields `timestamp`, `source_facts`, and `synthesis_method` are never read
   --> src/ai_helpers/knowledge_synthesizer.rs:113:5
    |
111 | struct GeneratedInsight {
    |        ---------------- fields in this struct
112 |     insight: Insight,
113 |     timestamp: chrono::DateTime<chrono::Utc>,
    |     ^^^^^^^^^
114 |     source_facts: Vec<String>,
    |     ^^^^^^^^^^^^
115 |     synthesis_method: String,
    |     ^^^^^^^^^^^^^^^^
    |
    = note: `GeneratedInsight` has derived impls for the traits `Clone` and `Debug`, but these are intentionally ignored during dead code analysis

warning: field `description` is never read
   --> src/ai_helpers/knowledge_synthesizer.rs:121:5
    |
119 | struct SynthesisPattern {
    |        ---------------- field in this struct
120 |     pattern_type: String,
121 |     description: String,
    |     ^^^^^^^^^^^
    |
    = note: `SynthesisPattern` has derived impls for the traits `Clone` and `Debug`, but these are intentionally ignored during dead code analysis

warning: fields `content_cache` and `preview_history` are never read
   --> src/ai_helpers/knowledge_synthesizer.rs:140:5
    |
135 | struct PreviewGenerator {
    |        ---------------- fields in this struct
...
140 |     content_cache: lru::LruCache<PathBuf, CachedContent>,
    |     ^^^^^^^^^^^^^
...
143 |     preview_history: Vec<PreviewRecord>,
    |     ^^^^^^^^^^^^^^^

warning: fields `operation_type` and `placeholders` are never read
   --> src/ai_helpers/knowledge_synthesizer.rs:158:5
    |
157 | struct PreviewTemplate {
    |        --------------- fields in this struct
158 |     operation_type: String,
    |     ^^^^^^^^^^^^^^
159 |     template_content: String,
160 |     placeholders: Vec<String>,
    |     ^^^^^^^^^^^^
    |
    = note: `PreviewTemplate` has a derived impl for the trait `Clone`, but this is intentionally ignored during dead code analysis

warning: fields `content`, `cached_at`, and `file_type` are never read
   --> src/ai_helpers/knowledge_synthesizer.rs:165:5
    |
164 | struct CachedContent {
    |        ------------- fields in this struct
165 |     content: String,
    |     ^^^^^^^
166 |     cached_at: SystemTime,
    |     ^^^^^^^^^
167 |     file_type: FileType,
    |     ^^^^^^^^^
    |
    = note: `CachedContent` has a derived impl for the trait `Clone`, but this is intentionally ignored during dead code analysis

warning: field `0` is never read
   --> src/ai_helpers/knowledge_synthesizer.rs:180:11
    |
180 |     Other(String),
    |     ----- ^^^^^^
    |     |
    |     field in this variant
    |
    = note: `FileType` has a derived impl for the trait `Clone`, but this is intentionally ignored during dead code analysis
help: consider changing the field to be of unit type to suppress this warning while preserving the field numbering, or remove the field
    |
180 -     Other(String),
180 +     Other(()),
    |

warning: fields `operation`, `preview`, `generated_at`, and `accuracy_score` are never read
   --> src/ai_helpers/knowledge_synthesizer.rs:184:5
    |
183 | struct PreviewRecord {
    |        ------------- fields in this struct
184 |     operation: FileOperation,
    |     ^^^^^^^^^
185 |     preview: OperationPreview,
    |     ^^^^^^^
186 |     generated_at: SystemTime,
    |     ^^^^^^^^^^^^
187 |     accuracy_score: Option<f32>,
    |     ^^^^^^^^^^^^^^

warning: variant `Insights` is never constructed
   --> src/ai_helpers/parallel_processor.rs:292:5
    |
289 | enum TaskResult {
    |      ---------- variant in this enum
...
292 |     Insights(Vec<Insight>),
    |     ^^^^^^^^

warning: fields `memory_usage_history` and `throughput_per_minute` are never read
   --> src/ai_helpers/monitoring.rs:116:5
    |
102 | struct AggregatedStats {
    |        --------------- fields in this struct
...
116 |     memory_usage_history: Vec<(DateTime<Utc>, f64)>,
    |     ^^^^^^^^^^^^^^^^^^^^
...
119 |     throughput_per_minute: Vec<(DateTime<Utc>, usize)>,
    |     ^^^^^^^^^^^^^^^^^^^^^
    |
    = note: `AggregatedStats` has a derived impl for the trait `Default`, but this is intentionally ignored during dead code analysis

warning: field `knowledge_synthesizer` is never read
  --> src/ai_helpers/intelligent_context_orchestrator.rs:73:5
   |
69 | pub struct IntelligentContextOrchestrator {
   |            ------------------------------ field in this struct
...
73 |     knowledge_synthesizer: Arc<KnowledgeSynthesizer>,
   |     ^^^^^^^^^^^^^^^^^^^^^

warning: fields `confidence` and `reasoning` are never read
   --> src/ai_helpers/intelligent_context_orchestrator.rs:527:5
    |
524 | struct QuestionClassification {
    |        ---------------------- fields in this struct
...
527 |     confidence: f64,
    |     ^^^^^^^^^^
528 |     reasoning: String,
    |     ^^^^^^^^^
    |
    = note: `QuestionClassification` has derived impls for the traits `Clone` and `Debug`, but these are intentionally ignored during dead code analysis

warning: fields `ai_helpers` and `security_policy` are never read
  --> src/ai_helpers/file_executor.rs:94:5
   |
93 | pub struct AIHelperFileExecutor {
   |            -------------------- fields in this struct
94 |     ai_helpers: AIHelperEcosystem,
   |     ^^^^^^^^^^
95 |     security_policy: SecurityPolicy,
   |     ^^^^^^^^^^^^^^^

warning: methods `parse_curator_style_output`, `create_simple_plan`, and `generate_default_content` are never used
   --> src/ai_helpers/file_executor.rs:364:8
    |
100 | impl AIHelperFileExecutor {
    | ------------------------- methods in this implementation
...
364 |     fn parse_curator_style_output(&self, output: &str) -> Result<ExecutionPlan> {
    |        ^^^^^^^^^^^^^^^^^^^^^^^^^^
...
465 |     fn create_simple_plan(&self, request: &str) -> Result<ExecutionPlan> {
    |        ^^^^^^^^^^^^^^^^^^
...
533 |     fn generate_default_content(&self, filename: &str) -> String {
    |        ^^^^^^^^^^^^^^^^^^^^^^^^

warning: field `monitor` is never read
  --> src/ai_helpers/code_translator.rs:97:5
   |
92 | pub struct CodeTranslator {
   |            -------------- field in this struct
...
97 |     monitor: Arc<PerformanceMonitor>,
   |     ^^^^^^^

warning: field `idioms` is never read
   --> src/ai_helpers/code_translator.rs:124:5
    |
120 | struct LearnedPatterns {
    |        --------------- field in this struct
...
124 |     idioms: HashMap<String, IdiomMapping>,
    |     ^^^^^^

warning: fields `source_idiom`, `target_idiom`, and `context_required` are never read
   --> src/ai_helpers/code_translator.rs:137:5
    |
136 | struct IdiomMapping {
    |        ------------ fields in this struct
137 |     source_idiom: String,
    |     ^^^^^^^^^^^^
138 |     target_idiom: String,
    |     ^^^^^^^^^^^^
139 |     context_required: Vec<String>,
    |     ^^^^^^^^^^^^^^^^
    |
    = note: `IdiomMapping` has a derived impl for the trait `Clone`, but this is intentionally ignored during dead code analysis

warning: field `frameworks` is never read
   --> src/ai_helpers/code_translator.rs:147:5
    |
143 | struct DomainExpertise {
    |        --------------- field in this struct
...
147 |     frameworks: HashMap<String, f64>,
    |     ^^^^^^^^^^

warning: fields `line_count`, `has_functions`, `complexity`, and `key_constructs` are never read
   --> src/ai_helpers/code_translator.rs:650:5
    |
649 | struct CodeUnderstanding {
    |        ----------------- fields in this struct
650 |     line_count: usize,
    |     ^^^^^^^^^^
651 |     has_classes: bool,
652 |     has_functions: bool,
    |     ^^^^^^^^^^^^^
653 |     complexity: f64,
    |     ^^^^^^^^^^
654 |     key_constructs: Vec<String>,
    |     ^^^^^^^^^^^^^^
    |
    = note: `CodeUnderstanding` has a derived impl for the trait `Debug`, but this is intentionally ignored during dead code analysis

warning: field `monitor` is never read
   --> src/ai_helpers/semantic_retriever.rs:128:5
    |
120 | pub struct SemanticRetriever {
    |            ----------------- field in this struct
...
128 |     monitor: Arc<PerformanceMonitor>,
    |     ^^^^^^^

warning: field `pattern_recognizer` is never read
  --> src/ai_helpers/intelligent_executor.rs:80:5
   |
75 | pub struct IntelligentExecutor {
   |            ------------------- field in this struct
...
80 |     pattern_recognizer: Arc<PatternRecognizer>,
   |     ^^^^^^^^^^^^^^^^^^

warning: field `file_executor` is never read
   --> src/ai_helpers/rollback_executor.rs:109:5
    |
108 | pub struct AIHelperRollbackExecutor {
    |            ------------------------ field in this struct
109 |     file_executor: AIHelperFileExecutor,
    |     ^^^^^^^^^^^^^

warning: methods `is_in_repository` and `identify_relevant_files` are never used
   --> src/ai_helpers/autonomous_ai_helper.rs:464:14
    |
91  | impl AutonomousAIHelper {
    | ----------------------- methods in this implementation
...
464 |     async fn is_in_repository(&self) -> bool {
    |              ^^^^^^^^^^^^^^^^
...
493 |     async fn identify_relevant_files(&self, query: &str) -> Result<Vec<PathBuf>> {
    |              ^^^^^^^^^^^^^^^^^^^^^^^

warning: field `pattern_thresholds` is never read
   --> src/ai_helpers/continuous_learner.rs:227:5
    |
216 | pub struct ContinuousLearner {
    |            ----------------- field in this struct
...
227 |     pattern_thresholds: PatternThresholds,
    |     ^^^^^^^^^^^^^^^^^^

warning: fields `min_confidence`, `min_examples`, and `decay_factor` are never read
   --> src/ai_helpers/continuous_learner.rs:236:5
    |
235 | struct PatternThresholds {
    |        ----------------- fields in this struct
236 |     min_confidence: f64,
    |     ^^^^^^^^^^^^^^
237 |     min_examples: usize,
    |     ^^^^^^^^^^^^
238 |     decay_factor: f64,
    |     ^^^^^^^^^^^^
    |
    = note: `PatternThresholds` has derived impls for the traits `Clone` and `Debug`, but these are intentionally ignored during dead code analysis

warning: field `class_pattern` is never read
   --> src/analysis/fast_parse.rs:667:5
    |
664 | struct LanguagePatterns {
    |        ---------------- field in this struct
...
667 |     class_pattern: Option<regex::Regex>,
    |     ^^^^^^^^^^^^^

warning: field `chunk_id` is never read
   --> src/analysis/fast_parse.rs:673:5
    |
672 | struct ChunkParseResult {
    |        ---------------- field in this struct
673 |     chunk_id: usize,
    |     ^^^^^^^^
    |
    = note: `ChunkParseResult` has a derived impl for the trait `Debug`, but this is intentionally ignored during dead code analysis

warning: field `ts_language` is never read
  --> src/analysis/parser.rs:25:5
   |
21 | pub struct TreeSitterParser {
   |            ---------------- field in this struct
...
25 |     ts_language: TSLanguage,
   |     ^^^^^^^^^^^

warning: field `shutdown_sender` is never read
   --> src/analytics/alerts.rs:182:5
    |
175 | pub struct AlertManager {
    |            ------------ field in this struct
...
182 |     shutdown_sender: mpsc::Sender<()>,
    |     ^^^^^^^^^^^^^^^

warning: field `rate_limiter` is never read
   --> src/analytics/api.rs:147:5
    |
144 | pub struct AnalyticsApi {
    |            ------------ field in this struct
...
147 |     rate_limiter: Arc<RateLimiter>,
    |     ^^^^^^^^^^^^

warning: fields `config` and `buckets` are never read
   --> src/analytics/api.rs:439:5
    |
438 | struct RateLimiter {
    |        ----------- fields in this struct
439 |     config: RateLimitConfig,
    |     ^^^^^^
440 |     buckets: Arc<RwLock<HashMap<String, TokenBucket>>>,
    |     ^^^^^^^

warning: method `check_rate_limit` is never used
   --> src/analytics/api.rs:451:14
    |
443 | impl RateLimiter {
    | ---------------- method in this implementation
...
451 |     async fn check_rate_limit(&self, key: &str) -> Result<RateLimitInfo> {
    |              ^^^^^^^^^^^^^^^^

warning: fields `capacity`, `tokens`, `refill_rate`, `last_refill`, and `reset_at` are never read
   --> src/analytics/api.rs:471:5
    |
470 | struct TokenBucket {
    |        ----------- fields in this struct
471 |     capacity: u32,
    |     ^^^^^^^^
472 |     tokens: f64,
    |     ^^^^^^
473 |     refill_rate: f64,
    |     ^^^^^^^^^^^
474 |     last_refill: DateTime<Utc>,
    |     ^^^^^^^^^^^
475 |     reset_at: DateTime<Utc>,
    |     ^^^^^^^^

warning: associated items `new`, `try_consume`, and `refill` are never used
   --> src/analytics/api.rs:479:8
    |
478 | impl TokenBucket {
    | ---------------- associated items in this implementation
479 |     fn new(requests_per_minute: u32, burst_size: u32) -> Self {
    |        ^^^
...
490 |     fn try_consume(&mut self) -> bool {
    |        ^^^^^^^^^^^
...
501 |     fn refill(&mut self) {
    |        ^^^^^^

warning: fields `api_key`, `user_id`, and `permissions` are never read
   --> src/analytics/api.rs:517:5
    |
516 | struct AuthContext {
    |        ----------- fields in this struct
517 |     api_key: Option<ApiKey>,
    |     ^^^^^^^
518 |     user_id: Option<String>,
    |     ^^^^^^^
519 |     permissions: Vec<Permission>,
    |     ^^^^^^^^^^^
    |
    = note: `AuthContext` has derived impls for the traits `Clone` and `Debug`, but these are intentionally ignored during dead code analysis

warning: fields `metric`, `period`, and `interval` are never read
   --> src/analytics/api.rs:531:5
    |
530 | struct TrendsQuery {
    |        ----------- fields in this struct
531 |     metric: String,
    |     ^^^^^^
532 |     period: String,
    |     ^^^^^^
533 |     interval: Option<String>,
    |     ^^^^^^^^
    |
    = note: `TrendsQuery` has a derived impl for the trait `Debug`, but this is intentionally ignored during dead code analysis

warning: fields `metric`, `horizon`, and `model` are never read
   --> src/analytics/api.rs:538:5
    |
537 | struct ForecastQuery {
    |        ------------- fields in this struct
538 |     metric: String,
    |     ^^^^^^
539 |     horizon: u32,
    |     ^^^^^^^
540 |     model: Option<String>,
    |     ^^^^^
    |
    = note: `ForecastQuery` has a derived impl for the trait `Debug`, but this is intentionally ignored during dead code analysis

warning: fields `status`, `severity`, and `limit` are never read
   --> src/analytics/api.rs:545:5
    |
544 | struct AlertsQuery {
    |        ----------- fields in this struct
545 |     status: Option<String>,
    |     ^^^^^^
546 |     severity: Option<String>,
    |     ^^^^^^^^
547 |     limit: Option<u32>,
    |     ^^^^^
    |
    = note: `AlertsQuery` has a derived impl for the trait `Debug`, but this is intentionally ignored during dead code analysis

warning: fields `query` and `parameters` are never read
   --> src/analytics/api.rs:553:5
    |
552 | struct QueryRequest {
    |        ------------ fields in this struct
553 |     query: String,
    |     ^^^^^
554 |     parameters: HashMap<String, serde_json::Value>,
    |     ^^^^^^^^^^
    |
    = note: `QueryRequest` has a derived impl for the trait `Debug`, but this is intentionally ignored during dead code analysis

warning: fields `name`, `description`, `layout`, and `widgets` are never read
   --> src/analytics/api.rs:559:5
    |
558 | struct DashboardRequest {
    |        ---------------- fields in this struct
559 |     name: String,
    |     ^^^^
560 |     description: String,
    |     ^^^^^^^^^^^
561 |     layout: String,
    |     ^^^^^^
562 |     widgets: Vec<serde_json::Value>,
    |     ^^^^^^^
    |
    = note: `DashboardRequest` has a derived impl for the trait `Debug`, but this is intentionally ignored during dead code analysis

warning: fields `config` and `allocation_tracker` are never read
  --> src/analytics/cost_intelligence.rs:24:5
   |
23 | pub struct CostIntelligence {
   |            ---------------- fields in this struct
24 |     config: Arc<RwLock<AdvancedAnalyticsConfig>>,
   |     ^^^^^^
...
28 |     allocation_tracker: Arc<AllocationTracker>,
   |     ^^^^^^^^^^^^^^^^^^

warning: field `cost_cache` is never read
   --> src/analytics/cost_intelligence.rs:254:5
    |
252 | struct CostAnalyzer {
    |        ------------ field in this struct
253 |     model_pricing: HashMap<String, ModelPricing>,
254 |     cost_cache: Arc<RwLock<HashMap<String, CachedCost>>>,
    |     ^^^^^^^^^^

warning: fields `provider`, `input_cost_per_1k`, `output_cost_per_1k`, and `minimum_cost` are never read
   --> src/analytics/cost_intelligence.rs:260:5
    |
259 | struct ModelPricing {
    |        ------------ fields in this struct
260 |     provider: String,
    |     ^^^^^^^^
261 |     input_cost_per_1k: f64,
    |     ^^^^^^^^^^^^^^^^^
262 |     output_cost_per_1k: f64,
    |     ^^^^^^^^^^^^^^^^^^
263 |     minimum_cost: f64,
    |     ^^^^^^^^^^^^
    |
    = note: `ModelPricing` has derived impls for the traits `Clone` and `Debug`, but these are intentionally ignored during dead code analysis

warning: fields `cost`, `calculated_at`, and `metadata` are never read
   --> src/analytics/cost_intelligence.rs:278:5
    |
277 | struct CachedCost {
    |        ---------- fields in this struct
278 |     cost: f64,
    |     ^^^^
279 |     calculated_at: DateTime<Utc>,
    |     ^^^^^^^^^^^^^
280 |     metadata: HashMap<String, String>,
    |     ^^^^^^^^
    |
    = note: `CachedCost` has derived impls for the traits `Clone` and `Debug`, but these are intentionally ignored during dead code analysis

warning: field `strategy_templates` is never read
   --> src/analytics/cost_intelligence.rs:286:5
    |
284 | struct OptimizationEngine {
    |        ------------------ field in this struct
285 |     optimization_rules: Vec<OptimizationRule>,
286 |     strategy_templates: HashMap<String, OptimizationStrategy>,
    |     ^^^^^^^^^^^^^^^^^^

warning: field `name` is never read
   --> src/analytics/cost_intelligence.rs:291:5
    |
290 | struct OptimizationRule {
    |        ---------------- field in this struct
291 |     name: String,
    |     ^^^^

warning: fields `name`, `period`, and `current_spend` are never read
   --> src/analytics/cost_intelligence.rs:305:5
    |
304 | struct Budget {
    |        ------ fields in this struct
305 |     name: String,
    |     ^^^^
306 |     limit: f64,
307 |     period: BudgetPeriod,
    |     ^^^^^^
308 |     current_spend: f64,
    |     ^^^^^^^^^^^^^
    |
    = note: `Budget` has derived impls for the traits `Clone` and `Debug`, but these are intentionally ignored during dead code analysis

warning: fields `allocation_rules` and `cost_centers` are never read
   --> src/analytics/cost_intelligence.rs:330:5
    |
329 | struct AllocationTracker {
    |        ----------------- fields in this struct
330 |     allocation_rules: HashMap<String, AllocationRule>,
    |     ^^^^^^^^^^^^^^^^
331 |     cost_centers: HashMap<String, CostCenter>,
    |     ^^^^^^^^^^^^

warning: fields `name`, `matcher`, and `allocation_key` are never read
   --> src/analytics/cost_intelligence.rs:336:5
    |
335 | struct AllocationRule {
    |        -------------- fields in this struct
336 |     name: String,
    |     ^^^^
337 |     matcher: Box<dyn Fn(&ActivityLog) -> bool + Send + Sync>,
    |     ^^^^^^^
338 |     allocation_key: String,
    |     ^^^^^^^^^^^^^^

warning: fields `name`, `owner`, `budget`, and `tags` are never read
   --> src/analytics/cost_intelligence.rs:344:5
    |
343 | struct CostCenter {
    |        ---------- fields in this struct
344 |     name: String,
    |     ^^^^
345 |     owner: String,
    |     ^^^^^
346 |     budget: Option<f64>,
    |     ^^^^^^
347 |     tags: HashMap<String, String>,
    |     ^^^^
    |
    = note: `CostCenter` has derived impls for the traits `Clone` and `Debug`, but these are intentionally ignored during dead code analysis

warning: fields `config` and `widget_factory` are never read
  --> src/analytics/dashboard.rs:25:5
   |
24 | pub struct DashboardEngine {
   |            --------------- fields in this struct
25 |     config: Arc<RwLock<AdvancedAnalyticsConfig>>,
   |     ^^^^^^
26 |     layout_manager: Arc<LayoutManager>,
27 |     widget_factory: Arc<WidgetFactory>,
   |     ^^^^^^^^^^^^^^

warning: field `widget_templates` is never read
   --> src/analytics/dashboard.rs:239:5
    |
238 | struct WidgetFactory {
    |        ------------- field in this struct
239 |     widget_templates: HashMap<WidgetType, WidgetTemplate>,
    |     ^^^^^^^^^^^^^^^^

warning: fields `default_options`, `required_data_fields`, and `renderer` are never read
   --> src/analytics/dashboard.rs:244:5
    |
243 | struct WidgetTemplate {
    |        -------------- fields in this struct
244 |     default_options: WidgetOptions,
    |     ^^^^^^^^^^^^^^^
245 |     required_data_fields: Vec<String>,
    |     ^^^^^^^^^^^^^^^^^^^^
246 |     renderer: Box<dyn WidgetRenderer + Send + Sync>,
    |     ^^^^^^^^

warning: method `render_tui` is never used
   --> src/analytics/dashboard.rs:252:8
    |
250 | trait WidgetRenderer: Send + Sync {
    |       -------------- method in this trait
251 |     fn render_ascii(&self, widget: &Widget, width: u16, height: u16) -> Result<String>;
252 |     fn render_tui(&self, widget: &Widget) -> Result<serde_json::Value>;
    |        ^^^^^^^^^^

warning: fields `stream`, `buffer`, and `subscribers` are never read
   --> src/analytics/dashboard.rs:263:5
    |
262 | struct StreamState {
    |        ----------- fields in this struct
263 |     stream: DataStream,
    |     ^^^^^^
264 |     buffer: VecDeque<RealTimeMetric>,
    |     ^^^^^^
265 |     subscribers: u32,
    |     ^^^^^^^^^^^

warning: fields `ascii_mode` and `color_support` are never read
   --> src/analytics/dashboard.rs:270:5
    |
269 | struct DashboardRenderer {
    |        ----------------- fields in this struct
270 |     ascii_mode: bool,
    |     ^^^^^^^^^^
271 |     color_support: bool,
    |     ^^^^^^^^^^^^^

warning: field `config` is never read
  --> src/analytics/executive.rs:23:5
   |
22 | pub struct ExecutiveReporter {
   |            ----------------- field in this struct
23 |     config: Arc<RwLock<AdvancedAnalyticsConfig>>,
   |     ^^^^^^

warning: field `name` is never read
   --> src/analytics/executive.rs:252:5
    |
251 | struct KpiDefinition {
    |        ------------- field in this struct
252 |     name: String,
    |     ^^^^

warning: fields `name` and `category` are never read
   --> src/analytics/executive.rs:272:5
    |
271 | struct InsightRule {
    |        ----------- fields in this struct
272 |     name: String,
    |     ^^^^
273 |     category: InsightCategory,
    |     ^^^^^^^^

warning: fields `statistics` and `period` are never read
   --> src/analytics/executive.rs:282:5
    |
280 | struct ExecutiveData {
    |        ------------- fields in this struct
281 |     metrics: HashMap<String, f64>,
282 |     statistics: DatabaseStatistics,
    |     ^^^^^^^^^^
283 |     period: ReportPeriod,
    |     ^^^^^^
    |
    = note: `ExecutiveData` has a derived impl for the trait `Debug`, but this is intentionally ignored during dead code analysis

warning: fields `max_file_size` and `concurrent_exports` are never read
   --> src/analytics/export.rs:221:5
    |
218 | pub struct DataExporter {
    |            ------------ fields in this struct
...
221 |     max_file_size: u64,
    |     ^^^^^^^^^^^^^
222 |     concurrent_exports: usize,
    |     ^^^^^^^^^^^^^^^^^^

warning: method `model_type` is never used
   --> src/analytics/ml_models.rs:139:8
    |
135 | trait MLModel: Send + Sync {
    |       ------- method in this trait
...
139 |     fn model_type(&self) -> ModelType;
    |        ^^^^^^^^^^

warning: field `data_points` is never read
   --> src/analytics/ml_models.rs:563:5
    |
559 | struct DataCharacteristics {
    |        ------------------- field in this struct
...
563 |     data_points: usize,
    |     ^^^^^^^^^^^
    |
    = note: `DataCharacteristics` has a derived impl for the trait `Debug`, but this is intentionally ignored during dead code analysis

warning: fields `config` and `quality_scorer` are never read
  --> src/analytics/performance.rs:24:5
   |
23 | pub struct PerformanceAnalyzer {
   |            ------------------- fields in this struct
24 |     config: Arc<RwLock<AdvancedAnalyticsConfig>>,
   |     ^^^^^^
...
28 |     quality_scorer: Arc<QualityScorer>,
   |     ^^^^^^^^^^^^^^

warning: field `performance_cache` is never read
   --> src/analytics/performance.rs:211:5
    |
210 | struct ModelTracker {
    |        ------------ field in this struct
211 |     performance_cache: Arc<RwLock<HashMap<String, ModelPerformanceData>>>,
    |     ^^^^^^^^^^^^^^^^^

warning: multiple fields are never read
   --> src/analytics/performance.rs:217:5
    |
216 | struct ModelPerformanceData {
    |        -------------------- fields in this struct
217 |     model_name: String,
    |     ^^^^^^^^^^
218 |     request_count: u64,
    |     ^^^^^^^^^^^^^
219 |     success_count: u64,
    |     ^^^^^^^^^^^^^
220 |     total_latency_ms: f64,
    |     ^^^^^^^^^^^^^^^^
221 |     latency_samples: Vec<f64>,
    |     ^^^^^^^^^^^^^^^
222 |     token_counts: Vec<u64>,
    |     ^^^^^^^^^^^^
223 |     last_updated: DateTime<Utc>,
    |     ^^^^^^^^^^^^
    |
    = note: `ModelPerformanceData` has derived impls for the traits `Clone` and `Debug`, but these are intentionally ignored during dead code analysis

warning: field `latency_buckets` is never read
   --> src/analytics/performance.rs:228:5
    |
227 | struct LatencyAnalyzer {
    |        --------------- field in this struct
228 |     latency_buckets: Arc<RwLock<HashMap<String, LatencyBucket>>>,
    |     ^^^^^^^^^^^^^^^

warning: fields `samples`, `sum`, and `count` are never read
   --> src/analytics/performance.rs:234:5
    |
233 | struct LatencyBucket {
    |        ------------- fields in this struct
234 |     samples: Vec<f64>,
    |     ^^^^^^^
235 |     sum: f64,
    |     ^^^
236 |     count: u64,
    |     ^^^^^
    |
    = note: `LatencyBucket` has derived impls for the traits `Clone` and `Debug`, but these are intentionally ignored during dead code analysis

warning: field `duration_ms` is never read
   --> src/analytics/performance.rs:256:5
    |
253 | struct RequestData {
    |        ----------- field in this struct
...
256 |     duration_ms: f64,
    |     ^^^^^^^^^^^
    |
    = note: `RequestData` has derived impls for the traits `Clone` and `Debug`, but these are intentionally ignored during dead code analysis

warning: fields `quality_weights` and `scoring_models` are never read
   --> src/analytics/performance.rs:261:5
    |
260 | struct QualityScorer {
    |        ------------- fields in this struct
261 |     quality_weights: HashMap<String, f64>,
    |     ^^^^^^^^^^^^^^^
262 |     scoring_models: HashMap<String, Box<dyn ScoringModel + Send + Sync>>,
    |     ^^^^^^^^^^^^^^

warning: method `calculate_score` is never used
   --> src/analytics/performance.rs:267:8
    |
266 | trait ScoringModel: Send + Sync {
    |       ------------ method in this trait
267 |     fn calculate_score(&self, data: &QualityData) -> f64;
    |        ^^^^^^^^^^^^^^^

warning: struct `QualityData` is never constructed
   --> src/analytics/performance.rs:272:8
    |
272 | struct QualityData {
    |        ^^^^^^^^^^^

warning: fields `name` and `category` are never read
   --> src/analytics/performance.rs:286:5
    |
285 | struct InsightRule {
    |        ----------- fields in this struct
286 |     name: String,
    |     ^^^^
287 |     category: InsightCategory,
    |     ^^^^^^^^

warning: field `model_performance` is never read
   --> src/analytics/performance.rs:295:5
    |
294 | struct PerformanceData {
    |        --------------- field in this struct
295 |     model_performance: HashMap<String, ModelPerformance>,
    |     ^^^^^^^^^^^^^^^^^
    |
    = note: `PerformanceData` has a derived impl for the trait `Debug`, but this is intentionally ignored during dead code analysis

warning: field `iqr_multiplier` is never read
   --> src/analytics/trend_analysis.rs:230:5
    |
228 | struct AnomalyDetector {
    |        --------------- field in this struct
229 |     z_score_threshold: f64,
230 |     iqr_multiplier: f64,
    |     ^^^^^^^^^^^^^^

warning: field `fft_enabled` is never read
   --> src/analytics/trend_analysis.rs:236:5
    |
235 | struct SeasonalAnalyzer {
    |        ---------------- field in this struct
236 |     fft_enabled: bool,
    |     ^^^^^^^^^^^

warning: method `accuracy` is never used
   --> src/analytics/trend_analysis.rs:254:8
    |
246 | trait PredictionModel: Send + Sync {
    |       --------------- method in this trait
...
254 |     fn accuracy(&self, data: &[DataPoint]) -> f64;
    |        ^^^^^^^^

warning: function `handle_mode` is never used
    --> src/cli/commands.rs:3971:10
     |
3971 | async fn handle_mode(_command: String) -> Result<()> {
     |          ^^^^^^^^^^^

warning: fields `analytics_engine`, `memory_system`, and `database_manager` are never read
  --> src/cli/framework.rs:35:5
   |
28 | pub struct CliFramework {
   |            ------------ fields in this struct
...
35 |     analytics_engine: Arc<AnalyticsEngine>,
   |     ^^^^^^^^^^^^^^^^
36 |     memory_system: Arc<MemorySystem>,
   |     ^^^^^^^^^^^^^
37 |     database_manager: Arc<DatabaseManager>,
   |     ^^^^^^^^^^^^^^^^

warning: function `analyze_trends` is never used
   --> src/commands/analytics.rs:239:10
    |
239 | async fn analyze_trends(metric: Option<&str>, period: AggregationPeriod) -> Result<()> {
    |          ^^^^^^^^^^^^^^

warning: function `analyze_costs` is never used
   --> src/commands/analytics.rs:266:10
    |
266 | async fn analyze_costs(breakdown: bool, optimize: bool, period: AggregationPeriod) -> Result<()> {
    |          ^^^^^^^^^^^^^

warning: function `show_dashboard` is never used
   --> src/commands/analytics.rs:348:10
    |
348 | async fn show_dashboard(real_time: bool) -> Result<()> {
    |          ^^^^^^^^^^^^^^

warning: function `display_widget` is never used
   --> src/commands/analytics.rs:395:4
    |
395 | fn display_widget(widget: &DashboardWidget) -> Result<()> {
    |    ^^^^^^^^^^^^^^

warning: function `handle_compliance_commands` is never used
    --> src/commands/security.rs:1144:10
     |
1144 | async fn handle_compliance_commands(
     |          ^^^^^^^^^^^^^^^^^^^^^^^^^^

warning: fields `conversation_gateway`, `usage_tracker`, and `license_key` are never read
  --> src/consensus/engine.rs:47:5
   |
36 | pub struct ConsensusEngine {
   |            --------------- fields in this struct
...
47 |     conversation_gateway: Arc<ConversationGateway>,
   |     ^^^^^^^^^^^^^^^^^^^^
48 |     usage_tracker: Arc<RwLock<UsageTracker>>,
   |     ^^^^^^^^^^^^^
49 |     license_key: Option<String>,
   |     ^^^^^^^^^^^
   |
   = note: `ConsensusEngine` has a derived impl for the trait `Clone`, but this is intentionally ignored during dead code analysis

warning: associated function `load_profile_by_name_or_id` is never used
   --> src/consensus/engine.rs:967:14
    |
54  | impl ConsensusEngine {
    | -------------------- associated function in this implementation
...
967 |     async fn load_profile_by_name_or_id(
    |              ^^^^^^^^^^^^^^^^^^^^^^^^^^

warning: field `api_key` is never read
  --> src/consensus/openrouter.rs:95:5
   |
93 | pub struct OpenRouterClient {
   |            ---------------- field in this struct
94 |     client: Client,
95 |     api_key: String,
   |     ^^^^^^^
   |
   = note: `OpenRouterClient` has a derived impl for the trait `Debug`, but this is intentionally ignored during dead code analysis

warning: multiple methods are never used
    --> src/consensus/pipeline.rs:1182:14
     |
72   | impl ConsensusPipeline {
     | ---------------------- methods in this implementation
...
1182 |     async fn build_full_context(
     |              ^^^^^^^^^^^^^^^^^^
...
1569 |     async fn estimate_stage_cost(&self, stage: Stage, model: &str, question: &str) -> Result<f64> {
     |              ^^^^^^^^^^^^^^^^^^^
...
2224 |     async fn should_use_file_reading(&self, question: &str, context: Option<&str>) -> bool {
     |              ^^^^^^^^^^^^^^^^^^^^^^^
...
2292 |     async fn build_enhanced_generator_messages(
     |              ^^^^^^^^^^^^^^^^^^^^^^^^^^^^^^^^^
...
2326 |     async fn build_enhanced_curator_messages(
     |              ^^^^^^^^^^^^^^^^^^^^^^^^^^^^^^^
...
2358 |     async fn get_intelligent_context_decision_for_stage(
     |              ^^^^^^^^^^^^^^^^^^^^^^^^^^^^^^^^^^^^^^^^^^
...
2452 |     async fn build_stage_messages_with_intelligent_context(
     |              ^^^^^^^^^^^^^^^^^^^^^^^^^^^^^^^^^^^^^^^^^^^^^

warning: field `file_reader` is never read
  --> src/consensus/stages/file_aware_curator.rs:71:5
   |
70 | pub struct FileAwareCuratorStage {
   |            --------------------- field in this struct
71 |     file_reader: Arc<FileReader>,
   |     ^^^^^^^^^^^

warning: methods `read_repository_context`, `create_operation_plan`, `analyze_operation_safety`, and `create_operation_preview` are never used
   --> src/consensus/stages/file_aware_curator.rs:84:14
    |
75  | impl FileAwareCuratorStage {
    | -------------------------- methods in this implementation
...
84  |     async fn read_repository_context(&self, repo_context: &RepositoryContext) -> Result<String> {
    |              ^^^^^^^^^^^^^^^^^^^^^^^
...
180 |     fn create_operation_plan(&self, 
    |        ^^^^^^^^^^^^^^^^^^^^^
...
214 |     fn analyze_operation_safety(&self, operations: &[FileOperation]) -> String {
    |        ^^^^^^^^^^^^^^^^^^^^^^^^
...
245 |     fn create_operation_preview(&self, operations: &[FileOperation]) -> String {
    |        ^^^^^^^^^^^^^^^^^^^^^^^^

warning: field `database` is never read
  --> src/consensus/codebase_intelligence/storage.rs:10:5
   |
9  | pub struct CodebaseStorage {
   |            --------------- field in this struct
10 |     database: Arc<crate::core::database::DatabaseManager>,
   |     ^^^^^^^^

warning: field `database` is never read
 --> src/consensus/codebase_intelligence/search.rs:9:5
  |
8 | pub struct CodebaseSearch {
  |            -------------- field in this struct
9 |     database: Arc<crate::core::database::DatabaseManager>,
  |     ^^^^^^^^

warning: field `consensus_threshold` is never read
   --> src/consensus/cross_validator.rs:109:5
    |
106 | pub struct CrossValidator {
    |            -------------- field in this struct
...
109 |     consensus_threshold: f64,
    |     ^^^^^^^^^^^^^^^^^^^

warning: fields `knowledge_synthesizer`, `feedback_templates`, and `user_preferences` are never read
   --> src/consensus/intelligent_feedback.rs:130:5
    |
129 | pub struct IntelligentFeedbackGenerator {
    |            ---------------------------- fields in this struct
130 |     knowledge_synthesizer: Option<Arc<KnowledgeSynthesizer>>,
    |     ^^^^^^^^^^^^^^^^^^^^^
131 |     feedback_templates: Arc<RwLock<HashMap<String, FeedbackTemplate>>>,
    |     ^^^^^^^^^^^^^^^^^^
132 |     user_preferences: Arc<RwLock<UserPreferences>>,
    |     ^^^^^^^^^^^^^^^^

warning: fields `template_type`, `base_message`, and `variables` are never read
   --> src/consensus/intelligent_feedback.rs:138:5
    |
137 | struct FeedbackTemplate {
    |        ---------------- fields in this struct
138 |     template_type: String,
    |     ^^^^^^^^^^^^^
139 |     base_message: String,
    |     ^^^^^^^^^^^^
140 |     variables: Vec<String>,
    |     ^^^^^^^^^
    |
    = note: `FeedbackTemplate` has derived impls for the traits `Clone` and `Debug`, but these are intentionally ignored during dead code analysis

warning: fields `timestamp`, `operation_id`, `feedback`, and `user_response` are never read
   --> src/consensus/intelligent_feedback.rs:145:5
    |
144 | struct GeneratedFeedback {
    |        ----------------- fields in this struct
145 |     timestamp: DateTime<Utc>,
    |     ^^^^^^^^^
146 |     operation_id: String,
    |     ^^^^^^^^^^^^
147 |     feedback: UserFeedback,
    |     ^^^^^^^^
148 |     user_response: Option<String>,
    |     ^^^^^^^^^^^^^
    |
    = note: `GeneratedFeedback` has derived impls for the traits `Clone` and `Debug`, but these are intentionally ignored during dead code analysis

warning: field `history_db` is never read
  --> src/consensus/confidence_scoring.rs:23:5
   |
19 | pub struct ConfidenceScoringEngine {
   |            ----------------------- field in this struct
...
23 |     history_db: Option<Arc<OperationHistoryDatabase>>,
   |     ^^^^^^^^^^
   |
   = note: `ConfidenceScoringEngine` has derived impls for the traits `Clone` and `Debug`, but these are intentionally ignored during dead code analysis

warning: field `pattern_recognizer` is never read
  --> src/consensus/operation_parser.rs:19:5
   |
16 | pub struct OperationParser {
   |            --------------- field in this struct
...
19 |     pattern_recognizer: Option<Arc<PatternRecognizer>>,
   |     ^^^^^^^^^^^^^^^^^^
   |
   = note: `OperationParser` has derived impls for the traits `Clone` and `Debug`, but these are intentionally ignored during dead code analysis

warning: field `quality_analyzer` is never read
  --> src/consensus/operation_validator.rs:21:5
   |
18 | pub struct OperationValidator {
   |            ------------------ field in this struct
...
21 |     quality_analyzer: Option<Arc<QualityAnalyzer>>,
   |     ^^^^^^^^^^^^^^^^
   |
   = note: `OperationValidator` has derived impls for the traits `Clone` and `Debug`, but these are intentionally ignored during dead code analysis

warning: method `validate_move` is never used
   --> src/consensus/operation_validator.rs:381:14
    |
192 | impl FileSystemValidator {
    | ------------------------ method in this implementation
...
381 |     async fn validate_move(&self, source: &Path, destination: &Path) -> Result<ValidationCheck> {
    |              ^^^^^^^^^^^^^

warning: field `config` is never read
   --> src/consensus/rollback_plan.rs:766:5
    |
765 | pub struct RollbackExecutor {
    |            ---------------- field in this struct
766 |     config: RollbackConfig,
    |     ^^^^^^

warning: field `knowledge_synthesizer` is never read
  --> src/consensus/rollback_planner.rs:21:5
   |
19 | pub struct RollbackPlanner {
   |            --------------- field in this struct
20 |     /// Knowledge synthesizer for intelligent planning
21 |     knowledge_synthesizer: Arc<KnowledgeSynthesizer>,
   |     ^^^^^^^^^^^^^^^^^^^^^
   |
   = note: `RollbackPlanner` has derived impls for the traits `Clone` and `Debug`, but these are intentionally ignored during dead code analysis

warning: field `operation_intelligence` is never read
  --> src/consensus/rollback_executor.rs:21:5
   |
20 | pub struct RollbackExecutor {
   |            ---------------- field in this struct
21 |     operation_intelligence: Arc<OperationIntelligenceCoordinator>,
   |     ^^^^^^^^^^^^^^^^^^^^^^

warning: field `current_execution` is never read
   --> src/consensus/rollback_executor.rs:148:5
    |
147 | pub struct ProgressTracker {
    |            --------------- field in this struct
148 |     current_execution: Option<RollbackExecution>,
    |     ^^^^^^^^^^^^^^^^^

warning: methods `recreate_file`, `restore_file_content`, and `handle_user_action` are never used
   --> src/consensus/rollback_executor.rs:601:14
    |
164 | impl RollbackExecutor {
    | --------------------- methods in this implementation
...
601 |     async fn recreate_file(&self, file_path: &Path, content: &str) -> Result<Vec<PathBuf>> {
    |              ^^^^^^^^^^^^^
...
613 |     async fn restore_file_content(&self, file_path: &Path, content: &str) -> Result<Vec<PathBuf>> {
    |              ^^^^^^^^^^^^^^^^^^^^
...
624 |     async fn handle_user_action(&self, description: &str, instructions: &str) -> Result<Vec<PathBuf>> {
    |              ^^^^^^^^^^^^^^^^^^

warning: field `backup_root` is never read
   --> src/consensus/rollback_executor.rs:715:5
    |
714 | pub struct BackupManager {
    |            ------------- field in this struct
715 |     backup_root: PathBuf,
    |     ^^^^^^^^^^^

warning: field `feedback_aggregator` is never read
  --> src/consensus/outcome_tracker.rs:22:5
   |
17 | pub struct OperationOutcomeTracker {
   |            ----------------------- field in this struct
...
22 |     feedback_aggregator: Arc<FeedbackAggregator>,
   |     ^^^^^^^^^^^^^^^^^^^

warning: field `cache_stats` is never read
   --> src/consensus/outcome_tracker.rs:131:5
    |
127 | pub struct OutcomeCache {
    |            ------------ field in this struct
...
131 |     cache_stats: CacheStatistics,
    |     ^^^^^^^^^^^
    |
    = note: `OutcomeCache` has a derived impl for the trait `Debug`, but this is intentionally ignored during dead code analysis

warning: multiple fields are never read
  --> src/consensus/learning_system.rs:26:5
   |
24 | pub struct ContinuousLearningSystem {
   |            ------------------------ fields in this struct
25 |     outcome_tracker: Arc<OperationOutcomeTracker>,
26 |     operation_intelligence: Arc<OperationIntelligenceCoordinator>,
   |     ^^^^^^^^^^^^^^^^^^^^^^
...
29 |     knowledge_indexer: Arc<KnowledgeIndexer>,
   |     ^^^^^^^^^^^^^^^^^
30 |     context_retriever: Arc<ContextRetriever>,
   |     ^^^^^^^^^^^^^^^^^
31 |     pattern_recognizer: Arc<PatternRecognizer>,
   |     ^^^^^^^^^^^^^^^^^^
32 |     quality_analyzer: Arc<QualityAnalyzer>,
   |     ^^^^^^^^^^^^^^^^
33 |     knowledge_synthesizer: Arc<KnowledgeSynthesizer>,
   |     ^^^^^^^^^^^^^^^^^^^^^
...
41 |     adaptation_engine: Arc<AdaptationEngine>,
   |     ^^^^^^^^^^^^^^^^^

warning: fields `risk_assessor` and `policy_enforcer` are never read
  --> src/consensus/safety_guardrails.rs:26:5
   |
18 | pub struct SafetyGuardrailSystem {
   |            --------------------- fields in this struct
...
26 |     risk_assessor: Arc<DynamicRiskAssessor>,
   |     ^^^^^^^^^^^^^
...
29 |     policy_enforcer: Arc<SafetyPolicyEnforcer>,
   |     ^^^^^^^^^^^^^^^

warning: function `convert_operation_context` is never used
   --> src/consensus/file_executor.rs:135:4
    |
135 | fn convert_operation_context(
    |    ^^^^^^^^^^^^^^^^^^^^^^^^^

warning: method `get_affected_files` is never used
    --> src/consensus/file_executor.rs:1149:8
     |
1096 | impl SyntaxValidator {
     | -------------------- method in this implementation
...
1149 |     fn get_affected_files(&self, operation: &FileOperation) -> Vec<PathBuf> {
     |        ^^^^^^^^^^^^^^^^^^

warning: field `start_marker` is never read
  --> src/consensus/direct_executor.rs:35:5
   |
31 | struct PendingOperation {
   |        ---------------- field in this struct
...
35 |     start_marker: String,
   |     ^^^^^^^^^^^^
   |
   = note: `PendingOperation` has derived impls for the traits `Clone` and `Debug`, but these are intentionally ignored during dead code analysis

warning: fields `ai_helpers` and `db` are never read
   --> src/consensus/direct_executor.rs:139:5
    |
137 | pub struct DirectExecutionHandler {
    |            ---------------------- fields in this struct
138 |     generator: Arc<GeneratorStage>,
139 |     ai_helpers: Arc<AIHelperEcosystem>,
    |     ^^^^^^^^^^
...
144 |     db: Arc<DatabaseManager>,
    |     ^^

warning: fields `ai_helpers`, `executor`, and `direct_handler` are never read
   --> src/consensus/iteration_handler.rs:119:5
    |
117 | pub struct IterationHandler {
    |            ---------------- fields in this struct
118 |     context: IterationContext,
119 |     ai_helpers: Arc<AIHelperEcosystem>,
    |     ^^^^^^^^^^
120 |     executor: Arc<StreamingOperationExecutor>,
    |     ^^^^^^^^
121 |     direct_handler: Arc<DirectExecutionHandler>,
    |     ^^^^^^^^^^^^^^

warning: fields `confidence`, `reasoning`, and `suggested_actions` are never read
   --> src/consensus/iteration_handler.rs:417:5
    |
415 | struct IterationAnalysis {
    |        ----------------- fields in this struct
416 |     recommendation: Recommendation,
417 |     confidence: f32,
    |     ^^^^^^^^^^
418 |     reasoning: String,
    |     ^^^^^^^^^
419 |     suggested_actions: Vec<String>,
    |     ^^^^^^^^^^^^^^^^^
    |
    = note: `IterationAnalysis` has derived impls for the traits `Clone` and `Debug`, but these are intentionally ignored during dead code analysis

warning: fields `entity_count_threshold` and `nested_clause_threshold` are never read
  --> src/consensus/mode_detector.rs:56:5
   |
54 | pub struct ComplexityAnalyzer {
   |            ------------------ fields in this struct
55 |     word_count_threshold: usize,
56 |     entity_count_threshold: usize,
   |     ^^^^^^^^^^^^^^^^^^^^^^
57 |     nested_clause_threshold: usize,
   |     ^^^^^^^^^^^^^^^^^^^^^^^

warning: field `complexity_threshold` is never read
   --> src/consensus/mode_detector.rs:120:5
    |
116 | pub struct ModeDetector {
    |            ------------ field in this struct
...
120 |     complexity_threshold: f32,
    |     ^^^^^^^^^^^^^^^^^^^^

warning: function `convert_operation_context` is never used
   --> src/consensus/file_planner.rs:150:4
    |
150 | fn convert_operation_context(
    |    ^^^^^^^^^^^^^^^^^^^^^^^^^

warning: method `validate_operation_safety` is never used
   --> src/consensus/file_planner.rs:463:8
    |
224 | impl FileOperationPlanner {
    | ------------------------- method in this implementation
...
463 |     fn validate_operation_safety(&self, operation: &FileOperation) -> Result<(), HiveError> {
    |        ^^^^^^^^^^^^^^^^^^^^^^^^^

warning: fields `operation_intelligence` and `history_database` are never read
  --> src/consensus/rollback_planner_v2.rs:29:5
   |
28 | pub struct ConsensusRollbackPlanner {
   |            ------------------------ fields in this struct
29 |     operation_intelligence: Arc<OperationIntelligenceCoordinator>,
   |     ^^^^^^^^^^^^^^^^^^^^^^
30 |     history_database: Option<Arc<OperationHistoryDatabase>>,
   |     ^^^^^^^^^^^^^^^^

warning: field `reverse_refs` is never read
  --> src/core/semantic.rs:66:5
   |
62 | struct ReferenceIndex {
   |        -------------- field in this struct
...
66 |     reverse_refs: HashMap<String, Vec<ReferenceLocation>>,
   |     ^^^^^^^^^^^^
   |
   = note: `ReferenceIndex` has derived impls for the traits `Default` and `Debug`, but these are intentionally ignored during dead code analysis

warning: fields `aliases` and `inferred` are never read
  --> src/core/semantic.rs:88:5
   |
84 | struct TypeIndex {
   |        --------- fields in this struct
...
88 |     aliases: HashMap<String, String>,
   |     ^^^^^^^
89 |     /// Inferred types for symbols
90 |     inferred: HashMap<String, TypeInfo>,
   |     ^^^^^^^^
   |
   = note: `TypeIndex` has derived impls for the traits `Default` and `Debug`, but these are intentionally ignored during dead code analysis

warning: field `migrations_dir` is never read
  --> src/core/migrations_simple.rs:47:5
   |
46 | pub struct MigrationManager {
   |            ---------------- field in this struct
47 |     migrations_dir: PathBuf,
   |     ^^^^^^^^^^^^^^
   |
   = note: `MigrationManager` has a derived impl for the trait `Debug`, but this is intentionally ignored during dead code analysis

warning: field `counters` is never read
  --> src/core/analytics.rs:68:5
   |
60 | struct MetricsStore {
   |        ------------ field in this struct
...
68 |     counters: HashMap<String, u64>,
   |     ^^^^^^^^
   |
   = note: `MetricsStore` has derived impls for the traits `Default` and `Debug`, but these are intentionally ignored during dead code analysis

warning: field `metric_type` is never read
  --> src/core/analytics.rs:76:5
   |
73 | struct TimeSeries {
   |        ---------- field in this struct
...
76 |     metric_type: MetricType,
   |     ^^^^^^^^^^^
   |
   = note: `TimeSeries` has a derived impl for the trait `Debug`, but this is intentionally ignored during dead code analysis

warning: field `tags` is never read
  --> src/core/analytics.rs:85:5
   |
82 | struct DataPoint {
   |        --------- field in this struct
...
85 |     tags: HashMap<String, String>,
   |     ^^^^
   |
   = note: `DataPoint` has derived impls for the traits `Clone` and `Debug`, but these are intentionally ignored during dead code analysis

warning: field `timestamp` is never read
   --> src/core/analytics.rs:101:5
    |
99  | struct MetricValue {
    |        ----------- field in this struct
100 |     value: f64,
101 |     timestamp: DateTime<Utc>,
    |     ^^^^^^^^^
    |
    = note: `MetricValue` has derived impls for the traits `Clone` and `Debug`, but these are intentionally ignored during dead code analysis

warning: fields `model_costs` and `optimization_rules` are never read
   --> src/core/analytics.rs:121:5
    |
119 | struct CostAnalyzer {
    |        ------------ fields in this struct
120 |     /// Model pricing information
121 |     model_costs: HashMap<String, ModelPricing>,
    |     ^^^^^^^^^^^
122 |     /// Cost optimization rules
123 |     optimization_rules: Vec<OptimizationRule>,
    |     ^^^^^^^^^^^^^^^^^^
    |
    = note: `CostAnalyzer` has a derived impl for the trait `Debug`, but this is intentionally ignored during dead code analysis

warning: fields `provider`, `input_cost_per_1k`, `output_cost_per_1k`, and `minimum_cost` are never read
   --> src/core/analytics.rs:129:5
    |
128 | struct ModelPricing {
    |        ------------ fields in this struct
129 |     provider: String,
    |     ^^^^^^^^
130 |     input_cost_per_1k: f64,
    |     ^^^^^^^^^^^^^^^^^
131 |     output_cost_per_1k: f64,
    |     ^^^^^^^^^^^^^^^^^^
132 |     minimum_cost: f64,
    |     ^^^^^^^^^^^^
    |
    = note: `ModelPricing` has derived impls for the traits `Clone` and `Debug`, but these are intentionally ignored during dead code analysis

warning: field `condition` is never read
   --> src/core/analytics.rs:138:5
    |
136 | struct OptimizationRule {
    |        ---------------- field in this struct
137 |     name: String,
138 |     condition: Box<dyn Fn(&CostMetrics) -> bool + Send + Sync>,
    |     ^^^^^^^^^

warning: fields `ma_calculator`, `anomaly_detector`, and `predictor` are never read
   --> src/core/analytics.rs:168:5
    |
166 | struct TrendAnalyzer {
    |        ------------- fields in this struct
167 |     /// Moving averages calculator
168 |     ma_calculator: MovingAverageCalculator,
    |     ^^^^^^^^^^^^^
169 |     /// Anomaly detector
170 |     anomaly_detector: AnomalyDetector,
    |     ^^^^^^^^^^^^^^^^
171 |     /// Trend predictor
172 |     predictor: TrendPredictor,
    |     ^^^^^^^^^
    |
    = note: `TrendAnalyzer` has a derived impl for the trait `Debug`, but this is intentionally ignored during dead code analysis

warning: field `window_sizes` is never read
   --> src/core/analytics.rs:178:5
    |
177 | struct MovingAverageCalculator {
    |        ----------------------- field in this struct
178 |     window_sizes: Vec<usize>,
    |     ^^^^^^^^^^^^
    |
    = note: `MovingAverageCalculator` has a derived impl for the trait `Debug`, but this is intentionally ignored during dead code analysis

warning: fields `threshold_multiplier` and `min_data_points` are never read
   --> src/core/analytics.rs:184:5
    |
183 | struct AnomalyDetector {
    |        --------------- fields in this struct
184 |     threshold_multiplier: f64,
    |     ^^^^^^^^^^^^^^^^^^^^
185 |     min_data_points: usize,
    |     ^^^^^^^^^^^^^^^
    |
    = note: `AnomalyDetector` has a derived impl for the trait `Debug`, but this is intentionally ignored during dead code analysis

warning: field `horizon_days` is never read
   --> src/core/analytics.rs:192:5
    |
190 | struct TrendPredictor {
    |        -------------- field in this struct
191 |     /// Prediction horizon (days)
192 |     horizon_days: u32,
    |     ^^^^^^^^^^^^
    |
    = note: `TrendPredictor` has a derived impl for the trait `Debug`, but this is intentionally ignored during dead code analysis

warning: field `templates` is never read
   --> src/core/analytics.rs:199:5
    |
197 | struct DashboardBuilder {
    |        ---------------- field in this struct
198 |     /// Dashboard templates
199 |     templates: HashMap<String, DashboardTemplate>,
    |     ^^^^^^^^^
    |
    = note: `DashboardBuilder` has a derived impl for the trait `Debug`, but this is intentionally ignored during dead code analysis

warning: fields `name`, `layout`, and `widgets` are never read
   --> src/core/analytics.rs:205:5
    |
204 | struct DashboardTemplate {
    |        ----------------- fields in this struct
205 |     name: String,
    |     ^^^^
206 |     layout: DashboardLayout,
    |     ^^^^^^
207 |     widgets: Vec<Widget>,
    |     ^^^^^^^
    |
    = note: `DashboardTemplate` has a derived impl for the trait `Debug`, but this is intentionally ignored during dead code analysis

warning: fields `rows` and `cols` are never read
   --> src/core/analytics.rs:213:12
    |
213 |     Grid { rows: usize, cols: usize },
    |     ----   ^^^^         ^^^^
    |     |
    |     fields in this variant
    |
    = note: `DashboardLayout` has a derived impl for the trait `Debug`, but this is intentionally ignored during dead code analysis

warning: variants `Vertical` and `Horizontal` are never constructed
   --> src/core/analytics.rs:214:5
    |
212 | enum DashboardLayout {
    |      --------------- variants in this enum
213 |     Grid { rows: usize, cols: usize },
214 |     Vertical,
    |     ^^^^^^^^
215 |     Horizontal,
    |     ^^^^^^^^^^
    |
    = note: `DashboardLayout` has a derived impl for the trait `Debug`, but this is intentionally ignored during dead code analysis

warning: fields `widget_type`, `title`, `position`, and `size` are never read
   --> src/core/analytics.rs:221:5
    |
220 | struct Widget {
    |        ------ fields in this struct
221 |     widget_type: WidgetType,
    |     ^^^^^^^^^^^
222 |     title: String,
    |     ^^^^^
223 |     position: (usize, usize),
    |     ^^^^^^^^
224 |     size: (usize, usize),
    |     ^^^^
    |
    = note: `Widget` has a derived impl for the trait `Debug`, but this is intentionally ignored during dead code analysis

warning: variants `Sparkline` and `HeatMap` are never constructed
   --> src/core/analytics.rs:234:5
    |
229 | enum WidgetType {
    |      ---------- variants in this enum
...
234 |     Sparkline,
    |     ^^^^^^^^^
235 |     HeatMap,
    |     ^^^^^^^
    |
    = note: `WidgetType` has a derived impl for the trait `Debug`, but this is intentionally ignored during dead code analysis

warning: field `templates` is never read
   --> src/core/analytics.rs:242:5
    |
240 | struct ReportGenerator {
    |        --------------- field in this struct
241 |     /// Report templates
242 |     templates: HashMap<ReportType, ReportTemplate>,
    |     ^^^^^^^^^
    |
    = note: `ReportGenerator` has a derived impl for the trait `Debug`, but this is intentionally ignored during dead code analysis

warning: fields `name`, `sections`, and `format` are never read
   --> src/core/analytics.rs:258:5
    |
257 | struct ReportTemplate {
    |        -------------- fields in this struct
258 |     name: String,
    |     ^^^^
259 |     sections: Vec<ReportSection>,
    |     ^^^^^^^^
260 |     format: ReportFormat,
    |     ^^^^^^
    |
    = note: `ReportTemplate` has a derived impl for the trait `Debug`, but this is intentionally ignored during dead code analysis

warning: fields `title`, `content_type`, and `data_source` are never read
   --> src/core/analytics.rs:266:5
    |
265 | struct ReportSection {
    |        ------------- fields in this struct
266 |     title: String,
    |     ^^^^^
267 |     content_type: ReportContentType,
    |     ^^^^^^^^^^^^
268 |     data_source: String,
    |     ^^^^^^^^^^^
    |
    = note: `ReportSection` has a derived impl for the trait `Debug`, but this is intentionally ignored during dead code analysis

warning: variant `Table` is never constructed
   --> src/core/analytics.rs:276:5
    |
273 | enum ReportContentType {
    |      ----------------- variant in this enum
...
276 |     Table,
    |     ^^^^^
    |
    = note: `ReportContentType` has a derived impl for the trait `Debug`, but this is intentionally ignored during dead code analysis

warning: variants `Markdown`, `Json`, and `Pdf` are never constructed
   --> src/core/analytics.rs:285:5
    |
283 | enum ReportFormat {
    |      ------------ variants in this enum
284 |     Html,
285 |     Markdown,
    |     ^^^^^^^^
286 |     Json,
    |     ^^^^
287 |     Pdf,
    |     ^^^
    |
    = note: `ReportFormat` has a derived impl for the trait `Debug`, but this is intentionally ignored during dead code analysis

warning: field `context_engine` is never read
  --> src/core/memory.rs:69:5
   |
64 | pub struct MemorySystem {
   |            ------------ field in this struct
...
69 |     context_engine: Arc<ContextEngine>,
   |     ^^^^^^^^^^^^^^
   |
   = note: `MemorySystem` has a derived impl for the trait `Debug`, but this is intentionally ignored during dead code analysis

warning: fields `model` and `query_cache` are never read
  --> src/core/memory.rs:79:5
   |
75 | struct EmbeddingStore {
   |        -------------- fields in this struct
...
79 |     model: Option<Arc<EmbeddingModel>>,
   |     ^^^^^
80 |     /// Cache for recent queries
81 |     query_cache: HashMap<String, Vec<f32>>,
   |     ^^^^^^^^^^^
   |
   = note: `EmbeddingStore` has a derived impl for the trait `Debug`, but this is intentionally ignored during dead code analysis

warning: fields `bert` and `device` are never read
  --> src/core/memory.rs:87:5
   |
86 | struct EmbeddingModel {
   |        -------------- fields in this struct
87 |     bert: BertModel,
   |     ^^^^
88 |     device: Device,
   |     ^^^^^^

warning: field `index` is never read
   --> src/core/memory.rs:113:5
    |
107 | struct KnowledgeGraph {
    |        -------------- field in this struct
...
113 |     index: HashMap<String, HashSet<String>>,
    |     ^^^^^
    |
    = note: `KnowledgeGraph` has derived impls for the traits `Default` and `Debug`, but these are intentionally ignored during dead code analysis

warning: fields `success_rate` and `avg_quality_score` are never read
   --> src/core/memory.rs:202:5
    |
200 | struct PatternStats {
    |        ------------ fields in this struct
201 |     occurrences: usize,
202 |     success_rate: f32,
    |     ^^^^^^^^^^^^
203 |     avg_quality_score: f32,
    |     ^^^^^^^^^^^^^^^^^
    |
    = note: `PatternStats` has derived impls for the traits `Default` and `Debug`, but these are intentionally ignored during dead code analysis

warning: fields `max_context_size` and `relevance_threshold` are never read
   --> src/core/memory.rs:211:5
    |
209 | struct ContextEngine {
    |        ------------- fields in this struct
210 |     /// Maximum context window size
211 |     max_context_size: usize,
    |     ^^^^^^^^^^^^^^^^
212 |     /// Context relevance scorer
213 |     relevance_threshold: f32,
    |     ^^^^^^^^^^^^^^^^^^^
    |
    = note: `ContextEngine` has a derived impl for the trait `Debug`, but this is intentionally ignored during dead code analysis

warning: fields `topic_distribution` and `quality_metrics` are never read
   --> src/core/memory.rs:224:5
    |
218 | struct MemoryAnalytics {
    |        --------------- fields in this struct
...
224 |     topic_distribution: HashMap<String, usize>,
    |     ^^^^^^^^^^^^^^^^^^
225 |     /// Quality metrics
226 |     quality_metrics: QualityMetrics,
    |     ^^^^^^^^^^^^^^^
    |
    = note: `MemoryAnalytics` has derived impls for the traits `Default` and `Debug`, but these are intentionally ignored during dead code analysis

warning: fields `avg_embedding_quality`, `avg_retrieval_precision`, `pattern_accuracy`, and `graph_connectivity` are never read
   --> src/core/memory.rs:240:5
    |
239 | struct QualityMetrics {
    |        -------------- fields in this struct
240 |     avg_embedding_quality: f32,
    |     ^^^^^^^^^^^^^^^^^^^^^
241 |     avg_retrieval_precision: f32,
    |     ^^^^^^^^^^^^^^^^^^^^^^^
242 |     pattern_accuracy: f32,
    |     ^^^^^^^^^^^^^^^^
243 |     graph_connectivity: f32,
    |     ^^^^^^^^^^^^^^^^^^
    |
    = note: `QualityMetrics` has derived impls for the traits `Default` and `Debug`, but these are intentionally ignored during dead code analysis

warning: field `capacity` is never read
   --> src/core/performance.rs:290:5
    |
288 | pub struct HotPathCache<T> {
    |            ------------ field in this struct
289 |     data: Arc<RwLock<lru::LruCache<String, T>>>,
290 |     capacity: usize,
    |     ^^^^^^^^
    |
    = note: `HotPathCache` has a derived impl for the trait `Debug`, but this is intentionally ignored during dead code analysis

warning: field `param_count` is never read
   --> src/database/optimize.rs:531:5
    |
529 | struct StatementInfo {
    |        ------------- field in this struct
530 |     sql: String,
531 |     param_count: usize,
    |     ^^^^^^^^^^^
    |
    = note: `StatementInfo` has derived impls for the traits `Clone` and `Debug`, but these are intentionally ignored during dead code analysis

warning: fields `notifications`, `next_id`, `auto_accept_count`, `last_auto_accept_batch`, and `max_notifications` are never read
   --> src/desktop/components/notifications.rs:493:5
    |
492 | pub struct NotificationContext {
    |            ------------------- fields in this struct
493 |     notifications: Signal<VecDeque<Notification>>,
    |     ^^^^^^^^^^^^^
494 |     next_id: Signal<usize>,
    |     ^^^^^^^
495 |     auto_accept_count: Signal<usize>,
    |     ^^^^^^^^^^^^^^^^^
496 |     last_auto_accept_batch: Signal<Vec<FileOperationWithMetadata>>,
    |     ^^^^^^^^^^^^^^^^^^^^^^
497 |     max_notifications: usize,
    |     ^^^^^^^^^^^^^^^^^
    |
    = note: `NotificationContext` has a derived impl for the trait `Clone`, but this is intentionally ignored during dead code analysis

warning: function `format_batch_summary` is never used
   --> src/desktop/components/notifications.rs:605:4
    |
605 | fn format_batch_summary(operations: &[FileOperationWithMetadata]) -> String {
    |    ^^^^^^^^^^^^^^^^^^^^

warning: constant `NOTIFICATION_STYLES` is never used
   --> src/desktop/components/notifications.rs:644:7
    |
644 | const NOTIFICATION_STYLES: &str = r#"
    |       ^^^^^^^^^^^^^^^^^^^

warning: struct `ProfileDisplayInfo` is never constructed
   --> src/desktop/dialogs/mod.rs:846:8
    |
846 | struct ProfileDisplayInfo {
    |        ^^^^^^^^^^^^^^^^^^

warning: function `update_default_profile` is never used
    --> src/desktop/dialogs/mod.rs:1150:10
     |
1150 | async fn update_default_profile(profile_id: &str) -> anyhow::Result<()> {
     |          ^^^^^^^^^^^^^^^^^^^^^^

warning: fields `valid` and `user_id` are never read
    --> src/desktop/dialogs/mod.rs:2507:5
     |
2506 | struct LicenseValidationResult {
     |        ----------------------- fields in this struct
2507 |     valid: bool,
     |     ^^^^^
...
2510 |     user_id: String,
     |     ^^^^^^^
     |
     = note: `LicenseValidationResult` has derived impls for the traits `Clone` and `Debug`, but these are intentionally ignored during dead code analysis

warning: function `save_hive_key_sync` is never used
    --> src/desktop/dialogs/mod.rs:2515:10
     |
2515 | async fn save_hive_key_sync(hive_key: &str) -> anyhow::Result<()> {
     |          ^^^^^^^^^^^^^^^^^^

warning: function `save_openrouter_key_sync` is never used
    --> src/desktop/dialogs/mod.rs:2550:10
     |
2550 | async fn save_openrouter_key_sync(openrouter_key: &str) -> anyhow::Result<()> {
     |          ^^^^^^^^^^^^^^^^^^^^^^^^

warning: function `save_api_keys` is never used
    --> src/desktop/dialogs/mod.rs:2584:10
     |
2584 | async fn save_api_keys(openrouter_key: &str, hive_key: &str) -> anyhow::Result<Option<LicenseValidationResult>> {
     |          ^^^^^^^^^^^^^

warning: function `save_profile_preference` is never used
    --> src/desktop/dialogs/mod.rs:2653:10
     |
2653 | async fn save_profile_preference(profile: &str) -> anyhow::Result<()> {
     |          ^^^^^^^^^^^^^^^^^^^^^^^

warning: field `writer` is never read
  --> src/desktop/terminal_xterm_simple.rs:21:5
   |
20 | pub struct XtermTerminal {
   |            ------------- field in this struct
21 |     writer: Arc<Mutex<Box<dyn Write + Send>>>,
   |     ^^^^^^

warning: function `handle_content_click` is never used
   --> src/desktop/code_editor/editor.rs:518:4
    |
518 | fn handle_content_click(
    |    ^^^^^^^^^^^^^^^^^^^^

warning: field `languages` is never read
   --> src/desktop/code_editor/highlighting.rs:110:5
    |
109 | pub struct SyntaxHighlighter {
    |            ----------------- field in this struct
110 |     languages: HashMap<String, Language>,
    |     ^^^^^^^^^

warning: function `extract_consensus_response` is never used
   --> src/desktop/response_coordinator.rs:267:10
    |
267 | async fn extract_consensus_response(app_state: &Signal<AppState>) -> Option<String> {
    |          ^^^^^^^^^^^^^^^^^^^^^^^^^^

warning: function `process_with_consensus` is never used
   --> src/desktop/response_coordinator.rs:296:10
    |
296 | async fn process_with_consensus(
    |          ^^^^^^^^^^^^^^^^^^^^^^

warning: fields `executor` and `approval_workflow` are never read
  --> src/hooks/mod.rs:64:5
   |
62 | pub struct HooksSystem {
   |            ----------- fields in this struct
63 |     registry: Arc<RwLock<HookRegistry>>,
64 |     executor: Arc<HookExecutor>,
   |     ^^^^^^^^
...
70 |     approval_workflow: Arc<approval_workflow::ApprovalWorkflow>,
   |     ^^^^^^^^^^^^^^^^^

warning: field `notification_rx` is never read
  --> src/hooks/approval.rs:65:5
   |
61 | pub struct ApprovalWorkflow {
   |            ---------------- field in this struct
...
65 |     notification_rx: Arc<RwLock<mpsc::Receiver<ApprovalNotification>>>,
   |     ^^^^^^^^^^^^^^^

warning: field `approval_workflow` is never read
  --> src/hooks/consensus_integration.rs:27:5
   |
25 | pub struct ConsensusIntegration {
   |            -------------------- field in this struct
26 |     hooks_system: Arc<HooksSystem>,
27 |     approval_workflow: Arc<ApprovalWorkflow>,
   |     ^^^^^^^^^^^^^^^^^

warning: field `queue_name` is never read
  --> src/hooks/dispatcher.rs:70:5
   |
65 | struct PrioritizedEvent {
   |        ---------------- field in this struct
...
70 |     queue_name: String,
   |     ^^^^^^^^^^
   |
   = note: `PrioritizedEvent` has derived impls for the traits `Clone` and `Debug`, but these are intentionally ignored during dead code analysis

warning: fields `binary_path`, `platform`, `include_completions`, and `include_config` are never read
   --> src/install/binary.rs:333:5
    |
332 | struct InstallerPackage {
    |        ---------------- fields in this struct
333 |     binary_path: PathBuf,
    |     ^^^^^^^^^^^
334 |     platform: String,
    |     ^^^^^^^^
335 |     version: String,
336 |     include_completions: bool,
    |     ^^^^^^^^^^^^^^^^^^^
337 |     include_config: bool,
    |     ^^^^^^^^^^^^^^
    |
    = note: `InstallerPackage` has derived impls for the traits `Clone` and `Debug`, but these are intentionally ignored during dead code analysis

warning: field `config` is never read
  --> src/integration/mcp/auth.rs:13:5
   |
12 | pub struct AuthManager {
   |            ----------- field in this struct
13 |     config: Arc<Config>,
   |     ^^^^^^

warning: method `handle_websocket_connection` is never used
   --> src/integration/mcp/server.rs:406:14
    |
42  | impl McpServer {
    | -------------- method in this implementation
...
406 |     async fn handle_websocket_connection(
    |              ^^^^^^^^^^^^^^^^^^^^^^^^^^^

warning: field `sender` is never read
   --> src/integration/mcp/streaming.rs:245:5
    |
244 | pub struct WebSocketHandler {
    |            ---------------- field in this struct
245 |     sender: mpsc::Sender<McpMessage>,
    |     ^^^^^^

warning: fields `prompt_manager` and `performance_manager` are never read
  --> src/integration/mcp/tools.rs:31:5
   |
26 | pub struct ToolRegistry {
   |            ------------ fields in this struct
...
31 |     prompt_manager: PromptManager,
   |     ^^^^^^^^^^^^^^
32 |     performance_manager: PerformanceManager,
   |     ^^^^^^^^^^^^^^^^^^^

warning: multiple methods are never used
   --> src/integration/mcp/tools.rs:492:14
    |
45  | impl ToolRegistry {
    | ----------------- methods in this implementation
...
492 |     async fn handle_ask_hive(&self, args: Value) -> Result<ToolResult> {
    |              ^^^^^^^^^^^^^^^
...
520 |     async fn handle_analyze_code(&self, args: Value) -> Result<ToolResult> {
    |              ^^^^^^^^^^^^^^^^^^^
...
547 |     async fn handle_explain_code(&self, args: Value) -> Result<ToolResult> {
    |              ^^^^^^^^^^^^^^^^^^^
...
578 |     async fn handle_improve_code(&self, args: Value) -> Result<ToolResult> {
    |              ^^^^^^^^^^^^^^^^^^^
...
614 |     async fn handle_generate_tests(&self, args: Value) -> Result<ToolResult> {
    |              ^^^^^^^^^^^^^^^^^^^^^
...
650 |     async fn handle_repository_summary(&self, args: Value) -> Result<ToolResult> {
    |              ^^^^^^^^^^^^^^^^^^^^^^^^^
...
691 |     async fn handle_plan_project(&self, args: Value) -> Result<ToolResult> {
    |              ^^^^^^^^^^^^^^^^^^^
...
749 |     async fn handle_transform_code(&self, args: Value) -> Result<ToolResult> {
    |              ^^^^^^^^^^^^^^^^^^^^^
...
788 |     async fn handle_search_memory(&self, args: Value) -> Result<ToolResult> {
    |              ^^^^^^^^^^^^^^^^^^^^
...
817 |     async fn handle_generate_analytics(&self, args: Value) -> Result<ToolResult> {
    |              ^^^^^^^^^^^^^^^^^^^^^^^^^
...
854 |     async fn handle_generate_docs(&self, args: Value) -> Result<ToolResult> {
    |              ^^^^^^^^^^^^^^^^^^^^

warning: methods `handle_analyze_code` and `handle_repository_summary` are never used
    --> src/integration/mcp/tools.rs:934:14
     |
904  | impl ToolRegistryHandler {
     | ------------------------ methods in this implementation
...
934  |     async fn handle_analyze_code(&self, args: Value) -> Result<ToolResult> {
     |              ^^^^^^^^^^^^^^^^^^^
...
1064 |     async fn handle_repository_summary(&self, args: Value) -> Result<ToolResult> {
     |              ^^^^^^^^^^^^^^^^^^^^^^^^^

warning: field `config` is never read
  --> src/integration/mcp/tools_advanced.rs:18:5
   |
16 | pub struct AdvancedToolRegistry {
   |            -------------------- field in this struct
17 |     consensus_engine: Arc<RwLock<ConsensusEngine>>,
18 |     config: Arc<Config>,
   |     ^^^^^^

warning: fields `layout_constraints` and `tui_mode` are never read
  --> src/interactive_tui.rs:60:5
   |
45 | pub struct InteractiveTui {
   |            -------------- fields in this struct
...
60 |     layout_constraints: LayoutConstraints,
   |     ^^^^^^^^^^^^^^^^^^
61 |     tui_mode: TuiMode,
   |     ^^^^^^^^

warning: methods `draw_input_box`, `draw_consensus_progress`, `draw_stage_progress`, and `draw_status_line` are never used
   --> src/interactive_tui.rs:546:8
    |
119 | impl InteractiveTui {
    | ------------------- methods in this implementation
...
546 |     fn draw_input_box(&self, f: &mut Frame, area: Rect) {
    |        ^^^^^^^^^^^^^^
...
592 |     fn draw_consensus_progress(&self, f: &mut Frame, area: Rect) {
    |        ^^^^^^^^^^^^^^^^^^^^^^^
...
629 |     fn draw_stage_progress(&self, f: &mut Frame, area: Rect, name: &str, stage: &StageProgress) {
    |        ^^^^^^^^^^^^^^^^^^^
...
708 |     fn draw_status_line(&self, f: &mut Frame, area: Rect) {
    |        ^^^^^^^^^^^^^^^^

warning: fields `model`, `tokenizer`, and `device` are never read
  --> src/memory/embeddings.rs:50:5
   |
48 | pub struct EmbeddingEngine {
   |            --------------- fields in this struct
49 |     /// The embedding model
50 |     model: Option<Arc<EmbeddingModel>>,
   |     ^^^^^
...
53 |     tokenizer: Option<Arc<Tokenizer>>,
   |     ^^^^^^^^^
...
56 |     device: Device,
   |     ^^^^^^
   |
   = note: `EmbeddingEngine` has a derived impl for the trait `Debug`, but this is intentionally ignored during dead code analysis

warning: fields `bert` and `config` are never read
   --> src/memory/embeddings.rs:101:5
    |
99  | struct EmbeddingModel {
    |        -------------- fields in this struct
100 |     #[cfg(feature = "embeddings")]
101 |     bert: BertModel,
    |     ^^^^
102 |     #[cfg(feature = "embeddings")]
103 |     config: BertConfig,
    |     ^^^^^^

warning: method `ensure_model_loaded` is never used
   --> src/memory/embeddings.rs:156:14
    |
116 | impl EmbeddingEngine {
    | -------------------- method in this implementation
...
156 |     async fn ensure_model_loaded(&mut self) -> Result<()> {
    |              ^^^^^^^^^^^^^^^^^^^

warning: field `index` is never read
   --> src/memory/embeddings.rs:297:5
    |
293 | pub struct VectorStore {
    |            ----------- field in this struct
...
297 |     index: RwLock<Option<VectorIndex>>,
    |     ^^^^^
    |
    = note: `VectorStore` has a derived impl for the trait `Debug`, but this is intentionally ignored during dead code analysis

warning: field `cache` is never read
  --> src/memory/retrieval.rs:27:5
   |
21 | pub struct ContextRetriever {
   |            ---------------- field in this struct
...
27 |     cache: Arc<tokio::sync::RwLock<QueryCache>>,
   |     ^^^^^
   |
   = note: `ContextRetriever` has a derived impl for the trait `Debug`, but this is intentionally ignored during dead code analysis

warning: fields `embedding`, `results`, and `timestamp` are never read
   --> src/memory/retrieval.rs:101:5
    |
99  | struct QueryCacheEntry {
    |        --------------- fields in this struct
100 |     /// Query embedding
101 |     embedding: Vec<f32>,
    |     ^^^^^^^^^
102 |     /// Results
103 |     results: Vec<SemanticSearchResult>,
    |     ^^^^^^^
104 |     /// Timestamp
105 |     timestamp: chrono::DateTime<chrono::Utc>,
    |     ^^^^^^^^^
    |
    = note: `QueryCacheEntry` has derived impls for the traits `Clone` and `Debug`, but these are intentionally ignored during dead code analysis

warning: fields `entries` and `access_order` are never read
   --> src/memory/retrieval.rs:112:5
    |
110 | struct QueryCache {
    |        ---------- fields in this struct
111 |     /// Cache entries
112 |     entries: HashMap<String, QueryCacheEntry>,
    |     ^^^^^^^
113 |     /// Access order for LRU eviction
114 |     access_order: Vec<String>,
    |     ^^^^^^^^^^^^
    |
    = note: `QueryCache` has derived impls for the traits `Default` and `Debug`, but these are intentionally ignored during dead code analysis

warning: fields `name`, `indexes`, and `constraints` are never read
   --> src/migration/database.rs:181:5
    |
180 | struct TableSchema {
    |        ----------- fields in this struct
181 |     name: String,
    |     ^^^^
182 |     columns: Vec<ColumnSchema>,
183 |     indexes: Vec<String>,
    |     ^^^^^^^
184 |     constraints: Vec<String>,
    |     ^^^^^^^^^^^
    |
    = note: `TableSchema` has a derived impl for the trait `Debug`, but this is intentionally ignored during dead code analysis

warning: fields `name`, `data_type`, `nullable`, and `default_value` are never read
   --> src/migration/database.rs:189:5
    |
188 | struct ColumnSchema {
    |        ------------ fields in this struct
189 |     name: String,
    |     ^^^^
190 |     data_type: String,
    |     ^^^^^^^^^
191 |     nullable: bool,
    |     ^^^^^^^^
192 |     default_value: Option<String>,
    |     ^^^^^^^^^^^^^
    |
    = note: `ColumnSchema` has a derived impl for the trait `Debug`, but this is intentionally ignored during dead code analysis

warning: function `parse_typescript_timestamp` is never used
   --> src/migration/database.rs:700:4
    |
700 | fn parse_typescript_timestamp(timestamp: &str) -> Result<DateTime<Utc>, HiveError> {
    |    ^^^^^^^^^^^^^^^^^^^^^^^^^^

warning: field `progress_counter` is never read
   --> src/migration/live_test.rs:114:5
    |
111 | pub struct LiveMigrationTester {
    |            ------------------- field in this struct
...
114 |     progress_counter: Arc<AtomicU64>,
    |     ^^^^^^^^^^^^^^^^

warning: fields `connection_pool` and `semaphore` are never read
   --> src/migration/performance.rs:184:5
    |
181 | pub struct PerformanceOptimizer {
    |            -------------------- fields in this struct
...
184 |     connection_pool: Arc<RwLock<Vec<Connection>>>,
    |     ^^^^^^^^^^^^^^^
185 |     semaphore: Arc<Semaphore>,
    |     ^^^^^^^^^

warning: field `migration_config` is never read
  --> src/migration/ui.rs:56:5
   |
53 | pub struct MigrationWizard {
   |            --------------- field in this struct
...
56 |     migration_config: Option<MigrationConfig>,
   |     ^^^^^^^^^^^^^^^^
   |
   = note: `MigrationWizard` has derived impls for the traits `Clone` and `Debug`, but these are intentionally ignored during dead code analysis

warning: fields `multi_progress`, `overall_progress`, `phase_progress`, `detail_progress`, and `start_time` are never read
   --> src/migration/ui.rs:104:5
    |
103 | pub struct MigrationStatusDisplay {
    |            ---------------------- fields in this struct
104 |     multi_progress: MultiProgress,
    |     ^^^^^^^^^^^^^^
105 |     overall_progress: ProgressBar,
    |     ^^^^^^^^^^^^^^^^
106 |     phase_progress: ProgressBar,
    |     ^^^^^^^^^^^^^^
107 |     detail_progress: ProgressBar,
    |     ^^^^^^^^^^^^^^^
108 |     status_messages: Arc<RwLock<Vec<StatusMessage>>>,
109 |     start_time: Instant,
    |     ^^^^^^^^^^

warning: fields `source_connection` and `target_connection` are never read
   --> src/migration/validation_suite.rs:244:5
    |
242 | pub struct ValidationSuite {
    |            --------------- fields in this struct
243 |     config: ValidationSuiteConfig,
244 |     source_connection: Connection,
    |     ^^^^^^^^^^^^^^^^^
245 |     target_connection: Connection,
    |     ^^^^^^^^^^^^^^^^^

warning: field `serializer` is never read
  --> src/modes/context.rs:17:5
   |
15 | pub struct ContextManager {
   |            -------------- field in this struct
16 |     storage: Arc<RwLock<ContextStorage>>,
17 |     serializer: ContextSerializer,
   |     ^^^^^^^^^^

warning: fields `format` and `compression` are never read
  --> src/modes/context.rs:33:5
   |
32 | struct ContextSerializer {
   |        ----------------- fields in this struct
33 |     format: SerializationFormat,
   |     ^^^^^^
34 |     compression: bool,
   |     ^^^^^^^^^^^
   |
   = note: `ContextSerializer` has a derived impl for the trait `Debug`, but this is intentionally ignored during dead code analysis

warning: field `algorithm` is never read
  --> src/modes/context.rs:40:5
   |
39 | struct ContextCompressor {
   |        ----------------- field in this struct
40 |     algorithm: CompressionAlgorithm,
   |     ^^^^^^^^^
   |
   = note: `ContextCompressor` has a derived impl for the trait `Debug`, but this is intentionally ignored during dead code analysis

warning: variants `MessagePack` and `Bincode` are never constructed
  --> src/modes/context.rs:54:5
   |
52 | enum SerializationFormat {
   |      ------------------- variants in this enum
53 |     Json,
54 |     MessagePack,
   |     ^^^^^^^^^^^
55 |     Bincode,
   |     ^^^^^^^
   |
   = note: `SerializationFormat` has derived impls for the traits `Clone` and `Debug`, but these are intentionally ignored during dead code analysis

warning: variants `None` and `Zstd` are never constructed
  --> src/modes/context.rs:61:5
   |
60 | enum CompressionAlgorithm {
   |      -------------------- variants in this enum
61 |     None,
   |     ^^^^
62 |     Gzip,
63 |     Zstd,
   |     ^^^^
   |
   = note: `CompressionAlgorithm` has derived impls for the traits `Clone` and `Debug`, but these are intentionally ignored during dead code analysis

warning: fields `operation_type`, `timestamp`, `mode`, and `details` are never read
   --> src/modes/context.rs:186:5
    |
185 | struct ContextOperation {
    |        ---------------- fields in this struct
186 |     operation_type: OperationType,
    |     ^^^^^^^^^^^^^^
187 |     timestamp: DateTime<Utc>,
    |     ^^^^^^^^^
188 |     mode: ModeType,
    |     ^^^^
189 |     details: String,
    |     ^^^^^^^
    |
    = note: `ContextOperation` has derived impls for the traits `Clone` and `Debug`, but these are intentionally ignored during dead code analysis

warning: variants `Create`, `Update`, and `Snapshot` are never constructed
   --> src/modes/context.rs:195:5
    |
194 | enum OperationType {
    |      ------------- variants in this enum
195 |     Create,
    |     ^^^^^^
196 |     Update,
    |     ^^^^^^
197 |     Snapshot,
    |     ^^^^^^^^
    |
    = note: `OperationType` has derived impls for the traits `Clone` and `Debug`, but these are intentionally ignored during dead code analysis

warning: field `weights` is never read
  --> src/modes/detector.rs:27:5
   |
25 | struct PatternMatcher {
   |        -------------- field in this struct
26 |     patterns: HashMap<ModeType, Vec<Regex>>,
27 |     weights: HashMap<String, f32>,
   |     ^^^^^^^
   |
   = note: `PatternMatcher` has a derived impl for the trait `Debug`, but this is intentionally ignored during dead code analysis

warning: field `metrics` is never read
  --> src/modes/detector.rs:33:5
   |
32 | struct ComplexityAnalyzer {
   |        ------------------ field in this struct
33 |     metrics: ComplexityMetrics,
   |     ^^^^^^^
   |
   = note: `ComplexityAnalyzer` has a derived impl for the trait `Debug`, but this is intentionally ignored during dead code analysis

warning: field `context_weights` is never read
  --> src/modes/detector.rs:40:5
   |
39 | struct ContextAnalyzer {
   |        --------------- field in this struct
40 |     context_weights: HashMap<String, f32>,
   |     ^^^^^^^^^^^^^^^
   |
   = note: `ContextAnalyzer` has a derived impl for the trait `Debug`, but this is intentionally ignored during dead code analysis

warning: field `base_confidence` is never read
  --> src/modes/detector.rs:47:5
   |
46 | struct ConfidenceCalculator {
   |        -------------------- field in this struct
47 |     base_confidence: f32,
   |     ^^^^^^^^^^^^^^^
   |
   = note: `ConfidenceCalculator` has a derived impl for the trait `Debug`, but this is intentionally ignored during dead code analysis

warning: field `high` is never read
  --> src/modes/detector.rs:68:5
   |
65 | struct ComplexityThresholds {
   |        -------------------- field in this struct
...
68 |     high: f32,
   |     ^^^^
   |
   = note: `ComplexityThresholds` has a derived impl for the trait `Debug`, but this is intentionally ignored during dead code analysis

warning: field `execution_coordinator` is never read
  --> src/modes/hybrid.rs:22:5
   |
18 | pub struct HybridModeEngine {
   |            ---------------- field in this struct
...
22 |     execution_coordinator: ExecutionCoordinator,
   |     ^^^^^^^^^^^^^^^^^^^^^

warning: field `mode_affinity_matrix` is never read
  --> src/modes/hybrid.rs:38:5
   |
36 | struct ModeAllocator {
   |        ------------- field in this struct
37 |     allocation_strategy: AllocationStrategy,
38 |     mode_affinity_matrix: HashMap<TaskType, Vec<(ModeType, f32)>>,
   |     ^^^^^^^^^^^^^^^^^^^^
   |
   = note: `ModeAllocator` has a derived impl for the trait `Debug`, but this is intentionally ignored during dead code analysis

warning: fields `parallel_execution`, `max_concurrent_tasks`, and `transition_buffer` are never read
  --> src/modes/hybrid.rs:44:5
   |
43 | struct ExecutionCoordinator {
   |        -------------------- fields in this struct
44 |     parallel_execution: bool,
   |     ^^^^^^^^^^^^^^^^^^
45 |     max_concurrent_tasks: usize,
   |     ^^^^^^^^^^^^^^^^^^^^
46 |     transition_buffer: std::time::Duration,
   |     ^^^^^^^^^^^^^^^^^
   |
   = note: `ExecutionCoordinator` has a derived impl for the trait `Debug`, but this is intentionally ignored during dead code analysis

warning: variants `Balanced`, `Performance`, and `Quality` are never constructed
  --> src/modes/hybrid.rs:61:5
   |
59 | enum AllocationStrategy {
   |      ------------------ variants in this enum
60 |     Adaptive,    // Dynamically adjust based on progress
61 |     Balanced,    // Equal distribution between modes
   |     ^^^^^^^^
62 |     Performance, // Optimize for speed
   |     ^^^^^^^^^^^
63 |     Quality,     // Optimize for quality
   |     ^^^^^^^
   |
   = note: `AllocationStrategy` has derived impls for the traits `Clone` and `Debug`, but these are intentionally ignored during dead code analysis

warning: variants `Testing`, `Documentation`, `Refactoring`, and `Debugging` are never constructed
  --> src/modes/hybrid.rs:71:5
   |
68 | enum TaskType {
   |      -------- variants in this enum
...
71 |     Testing,
   |     ^^^^^^^
72 |     Documentation,
   |     ^^^^^^^^^^^^^
73 |     Refactoring,
   |     ^^^^^^^^^^^
74 |     Debugging,
   |     ^^^^^^^^^
   |
   = note: `TaskType` has derived impls for the traits `Clone` and `Debug`, but these are intentionally ignored during dead code analysis

warning: field `pattern_history` is never read
  --> src/modes/preferences.rs:29:5
   |
26 | struct PreferenceStorage {
   |        ----------------- field in this struct
...
29 |     pattern_history: PatternHistory,
   |     ^^^^^^^^^^^^^^^
   |
   = note: `PreferenceStorage` has a derived impl for the trait `Debug`, but this is intentionally ignored during dead code analysis

warning: field `algorithm` is never read
  --> src/modes/preferences.rs:35:5
   |
34 | struct PatternLearner {
   |        -------------- field in this struct
35 |     algorithm: LearningAlgorithm,
   |     ^^^^^^^^^
   |
   = note: `PatternLearner` has a derived impl for the trait `Debug`, but this is intentionally ignored during dead code analysis

warning: field `time_windows` is never read
  --> src/modes/preferences.rs:43:5
   |
42 | struct BehaviorAnalyzer {
   |        ---------------- field in this struct
43 |     time_windows: Vec<TimeWindow>,
   |     ^^^^^^^^^^^^
   |
   = note: `BehaviorAnalyzer` has a derived impl for the trait `Debug`, but this is intentionally ignored during dead code analysis

warning: variants `TimeSeries`, `ContextualBandits`, and `ReinforcementLearning` are never constructed
  --> src/modes/preferences.rs:57:5
   |
55 | enum LearningAlgorithm {
   |      ----------------- variants in this enum
56 |     FrequencyBased,
57 |     TimeSeries,
   |     ^^^^^^^^^^
58 |     ContextualBandits,
   |     ^^^^^^^^^^^^^^^^^
59 |     ReinforcementLearning,
   |     ^^^^^^^^^^^^^^^^^^^^^
   |
   = note: `LearningAlgorithm` has derived impls for the traits `Clone` and `Debug`, but these are intentionally ignored during dead code analysis

warning: fields `name` and `duration` are never read
  --> src/modes/preferences.rs:65:5
   |
64 | struct TimeWindow {
   |        ---------- fields in this struct
65 |     name: String,
   |     ^^^^
66 |     duration: chrono::Duration,
   |     ^^^^^^^^
   |
   = note: `TimeWindow` has derived impls for the traits `Clone` and `Debug`, but these are intentionally ignored during dead code analysis

warning: fields `switch_patterns` and `task_type_patterns` are never read
  --> src/modes/preferences.rs:73:5
   |
71 | struct BehaviorMetrics {
   |        --------------- fields in this struct
72 |     mode_preferences: HashMap<ModeType, f32>,
73 |     switch_patterns: HashMap<(ModeType, ModeType), f32>,
   |     ^^^^^^^^^^^^^^^
74 |     time_of_day_patterns: HashMap<u32, ModeType>,
75 |     task_type_patterns: HashMap<String, ModeType>,
   |     ^^^^^^^^^^^^^^^^^^
   |
   = note: `BehaviorMetrics` has derived impls for the traits `Clone` and `Debug`, but these are intentionally ignored during dead code analysis

warning: method `update` is never used
  --> src/modes/preferences.rs:89:8
   |
87 | trait PredictionModel: std::fmt::Debug {
   |       --------------- method in this trait
88 |     fn predict(&self, input: &PredictionInput) -> PredictionOutput;
89 |     fn update(&mut self, feedback: &PredictionFeedback);
   |        ^^^^^^

warning: fields `patterns`, `max_patterns`, and `retention_days` are never read
   --> src/modes/preferences.rs:186:5
    |
185 | struct PatternHistory {
    |        -------------- fields in this struct
186 |     patterns: Vec<Pattern>,
    |     ^^^^^^^^
187 |     max_patterns: usize,
    |     ^^^^^^^^^^^^
188 |     retention_days: i64,
    |     ^^^^^^^^^^^^^^
    |
    = note: `PatternHistory` has a derived impl for the trait `Debug`, but this is intentionally ignored during dead code analysis

warning: fields `query` and `timestamp` are never read
   --> src/modes/preferences.rs:194:5
    |
193 | struct PredictionInput {
    |        --------------- fields in this struct
194 |     query: Option<String>,
    |     ^^^^^
...
197 |     timestamp: DateTime<Utc>,
    |     ^^^^^^^^^
    |
    = note: `PredictionInput` has a derived impl for the trait `Debug`, but this is intentionally ignored during dead code analysis

warning: field `alternatives` is never read
   --> src/modes/preferences.rs:205:5
    |
202 | struct PredictionOutput {
    |        ---------------- field in this struct
...
205 |     alternatives: Vec<(ModeType, f32)>,
    |     ^^^^^^^^^^^^
    |
    = note: `PredictionOutput` has a derived impl for the trait `Debug`, but this is intentionally ignored during dead code analysis

warning: struct `PredictionFeedback` is never constructed
   --> src/modes/preferences.rs:210:8
    |
210 | struct PredictionFeedback {
    |        ^^^^^^^^^^^^^^^^^^

warning: field `cooldowns` is never read
  --> src/modes/switcher.rs:52:5
   |
48 | struct TransitionRules {
   |        --------------- field in this struct
...
52 |     cooldowns: HashMap<ModeType, std::time::Duration>,
   |     ^^^^^^^^^
   |
   = note: `TransitionRules` has derived impls for the traits `Clone` and `Debug`, but these are intentionally ignored during dead code analysis

warning: field `mode` is never read
  --> src/modes/visualization.rs:48:5
   |
45 | struct StatusEvent {
   |        ----------- field in this struct
...
48 |     mode: ModeType,
   |     ^^^^
   |
   = note: `StatusEvent` has derived impls for the traits `Clone` and `Debug`, but these are intentionally ignored during dead code analysis

warning: variants `ContextUpdate` and `HealthChange` are never constructed
  --> src/modes/visualization.rs:57:5
   |
54 | enum EventType {
   |      --------- variants in this enum
...
57 |     ContextUpdate,
   |     ^^^^^^^^^^^^^
58 |     HealthChange,
   |     ^^^^^^^^^^^^
   |
   = note: `EventType` has derived impls for the traits `Clone` and `Debug`, but these are intentionally ignored during dead code analysis

warning: field `color` is never read
  --> src/modes/visualization.rs:65:5
   |
63 | struct ModeIndicator {
   |        ------------- field in this struct
64 |     symbol: String,
65 |     color: Color,
   |     ^^^^^
   |
   = note: `ModeIndicator` has derived impls for the traits `Clone` and `Debug`, but these are intentionally ignored during dead code analysis

warning: fields `last_update` and `active_animations` are never read
  --> src/modes/visualization.rs:82:5
   |
80 | struct AnimationState {
   |        -------------- fields in this struct
81 |     frame: usize,
82 |     last_update: std::time::Instant,
   |     ^^^^^^^^^^^
83 |     active_animations: HashMap<ModeType, AnimationFrame>,
   |     ^^^^^^^^^^^^^^^^^
   |
   = note: `AnimationState` has a derived impl for the trait `Debug`, but this is intentionally ignored during dead code analysis

warning: fields `animation_type`, `current_frame`, and `total_frames` are never read
  --> src/modes/visualization.rs:89:5
   |
88 | struct AnimationFrame {
   |        -------------- fields in this struct
89 |     animation_type: AnimationType,
   |     ^^^^^^^^^^^^^^
90 |     current_frame: usize,
   |     ^^^^^^^^^^^^^
91 |     total_frames: usize,
   |     ^^^^^^^^^^^^
   |
   = note: `AnimationFrame` has derived impls for the traits `Clone` and `Debug`, but these are intentionally ignored during dead code analysis

warning: method `update` is never used
   --> src/modes/visualization.rs:474:12
    |
465 | impl AnimationState {
    | ------------------- method in this implementation
...
474 |     pub fn update(&mut self) {
    |            ^^^^^^

warning: field `collaborative_planner` is never read
  --> src/planning/mod.rs:39:5
   |
34 | pub struct PlanningEngine {
   |            -------------- field in this struct
...
39 |     collaborative_planner: CollaborativePlanner,
   |     ^^^^^^^^^^^^^^^^^^^^^

warning: field `pattern` is never read
  --> src/planning/decomposer.rs:21:5
   |
19 | struct DecompositionTemplate {
   |        --------------------- field in this struct
20 |     task_type: TaskType,
21 |     pattern: Vec<&'static str>,
   |     ^^^^^^^
   |
   = note: `DecompositionTemplate` has derived impls for the traits `Clone` and `Debug`, but these are intentionally ignored during dead code analysis

warning: fields `estimated_subtasks`, `required_skills`, `potential_challenges`, and `suggested_approach` are never read
   --> src/planning/decomposer.rs:438:5
    |
435 | struct TaskAnalysis {
    |        ------------ fields in this struct
...
438 |     estimated_subtasks: usize,
    |     ^^^^^^^^^^^^^^^^^^
439 |     required_skills: Vec<String>,
    |     ^^^^^^^^^^^^^^^
440 |     key_components: Vec<String>,
441 |     potential_challenges: Vec<String>,
    |     ^^^^^^^^^^^^^^^^^^^^
442 |     suggested_approach: String,
    |     ^^^^^^^^^^^^^^^^^^
    |
    = note: `TaskAnalysis` has a derived impl for the trait `Debug`, but this is intentionally ignored during dead code analysis

warning: field `dependencies` is never read
   --> src/planning/decomposer.rs:462:5
    |
456 | struct RawTask {
    |        ------- field in this struct
...
462 |     dependencies: Vec<String>,
    |     ^^^^^^^^^^^^
    |
    = note: `RawTask` has a derived impl for the trait `Debug`, but this is intentionally ignored during dead code analysis

warning: field `analysis_engine` is never read
   --> src/planning/integration.rs:156:5
    |
154 | pub struct RepositoryIntelligence {
    |            ---------------------- field in this struct
155 |     semantic_index: Option<SemanticIndex>,
156 |     analysis_engine: AnalysisEngine,
    |     ^^^^^^^^^^^^^^^

warning: method `analyze_technical_debt` is never used
   --> src/planning/integration.rs:426:8
    |
159 | impl RepositoryIntelligence {
    | --------------------------- method in this implementation
...
426 |     fn analyze_technical_debt(&self, files: &[crate::core::FileInfo]) -> HiveResult<TechnicalDebt> {
    |        ^^^^^^^^^^^^^^^^^^^^^^

warning: field `context_preservers` is never read
  --> src/planning/mode_switcher.rs:14:5
   |
12 | pub struct ModeSwitcher {
   |            ------------ field in this struct
13 |     transition_rules: TransitionRules,
14 |     context_preservers: HashMap<ModeType, Box<dyn ContextPreserver + Send + Sync>>,
   |     ^^^^^^^^^^^^^^^^^^

warning: field `cooldown_periods` is never read
  --> src/planning/mode_switcher.rs:22:5
   |
19 | struct TransitionRules {
   |        --------------- field in this struct
...
22 |     cooldown_periods: HashMap<ModeType, std::time::Duration>,
   |     ^^^^^^^^^^^^^^^^
   |
   = note: `TransitionRules` has a derived impl for the trait `Debug`, but this is intentionally ignored during dead code analysis

warning: methods `preserve` and `restore` are never used
  --> src/planning/mode_switcher.rs:27:8
   |
26 | trait ContextPreserver {
   |       ---------------- methods in this trait
27 |     fn preserve(&self, context: &ModeContext) -> HiveResult<PreservedContext>;
   |        ^^^^^^^^
28 |     fn restore(&self, preserved: &PreservedContext) -> HiveResult<ModeContext>;
   |        ^^^^^^^

warning: struct `DefaultContextPreserver` is never constructed
   --> src/planning/mode_switcher.rs:501:8
    |
501 | struct DefaultContextPreserver;
    |        ^^^^^^^^^^^^^^^^^^^^^^^

warning: field `risk_patterns` is never read
  --> src/planning/risk_analyzer.rs:13:5
   |
12 | pub struct RiskAnalyzer {
   |            ------------ field in this struct
13 |     risk_patterns: Vec<RiskPattern>,
   |     ^^^^^^^^^^^^^

warning: fields `category`, `indicators`, `base_severity`, and `base_probability` are never read
  --> src/planning/risk_analyzer.rs:20:5
   |
19 | struct RiskPattern {
   |        ----------- fields in this struct
20 |     category: RiskCategory,
   |     ^^^^^^^^
21 |     indicators: Vec<String>,
   |     ^^^^^^^^^^
22 |     base_severity: RiskSeverity,
   |     ^^^^^^^^^^^^^
23 |     base_probability: f32,
   |     ^^^^^^^^^^^^^^^^
   |
   = note: `RiskPattern` has derived impls for the traits `Clone` and `Debug`, but these are intentionally ignored during dead code analysis

warning: variants `Scope`, `Integration`, `Security`, and `Performance` are never constructed
  --> src/planning/risk_analyzer.rs:33:5
   |
28 | enum RiskCategory {
   |      ------------ variants in this enum
...
33 |     Scope,
   |     ^^^^^
34 |     Integration,
   |     ^^^^^^^^^^^
35 |     Security,
   |     ^^^^^^^^
36 |     Performance,
   |     ^^^^^^^^^^^
   |
   = note: `RiskCategory` has derived impls for the traits `Clone` and `Debug`, but these are intentionally ignored during dead code analysis

warning: fields `experience_multipliers` and `team_size_factors` are never read
  --> src/planning/timeline.rs:21:5
   |
19 | struct EstimationFactors {
   |        ----------------- fields in this struct
20 |     complexity_multipliers: HashMap<TaskType, f32>,
21 |     experience_multipliers: HashMap<ExperienceLevel, f32>,
   |     ^^^^^^^^^^^^^^^^^^^^^^
22 |     team_size_factors: HashMap<usize, f32>,
   |     ^^^^^^^^^^^^^^^^^
   |
   = note: `EstimationFactors` has derived impls for the traits `Clone` and `Debug`, but these are intentionally ignored during dead code analysis

warning: field `daily_hours` is never read
  --> src/planning/timeline.rs:29:5
   |
28 | struct WorkingHours {
   |        ------------ field in this struct
29 |     daily_hours: f32,
   |     ^^^^^^^^^^^
   |
   = note: `WorkingHours` has derived impls for the traits `Clone` and `Debug`, but these are intentionally ignored during dead code analysis

warning: method `transition_to_half_open` is never used
    --> src/providers/openrouter/performance.rs:1179:14
     |
292  | impl PerformanceTracker {
     | ----------------------- method in this implementation
...
1179 |     async fn transition_to_half_open(&self, model_id: &str) -> Result<()> {
     |              ^^^^^^^^^^^^^^^^^^^^^^^

warning: fields `db_path` and `encryption_key` are never read
  --> src/security/audit.rs:21:5
   |
20 | pub struct EnterpriseAuditLogger {
   |            --------------------- fields in this struct
21 |     db_path: Option<PathBuf>,
   |     ^^^^^^^
...
24 |     encryption_key: Option<Vec<u8>>,
   |     ^^^^^^^^^^^^^^

warning: field `secrets` is never read
   --> src/security/auth.rs:283:5
    |
282 | pub struct TotpMfaProvider {
    |            --------------- field in this struct
283 |     secrets: Arc<RwLock<HashMap<String, String>>>,
    |     ^^^^^^^

warning: field `audit_logger` is never read
  --> src/security/compliance.rs:23:5
   |
19 | pub struct ComplianceManager {
   |            ----------------- field in this struct
...
23 |     audit_logger: Arc<EnterpriseAuditLogger>,
   |     ^^^^^^^^^^^^

warning: field `permission_manager` is never read
  --> src/security/rbac.rs:26:5
   |
20 | pub struct EnterpriseRbacManager {
   |            --------------------- field in this struct
...
26 |     permission_manager: Arc<PermissionManager>,
   |     ^^^^^^^^^^^^^^^^^^

warning: field `rbac_manager` is never read
  --> src/security/teams.rs:23:5
   |
19 | pub struct TeamManager {
   |            ----------- field in this struct
...
23 |     rbac_manager: Arc<EnterpriseRbacManager>,
   |     ^^^^^^^^^^^^

warning: field `config` is never read
  --> src/shell/completions/mod.rs:17:5
   |
16 | pub struct ShellCompletions {
   |            ---------------- field in this struct
17 |     config: Config,
   |     ^^^^^^

warning: field `config` is never read
  --> src/shell/hooks.rs:14:5
   |
13 | pub struct ShellHooks {
   |            ---------- field in this struct
14 |     config: Config,
   |     ^^^^^^

warning: field `config` is never read
  --> src/shell/setup.rs:14:5
   |
13 | pub struct ShellSetup {
   |            ---------- field in this struct
14 |     config: Config,
   |     ^^^^^^

warning: field `error` is never read
   --> src/subscription/conversation_gateway.rs:176:5
    |
171 | struct PostConversationResponse {
    |        ------------------------ field in this struct
...
176 |     error: Option<String>,
    |     ^^^^^
    |
    = note: `PostConversationResponse` has a derived impl for the trait `Debug`, but this is intentionally ignored during dead code analysis

warning: field `config_dir` is never read
  --> src/subscription/reminder.rs:91:5
   |
90 | pub struct ReminderManager {
   |            --------------- field in this struct
91 |     config_dir: PathBuf,
   |     ^^^^^^^^^^

warning: field `config_dir` is never read
  --> src/subscription/usage_tracker.rs:36:5
   |
35 | pub struct UsageTracker {
   |            ------------ field in this struct
36 |     config_dir: PathBuf,
   |     ^^^^^^^^^^

warning: fields `context` and `syntax_modifier` are never read
  --> src/transformation/engine.rs:19:5
   |
18 | pub struct TransformationEngine {
   |            -------------------- fields in this struct
19 |     context: Arc<ContextBuilder>,
   |     ^^^^^^^
...
23 |     syntax_modifier: SyntaxAwareModifier,
   |     ^^^^^^^^^^^^^^^

warning: field `operations` is never read
  --> src/transformation/operations.rs:31:5
   |
29 | pub struct OperationsManager {
   |            ----------------- field in this struct
30 |     /// Active operations by file
31 |     operations: HashMap<PathBuf, Vec<Operation>>,
   |     ^^^^^^^^^^

warning: field `config` is never read
  --> src/transformation/simple_engine.rs:12:5
   |
11 | pub struct SimpleTransformationEngine {
   |            -------------------------- field in this struct
12 |     config: TransformConfig,
   |     ^^^^^^

warning: method `extract_syntax_errors` is never used
   --> src/transformation/validation.rs:164:8
    |
23  | impl TransformationValidator {
    | ---------------------------- method in this implementation
...
164 |     fn extract_syntax_errors(&self, tree: &tree_sitter::Tree) -> Vec<String> {
    |        ^^^^^^^^^^^^^^^^^^^^^

warning: fields `name` and `description` are never read
   --> src/tui/accessibility/mod.rs:414:5
    |
413 | struct ComplianceCheck {
    |        --------------- fields in this struct
414 |     name: String,
    |     ^^^^
415 |     passed: bool,
416 |     description: String,
    |     ^^^^^^^^^^^

warning: methods `create_analysis_item` and `create_planning_item` are never used
   --> src/tui/advanced/consensus.rs:803:8
    |
341 | impl ConsensusPanel {
    | ------------------- methods in this implementation
...
803 |     fn create_analysis_item<'a>(&self, result: &'a AnalysisResult, theme: &Theme) -> ListItem<'a> {
    |        ^^^^^^^^^^^^^^^^^^^^
...
925 |     fn create_planning_item<'a>(
    |        ^^^^^^^^^^^^^^^^^^^^

warning: method `update_scroll_offset` is never used
   --> src/tui/advanced/editor.rs:678:8
    |
109 | impl EditorPanel {
    | ---------------- method in this implementation
...
678 |     fn update_scroll_offset(&self, tab: &mut EditorTab) {
    |        ^^^^^^^^^^^^^^^^^^^^

warning: field `should_exit` is never read
  --> src/tui/fallback.rs:20:5
   |
12 | pub struct SimpleCli {
   |            --------- field in this struct
...
20 |     should_exit: bool,
   |     ^^^^^^^^^^^

warning: fields `highlight_color` and `warning_color` are never read
  --> src/tui/status_line.rs:21:5
   |
18 | struct StatusTheme {
   |        ----------- fields in this struct
...
21 |     highlight_color: Color,
   |     ^^^^^^^^^^^^^^^
22 |     warning_color: Color,
   |     ^^^^^^^^^^^^^

warning: method `get_context_color` is never used
  --> src/tui/status_line.rs:93:8
   |
36 | impl StatusLine {
   | --------------- method in this implementation
...
93 |     fn get_context_color(&self, percentage: u8) -> Color {
   |        ^^^^^^^^^^^^^^^^^

warning: method `stage_to_message_type` is never used
  --> src/tui/streaming_callbacks.rs:81:8
   |
57 | impl TuiStreamingCallbacks {
   | -------------------------- method in this implementation
...
81 |     fn stage_to_message_type(&self, stage: PipelineStage) -> MessageType {
   |        ^^^^^^^^^^^^^^^^^^^^^

warning: function `parse_color` is never used
   --> src/tui/themes/mod.rs:517:4
    |
517 | fn parse_color(color_str: &str) -> Option<Color> {
    |    ^^^^^^^^^^^

warning: field `consensus_view` is never read
  --> src/tui/ui.rs:25:5
   |
22 | pub struct TuiInterface {
   |            ------------ field in this struct
...
25 |     consensus_view: ConsensusView,
   |     ^^^^^^^^^^^^^^

warning: field `theme` is never read
  --> src/tui/widgets/input_field.rs:37:5
   |
14 | pub struct InputField<'a> {
   |            ---------- field in this struct
...
37 |     theme: &'a WidgetTheme,
   |     ^^^^^

warning: missing documentation for a module
  --> src/lib.rs:16:1
   |
16 | pub mod consensus;
   | ^^^^^^^^^^^^^^^^^
   |
note: the lint level is defined here
  --> src/lib.rs:5:9
   |
5  | #![warn(missing_docs)]
   |         ^^^^^^^^^^^^

warning: missing documentation for a module
  --> src/lib.rs:29:1
   |
29 | pub mod providers;
   | ^^^^^^^^^^^^^^^^^

warning: missing documentation for a module
  --> src/lib.rs:31:1
   |
31 | pub mod shell;
   | ^^^^^^^^^^^^^

warning: missing documentation for a constant
  --> src/lib.rs:39:1
   |
39 | pub const VERSION: &str = "2.0.2";
   | ^^^^^^^^^^^^^^^^^^^^^^^

warning: missing documentation for a struct field
  --> src/ai_helpers/mod.rs:89:5
   |
89 |     pub indexed: IndexedKnowledge,
   |     ^^^^^^^^^^^^^^^^^^^^^^^^^^^^^

warning: missing documentation for a struct field
  --> src/ai_helpers/mod.rs:90:5
   |
90 |     pub patterns: Vec<Pattern>,
   |     ^^^^^^^^^^^^^^^^^^^^^^^^^^

warning: missing documentation for a struct field
  --> src/ai_helpers/mod.rs:91:5
   |
91 |     pub quality: QualityReport,
   |     ^^^^^^^^^^^^^^^^^^^^^^^^^^

warning: missing documentation for a struct field
  --> src/ai_helpers/mod.rs:92:5
   |
92 |     pub insights: Vec<Insight>,
   |     ^^^^^^^^^^^^^^^^^^^^^^^^^^

warning: missing documentation for a struct field
  --> src/ai_helpers/mod.rs:98:5
   |
98 |     pub id: String,
   |     ^^^^^^^^^^^^^^

warning: missing documentation for a struct field
  --> src/ai_helpers/mod.rs:99:5
   |
99 |     pub content: String,
   |     ^^^^^^^^^^^^^^^^^^^

warning: missing documentation for a struct field
   --> src/ai_helpers/mod.rs:100:5
    |
100 |     pub embedding: Vec<f32>,
    |     ^^^^^^^^^^^^^^^^^^^^^^^

warning: missing documentation for a struct field
   --> src/ai_helpers/mod.rs:101:5
    |
101 |     pub metadata: serde_json::Value,
    |     ^^^^^^^^^^^^^^^^^^^^^^^^^^^^^^^

warning: missing documentation for a struct field
   --> src/ai_helpers/mod.rs:107:5
    |
107 |     pub pattern_type: PatternType,
    |     ^^^^^^^^^^^^^^^^^^^^^^^^^^^^^

warning: missing documentation for a struct field
   --> src/ai_helpers/mod.rs:108:5
    |
108 |     pub description: String,
    |     ^^^^^^^^^^^^^^^^^^^^^^^

warning: missing documentation for a struct field
   --> src/ai_helpers/mod.rs:109:5
    |
109 |     pub confidence: f64,
    |     ^^^^^^^^^^^^^^^^^^^

warning: missing documentation for a struct field
   --> src/ai_helpers/mod.rs:110:5
    |
110 |     pub examples: Vec<String>,
    |     ^^^^^^^^^^^^^^^^^^^^^^^^^

warning: missing documentation for a variant
   --> src/ai_helpers/mod.rs:116:5
    |
116 |     Recurring,
    |     ^^^^^^^^^

warning: missing documentation for a variant
   --> src/ai_helpers/mod.rs:117:5
    |
117 |     Evolution,
    |     ^^^^^^^^^

warning: missing documentation for a variant
   --> src/ai_helpers/mod.rs:118:5
    |
118 |     Contradiction,
    |     ^^^^^^^^^^^^^

warning: missing documentation for a variant
   --> src/ai_helpers/mod.rs:119:5
    |
119 |     Relationship,
    |     ^^^^^^^^^^^^

warning: missing documentation for a variant
   --> src/ai_helpers/mod.rs:120:5
    |
120 |     Insight,
    |     ^^^^^^^

warning: missing documentation for a struct field
   --> src/ai_helpers/mod.rs:126:5
    |
126 |     pub overall_score: f64,
    |     ^^^^^^^^^^^^^^^^^^^^^^

warning: missing documentation for a struct field
   --> src/ai_helpers/mod.rs:127:5
    |
127 |     pub consistency_score: f64,
    |     ^^^^^^^^^^^^^^^^^^^^^^^^^^

warning: missing documentation for a struct field
   --> src/ai_helpers/mod.rs:128:5
    |
128 |     pub completeness_score: f64,
    |     ^^^^^^^^^^^^^^^^^^^^^^^^^^^

warning: missing documentation for a struct field
   --> src/ai_helpers/mod.rs:129:5
    |
129 |     pub accuracy_score: f64,
    |     ^^^^^^^^^^^^^^^^^^^^^^^

warning: missing documentation for a struct field
   --> src/ai_helpers/mod.rs:130:5
    |
130 |     pub issues: Vec<QualityIssue>,
    |     ^^^^^^^^^^^^^^^^^^^^^^^^^^^^^

warning: missing documentation for a struct field
   --> src/ai_helpers/mod.rs:136:5
    |
136 |     pub issue_type: String,
    |     ^^^^^^^^^^^^^^^^^^^^^^

warning: missing documentation for a struct field
   --> src/ai_helpers/mod.rs:137:5
    |
137 |     pub description: String,
    |     ^^^^^^^^^^^^^^^^^^^^^^^

warning: missing documentation for a struct field
   --> src/ai_helpers/mod.rs:138:5
    |
138 |     pub severity: Severity,
    |     ^^^^^^^^^^^^^^^^^^^^^^

warning: missing documentation for a variant
   --> src/ai_helpers/mod.rs:144:5
    |
144 |     Low,
    |     ^^^

warning: missing documentation for a variant
   --> src/ai_helpers/mod.rs:145:5
    |
145 |     Medium,
    |     ^^^^^^

warning: missing documentation for a variant
   --> src/ai_helpers/mod.rs:146:5
    |
146 |     High,
    |     ^^^^

warning: missing documentation for a variant
   --> src/ai_helpers/mod.rs:147:5
    |
147 |     Critical,
    |     ^^^^^^^^

warning: missing documentation for a struct field
   --> src/ai_helpers/mod.rs:153:5
    |
153 |     pub insight_type: InsightType,
    |     ^^^^^^^^^^^^^^^^^^^^^^^^^^^^^

warning: missing documentation for a struct field
   --> src/ai_helpers/mod.rs:154:5
    |
154 |     pub content: String,
    |     ^^^^^^^^^^^^^^^^^^^

warning: missing documentation for a struct field
   --> src/ai_helpers/mod.rs:155:5
    |
155 |     pub supporting_facts: Vec<String>,
    |     ^^^^^^^^^^^^^^^^^^^^^^^^^^^^^^^^^

warning: missing documentation for a struct field
   --> src/ai_helpers/mod.rs:156:5
    |
156 |     pub confidence: f64,
    |     ^^^^^^^^^^^^^^^^^^^

warning: missing documentation for a variant
   --> src/ai_helpers/mod.rs:162:5
    |
162 |     Trend,
    |     ^^^^^

warning: missing documentation for a variant
   --> src/ai_helpers/mod.rs:163:5
    |
163 |     Anomaly,
    |     ^^^^^^^

warning: missing documentation for a variant
   --> src/ai_helpers/mod.rs:164:5
    |
164 |     Relationship,
    |     ^^^^^^^^^^^^

warning: missing documentation for a variant
   --> src/ai_helpers/mod.rs:165:5
    |
165 |     Prediction,
    |     ^^^^^^^^^^

warning: missing documentation for a variant
   --> src/ai_helpers/mod.rs:166:5
    |
166 |     Recommendation,
    |     ^^^^^^^^^^^^^^

warning: missing documentation for a struct field
   --> src/ai_helpers/mod.rs:172:5
    |
172 |     pub stage: crate::consensus::types::Stage,
    |     ^^^^^^^^^^^^^^^^^^^^^^^^^^^^^^^^^^^^^^^^^

warning: missing documentation for a struct field
   --> src/ai_helpers/mod.rs:173:5
    |
173 |     pub relevant_facts: Vec<String>,
    |     ^^^^^^^^^^^^^^^^^^^^^^^^^^^^^^^

warning: missing documentation for a struct field
   --> src/ai_helpers/mod.rs:174:5
    |
174 |     pub patterns: Vec<Pattern>,
    |     ^^^^^^^^^^^^^^^^^^^^^^^^^^

warning: missing documentation for a struct field
   --> src/ai_helpers/mod.rs:175:5
    |
175 |     pub insights: Vec<Insight>,
    |     ^^^^^^^^^^^^^^^^^^^^^^^^^^

warning: missing documentation for a struct field
   --> src/ai_helpers/mod.rs:176:5
    |
176 |     pub custom_guidance: Option<String>,
    |     ^^^^^^^^^^^^^^^^^^^^^^^^^^^^^^^^^^^

warning: missing documentation for a struct field
   --> src/ai_helpers/mod.rs:701:5
    |
701 |     pub total_facts: usize,
    |     ^^^^^^^^^^^^^^^^^^^^^^

warning: missing documentation for a struct field
   --> src/ai_helpers/mod.rs:702:5
    |
702 |     pub total_patterns: usize,
    |     ^^^^^^^^^^^^^^^^^^^^^^^^^

warning: missing documentation for a struct field
   --> src/ai_helpers/mod.rs:703:5
    |
703 |     pub last_processing_time: Option<std::time::Duration>,
    |     ^^^^^^^^^^^^^^^^^^^^^^^^^^^^^^^^^^^^^^^^^^^^^^^^^^^^^

warning: missing documentation for a struct field
   --> src/ai_helpers/mod.rs:704:5
    |
704 |     pub vector_store_size: usize,
    |     ^^^^^^^^^^^^^^^^^^^^^^^^^^^^

warning: missing documentation for a struct field
   --> src/ai_helpers/mod.rs:705:5
    |
705 |     pub parallel_speedup: f64,
    |     ^^^^^^^^^^^^^^^^^^^^^^^^^

warning: missing documentation for a struct field
   --> src/ai_helpers/mod.rs:706:5
    |
706 |     pub tasks_completed: usize,
    |     ^^^^^^^^^^^^^^^^^^^^^^^^^^

warning: missing documentation for a struct field
   --> src/ai_helpers/mod.rs:707:5
    |
707 |     pub tasks_failed: usize,
    |     ^^^^^^^^^^^^^^^^^^^^^^^

warning: missing documentation for a struct field
   --> src/ai_helpers/mod.rs:708:5
    |
708 |     pub performance_stats: Option<PerformanceStats>,
    |     ^^^^^^^^^^^^^^^^^^^^^^^^^^^^^^^^^^^^^^^^^^^^^^^

warning: missing documentation for a struct field
   --> src/ai_helpers/mod.rs:709:5
    |
709 |     pub learning_events: usize,
    |     ^^^^^^^^^^^^^^^^^^^^^^^^^^

warning: missing documentation for a struct field
   --> src/ai_helpers/mod.rs:710:5
    |
710 |     pub learned_patterns: usize,
    |     ^^^^^^^^^^^^^^^^^^^^^^^^^^^

warning: missing documentation for a struct field
   --> src/ai_helpers/knowledge_indexer.rs:675:5
    |
675 |     pub total_operations: usize,
    |     ^^^^^^^^^^^^^^^^^^^^^^^^^^^

warning: missing documentation for a struct field
   --> src/ai_helpers/knowledge_indexer.rs:676:5
    |
676 |     pub successful_operations: usize,
    |     ^^^^^^^^^^^^^^^^^^^^^^^^^^^^^^^^

warning: missing documentation for a struct field
   --> src/ai_helpers/knowledge_indexer.rs:677:5
    |
677 |     pub success_rate: f32,
    |     ^^^^^^^^^^^^^^^^^^^^^

warning: missing documentation for a struct field
   --> src/ai_helpers/knowledge_indexer.rs:678:5
    |
678 |     pub average_execution_time: Duration,
    |     ^^^^^^^^^^^^^^^^^^^^^^^^^^^^^^^^^^^^

warning: missing documentation for a struct field
   --> src/ai_helpers/knowledge_indexer.rs:679:5
    |
679 |     pub average_user_satisfaction: Option<f32>,
    |     ^^^^^^^^^^^^^^^^^^^^^^^^^^^^^^^^^^^^^^^^^^

warning: missing documentation for a struct field
  --> src/ai_helpers/context_retriever.rs:25:5
   |
25 |     pub should_use_repo: bool,
   |     ^^^^^^^^^^^^^^^^^^^^^^^^^

warning: missing documentation for a struct field
  --> src/ai_helpers/context_retriever.rs:26:5
   |
26 |     pub confidence: f64,
   |     ^^^^^^^^^^^^^^^^^^^

warning: missing documentation for a struct field
  --> src/ai_helpers/context_retriever.rs:27:5
   |
27 |     pub category: String,
   |     ^^^^^^^^^^^^^^^^^^^^

warning: missing documentation for a struct field
  --> src/ai_helpers/context_retriever.rs:28:5
   |
28 |     pub reasoning: String,
   |     ^^^^^^^^^^^^^^^^^^^^^

warning: missing documentation for a struct field
  --> src/ai_helpers/context_retriever.rs:34:5
   |
34 |     pub category: String,
   |     ^^^^^^^^^^^^^^^^^^^^

warning: missing documentation for a struct field
  --> src/ai_helpers/context_retriever.rs:35:5
   |
35 |     pub confidence: f64,
   |     ^^^^^^^^^^^^^^^^^^^

warning: missing documentation for a struct field
  --> src/ai_helpers/context_retriever.rs:36:5
   |
36 |     pub reasoning: String,
   |     ^^^^^^^^^^^^^^^^^^^^^

warning: missing documentation for a struct field
  --> src/ai_helpers/context_retriever.rs:43:5
   |
43 |     pub path: std::path::PathBuf,
   |     ^^^^^^^^^^^^^^^^^^^^^^^^^^^^

warning: missing documentation for a struct field
  --> src/ai_helpers/context_retriever.rs:44:5
   |
44 |     pub project_type: String,
   |     ^^^^^^^^^^^^^^^^^^^^^^^^

warning: missing documentation for a struct field
  --> src/ai_helpers/context_retriever.rs:45:5
   |
45 |     pub description: String,
   |     ^^^^^^^^^^^^^^^^^^^^^^^

warning: missing documentation for a struct field
  --> src/ai_helpers/context_retriever.rs:46:5
   |
46 |     pub key_files: Vec<String>,
   |     ^^^^^^^^^^^^^^^^^^^^^^^^^^

warning: missing documentation for a struct field
  --> src/ai_helpers/context_retriever.rs:47:5
   |
47 |     pub detected_technologies: Vec<String>,
   |     ^^^^^^^^^^^^^^^^^^^^^^^^^^^^^^^^^^^^^^

warning: missing documentation for a struct field
  --> src/ai_helpers/context_retriever.rs:53:5
   |
53 |     pub is_repository: bool,
   |     ^^^^^^^^^^^^^^^^^^^^^^^

warning: missing documentation for a struct field
  --> src/ai_helpers/context_retriever.rs:54:5
   |
54 |     pub project_type: String,
   |     ^^^^^^^^^^^^^^^^^^^^^^^^

warning: missing documentation for a struct field
  --> src/ai_helpers/context_retriever.rs:55:5
   |
55 |     pub description: String,
   |     ^^^^^^^^^^^^^^^^^^^^^^^

warning: missing documentation for a struct field
  --> src/ai_helpers/context_retriever.rs:56:5
   |
56 |     pub key_files: Vec<String>,
   |     ^^^^^^^^^^^^^^^^^^^^^^^^^^

warning: missing documentation for a struct field
  --> src/ai_helpers/context_retriever.rs:57:5
   |
57 |     pub technologies: Vec<String>,
   |     ^^^^^^^^^^^^^^^^^^^^^^^^^^^^^

warning: missing documentation for a variant
   --> src/ai_helpers/context_retriever.rs:161:5
    |
161 |     Improving,
    |     ^^^^^^^^^

warning: missing documentation for a variant
   --> src/ai_helpers/context_retriever.rs:162:5
    |
162 |     Declining,
    |     ^^^^^^^^^

warning: missing documentation for a variant
   --> src/ai_helpers/context_retriever.rs:163:5
    |
163 |     Stable,
    |     ^^^^^^

warning: missing documentation for a variant
   --> src/ai_helpers/pattern_recognizer.rs:110:5
    |
110 |     MassDeletion,
    |     ^^^^^^^^^^^^

warning: missing documentation for a variant
   --> src/ai_helpers/pattern_recognizer.rs:111:5
    |
111 |     OverwriteWithoutBackup, 
    |     ^^^^^^^^^^^^^^^^^^^^^^

warning: missing documentation for a variant
   --> src/ai_helpers/pattern_recognizer.rs:112:5
    |
112 |     CircularDependency,
    |     ^^^^^^^^^^^^^^^^^^

warning: missing documentation for a variant
   --> src/ai_helpers/pattern_recognizer.rs:113:5
    |
113 |     BreakingChange,
    |     ^^^^^^^^^^^^^^

warning: missing documentation for a variant
   --> src/ai_helpers/pattern_recognizer.rs:114:5
    |
114 |     DataLoss,
    |     ^^^^^^^^

warning: missing documentation for a variant
   --> src/ai_helpers/pattern_recognizer.rs:115:5
    |
115 |     SecurityVulnerability,
    |     ^^^^^^^^^^^^^^^^^^^^^

warning: missing documentation for a variant
   --> src/ai_helpers/pattern_recognizer.rs:116:5
    |
116 |     ConcurrentAccess,
    |     ^^^^^^^^^^^^^^^^

warning: missing documentation for a variant
   --> src/ai_helpers/pattern_recognizer.rs:117:5
    |
117 |     ResourceExhaustion,
    |     ^^^^^^^^^^^^^^^^^^

warning: missing documentation for a variant
   --> src/ai_helpers/pattern_recognizer.rs:118:5
    |
118 |     PermissionEscalation,
    |     ^^^^^^^^^^^^^^^^^^^^

warning: missing documentation for a variant
   --> src/ai_helpers/pattern_recognizer.rs:119:5
    |
119 |     ConfigurationDrift,
    |     ^^^^^^^^^^^^^^^^^^

warning: missing documentation for a variant
   --> src/ai_helpers/pattern_recognizer.rs:144:5
    |
144 |     Improving { rate: f32 },
    |     ^^^^^^^^^

warning: missing documentation for a struct field
   --> src/ai_helpers/pattern_recognizer.rs:144:17
    |
144 |     Improving { rate: f32 },
    |                 ^^^^^^^^^

warning: missing documentation for a variant
   --> src/ai_helpers/pattern_recognizer.rs:145:5
    |
145 |     Declining { rate: f32 },
    |     ^^^^^^^^^

warning: missing documentation for a struct field
   --> src/ai_helpers/pattern_recognizer.rs:145:17
    |
145 |     Declining { rate: f32 },
    |                 ^^^^^^^^^

warning: missing documentation for a variant
   --> src/ai_helpers/pattern_recognizer.rs:146:5
    |
146 |     Stable,
    |     ^^^^^^

warning: missing documentation for a variant
   --> src/ai_helpers/pattern_recognizer.rs:147:5
    |
147 |     InsufficientData,
    |     ^^^^^^^^^^^^^^^^

warning: missing documentation for a struct field
    --> src/ai_helpers/pattern_recognizer.rs:1463:5
     |
1463 |     pub total_patterns: usize,
     |     ^^^^^^^^^^^^^^^^^^^^^^^^^

warning: missing documentation for a struct field
    --> src/ai_helpers/pattern_recognizer.rs:1464:5
     |
1464 |     pub pattern_types: HashMap<String, usize>,
     |     ^^^^^^^^^^^^^^^^^^^^^^^^^^^^^^^^^^^^^^^^^

warning: missing documentation for a struct field
    --> src/ai_helpers/pattern_recognizer.rs:1465:5
     |
1465 |     pub evolution_events: usize,
     |     ^^^^^^^^^^^^^^^^^^^^^^^^^^^

warning: missing documentation for a struct field
    --> src/ai_helpers/pattern_recognizer.rs:1466:5
     |
1466 |     pub strongest_patterns: Vec<String>,
     |     ^^^^^^^^^^^^^^^^^^^^^^^^^^^^^^^^^^^

warning: missing documentation for a struct field
  --> src/ai_helpers/quality_analyzer.rs:35:5
   |
35 |     pub completeness_weight: f64,
   |     ^^^^^^^^^^^^^^^^^^^^^^^^^^^^

warning: missing documentation for a struct field
  --> src/ai_helpers/quality_analyzer.rs:36:5
   |
36 |     pub accuracy_weight: f64,
   |     ^^^^^^^^^^^^^^^^^^^^^^^^

warning: missing documentation for a struct field
  --> src/ai_helpers/quality_analyzer.rs:37:5
   |
37 |     pub clarity_weight: f64,
   |     ^^^^^^^^^^^^^^^^^^^^^^^

warning: missing documentation for a struct field
  --> src/ai_helpers/quality_analyzer.rs:41:5
   |
41 |     pub conflict_detection_enabled: bool,
   |     ^^^^^^^^^^^^^^^^^^^^^^^^^^^^^^^^^^^^

warning: missing documentation for a struct field
  --> src/ai_helpers/quality_analyzer.rs:42:5
   |
42 |     pub rollback_complexity_weight: f64,
   |     ^^^^^^^^^^^^^^^^^^^^^^^^^^^^^^^^^^^

warning: missing documentation for a variant
   --> src/ai_helpers/quality_analyzer.rs:174:5
    |
174 |     CodeQuality,
    |     ^^^^^^^^^^^

warning: missing documentation for a variant
   --> src/ai_helpers/quality_analyzer.rs:175:5
    |
175 |     Performance,
    |     ^^^^^^^^^^^

warning: missing documentation for a variant
   --> src/ai_helpers/quality_analyzer.rs:176:5
    |
176 |     Security,
    |     ^^^^^^^^

warning: missing documentation for a variant
   --> src/ai_helpers/quality_analyzer.rs:177:5
    |
177 |     DataIntegrity,
    |     ^^^^^^^^^^^^^

warning: missing documentation for a variant
   --> src/ai_helpers/quality_analyzer.rs:178:5
    |
178 |     Compatibility,
    |     ^^^^^^^^^^^^^

warning: missing documentation for a variant
   --> src/ai_helpers/quality_analyzer.rs:179:5
    |
179 |     Maintainability,
    |     ^^^^^^^^^^^^^^^

warning: missing documentation for a variant
   --> src/ai_helpers/quality_analyzer.rs:180:5
    |
180 |     UserExperience,
    |     ^^^^^^^^^^^^^^

warning: missing documentation for a variant
   --> src/ai_helpers/quality_analyzer.rs:181:5
    |
181 |     SystemStability,
    |     ^^^^^^^^^^^^^^^

warning: missing documentation for a variant
   --> src/ai_helpers/quality_analyzer.rs:187:5
    |
187 |     Low,
    |     ^^^

warning: missing documentation for a variant
   --> src/ai_helpers/quality_analyzer.rs:188:5
    |
188 |     Medium,
    |     ^^^^^^

warning: missing documentation for a variant
   --> src/ai_helpers/quality_analyzer.rs:189:5
    |
189 |     High,
    |     ^^^^

warning: missing documentation for a variant
   --> src/ai_helpers/quality_analyzer.rs:190:5
    |
190 |     Critical,
    |     ^^^^^^^^

warning: missing documentation for a struct field
   --> src/ai_helpers/quality_analyzer.rs:633:5
    |
633 |     pub overall_score: f64,
    |     ^^^^^^^^^^^^^^^^^^^^^^

warning: missing documentation for a struct field
   --> src/ai_helpers/quality_analyzer.rs:634:5
    |
634 |     pub clarity: f64,
    |     ^^^^^^^^^^^^^^^^

warning: missing documentation for a struct field
   --> src/ai_helpers/quality_analyzer.rs:635:5
    |
635 |     pub complexity: f64,
    |     ^^^^^^^^^^^^^^^^^^^

warning: missing documentation for a struct field
   --> src/ai_helpers/quality_analyzer.rs:651:5
    |
651 |     pub total_analyses: usize,
    |     ^^^^^^^^^^^^^^^^^^^^^^^^^

warning: missing documentation for a struct field
   --> src/ai_helpers/quality_analyzer.rs:652:5
    |
652 |     pub average_score: f64,
    |     ^^^^^^^^^^^^^^^^^^^^^^

warning: missing documentation for a struct field
   --> src/ai_helpers/quality_analyzer.rs:653:5
    |
653 |     pub common_issues: std::collections::HashMap<String, usize>,
    |     ^^^^^^^^^^^^^^^^^^^^^^^^^^^^^^^^^^^^^^^^^^^^^^^^^^^^^^^^^^^

warning: missing documentation for a struct field
   --> src/ai_helpers/quality_analyzer.rs:654:5
    |
654 |     pub current_trend: Option<String>,
    |     ^^^^^^^^^^^^^^^^^^^^^^^^^^^^^^^^^

warning: missing documentation for a struct field
    --> src/ai_helpers/knowledge_synthesizer.rs:1424:5
     |
1424 |     pub total_insights: usize,
     |     ^^^^^^^^^^^^^^^^^^^^^^^^^

warning: missing documentation for a struct field
    --> src/ai_helpers/knowledge_synthesizer.rs:1425:5
     |
1425 |     pub average_confidence: f64,
     |     ^^^^^^^^^^^^^^^^^^^^^^^^^^^

warning: missing documentation for a struct field
    --> src/ai_helpers/knowledge_synthesizer.rs:1426:5
     |
1426 |     pub synthesis_patterns: usize,
     |     ^^^^^^^^^^^^^^^^^^^^^^^^^^^^^

warning: missing documentation for a struct field
    --> src/ai_helpers/knowledge_synthesizer.rs:1427:5
     |
1427 |     pub average_synthesis_time_ms: u64,
     |     ^^^^^^^^^^^^^^^^^^^^^^^^^^^^^^^^^^

warning: missing documentation for a struct field
  --> src/ai_helpers/vector_store.rs:76:5
   |
76 |     pub id: String,
   |     ^^^^^^^^^^^^^^

warning: missing documentation for a struct field
  --> src/ai_helpers/vector_store.rs:77:5
   |
77 |     pub content: String,
   |     ^^^^^^^^^^^^^^^^^^^

warning: missing documentation for a struct field
  --> src/ai_helpers/vector_store.rs:78:5
   |
78 |     pub embedding: Vec<f32>,
   |     ^^^^^^^^^^^^^^^^^^^^^^^

warning: missing documentation for a struct field
  --> src/ai_helpers/vector_store.rs:79:5
   |
79 |     pub metadata: serde_json::Value,
   |     ^^^^^^^^^^^^^^^^^^^^^^^^^^^^^^^

warning: missing documentation for a struct field
  --> src/ai_helpers/vector_store.rs:80:5
   |
80 |     pub similarity: f64,
   |     ^^^^^^^^^^^^^^^^^^^

warning: missing documentation for a struct field
  --> src/ai_helpers/parallel_processor.rs:72:5
   |
72 |     pub patterns: Vec<Pattern>,
   |     ^^^^^^^^^^^^^^^^^^^^^^^^^^

warning: missing documentation for a struct field
  --> src/ai_helpers/parallel_processor.rs:73:5
   |
73 |     pub quality: QualityReport,
   |     ^^^^^^^^^^^^^^^^^^^^^^^^^^

warning: missing documentation for a struct field
  --> src/ai_helpers/parallel_processor.rs:74:5
   |
74 |     pub insights: Vec<Insight>,
   |     ^^^^^^^^^^^^^^^^^^^^^^^^^^

warning: missing documentation for a struct field
  --> src/ai_helpers/parallel_processor.rs:75:5
   |
75 |     pub processing_time: std::time::Duration,
   |     ^^^^^^^^^^^^^^^^^^^^^^^^^^^^^^^^^^^^^^^^

warning: missing documentation for a struct field
  --> src/ai_helpers/parallel_processor.rs:76:5
   |
76 |     pub parallel_speedup: f64,
   |     ^^^^^^^^^^^^^^^^^^^^^^^^^

warning: missing documentation for a struct field
   --> src/ai_helpers/parallel_processor.rs:298:5
    |
298 |     pub tasks_completed: usize,
    |     ^^^^^^^^^^^^^^^^^^^^^^^^^^

warning: missing documentation for a struct field
   --> src/ai_helpers/parallel_processor.rs:299:5
    |
299 |     pub tasks_failed: usize,
    |     ^^^^^^^^^^^^^^^^^^^^^^^

warning: missing documentation for a struct field
   --> src/ai_helpers/parallel_processor.rs:300:5
    |
300 |     pub average_processing_time: std::time::Duration,
    |     ^^^^^^^^^^^^^^^^^^^^^^^^^^^^^^^^^^^^^^^^^^^^^^^^

warning: missing documentation for a struct field
   --> src/ai_helpers/parallel_processor.rs:301:5
    |
301 |     pub parallel_speedup: f64,
    |     ^^^^^^^^^^^^^^^^^^^^^^^^^

warning: missing documentation for a struct field
  --> src/ai_helpers/model_downloader.rs:18:5
   |
18 |     pub name: String,
   |     ^^^^^^^^^^^^^^^^

warning: missing documentation for a struct field
  --> src/ai_helpers/model_downloader.rs:19:5
   |
19 |     pub model_id: String,
   |     ^^^^^^^^^^^^^^^^^^^^

warning: missing documentation for a struct field
  --> src/ai_helpers/model_downloader.rs:20:5
   |
20 |     pub download_url: String,
   |     ^^^^^^^^^^^^^^^^^^^^^^^^

warning: missing documentation for a struct field
  --> src/ai_helpers/model_downloader.rs:21:5
   |
21 |     pub size_mb: u64,
   |     ^^^^^^^^^^^^^^^^

warning: missing documentation for a struct field
  --> src/ai_helpers/model_downloader.rs:22:5
   |
22 |     pub checksum: String,
   |     ^^^^^^^^^^^^^^^^^^^^

warning: missing documentation for a struct field
  --> src/ai_helpers/model_downloader.rs:23:5
   |
23 |     pub required: bool,
   |     ^^^^^^^^^^^^^^^^^^

warning: missing documentation for a struct field
  --> src/ai_helpers/model_downloader.rs:24:5
   |
24 |     pub description: String,
   |     ^^^^^^^^^^^^^^^^^^^^^^^

warning: missing documentation for a variant
  --> src/ai_helpers/model_downloader.rs:30:5
   |
30 |     Started { model: String, size: u64 },
   |     ^^^^^^^

warning: missing documentation for a struct field
  --> src/ai_helpers/model_downloader.rs:30:15
   |
30 |     Started { model: String, size: u64 },
   |               ^^^^^^^^^^^^^

warning: missing documentation for a struct field
  --> src/ai_helpers/model_downloader.rs:30:30
   |
30 |     Started { model: String, size: u64 },
   |                              ^^^^^^^^^

warning: missing documentation for a variant
  --> src/ai_helpers/model_downloader.rs:31:5
   |
31 |     Progress { model: String, downloaded: u64, total: u64 },
   |     ^^^^^^^^

warning: missing documentation for a struct field
  --> src/ai_helpers/model_downloader.rs:31:16
   |
31 |     Progress { model: String, downloaded: u64, total: u64 },
   |                ^^^^^^^^^^^^^

warning: missing documentation for a struct field
  --> src/ai_helpers/model_downloader.rs:31:31
   |
31 |     Progress { model: String, downloaded: u64, total: u64 },
   |                               ^^^^^^^^^^^^^^^

warning: missing documentation for a struct field
  --> src/ai_helpers/model_downloader.rs:31:48
   |
31 |     Progress { model: String, downloaded: u64, total: u64 },
   |                                                ^^^^^^^^^^

warning: missing documentation for a variant
  --> src/ai_helpers/model_downloader.rs:32:5
   |
32 |     Completed { model: String },
   |     ^^^^^^^^^

warning: missing documentation for a struct field
  --> src/ai_helpers/model_downloader.rs:32:17
   |
32 |     Completed { model: String },
   |                 ^^^^^^^^^^^^^

warning: missing documentation for a variant
  --> src/ai_helpers/model_downloader.rs:33:5
   |
33 |     Failed { model: String, error: String },
   |     ^^^^^^

warning: missing documentation for a struct field
  --> src/ai_helpers/model_downloader.rs:33:14
   |
33 |     Failed { model: String, error: String },
   |              ^^^^^^^^^^^^^

warning: missing documentation for a struct field
  --> src/ai_helpers/model_downloader.rs:33:29
   |
33 |     Failed { model: String, error: String },
   |                             ^^^^^^^^^^^^^

warning: missing documentation for a struct field
  --> src/ai_helpers/monitoring.rs:16:5
   |
16 |     pub operation_type: OperationType,
   |     ^^^^^^^^^^^^^^^^^^^^^^^^^^^^^^^^^

warning: missing documentation for a struct field
  --> src/ai_helpers/monitoring.rs:17:5
   |
17 |     pub helper_name: String,
   |     ^^^^^^^^^^^^^^^^^^^^^^^

warning: missing documentation for a struct field
  --> src/ai_helpers/monitoring.rs:18:5
   |
18 |     pub start_time: DateTime<Utc>,
   |     ^^^^^^^^^^^^^^^^^^^^^^^^^^^^^

warning: missing documentation for a struct field
  --> src/ai_helpers/monitoring.rs:19:5
   |
19 |     pub duration: Duration,
   |     ^^^^^^^^^^^^^^^^^^^^^^

warning: missing documentation for a struct field
  --> src/ai_helpers/monitoring.rs:20:5
   |
20 |     pub success: bool,
   |     ^^^^^^^^^^^^^^^^^

warning: missing documentation for a struct field
  --> src/ai_helpers/monitoring.rs:21:5
   |
21 |     pub error_message: Option<String>,
   |     ^^^^^^^^^^^^^^^^^^^^^^^^^^^^^^^^^

warning: missing documentation for a struct field
  --> src/ai_helpers/monitoring.rs:22:5
   |
22 |     pub metadata: serde_json::Value,
   |     ^^^^^^^^^^^^^^^^^^^^^^^^^^^^^^^

warning: missing documentation for a variant
  --> src/ai_helpers/monitoring.rs:28:5
   |
28 |     IndexKnowledge,
   |     ^^^^^^^^^^^^^^

warning: missing documentation for a variant
  --> src/ai_helpers/monitoring.rs:29:5
   |
29 |     RetrieveContext,
   |     ^^^^^^^^^^^^^^^

warning: missing documentation for a variant
  --> src/ai_helpers/monitoring.rs:30:5
   |
30 |     RecognizePattern,
   |     ^^^^^^^^^^^^^^^^

warning: missing documentation for a variant
  --> src/ai_helpers/monitoring.rs:31:5
   |
31 |     AnalyzeQuality,
   |     ^^^^^^^^^^^^^^

warning: missing documentation for a variant
  --> src/ai_helpers/monitoring.rs:32:5
   |
32 |     SynthesizeInsight,
   |     ^^^^^^^^^^^^^^^^^

warning: missing documentation for a variant
  --> src/ai_helpers/monitoring.rs:33:5
   |
33 |     VectorSearch,
   |     ^^^^^^^^^^^^

warning: missing documentation for a variant
  --> src/ai_helpers/monitoring.rs:34:5
   |
34 |     ModelInference,
   |     ^^^^^^^^^^^^^^

warning: missing documentation for a variant
  --> src/ai_helpers/monitoring.rs:35:5
   |
35 |     ParallelProcessing,
   |     ^^^^^^^^^^^^^^^^^^

warning: missing documentation for a struct field
  --> src/ai_helpers/monitoring.rs:60:5
   |
60 |     pub max_operation_duration: Duration,
   |     ^^^^^^^^^^^^^^^^^^^^^^^^^^^^^^^^^^^^

warning: missing documentation for a struct field
  --> src/ai_helpers/monitoring.rs:61:5
   |
61 |     pub min_success_rate: f64,
   |     ^^^^^^^^^^^^^^^^^^^^^^^^^

warning: missing documentation for a struct field
  --> src/ai_helpers/monitoring.rs:62:5
   |
62 |     pub max_error_rate: f64,
   |     ^^^^^^^^^^^^^^^^^^^^^^^

warning: missing documentation for a struct field
  --> src/ai_helpers/monitoring.rs:63:5
   |
63 |     pub max_memory_usage_mb: f64,
   |     ^^^^^^^^^^^^^^^^^^^^^^^^^^^^

warning: missing documentation for a struct field
   --> src/ai_helpers/monitoring.rs:139:5
    |
139 |     pub alert_type: AlertType,
    |     ^^^^^^^^^^^^^^^^^^^^^^^^^

warning: missing documentation for a struct field
   --> src/ai_helpers/monitoring.rs:140:5
    |
140 |     pub severity: AlertSeverity,
    |     ^^^^^^^^^^^^^^^^^^^^^^^^^^^

warning: missing documentation for a struct field
   --> src/ai_helpers/monitoring.rs:141:5
    |
141 |     pub message: String,
    |     ^^^^^^^^^^^^^^^^^^^

warning: missing documentation for a struct field
   --> src/ai_helpers/monitoring.rs:142:5
    |
142 |     pub timestamp: DateTime<Utc>,
    |     ^^^^^^^^^^^^^^^^^^^^^^^^^^^^

warning: missing documentation for a struct field
   --> src/ai_helpers/monitoring.rs:143:5
    |
143 |     pub metadata: serde_json::Value,
    |     ^^^^^^^^^^^^^^^^^^^^^^^^^^^^^^^

warning: missing documentation for a variant
   --> src/ai_helpers/monitoring.rs:149:5
    |
149 |     SlowOperation,
    |     ^^^^^^^^^^^^^

warning: missing documentation for a variant
   --> src/ai_helpers/monitoring.rs:150:5
    |
150 |     HighErrorRate,
    |     ^^^^^^^^^^^^^

warning: missing documentation for a variant
   --> src/ai_helpers/monitoring.rs:151:5
    |
151 |     LowSuccessRate,
    |     ^^^^^^^^^^^^^^

warning: missing documentation for a variant
   --> src/ai_helpers/monitoring.rs:152:5
    |
152 |     HighMemoryUsage,
    |     ^^^^^^^^^^^^^^^

warning: missing documentation for a variant
   --> src/ai_helpers/monitoring.rs:153:5
    |
153 |     SystemError,
    |     ^^^^^^^^^^^

warning: missing documentation for a variant
   --> src/ai_helpers/monitoring.rs:159:5
    |
159 |     Info,
    |     ^^^^

warning: missing documentation for a variant
   --> src/ai_helpers/monitoring.rs:160:5
    |
160 |     Warning,
    |     ^^^^^^^

warning: missing documentation for a variant
   --> src/ai_helpers/monitoring.rs:161:5
    |
161 |     Error,
    |     ^^^^^

warning: missing documentation for a variant
   --> src/ai_helpers/monitoring.rs:162:5
    |
162 |     Critical,
    |     ^^^^^^^^

warning: missing documentation for a struct field
   --> src/ai_helpers/monitoring.rs:400:5
    |
400 |     pub total_operations: usize,
    |     ^^^^^^^^^^^^^^^^^^^^^^^^^^^

warning: missing documentation for a struct field
   --> src/ai_helpers/monitoring.rs:401:5
    |
401 |     pub overall_success_rate: f64,
    |     ^^^^^^^^^^^^^^^^^^^^^^^^^^^^^

warning: missing documentation for a struct field
   --> src/ai_helpers/monitoring.rs:402:5
    |
402 |     pub operation_stats: Vec<OperationStats>,
    |     ^^^^^^^^^^^^^^^^^^^^^^^^^^^^^^^^^^^^^^^^

warning: missing documentation for a struct field
   --> src/ai_helpers/monitoring.rs:403:5
    |
403 |     pub recent_operations: usize,
    |     ^^^^^^^^^^^^^^^^^^^^^^^^^^^^

warning: missing documentation for a struct field
   --> src/ai_helpers/monitoring.rs:404:5
    |
404 |     pub memory_usage_mb: f64,
    |     ^^^^^^^^^^^^^^^^^^^^^^^^

warning: missing documentation for a struct field
   --> src/ai_helpers/monitoring.rs:410:5
    |
410 |     pub operation_type: OperationType,
    |     ^^^^^^^^^^^^^^^^^^^^^^^^^^^^^^^^^

warning: missing documentation for a struct field
   --> src/ai_helpers/monitoring.rs:411:5
    |
411 |     pub count: usize,
    |     ^^^^^^^^^^^^^^^^

warning: missing documentation for a struct field
   --> src/ai_helpers/monitoring.rs:412:5
    |
412 |     pub success_rate: f64,
    |     ^^^^^^^^^^^^^^^^^^^^^

warning: missing documentation for a struct field
   --> src/ai_helpers/monitoring.rs:413:5
    |
413 |     pub average_duration: Duration,
    |     ^^^^^^^^^^^^^^^^^^^^^^^^^^^^^^

warning: missing documentation for a struct field
   --> src/ai_helpers/monitoring.rs:414:5
    |
414 |     pub error_count: usize,
    |     ^^^^^^^^^^^^^^^^^^^^^^

warning: missing documentation for a variant
  --> src/ai_helpers/python_models.rs:68:5
   |
68 |     Embed {
   |     ^^^^^

warning: missing documentation for a struct field
  --> src/ai_helpers/python_models.rs:69:9
   |
69 |         model: String,
   |         ^^^^^^^^^^^^^

warning: missing documentation for a struct field
  --> src/ai_helpers/python_models.rs:70:9
   |
70 |         texts: Vec<String>,
   |         ^^^^^^^^^^^^^^^^^^

warning: missing documentation for a struct field
  --> src/ai_helpers/python_models.rs:71:9
   |
71 |         request_id: String,
   |         ^^^^^^^^^^^^^^^^^^

warning: missing documentation for a variant
  --> src/ai_helpers/python_models.rs:75:5
   |
75 |     Generate {
   |     ^^^^^^^^

warning: missing documentation for a struct field
  --> src/ai_helpers/python_models.rs:76:9
   |
76 |         model: String,
   |         ^^^^^^^^^^^^^

warning: missing documentation for a struct field
  --> src/ai_helpers/python_models.rs:77:9
   |
77 |         prompt: String,
   |         ^^^^^^^^^^^^^^

warning: missing documentation for a struct field
  --> src/ai_helpers/python_models.rs:78:9
   |
78 |         max_tokens: usize,
   |         ^^^^^^^^^^^^^^^^^

warning: missing documentation for a struct field
  --> src/ai_helpers/python_models.rs:79:9
   |
79 |         temperature: f64,
   |         ^^^^^^^^^^^^^^^^

warning: missing documentation for a struct field
  --> src/ai_helpers/python_models.rs:80:9
   |
80 |         request_id: String,
   |         ^^^^^^^^^^^^^^^^^^

warning: missing documentation for a variant
  --> src/ai_helpers/python_models.rs:84:5
   |
84 |     Analyze {
   |     ^^^^^^^

warning: missing documentation for a struct field
  --> src/ai_helpers/python_models.rs:85:9
   |
85 |         model: String,
   |         ^^^^^^^^^^^^^

warning: missing documentation for a struct field
  --> src/ai_helpers/python_models.rs:86:9
   |
86 |         code: String,
   |         ^^^^^^^^^^^^

warning: missing documentation for a struct field
  --> src/ai_helpers/python_models.rs:87:9
   |
87 |         task: String,
   |         ^^^^^^^^^^^^

warning: missing documentation for a struct field
  --> src/ai_helpers/python_models.rs:88:9
   |
88 |         request_id: String,
   |         ^^^^^^^^^^^^^^^^^^

warning: missing documentation for a variant
  --> src/ai_helpers/python_models.rs:92:5
   |
92 |     HealthCheck {
   |     ^^^^^^^^^^^

warning: missing documentation for a struct field
  --> src/ai_helpers/python_models.rs:93:9
   |
93 |         request_id: String,
   |         ^^^^^^^^^^^^^^^^^^

warning: missing documentation for a variant
   --> src/ai_helpers/python_models.rs:102:5
    |
102 |     EmbedResult {
    |     ^^^^^^^^^^^

warning: missing documentation for a struct field
   --> src/ai_helpers/python_models.rs:103:9
    |
103 |         embeddings: Vec<Vec<f32>>,
    |         ^^^^^^^^^^^^^^^^^^^^^^^^^

warning: missing documentation for a struct field
   --> src/ai_helpers/python_models.rs:104:9
    |
104 |         request_id: String,
    |         ^^^^^^^^^^^^^^^^^^

warning: missing documentation for a variant
   --> src/ai_helpers/python_models.rs:108:5
    |
108 |     GenerateResult {
    |     ^^^^^^^^^^^^^^

warning: missing documentation for a struct field
   --> src/ai_helpers/python_models.rs:109:9
    |
109 |         text: String,
    |         ^^^^^^^^^^^^

warning: missing documentation for a struct field
   --> src/ai_helpers/python_models.rs:110:9
    |
110 |         request_id: String,
    |         ^^^^^^^^^^^^^^^^^^

warning: missing documentation for a variant
   --> src/ai_helpers/python_models.rs:114:5
    |
114 |     AnalyzeResult {
    |     ^^^^^^^^^^^^^

warning: missing documentation for a struct field
   --> src/ai_helpers/python_models.rs:115:9
    |
115 |         result: serde_json::Value,
    |         ^^^^^^^^^^^^^^^^^^^^^^^^^

warning: missing documentation for a struct field
   --> src/ai_helpers/python_models.rs:116:9
    |
116 |         request_id: String,
    |         ^^^^^^^^^^^^^^^^^^

warning: missing documentation for a variant
   --> src/ai_helpers/python_models.rs:120:5
    |
120 |     HealthResult {
    |     ^^^^^^^^^^^^

warning: missing documentation for a struct field
   --> src/ai_helpers/python_models.rs:121:9
    |
121 |         status: String,
    |         ^^^^^^^^^^^^^^

warning: missing documentation for a struct field
   --> src/ai_helpers/python_models.rs:122:9
    |
122 |         models_loaded: Vec<String>,
    |         ^^^^^^^^^^^^^^^^^^^^^^^^^^

warning: missing documentation for a struct field
   --> src/ai_helpers/python_models.rs:123:9
    |
123 |         request_id: String,
    |         ^^^^^^^^^^^^^^^^^^

warning: missing documentation for a variant
   --> src/ai_helpers/python_models.rs:127:5
    |
127 |     Error {
    |     ^^^^^

warning: missing documentation for a struct field
   --> src/ai_helpers/python_models.rs:128:9
    |
128 |         error: String,
    |         ^^^^^^^^^^^^^

warning: missing documentation for a struct field
   --> src/ai_helpers/python_models.rs:129:9
    |
129 |         request_id: String,
    |         ^^^^^^^^^^^^^^^^^^

warning: missing documentation for a struct field
  --> src/ai_helpers/chroma_store.rs:39:5
   |
39 |     pub id: String,
   |     ^^^^^^^^^^^^^^

warning: missing documentation for a struct field
  --> src/ai_helpers/chroma_store.rs:40:5
   |
40 |     pub content: String,
   |     ^^^^^^^^^^^^^^^^^^^

warning: missing documentation for a struct field
  --> src/ai_helpers/chroma_store.rs:41:5
   |
41 |     pub metadata: serde_json::Value,
   |     ^^^^^^^^^^^^^^^^^^^^^^^^^^^^^^^

warning: missing documentation for a struct field
  --> src/ai_helpers/chroma_store.rs:42:5
   |
42 |     pub embedding: Option<Vec<f32>>,
   |     ^^^^^^^^^^^^^^^^^^^^^^^^^^^^^^^

warning: missing documentation for a struct field
  --> src/ai_helpers/intelligent_context_orchestrator.rs:20:5
   |
20 |     pub should_use_repo: bool,
   |     ^^^^^^^^^^^^^^^^^^^^^^^^^

warning: missing documentation for a struct field
  --> src/ai_helpers/intelligent_context_orchestrator.rs:21:5
   |
21 |     pub confidence: f64,
   |     ^^^^^^^^^^^^^^^^^^^

warning: missing documentation for a struct field
  --> src/ai_helpers/intelligent_context_orchestrator.rs:22:5
   |
22 |     pub primary_category: QuestionCategory,
   |     ^^^^^^^^^^^^^^^^^^^^^^^^^^^^^^^^^^^^^^

warning: missing documentation for a struct field
  --> src/ai_helpers/intelligent_context_orchestrator.rs:23:5
   |
23 |     pub secondary_categories: Vec<QuestionCategory>,
   |     ^^^^^^^^^^^^^^^^^^^^^^^^^^^^^^^^^^^^^^^^^^^^^^^

warning: missing documentation for a struct field
  --> src/ai_helpers/intelligent_context_orchestrator.rs:24:5
   |
24 |     pub reasoning: String,
   |     ^^^^^^^^^^^^^^^^^^^^^

warning: missing documentation for a struct field
  --> src/ai_helpers/intelligent_context_orchestrator.rs:25:5
   |
25 |     pub validation_score: f64,
   |     ^^^^^^^^^^^^^^^^^^^^^^^^^

warning: missing documentation for a struct field
  --> src/ai_helpers/intelligent_context_orchestrator.rs:26:5
   |
26 |     pub pattern_analysis: PatternAnalysis,
   |     ^^^^^^^^^^^^^^^^^^^^^^^^^^^^^^^^^^^^^

warning: missing documentation for a struct field
  --> src/ai_helpers/intelligent_context_orchestrator.rs:27:5
   |
27 |     pub quality_assessment: QualityAssessment,
   |     ^^^^^^^^^^^^^^^^^^^^^^^^^^^^^^^^^^^^^^^^^

warning: missing documentation for a struct field
  --> src/ai_helpers/intelligent_context_orchestrator.rs:52:5
   |
52 |     pub detected_patterns: Vec<String>,
   |     ^^^^^^^^^^^^^^^^^^^^^^^^^^^^^^^^^^

warning: missing documentation for a struct field
  --> src/ai_helpers/intelligent_context_orchestrator.rs:53:5
   |
53 |     pub code_indicators: f64,
   |     ^^^^^^^^^^^^^^^^^^^^^^^^

warning: missing documentation for a struct field
  --> src/ai_helpers/intelligent_context_orchestrator.rs:54:5
   |
54 |     pub repo_indicators: f64,
   |     ^^^^^^^^^^^^^^^^^^^^^^^^

warning: missing documentation for a struct field
  --> src/ai_helpers/intelligent_context_orchestrator.rs:55:5
   |
55 |     pub general_indicators: f64,
   |     ^^^^^^^^^^^^^^^^^^^^^^^^^^^

warning: missing documentation for a struct field
  --> src/ai_helpers/intelligent_context_orchestrator.rs:56:5
   |
56 |     pub academic_indicators: f64,
   |     ^^^^^^^^^^^^^^^^^^^^^^^^^^^^

warning: missing documentation for a struct field
  --> src/ai_helpers/intelligent_context_orchestrator.rs:62:5
   |
62 |     pub context_appropriateness: f64,
   |     ^^^^^^^^^^^^^^^^^^^^^^^^^^^^^^^^

warning: missing documentation for a struct field
  --> src/ai_helpers/intelligent_context_orchestrator.rs:63:5
   |
63 |     pub contamination_risk: f64,
   |     ^^^^^^^^^^^^^^^^^^^^^^^^^^^

warning: missing documentation for a struct field
  --> src/ai_helpers/intelligent_context_orchestrator.rs:64:5
   |
64 |     pub clarity_score: f64,
   |     ^^^^^^^^^^^^^^^^^^^^^^

warning: missing documentation for a struct field
  --> src/ai_helpers/intelligent_context_orchestrator.rs:65:5
   |
65 |     pub complexity_level: f64,
   |     ^^^^^^^^^^^^^^^^^^^^^^^^^

warning: missing documentation for a struct field
  --> src/ai_helpers/file_executor.rs:20:5
   |
20 |     pub overview: String,
   |     ^^^^^^^^^^^^^^^^^^^^

warning: missing documentation for a struct field
  --> src/ai_helpers/file_executor.rs:21:5
   |
21 |     pub safety_level: SafetyLevel,
   |     ^^^^^^^^^^^^^^^^^^^^^^^^^^^^^

warning: missing documentation for a struct field
  --> src/ai_helpers/file_executor.rs:22:5
   |
22 |     pub operations: Vec<FileOperation>,
   |     ^^^^^^^^^^^^^^^^^^^^^^^^^^^^^^^^^^

warning: missing documentation for an enum
  --> src/ai_helpers/file_executor.rs:26:1
   |
26 | pub enum SafetyLevel {
   | ^^^^^^^^^^^^^^^^^^^^

warning: missing documentation for a variant
  --> src/ai_helpers/file_executor.rs:27:5
   |
27 |     Low,    // Simple file creation/reading
   |     ^^^

warning: missing documentation for a variant
  --> src/ai_helpers/file_executor.rs:28:5
   |
28 |     Medium, // Multiple file changes
   |     ^^^^^^

warning: missing documentation for a variant
  --> src/ai_helpers/file_executor.rs:29:5
   |
29 |     High,   // System-wide changes, deletions
   |     ^^^^

warning: missing documentation for a struct field
  --> src/ai_helpers/file_executor.rs:35:5
   |
35 |     pub step: usize,
   |     ^^^^^^^^^^^^^^^

warning: missing documentation for a struct field
  --> src/ai_helpers/file_executor.rs:36:5
   |
36 |     pub action: OperationType,
   |     ^^^^^^^^^^^^^^^^^^^^^^^^^

warning: missing documentation for a struct field
  --> src/ai_helpers/file_executor.rs:37:5
   |
37 |     pub description: String,
   |     ^^^^^^^^^^^^^^^^^^^^^^^

warning: missing documentation for an enum
  --> src/ai_helpers/file_executor.rs:42:1
   |
42 | pub enum OperationType {
   | ^^^^^^^^^^^^^^^^^^^^^^

warning: missing documentation for a variant
  --> src/ai_helpers/file_executor.rs:43:5
   |
43 |     CreateFile {
   |     ^^^^^^^^^^

warning: missing documentation for a struct field
  --> src/ai_helpers/file_executor.rs:44:9
   |
44 |         path: PathBuf,
   |         ^^^^^^^^^^^^^

warning: missing documentation for a struct field
  --> src/ai_helpers/file_executor.rs:45:9
   |
45 |         content: String,
   |         ^^^^^^^^^^^^^^^

warning: missing documentation for a variant
  --> src/ai_helpers/file_executor.rs:47:5
   |
47 |     UpdateFile {
   |     ^^^^^^^^^^

warning: missing documentation for a struct field
  --> src/ai_helpers/file_executor.rs:48:9
   |
48 |         path: PathBuf,
   |         ^^^^^^^^^^^^^

warning: missing documentation for a struct field
  --> src/ai_helpers/file_executor.rs:49:9
   |
49 |         changes: Vec<FileChange>,
   |         ^^^^^^^^^^^^^^^^^^^^^^^^

warning: missing documentation for a variant
  --> src/ai_helpers/file_executor.rs:51:5
   |
51 |     DeleteFile {
   |     ^^^^^^^^^^

warning: missing documentation for a struct field
  --> src/ai_helpers/file_executor.rs:52:9
   |
52 |         path: PathBuf,
   |         ^^^^^^^^^^^^^

warning: missing documentation for a variant
  --> src/ai_helpers/file_executor.rs:54:5
   |
54 |     CreateDirectory {
   |     ^^^^^^^^^^^^^^^

warning: missing documentation for a struct field
  --> src/ai_helpers/file_executor.rs:55:9
   |
55 |         path: PathBuf,
   |         ^^^^^^^^^^^^^

warning: missing documentation for a variant
  --> src/ai_helpers/file_executor.rs:57:5
   |
57 |     MoveFile {
   |     ^^^^^^^^

warning: missing documentation for a struct field
  --> src/ai_helpers/file_executor.rs:58:9
   |
58 |         from: PathBuf,
   |         ^^^^^^^^^^^^^

warning: missing documentation for a struct field
  --> src/ai_helpers/file_executor.rs:59:9
   |
59 |         to: PathBuf,
   |         ^^^^^^^^^^^

warning: missing documentation for a variant
  --> src/ai_helpers/file_executor.rs:61:5
   |
61 |     RunCommand {
   |     ^^^^^^^^^^

warning: missing documentation for a struct field
  --> src/ai_helpers/file_executor.rs:62:9
   |
62 |         command: String,
   |         ^^^^^^^^^^^^^^^

warning: missing documentation for a struct field
  --> src/ai_helpers/file_executor.rs:63:9
   |
63 |         args: Vec<String>,
   |         ^^^^^^^^^^^^^^^^^

warning: missing documentation for a struct field
  --> src/ai_helpers/file_executor.rs:64:9
   |
64 |         working_dir: Option<PathBuf>,
   |         ^^^^^^^^^^^^^^^^^^^^^^^^^^^^

warning: missing documentation for a variant
  --> src/ai_helpers/file_executor.rs:66:5
   |
66 |     SearchFiles {
   |     ^^^^^^^^^^^

warning: missing documentation for a struct field
  --> src/ai_helpers/file_executor.rs:67:9
   |
67 |         pattern: String,
   |         ^^^^^^^^^^^^^^^

warning: missing documentation for a struct field
  --> src/ai_helpers/file_executor.rs:68:9
   |
68 |         path: Option<PathBuf>,
   |         ^^^^^^^^^^^^^^^^^^^^^

warning: missing documentation for a struct field
  --> src/ai_helpers/file_executor.rs:69:9
   |
69 |         file_type: Option<String>,
   |         ^^^^^^^^^^^^^^^^^^^^^^^^^

warning: missing documentation for a struct
  --> src/ai_helpers/file_executor.rs:74:1
   |
74 | pub struct FileChange {
   | ^^^^^^^^^^^^^^^^^^^^^

warning: missing documentation for a struct field
  --> src/ai_helpers/file_executor.rs:75:5
   |
75 |     pub find: String,
   |     ^^^^^^^^^^^^^^^^

warning: missing documentation for a struct field
  --> src/ai_helpers/file_executor.rs:76:5
   |
76 |     pub replace: String,
   |     ^^^^^^^^^^^^^^^^^^^

warning: missing documentation for a struct field
  --> src/ai_helpers/file_executor.rs:77:5
   |
77 |     pub all_occurrences: bool,
   |     ^^^^^^^^^^^^^^^^^^^^^^^^^

warning: missing documentation for a struct field
  --> src/ai_helpers/file_executor.rs:83:5
   |
83 |     pub success: bool,
   |     ^^^^^^^^^^^^^^^^^

warning: missing documentation for a struct field
  --> src/ai_helpers/file_executor.rs:84:5
   |
84 |     pub operations_completed: usize,
   |     ^^^^^^^^^^^^^^^^^^^^^^^^^^^^^^^

warning: missing documentation for a struct field
  --> src/ai_helpers/file_executor.rs:85:5
   |
85 |     pub operations_total: usize,
   |     ^^^^^^^^^^^^^^^^^^^^^^^^^^^

warning: missing documentation for a struct field
  --> src/ai_helpers/file_executor.rs:86:5
   |
86 |     pub errors: Vec<String>,
   |     ^^^^^^^^^^^^^^^^^^^^^^^

warning: missing documentation for a struct field
  --> src/ai_helpers/file_executor.rs:87:5
   |
87 |     pub files_created: Vec<PathBuf>,
   |     ^^^^^^^^^^^^^^^^^^^^^^^^^^^^^^^

warning: missing documentation for a struct field
  --> src/ai_helpers/file_executor.rs:88:5
   |
88 |     pub files_modified: Vec<PathBuf>,
   |     ^^^^^^^^^^^^^^^^^^^^^^^^^^^^^^^^

warning: missing documentation for a struct field
  --> src/ai_helpers/file_executor.rs:89:5
   |
89 |     pub files_deleted: Vec<PathBuf>,
   |     ^^^^^^^^^^^^^^^^^^^^^^^^^^^^^^^

warning: missing documentation for an associated function
   --> src/ai_helpers/file_executor.rs:101:5
    |
101 |     pub fn new(ai_helpers: AIHelperEcosystem) -> Self {
    |     ^^^^^^^^^^^^^^^^^^^^^^^^^^^^^^^^^^^^^^^^^^^^^^^^^

warning: missing documentation for a method
   --> src/ai_helpers/file_executor.rs:110:5
    |
110 |     pub fn with_safety_system(mut self, safety: SafetyGuardrailSystem) -> Self {
    |     ^^^^^^^^^^^^^^^^^^^^^^^^^^^^^^^^^^^^^^^^^^^^^^^^^^^^^^^^^^^^^^^^^^^^^^^^^^

warning: missing documentation for a method
   --> src/ai_helpers/file_executor.rs:115:5
    |
115 |     pub fn dry_run(mut self, enabled: bool) -> Self {
    |     ^^^^^^^^^^^^^^^^^^^^^^^^^^^^^^^^^^^^^^^^^^^^^^^

warning: missing documentation for an enum
  --> src/ai_helpers/code_translator.rs:33:1
   |
33 | pub enum TranslationStrategy {
   | ^^^^^^^^^^^^^^^^^^^^^^^^^^^^

warning: missing documentation for a struct field
  --> src/ai_helpers/code_translator.rs:39:25
   |
39 |     FrameworkSpecific { from: String, to: String },
   |                         ^^^^^^^^^^^^

warning: missing documentation for a struct field
  --> src/ai_helpers/code_translator.rs:39:39
   |
39 |     FrameworkSpecific { from: String, to: String },
   |                                       ^^^^^^^^^^

warning: missing documentation for a struct field
  --> src/ai_helpers/code_translator.rs:41:22
   |
41 |     ApiTranslation { mappings: HashMap<String, String> },
   |                      ^^^^^^^^^^^^^^^^^^^^^^^^^^^^^^^^^

warning: missing documentation for a struct
  --> src/ai_helpers/code_translator.rs:45:1
   |
45 | pub struct TranslationRule {
   | ^^^^^^^^^^^^^^^^^^^^^^^^^^

warning: missing documentation for a struct
  --> src/ai_helpers/code_translator.rs:55:1
   |
55 | pub struct TranslationContext {
   | ^^^^^^^^^^^^^^^^^^^^^^^^^^^^^

warning: missing documentation for a struct
  --> src/ai_helpers/code_translator.rs:78:1
   |
78 | pub struct TranslationWarning {
   | ^^^^^^^^^^^^^^^^^^^^^^^^^^^^^

warning: missing documentation for a struct field
  --> src/ai_helpers/code_translator.rs:79:5
   |
79 |     pub line: Option<usize>,
   |     ^^^^^^^^^^^^^^^^^^^^^^^

warning: missing documentation for a struct field
  --> src/ai_helpers/code_translator.rs:80:5
   |
80 |     pub message: String,
   |     ^^^^^^^^^^^^^^^^^^^

warning: missing documentation for a struct field
  --> src/ai_helpers/code_translator.rs:81:5
   |
81 |     pub severity: WarningSeverity,
   |     ^^^^^^^^^^^^^^^^^^^^^^^^^^^^^

warning: missing documentation for an enum
  --> src/ai_helpers/code_translator.rs:85:1
   |
85 | pub enum WarningSeverity {
   | ^^^^^^^^^^^^^^^^^^^^^^^^

warning: missing documentation for a variant
  --> src/ai_helpers/code_translator.rs:86:5
   |
86 |     Info,
   |     ^^^^

warning: missing documentation for a variant
  --> src/ai_helpers/code_translator.rs:87:5
   |
87 |     Warning,
   |     ^^^^^^^

warning: missing documentation for a variant
  --> src/ai_helpers/code_translator.rs:88:5
   |
88 |     Error,
   |     ^^^^^

warning: missing documentation for an enum
  --> src/ai_helpers/semantic_retriever.rs:34:1
   |
34 | pub enum RetrievalType {
   | ^^^^^^^^^^^^^^^^^^^^^^

warning: missing documentation for a struct field
  --> src/ai_helpers/semantic_retriever.rs:38:16
   |
38 |     ApiUsage { api_name: String },
   |                ^^^^^^^^^^^^^^^^

warning: missing documentation for a struct field
  --> src/ai_helpers/semantic_retriever.rs:42:21
   |
42 |     ErrorSolution { error_type: String },
   |                     ^^^^^^^^^^^^^^^^^^

warning: missing documentation for a struct
  --> src/ai_helpers/semantic_retriever.rs:48:1
   |
48 | pub struct RetrievalFilters {
   | ^^^^^^^^^^^^^^^^^^^^^^^^^^^

warning: missing documentation for a struct
  --> src/ai_helpers/semantic_retriever.rs:60:1
   |
60 | pub struct TimeRange {
   | ^^^^^^^^^^^^^^^^^^^^

warning: missing documentation for a struct field
  --> src/ai_helpers/semantic_retriever.rs:61:5
   |
61 |     pub start: Option<chrono::DateTime<chrono::Utc>>,
   |     ^^^^^^^^^^^^^^^^^^^^^^^^^^^^^^^^^^^^^^^^^^^^^^^^

warning: missing documentation for a struct field
  --> src/ai_helpers/semantic_retriever.rs:62:5
   |
62 |     pub end: Option<chrono::DateTime<chrono::Utc>>,
   |     ^^^^^^^^^^^^^^^^^^^^^^^^^^^^^^^^^^^^^^^^^^^^^^

warning: missing documentation for a struct
  --> src/ai_helpers/semantic_retriever.rs:81:1
   |
81 | pub struct ItemMetadata {
   | ^^^^^^^^^^^^^^^^^^^^^^^

warning: missing documentation for a struct
   --> src/ai_helpers/semantic_retriever.rs:108:1
    |
108 | pub struct SearchStats {
    | ^^^^^^^^^^^^^^^^^^^^^^

warning: missing documentation for a struct
  --> src/ai_helpers/intelligent_executor.rs:34:1
   |
34 | pub struct SuccessPattern {
   | ^^^^^^^^^^^^^^^^^^^^^^^^^

warning: missing documentation for a struct field
  --> src/ai_helpers/intelligent_executor.rs:35:5
   |
35 |     pub pattern_id: String,
   |     ^^^^^^^^^^^^^^^^^^^^^^

warning: missing documentation for a struct field
  --> src/ai_helpers/intelligent_executor.rs:36:5
   |
36 |     pub description: String,
   |     ^^^^^^^^^^^^^^^^^^^^^^^

warning: missing documentation for a struct field
  --> src/ai_helpers/intelligent_executor.rs:37:5
   |
37 |     pub conditions: Vec<String>,
   |     ^^^^^^^^^^^^^^^^^^^^^^^^^^^

warning: missing documentation for a struct field
  --> src/ai_helpers/intelligent_executor.rs:38:5
   |
38 |     pub success_rate: f64,
   |     ^^^^^^^^^^^^^^^^^^^^^

warning: missing documentation for a struct field
  --> src/ai_helpers/intelligent_executor.rs:39:5
   |
39 |     pub last_used: chrono::DateTime<chrono::Utc>,
   |     ^^^^^^^^^^^^^^^^^^^^^^^^^^^^^^^^^^^^^^^^^^^^

warning: missing documentation for a struct
  --> src/ai_helpers/intelligent_executor.rs:43:1
   |
43 | pub struct Pitfall {
   | ^^^^^^^^^^^^^^^^^^

warning: missing documentation for a struct field
  --> src/ai_helpers/intelligent_executor.rs:44:5
   |
44 |     pub pitfall_type: String,
   |     ^^^^^^^^^^^^^^^^^^^^^^^^

warning: missing documentation for a struct field
  --> src/ai_helpers/intelligent_executor.rs:45:5
   |
45 |     pub description: String,
   |     ^^^^^^^^^^^^^^^^^^^^^^^

warning: missing documentation for a struct field
  --> src/ai_helpers/intelligent_executor.rs:46:5
   |
46 |     pub detection_pattern: String,
   |     ^^^^^^^^^^^^^^^^^^^^^^^^^^^^^

warning: missing documentation for a struct field
  --> src/ai_helpers/intelligent_executor.rs:47:5
   |
47 |     pub avoidance_strategy: String,
   |     ^^^^^^^^^^^^^^^^^^^^^^^^^^^^^^

warning: missing documentation for a struct field
  --> src/ai_helpers/intelligent_executor.rs:48:5
   |
48 |     pub times_encountered: u32,
   |     ^^^^^^^^^^^^^^^^^^^^^^^^^^

warning: missing documentation for a struct
  --> src/ai_helpers/intelligent_executor.rs:52:1
   |
52 | pub struct Optimization {
   | ^^^^^^^^^^^^^^^^^^^^^^^

warning: missing documentation for a struct field
  --> src/ai_helpers/intelligent_executor.rs:53:5
   |
53 |     pub optimization_type: String,
   |     ^^^^^^^^^^^^^^^^^^^^^^^^^^^^^

warning: missing documentation for a struct field
  --> src/ai_helpers/intelligent_executor.rs:54:5
   |
54 |     pub description: String,
   |     ^^^^^^^^^^^^^^^^^^^^^^^

warning: missing documentation for a struct field
  --> src/ai_helpers/intelligent_executor.rs:55:5
   |
55 |     pub performance_gain: f64,
   |     ^^^^^^^^^^^^^^^^^^^^^^^^^

warning: missing documentation for a struct field
  --> src/ai_helpers/intelligent_executor.rs:56:5
   |
56 |     pub applicable_conditions: Vec<String>,
   |     ^^^^^^^^^^^^^^^^^^^^^^^^^^^^^^^^^^^^^^

warning: missing documentation for a struct
  --> src/ai_helpers/intelligent_executor.rs:60:1
   |
60 | pub struct ExecutionStats {
   | ^^^^^^^^^^^^^^^^^^^^^^^^^

warning: missing documentation for a struct field
  --> src/ai_helpers/intelligent_executor.rs:61:5
   |
61 |     pub total_executions: u64,
   |     ^^^^^^^^^^^^^^^^^^^^^^^^^

warning: missing documentation for a struct field
  --> src/ai_helpers/intelligent_executor.rs:62:5
   |
62 |     pub successful_executions: u64,
   |     ^^^^^^^^^^^^^^^^^^^^^^^^^^^^^^

warning: missing documentation for a struct field
  --> src/ai_helpers/intelligent_executor.rs:63:5
   |
63 |     pub domain_expertise: HashMap<String, DomainExpertise>,
   |     ^^^^^^^^^^^^^^^^^^^^^^^^^^^^^^^^^^^^^^^^^^^^^^^^^^^^^^

warning: missing documentation for a struct
  --> src/ai_helpers/intelligent_executor.rs:67:1
   |
67 | pub struct DomainExpertise {
   | ^^^^^^^^^^^^^^^^^^^^^^^^^^

warning: missing documentation for a struct field
  --> src/ai_helpers/intelligent_executor.rs:68:5
   |
68 |     pub domain: String,
   |     ^^^^^^^^^^^^^^^^^^

warning: missing documentation for a struct field
  --> src/ai_helpers/intelligent_executor.rs:69:5
   |
69 |     pub experience_level: f64, // 0.0 to 1.0
   |     ^^^^^^^^^^^^^^^^^^^^^^^^^

warning: missing documentation for a struct field
  --> src/ai_helpers/intelligent_executor.rs:70:5
   |
70 |     pub successful_patterns: u32,
   |     ^^^^^^^^^^^^^^^^^^^^^^^^^^^^

warning: missing documentation for a struct field
  --> src/ai_helpers/intelligent_executor.rs:71:5
   |
71 |     pub learned_optimizations: u32,
   |     ^^^^^^^^^^^^^^^^^^^^^^^^^^^^^^

warning: missing documentation for an associated function
  --> src/ai_helpers/intelligent_executor.rs:90:5
   |
90 | /     pub fn new(
91 | |         knowledge_indexer: Arc<KnowledgeIndexer>,
92 | |         pattern_recognizer: Arc<PatternRecognizer>,
93 | |         quality_analyzer: Arc<QualityAnalyzer>,
94 | |     ) -> Self {
   | |_____________^

warning: missing documentation for a struct field
   --> src/ai_helpers/intelligent_executor.rs:539:5
    |
539 |     pub intents: Vec<Intent>,
    |     ^^^^^^^^^^^^^^^^^^^^^^^^

warning: missing documentation for a struct field
   --> src/ai_helpers/intelligent_executor.rs:540:5
    |
540 |     pub challenges: Vec<Challenge>,
    |     ^^^^^^^^^^^^^^^^^^^^^^^^^^^^^^

warning: missing documentation for a struct field
   --> src/ai_helpers/intelligent_executor.rs:541:5
    |
541 |     pub optimizations: Vec<Optimization>,
    |     ^^^^^^^^^^^^^^^^^^^^^^^^^^^^^^^^^^^^

warning: missing documentation for a struct field
   --> src/ai_helpers/intelligent_executor.rs:542:5
    |
542 |     pub confidence: f64,
    |     ^^^^^^^^^^^^^^^^^^^

warning: missing documentation for a struct
   --> src/ai_helpers/intelligent_executor.rs:546:1
    |
546 | pub struct Intent {
    | ^^^^^^^^^^^^^^^^^

warning: missing documentation for a struct field
   --> src/ai_helpers/intelligent_executor.rs:547:5
    |
547 |     pub intent_type: String,
    |     ^^^^^^^^^^^^^^^^^^^^^^^

warning: missing documentation for a struct field
   --> src/ai_helpers/intelligent_executor.rs:548:5
    |
548 |     pub description: String,
    |     ^^^^^^^^^^^^^^^^^^^^^^^

warning: missing documentation for a struct field
   --> src/ai_helpers/intelligent_executor.rs:549:5
    |
549 |     pub priority: f64,
    |     ^^^^^^^^^^^^^^^^^

warning: missing documentation for a struct
   --> src/ai_helpers/intelligent_executor.rs:553:1
    |
553 | pub struct Challenge {
    | ^^^^^^^^^^^^^^^^^^^^

warning: missing documentation for a struct field
   --> src/ai_helpers/intelligent_executor.rs:554:5
    |
554 |     pub challenge_type: ChallengeType,
    |     ^^^^^^^^^^^^^^^^^^^^^^^^^^^^^^^^^

warning: missing documentation for a struct field
   --> src/ai_helpers/intelligent_executor.rs:555:5
    |
555 |     pub description: String,
    |     ^^^^^^^^^^^^^^^^^^^^^^^

warning: missing documentation for a struct field
   --> src/ai_helpers/intelligent_executor.rs:556:5
    |
556 |     pub mitigation: String,
    |     ^^^^^^^^^^^^^^^^^^^^^^

warning: missing documentation for an enum
   --> src/ai_helpers/intelligent_executor.rs:560:1
    |
560 | pub enum ChallengeType {
    | ^^^^^^^^^^^^^^^^^^^^^^

warning: missing documentation for a variant
   --> src/ai_helpers/intelligent_executor.rs:561:5
    |
561 |     Complexity,
    |     ^^^^^^^^^^

warning: missing documentation for a variant
   --> src/ai_helpers/intelligent_executor.rs:562:5
    |
562 |     Ambiguity,
    |     ^^^^^^^^^

warning: missing documentation for a variant
   --> src/ai_helpers/intelligent_executor.rs:563:5
    |
563 |     Performance,
    |     ^^^^^^^^^^^

warning: missing documentation for a variant
   --> src/ai_helpers/intelligent_executor.rs:564:5
    |
564 |     Compatibility,
    |     ^^^^^^^^^^^^^

warning: missing documentation for a struct field
   --> src/ai_helpers/intelligent_executor.rs:570:5
    |
570 |     pub output: T,
    |     ^^^^^^^^^^^^^

warning: missing documentation for a struct field
   --> src/ai_helpers/intelligent_executor.rs:571:5
    |
571 |     pub success: bool,
    |     ^^^^^^^^^^^^^^^^^

warning: missing documentation for a struct field
   --> src/ai_helpers/intelligent_executor.rs:572:5
    |
572 |     pub learnings: Vec<String>,
    |     ^^^^^^^^^^^^^^^^^^^^^^^^^^

warning: missing documentation for a struct field
   --> src/ai_helpers/intelligent_executor.rs:573:5
    |
573 |     pub optimizations_applied: Vec<String>,
    |     ^^^^^^^^^^^^^^^^^^^^^^^^^^^^^^^^^^^^^^

warning: missing documentation for a struct field
   --> src/ai_helpers/intelligent_executor.rs:574:5
    |
574 |     pub execution_time: std::time::Duration,
    |     ^^^^^^^^^^^^^^^^^^^^^^^^^^^^^^^^^^^^^^^

warning: missing documentation for a variant
   --> src/ai_helpers/intelligent_executor.rs:580:5
    |
580 |     Success {
    |     ^^^^^^^

warning: missing documentation for a struct field
   --> src/ai_helpers/intelligent_executor.rs:581:9
    |
581 |         pattern: String,
    |         ^^^^^^^^^^^^^^^

warning: missing documentation for a struct field
   --> src/ai_helpers/intelligent_executor.rs:582:9
    |
582 |         metrics: SuccessMetrics,
    |         ^^^^^^^^^^^^^^^^^^^^^^^

warning: missing documentation for a variant
   --> src/ai_helpers/intelligent_executor.rs:584:5
    |
584 |     Failure {
    |     ^^^^^^^

warning: missing documentation for a struct field
   --> src/ai_helpers/intelligent_executor.rs:585:9
    |
585 |         reason: String,
    |         ^^^^^^^^^^^^^^

warning: missing documentation for a struct field
   --> src/ai_helpers/intelligent_executor.rs:586:9
    |
586 |         context: String,
    |         ^^^^^^^^^^^^^^^

warning: missing documentation for a struct
   --> src/ai_helpers/intelligent_executor.rs:591:1
    |
591 | pub struct SuccessMetrics {
    | ^^^^^^^^^^^^^^^^^^^^^^^^^

warning: missing documentation for a struct field
   --> src/ai_helpers/intelligent_executor.rs:592:5
    |
592 |     pub execution_time: f64,
    |     ^^^^^^^^^^^^^^^^^^^^^^^

warning: missing documentation for a struct field
   --> src/ai_helpers/intelligent_executor.rs:593:5
    |
593 |     pub quality_score: f64,
    |     ^^^^^^^^^^^^^^^^^^^^^^

warning: missing documentation for a struct field
   --> src/ai_helpers/intelligent_executor.rs:594:5
    |
594 |     pub resource_usage: f64,
    |     ^^^^^^^^^^^^^^^^^^^^^^^

warning: missing documentation for a struct field
   --> src/ai_helpers/intelligent_executor.rs:600:5
    |
600 |     pub improvement_type: ImprovementType,
    |     ^^^^^^^^^^^^^^^^^^^^^^^^^^^^^^^^^^^^^

warning: missing documentation for a struct field
   --> src/ai_helpers/intelligent_executor.rs:601:5
    |
601 |     pub description: String,
    |     ^^^^^^^^^^^^^^^^^^^^^^^

warning: missing documentation for a struct field
   --> src/ai_helpers/intelligent_executor.rs:602:5
    |
602 |     pub expected_benefit: String,
    |     ^^^^^^^^^^^^^^^^^^^^^^^^^^^^

warning: missing documentation for a struct field
   --> src/ai_helpers/intelligent_executor.rs:603:5
    |
603 |     pub confidence: f64,
    |     ^^^^^^^^^^^^^^^^^^^

warning: missing documentation for an enum
   --> src/ai_helpers/intelligent_executor.rs:607:1
    |
607 | pub enum ImprovementType {
    | ^^^^^^^^^^^^^^^^^^^^^^^^

warning: missing documentation for a variant
   --> src/ai_helpers/intelligent_executor.rs:608:5
    |
608 |     Pattern,
    |     ^^^^^^^

warning: missing documentation for a variant
   --> src/ai_helpers/intelligent_executor.rs:609:5
    |
609 |     Optimization,
    |     ^^^^^^^^^^^^

warning: missing documentation for a variant
   --> src/ai_helpers/intelligent_executor.rs:610:5
    |
610 |     Alternative,
    |     ^^^^^^^^^^^

warning: missing documentation for a variant
   --> src/ai_helpers/intelligent_executor.rs:611:5
    |
611 |     Enhancement,
    |     ^^^^^^^^^^^

warning: missing documentation for a struct field
  --> src/ai_helpers/rollback_executor.rs:22:5
   |
22 |     pub plan_id: String,
   |     ^^^^^^^^^^^^^^^^^^^

warning: missing documentation for a struct field
  --> src/ai_helpers/rollback_executor.rs:23:5
   |
23 |     pub operations: Vec<RollbackOperation>,
   |     ^^^^^^^^^^^^^^^^^^^^^^^^^^^^^^^^^^^^^^

warning: missing documentation for a struct field
  --> src/ai_helpers/rollback_executor.rs:24:5
   |
24 |     pub safety_level: RollbackSafetyLevel,
   |     ^^^^^^^^^^^^^^^^^^^^^^^^^^^^^^^^^^^^^

warning: missing documentation for a struct field
  --> src/ai_helpers/rollback_executor.rs:25:5
   |
25 |     pub verification_required: bool,
   |     ^^^^^^^^^^^^^^^^^^^^^^^^^^^^^^^

warning: missing documentation for a struct field
  --> src/ai_helpers/rollback_executor.rs:26:5
   |
26 |     pub created_at: DateTime<Utc>,
   |     ^^^^^^^^^^^^^^^^^^^^^^^^^^^^^

warning: missing documentation for an enum
  --> src/ai_helpers/rollback_executor.rs:30:1
   |
30 | pub enum RollbackSafetyLevel {
   | ^^^^^^^^^^^^^^^^^^^^^^^^^^^^

warning: missing documentation for a variant
  --> src/ai_helpers/rollback_executor.rs:31:5
   |
31 |     Low,     // Simple file operations
   |     ^^^

warning: missing documentation for a variant
  --> src/ai_helpers/rollback_executor.rs:32:5
   |
32 |     Medium,  // Multiple files, some risk
   |     ^^^^^^

warning: missing documentation for a variant
  --> src/ai_helpers/rollback_executor.rs:33:5
   |
33 |     High,    // System-wide changes, deletions
   |     ^^^^

warning: missing documentation for a variant
  --> src/ai_helpers/rollback_executor.rs:34:5
   |
34 |     Critical // Irreversible operations
   |     ^^^^^^^^

warning: missing documentation for a struct field
  --> src/ai_helpers/rollback_executor.rs:40:5
   |
40 |     pub operation_id: String,
   |     ^^^^^^^^^^^^^^^^^^^^^^^^

warning: missing documentation for a struct field
  --> src/ai_helpers/rollback_executor.rs:41:5
   |
41 |     pub action: RollbackAction,
   |     ^^^^^^^^^^^^^^^^^^^^^^^^^^

warning: missing documentation for a struct field
  --> src/ai_helpers/rollback_executor.rs:42:5
   |
42 |     pub description: String,
   |     ^^^^^^^^^^^^^^^^^^^^^^^

warning: missing documentation for a struct field
  --> src/ai_helpers/rollback_executor.rs:43:5
   |
43 |     pub files_affected: Vec<PathBuf>,
   |     ^^^^^^^^^^^^^^^^^^^^^^^^^^^^^^^^

warning: missing documentation for a struct field
  --> src/ai_helpers/rollback_executor.rs:44:5
   |
44 |     pub dependencies: Vec<String>, // IDs of operations that must complete first
   |     ^^^^^^^^^^^^^^^^^^^^^^^^^^^^^

warning: missing documentation for an enum
  --> src/ai_helpers/rollback_executor.rs:49:1
   |
49 | pub enum RollbackAction {
   | ^^^^^^^^^^^^^^^^^^^^^^^

warning: missing documentation for a variant
  --> src/ai_helpers/rollback_executor.rs:50:5
   |
50 |     DeleteCreatedFile {
   |     ^^^^^^^^^^^^^^^^^

warning: missing documentation for a struct field
  --> src/ai_helpers/rollback_executor.rs:51:9
   |
51 |         path: PathBuf,
   |         ^^^^^^^^^^^^^

warning: missing documentation for a variant
  --> src/ai_helpers/rollback_executor.rs:53:5
   |
53 |     RestoreFromBackup {
   |     ^^^^^^^^^^^^^^^^^

warning: missing documentation for a struct field
  --> src/ai_helpers/rollback_executor.rs:54:9
   |
54 |         backup_path: PathBuf,
   |         ^^^^^^^^^^^^^^^^^^^^

warning: missing documentation for a struct field
  --> src/ai_helpers/rollback_executor.rs:55:9
   |
55 |         target_path: PathBuf,
   |         ^^^^^^^^^^^^^^^^^^^^

warning: missing documentation for a variant
  --> src/ai_helpers/rollback_executor.rs:57:5
   |
57 |     UndoRename {
   |     ^^^^^^^^^^

warning: missing documentation for a struct field
  --> src/ai_helpers/rollback_executor.rs:58:9
   |
58 |         current_path: PathBuf,
   |         ^^^^^^^^^^^^^^^^^^^^^

warning: missing documentation for a struct field
  --> src/ai_helpers/rollback_executor.rs:59:9
   |
59 |         original_path: PathBuf,
   |         ^^^^^^^^^^^^^^^^^^^^^^

warning: missing documentation for a variant
  --> src/ai_helpers/rollback_executor.rs:61:5
   |
61 |     RecreateDeletedFile {
   |     ^^^^^^^^^^^^^^^^^^^

warning: missing documentation for a struct field
  --> src/ai_helpers/rollback_executor.rs:62:9
   |
62 |         path: PathBuf,
   |         ^^^^^^^^^^^^^

warning: missing documentation for a struct field
  --> src/ai_helpers/rollback_executor.rs:63:9
   |
63 |         content: String,
   |         ^^^^^^^^^^^^^^^

warning: missing documentation for a struct field
  --> src/ai_helpers/rollback_executor.rs:64:9
   |
64 |         permissions: Option<u32>,
   |         ^^^^^^^^^^^^^^^^^^^^^^^^

warning: missing documentation for a variant
  --> src/ai_helpers/rollback_executor.rs:66:5
   |
66 |     RevertModification {
   |     ^^^^^^^^^^^^^^^^^^

warning: missing documentation for a struct field
  --> src/ai_helpers/rollback_executor.rs:67:9
   |
67 |         path: PathBuf,
   |         ^^^^^^^^^^^^^

warning: missing documentation for a struct field
  --> src/ai_helpers/rollback_executor.rs:68:9
   |
68 |         original_content: String,
   |         ^^^^^^^^^^^^^^^^^^^^^^^^

warning: missing documentation for a variant
  --> src/ai_helpers/rollback_executor.rs:70:5
   |
70 |     RestoreDirectory {
   |     ^^^^^^^^^^^^^^^^

warning: missing documentation for a struct field
  --> src/ai_helpers/rollback_executor.rs:71:9
   |
71 |         path: PathBuf,
   |         ^^^^^^^^^^^^^

warning: missing documentation for a variant
  --> src/ai_helpers/rollback_executor.rs:73:5
   |
73 |     RunScript {
   |     ^^^^^^^^^

warning: missing documentation for a struct field
  --> src/ai_helpers/rollback_executor.rs:74:9
   |
74 |         script_path: PathBuf,
   |         ^^^^^^^^^^^^^^^^^^^^

warning: missing documentation for a struct field
  --> src/ai_helpers/rollback_executor.rs:75:9
   |
75 |         args: Vec<String>,
   |         ^^^^^^^^^^^^^^^^^

warning: missing documentation for a variant
  --> src/ai_helpers/rollback_executor.rs:77:5
   |
77 |     GitRevert {
   |     ^^^^^^^^^

warning: missing documentation for a struct field
  --> src/ai_helpers/rollback_executor.rs:78:9
   |
78 |         commit_hash: String,
   |         ^^^^^^^^^^^^^^^^^^^

warning: missing documentation for a struct field
  --> src/ai_helpers/rollback_executor.rs:79:9
   |
79 |         file_paths: Option<Vec<PathBuf>>,
   |         ^^^^^^^^^^^^^^^^^^^^^^^^^^^^^^^^

warning: missing documentation for a variant
  --> src/ai_helpers/rollback_executor.rs:81:5
   |
81 |     NoOp {
   |     ^^^^

warning: missing documentation for a struct field
  --> src/ai_helpers/rollback_executor.rs:82:9
   |
82 |         reason: String,
   |         ^^^^^^^^^^^^^^

warning: missing documentation for a struct field
  --> src/ai_helpers/rollback_executor.rs:89:5
   |
89 |     pub plan_id: String,
   |     ^^^^^^^^^^^^^^^^^^^

warning: missing documentation for a struct field
  --> src/ai_helpers/rollback_executor.rs:90:5
   |
90 |     pub success: bool,
   |     ^^^^^^^^^^^^^^^^^

warning: missing documentation for a struct field
  --> src/ai_helpers/rollback_executor.rs:91:5
   |
91 |     pub operations_completed: usize,
   |     ^^^^^^^^^^^^^^^^^^^^^^^^^^^^^^^

warning: missing documentation for a struct field
  --> src/ai_helpers/rollback_executor.rs:92:5
   |
92 |     pub operations_total: usize,
   |     ^^^^^^^^^^^^^^^^^^^^^^^^^^^

warning: missing documentation for a struct field
  --> src/ai_helpers/rollback_executor.rs:93:5
   |
93 |     pub operation_results: Vec<OperationResult>,
   |     ^^^^^^^^^^^^^^^^^^^^^^^^^^^^^^^^^^^^^^^^^^^

warning: missing documentation for a struct field
  --> src/ai_helpers/rollback_executor.rs:94:5
   |
94 |     pub errors: Vec<String>,
   |     ^^^^^^^^^^^^^^^^^^^^^^^

warning: missing documentation for a struct field
  --> src/ai_helpers/rollback_executor.rs:95:5
   |
95 |     pub duration_ms: u64,
   |     ^^^^^^^^^^^^^^^^^^^^

warning: missing documentation for a struct
  --> src/ai_helpers/rollback_executor.rs:99:1
   |
99 | pub struct OperationResult {
   | ^^^^^^^^^^^^^^^^^^^^^^^^^^

warning: missing documentation for a struct field
   --> src/ai_helpers/rollback_executor.rs:100:5
    |
100 |     pub operation_id: String,
    |     ^^^^^^^^^^^^^^^^^^^^^^^^

warning: missing documentation for a struct field
   --> src/ai_helpers/rollback_executor.rs:101:5
    |
101 |     pub success: bool,
    |     ^^^^^^^^^^^^^^^^^

warning: missing documentation for a struct field
   --> src/ai_helpers/rollback_executor.rs:102:5
    |
102 |     pub error: Option<String>,
    |     ^^^^^^^^^^^^^^^^^^^^^^^^^

warning: missing documentation for a struct field
   --> src/ai_helpers/rollback_executor.rs:103:5
    |
103 |     pub files_affected: Vec<PathBuf>,
    |     ^^^^^^^^^^^^^^^^^^^^^^^^^^^^^^^^

warning: missing documentation for a struct field
   --> src/ai_helpers/rollback_executor.rs:104:5
    |
104 |     pub duration_ms: u64,
    |     ^^^^^^^^^^^^^^^^^^^^

warning: missing documentation for an associated function
   --> src/ai_helpers/rollback_executor.rs:115:5
    |
115 |     pub fn new(ai_helpers: AIHelperEcosystem) -> Self {
    |     ^^^^^^^^^^^^^^^^^^^^^^^^^^^^^^^^^^^^^^^^^^^^^^^^^

warning: missing documentation for a method
   --> src/ai_helpers/rollback_executor.rs:123:5
    |
123 |     pub fn with_intelligent_executor(mut self, executor: IntelligentExecutor) -> Self {
    |     ^^^^^^^^^^^^^^^^^^^^^^^^^^^^^^^^^^^^^^^^^^^^^^^^^^^^^^^^^^^^^^^^^^^^^^^^^^^^^^^^^

warning: missing documentation for a method
   --> src/ai_helpers/rollback_executor.rs:128:5
    |
128 |     pub fn dry_run(mut self, enabled: bool) -> Self {
    |     ^^^^^^^^^^^^^^^^^^^^^^^^^^^^^^^^^^^^^^^^^^^^^^^

warning: missing documentation for a struct field
  --> src/ai_helpers/autonomous_ai_helper.rs:49:25
   |
49 |     ExploreRepository { path: PathBuf },
   |                         ^^^^^^^^^^^^^

warning: missing documentation for a struct field
  --> src/ai_helpers/autonomous_ai_helper.rs:52:17
   |
52 |     ReadFiles { files: Vec<PathBuf>, reason: String },
   |                 ^^^^^^^^^^^^^^^^^^^

warning: missing documentation for a struct field
  --> src/ai_helpers/autonomous_ai_helper.rs:52:38
   |
52 |     ReadFiles { files: Vec<PathBuf>, reason: String },
   |                                      ^^^^^^^^^^^^^^

warning: missing documentation for a struct field
  --> src/ai_helpers/autonomous_ai_helper.rs:55:18
   |
55 |     SearchCode { query: String, semantic: bool },
   |                  ^^^^^^^^^^^^^

warning: missing documentation for a struct field
  --> src/ai_helpers/autonomous_ai_helper.rs:55:33
   |
55 |     SearchCode { query: String, semantic: bool },
   |                                 ^^^^^^^^^^^^^^

warning: missing documentation for a struct field
  --> src/ai_helpers/autonomous_ai_helper.rs:58:20
   |
58 |     AccessMemory { query: String },
   |                    ^^^^^^^^^^^^^

warning: missing documentation for a struct field
  --> src/ai_helpers/autonomous_ai_helper.rs:64:22
   |
64 |     AnalyzeQuality { target: PathBuf },
   |                      ^^^^^^^^^^^^^^^

warning: missing documentation for a struct field
  --> src/ai_helpers/autonomous_ai_helper.rs:67:27
   |
67 |     SynthesizeKnowledge { sources: Vec<String> },
   |                           ^^^^^^^^^^^^^^^^^^^^

warning: missing documentation for a struct field
  --> src/ai_helpers/autonomous_ai_helper.rs:70:22
   |
70 |     NavigateToPath { path: PathBuf, reason: String },
   |                      ^^^^^^^^^^^^^

warning: missing documentation for a struct field
  --> src/ai_helpers/autonomous_ai_helper.rs:70:37
   |
70 |     NavigateToPath { path: PathBuf, reason: String },
   |                                     ^^^^^^^^^^^^^^

warning: missing documentation for a struct field
  --> src/ai_helpers/autonomous_ai_helper.rs:73:16
   |
73 |     OpenFile { path: PathBuf },
   |                ^^^^^^^^^^^^^

warning: missing documentation for a struct field
  --> src/ai_helpers/autonomous_ai_helper.rs:76:18
   |
76 |     CreateFile { path: PathBuf, content: String },
   |                  ^^^^^^^^^^^^^

warning: missing documentation for a struct field
  --> src/ai_helpers/autonomous_ai_helper.rs:76:33
   |
76 |     CreateFile { path: PathBuf, content: String },
   |                                 ^^^^^^^^^^^^^^^

warning: missing documentation for a struct field
   --> src/ai_helpers/autonomous_ai_helper.rs:887:5
    |
887 |     pub primary_intent: String,
    |     ^^^^^^^^^^^^^^^^^^^^^^^^^^

warning: missing documentation for a struct field
   --> src/ai_helpers/autonomous_ai_helper.rs:888:5
    |
888 |     pub confidence: f32,
    |     ^^^^^^^^^^^^^^^^^^^

warning: missing documentation for a struct field
   --> src/ai_helpers/autonomous_ai_helper.rs:889:5
    |
889 |     pub complexity: f32,
    |     ^^^^^^^^^^^^^^^^^^^

warning: missing documentation for a struct field
   --> src/ai_helpers/autonomous_ai_helper.rs:890:5
    |
890 |     pub benefits_from_memory: bool,
    |     ^^^^^^^^^^^^^^^^^^^^^^^^^^^^^^

warning: missing documentation for a struct field
   --> src/ai_helpers/autonomous_ai_helper.rs:896:5
    |
896 |     pub concept_type: String,
    |     ^^^^^^^^^^^^^^^^^^^^^^^^

warning: missing documentation for a struct field
   --> src/ai_helpers/autonomous_ai_helper.rs:897:5
    |
897 |     pub confidence: f32,
    |     ^^^^^^^^^^^^^^^^^^^

warning: missing documentation for a struct field
   --> src/ai_helpers/autonomous_ai_helper.rs:903:5
    |
903 |     pub concepts: Vec<SemanticConcept>,
    |     ^^^^^^^^^^^^^^^^^^^^^^^^^^^^^^^^^^

warning: missing documentation for a struct field
   --> src/ai_helpers/autonomous_ai_helper.rs:904:5
    |
904 |     pub requires_code_analysis: bool,
    |     ^^^^^^^^^^^^^^^^^^^^^^^^^^^^^^^^

warning: missing documentation for a struct field
   --> src/ai_helpers/autonomous_ai_helper.rs:910:5
    |
910 |     pub concept: String,
    |     ^^^^^^^^^^^^^^^^^^^

warning: missing documentation for a struct field
   --> src/ai_helpers/autonomous_ai_helper.rs:911:5
    |
911 |     pub relevance: f32,
    |     ^^^^^^^^^^^^^^^^^^

warning: missing documentation for a struct field
  --> src/ai_helpers/continuous_learner.rs:25:9
   |
25 |         stage: String,
   |         ^^^^^^^^^^^^^

warning: missing documentation for a struct field
  --> src/ai_helpers/continuous_learner.rs:26:9
   |
26 |         question: String,
   |         ^^^^^^^^^^^^^^^^

warning: missing documentation for a struct field
  --> src/ai_helpers/continuous_learner.rs:27:9
   |
27 |         answer: String,
   |         ^^^^^^^^^^^^^^

warning: missing documentation for a struct field
  --> src/ai_helpers/continuous_learner.rs:28:9
   |
28 |         model: String,
   |         ^^^^^^^^^^^^^

warning: missing documentation for a struct field
  --> src/ai_helpers/continuous_learner.rs:29:9
   |
29 |         duration_ms: u64,
   |         ^^^^^^^^^^^^^^^^

warning: missing documentation for a struct field
  --> src/ai_helpers/continuous_learner.rs:30:9
   |
30 |         tokens_used: u64,
   |         ^^^^^^^^^^^^^^^^

warning: missing documentation for a struct field
  --> src/ai_helpers/continuous_learner.rs:35:9
   |
35 |         conversation_id: String,
   |         ^^^^^^^^^^^^^^^^^^^^^^^

warning: missing documentation for a struct field
  --> src/ai_helpers/continuous_learner.rs:36:9
   |
36 |         stage: String,
   |         ^^^^^^^^^^^^^

warning: missing documentation for a struct field
  --> src/ai_helpers/continuous_learner.rs:37:9
   |
37 |         feedback_type: FeedbackType,
   |         ^^^^^^^^^^^^^^^^^^^^^^^^^^^

warning: missing documentation for a struct field
  --> src/ai_helpers/continuous_learner.rs:38:9
   |
38 |         details: Option<String>,
   |         ^^^^^^^^^^^^^^^^^^^^^^^

warning: missing documentation for a struct field
  --> src/ai_helpers/continuous_learner.rs:43:9
   |
43 |         operation_type: String,
   |         ^^^^^^^^^^^^^^^^^^^^^^

warning: missing documentation for a struct field
  --> src/ai_helpers/continuous_learner.rs:44:9
   |
44 |         success: bool,
   |         ^^^^^^^^^^^^^

warning: missing documentation for a struct field
  --> src/ai_helpers/continuous_learner.rs:45:9
   |
45 |         context: OperationContext,
   |         ^^^^^^^^^^^^^^^^^^^^^^^^^

warning: missing documentation for a struct field
  --> src/ai_helpers/continuous_learner.rs:46:9
   |
46 |         outcome: OperationOutcome,
   |         ^^^^^^^^^^^^^^^^^^^^^^^^^

warning: missing documentation for a struct field
  --> src/ai_helpers/continuous_learner.rs:51:9
   |
51 |         pattern_type: String,
   |         ^^^^^^^^^^^^^^^^^^^^

warning: missing documentation for a struct field
  --> src/ai_helpers/continuous_learner.rs:52:9
   |
52 |         confidence: f64,
   |         ^^^^^^^^^^^^^^^

warning: missing documentation for a struct field
  --> src/ai_helpers/continuous_learner.rs:53:9
   |
53 |         examples: Vec<String>,
   |         ^^^^^^^^^^^^^^^^^^^^^

warning: missing documentation for a struct field
  --> src/ai_helpers/continuous_learner.rs:58:9
   |
58 |         model: String,
   |         ^^^^^^^^^^^^^

warning: missing documentation for a struct field
  --> src/ai_helpers/continuous_learner.rs:59:9
   |
59 |         stage: String,
   |         ^^^^^^^^^^^^^

warning: missing documentation for a struct field
  --> src/ai_helpers/continuous_learner.rs:60:9
   |
60 |         success_rate: f64,
   |         ^^^^^^^^^^^^^^^^^

warning: missing documentation for a struct field
  --> src/ai_helpers/continuous_learner.rs:61:9
   |
61 |         avg_quality_score: f64,
   |         ^^^^^^^^^^^^^^^^^^^^^^

warning: missing documentation for a variant
  --> src/ai_helpers/continuous_learner.rs:68:5
   |
68 |     Positive,
   |     ^^^^^^^^

warning: missing documentation for a variant
  --> src/ai_helpers/continuous_learner.rs:69:5
   |
69 |     Negative,
   |     ^^^^^^^^

warning: missing documentation for a variant
  --> src/ai_helpers/continuous_learner.rs:70:5
   |
70 |     Correction(String),
   |     ^^^^^^^^^^

warning: missing documentation for a variant
  --> src/ai_helpers/continuous_learner.rs:71:5
   |
71 |     Suggestion(String),
   |     ^^^^^^^^^^

warning: missing documentation for a struct field
   --> src/ai_helpers/continuous_learner.rs:146:5
    |
146 |     pub field: String,
    |     ^^^^^^^^^^^^^^^^^

warning: missing documentation for a struct field
   --> src/ai_helpers/continuous_learner.rs:147:5
    |
147 |     pub operator: ConditionOperator,
    |     ^^^^^^^^^^^^^^^^^^^^^^^^^^^^^^^

warning: missing documentation for a struct field
   --> src/ai_helpers/continuous_learner.rs:148:5
    |
148 |     pub value: serde_json::Value,
    |     ^^^^^^^^^^^^^^^^^^^^^^^^^^^^

warning: missing documentation for an enum
   --> src/ai_helpers/continuous_learner.rs:152:1
    |
152 | pub enum ConditionOperator {
    | ^^^^^^^^^^^^^^^^^^^^^^^^^^

warning: missing documentation for a variant
   --> src/ai_helpers/continuous_learner.rs:153:5
    |
153 |     Equals,
    |     ^^^^^^

warning: missing documentation for a variant
   --> src/ai_helpers/continuous_learner.rs:154:5
    |
154 |     Contains,
    |     ^^^^^^^^

warning: missing documentation for a variant
   --> src/ai_helpers/continuous_learner.rs:155:5
    |
155 |     GreaterThan,
    |     ^^^^^^^^^^^

warning: missing documentation for a variant
   --> src/ai_helpers/continuous_learner.rs:156:5
    |
156 |     LessThan,
    |     ^^^^^^^^

warning: missing documentation for a variant
   --> src/ai_helpers/continuous_learner.rs:157:5
    |
157 |     Matches,
    |     ^^^^^^^

warning: missing documentation for a struct field
   --> src/ai_helpers/continuous_learner.rs:182:5
    |
182 |     pub question_similarity: f64,
    |     ^^^^^^^^^^^^^^^^^^^^^^^^^^^^

warning: missing documentation for a struct field
   --> src/ai_helpers/continuous_learner.rs:183:5
    |
183 |     pub outcome: String,
    |     ^^^^^^^^^^^^^^^^^^^

warning: missing documentation for a struct field
   --> src/ai_helpers/continuous_learner.rs:184:5
    |
184 |     pub key_insights: Vec<String>,
    |     ^^^^^^^^^^^^^^^^^^^^^^^^^^^^^

warning: missing documentation for a struct field
   --> src/ai_helpers/continuous_learner.rs:185:5
    |
185 |     pub timestamp: DateTime<Utc>,
    |     ^^^^^^^^^^^^^^^^^^^^^^^^^^^^

warning: missing documentation for a struct field
   --> src/ai_helpers/continuous_learner.rs:191:5
    |
191 |     pub model: String,
    |     ^^^^^^^^^^^^^^^^^

warning: missing documentation for a struct field
   --> src/ai_helpers/continuous_learner.rs:192:5
    |
192 |     pub stage: String,
    |     ^^^^^^^^^^^^^^^^^

warning: missing documentation for a struct field
   --> src/ai_helpers/continuous_learner.rs:193:5
    |
193 |     pub confidence: f64,
    |     ^^^^^^^^^^^^^^^^^^^

warning: missing documentation for a struct field
   --> src/ai_helpers/continuous_learner.rs:194:5
    |
194 |     pub reasoning: String,
    |     ^^^^^^^^^^^^^^^^^^^^^

warning: missing documentation for a struct field
   --> src/ai_helpers/continuous_learner.rs:195:5
    |
195 |     pub historical_performance: f64,
    |     ^^^^^^^^^^^^^^^^^^^^^^^^^^^^^^^

warning: missing documentation for a struct field
   --> src/ai_helpers/continuous_learner.rs:201:5
    |
201 |     pub severity: LearningWarningSeverity,
    |     ^^^^^^^^^^^^^^^^^^^^^^^^^^^^^^^^^^^^^

warning: missing documentation for a struct field
   --> src/ai_helpers/continuous_learner.rs:202:5
    |
202 |     pub message: String,
    |     ^^^^^^^^^^^^^^^^^^^

warning: missing documentation for a struct field
   --> src/ai_helpers/continuous_learner.rs:203:5
    |
203 |     pub pattern_source: String,
    |     ^^^^^^^^^^^^^^^^^^^^^^^^^^

warning: missing documentation for a struct field
   --> src/ai_helpers/continuous_learner.rs:204:5
    |
204 |     pub avoidance_strategy: Option<String>,
    |     ^^^^^^^^^^^^^^^^^^^^^^^^^^^^^^^^^^^^^^

warning: missing documentation for an enum
   --> src/ai_helpers/continuous_learner.rs:208:1
    |
208 | pub enum LearningWarningSeverity {
    | ^^^^^^^^^^^^^^^^^^^^^^^^^^^^^^^^

warning: missing documentation for a variant
   --> src/ai_helpers/continuous_learner.rs:209:5
    |
209 |     Low,
    |     ^^^

warning: missing documentation for a variant
   --> src/ai_helpers/continuous_learner.rs:210:5
    |
210 |     Medium,
    |     ^^^^^^

warning: missing documentation for a variant
   --> src/ai_helpers/continuous_learner.rs:211:5
    |
211 |     High,
    |     ^^^^

warning: missing documentation for a variant
   --> src/ai_helpers/continuous_learner.rs:212:5
    |
212 |     Critical,
    |     ^^^^^^^^

warning: missing documentation for a struct field
   --> src/ai_helpers/continuous_learner.rs:254:5
    |
254 |     pub total_events: u64,
    |     ^^^^^^^^^^^^^^^^^^^^^

warning: missing documentation for a struct field
   --> src/ai_helpers/continuous_learner.rs:255:5
    |
255 |     pub total_patterns: u64,
    |     ^^^^^^^^^^^^^^^^^^^^^^^

warning: missing documentation for a struct field
   --> src/ai_helpers/continuous_learner.rs:256:5
    |
256 |     pub successful_applications: u64,
    |     ^^^^^^^^^^^^^^^^^^^^^^^^^^^^^^^^

warning: missing documentation for a struct field
   --> src/ai_helpers/continuous_learner.rs:257:5
    |
257 |     pub failed_applications: u64,
    |     ^^^^^^^^^^^^^^^^^^^^^^^^^^^^

warning: missing documentation for a type alias
  --> src/analysis/mod.rs:31:1
   |
31 | pub type Parser = TreeSitterParser;
   | ^^^^^^^^^^^^^^^

warning: missing documentation for a type alias
  --> src/analysis/mod.rs:32:1
   |
32 | pub type AST = crate::core::AstNode;
   | ^^^^^^^^^^^^

warning: missing documentation for a variant
  --> src/analysis/dependency.rs:70:5
   |
70 |     Static,   // Regular imports
   |     ^^^^^^

warning: missing documentation for a variant
  --> src/analysis/dependency.rs:71:5
   |
71 |     Dynamic,  // Dynamic imports
   |     ^^^^^^^

warning: missing documentation for a variant
  --> src/analysis/dependency.rs:72:5
   |
72 |     Type,     // Type-only imports
   |     ^^^^

warning: missing documentation for a variant
  --> src/analysis/dependency.rs:73:5
   |
73 |     Dev,      // Development dependencies
   |     ^^^

warning: missing documentation for a variant
  --> src/analysis/dependency.rs:74:5
   |
74 |     Optional, // Optional dependencies
   |     ^^^^^^^^

warning: missing documentation for a struct field
  --> src/analysis/dependency.rs:80:5
   |
80 |     pub total_modules: usize,
   |     ^^^^^^^^^^^^^^^^^^^^^^^^

warning: missing documentation for a struct field
  --> src/analysis/dependency.rs:81:5
   |
81 |     pub total_dependencies: usize,
   |     ^^^^^^^^^^^^^^^^^^^^^^^^^^^^^

warning: missing documentation for a struct field
  --> src/analysis/dependency.rs:82:5
   |
82 |     pub external_dependencies: usize,
   |     ^^^^^^^^^^^^^^^^^^^^^^^^^^^^^^^^

warning: missing documentation for a struct field
  --> src/analysis/dependency.rs:83:5
   |
83 |     pub circular_dependencies: Vec<Vec<PathBuf>>,
   |     ^^^^^^^^^^^^^^^^^^^^^^^^^^^^^^^^^^^^^^^^^^^^

warning: missing documentation for a struct field
  --> src/analysis/dependency.rs:84:5
   |
84 |     pub max_depth: usize,
   |     ^^^^^^^^^^^^^^^^^^^^

warning: missing documentation for a struct field
  --> src/analysis/dependency.rs:85:5
   |
85 |     pub avg_dependencies_per_module: f32,
   |     ^^^^^^^^^^^^^^^^^^^^^^^^^^^^^^^^^^^^

warning: missing documentation for a struct field
  --> src/analysis/dependency.rs:86:5
   |
86 |     pub most_depended_on: Vec<(PathBuf, usize)>,
   |     ^^^^^^^^^^^^^^^^^^^^^^^^^^^^^^^^^^^^^^^^^^^

warning: missing documentation for a struct field
  --> src/analysis/dependency.rs:87:5
   |
87 |     pub most_dependent: Vec<(PathBuf, usize)>,
   |     ^^^^^^^^^^^^^^^^^^^^^^^^^^^^^^^^^^^^^^^^^

warning: missing documentation for a struct field
   --> src/analysis/dependency.rs:112:5
    |
112 |     pub stats: DependencyStats,
    |     ^^^^^^^^^^^^^^^^^^^^^^^^^^

warning: missing documentation for a struct field
   --> src/analysis/dependency.rs:113:5
    |
113 |     pub circular_dependencies: Vec<CircularDependency>,
    |     ^^^^^^^^^^^^^^^^^^^^^^^^^^^^^^^^^^^^^^^^^^^^^^^^^^

warning: missing documentation for a struct field
   --> src/analysis/dependency.rs:114:5
    |
114 |     pub dependency_layers: Vec<DependencyLayer>,
    |     ^^^^^^^^^^^^^^^^^^^^^^^^^^^^^^^^^^^^^^^^^^^

warning: missing documentation for a struct field
   --> src/analysis/dependency.rs:115:5
    |
115 |     pub suggested_refactorings: Vec<RefactoringSuggestion>,
    |     ^^^^^^^^^^^^^^^^^^^^^^^^^^^^^^^^^^^^^^^^^^^^^^^^^^^^^^

warning: missing documentation for a struct field
   --> src/analysis/dependency.rs:116:5
    |
116 |     pub visualization_dot: String,
    |     ^^^^^^^^^^^^^^^^^^^^^^^^^^^^^

warning: missing documentation for a struct field
   --> src/analysis/dependency.rs:122:5
    |
122 |     pub modules: Vec<PathBuf>,
    |     ^^^^^^^^^^^^^^^^^^^^^^^^^

warning: missing documentation for a struct field
   --> src/analysis/dependency.rs:123:5
    |
123 |     pub edges: Vec<(PathBuf, PathBuf)>,
    |     ^^^^^^^^^^^^^^^^^^^^^^^^^^^^^^^^^^

warning: missing documentation for a struct field
   --> src/analysis/dependency.rs:124:5
    |
124 |     pub severity: Severity,
    |     ^^^^^^^^^^^^^^^^^^^^^^

warning: missing documentation for a struct field
   --> src/analysis/dependency.rs:125:5
    |
125 |     pub breaking_points: Vec<PathBuf>,
    |     ^^^^^^^^^^^^^^^^^^^^^^^^^^^^^^^^^

warning: missing documentation for a struct field
   --> src/analysis/dependency.rs:131:5
    |
131 |     pub level: usize,
    |     ^^^^^^^^^^^^^^^^

warning: missing documentation for a struct field
   --> src/analysis/dependency.rs:132:5
    |
132 |     pub modules: Vec<PathBuf>,
    |     ^^^^^^^^^^^^^^^^^^^^^^^^^

warning: missing documentation for a struct field
   --> src/analysis/dependency.rs:133:5
    |
133 |     pub can_depend_on: Vec<usize>,
    |     ^^^^^^^^^^^^^^^^^^^^^^^^^^^^^

warning: missing documentation for a struct field
   --> src/analysis/dependency.rs:139:5
    |
139 |     pub kind: RefactoringKind,
    |     ^^^^^^^^^^^^^^^^^^^^^^^^^

warning: missing documentation for a struct field
   --> src/analysis/dependency.rs:140:5
    |
140 |     pub target: PathBuf,
    |     ^^^^^^^^^^^^^^^^^^^

warning: missing documentation for a struct field
   --> src/analysis/dependency.rs:141:5
    |
141 |     pub reason: String,
    |     ^^^^^^^^^^^^^^^^^^

warning: missing documentation for a struct field
   --> src/analysis/dependency.rs:142:5
    |
142 |     pub impact: Impact,
    |     ^^^^^^^^^^^^^^^^^^

warning: missing documentation for a variant
   --> src/analysis/dependency.rs:148:5
    |
148 |     ExtractInterface,
    |     ^^^^^^^^^^^^^^^^

warning: missing documentation for a variant
   --> src/analysis/dependency.rs:149:5
    |
149 |     InvertDependency,
    |     ^^^^^^^^^^^^^^^^

warning: missing documentation for a variant
   --> src/analysis/dependency.rs:150:5
    |
150 |     ExtractModule,
    |     ^^^^^^^^^^^^^

warning: missing documentation for a variant
   --> src/analysis/dependency.rs:151:5
    |
151 |     MergeModules,
    |     ^^^^^^^^^^^^

warning: missing documentation for a variant
   --> src/analysis/dependency.rs:152:5
    |
152 |     RemoveUnused,
    |     ^^^^^^^^^^^^

warning: missing documentation for a variant
   --> src/analysis/dependency.rs:158:5
    |
158 |     Low,
    |     ^^^

warning: missing documentation for a variant
   --> src/analysis/dependency.rs:159:5
    |
159 |     Medium,
    |     ^^^^^^

warning: missing documentation for a variant
   --> src/analysis/dependency.rs:160:5
    |
160 |     High,
    |     ^^^^

warning: missing documentation for a variant
   --> src/analysis/dependency.rs:161:5
    |
161 |     Critical,
    |     ^^^^^^^^

warning: missing documentation for a variant
   --> src/analysis/dependency.rs:167:5
    |
167 |     Minimal,
    |     ^^^^^^^

warning: missing documentation for a variant
   --> src/analysis/dependency.rs:168:5
    |
168 |     Moderate,
    |     ^^^^^^^^

warning: missing documentation for a variant
   --> src/analysis/dependency.rs:169:5
    |
169 |     Significant,
    |     ^^^^^^^^^^^

warning: missing documentation for a variant
   --> src/analysis/dependency.rs:170:5
    |
170 |     Major,
    |     ^^^^^

warning: missing documentation for a struct field
  --> src/analysis/fast_parse.rs:21:5
   |
21 |     pub enable_memory_mapping: bool,
   |     ^^^^^^^^^^^^^^^^^^^^^^^^^^^^^^^

warning: missing documentation for a struct field
  --> src/analysis/fast_parse.rs:22:5
   |
22 |     pub enable_simd_operations: bool,
   |     ^^^^^^^^^^^^^^^^^^^^^^^^^^^^^^^^

warning: missing documentation for a struct field
  --> src/analysis/fast_parse.rs:23:5
   |
23 |     pub enable_parallel_parsing: bool,
   |     ^^^^^^^^^^^^^^^^^^^^^^^^^^^^^^^^^

warning: missing documentation for a struct field
  --> src/analysis/fast_parse.rs:24:5
   |
24 |     pub enable_incremental_parsing: bool,
   |     ^^^^^^^^^^^^^^^^^^^^^^^^^^^^^^^^^^^^

warning: missing documentation for a struct field
  --> src/analysis/fast_parse.rs:25:5
   |
25 |     pub cache_parsed_files: bool,
   |     ^^^^^^^^^^^^^^^^^^^^^^^^^^^^

warning: missing documentation for a struct field
  --> src/analysis/fast_parse.rs:26:5
   |
26 |     pub max_file_size: usize,
   |     ^^^^^^^^^^^^^^^^^^^^^^^^

warning: missing documentation for a struct field
  --> src/analysis/fast_parse.rs:27:5
   |
27 |     pub chunk_size: usize,
   |     ^^^^^^^^^^^^^^^^^^^^^

warning: missing documentation for a struct field
  --> src/analysis/fast_parse.rs:47:5
   |
47 |     pub path: PathBuf,
   |     ^^^^^^^^^^^^^^^^^

warning: missing documentation for a struct field
  --> src/analysis/fast_parse.rs:48:5
   |
48 |     pub language: String,
   |     ^^^^^^^^^^^^^^^^^^^^

warning: missing documentation for a struct field
  --> src/analysis/fast_parse.rs:49:5
   |
49 |     pub size: usize,
   |     ^^^^^^^^^^^^^^^

warning: missing documentation for a struct field
  --> src/analysis/fast_parse.rs:50:5
   |
50 |     pub line_count: usize,
   |     ^^^^^^^^^^^^^^^^^^^^^

warning: missing documentation for a struct field
  --> src/analysis/fast_parse.rs:51:5
   |
51 |     pub parse_time: Duration,
   |     ^^^^^^^^^^^^^^^^^^^^^^^^

warning: missing documentation for a struct field
  --> src/analysis/fast_parse.rs:52:5
   |
52 |     pub ast_nodes: usize,
   |     ^^^^^^^^^^^^^^^^^^^^

warning: missing documentation for a struct field
  --> src/analysis/fast_parse.rs:53:5
   |
53 |     pub symbols: Vec<Symbol>,
   |     ^^^^^^^^^^^^^^^^^^^^^^^^

warning: missing documentation for a struct field
  --> src/analysis/fast_parse.rs:54:5
   |
54 |     pub imports: Vec<String>,
   |     ^^^^^^^^^^^^^^^^^^^^^^^^

warning: missing documentation for a struct field
  --> src/analysis/fast_parse.rs:55:5
   |
55 |     pub functions: Vec<Function>,
   |     ^^^^^^^^^^^^^^^^^^^^^^^^^^^^

warning: missing documentation for a struct field
  --> src/analysis/fast_parse.rs:56:5
   |
56 |     pub classes: Vec<Class>,
   |     ^^^^^^^^^^^^^^^^^^^^^^^

warning: missing documentation for a struct field
  --> src/analysis/fast_parse.rs:57:5
   |
57 |     pub checksum: String,
   |     ^^^^^^^^^^^^^^^^^^^^

warning: missing documentation for a struct field
  --> src/analysis/fast_parse.rs:63:5
   |
63 |     pub name: String,
   |     ^^^^^^^^^^^^^^^^

warning: missing documentation for a struct field
  --> src/analysis/fast_parse.rs:64:5
   |
64 |     pub kind: SymbolKind,
   |     ^^^^^^^^^^^^^^^^^^^^

warning: missing documentation for a struct field
  --> src/analysis/fast_parse.rs:65:5
   |
65 |     pub line: usize,
   |     ^^^^^^^^^^^^^^^

warning: missing documentation for a struct field
  --> src/analysis/fast_parse.rs:66:5
   |
66 |     pub column: usize,
   |     ^^^^^^^^^^^^^^^^^

warning: missing documentation for a struct field
  --> src/analysis/fast_parse.rs:67:5
   |
67 |     pub scope: String,
   |     ^^^^^^^^^^^^^^^^^

warning: missing documentation for a variant
  --> src/analysis/fast_parse.rs:73:5
   |
73 |     Function,
   |     ^^^^^^^^

warning: missing documentation for a variant
  --> src/analysis/fast_parse.rs:74:5
   |
74 |     Variable,
   |     ^^^^^^^^

warning: missing documentation for a variant
  --> src/analysis/fast_parse.rs:75:5
   |
75 |     Class,
   |     ^^^^^

warning: missing documentation for a variant
  --> src/analysis/fast_parse.rs:76:5
   |
76 |     Interface,
   |     ^^^^^^^^^

warning: missing documentation for a variant
  --> src/analysis/fast_parse.rs:77:5
   |
77 |     Enum,
   |     ^^^^

warning: missing documentation for a variant
  --> src/analysis/fast_parse.rs:78:5
   |
78 |     Constant,
   |     ^^^^^^^^

warning: missing documentation for a variant
  --> src/analysis/fast_parse.rs:79:5
   |
79 |     Import,
   |     ^^^^^^

warning: missing documentation for a struct field
  --> src/analysis/fast_parse.rs:85:5
   |
85 |     pub name: String,
   |     ^^^^^^^^^^^^^^^^

warning: missing documentation for a struct field
  --> src/analysis/fast_parse.rs:86:5
   |
86 |     pub parameters: Vec<String>,
   |     ^^^^^^^^^^^^^^^^^^^^^^^^^^^

warning: missing documentation for a struct field
  --> src/analysis/fast_parse.rs:87:5
   |
87 |     pub return_type: Option<String>,
   |     ^^^^^^^^^^^^^^^^^^^^^^^^^^^^^^^

warning: missing documentation for a struct field
  --> src/analysis/fast_parse.rs:88:5
   |
88 |     pub line_start: usize,
   |     ^^^^^^^^^^^^^^^^^^^^^

warning: missing documentation for a struct field
  --> src/analysis/fast_parse.rs:89:5
   |
89 |     pub line_end: usize,
   |     ^^^^^^^^^^^^^^^^^^^

warning: missing documentation for a struct field
  --> src/analysis/fast_parse.rs:90:5
   |
90 |     pub complexity: usize,
   |     ^^^^^^^^^^^^^^^^^^^^^

warning: missing documentation for a struct field
  --> src/analysis/fast_parse.rs:96:5
   |
96 |     pub name: String,
   |     ^^^^^^^^^^^^^^^^

warning: missing documentation for a struct field
  --> src/analysis/fast_parse.rs:97:5
   |
97 |     pub methods: Vec<String>,
   |     ^^^^^^^^^^^^^^^^^^^^^^^^

warning: missing documentation for a struct field
  --> src/analysis/fast_parse.rs:98:5
   |
98 |     pub fields: Vec<String>,
   |     ^^^^^^^^^^^^^^^^^^^^^^^

warning: missing documentation for a struct field
  --> src/analysis/fast_parse.rs:99:5
   |
99 |     pub line_start: usize,
   |     ^^^^^^^^^^^^^^^^^^^^^

warning: missing documentation for a struct field
   --> src/analysis/fast_parse.rs:100:5
    |
100 |     pub line_end: usize,
    |     ^^^^^^^^^^^^^^^^^^^

warning: missing documentation for a struct field
   --> src/analysis/fast_parse.rs:101:5
    |
101 |     pub inheritance: Vec<String>,
    |     ^^^^^^^^^^^^^^^^^^^^^^^^^^^^

warning: missing documentation for an associated function
   --> src/analysis/fast_parse.rs:112:5
    |
112 |     pub fn new(config: FastParseConfig) -> Self {
    |     ^^^^^^^^^^^^^^^^^^^^^^^^^^^^^^^^^^^^^^^^^^^

warning: missing documentation for a variant
  --> src/analysis/parser.rs:78:5
   |
78 |     Keyword,
   |     ^^^^^^^

warning: missing documentation for a variant
  --> src/analysis/parser.rs:79:5
   |
79 |     Function,
   |     ^^^^^^^^

warning: missing documentation for a variant
  --> src/analysis/parser.rs:80:5
   |
80 |     Type,
   |     ^^^^

warning: missing documentation for a variant
  --> src/analysis/parser.rs:81:5
   |
81 |     Variable,
   |     ^^^^^^^^

warning: missing documentation for a variant
  --> src/analysis/parser.rs:82:5
   |
82 |     String,
   |     ^^^^^^

warning: missing documentation for a variant
  --> src/analysis/parser.rs:83:5
   |
83 |     Number,
   |     ^^^^^^

warning: missing documentation for a variant
  --> src/analysis/parser.rs:84:5
   |
84 |     Comment,
   |     ^^^^^^^

warning: missing documentation for a variant
  --> src/analysis/parser.rs:85:5
   |
85 |     Operator,
   |     ^^^^^^^^

warning: missing documentation for a variant
  --> src/analysis/parser.rs:86:5
   |
86 |     Punctuation,
   |     ^^^^^^^^^^^

warning: missing documentation for a variant
  --> src/analysis/parser.rs:87:5
   |
87 |     Constant,
   |     ^^^^^^^^

warning: missing documentation for a variant
  --> src/analysis/parser.rs:88:5
   |
88 |     Parameter,
   |     ^^^^^^^^^

warning: missing documentation for a variant
  --> src/analysis/parser.rs:89:5
   |
89 |     Property,
   |     ^^^^^^^^

warning: missing documentation for a variant
  --> src/analysis/parser.rs:90:5
   |
90 |     Label,
   |     ^^^^^

warning: missing documentation for a variant
  --> src/analysis/parser.rs:91:5
   |
91 |     Attribute,
   |     ^^^^^^^^^

warning: missing documentation for a variant
  --> src/analysis/parser.rs:92:5
   |
92 |     Namespace,
   |     ^^^^^^^^^

warning: missing documentation for a struct field
   --> src/analysis/performance.rs:427:5
    |
427 |     pub total_files: usize,
    |     ^^^^^^^^^^^^^^^^^^^^^^

warning: missing documentation for a struct field
   --> src/analysis/performance.rs:428:5
    |
428 |     pub total_time: Duration,
    |     ^^^^^^^^^^^^^^^^^^^^^^^^

warning: missing documentation for a struct field
   --> src/analysis/performance.rs:429:5
    |
429 |     pub parse_time: Duration,
    |     ^^^^^^^^^^^^^^^^^^^^^^^^

warning: missing documentation for a struct field
   --> src/analysis/performance.rs:430:5
    |
430 |     pub avg_incremental_time: Duration,
    |     ^^^^^^^^^^^^^^^^^^^^^^^^^^^^^^^^^^

warning: missing documentation for a struct field
   --> src/analysis/performance.rs:431:5
    |
431 |     pub metrics: ParseMetrics,
    |     ^^^^^^^^^^^^^^^^^^^^^^^^^

warning: missing documentation for a struct field
   --> src/analysis/performance.rs:432:5
    |
432 |     pub passed: bool,
    |     ^^^^^^^^^^^^^^^^

warning: missing documentation for a struct field
  --> src/analysis/repository_intelligence.rs:45:5
   |
45 |     pub architecture: ArchitectureInfo,
   |     ^^^^^^^^^^^^^^^^^^^^^^^^^^^^^^^^^^

warning: missing documentation for a struct field
  --> src/analysis/repository_intelligence.rs:46:5
   |
46 |     pub quality: QualityReport,
   |     ^^^^^^^^^^^^^^^^^^^^^^^^^^

warning: missing documentation for a struct field
  --> src/analysis/repository_intelligence.rs:47:5
   |
47 |     pub security: SecurityReport,
   |     ^^^^^^^^^^^^^^^^^^^^^^^^^^^^

warning: missing documentation for a struct field
  --> src/analysis/repository_intelligence.rs:48:5
   |
48 |     pub performance: PerformanceReport,
   |     ^^^^^^^^^^^^^^^^^^^^^^^^^^^^^^^^^^

warning: missing documentation for a struct field
  --> src/analysis/repository_intelligence.rs:49:5
   |
49 |     pub technical_debt: TechnicalDebtReport,
   |     ^^^^^^^^^^^^^^^^^^^^^^^^^^^^^^^^^^^^^^^

warning: missing documentation for a struct field
  --> src/analysis/repository_intelligence.rs:50:5
   |
50 |     pub recommendations: Vec<Recommendation>,
   |     ^^^^^^^^^^^^^^^^^^^^^^^^^^^^^^^^^^^^^^^^

warning: missing documentation for a struct field
  --> src/analysis/repository_intelligence.rs:90:5
   |
90 |     pub detected_patterns: Vec<ArchitecturePattern>,
   |     ^^^^^^^^^^^^^^^^^^^^^^^^^^^^^^^^^^^^^^^^^^^^^^^

warning: missing documentation for a struct field
  --> src/analysis/repository_intelligence.rs:91:5
   |
91 |     pub primary_pattern: ArchitecturePattern,
   |     ^^^^^^^^^^^^^^^^^^^^^^^^^^^^^^^^^^^^^^^^

warning: missing documentation for a struct field
  --> src/analysis/repository_intelligence.rs:92:5
   |
92 |     pub confidence: f32,
   |     ^^^^^^^^^^^^^^^^^^^

warning: missing documentation for a struct field
  --> src/analysis/repository_intelligence.rs:93:5
   |
93 |     pub layers: Vec<ArchitectureLayer>,
   |     ^^^^^^^^^^^^^^^^^^^^^^^^^^^^^^^^^^

warning: missing documentation for a struct field
  --> src/analysis/repository_intelligence.rs:94:5
   |
94 |     pub components: Vec<Component>,
   |     ^^^^^^^^^^^^^^^^^^^^^^^^^^^^^^

warning: missing documentation for a struct field
  --> src/analysis/repository_intelligence.rs:95:5
   |
95 |     pub adherence_score: f32,
   |     ^^^^^^^^^^^^^^^^^^^^^^^^

warning: missing documentation for a variant
   --> src/analysis/repository_intelligence.rs:101:5
    |
101 |     MVC,
    |     ^^^

warning: missing documentation for a variant
   --> src/analysis/repository_intelligence.rs:102:5
    |
102 |     MVP,
    |     ^^^

warning: missing documentation for a variant
   --> src/analysis/repository_intelligence.rs:103:5
    |
103 |     MVVM,
    |     ^^^^

warning: missing documentation for a variant
   --> src/analysis/repository_intelligence.rs:104:5
    |
104 |     CleanArchitecture,
    |     ^^^^^^^^^^^^^^^^^

warning: missing documentation for a variant
   --> src/analysis/repository_intelligence.rs:105:5
    |
105 |     HexagonalArchitecture,
    |     ^^^^^^^^^^^^^^^^^^^^^

warning: missing documentation for a variant
   --> src/analysis/repository_intelligence.rs:106:5
    |
106 |     LayeredArchitecture,
    |     ^^^^^^^^^^^^^^^^^^^

warning: missing documentation for a variant
   --> src/analysis/repository_intelligence.rs:107:5
    |
107 |     Microservices,
    |     ^^^^^^^^^^^^^

warning: missing documentation for a variant
   --> src/analysis/repository_intelligence.rs:108:5
    |
108 |     Monolith,
    |     ^^^^^^^^

warning: missing documentation for a variant
   --> src/analysis/repository_intelligence.rs:109:5
    |
109 |     EventDriven,
    |     ^^^^^^^^^^^

warning: missing documentation for a variant
   --> src/analysis/repository_intelligence.rs:110:5
    |
110 |     PipeAndFilter,
    |     ^^^^^^^^^^^^^

warning: missing documentation for a variant
   --> src/analysis/repository_intelligence.rs:111:5
    |
111 |     PluginBased,
    |     ^^^^^^^^^^^

warning: missing documentation for a variant
   --> src/analysis/repository_intelligence.rs:112:5
    |
112 |     Unknown,
    |     ^^^^^^^

warning: missing documentation for a struct field
   --> src/analysis/repository_intelligence.rs:118:5
    |
118 |     pub name: String,
    |     ^^^^^^^^^^^^^^^^

warning: missing documentation for a struct field
   --> src/analysis/repository_intelligence.rs:119:5
    |
119 |     pub modules: Vec<PathBuf>,
    |     ^^^^^^^^^^^^^^^^^^^^^^^^^

warning: missing documentation for a struct field
   --> src/analysis/repository_intelligence.rs:120:5
    |
120 |     pub responsibilities: Vec<String>,
    |     ^^^^^^^^^^^^^^^^^^^^^^^^^^^^^^^^^

warning: missing documentation for a struct field
   --> src/analysis/repository_intelligence.rs:121:5
    |
121 |     pub violations: Vec<LayerViolation>,
    |     ^^^^^^^^^^^^^^^^^^^^^^^^^^^^^^^^^^^

warning: missing documentation for a struct field
   --> src/analysis/repository_intelligence.rs:127:5
    |
127 |     pub from_module: PathBuf,
    |     ^^^^^^^^^^^^^^^^^^^^^^^^

warning: missing documentation for a struct field
   --> src/analysis/repository_intelligence.rs:128:5
    |
128 |     pub to_module: PathBuf,
    |     ^^^^^^^^^^^^^^^^^^^^^^

warning: missing documentation for a struct field
   --> src/analysis/repository_intelligence.rs:129:5
    |
129 |     pub from_layer: String,
    |     ^^^^^^^^^^^^^^^^^^^^^^

warning: missing documentation for a struct field
   --> src/analysis/repository_intelligence.rs:130:5
    |
130 |     pub to_layer: String,
    |     ^^^^^^^^^^^^^^^^^^^^

warning: missing documentation for a struct field
   --> src/analysis/repository_intelligence.rs:131:5
    |
131 |     pub severity: Severity,
    |     ^^^^^^^^^^^^^^^^^^^^^^

warning: missing documentation for a struct field
   --> src/analysis/repository_intelligence.rs:137:5
    |
137 |     pub name: String,
    |     ^^^^^^^^^^^^^^^^

warning: missing documentation for a struct field
   --> src/analysis/repository_intelligence.rs:138:5
    |
138 |     pub kind: ComponentKind,
    |     ^^^^^^^^^^^^^^^^^^^^^^^

warning: missing documentation for a struct field
   --> src/analysis/repository_intelligence.rs:139:5
    |
139 |     pub modules: Vec<PathBuf>,
    |     ^^^^^^^^^^^^^^^^^^^^^^^^^

warning: missing documentation for a struct field
   --> src/analysis/repository_intelligence.rs:140:5
    |
140 |     pub interfaces: Vec<String>,
    |     ^^^^^^^^^^^^^^^^^^^^^^^^^^^

warning: missing documentation for a struct field
   --> src/analysis/repository_intelligence.rs:141:5
    |
141 |     pub dependencies: Vec<String>,
    |     ^^^^^^^^^^^^^^^^^^^^^^^^^^^^^

warning: missing documentation for a variant
   --> src/analysis/repository_intelligence.rs:147:5
    |
147 |     Controller,
    |     ^^^^^^^^^^

warning: missing documentation for a variant
   --> src/analysis/repository_intelligence.rs:148:5
    |
148 |     Service,
    |     ^^^^^^^

warning: missing documentation for a variant
   --> src/analysis/repository_intelligence.rs:149:5
    |
149 |     Repository,
    |     ^^^^^^^^^^

warning: missing documentation for a variant
   --> src/analysis/repository_intelligence.rs:150:5
    |
150 |     Model,
    |     ^^^^^

warning: missing documentation for a variant
   --> src/analysis/repository_intelligence.rs:151:5
    |
151 |     View,
    |     ^^^^

warning: missing documentation for a variant
   --> src/analysis/repository_intelligence.rs:152:5
    |
152 |     UseCase,
    |     ^^^^^^^

warning: missing documentation for a variant
   --> src/analysis/repository_intelligence.rs:153:5
    |
153 |     Entity,
    |     ^^^^^^

warning: missing documentation for a variant
   --> src/analysis/repository_intelligence.rs:154:5
    |
154 |     Gateway,
    |     ^^^^^^^

warning: missing documentation for a variant
   --> src/analysis/repository_intelligence.rs:155:5
    |
155 |     Presenter,
    |     ^^^^^^^^^

warning: missing documentation for a variant
   --> src/analysis/repository_intelligence.rs:156:5
    |
156 |     Middleware,
    |     ^^^^^^^^^^

warning: missing documentation for a struct field
   --> src/analysis/repository_intelligence.rs:162:5
    |
162 |     pub overall_score: f32, // 0-10 scale
    |     ^^^^^^^^^^^^^^^^^^^^^^

warning: missing documentation for a struct field
   --> src/analysis/repository_intelligence.rs:163:5
    |
163 |     pub metrics: QualityMetrics,
    |     ^^^^^^^^^^^^^^^^^^^^^^^^^^^

warning: missing documentation for a struct field
   --> src/analysis/repository_intelligence.rs:164:5
    |
164 |     pub issues: Vec<QualityIssue>,
    |     ^^^^^^^^^^^^^^^^^^^^^^^^^^^^^

warning: missing documentation for a struct field
   --> src/analysis/repository_intelligence.rs:165:5
    |
165 |     pub hotspots: Vec<QualityHotspot>,
    |     ^^^^^^^^^^^^^^^^^^^^^^^^^^^^^^^^^

warning: missing documentation for a struct field
   --> src/analysis/repository_intelligence.rs:166:5
    |
166 |     pub trends: QualityTrends,
    |     ^^^^^^^^^^^^^^^^^^^^^^^^^

warning: missing documentation for a struct field
   --> src/analysis/repository_intelligence.rs:172:5
    |
172 |     pub maintainability_index: f32,
    |     ^^^^^^^^^^^^^^^^^^^^^^^^^^^^^^

warning: missing documentation for a struct field
   --> src/analysis/repository_intelligence.rs:173:5
    |
173 |     pub cyclomatic_complexity: f32,
    |     ^^^^^^^^^^^^^^^^^^^^^^^^^^^^^^

warning: missing documentation for a struct field
   --> src/analysis/repository_intelligence.rs:174:5
    |
174 |     pub cognitive_complexity: f32,
    |     ^^^^^^^^^^^^^^^^^^^^^^^^^^^^^

warning: missing documentation for a struct field
   --> src/analysis/repository_intelligence.rs:175:5
    |
175 |     pub duplication_ratio: f32,
    |     ^^^^^^^^^^^^^^^^^^^^^^^^^^

warning: missing documentation for a struct field
   --> src/analysis/repository_intelligence.rs:176:5
    |
176 |     pub test_coverage: f32,
    |     ^^^^^^^^^^^^^^^^^^^^^^

warning: missing documentation for a struct field
   --> src/analysis/repository_intelligence.rs:177:5
    |
177 |     pub documentation_coverage: f32,
    |     ^^^^^^^^^^^^^^^^^^^^^^^^^^^^^^^

warning: missing documentation for a struct field
   --> src/analysis/repository_intelligence.rs:178:5
    |
178 |     pub code_smell_density: f32,
    |     ^^^^^^^^^^^^^^^^^^^^^^^^^^^

warning: missing documentation for a struct field
   --> src/analysis/repository_intelligence.rs:179:5
    |
179 |     pub technical_debt_ratio: f32,
    |     ^^^^^^^^^^^^^^^^^^^^^^^^^^^^^

warning: missing documentation for a struct field
   --> src/analysis/repository_intelligence.rs:185:5
    |
185 |     pub kind: QualityIssueKind,
    |     ^^^^^^^^^^^^^^^^^^^^^^^^^^

warning: missing documentation for a struct field
   --> src/analysis/repository_intelligence.rs:186:5
    |
186 |     pub location: PathBuf,
    |     ^^^^^^^^^^^^^^^^^^^^^

warning: missing documentation for a struct field
   --> src/analysis/repository_intelligence.rs:187:5
    |
187 |     pub line: usize,
    |     ^^^^^^^^^^^^^^^

warning: missing documentation for a struct field
   --> src/analysis/repository_intelligence.rs:188:5
    |
188 |     pub severity: Severity,
    |     ^^^^^^^^^^^^^^^^^^^^^^

warning: missing documentation for a struct field
   --> src/analysis/repository_intelligence.rs:189:5
    |
189 |     pub message: String,
    |     ^^^^^^^^^^^^^^^^^^^

warning: missing documentation for a struct field
   --> src/analysis/repository_intelligence.rs:190:5
    |
190 |     pub remediation_time: u32, // minutes
    |     ^^^^^^^^^^^^^^^^^^^^^^^^^

warning: missing documentation for a variant
   --> src/analysis/repository_intelligence.rs:196:5
    |
196 |     HighComplexity,
    |     ^^^^^^^^^^^^^^

warning: missing documentation for a variant
   --> src/analysis/repository_intelligence.rs:197:5
    |
197 |     LongMethod,
    |     ^^^^^^^^^^

warning: missing documentation for a variant
   --> src/analysis/repository_intelligence.rs:198:5
    |
198 |     LargeClass,
    |     ^^^^^^^^^^

warning: missing documentation for a variant
   --> src/analysis/repository_intelligence.rs:199:5
    |
199 |     DuplicateCode,
    |     ^^^^^^^^^^^^^

warning: missing documentation for a variant
   --> src/analysis/repository_intelligence.rs:200:5
    |
200 |     MissingDocumentation,
    |     ^^^^^^^^^^^^^^^^^^^^

warning: missing documentation for a variant
   --> src/analysis/repository_intelligence.rs:201:5
    |
201 |     PoorNaming,
    |     ^^^^^^^^^^

warning: missing documentation for a variant
   --> src/analysis/repository_intelligence.rs:202:5
    |
202 |     UnusedCode,
    |     ^^^^^^^^^^

warning: missing documentation for a variant
   --> src/analysis/repository_intelligence.rs:203:5
    |
203 |     GodClass,
    |     ^^^^^^^^

warning: missing documentation for a variant
   --> src/analysis/repository_intelligence.rs:204:5
    |
204 |     FeatureEnvy,
    |     ^^^^^^^^^^^

warning: missing documentation for a variant
   --> src/analysis/repository_intelligence.rs:205:5
    |
205 |     DataClump,
    |     ^^^^^^^^^

warning: missing documentation for a struct field
   --> src/analysis/repository_intelligence.rs:211:5
    |
211 |     pub file: PathBuf,
    |     ^^^^^^^^^^^^^^^^^

warning: missing documentation for a struct field
   --> src/analysis/repository_intelligence.rs:212:5
    |
212 |     pub score: f32,
    |     ^^^^^^^^^^^^^^

warning: missing documentation for a struct field
   --> src/analysis/repository_intelligence.rs:213:5
    |
213 |     pub issues_count: usize,
    |     ^^^^^^^^^^^^^^^^^^^^^^^

warning: missing documentation for a struct field
   --> src/analysis/repository_intelligence.rs:214:5
    |
214 |     pub change_frequency: f32,
    |     ^^^^^^^^^^^^^^^^^^^^^^^^^

warning: missing documentation for a struct field
   --> src/analysis/repository_intelligence.rs:215:5
    |
215 |     pub contributors: usize,
    |     ^^^^^^^^^^^^^^^^^^^^^^^

warning: missing documentation for a struct field
   --> src/analysis/repository_intelligence.rs:221:5
    |
221 |     pub improving_files: Vec<PathBuf>,
    |     ^^^^^^^^^^^^^^^^^^^^^^^^^^^^^^^^^

warning: missing documentation for a struct field
   --> src/analysis/repository_intelligence.rs:222:5
    |
222 |     pub degrading_files: Vec<PathBuf>,
    |     ^^^^^^^^^^^^^^^^^^^^^^^^^^^^^^^^^

warning: missing documentation for a struct field
   --> src/analysis/repository_intelligence.rs:223:5
    |
223 |     pub complexity_trend: Trend,
    |     ^^^^^^^^^^^^^^^^^^^^^^^^^^^

warning: missing documentation for a struct field
   --> src/analysis/repository_intelligence.rs:224:5
    |
224 |     pub duplication_trend: Trend,
    |     ^^^^^^^^^^^^^^^^^^^^^^^^^^^^

warning: missing documentation for a variant
   --> src/analysis/repository_intelligence.rs:230:5
    |
230 |     Improving,
    |     ^^^^^^^^^

warning: missing documentation for a variant
   --> src/analysis/repository_intelligence.rs:231:5
    |
231 |     Stable,
    |     ^^^^^^

warning: missing documentation for a variant
   --> src/analysis/repository_intelligence.rs:232:5
    |
232 |     Degrading,
    |     ^^^^^^^^^

warning: missing documentation for a struct field
   --> src/analysis/repository_intelligence.rs:238:5
    |
238 |     pub vulnerability_count: usize,
    |     ^^^^^^^^^^^^^^^^^^^^^^^^^^^^^^

warning: missing documentation for a struct field
   --> src/analysis/repository_intelligence.rs:239:5
    |
239 |     pub risk_score: f32,
    |     ^^^^^^^^^^^^^^^^^^^

warning: missing documentation for a struct field
   --> src/analysis/repository_intelligence.rs:240:5
    |
240 |     pub vulnerabilities: Vec<SecurityVulnerability>,
    |     ^^^^^^^^^^^^^^^^^^^^^^^^^^^^^^^^^^^^^^^^^^^^^^^

warning: missing documentation for a struct field
   --> src/analysis/repository_intelligence.rs:241:5
    |
241 |     pub dependency_risks: Vec<DependencyRisk>,
    |     ^^^^^^^^^^^^^^^^^^^^^^^^^^^^^^^^^^^^^^^^^

warning: missing documentation for a struct field
   --> src/analysis/repository_intelligence.rs:242:5
    |
242 |     pub issues: Vec<SecurityVulnerability>, // Added for compatibility
    |     ^^^^^^^^^^^^^^^^^^^^^^^^^^^^^^^^^^^^^^

warning: missing documentation for a struct field
   --> src/analysis/repository_intelligence.rs:248:5
    |
248 |     pub kind: VulnerabilityKind,
    |     ^^^^^^^^^^^^^^^^^^^^^^^^^^^

warning: missing documentation for a struct field
   --> src/analysis/repository_intelligence.rs:249:5
    |
249 |     pub location: PathBuf,
    |     ^^^^^^^^^^^^^^^^^^^^^

warning: missing documentation for a struct field
   --> src/analysis/repository_intelligence.rs:250:5
    |
250 |     pub line: usize,
    |     ^^^^^^^^^^^^^^^

warning: missing documentation for a struct field
   --> src/analysis/repository_intelligence.rs:251:5
    |
251 |     pub severity: Severity,
    |     ^^^^^^^^^^^^^^^^^^^^^^

warning: missing documentation for a struct field
   --> src/analysis/repository_intelligence.rs:252:5
    |
252 |     pub description: String,
    |     ^^^^^^^^^^^^^^^^^^^^^^^

warning: missing documentation for a struct field
   --> src/analysis/repository_intelligence.rs:253:5
    |
253 |     pub cwe_id: Option<String>,
    |     ^^^^^^^^^^^^^^^^^^^^^^^^^^

warning: missing documentation for a struct field
   --> src/analysis/repository_intelligence.rs:254:5
    |
254 |     pub remediation: String,
    |     ^^^^^^^^^^^^^^^^^^^^^^^

warning: missing documentation for a variant
   --> src/analysis/repository_intelligence.rs:260:5
    |
260 |     SqlInjection,
    |     ^^^^^^^^^^^^

warning: missing documentation for a variant
   --> src/analysis/repository_intelligence.rs:261:5
    |
261 |     XSS,
    |     ^^^

warning: missing documentation for a variant
   --> src/analysis/repository_intelligence.rs:262:5
    |
262 |     PathTraversal,
    |     ^^^^^^^^^^^^^

warning: missing documentation for a variant
   --> src/analysis/repository_intelligence.rs:263:5
    |
263 |     CommandInjection,
    |     ^^^^^^^^^^^^^^^^

warning: missing documentation for a variant
   --> src/analysis/repository_intelligence.rs:264:5
    |
264 |     HardcodedSecret,
    |     ^^^^^^^^^^^^^^^

warning: missing documentation for a variant
   --> src/analysis/repository_intelligence.rs:265:5
    |
265 |     InsecureRandom,
    |     ^^^^^^^^^^^^^^

warning: missing documentation for a variant
   --> src/analysis/repository_intelligence.rs:266:5
    |
266 |     WeakCrypto,
    |     ^^^^^^^^^^

warning: missing documentation for a variant
   --> src/analysis/repository_intelligence.rs:267:5
    |
267 |     UnvalidatedInput,
    |     ^^^^^^^^^^^^^^^^

warning: missing documentation for a variant
   --> src/analysis/repository_intelligence.rs:268:5
    |
268 |     SSRF,
    |     ^^^^

warning: missing documentation for a variant
   --> src/analysis/repository_intelligence.rs:269:5
    |
269 |     XXE,
    |     ^^^

warning: missing documentation for a struct field
   --> src/analysis/repository_intelligence.rs:275:5
    |
275 |     pub dependency: String,
    |     ^^^^^^^^^^^^^^^^^^^^^^

warning: missing documentation for a struct field
   --> src/analysis/repository_intelligence.rs:276:5
    |
276 |     pub version: String,
    |     ^^^^^^^^^^^^^^^^^^^

warning: missing documentation for a struct field
   --> src/analysis/repository_intelligence.rs:277:5
    |
277 |     pub vulnerabilities: Vec<String>,
    |     ^^^^^^^^^^^^^^^^^^^^^^^^^^^^^^^^

warning: missing documentation for a struct field
   --> src/analysis/repository_intelligence.rs:278:5
    |
278 |     pub severity: Severity,
    |     ^^^^^^^^^^^^^^^^^^^^^^

warning: missing documentation for a struct field
   --> src/analysis/repository_intelligence.rs:279:5
    |
279 |     pub update_available: Option<String>,
    |     ^^^^^^^^^^^^^^^^^^^^^^^^^^^^^^^^^^^^

warning: missing documentation for a struct field
   --> src/analysis/repository_intelligence.rs:285:5
    |
285 |     pub hotspots: Vec<PerformanceHotspot>,
    |     ^^^^^^^^^^^^^^^^^^^^^^^^^^^^^^^^^^^^^

warning: missing documentation for a struct field
   --> src/analysis/repository_intelligence.rs:286:5
    |
286 |     pub bottlenecks: Vec<Bottleneck>,
    |     ^^^^^^^^^^^^^^^^^^^^^^^^^^^^^^^^

warning: missing documentation for a struct field
   --> src/analysis/repository_intelligence.rs:287:5
    |
287 |     pub optimization_opportunities: Vec<OptimizationOpportunity>,
    |     ^^^^^^^^^^^^^^^^^^^^^^^^^^^^^^^^^^^^^^^^^^^^^^^^^^^^^^^^^^^^

warning: missing documentation for a struct field
   --> src/analysis/repository_intelligence.rs:288:5
    |
288 |     pub issues: Vec<PerformanceHotspot>, // Added for compatibility
    |     ^^^^^^^^^^^^^^^^^^^^^^^^^^^^^^^^^^^

warning: missing documentation for a struct field
   --> src/analysis/repository_intelligence.rs:294:5
    |
294 |     pub location: PathBuf,
    |     ^^^^^^^^^^^^^^^^^^^^^

warning: missing documentation for a struct field
   --> src/analysis/repository_intelligence.rs:295:5
    |
295 |     pub function: String,
    |     ^^^^^^^^^^^^^^^^^^^^

warning: missing documentation for a struct field
   --> src/analysis/repository_intelligence.rs:296:5
    |
296 |     pub issue_kind: PerformanceIssueKind,
    |     ^^^^^^^^^^^^^^^^^^^^^^^^^^^^^^^^^^^^

warning: missing documentation for a struct field
   --> src/analysis/repository_intelligence.rs:297:5
    |
297 |     pub impact: Impact,
    |     ^^^^^^^^^^^^^^^^^^

warning: missing documentation for a struct field
   --> src/analysis/repository_intelligence.rs:298:5
    |
298 |     pub description: String,
    |     ^^^^^^^^^^^^^^^^^^^^^^^

warning: missing documentation for a variant
   --> src/analysis/repository_intelligence.rs:304:5
    |
304 |     NestedLoop,
    |     ^^^^^^^^^^

warning: missing documentation for a variant
   --> src/analysis/repository_intelligence.rs:305:5
    |
305 |     UnboundedRecursion,
    |     ^^^^^^^^^^^^^^^^^^

warning: missing documentation for a variant
   --> src/analysis/repository_intelligence.rs:306:5
    |
306 |     SynchronousIO,
    |     ^^^^^^^^^^^^^

warning: missing documentation for a variant
   --> src/analysis/repository_intelligence.rs:307:5
    |
307 |     InefficientAlgorithm,
    |     ^^^^^^^^^^^^^^^^^^^^

warning: missing documentation for a variant
   --> src/analysis/repository_intelligence.rs:308:5
    |
308 |     MemoryLeak,
    |     ^^^^^^^^^^

warning: missing documentation for a variant
   --> src/analysis/repository_intelligence.rs:309:5
    |
309 |     ExcessiveAllocation,
    |     ^^^^^^^^^^^^^^^^^^^

warning: missing documentation for a variant
   --> src/analysis/repository_intelligence.rs:310:5
    |
310 |     Blocking,
    |     ^^^^^^^^

warning: missing documentation for a variant
   --> src/analysis/repository_intelligence.rs:311:5
    |
311 |     N1Query,
    |     ^^^^^^^

warning: missing documentation for a struct field
   --> src/analysis/repository_intelligence.rs:317:5
    |
317 |     pub component: String,
    |     ^^^^^^^^^^^^^^^^^^^^^

warning: missing documentation for a struct field
   --> src/analysis/repository_intelligence.rs:318:5
    |
318 |     pub kind: BottleneckKind,
    |     ^^^^^^^^^^^^^^^^^^^^^^^^

warning: missing documentation for a struct field
   --> src/analysis/repository_intelligence.rs:319:5
    |
319 |     pub severity: Severity,
    |     ^^^^^^^^^^^^^^^^^^^^^^

warning: missing documentation for a struct field
   --> src/analysis/repository_intelligence.rs:320:5
    |
320 |     pub affected_operations: Vec<String>,
    |     ^^^^^^^^^^^^^^^^^^^^^^^^^^^^^^^^^^^^

warning: missing documentation for a variant
   --> src/analysis/repository_intelligence.rs:326:5
    |
326 |     CPU,
    |     ^^^

warning: missing documentation for a variant
   --> src/analysis/repository_intelligence.rs:327:5
    |
327 |     Memory,
    |     ^^^^^^

warning: missing documentation for a variant
   --> src/analysis/repository_intelligence.rs:328:5
    |
328 |     IO,
    |     ^^

warning: missing documentation for a variant
   --> src/analysis/repository_intelligence.rs:329:5
    |
329 |     Network,
    |     ^^^^^^^

warning: missing documentation for a variant
   --> src/analysis/repository_intelligence.rs:330:5
    |
330 |     Database,
    |     ^^^^^^^^

warning: missing documentation for a variant
   --> src/analysis/repository_intelligence.rs:331:5
    |
331 |     Synchronization,
    |     ^^^^^^^^^^^^^^^

warning: missing documentation for a struct field
   --> src/analysis/repository_intelligence.rs:337:5
    |
337 |     pub location: PathBuf,
    |     ^^^^^^^^^^^^^^^^^^^^^

warning: missing documentation for a struct field
   --> src/analysis/repository_intelligence.rs:338:5
    |
338 |     pub kind: OptimizationKind,
    |     ^^^^^^^^^^^^^^^^^^^^^^^^^^

warning: missing documentation for a struct field
   --> src/analysis/repository_intelligence.rs:339:5
    |
339 |     pub estimated_improvement: f32,
    |     ^^^^^^^^^^^^^^^^^^^^^^^^^^^^^^

warning: missing documentation for a struct field
   --> src/analysis/repository_intelligence.rs:340:5
    |
340 |     pub effort: Effort,
    |     ^^^^^^^^^^^^^^^^^^

warning: missing documentation for a struct field
   --> src/analysis/repository_intelligence.rs:341:5
    |
341 |     pub description: String,
    |     ^^^^^^^^^^^^^^^^^^^^^^^

warning: missing documentation for a variant
   --> src/analysis/repository_intelligence.rs:347:5
    |
347 |     Caching,
    |     ^^^^^^^

warning: missing documentation for a variant
   --> src/analysis/repository_intelligence.rs:348:5
    |
348 |     Parallelization,
    |     ^^^^^^^^^^^^^^^

warning: missing documentation for a variant
   --> src/analysis/repository_intelligence.rs:349:5
    |
349 |     AlgorithmImprovement,
    |     ^^^^^^^^^^^^^^^^^^^^

warning: missing documentation for a variant
   --> src/analysis/repository_intelligence.rs:350:5
    |
350 |     DataStructureOptimization,
    |     ^^^^^^^^^^^^^^^^^^^^^^^^^

warning: missing documentation for a variant
   --> src/analysis/repository_intelligence.rs:351:5
    |
351 |     LazyLoading,
    |     ^^^^^^^^^^^

warning: missing documentation for a variant
   --> src/analysis/repository_intelligence.rs:352:5
    |
352 |     Batching,
    |     ^^^^^^^^

warning: missing documentation for a variant
   --> src/analysis/repository_intelligence.rs:353:5
    |
353 |     IndexAddition,
    |     ^^^^^^^^^^^^^

warning: missing documentation for a struct field
   --> src/analysis/repository_intelligence.rs:359:5
    |
359 |     pub total_debt_hours: f32,
    |     ^^^^^^^^^^^^^^^^^^^^^^^^^

warning: missing documentation for a struct field
   --> src/analysis/repository_intelligence.rs:360:5
    |
360 |     pub debt_ratio: f32,
    |     ^^^^^^^^^^^^^^^^^^^

warning: missing documentation for a struct field
   --> src/analysis/repository_intelligence.rs:361:5
    |
361 |     pub estimated_cost: f32,
    |     ^^^^^^^^^^^^^^^^^^^^^^^

warning: missing documentation for a struct field
   --> src/analysis/repository_intelligence.rs:362:5
    |
362 |     pub items: Vec<TechnicalDebtItem>,
    |     ^^^^^^^^^^^^^^^^^^^^^^^^^^^^^^^^^

warning: missing documentation for a struct field
   --> src/analysis/repository_intelligence.rs:363:5
    |
363 |     pub debt_by_category: HashMap<String, f32>,
    |     ^^^^^^^^^^^^^^^^^^^^^^^^^^^^^^^^^^^^^^^^^^

warning: missing documentation for a struct field
   --> src/analysis/repository_intelligence.rs:364:5
    |
364 |     pub payment_plan: Vec<DebtPaymentTask>,
    |     ^^^^^^^^^^^^^^^^^^^^^^^^^^^^^^^^^^^^^^

warning: missing documentation for a struct field
   --> src/analysis/repository_intelligence.rs:365:5
    |
365 |     pub total_hours: f32, // Added for compatibility (alias for total_debt_hours)
    |     ^^^^^^^^^^^^^^^^^^^^

warning: missing documentation for a struct field
   --> src/analysis/repository_intelligence.rs:371:5
    |
371 |     pub kind: TechnicalDebtKind,
    |     ^^^^^^^^^^^^^^^^^^^^^^^^^^^

warning: missing documentation for a struct field
   --> src/analysis/repository_intelligence.rs:372:5
    |
372 |     pub location: PathBuf,
    |     ^^^^^^^^^^^^^^^^^^^^^

warning: missing documentation for a struct field
   --> src/analysis/repository_intelligence.rs:373:5
    |
373 |     pub principal: f32, // hours
    |     ^^^^^^^^^^^^^^^^^^

warning: missing documentation for a struct field
   --> src/analysis/repository_intelligence.rs:374:5
    |
374 |     pub interest: f32,  // hours/month
    |     ^^^^^^^^^^^^^^^^^

warning: missing documentation for a struct field
   --> src/analysis/repository_intelligence.rs:375:5
    |
375 |     pub description: String,
    |     ^^^^^^^^^^^^^^^^^^^^^^^

warning: missing documentation for a struct field
   --> src/analysis/repository_intelligence.rs:376:5
    |
376 |     pub created_date: Option<String>,
    |     ^^^^^^^^^^^^^^^^^^^^^^^^^^^^^^^^

warning: missing documentation for a variant
   --> src/analysis/repository_intelligence.rs:382:5
    |
382 |     CodeDuplication,
    |     ^^^^^^^^^^^^^^^

warning: missing documentation for a variant
   --> src/analysis/repository_intelligence.rs:383:5
    |
383 |     MissingTests,
    |     ^^^^^^^^^^^^

warning: missing documentation for a variant
   --> src/analysis/repository_intelligence.rs:384:5
    |
384 |     OutdatedDependencies,
    |     ^^^^^^^^^^^^^^^^^^^^

warning: missing documentation for a variant
   --> src/analysis/repository_intelligence.rs:385:5
    |
385 |     PoorArchitecture,
    |     ^^^^^^^^^^^^^^^^

warning: missing documentation for a variant
   --> src/analysis/repository_intelligence.rs:386:5
    |
386 |     MissingDocumentation,
    |     ^^^^^^^^^^^^^^^^^^^^

warning: missing documentation for a variant
   --> src/analysis/repository_intelligence.rs:387:5
    |
387 |     Workarounds,
    |     ^^^^^^^^^^^

warning: missing documentation for a variant
   --> src/analysis/repository_intelligence.rs:388:5
    |
388 |     LegacyCode,
    |     ^^^^^^^^^^

warning: missing documentation for a variant
   --> src/analysis/repository_intelligence.rs:389:5
    |
389 |     InconsistentNaming,
    |     ^^^^^^^^^^^^^^^^^^

warning: missing documentation for a struct field
   --> src/analysis/repository_intelligence.rs:395:5
    |
395 |     pub priority: Priority,
    |     ^^^^^^^^^^^^^^^^^^^^^^

warning: missing documentation for a struct field
   --> src/analysis/repository_intelligence.rs:396:5
    |
396 |     pub items: Vec<TechnicalDebtItem>,
    |     ^^^^^^^^^^^^^^^^^^^^^^^^^^^^^^^^^

warning: missing documentation for a struct field
   --> src/analysis/repository_intelligence.rs:397:5
    |
397 |     pub estimated_hours: f32,
    |     ^^^^^^^^^^^^^^^^^^^^^^^^

warning: missing documentation for a struct field
   --> src/analysis/repository_intelligence.rs:398:5
    |
398 |     pub roi: f32,
    |     ^^^^^^^^^^^^

warning: missing documentation for a struct field
   --> src/analysis/repository_intelligence.rs:399:5
    |
399 |     pub dependencies: Vec<String>,
    |     ^^^^^^^^^^^^^^^^^^^^^^^^^^^^^

warning: missing documentation for a struct field
   --> src/analysis/repository_intelligence.rs:405:5
    |
405 |     pub category: RecommendationCategory,
    |     ^^^^^^^^^^^^^^^^^^^^^^^^^^^^^^^^^^^^

warning: missing documentation for a struct field
   --> src/analysis/repository_intelligence.rs:406:5
    |
406 |     pub priority: Priority,
    |     ^^^^^^^^^^^^^^^^^^^^^^

warning: missing documentation for a struct field
   --> src/analysis/repository_intelligence.rs:407:5
    |
407 |     pub title: String,
    |     ^^^^^^^^^^^^^^^^^

warning: missing documentation for a struct field
   --> src/analysis/repository_intelligence.rs:408:5
    |
408 |     pub description: String,
    |     ^^^^^^^^^^^^^^^^^^^^^^^

warning: missing documentation for a struct field
   --> src/analysis/repository_intelligence.rs:409:5
    |
409 |     pub impact: Impact,
    |     ^^^^^^^^^^^^^^^^^^

warning: missing documentation for a struct field
   --> src/analysis/repository_intelligence.rs:410:5
    |
410 |     pub effort: Effort,
    |     ^^^^^^^^^^^^^^^^^^

warning: missing documentation for a struct field
   --> src/analysis/repository_intelligence.rs:411:5
    |
411 |     pub specific_actions: Vec<String>,
    |     ^^^^^^^^^^^^^^^^^^^^^^^^^^^^^^^^^

warning: missing documentation for a variant
   --> src/analysis/repository_intelligence.rs:417:5
    |
417 |     Architecture,
    |     ^^^^^^^^^^^^

warning: missing documentation for a variant
   --> src/analysis/repository_intelligence.rs:418:5
    |
418 |     Quality,
    |     ^^^^^^^

warning: missing documentation for a variant
   --> src/analysis/repository_intelligence.rs:419:5
    |
419 |     Security,
    |     ^^^^^^^^

warning: missing documentation for a variant
   --> src/analysis/repository_intelligence.rs:420:5
    |
420 |     Performance,
    |     ^^^^^^^^^^^

warning: missing documentation for a variant
   --> src/analysis/repository_intelligence.rs:421:5
    |
421 |     Maintainability,
    |     ^^^^^^^^^^^^^^^

warning: missing documentation for a variant
   --> src/analysis/repository_intelligence.rs:422:5
    |
422 |     Testing,
    |     ^^^^^^^

warning: missing documentation for a variant
   --> src/analysis/repository_intelligence.rs:423:5
    |
423 |     Documentation,
    |     ^^^^^^^^^^^^^

warning: missing documentation for a variant
   --> src/analysis/repository_intelligence.rs:429:5
    |
429 |     Low,
    |     ^^^

warning: missing documentation for a variant
   --> src/analysis/repository_intelligence.rs:430:5
    |
430 |     Medium,
    |     ^^^^^^

warning: missing documentation for a variant
   --> src/analysis/repository_intelligence.rs:431:5
    |
431 |     High,
    |     ^^^^

warning: missing documentation for a variant
   --> src/analysis/repository_intelligence.rs:432:5
    |
432 |     Critical,
    |     ^^^^^^^^

warning: missing documentation for a variant
   --> src/analysis/repository_intelligence.rs:438:5
    |
438 |     Low,
    |     ^^^

warning: missing documentation for a variant
   --> src/analysis/repository_intelligence.rs:439:5
    |
439 |     Medium,
    |     ^^^^^^

warning: missing documentation for a variant
   --> src/analysis/repository_intelligence.rs:440:5
    |
440 |     High,
    |     ^^^^

warning: missing documentation for a variant
   --> src/analysis/repository_intelligence.rs:441:5
    |
441 |     Urgent,
    |     ^^^^^^

warning: missing documentation for a variant
   --> src/analysis/repository_intelligence.rs:447:5
    |
447 |     Minimal,
    |     ^^^^^^^

warning: missing documentation for a variant
   --> src/analysis/repository_intelligence.rs:448:5
    |
448 |     Moderate,
    |     ^^^^^^^^

warning: missing documentation for a variant
   --> src/analysis/repository_intelligence.rs:449:5
    |
449 |     Significant,
    |     ^^^^^^^^^^^

warning: missing documentation for a variant
   --> src/analysis/repository_intelligence.rs:450:5
    |
450 |     Major,
    |     ^^^^^

warning: missing documentation for a variant
   --> src/analysis/repository_intelligence.rs:456:5
    |
456 |     Trivial,
    |     ^^^^^^^

warning: missing documentation for a variant
   --> src/analysis/repository_intelligence.rs:457:5
    |
457 |     Small,
    |     ^^^^^

warning: missing documentation for a variant
   --> src/analysis/repository_intelligence.rs:458:5
    |
458 |     Medium,
    |     ^^^^^^

warning: missing documentation for a variant
   --> src/analysis/repository_intelligence.rs:459:5
    |
459 |     Large,
    |     ^^^^^

warning: missing documentation for a variant
   --> src/analysis/repository_intelligence.rs:460:5
    |
460 |     Massive,
    |     ^^^^^^^

warning: missing documentation for a method
   --> src/analysis/repository_intelligence.rs:465:5
    |
465 | /     fn detect(
466 | |         &self,
467 | |         symbols: &[SymbolEntry],
468 | |         dependencies: &DependencyAnalysis,
469 | |     ) -> Option<(ArchitecturePattern, f32)>;
    | |____________________________________________^

warning: missing documentation for a method
   --> src/analysis/repository_intelligence.rs:474:5
    |
474 |     fn assess(&self, symbols: &[SymbolEntry], metrics: &CodeMetrics) -> Vec<QualityIssue>;
    |     ^^^^^^^^^^^^^^^^^^^^^^^^^^^^^^^^^^^^^^^^^^^^^^^^^^^^^^^^^^^^^^^^^^^^^^^^^^^^^^^^^^^^^^

warning: missing documentation for a method
   --> src/analysis/repository_intelligence.rs:479:5
    |
479 |     fn scan(&self, content: &str, path: &Path) -> Vec<SecurityVulnerability>;
    |     ^^^^^^^^^^^^^^^^^^^^^^^^^^^^^^^^^^^^^^^^^^^^^^^^^^^^^^^^^^^^^^^^^^^^^^^^^

warning: missing documentation for a variant
  --> src/analysis/symbol_index.rs:88:5
   |
88 |     Call,
   |     ^^^^

warning: missing documentation for a variant
  --> src/analysis/symbol_index.rs:89:5
   |
89 |     Import,
   |     ^^^^^^

warning: missing documentation for a variant
  --> src/analysis/symbol_index.rs:90:5
   |
90 |     Inherit,
   |     ^^^^^^^

warning: missing documentation for a variant
  --> src/analysis/symbol_index.rs:91:5
   |
91 |     Implement,
   |     ^^^^^^^^^

warning: missing documentation for a variant
  --> src/analysis/symbol_index.rs:92:5
   |
92 |     Instantiate,
   |     ^^^^^^^^^^^

warning: missing documentation for a variant
  --> src/analysis/symbol_index.rs:93:5
   |
93 |     Reference,
   |     ^^^^^^^^^

warning: missing documentation for a variant
  --> src/analysis/symbol_index.rs:94:5
   |
94 |     TypeUse,
   |     ^^^^^^^

warning: missing documentation for a struct field
   --> src/analysis/symbol_index.rs:122:5
    |
122 |     pub total_symbols: usize,
    |     ^^^^^^^^^^^^^^^^^^^^^^^^

warning: missing documentation for a struct field
   --> src/analysis/symbol_index.rs:123:5
    |
123 |     pub total_references: usize,
    |     ^^^^^^^^^^^^^^^^^^^^^^^^^^^

warning: missing documentation for a struct field
   --> src/analysis/symbol_index.rs:124:5
    |
124 |     pub files_indexed: usize,
    |     ^^^^^^^^^^^^^^^^^^^^^^^^

warning: missing documentation for a struct field
   --> src/analysis/symbol_index.rs:125:5
    |
125 |     pub index_time_ms: f64,
    |     ^^^^^^^^^^^^^^^^^^^^^^

warning: missing documentation for a struct field
   --> src/analysis/symbol_index.rs:126:5
    |
126 |     pub symbols_by_kind: HashMap<String, usize>,
    |     ^^^^^^^^^^^^^^^^^^^^^^^^^^^^^^^^^^^^^^^^^^^

warning: missing documentation for a struct field
   --> src/analysis/symbol_index.rs:127:5
    |
127 |     pub cyclic_dependencies: Vec<Vec<String>>,
    |     ^^^^^^^^^^^^^^^^^^^^^^^^^^^^^^^^^^^^^^^^^

warning: missing documentation for a struct field
   --> src/analysis/symbol_index.rs:848:5
    |
848 |     pub symbol_id: String,
    |     ^^^^^^^^^^^^^^^^^^^^^

warning: missing documentation for a struct field
   --> src/analysis/symbol_index.rs:849:5
    |
849 |     pub calls: Vec<String>,
    |     ^^^^^^^^^^^^^^^^^^^^^^

warning: missing documentation for a struct field
   --> src/analysis/symbol_index.rs:850:5
    |
850 |     pub called_by: Vec<String>,
    |     ^^^^^^^^^^^^^^^^^^^^^^^^^^

warning: missing documentation for a variant
  --> src/analysis/syntax_highlighter.rs:49:5
   |
49 |     Red,
   |     ^^^

warning: missing documentation for a variant
  --> src/analysis/syntax_highlighter.rs:50:5
   |
50 |     Green,
   |     ^^^^^

warning: missing documentation for a variant
  --> src/analysis/syntax_highlighter.rs:51:5
   |
51 |     Yellow,
   |     ^^^^^^

warning: missing documentation for a variant
  --> src/analysis/syntax_highlighter.rs:52:5
   |
52 |     Blue,
   |     ^^^^

warning: missing documentation for a variant
  --> src/analysis/syntax_highlighter.rs:53:5
   |
53 |     Magenta,
   |     ^^^^^^^

warning: missing documentation for a variant
  --> src/analysis/syntax_highlighter.rs:54:5
   |
54 |     Cyan,
   |     ^^^^

warning: missing documentation for a variant
  --> src/analysis/syntax_highlighter.rs:55:5
   |
55 |     White,
   |     ^^^^^

warning: missing documentation for a variant
  --> src/analysis/syntax_highlighter.rs:56:5
   |
56 |     BrightBlack,
   |     ^^^^^^^^^^^

warning: missing documentation for a variant
  --> src/analysis/syntax_highlighter.rs:57:5
   |
57 |     BrightRed,
   |     ^^^^^^^^^

warning: missing documentation for a variant
  --> src/analysis/syntax_highlighter.rs:58:5
   |
58 |     BrightGreen,
   |     ^^^^^^^^^^^

warning: missing documentation for a variant
  --> src/analysis/syntax_highlighter.rs:59:5
   |
59 |     BrightYellow,
   |     ^^^^^^^^^^^^

warning: missing documentation for a variant
  --> src/analysis/syntax_highlighter.rs:60:5
   |
60 |     BrightBlue,
   |     ^^^^^^^^^^

warning: missing documentation for a variant
  --> src/analysis/syntax_highlighter.rs:61:5
   |
61 |     BrightMagenta,
   |     ^^^^^^^^^^^^^

warning: missing documentation for a variant
  --> src/analysis/syntax_highlighter.rs:62:5
   |
62 |     BrightCyan,
   |     ^^^^^^^^^^

warning: missing documentation for a variant
  --> src/analysis/syntax_highlighter.rs:63:5
   |
63 |     BrightWhite,
   |     ^^^^^^^^^^^

warning: missing documentation for a struct field
  --> src/analysis/syntax_highlighter.rs:73:5
   |
73 |     pub bold: bool,
   |     ^^^^^^^^^^^^^^

warning: missing documentation for a struct field
  --> src/analysis/syntax_highlighter.rs:74:5
   |
74 |     pub italic: bool,
   |     ^^^^^^^^^^^^^^^^

warning: missing documentation for a struct field
  --> src/analysis/syntax_highlighter.rs:75:5
   |
75 |     pub underline: bool,
   |     ^^^^^^^^^^^^^^^^^^^

warning: missing documentation for a struct field
  --> src/analysis/syntax_highlighter.rs:76:5
   |
76 |     pub strikethrough: bool,
   |     ^^^^^^^^^^^^^^^^^^^^^^^

warning: missing documentation for a variant
  --> src/analysis/syntax_highlighter.rs:82:5
   |
82 |     Dark,
   |     ^^^^

warning: missing documentation for a variant
  --> src/analysis/syntax_highlighter.rs:83:5
   |
83 |     Light,
   |     ^^^^^

warning: missing documentation for a struct field
   --> src/analysis/syntax_highlighter.rs:183:5
    |
183 |     pub start: Position,
    |     ^^^^^^^^^^^^^^^^^^^

warning: missing documentation for a struct field
   --> src/analysis/syntax_highlighter.rs:184:5
    |
184 |     pub end: Position,
    |     ^^^^^^^^^^^^^^^^^

warning: missing documentation for a struct field
   --> src/analysis/syntax_highlighter.rs:185:5
    |
185 |     pub color: TerminalColor,
    |     ^^^^^^^^^^^^^^^^^^^^^^^^

warning: missing documentation for a method
   --> src/analysis/syntax_highlighter.rs:477:5
    |
477 |     pub fn to_ansi_fg(&self) -> String {
    |     ^^^^^^^^^^^^^^^^^^^^^^^^^^^^^^^^^^

warning: missing documentation for a method
   --> src/analysis/syntax_highlighter.rs:500:5
    |
500 |     pub fn to_ansi_bg(&self) -> String {
    |     ^^^^^^^^^^^^^^^^^^^^^^^^^^^^^^^^^^

warning: missing documentation for a method
   --> src/analysis/syntax_highlighter.rs:525:5
    |
525 |     pub fn to_ansi(&self) -> String {
    |     ^^^^^^^^^^^^^^^^^^^^^^^^^^^^^^^

warning: missing documentation for a method
   --> src/analysis/syntax_highlighter.rs:550:5
    |
550 |     pub fn to_ansi(&self) -> String {
    |     ^^^^^^^^^^^^^^^^^^^^^^^^^^^^^^^

warning: missing documentation for a variant
  --> src/analytics/alerts.rs:21:5
   |
21 |     Info,
   |     ^^^^

warning: missing documentation for a variant
  --> src/analytics/alerts.rs:22:5
   |
22 |     Warning,
   |     ^^^^^^^

warning: missing documentation for a variant
  --> src/analytics/alerts.rs:23:5
   |
23 |     Critical,
   |     ^^^^^^^^

warning: missing documentation for a variant
  --> src/analytics/alerts.rs:24:5
   |
24 |     Emergency,
   |     ^^^^^^^^^

warning: missing documentation for a variant
  --> src/analytics/alerts.rs:30:5
   |
30 |     CostThreshold,
   |     ^^^^^^^^^^^^^

warning: missing documentation for a variant
  --> src/analytics/alerts.rs:31:5
   |
31 |     BudgetExceeded,
   |     ^^^^^^^^^^^^^^

warning: missing documentation for a variant
  --> src/analytics/alerts.rs:32:5
   |
32 |     PerformanceDegradation,
   |     ^^^^^^^^^^^^^^^^^^^^^^

warning: missing documentation for a variant
  --> src/analytics/alerts.rs:33:5
   |
33 |     AnomalyDetected,
   |     ^^^^^^^^^^^^^^^

warning: missing documentation for a variant
  --> src/analytics/alerts.rs:34:5
   |
34 |     ModelError,
   |     ^^^^^^^^^^

warning: missing documentation for a variant
  --> src/analytics/alerts.rs:35:5
   |
35 |     SystemHealth,
   |     ^^^^^^^^^^^^

warning: missing documentation for a variant
  --> src/analytics/alerts.rs:36:5
   |
36 |     Custom,
   |     ^^^^^^

warning: missing documentation for a variant
  --> src/analytics/alerts.rs:42:5
   |
42 |     GreaterThan,
   |     ^^^^^^^^^^^

warning: missing documentation for a variant
  --> src/analytics/alerts.rs:43:5
   |
43 |     LessThan,
   |     ^^^^^^^^

warning: missing documentation for a variant
  --> src/analytics/alerts.rs:44:5
   |
44 |     GreaterThanOrEqual,
   |     ^^^^^^^^^^^^^^^^^^

warning: missing documentation for a variant
  --> src/analytics/alerts.rs:45:5
   |
45 |     LessThanOrEqual,
   |     ^^^^^^^^^^^^^^^

warning: missing documentation for a variant
  --> src/analytics/alerts.rs:46:5
   |
46 |     Equal,
   |     ^^^^^

warning: missing documentation for a variant
  --> src/analytics/alerts.rs:47:5
   |
47 |     NotEqual,
   |     ^^^^^^^^

warning: missing documentation for a variant
  --> src/analytics/alerts.rs:48:5
   |
48 |     Contains,
   |     ^^^^^^^^

warning: missing documentation for a variant
  --> src/analytics/alerts.rs:49:5
   |
49 |     NotContains,
   |     ^^^^^^^^^^^

warning: missing documentation for a struct field
  --> src/analytics/alerts.rs:55:5
   |
55 |     pub metric: String,
   |     ^^^^^^^^^^^^^^^^^^

warning: missing documentation for a struct field
  --> src/analytics/alerts.rs:56:5
   |
56 |     pub operator: ConditionOperator,
   |     ^^^^^^^^^^^^^^^^^^^^^^^^^^^^^^^

warning: missing documentation for a struct field
  --> src/analytics/alerts.rs:57:5
   |
57 |     pub threshold: f64,
   |     ^^^^^^^^^^^^^^^^^^

warning: missing documentation for a struct field
  --> src/analytics/alerts.rs:58:5
   |
58 |     pub duration: Option<Duration>,
   |     ^^^^^^^^^^^^^^^^^^^^^^^^^^^^^^

warning: missing documentation for a struct field
  --> src/analytics/alerts.rs:59:5
   |
59 |     pub aggregation: Option<AggregationType>,
   |     ^^^^^^^^^^^^^^^^^^^^^^^^^^^^^^^^^^^^^^^^

warning: missing documentation for a variant
  --> src/analytics/alerts.rs:65:5
   |
65 |     Average,
   |     ^^^^^^^

warning: missing documentation for a variant
  --> src/analytics/alerts.rs:66:5
   |
66 |     Sum,
   |     ^^^

warning: missing documentation for a variant
  --> src/analytics/alerts.rs:67:5
   |
67 |     Min,
   |     ^^^

warning: missing documentation for a variant
  --> src/analytics/alerts.rs:68:5
   |
68 |     Max,
   |     ^^^

warning: missing documentation for a variant
  --> src/analytics/alerts.rs:69:5
   |
69 |     Count,
   |     ^^^^^

warning: missing documentation for a variant
  --> src/analytics/alerts.rs:70:5
   |
70 |     Rate,
   |     ^^^^

warning: missing documentation for a struct field
  --> src/analytics/alerts.rs:76:5
   |
76 |     pub id: String,
   |     ^^^^^^^^^^^^^^

warning: missing documentation for a struct field
  --> src/analytics/alerts.rs:77:5
   |
77 |     pub name: String,
   |     ^^^^^^^^^^^^^^^^

warning: missing documentation for a struct field
  --> src/analytics/alerts.rs:78:5
   |
78 |     pub description: String,
   |     ^^^^^^^^^^^^^^^^^^^^^^^

warning: missing documentation for a struct field
  --> src/analytics/alerts.rs:79:5
   |
79 |     pub alert_type: AlertType,
   |     ^^^^^^^^^^^^^^^^^^^^^^^^^

warning: missing documentation for a struct field
  --> src/analytics/alerts.rs:80:5
   |
80 |     pub severity: AlertSeverity,
   |     ^^^^^^^^^^^^^^^^^^^^^^^^^^^

warning: missing documentation for a struct field
  --> src/analytics/alerts.rs:81:5
   |
81 |     pub conditions: Vec<AlertCondition>,
   |     ^^^^^^^^^^^^^^^^^^^^^^^^^^^^^^^^^^^

warning: missing documentation for a struct field
  --> src/analytics/alerts.rs:82:5
   |
82 |     pub condition_logic: ConditionLogic,
   |     ^^^^^^^^^^^^^^^^^^^^^^^^^^^^^^^^^^^

warning: missing documentation for a struct field
  --> src/analytics/alerts.rs:83:5
   |
83 |     pub cooldown: Duration,
   |     ^^^^^^^^^^^^^^^^^^^^^^

warning: missing documentation for a struct field
  --> src/analytics/alerts.rs:84:5
   |
84 |     pub enabled: bool,
   |     ^^^^^^^^^^^^^^^^^

warning: missing documentation for a struct field
  --> src/analytics/alerts.rs:85:5
   |
85 |     pub channels: Vec<NotificationChannel>,
   |     ^^^^^^^^^^^^^^^^^^^^^^^^^^^^^^^^^^^^^^

warning: missing documentation for a struct field
  --> src/analytics/alerts.rs:86:5
   |
86 |     pub metadata: HashMap<String, String>,
   |     ^^^^^^^^^^^^^^^^^^^^^^^^^^^^^^^^^^^^^

warning: missing documentation for a variant
  --> src/analytics/alerts.rs:92:5
   |
92 |     All, // AND
   |     ^^^

warning: missing documentation for a variant
  --> src/analytics/alerts.rs:93:5
   |
93 |     Any, // OR
   |     ^^^

warning: missing documentation for a variant
   --> src/analytics/alerts.rs:100:5
    |
100 |     Email {
    |     ^^^^^

warning: missing documentation for a struct field
   --> src/analytics/alerts.rs:101:9
    |
101 |         recipients: Vec<String>,
    |         ^^^^^^^^^^^^^^^^^^^^^^^

warning: missing documentation for a struct field
   --> src/analytics/alerts.rs:102:9
    |
102 |         template: Option<String>,
    |         ^^^^^^^^^^^^^^^^^^^^^^^^

warning: missing documentation for a variant
   --> src/analytics/alerts.rs:104:5
    |
104 |     Webhook {
    |     ^^^^^^^

warning: missing documentation for a struct field
   --> src/analytics/alerts.rs:105:9
    |
105 |         url: String,
    |         ^^^^^^^^^^^

warning: missing documentation for a struct field
   --> src/analytics/alerts.rs:106:9
    |
106 |         headers: HashMap<String, String>,
    |         ^^^^^^^^^^^^^^^^^^^^^^^^^^^^^^^^

warning: missing documentation for a struct field
   --> src/analytics/alerts.rs:107:9
    |
107 |         method: String,
    |         ^^^^^^^^^^^^^^

warning: missing documentation for a variant
   --> src/analytics/alerts.rs:109:5
    |
109 |     Slack {
    |     ^^^^^

warning: missing documentation for a struct field
   --> src/analytics/alerts.rs:110:9
    |
110 |         webhook_url: String,
    |         ^^^^^^^^^^^^^^^^^^^

warning: missing documentation for a struct field
   --> src/analytics/alerts.rs:111:9
    |
111 |         channel: Option<String>,
    |         ^^^^^^^^^^^^^^^^^^^^^^^

warning: missing documentation for a struct field
   --> src/analytics/alerts.rs:112:9
    |
112 |         mention: Option<String>,
    |         ^^^^^^^^^^^^^^^^^^^^^^^

warning: missing documentation for a variant
   --> src/analytics/alerts.rs:114:5
    |
114 |     Console {
    |     ^^^^^^^

warning: missing documentation for a struct field
   --> src/analytics/alerts.rs:115:9
    |
115 |         format: String,
    |         ^^^^^^^^^^^^^^

warning: missing documentation for a variant
   --> src/analytics/alerts.rs:117:5
    |
117 |     Custom {
    |     ^^^^^^

warning: missing documentation for a struct field
   --> src/analytics/alerts.rs:118:9
    |
118 |         handler: String,
    |         ^^^^^^^^^^^^^^^

warning: missing documentation for a struct field
   --> src/analytics/alerts.rs:119:9
    |
119 |         config: HashMap<String, String>,
    |         ^^^^^^^^^^^^^^^^^^^^^^^^^^^^^^^

warning: missing documentation for a struct field
   --> src/analytics/alerts.rs:126:5
    |
126 |     pub id: String,
    |     ^^^^^^^^^^^^^^

warning: missing documentation for a struct field
   --> src/analytics/alerts.rs:127:5
    |
127 |     pub rule_id: String,
    |     ^^^^^^^^^^^^^^^^^^^

warning: missing documentation for a struct field
   --> src/analytics/alerts.rs:128:5
    |
128 |     pub alert_type: AlertType,
    |     ^^^^^^^^^^^^^^^^^^^^^^^^^

warning: missing documentation for a struct field
   --> src/analytics/alerts.rs:129:5
    |
129 |     pub severity: AlertSeverity,
    |     ^^^^^^^^^^^^^^^^^^^^^^^^^^^

warning: missing documentation for a struct field
   --> src/analytics/alerts.rs:130:5
    |
130 |     pub title: String,
    |     ^^^^^^^^^^^^^^^^^

warning: missing documentation for a struct field
   --> src/analytics/alerts.rs:131:5
    |
131 |     pub message: String,
    |     ^^^^^^^^^^^^^^^^^^^

warning: missing documentation for a struct field
   --> src/analytics/alerts.rs:132:5
    |
132 |     pub triggered_at: DateTime<Utc>,
    |     ^^^^^^^^^^^^^^^^^^^^^^^^^^^^^^^

warning: missing documentation for a struct field
   --> src/analytics/alerts.rs:133:5
    |
133 |     pub resolved_at: Option<DateTime<Utc>>,
    |     ^^^^^^^^^^^^^^^^^^^^^^^^^^^^^^^^^^^^^^

warning: missing documentation for a struct field
   --> src/analytics/alerts.rs:134:5
    |
134 |     pub status: AlertStatus,
    |     ^^^^^^^^^^^^^^^^^^^^^^^

warning: missing documentation for a struct field
   --> src/analytics/alerts.rs:135:5
    |
135 |     pub metrics: HashMap<String, f64>,
    |     ^^^^^^^^^^^^^^^^^^^^^^^^^^^^^^^^^

warning: missing documentation for a struct field
   --> src/analytics/alerts.rs:136:5
    |
136 |     pub context: HashMap<String, String>,
    |     ^^^^^^^^^^^^^^^^^^^^^^^^^^^^^^^^^^^^

warning: missing documentation for a variant
   --> src/analytics/alerts.rs:142:5
    |
142 |     Active,
    |     ^^^^^^

warning: missing documentation for a variant
   --> src/analytics/alerts.rs:143:5
    |
143 |     Acknowledged,
    |     ^^^^^^^^^^^^

warning: missing documentation for a variant
   --> src/analytics/alerts.rs:144:5
    |
144 |     Resolved,
    |     ^^^^^^^^

warning: missing documentation for a variant
   --> src/analytics/alerts.rs:145:5
    |
145 |     Suppressed,
    |     ^^^^^^^^^^

warning: missing documentation for a struct field
   --> src/analytics/alerts.rs:151:5
    |
151 |     pub check_interval: Duration,
    |     ^^^^^^^^^^^^^^^^^^^^^^^^^^^^

warning: missing documentation for a struct field
   --> src/analytics/alerts.rs:152:5
    |
152 |     pub retention_period: Duration,
    |     ^^^^^^^^^^^^^^^^^^^^^^^^^^^^^^

warning: missing documentation for a struct field
   --> src/analytics/alerts.rs:153:5
    |
153 |     pub max_alerts_per_rule: usize,
    |     ^^^^^^^^^^^^^^^^^^^^^^^^^^^^^^

warning: missing documentation for a struct field
   --> src/analytics/alerts.rs:154:5
    |
154 |     pub global_cooldown: Duration,
    |     ^^^^^^^^^^^^^^^^^^^^^^^^^^^^^

warning: missing documentation for a struct field
   --> src/analytics/alerts.rs:155:5
    |
155 |     pub notification_timeout: Duration,
    |     ^^^^^^^^^^^^^^^^^^^^^^^^^^^^^^^^^^

warning: missing documentation for a struct field
   --> src/analytics/alerts.rs:156:5
    |
156 |     pub batch_notifications: bool,
    |     ^^^^^^^^^^^^^^^^^^^^^^^^^^^^^

warning: missing documentation for a struct field
   --> src/analytics/alerts.rs:157:5
    |
157 |     pub batch_window: Duration,
    |     ^^^^^^^^^^^^^^^^^^^^^^^^^^

warning: missing documentation for a struct field
   --> src/analytics/alerts.rs:767:5
    |
767 |     pub total_alerts: usize,
    |     ^^^^^^^^^^^^^^^^^^^^^^^

warning: missing documentation for a struct field
   --> src/analytics/alerts.rs:768:5
    |
768 |     pub active_alerts: usize,
    |     ^^^^^^^^^^^^^^^^^^^^^^^^

warning: missing documentation for a struct field
   --> src/analytics/alerts.rs:769:5
    |
769 |     pub acknowledged_alerts: usize,
    |     ^^^^^^^^^^^^^^^^^^^^^^^^^^^^^^

warning: missing documentation for a struct field
   --> src/analytics/alerts.rs:770:5
    |
770 |     pub resolved_alerts: usize,
    |     ^^^^^^^^^^^^^^^^^^^^^^^^^^

warning: missing documentation for a struct field
   --> src/analytics/alerts.rs:771:5
    |
771 |     pub alerts_by_severity: HashMap<AlertSeverity, usize>,
    |     ^^^^^^^^^^^^^^^^^^^^^^^^^^^^^^^^^^^^^^^^^^^^^^^^^^^^^

warning: missing documentation for a struct field
   --> src/analytics/alerts.rs:772:5
    |
772 |     pub alerts_by_type: HashMap<AlertType, usize>,
    |     ^^^^^^^^^^^^^^^^^^^^^^^^^^^^^^^^^^^^^^^^^^^^^

warning: missing documentation for a struct field
   --> src/analytics/alerts.rs:773:5
    |
773 |     pub enabled_rules: usize,
    |     ^^^^^^^^^^^^^^^^^^^^^^^^

warning: missing documentation for a struct field
   --> src/analytics/alerts.rs:774:5
    |
774 |     pub total_rules: usize,
    |     ^^^^^^^^^^^^^^^^^^^^^^

warning: missing documentation for a struct field
  --> src/analytics/api.rs:22:5
   |
22 |     pub port: u16,
   |     ^^^^^^^^^^^^^

warning: missing documentation for a struct field
  --> src/analytics/api.rs:23:5
   |
23 |     pub host: String,
   |     ^^^^^^^^^^^^^^^^

warning: missing documentation for a struct field
  --> src/analytics/api.rs:24:5
   |
24 |     pub enable_cors: bool,
   |     ^^^^^^^^^^^^^^^^^^^^^

warning: missing documentation for a struct field
  --> src/analytics/api.rs:25:5
   |
25 |     pub rate_limit: RateLimitConfig,
   |     ^^^^^^^^^^^^^^^^^^^^^^^^^^^^^^^

warning: missing documentation for a struct field
  --> src/analytics/api.rs:26:5
   |
26 |     pub auth: AuthConfig,
   |     ^^^^^^^^^^^^^^^^^^^^

warning: missing documentation for a struct field
  --> src/analytics/api.rs:27:5
   |
27 |     pub ssl: Option<SslConfig>,
   |     ^^^^^^^^^^^^^^^^^^^^^^^^^^

warning: missing documentation for a struct field
  --> src/analytics/api.rs:33:5
   |
33 |     pub requests_per_minute: u32,
   |     ^^^^^^^^^^^^^^^^^^^^^^^^^^^^

warning: missing documentation for a struct field
  --> src/analytics/api.rs:34:5
   |
34 |     pub burst_size: u32,
   |     ^^^^^^^^^^^^^^^^^^^

warning: missing documentation for a struct field
  --> src/analytics/api.rs:35:5
   |
35 |     pub enable_quotas: bool,
   |     ^^^^^^^^^^^^^^^^^^^^^^^

warning: missing documentation for a struct field
  --> src/analytics/api.rs:36:5
   |
36 |     pub quota_reset_interval: Duration,
   |     ^^^^^^^^^^^^^^^^^^^^^^^^^^^^^^^^^^

warning: missing documentation for a struct field
  --> src/analytics/api.rs:42:5
   |
42 |     pub enable_api_keys: bool,
   |     ^^^^^^^^^^^^^^^^^^^^^^^^^

warning: missing documentation for a struct field
  --> src/analytics/api.rs:43:5
   |
43 |     pub enable_oauth2: bool,
   |     ^^^^^^^^^^^^^^^^^^^^^^^

warning: missing documentation for a struct field
  --> src/analytics/api.rs:44:5
   |
44 |     pub jwt_secret: String,
   |     ^^^^^^^^^^^^^^^^^^^^^^

warning: missing documentation for a struct field
  --> src/analytics/api.rs:45:5
   |
45 |     pub token_expiry: Duration,
   |     ^^^^^^^^^^^^^^^^^^^^^^^^^^

warning: missing documentation for a struct field
  --> src/analytics/api.rs:51:5
   |
51 |     pub cert_path: String,
   |     ^^^^^^^^^^^^^^^^^^^^^

warning: missing documentation for a struct field
  --> src/analytics/api.rs:52:5
   |
52 |     pub key_path: String,
   |     ^^^^^^^^^^^^^^^^^^^^

warning: missing documentation for a struct field
  --> src/analytics/api.rs:81:5
   |
81 |     pub id: String,
   |     ^^^^^^^^^^^^^^

warning: missing documentation for a struct field
  --> src/analytics/api.rs:82:5
   |
82 |     pub key: String,
   |     ^^^^^^^^^^^^^^^

warning: missing documentation for a struct field
  --> src/analytics/api.rs:83:5
   |
83 |     pub name: String,
   |     ^^^^^^^^^^^^^^^^

warning: missing documentation for a struct field
  --> src/analytics/api.rs:84:5
   |
84 |     pub created_at: DateTime<Utc>,
   |     ^^^^^^^^^^^^^^^^^^^^^^^^^^^^^

warning: missing documentation for a struct field
  --> src/analytics/api.rs:85:5
   |
85 |     pub expires_at: Option<DateTime<Utc>>,
   |     ^^^^^^^^^^^^^^^^^^^^^^^^^^^^^^^^^^^^^

warning: missing documentation for a struct field
  --> src/analytics/api.rs:86:5
   |
86 |     pub permissions: Vec<Permission>,
   |     ^^^^^^^^^^^^^^^^^^^^^^^^^^^^^^^^

warning: missing documentation for a struct field
  --> src/analytics/api.rs:87:5
   |
87 |     pub quota: ApiQuota,
   |     ^^^^^^^^^^^^^^^^^^^

warning: missing documentation for a struct field
  --> src/analytics/api.rs:88:5
   |
88 |     pub metadata: HashMap<String, String>,
   |     ^^^^^^^^^^^^^^^^^^^^^^^^^^^^^^^^^^^^^

warning: missing documentation for a variant
  --> src/analytics/api.rs:94:5
   |
94 |     ReadAnalytics,
   |     ^^^^^^^^^^^^^

warning: missing documentation for a variant
  --> src/analytics/api.rs:95:5
   |
95 |     WriteAnalytics,
   |     ^^^^^^^^^^^^^^

warning: missing documentation for a variant
  --> src/analytics/api.rs:96:5
   |
96 |     ManageDashboards,
   |     ^^^^^^^^^^^^^^^^

warning: missing documentation for a variant
  --> src/analytics/api.rs:97:5
   |
97 |     ManageAlerts,
   |     ^^^^^^^^^^^^

warning: missing documentation for a variant
  --> src/analytics/api.rs:98:5
   |
98 |     AdminAccess,
   |     ^^^^^^^^^^^

warning: missing documentation for a struct field
   --> src/analytics/api.rs:104:5
    |
104 |     pub requests_per_month: u64,
    |     ^^^^^^^^^^^^^^^^^^^^^^^^^^^

warning: missing documentation for a struct field
   --> src/analytics/api.rs:105:5
    |
105 |     pub used_requests: u64,
    |     ^^^^^^^^^^^^^^^^^^^^^^

warning: missing documentation for a struct field
   --> src/analytics/api.rs:106:5
    |
106 |     pub reset_at: DateTime<Utc>,
    |     ^^^^^^^^^^^^^^^^^^^^^^^^^^^

warning: missing documentation for a struct field
   --> src/analytics/api.rs:112:5
    |
112 |     pub success: bool,
    |     ^^^^^^^^^^^^^^^^^

warning: missing documentation for a struct field
   --> src/analytics/api.rs:113:5
    |
113 |     pub data: Option<T>,
    |     ^^^^^^^^^^^^^^^^^^^

warning: missing documentation for a struct field
   --> src/analytics/api.rs:114:5
    |
114 |     pub error: Option<ApiError>,
    |     ^^^^^^^^^^^^^^^^^^^^^^^^^^^

warning: missing documentation for a struct field
   --> src/analytics/api.rs:115:5
    |
115 |     pub metadata: ResponseMetadata,
    |     ^^^^^^^^^^^^^^^^^^^^^^^^^^^^^^

warning: missing documentation for a struct field
   --> src/analytics/api.rs:121:5
    |
121 |     pub code: String,
    |     ^^^^^^^^^^^^^^^^

warning: missing documentation for a struct field
   --> src/analytics/api.rs:122:5
    |
122 |     pub message: String,
    |     ^^^^^^^^^^^^^^^^^^^

warning: missing documentation for a struct field
   --> src/analytics/api.rs:123:5
    |
123 |     pub details: Option<HashMap<String, String>>,
    |     ^^^^^^^^^^^^^^^^^^^^^^^^^^^^^^^^^^^^^^^^^^^^

warning: missing documentation for a struct field
   --> src/analytics/api.rs:129:5
    |
129 |     pub request_id: String,
    |     ^^^^^^^^^^^^^^^^^^^^^^

warning: missing documentation for a struct field
   --> src/analytics/api.rs:130:5
    |
130 |     pub timestamp: DateTime<Utc>,
    |     ^^^^^^^^^^^^^^^^^^^^^^^^^^^^

warning: missing documentation for a struct field
   --> src/analytics/api.rs:131:5
    |
131 |     pub version: String,
    |     ^^^^^^^^^^^^^^^^^^^

warning: missing documentation for a struct field
   --> src/analytics/api.rs:132:5
    |
132 |     pub rate_limit: Option<RateLimitInfo>,
    |     ^^^^^^^^^^^^^^^^^^^^^^^^^^^^^^^^^^^^^

warning: missing documentation for a struct field
   --> src/analytics/api.rs:138:5
    |
138 |     pub limit: u32,
    |     ^^^^^^^^^^^^^^

warning: missing documentation for a struct field
   --> src/analytics/api.rs:139:5
    |
139 |     pub remaining: u32,
    |     ^^^^^^^^^^^^^^^^^^

warning: missing documentation for a struct field
   --> src/analytics/api.rs:140:5
    |
140 |     pub reset_at: DateTime<Utc>,
    |     ^^^^^^^^^^^^^^^^^^^^^^^^^^^

warning: missing documentation for a struct field
  --> src/analytics/builder.rs:22:5
   |
22 |     pub id: String,
   |     ^^^^^^^^^^^^^^

warning: missing documentation for a struct field
  --> src/analytics/builder.rs:23:5
   |
23 |     pub name: String,
   |     ^^^^^^^^^^^^^^^^

warning: missing documentation for a struct field
  --> src/analytics/builder.rs:24:5
   |
24 |     pub description: String,
   |     ^^^^^^^^^^^^^^^^^^^^^^^

warning: missing documentation for a struct field
  --> src/analytics/builder.rs:25:5
   |
25 |     pub layout: DashboardLayout,
   |     ^^^^^^^^^^^^^^^^^^^^^^^^^^^

warning: missing documentation for a struct field
  --> src/analytics/builder.rs:26:5
   |
26 |     pub widgets: Vec<Widget>,
   |     ^^^^^^^^^^^^^^^^^^^^^^^^

warning: missing documentation for a struct field
  --> src/analytics/builder.rs:27:5
   |
27 |     pub theme: DashboardTheme,
   |     ^^^^^^^^^^^^^^^^^^^^^^^^^

warning: missing documentation for a struct field
  --> src/analytics/builder.rs:28:5
   |
28 |     pub data_sources: Vec<DataSource>,
   |     ^^^^^^^^^^^^^^^^^^^^^^^^^^^^^^^^^

warning: missing documentation for a struct field
  --> src/analytics/builder.rs:29:5
   |
29 |     pub refresh_interval: u64, // seconds
   |     ^^^^^^^^^^^^^^^^^^^^^^^^^

warning: missing documentation for a struct field
  --> src/analytics/builder.rs:30:5
   |
30 |     pub filters: Vec<DashboardFilter>,
   |     ^^^^^^^^^^^^^^^^^^^^^^^^^^^^^^^^^

warning: missing documentation for a struct field
  --> src/analytics/builder.rs:31:5
   |
31 |     pub permissions: DashboardPermissions,
   |     ^^^^^^^^^^^^^^^^^^^^^^^^^^^^^^^^^^^^^

warning: missing documentation for a struct field
  --> src/analytics/builder.rs:32:5
   |
32 |     pub metadata: DashboardMetadata,
   |     ^^^^^^^^^^^^^^^^^^^^^^^^^^^^^^^

warning: missing documentation for a variant
  --> src/analytics/builder.rs:38:5
   |
38 |     Grid,
   |     ^^^^

warning: missing documentation for a variant
  --> src/analytics/builder.rs:39:5
   |
39 |     Flex,
   |     ^^^^

warning: missing documentation for a variant
  --> src/analytics/builder.rs:40:5
   |
40 |     Fixed,
   |     ^^^^^

warning: missing documentation for a variant
  --> src/analytics/builder.rs:41:5
   |
41 |     Responsive,
   |     ^^^^^^^^^^

warning: missing documentation for a struct field
  --> src/analytics/builder.rs:47:5
   |
47 |     pub id: String,
   |     ^^^^^^^^^^^^^^

warning: missing documentation for a struct field
  --> src/analytics/builder.rs:48:5
   |
48 |     pub type_: WidgetType,
   |     ^^^^^^^^^^^^^^^^^^^^^

warning: missing documentation for a struct field
  --> src/analytics/builder.rs:49:5
   |
49 |     pub title: String,
   |     ^^^^^^^^^^^^^^^^^

warning: missing documentation for a struct field
  --> src/analytics/builder.rs:50:5
   |
50 |     pub position: WidgetPosition,
   |     ^^^^^^^^^^^^^^^^^^^^^^^^^^^^

warning: missing documentation for a struct field
  --> src/analytics/builder.rs:51:5
   |
51 |     pub size: WidgetSize,
   |     ^^^^^^^^^^^^^^^^^^^^

warning: missing documentation for a struct field
  --> src/analytics/builder.rs:52:5
   |
52 |     pub data_binding: DataBinding,
   |     ^^^^^^^^^^^^^^^^^^^^^^^^^^^^^

warning: missing documentation for a struct field
  --> src/analytics/builder.rs:53:5
   |
53 |     pub visualization: VisualizationConfig,
   |     ^^^^^^^^^^^^^^^^^^^^^^^^^^^^^^^^^^^^^^

warning: missing documentation for a struct field
  --> src/analytics/builder.rs:54:5
   |
54 |     pub interactions: Vec<WidgetInteraction>,
   |     ^^^^^^^^^^^^^^^^^^^^^^^^^^^^^^^^^^^^^^^^

warning: missing documentation for a struct field
  --> src/analytics/builder.rs:55:5
   |
55 |     pub refresh_override: Option<u64>,
   |     ^^^^^^^^^^^^^^^^^^^^^^^^^^^^^^^^^

warning: missing documentation for a variant
  --> src/analytics/builder.rs:62:5
   |
62 |     Chart {
   |     ^^^^^

warning: missing documentation for a struct field
  --> src/analytics/builder.rs:63:9
   |
63 |         chart_type: ChartType,
   |         ^^^^^^^^^^^^^^^^^^^^^

warning: missing documentation for a struct field
  --> src/analytics/builder.rs:64:9
   |
64 |         options: ChartOptions,
   |         ^^^^^^^^^^^^^^^^^^^^^

warning: missing documentation for a variant
  --> src/analytics/builder.rs:66:5
   |
66 |     Metric {
   |     ^^^^^^

warning: missing documentation for a struct field
  --> src/analytics/builder.rs:67:9
   |
67 |         format: MetricFormat,
   |         ^^^^^^^^^^^^^^^^^^^^

warning: missing documentation for a struct field
  --> src/analytics/builder.rs:68:9
   |
68 |         comparison: Option<ComparisonConfig>,
   |         ^^^^^^^^^^^^^^^^^^^^^^^^^^^^^^^^^^^^

warning: missing documentation for a variant
  --> src/analytics/builder.rs:70:5
   |
70 |     Table {
   |     ^^^^^

warning: missing documentation for a struct field
  --> src/analytics/builder.rs:71:9
   |
71 |         columns: Vec<TableColumn>,
   |         ^^^^^^^^^^^^^^^^^^^^^^^^^

warning: missing documentation for a struct field
  --> src/analytics/builder.rs:72:9
   |
72 |         pagination: bool,
   |         ^^^^^^^^^^^^^^^^

warning: missing documentation for a struct field
  --> src/analytics/builder.rs:73:9
   |
73 |         sorting: bool,
   |         ^^^^^^^^^^^^^

warning: missing documentation for a variant
  --> src/analytics/builder.rs:75:5
   |
75 |     Text {
   |     ^^^^

warning: missing documentation for a struct field
  --> src/analytics/builder.rs:76:9
   |
76 |         markdown: bool,
   |         ^^^^^^^^^^^^^^

warning: missing documentation for a struct field
  --> src/analytics/builder.rs:77:9
   |
77 |         template: Option<String>,
   |         ^^^^^^^^^^^^^^^^^^^^^^^^

warning: missing documentation for a variant
  --> src/analytics/builder.rs:79:5
   |
79 |     Map {
   |     ^^^

warning: missing documentation for a struct field
  --> src/analytics/builder.rs:80:9
   |
80 |         map_type: MapType,
   |         ^^^^^^^^^^^^^^^^^

warning: missing documentation for a struct field
  --> src/analytics/builder.rs:81:9
   |
81 |         layers: Vec<MapLayer>,
   |         ^^^^^^^^^^^^^^^^^^^^^

warning: missing documentation for a variant
  --> src/analytics/builder.rs:83:5
   |
83 |     Timeline {
   |     ^^^^^^^^

warning: missing documentation for a struct field
  --> src/analytics/builder.rs:84:9
   |
84 |         event_source: String,
   |         ^^^^^^^^^^^^^^^^^^^^

warning: missing documentation for a struct field
  --> src/analytics/builder.rs:85:9
   |
85 |         grouping: Option<String>,
   |         ^^^^^^^^^^^^^^^^^^^^^^^^

warning: missing documentation for a variant
  --> src/analytics/builder.rs:87:5
   |
87 |     Custom {
   |     ^^^^^^

warning: missing documentation for a struct field
  --> src/analytics/builder.rs:88:9
   |
88 |         component: String,
   |         ^^^^^^^^^^^^^^^^^

warning: missing documentation for a struct field
  --> src/analytics/builder.rs:89:9
   |
89 |         props: HashMap<String, serde_json::Value>,
   |         ^^^^^^^^^^^^^^^^^^^^^^^^^^^^^^^^^^^^^^^^^

warning: missing documentation for a variant
  --> src/analytics/builder.rs:96:5
   |
96 |     Line,
   |     ^^^^

warning: missing documentation for a variant
  --> src/analytics/builder.rs:97:5
   |
97 |     Bar,
   |     ^^^

warning: missing documentation for a variant
  --> src/analytics/builder.rs:98:5
   |
98 |     Pie,
   |     ^^^

warning: missing documentation for a variant
  --> src/analytics/builder.rs:99:5
   |
99 |     Donut,
   |     ^^^^^

warning: missing documentation for a variant
   --> src/analytics/builder.rs:100:5
    |
100 |     Area,
    |     ^^^^

warning: missing documentation for a variant
   --> src/analytics/builder.rs:101:5
    |
101 |     Scatter,
    |     ^^^^^^^

warning: missing documentation for a variant
   --> src/analytics/builder.rs:102:5
    |
102 |     Bubble,
    |     ^^^^^^

warning: missing documentation for a variant
   --> src/analytics/builder.rs:103:5
    |
103 |     Radar,
    |     ^^^^^

warning: missing documentation for a variant
   --> src/analytics/builder.rs:104:5
    |
104 |     Heatmap,
    |     ^^^^^^^

warning: missing documentation for a variant
   --> src/analytics/builder.rs:105:5
    |
105 |     Treemap,
    |     ^^^^^^^

warning: missing documentation for a variant
   --> src/analytics/builder.rs:106:5
    |
106 |     Sankey,
    |     ^^^^^^

warning: missing documentation for a variant
   --> src/analytics/builder.rs:107:5
    |
107 |     Gauge,
    |     ^^^^^

warning: missing documentation for a variant
   --> src/analytics/builder.rs:108:5
    |
108 |     Funnel,
    |     ^^^^^^

warning: missing documentation for a struct field
   --> src/analytics/builder.rs:114:5
    |
114 |     pub stacked: bool,
    |     ^^^^^^^^^^^^^^^^^

warning: missing documentation for a struct field
   --> src/analytics/builder.rs:115:5
    |
115 |     pub show_legend: bool,
    |     ^^^^^^^^^^^^^^^^^^^^^

warning: missing documentation for a struct field
   --> src/analytics/builder.rs:116:5
    |
116 |     pub show_grid: bool,
    |     ^^^^^^^^^^^^^^^^^^^

warning: missing documentation for a struct field
   --> src/analytics/builder.rs:117:5
    |
117 |     pub animations: bool,
    |     ^^^^^^^^^^^^^^^^^^^^

warning: missing documentation for a struct field
   --> src/analytics/builder.rs:118:5
    |
118 |     pub tooltips: bool,
    |     ^^^^^^^^^^^^^^^^^^

warning: missing documentation for a struct field
   --> src/analytics/builder.rs:119:5
    |
119 |     pub zoom: bool,
    |     ^^^^^^^^^^^^^^

warning: missing documentation for a struct field
   --> src/analytics/builder.rs:120:5
    |
120 |     pub export: bool,
    |     ^^^^^^^^^^^^^^^^

warning: missing documentation for a struct field
   --> src/analytics/builder.rs:126:5
    |
126 |     pub value_format: String,
    |     ^^^^^^^^^^^^^^^^^^^^^^^^

warning: missing documentation for a struct field
   --> src/analytics/builder.rs:127:5
    |
127 |     pub prefix: Option<String>,
    |     ^^^^^^^^^^^^^^^^^^^^^^^^^^

warning: missing documentation for a struct field
   --> src/analytics/builder.rs:128:5
    |
128 |     pub suffix: Option<String>,
    |     ^^^^^^^^^^^^^^^^^^^^^^^^^^

warning: missing documentation for a struct field
   --> src/analytics/builder.rs:129:5
    |
129 |     pub decimal_places: u8,
    |     ^^^^^^^^^^^^^^^^^^^^^^

warning: missing documentation for a struct field
   --> src/analytics/builder.rs:130:5
    |
130 |     pub abbreviate: bool,
    |     ^^^^^^^^^^^^^^^^^^^^

warning: missing documentation for a struct field
   --> src/analytics/builder.rs:136:5
    |
136 |     pub comparison_type: ComparisonType,
    |     ^^^^^^^^^^^^^^^^^^^^^^^^^^^^^^^^^^^

warning: missing documentation for a struct field
   --> src/analytics/builder.rs:137:5
    |
137 |     pub show_change: bool,
    |     ^^^^^^^^^^^^^^^^^^^^^

warning: missing documentation for a struct field
   --> src/analytics/builder.rs:138:5
    |
138 |     pub show_trend: bool,
    |     ^^^^^^^^^^^^^^^^^^^^

warning: missing documentation for an enum
   --> src/analytics/builder.rs:142:1
    |
142 | pub enum ComparisonType {
    | ^^^^^^^^^^^^^^^^^^^^^^^

warning: missing documentation for a variant
   --> src/analytics/builder.rs:143:5
    |
143 |     PreviousPeriod,
    |     ^^^^^^^^^^^^^^

warning: missing documentation for a variant
   --> src/analytics/builder.rs:144:5
    |
144 |     YearOverYear,
    |     ^^^^^^^^^^^^

warning: missing documentation for a variant
   --> src/analytics/builder.rs:145:5
    |
145 |     Target,
    |     ^^^^^^

warning: missing documentation for a variant
   --> src/analytics/builder.rs:146:5
    |
146 |     Average,
    |     ^^^^^^^

warning: missing documentation for a struct field
   --> src/analytics/builder.rs:152:5
    |
152 |     pub id: String,
    |     ^^^^^^^^^^^^^^

warning: missing documentation for a struct field
   --> src/analytics/builder.rs:153:5
    |
153 |     pub label: String,
    |     ^^^^^^^^^^^^^^^^^

warning: missing documentation for a struct field
   --> src/analytics/builder.rs:154:5
    |
154 |     pub field: String,
    |     ^^^^^^^^^^^^^^^^^

warning: missing documentation for a struct field
   --> src/analytics/builder.rs:155:5
    |
155 |     pub type_: ColumnType,
    |     ^^^^^^^^^^^^^^^^^^^^^

warning: missing documentation for a struct field
   --> src/analytics/builder.rs:156:5
    |
156 |     pub format: Option<String>,
    |     ^^^^^^^^^^^^^^^^^^^^^^^^^^

warning: missing documentation for a struct field
   --> src/analytics/builder.rs:157:5
    |
157 |     pub width: Option<u32>,
    |     ^^^^^^^^^^^^^^^^^^^^^^

warning: missing documentation for a struct field
   --> src/analytics/builder.rs:158:5
    |
158 |     pub sortable: bool,
    |     ^^^^^^^^^^^^^^^^^^

warning: missing documentation for a struct field
   --> src/analytics/builder.rs:159:5
    |
159 |     pub filterable: bool,
    |     ^^^^^^^^^^^^^^^^^^^^

warning: missing documentation for an enum
   --> src/analytics/builder.rs:163:1
    |
163 | pub enum ColumnType {
    | ^^^^^^^^^^^^^^^^^^^

warning: missing documentation for a variant
   --> src/analytics/builder.rs:164:5
    |
164 |     Text,
    |     ^^^^

warning: missing documentation for a variant
   --> src/analytics/builder.rs:165:5
    |
165 |     Number,
    |     ^^^^^^

warning: missing documentation for a variant
   --> src/analytics/builder.rs:166:5
    |
166 |     Date,
    |     ^^^^

warning: missing documentation for a variant
   --> src/analytics/builder.rs:167:5
    |
167 |     Boolean,
    |     ^^^^^^^

warning: missing documentation for a variant
   --> src/analytics/builder.rs:168:5
    |
168 |     Link,
    |     ^^^^

warning: missing documentation for a variant
   --> src/analytics/builder.rs:169:5
    |
169 |     Badge,
    |     ^^^^^

warning: missing documentation for a variant
   --> src/analytics/builder.rs:170:5
    |
170 |     Progress,
    |     ^^^^^^^^

warning: missing documentation for a variant
   --> src/analytics/builder.rs:176:5
    |
176 |     World,
    |     ^^^^^

warning: missing documentation for a variant
   --> src/analytics/builder.rs:177:5
    |
177 |     Country,
    |     ^^^^^^^

warning: missing documentation for a variant
   --> src/analytics/builder.rs:178:5
    |
178 |     Region,
    |     ^^^^^^

warning: missing documentation for a variant
   --> src/analytics/builder.rs:179:5
    |
179 |     Custom,
    |     ^^^^^^

warning: missing documentation for a struct field
   --> src/analytics/builder.rs:185:5
    |
185 |     pub id: String,
    |     ^^^^^^^^^^^^^^

warning: missing documentation for a struct field
   --> src/analytics/builder.rs:186:5
    |
186 |     pub type_: LayerType,
    |     ^^^^^^^^^^^^^^^^^^^^

warning: missing documentation for a struct field
   --> src/analytics/builder.rs:187:5
    |
187 |     pub data_source: String,
    |     ^^^^^^^^^^^^^^^^^^^^^^^

warning: missing documentation for a struct field
   --> src/analytics/builder.rs:188:5
    |
188 |     pub style: LayerStyle,
    |     ^^^^^^^^^^^^^^^^^^^^^

warning: missing documentation for an enum
   --> src/analytics/builder.rs:192:1
    |
192 | pub enum LayerType {
    | ^^^^^^^^^^^^^^^^^^

warning: missing documentation for a variant
   --> src/analytics/builder.rs:193:5
    |
193 |     Points,
    |     ^^^^^^

warning: missing documentation for a variant
   --> src/analytics/builder.rs:194:5
    |
194 |     Heatmap,
    |     ^^^^^^^

warning: missing documentation for a variant
   --> src/analytics/builder.rs:195:5
    |
195 |     Choropleth,
    |     ^^^^^^^^^^

warning: missing documentation for a variant
   --> src/analytics/builder.rs:196:5
    |
196 |     Lines,
    |     ^^^^^

warning: missing documentation for a variant
   --> src/analytics/builder.rs:197:5
    |
197 |     Polygons,
    |     ^^^^^^^^

warning: missing documentation for a struct field
   --> src/analytics/builder.rs:203:5
    |
203 |     pub color_scheme: String,
    |     ^^^^^^^^^^^^^^^^^^^^^^^^

warning: missing documentation for a struct field
   --> src/analytics/builder.rs:204:5
    |
204 |     pub opacity: f32,
    |     ^^^^^^^^^^^^^^^^

warning: missing documentation for a struct field
   --> src/analytics/builder.rs:205:5
    |
205 |     pub stroke_width: f32,
    |     ^^^^^^^^^^^^^^^^^^^^^

warning: missing documentation for a struct field
   --> src/analytics/builder.rs:211:5
    |
211 |     pub x: u32,
    |     ^^^^^^^^^^

warning: missing documentation for a struct field
   --> src/analytics/builder.rs:212:5
    |
212 |     pub y: u32,
    |     ^^^^^^^^^^

warning: missing documentation for a struct field
   --> src/analytics/builder.rs:213:5
    |
213 |     pub z: u32, // layer order
    |     ^^^^^^^^^^

warning: missing documentation for a struct field
   --> src/analytics/builder.rs:219:5
    |
219 |     pub width: u32,
    |     ^^^^^^^^^^^^^^

warning: missing documentation for a struct field
   --> src/analytics/builder.rs:220:5
    |
220 |     pub height: u32,
    |     ^^^^^^^^^^^^^^^

warning: missing documentation for a struct field
   --> src/analytics/builder.rs:221:5
    |
221 |     pub min_width: Option<u32>,
    |     ^^^^^^^^^^^^^^^^^^^^^^^^^^

warning: missing documentation for a struct field
   --> src/analytics/builder.rs:222:5
    |
222 |     pub min_height: Option<u32>,
    |     ^^^^^^^^^^^^^^^^^^^^^^^^^^^

warning: missing documentation for a struct field
   --> src/analytics/builder.rs:223:5
    |
223 |     pub max_width: Option<u32>,
    |     ^^^^^^^^^^^^^^^^^^^^^^^^^^

warning: missing documentation for a struct field
   --> src/analytics/builder.rs:224:5
    |
224 |     pub max_height: Option<u32>,
    |     ^^^^^^^^^^^^^^^^^^^^^^^^^^^

warning: missing documentation for a struct field
   --> src/analytics/builder.rs:230:5
    |
230 |     pub source: String,
    |     ^^^^^^^^^^^^^^^^^^

warning: missing documentation for a struct field
   --> src/analytics/builder.rs:231:5
    |
231 |     pub query: Option<String>,
    |     ^^^^^^^^^^^^^^^^^^^^^^^^^

warning: missing documentation for a struct field
   --> src/analytics/builder.rs:232:5
    |
232 |     pub transform: Option<DataTransform>,
    |     ^^^^^^^^^^^^^^^^^^^^^^^^^^^^^^^^^^^^

warning: missing documentation for a struct field
   --> src/analytics/builder.rs:233:5
    |
233 |     pub cache: bool,
    |     ^^^^^^^^^^^^^^^

warning: missing documentation for a struct field
   --> src/analytics/builder.rs:234:5
    |
234 |     pub real_time: bool,
    |     ^^^^^^^^^^^^^^^^^^^

warning: missing documentation for a struct field
   --> src/analytics/builder.rs:240:5
    |
240 |     pub type_: TransformType,
    |     ^^^^^^^^^^^^^^^^^^^^^^^^

warning: missing documentation for a struct field
   --> src/analytics/builder.rs:241:5
    |
241 |     pub config: HashMap<String, serde_json::Value>,
    |     ^^^^^^^^^^^^^^^^^^^^^^^^^^^^^^^^^^^^^^^^^^^^^^

warning: missing documentation for an enum
   --> src/analytics/builder.rs:245:1
    |
245 | pub enum TransformType {
    | ^^^^^^^^^^^^^^^^^^^^^^

warning: missing documentation for a variant
   --> src/analytics/builder.rs:246:5
    |
246 |     Aggregate,
    |     ^^^^^^^^^

warning: missing documentation for a variant
   --> src/analytics/builder.rs:247:5
    |
247 |     Filter,
    |     ^^^^^^

warning: missing documentation for a variant
   --> src/analytics/builder.rs:248:5
    |
248 |     Sort,
    |     ^^^^

warning: missing documentation for a variant
   --> src/analytics/builder.rs:249:5
    |
249 |     Pivot,
    |     ^^^^^

warning: missing documentation for a variant
   --> src/analytics/builder.rs:250:5
    |
250 |     Join,
    |     ^^^^

warning: missing documentation for a variant
   --> src/analytics/builder.rs:251:5
    |
251 |     Calculate,
    |     ^^^^^^^^^

warning: missing documentation for a variant
   --> src/analytics/builder.rs:252:5
    |
252 |     Custom,
    |     ^^^^^^

warning: missing documentation for a struct field
   --> src/analytics/builder.rs:258:5
    |
258 |     pub color_palette: String,
    |     ^^^^^^^^^^^^^^^^^^^^^^^^^

warning: missing documentation for a struct field
   --> src/analytics/builder.rs:259:5
    |
259 |     pub font_family: String,
    |     ^^^^^^^^^^^^^^^^^^^^^^^

warning: missing documentation for a struct field
   --> src/analytics/builder.rs:260:5
    |
260 |     pub font_size: u8,
    |     ^^^^^^^^^^^^^^^^^

warning: missing documentation for a struct field
   --> src/analytics/builder.rs:261:5
    |
261 |     pub padding: Padding,
    |     ^^^^^^^^^^^^^^^^^^^^

warning: missing documentation for a struct field
   --> src/analytics/builder.rs:262:5
    |
262 |     pub background: Option<String>,
    |     ^^^^^^^^^^^^^^^^^^^^^^^^^^^^^^

warning: missing documentation for a struct field
   --> src/analytics/builder.rs:263:5
    |
263 |     pub border: Option<BorderConfig>,
    |     ^^^^^^^^^^^^^^^^^^^^^^^^^^^^^^^^

warning: missing documentation for a struct field
   --> src/analytics/builder.rs:269:5
    |
269 |     pub top: u32,
    |     ^^^^^^^^^^^^

warning: missing documentation for a struct field
   --> src/analytics/builder.rs:270:5
    |
270 |     pub right: u32,
    |     ^^^^^^^^^^^^^^

warning: missing documentation for a struct field
   --> src/analytics/builder.rs:271:5
    |
271 |     pub bottom: u32,
    |     ^^^^^^^^^^^^^^^

warning: missing documentation for a struct field
   --> src/analytics/builder.rs:272:5
    |
272 |     pub left: u32,
    |     ^^^^^^^^^^^^^

warning: missing documentation for a struct field
   --> src/analytics/builder.rs:278:5
    |
278 |     pub width: u32,
    |     ^^^^^^^^^^^^^^

warning: missing documentation for a struct field
   --> src/analytics/builder.rs:279:5
    |
279 |     pub color: String,
    |     ^^^^^^^^^^^^^^^^^

warning: missing documentation for a struct field
   --> src/analytics/builder.rs:280:5
    |
280 |     pub radius: u32,
    |     ^^^^^^^^^^^^^^^

warning: missing documentation for a variant
   --> src/analytics/builder.rs:287:5
    |
287 |     Click {
    |     ^^^^^

warning: missing documentation for a struct field
   --> src/analytics/builder.rs:288:9
    |
288 |         action: InteractionAction,
    |         ^^^^^^^^^^^^^^^^^^^^^^^^^

warning: missing documentation for a variant
   --> src/analytics/builder.rs:290:5
    |
290 |     Hover {
    |     ^^^^^

warning: missing documentation for a struct field
   --> src/analytics/builder.rs:291:9
    |
291 |         show_tooltip: bool,
    |         ^^^^^^^^^^^^^^^^^^

warning: missing documentation for a struct field
   --> src/analytics/builder.rs:292:9
    |
292 |         highlight: bool,
    |         ^^^^^^^^^^^^^^^

warning: missing documentation for a variant
   --> src/analytics/builder.rs:294:5
    |
294 |     Drill {
    |     ^^^^^

warning: missing documentation for a struct field
   --> src/analytics/builder.rs:295:9
    |
295 |         target_dashboard: Option<String>,
    |         ^^^^^^^^^^^^^^^^^^^^^^^^^^^^^^^^

warning: missing documentation for a struct field
   --> src/analytics/builder.rs:296:9
    |
296 |         target_widget: Option<String>,
    |         ^^^^^^^^^^^^^^^^^^^^^^^^^^^^^

warning: missing documentation for a variant
   --> src/analytics/builder.rs:298:5
    |
298 |     Export {
    |     ^^^^^^

warning: missing documentation for a struct field
   --> src/analytics/builder.rs:299:9
    |
299 |         formats: Vec<ExportFormat>,
    |         ^^^^^^^^^^^^^^^^^^^^^^^^^^

warning: missing documentation for a variant
   --> src/analytics/builder.rs:307:5
    |
307 |     NavigateTo { url: String },
    |     ^^^^^^^^^^

warning: missing documentation for a struct field
   --> src/analytics/builder.rs:307:18
    |
307 |     NavigateTo { url: String },
    |                  ^^^^^^^^^^^

warning: missing documentation for a variant
   --> src/analytics/builder.rs:308:5
    |
308 |     UpdateFilter { filter_id: String },
    |     ^^^^^^^^^^^^

warning: missing documentation for a struct field
   --> src/analytics/builder.rs:308:20
    |
308 |     UpdateFilter { filter_id: String },
    |                    ^^^^^^^^^^^^^^^^^

warning: missing documentation for a variant
   --> src/analytics/builder.rs:309:5
    |
309 |     ExecuteQuery { query: String },
    |     ^^^^^^^^^^^^

warning: missing documentation for a struct field
   --> src/analytics/builder.rs:309:20
    |
309 |     ExecuteQuery { query: String },
    |                    ^^^^^^^^^^^^^

warning: missing documentation for a variant
   --> src/analytics/builder.rs:310:5
    |
310 |     ShowDetails { template: String },
    |     ^^^^^^^^^^^

warning: missing documentation for a struct field
   --> src/analytics/builder.rs:310:19
    |
310 |     ShowDetails { template: String },
    |                   ^^^^^^^^^^^^^^^^

warning: missing documentation for a variant
   --> src/analytics/builder.rs:316:5
    |
316 |     PNG,
    |     ^^^

warning: missing documentation for a variant
   --> src/analytics/builder.rs:317:5
    |
317 |     SVG,
    |     ^^^

warning: missing documentation for a variant
   --> src/analytics/builder.rs:318:5
    |
318 |     PDF,
    |     ^^^

warning: missing documentation for a variant
   --> src/analytics/builder.rs:319:5
    |
319 |     CSV,
    |     ^^^

warning: missing documentation for a variant
   --> src/analytics/builder.rs:320:5
    |
320 |     Excel,
    |     ^^^^^

warning: missing documentation for a variant
   --> src/analytics/builder.rs:321:5
    |
321 |     JSON,
    |     ^^^^

warning: missing documentation for a struct field
   --> src/analytics/builder.rs:327:5
    |
327 |     pub name: String,
    |     ^^^^^^^^^^^^^^^^

warning: missing documentation for a struct field
   --> src/analytics/builder.rs:328:5
    |
328 |     pub primary_color: String,
    |     ^^^^^^^^^^^^^^^^^^^^^^^^^

warning: missing documentation for a struct field
   --> src/analytics/builder.rs:329:5
    |
329 |     pub secondary_color: String,
    |     ^^^^^^^^^^^^^^^^^^^^^^^^^^^

warning: missing documentation for a struct field
   --> src/analytics/builder.rs:330:5
    |
330 |     pub background_color: String,
    |     ^^^^^^^^^^^^^^^^^^^^^^^^^^^^

warning: missing documentation for a struct field
   --> src/analytics/builder.rs:331:5
    |
331 |     pub text_color: String,
    |     ^^^^^^^^^^^^^^^^^^^^^^

warning: missing documentation for a struct field
   --> src/analytics/builder.rs:332:5
    |
332 |     pub font_family: String,
    |     ^^^^^^^^^^^^^^^^^^^^^^^

warning: missing documentation for a struct field
   --> src/analytics/builder.rs:333:5
    |
333 |     pub custom_css: Option<String>,
    |     ^^^^^^^^^^^^^^^^^^^^^^^^^^^^^^

warning: missing documentation for a struct field
   --> src/analytics/builder.rs:339:5
    |
339 |     pub id: String,
    |     ^^^^^^^^^^^^^^

warning: missing documentation for a struct field
   --> src/analytics/builder.rs:340:5
    |
340 |     pub name: String,
    |     ^^^^^^^^^^^^^^^^

warning: missing documentation for a struct field
   --> src/analytics/builder.rs:341:5
    |
341 |     pub type_: DataSourceType,
    |     ^^^^^^^^^^^^^^^^^^^^^^^^^

warning: missing documentation for a struct field
   --> src/analytics/builder.rs:342:5
    |
342 |     pub connection: ConnectionConfig,
    |     ^^^^^^^^^^^^^^^^^^^^^^^^^^^^^^^^

warning: missing documentation for a struct field
   --> src/analytics/builder.rs:343:5
    |
343 |     pub refresh_interval: Option<u64>,
    |     ^^^^^^^^^^^^^^^^^^^^^^^^^^^^^^^^^

warning: missing documentation for an enum
   --> src/analytics/builder.rs:348:1
    |
348 | pub enum DataSourceType {
    | ^^^^^^^^^^^^^^^^^^^^^^^

warning: missing documentation for a variant
   --> src/analytics/builder.rs:349:5
    |
349 |     Analytics,
    |     ^^^^^^^^^

warning: missing documentation for a variant
   --> src/analytics/builder.rs:350:5
    |
350 |     Database { driver: String },
    |     ^^^^^^^^

warning: missing documentation for a struct field
   --> src/analytics/builder.rs:350:16
    |
350 |     Database { driver: String },
    |                ^^^^^^^^^^^^^^

warning: missing documentation for a variant
   --> src/analytics/builder.rs:351:5
    |
351 |     API { base_url: String },
    |     ^^^

warning: missing documentation for a struct field
   --> src/analytics/builder.rs:351:11
    |
351 |     API { base_url: String },
    |           ^^^^^^^^^^^^^^^^

warning: missing documentation for a variant
   --> src/analytics/builder.rs:352:5
    |
352 |     File { path: String },
    |     ^^^^

warning: missing documentation for a struct field
   --> src/analytics/builder.rs:352:12
    |
352 |     File { path: String },
    |            ^^^^^^^^^^^^

warning: missing documentation for a variant
   --> src/analytics/builder.rs:353:5
    |
353 |     Stream { protocol: String },
    |     ^^^^^^

warning: missing documentation for a struct field
   --> src/analytics/builder.rs:353:14
    |
353 |     Stream { protocol: String },
    |              ^^^^^^^^^^^^^^^^

warning: missing documentation for a struct field
   --> src/analytics/builder.rs:359:5
    |
359 |     pub parameters: HashMap<String, String>,
    |     ^^^^^^^^^^^^^^^^^^^^^^^^^^^^^^^^^^^^^^^

warning: missing documentation for a struct field
   --> src/analytics/builder.rs:360:5
    |
360 |     pub auth: Option<AuthConfig>,
    |     ^^^^^^^^^^^^^^^^^^^^^^^^^^^^

warning: missing documentation for a struct field
   --> src/analytics/builder.rs:361:5
    |
361 |     pub timeout: u64,
    |     ^^^^^^^^^^^^^^^^

warning: missing documentation for a variant
   --> src/analytics/builder.rs:368:5
    |
368 |     None,
    |     ^^^^

warning: missing documentation for a variant
   --> src/analytics/builder.rs:369:5
    |
369 |     ApiKey { key: String },
    |     ^^^^^^

warning: missing documentation for a struct field
   --> src/analytics/builder.rs:369:14
    |
369 |     ApiKey { key: String },
    |              ^^^^^^^^^^^

warning: missing documentation for a variant
   --> src/analytics/builder.rs:370:5
    |
370 |     Basic { username: String, password: String },
    |     ^^^^^

warning: missing documentation for a struct field
   --> src/analytics/builder.rs:370:13
    |
370 |     Basic { username: String, password: String },
    |             ^^^^^^^^^^^^^^^^

warning: missing documentation for a struct field
   --> src/analytics/builder.rs:370:31
    |
370 |     Basic { username: String, password: String },
    |                               ^^^^^^^^^^^^^^^^

warning: missing documentation for a variant
   --> src/analytics/builder.rs:371:5
    |
371 |     OAuth { token: String },
    |     ^^^^^

warning: missing documentation for a struct field
   --> src/analytics/builder.rs:371:13
    |
371 |     OAuth { token: String },
    |             ^^^^^^^^^^^^^

warning: missing documentation for a struct field
   --> src/analytics/builder.rs:377:5
    |
377 |     pub id: String,
    |     ^^^^^^^^^^^^^^

warning: missing documentation for a struct field
   --> src/analytics/builder.rs:378:5
    |
378 |     pub name: String,
    |     ^^^^^^^^^^^^^^^^

warning: missing documentation for a struct field
   --> src/analytics/builder.rs:379:5
    |
379 |     pub type_: FilterType,
    |     ^^^^^^^^^^^^^^^^^^^^^

warning: missing documentation for a struct field
   --> src/analytics/builder.rs:380:5
    |
380 |     pub default_value: Option<serde_json::Value>,
    |     ^^^^^^^^^^^^^^^^^^^^^^^^^^^^^^^^^^^^^^^^^^^^

warning: missing documentation for a struct field
   --> src/analytics/builder.rs:381:5
    |
381 |     pub options: Option<Vec<FilterOption>>,
    |     ^^^^^^^^^^^^^^^^^^^^^^^^^^^^^^^^^^^^^^

warning: missing documentation for a struct field
   --> src/analytics/builder.rs:382:5
    |
382 |     pub connected_widgets: Vec<String>,
    |     ^^^^^^^^^^^^^^^^^^^^^^^^^^^^^^^^^^

warning: missing documentation for an enum
   --> src/analytics/builder.rs:386:1
    |
386 | pub enum FilterType {
    | ^^^^^^^^^^^^^^^^^^^

warning: missing documentation for a variant
   --> src/analytics/builder.rs:387:5
    |
387 |     DateRange,
    |     ^^^^^^^^^

warning: missing documentation for a variant
   --> src/analytics/builder.rs:388:5
    |
388 |     Select,
    |     ^^^^^^

warning: missing documentation for a variant
   --> src/analytics/builder.rs:389:5
    |
389 |     MultiSelect,
    |     ^^^^^^^^^^^

warning: missing documentation for a variant
   --> src/analytics/builder.rs:390:5
    |
390 |     Text,
    |     ^^^^

warning: missing documentation for a variant
   --> src/analytics/builder.rs:391:5
    |
391 |     Number,
    |     ^^^^^^

warning: missing documentation for a variant
   --> src/analytics/builder.rs:392:5
    |
392 |     Toggle,
    |     ^^^^^^

warning: missing documentation for a struct field
   --> src/analytics/builder.rs:398:5
    |
398 |     pub value: serde_json::Value,
    |     ^^^^^^^^^^^^^^^^^^^^^^^^^^^^

warning: missing documentation for a struct field
   --> src/analytics/builder.rs:399:5
    |
399 |     pub label: String,
    |     ^^^^^^^^^^^^^^^^^

warning: missing documentation for a struct field
   --> src/analytics/builder.rs:405:5
    |
405 |     pub owner: String,
    |     ^^^^^^^^^^^^^^^^^

warning: missing documentation for a struct field
   --> src/analytics/builder.rs:406:5
    |
406 |     pub viewers: Vec<String>,
    |     ^^^^^^^^^^^^^^^^^^^^^^^^

warning: missing documentation for a struct field
   --> src/analytics/builder.rs:407:5
    |
407 |     pub editors: Vec<String>,
    |     ^^^^^^^^^^^^^^^^^^^^^^^^

warning: missing documentation for a struct field
   --> src/analytics/builder.rs:408:5
    |
408 |     pub public: bool,
    |     ^^^^^^^^^^^^^^^^

warning: missing documentation for a struct field
   --> src/analytics/builder.rs:409:5
    |
409 |     pub share_link: Option<String>,
    |     ^^^^^^^^^^^^^^^^^^^^^^^^^^^^^^

warning: missing documentation for a struct field
   --> src/analytics/builder.rs:415:5
    |
415 |     pub created_at: DateTime<Utc>,
    |     ^^^^^^^^^^^^^^^^^^^^^^^^^^^^^

warning: missing documentation for a struct field
   --> src/analytics/builder.rs:416:5
    |
416 |     pub updated_at: DateTime<Utc>,
    |     ^^^^^^^^^^^^^^^^^^^^^^^^^^^^^

warning: missing documentation for a struct field
   --> src/analytics/builder.rs:417:5
    |
417 |     pub version: String,
    |     ^^^^^^^^^^^^^^^^^^^

warning: missing documentation for a struct field
   --> src/analytics/builder.rs:418:5
    |
418 |     pub tags: Vec<String>,
    |     ^^^^^^^^^^^^^^^^^^^^^

warning: missing documentation for a struct field
   --> src/analytics/builder.rs:419:5
    |
419 |     pub category: Option<String>,
    |     ^^^^^^^^^^^^^^^^^^^^^^^^^^^^

warning: missing documentation for a struct field
   --> src/analytics/builder.rs:420:5
    |
420 |     pub thumbnail: Option<String>,
    |     ^^^^^^^^^^^^^^^^^^^^^^^^^^^^^

warning: missing documentation for a struct field
   --> src/analytics/builder.rs:774:5
    |
774 |     pub name: String,
    |     ^^^^^^^^^^^^^^^^

warning: missing documentation for a struct field
   --> src/analytics/builder.rs:775:5
    |
775 |     pub description: String,
    |     ^^^^^^^^^^^^^^^^^^^^^^^

warning: missing documentation for a struct field
   --> src/analytics/builder.rs:776:5
    |
776 |     pub layout: DashboardLayout,
    |     ^^^^^^^^^^^^^^^^^^^^^^^^^^^

warning: missing documentation for a struct field
   --> src/analytics/builder.rs:777:5
    |
777 |     pub theme: Option<DashboardTheme>,
    |     ^^^^^^^^^^^^^^^^^^^^^^^^^^^^^^^^^

warning: missing documentation for a struct field
   --> src/analytics/builder.rs:778:5
    |
778 |     pub refresh_interval: Option<u64>,
    |     ^^^^^^^^^^^^^^^^^^^^^^^^^^^^^^^^^

warning: missing documentation for a struct field
   --> src/analytics/builder.rs:779:5
    |
779 |     pub owner: String,
    |     ^^^^^^^^^^^^^^^^^

warning: missing documentation for a struct field
   --> src/analytics/builder.rs:780:5
    |
780 |     pub tags: Vec<String>,
    |     ^^^^^^^^^^^^^^^^^^^^^

warning: missing documentation for a struct field
   --> src/analytics/builder.rs:781:5
    |
781 |     pub category: Option<String>,
    |     ^^^^^^^^^^^^^^^^^^^^^^^^^^^^

warning: missing documentation for a struct field
   --> src/analytics/builder.rs:787:5
    |
787 |     pub type_: WidgetType,
    |     ^^^^^^^^^^^^^^^^^^^^^

warning: missing documentation for a struct field
   --> src/analytics/builder.rs:788:5
    |
788 |     pub title: String,
    |     ^^^^^^^^^^^^^^^^^

warning: missing documentation for a struct field
   --> src/analytics/builder.rs:789:5
    |
789 |     pub position: WidgetPosition,
    |     ^^^^^^^^^^^^^^^^^^^^^^^^^^^^

warning: missing documentation for a struct field
   --> src/analytics/builder.rs:790:5
    |
790 |     pub size: WidgetSize,
    |     ^^^^^^^^^^^^^^^^^^^^

warning: missing documentation for a struct field
   --> src/analytics/builder.rs:791:5
    |
791 |     pub data_binding: DataBinding,
    |     ^^^^^^^^^^^^^^^^^^^^^^^^^^^^^

warning: missing documentation for a struct field
   --> src/analytics/builder.rs:792:5
    |
792 |     pub visualization: Option<VisualizationConfig>,
    |     ^^^^^^^^^^^^^^^^^^^^^^^^^^^^^^^^^^^^^^^^^^^^^^

warning: missing documentation for a struct field
   --> src/analytics/builder.rs:793:5
    |
793 |     pub interactions: Vec<WidgetInteraction>,
    |     ^^^^^^^^^^^^^^^^^^^^^^^^^^^^^^^^^^^^^^^^

warning: missing documentation for a struct field
   --> src/analytics/builder.rs:794:5
    |
794 |     pub refresh_override: Option<u64>,
    |     ^^^^^^^^^^^^^^^^^^^^^^^^^^^^^^^^^

warning: missing documentation for a struct field
   --> src/analytics/builder.rs:800:5
    |
800 |     pub title: Option<String>,
    |     ^^^^^^^^^^^^^^^^^^^^^^^^^

warning: missing documentation for a struct field
   --> src/analytics/builder.rs:801:5
    |
801 |     pub position: Option<WidgetPosition>,
    |     ^^^^^^^^^^^^^^^^^^^^^^^^^^^^^^^^^^^^

warning: missing documentation for a struct field
   --> src/analytics/builder.rs:802:5
    |
802 |     pub size: Option<WidgetSize>,
    |     ^^^^^^^^^^^^^^^^^^^^^^^^^^^^

warning: missing documentation for a struct field
   --> src/analytics/builder.rs:803:5
    |
803 |     pub data_binding: Option<DataBinding>,
    |     ^^^^^^^^^^^^^^^^^^^^^^^^^^^^^^^^^^^^^

warning: missing documentation for a struct field
   --> src/analytics/builder.rs:809:5
    |
809 |     pub id: String,
    |     ^^^^^^^^^^^^^^

warning: missing documentation for a struct field
   --> src/analytics/builder.rs:810:5
    |
810 |     pub name: String,
    |     ^^^^^^^^^^^^^^^^

warning: missing documentation for a struct field
   --> src/analytics/builder.rs:811:5
    |
811 |     pub description: String,
    |     ^^^^^^^^^^^^^^^^^^^^^^^

warning: missing documentation for a struct field
   --> src/analytics/builder.rs:812:5
    |
812 |     pub widget_count: usize,
    |     ^^^^^^^^^^^^^^^^^^^^^^^

warning: missing documentation for a struct field
   --> src/analytics/builder.rs:813:5
    |
813 |     pub created_at: DateTime<Utc>,
    |     ^^^^^^^^^^^^^^^^^^^^^^^^^^^^^

warning: missing documentation for a struct field
   --> src/analytics/builder.rs:814:5
    |
814 |     pub updated_at: DateTime<Utc>,
    |     ^^^^^^^^^^^^^^^^^^^^^^^^^^^^^

warning: missing documentation for a struct field
   --> src/analytics/builder.rs:815:5
    |
815 |     pub tags: Vec<String>,
    |     ^^^^^^^^^^^^^^^^^^^^^

warning: missing documentation for a struct field
   --> src/analytics/builder.rs:840:5
    |
840 |     pub id: String,
    |     ^^^^^^^^^^^^^^

warning: missing documentation for a struct field
   --> src/analytics/builder.rs:841:5
    |
841 |     pub name: String,
    |     ^^^^^^^^^^^^^^^^

warning: missing documentation for a struct field
   --> src/analytics/builder.rs:842:5
    |
842 |     pub description: String,
    |     ^^^^^^^^^^^^^^^^^^^^^^^

warning: missing documentation for a struct field
   --> src/analytics/builder.rs:843:5
    |
843 |     pub preview_url: String,
    |     ^^^^^^^^^^^^^^^^^^^^^^^

warning: missing documentation for a struct field
   --> src/analytics/builder.rs:844:5
    |
844 |     pub author: String,
    |     ^^^^^^^^^^^^^^^^^^

warning: missing documentation for a struct field
   --> src/analytics/builder.rs:845:5
    |
845 |     pub downloads: u32,
    |     ^^^^^^^^^^^^^^^^^^

warning: missing documentation for a struct field
   --> src/analytics/builder.rs:846:5
    |
846 |     pub rating: f32,
    |     ^^^^^^^^^^^^^^^

warning: missing documentation for a struct field
   --> src/analytics/builder.rs:847:5
    |
847 |     pub price: f32,
    |     ^^^^^^^^^^^^^^

warning: missing documentation for a struct field
  --> src/analytics/cost_intelligence.rs:34:5
   |
34 |     pub total_spend: f64,
   |     ^^^^^^^^^^^^^^^^^^^^

warning: missing documentation for a struct field
  --> src/analytics/cost_intelligence.rs:35:5
   |
35 |     pub spend_by_model: HashMap<String, ModelSpend>,
   |     ^^^^^^^^^^^^^^^^^^^^^^^^^^^^^^^^^^^^^^^^^^^^^^^

warning: missing documentation for a struct field
  --> src/analytics/cost_intelligence.rs:36:5
   |
36 |     pub spend_by_user: HashMap<String, f64>,
   |     ^^^^^^^^^^^^^^^^^^^^^^^^^^^^^^^^^^^^^^^

warning: missing documentation for a struct field
  --> src/analytics/cost_intelligence.rs:37:5
   |
37 |     pub spend_by_department: HashMap<String, f64>,
   |     ^^^^^^^^^^^^^^^^^^^^^^^^^^^^^^^^^^^^^^^^^^^^^

warning: missing documentation for a struct field
  --> src/analytics/cost_intelligence.rs:38:5
   |
38 |     pub efficiency_metrics: EfficiencyMetrics,
   |     ^^^^^^^^^^^^^^^^^^^^^^^^^^^^^^^^^^^^^^^^^

warning: missing documentation for a struct field
  --> src/analytics/cost_intelligence.rs:39:5
   |
39 |     pub optimization_opportunities: Vec<CostOptimization>,
   |     ^^^^^^^^^^^^^^^^^^^^^^^^^^^^^^^^^^^^^^^^^^^^^^^^^^^^^

warning: missing documentation for a struct field
  --> src/analytics/cost_intelligence.rs:40:5
   |
40 |     pub budget_status: BudgetStatus,
   |     ^^^^^^^^^^^^^^^^^^^^^^^^^^^^^^^

warning: missing documentation for a struct field
  --> src/analytics/cost_intelligence.rs:41:5
   |
41 |     pub spending_patterns: Vec<SpendingPattern>,
   |     ^^^^^^^^^^^^^^^^^^^^^^^^^^^^^^^^^^^^^^^^^^^

warning: missing documentation for a struct field
  --> src/analytics/cost_intelligence.rs:47:5
   |
47 |     pub total_cost: f64,
   |     ^^^^^^^^^^^^^^^^^^^

warning: missing documentation for a struct field
  --> src/analytics/cost_intelligence.rs:48:5
   |
48 |     pub query_count: u64,
   |     ^^^^^^^^^^^^^^^^^^^^

warning: missing documentation for a struct field
  --> src/analytics/cost_intelligence.rs:49:5
   |
49 |     pub avg_cost_per_query: f64,
   |     ^^^^^^^^^^^^^^^^^^^^^^^^^^^

warning: missing documentation for a struct field
  --> src/analytics/cost_intelligence.rs:50:5
   |
50 |     pub input_tokens: u64,
   |     ^^^^^^^^^^^^^^^^^^^^^

warning: missing documentation for a struct field
  --> src/analytics/cost_intelligence.rs:51:5
   |
51 |     pub output_tokens: u64,
   |     ^^^^^^^^^^^^^^^^^^^^^^

warning: missing documentation for a struct field
  --> src/analytics/cost_intelligence.rs:52:5
   |
52 |     pub efficiency_score: f64,
   |     ^^^^^^^^^^^^^^^^^^^^^^^^^

warning: missing documentation for a struct field
  --> src/analytics/cost_intelligence.rs:58:5
   |
58 |     pub overall_efficiency: f64,
   |     ^^^^^^^^^^^^^^^^^^^^^^^^^^^

warning: missing documentation for a struct field
  --> src/analytics/cost_intelligence.rs:59:5
   |
59 |     pub model_efficiency: HashMap<String, ModelEfficiency>,
   |     ^^^^^^^^^^^^^^^^^^^^^^^^^^^^^^^^^^^^^^^^^^^^^^^^^^^^^^

warning: missing documentation for a struct field
  --> src/analytics/cost_intelligence.rs:60:5
   |
60 |     pub cost_per_token: f64,
   |     ^^^^^^^^^^^^^^^^^^^^^^^

warning: missing documentation for a struct field
  --> src/analytics/cost_intelligence.rs:61:5
   |
61 |     pub token_utilization: f64,
   |     ^^^^^^^^^^^^^^^^^^^^^^^^^^

warning: missing documentation for a struct field
  --> src/analytics/cost_intelligence.rs:62:5
   |
62 |     pub cache_hit_rate: f64,
   |     ^^^^^^^^^^^^^^^^^^^^^^^

warning: missing documentation for a struct field
  --> src/analytics/cost_intelligence.rs:63:5
   |
63 |     pub redundancy_factor: f64,
   |     ^^^^^^^^^^^^^^^^^^^^^^^^^^

warning: missing documentation for a struct field
  --> src/analytics/cost_intelligence.rs:69:5
   |
69 |     pub model_name: String,
   |     ^^^^^^^^^^^^^^^^^^^^^^

warning: missing documentation for a struct field
  --> src/analytics/cost_intelligence.rs:70:5
   |
70 |     pub efficiency_score: f64,
   |     ^^^^^^^^^^^^^^^^^^^^^^^^^

warning: missing documentation for a struct field
  --> src/analytics/cost_intelligence.rs:71:5
   |
71 |     pub quality_score: f64,
   |     ^^^^^^^^^^^^^^^^^^^^^^

warning: missing documentation for a struct field
  --> src/analytics/cost_intelligence.rs:72:5
   |
72 |     pub cost_effectiveness: f64,
   |     ^^^^^^^^^^^^^^^^^^^^^^^^^^^

warning: missing documentation for a struct field
  --> src/analytics/cost_intelligence.rs:73:5
   |
73 |     pub recommended_use_cases: Vec<String>,
   |     ^^^^^^^^^^^^^^^^^^^^^^^^^^^^^^^^^^^^^^

warning: missing documentation for a struct field
  --> src/analytics/cost_intelligence.rs:74:5
   |
74 |     pub alternatives: Vec<ModelAlternative>,
   |     ^^^^^^^^^^^^^^^^^^^^^^^^^^^^^^^^^^^^^^^

warning: missing documentation for a struct field
  --> src/analytics/cost_intelligence.rs:80:5
   |
80 |     pub model_name: String,
   |     ^^^^^^^^^^^^^^^^^^^^^^

warning: missing documentation for a struct field
  --> src/analytics/cost_intelligence.rs:81:5
   |
81 |     pub potential_savings: f64,
   |     ^^^^^^^^^^^^^^^^^^^^^^^^^^

warning: missing documentation for a struct field
  --> src/analytics/cost_intelligence.rs:82:5
   |
82 |     pub quality_tradeoff: f64,
   |     ^^^^^^^^^^^^^^^^^^^^^^^^^

warning: missing documentation for a struct field
  --> src/analytics/cost_intelligence.rs:83:5
   |
83 |     pub use_case_fit: f64,
   |     ^^^^^^^^^^^^^^^^^^^^^

warning: missing documentation for a struct field
  --> src/analytics/cost_intelligence.rs:89:5
   |
89 |     pub optimization_type: OptimizationType,
   |     ^^^^^^^^^^^^^^^^^^^^^^^^^^^^^^^^^^^^^^^

warning: missing documentation for a struct field
  --> src/analytics/cost_intelligence.rs:90:5
   |
90 |     pub title: String,
   |     ^^^^^^^^^^^^^^^^^

warning: missing documentation for a struct field
  --> src/analytics/cost_intelligence.rs:91:5
   |
91 |     pub description: String,
   |     ^^^^^^^^^^^^^^^^^^^^^^^

warning: missing documentation for a struct field
  --> src/analytics/cost_intelligence.rs:92:5
   |
92 |     pub potential_savings: f64,
   |     ^^^^^^^^^^^^^^^^^^^^^^^^^^

warning: missing documentation for a struct field
  --> src/analytics/cost_intelligence.rs:93:5
   |
93 |     pub implementation_effort: EffortLevel,
   |     ^^^^^^^^^^^^^^^^^^^^^^^^^^^^^^^^^^^^^^

warning: missing documentation for a struct field
  --> src/analytics/cost_intelligence.rs:94:5
   |
94 |     pub impact_on_quality: QualityImpact,
   |     ^^^^^^^^^^^^^^^^^^^^^^^^^^^^^^^^^^^^

warning: missing documentation for a struct field
  --> src/analytics/cost_intelligence.rs:95:5
   |
95 |     pub priority: OptimizationPriority,
   |     ^^^^^^^^^^^^^^^^^^^^^^^^^^^^^^^^^^

warning: missing documentation for a struct field
  --> src/analytics/cost_intelligence.rs:96:5
   |
96 |     pub action_items: Vec<String>,
   |     ^^^^^^^^^^^^^^^^^^^^^^^^^^^^^

warning: missing documentation for a variant
   --> src/analytics/cost_intelligence.rs:102:5
    |
102 |     ModelSelection,
    |     ^^^^^^^^^^^^^^

warning: missing documentation for a variant
   --> src/analytics/cost_intelligence.rs:103:5
    |
103 |     CachingStrategy,
    |     ^^^^^^^^^^^^^^^

warning: missing documentation for a variant
   --> src/analytics/cost_intelligence.rs:104:5
    |
104 |     TokenOptimization,
    |     ^^^^^^^^^^^^^^^^^

warning: missing documentation for a variant
   --> src/analytics/cost_intelligence.rs:105:5
    |
105 |     BatchProcessing,
    |     ^^^^^^^^^^^^^^^

warning: missing documentation for a variant
   --> src/analytics/cost_intelligence.rs:106:5
    |
106 |     RateLimiting,
    |     ^^^^^^^^^^^^

warning: missing documentation for a variant
   --> src/analytics/cost_intelligence.rs:107:5
    |
107 |     UserQuotas,
    |     ^^^^^^^^^^

warning: missing documentation for a variant
   --> src/analytics/cost_intelligence.rs:108:5
    |
108 |     PromptEngineering,
    |     ^^^^^^^^^^^^^^^^^

warning: missing documentation for a variant
   --> src/analytics/cost_intelligence.rs:114:5
    |
114 |     Critical,
    |     ^^^^^^^^

warning: missing documentation for a variant
   --> src/analytics/cost_intelligence.rs:115:5
    |
115 |     High,
    |     ^^^^

warning: missing documentation for a variant
   --> src/analytics/cost_intelligence.rs:116:5
    |
116 |     Medium,
    |     ^^^^^^

warning: missing documentation for a variant
   --> src/analytics/cost_intelligence.rs:117:5
    |
117 |     Low,
    |     ^^^

warning: missing documentation for a variant
   --> src/analytics/cost_intelligence.rs:123:5
    |
123 |     None,
    |     ^^^^

warning: missing documentation for a variant
   --> src/analytics/cost_intelligence.rs:124:5
    |
124 |     Minimal,
    |     ^^^^^^^

warning: missing documentation for a variant
   --> src/analytics/cost_intelligence.rs:125:5
    |
125 |     Moderate,
    |     ^^^^^^^^

warning: missing documentation for a variant
   --> src/analytics/cost_intelligence.rs:126:5
    |
126 |     Significant,
    |     ^^^^^^^^^^^

warning: missing documentation for a variant
   --> src/analytics/cost_intelligence.rs:132:5
    |
132 |     Trivial,
    |     ^^^^^^^

warning: missing documentation for a variant
   --> src/analytics/cost_intelligence.rs:133:5
    |
133 |     Low,
    |     ^^^

warning: missing documentation for a variant
   --> src/analytics/cost_intelligence.rs:134:5
    |
134 |     Medium,
    |     ^^^^^^

warning: missing documentation for a variant
   --> src/analytics/cost_intelligence.rs:135:5
    |
135 |     High,
    |     ^^^^

warning: missing documentation for a variant
   --> src/analytics/cost_intelligence.rs:136:5
    |
136 |     VeryHigh,
    |     ^^^^^^^^

warning: missing documentation for a struct field
   --> src/analytics/cost_intelligence.rs:142:5
    |
142 |     pub alert_type: AlertType,
    |     ^^^^^^^^^^^^^^^^^^^^^^^^^

warning: missing documentation for a struct field
   --> src/analytics/cost_intelligence.rs:143:5
    |
143 |     pub severity: AlertSeverity,
    |     ^^^^^^^^^^^^^^^^^^^^^^^^^^^

warning: missing documentation for a struct field
   --> src/analytics/cost_intelligence.rs:144:5
    |
144 |     pub message: String,
    |     ^^^^^^^^^^^^^^^^^^^

warning: missing documentation for a struct field
   --> src/analytics/cost_intelligence.rs:145:5
    |
145 |     pub current_spend: f64,
    |     ^^^^^^^^^^^^^^^^^^^^^^

warning: missing documentation for a struct field
   --> src/analytics/cost_intelligence.rs:146:5
    |
146 |     pub budget_limit: f64,
    |     ^^^^^^^^^^^^^^^^^^^^^

warning: missing documentation for a struct field
   --> src/analytics/cost_intelligence.rs:147:5
    |
147 |     pub projected_overrun: Option<f64>,
    |     ^^^^^^^^^^^^^^^^^^^^^^^^^^^^^^^^^^

warning: missing documentation for a struct field
   --> src/analytics/cost_intelligence.rs:148:5
    |
148 |     pub triggered_at: DateTime<Utc>,
    |     ^^^^^^^^^^^^^^^^^^^^^^^^^^^^^^^

warning: missing documentation for a variant
   --> src/analytics/cost_intelligence.rs:154:5
    |
154 |     ApproachingLimit,
    |     ^^^^^^^^^^^^^^^^

warning: missing documentation for a variant
   --> src/analytics/cost_intelligence.rs:155:5
    |
155 |     ExceededLimit,
    |     ^^^^^^^^^^^^^

warning: missing documentation for a variant
   --> src/analytics/cost_intelligence.rs:156:5
    |
156 |     UnusualSpending,
    |     ^^^^^^^^^^^^^^^

warning: missing documentation for a variant
   --> src/analytics/cost_intelligence.rs:157:5
    |
157 |     RapidGrowth,
    |     ^^^^^^^^^^^

warning: missing documentation for a variant
   --> src/analytics/cost_intelligence.rs:163:5
    |
163 |     Info,
    |     ^^^^

warning: missing documentation for a variant
   --> src/analytics/cost_intelligence.rs:164:5
    |
164 |     Warning,
    |     ^^^^^^^

warning: missing documentation for a variant
   --> src/analytics/cost_intelligence.rs:165:5
    |
165 |     Critical,
    |     ^^^^^^^^

warning: missing documentation for a struct field
   --> src/analytics/cost_intelligence.rs:171:5
    |
171 |     pub current_spend: f64,
    |     ^^^^^^^^^^^^^^^^^^^^^^

warning: missing documentation for a struct field
   --> src/analytics/cost_intelligence.rs:172:5
    |
172 |     pub budget_limit: f64,
    |     ^^^^^^^^^^^^^^^^^^^^^

warning: missing documentation for a struct field
   --> src/analytics/cost_intelligence.rs:173:5
    |
173 |     pub utilization_percent: f64,
    |     ^^^^^^^^^^^^^^^^^^^^^^^^^^^^

warning: missing documentation for a struct field
   --> src/analytics/cost_intelligence.rs:174:5
    |
174 |     pub days_remaining: u32,
    |     ^^^^^^^^^^^^^^^^^^^^^^^

warning: missing documentation for a struct field
   --> src/analytics/cost_intelligence.rs:175:5
    |
175 |     pub projected_spend: f64,
    |     ^^^^^^^^^^^^^^^^^^^^^^^^

warning: missing documentation for a struct field
   --> src/analytics/cost_intelligence.rs:176:5
    |
176 |     pub status: BudgetHealth,
    |     ^^^^^^^^^^^^^^^^^^^^^^^^

warning: missing documentation for a struct field
   --> src/analytics/cost_intelligence.rs:177:5
    |
177 |     pub alerts: Vec<BudgetAlert>,
    |     ^^^^^^^^^^^^^^^^^^^^^^^^^^^^

warning: missing documentation for a variant
   --> src/analytics/cost_intelligence.rs:183:5
    |
183 |     Healthy,
    |     ^^^^^^^

warning: missing documentation for a variant
   --> src/analytics/cost_intelligence.rs:184:5
    |
184 |     Warning,
    |     ^^^^^^^

warning: missing documentation for a variant
   --> src/analytics/cost_intelligence.rs:185:5
    |
185 |     AtRisk,
    |     ^^^^^^

warning: missing documentation for a variant
   --> src/analytics/cost_intelligence.rs:186:5
    |
186 |     Exceeded,
    |     ^^^^^^^^

warning: missing documentation for a struct field
   --> src/analytics/cost_intelligence.rs:192:5
    |
192 |     pub pattern_type: PatternType,
    |     ^^^^^^^^^^^^^^^^^^^^^^^^^^^^^

warning: missing documentation for a struct field
   --> src/analytics/cost_intelligence.rs:193:5
    |
193 |     pub description: String,
    |     ^^^^^^^^^^^^^^^^^^^^^^^

warning: missing documentation for a struct field
   --> src/analytics/cost_intelligence.rs:194:5
    |
194 |     pub time_period: String,
    |     ^^^^^^^^^^^^^^^^^^^^^^^

warning: missing documentation for a struct field
   --> src/analytics/cost_intelligence.rs:195:5
    |
195 |     pub trend: SpendingTrend,
    |     ^^^^^^^^^^^^^^^^^^^^^^^^

warning: missing documentation for a struct field
   --> src/analytics/cost_intelligence.rs:196:5
    |
196 |     pub anomaly_score: f64,
    |     ^^^^^^^^^^^^^^^^^^^^^^

warning: missing documentation for a struct field
   --> src/analytics/cost_intelligence.rs:197:5
    |
197 |     pub contributing_factors: Vec<String>,
    |     ^^^^^^^^^^^^^^^^^^^^^^^^^^^^^^^^^^^^^

warning: missing documentation for a variant
   --> src/analytics/cost_intelligence.rs:203:5
    |
203 |     Daily,
    |     ^^^^^

warning: missing documentation for a variant
   --> src/analytics/cost_intelligence.rs:204:5
    |
204 |     Weekly,
    |     ^^^^^^

warning: missing documentation for a variant
   --> src/analytics/cost_intelligence.rs:205:5
    |
205 |     Hourly,
    |     ^^^^^^

warning: missing documentation for a variant
   --> src/analytics/cost_intelligence.rs:206:5
    |
206 |     UserBased,
    |     ^^^^^^^^^

warning: missing documentation for a variant
   --> src/analytics/cost_intelligence.rs:207:5
    |
207 |     ModelBased,
    |     ^^^^^^^^^^

warning: missing documentation for a variant
   --> src/analytics/cost_intelligence.rs:208:5
    |
208 |     Anomalous,
    |     ^^^^^^^^^

warning: missing documentation for a variant
   --> src/analytics/cost_intelligence.rs:214:5
    |
214 |     Increasing,
    |     ^^^^^^^^^^

warning: missing documentation for a variant
   --> src/analytics/cost_intelligence.rs:215:5
    |
215 |     Stable,
    |     ^^^^^^

warning: missing documentation for a variant
   --> src/analytics/cost_intelligence.rs:216:5
    |
216 |     Decreasing,
    |     ^^^^^^^^^^

warning: missing documentation for a variant
   --> src/analytics/cost_intelligence.rs:217:5
    |
217 |     Volatile,
    |     ^^^^^^^^

warning: missing documentation for a struct field
   --> src/analytics/cost_intelligence.rs:223:5
    |
223 |     pub allocation_key: String,
    |     ^^^^^^^^^^^^^^^^^^^^^^^^^^

warning: missing documentation for a struct field
   --> src/analytics/cost_intelligence.rs:224:5
    |
224 |     pub total_cost: f64,
    |     ^^^^^^^^^^^^^^^^^^^

warning: missing documentation for a struct field
   --> src/analytics/cost_intelligence.rs:225:5
    |
225 |     pub percentage: f64,
    |     ^^^^^^^^^^^^^^^^^^^

warning: missing documentation for a struct field
   --> src/analytics/cost_intelligence.rs:226:5
    |
226 |     pub sub_allocations: HashMap<String, f64>,
    |     ^^^^^^^^^^^^^^^^^^^^^^^^^^^^^^^^^^^^^^^^^

warning: missing documentation for a struct field
   --> src/analytics/cost_intelligence.rs:227:5
    |
227 |     pub tags: HashMap<String, String>,
    |     ^^^^^^^^^^^^^^^^^^^^^^^^^^^^^^^^^

warning: missing documentation for a struct field
   --> src/analytics/cost_intelligence.rs:233:5
    |
233 |     pub name: String,
    |     ^^^^^^^^^^^^^^^^

warning: missing documentation for a struct field
   --> src/analytics/cost_intelligence.rs:234:5
    |
234 |     pub description: String,
    |     ^^^^^^^^^^^^^^^^^^^^^^^

warning: missing documentation for a struct field
   --> src/analytics/cost_intelligence.rs:235:5
    |
235 |     pub expected_savings: f64,
    |     ^^^^^^^^^^^^^^^^^^^^^^^^^

warning: missing documentation for a struct field
   --> src/analytics/cost_intelligence.rs:236:5
    |
236 |     pub implementation_steps: Vec<ImplementationStep>,
    |     ^^^^^^^^^^^^^^^^^^^^^^^^^^^^^^^^^^^^^^^^^^^^^^^^^

warning: missing documentation for a struct field
   --> src/analytics/cost_intelligence.rs:237:5
    |
237 |     pub success_metrics: Vec<String>,
    |     ^^^^^^^^^^^^^^^^^^^^^^^^^^^^^^^^

warning: missing documentation for a struct field
   --> src/analytics/cost_intelligence.rs:238:5
    |
238 |     pub risks: Vec<String>,
    |     ^^^^^^^^^^^^^^^^^^^^^^

warning: missing documentation for a struct field
   --> src/analytics/cost_intelligence.rs:244:5
    |
244 |     pub order: u32,
    |     ^^^^^^^^^^^^^^

warning: missing documentation for a struct field
   --> src/analytics/cost_intelligence.rs:245:5
    |
245 |     pub title: String,
    |     ^^^^^^^^^^^^^^^^^

warning: missing documentation for a struct field
   --> src/analytics/cost_intelligence.rs:246:5
    |
246 |     pub description: String,
    |     ^^^^^^^^^^^^^^^^^^^^^^^

warning: missing documentation for a struct field
   --> src/analytics/cost_intelligence.rs:247:5
    |
247 |     pub estimated_hours: f64,
    |     ^^^^^^^^^^^^^^^^^^^^^^^^

warning: missing documentation for a struct field
   --> src/analytics/cost_intelligence.rs:248:5
    |
248 |     pub dependencies: Vec<String>,
    |     ^^^^^^^^^^^^^^^^^^^^^^^^^^^^^

warning: missing documentation for a struct field
   --> src/analytics/cost_intelligence.rs:797:5
    |
797 |     pub predicted_spend: Vec<DailySpend>,
    |     ^^^^^^^^^^^^^^^^^^^^^^^^^^^^^^^^^^^^

warning: missing documentation for a struct field
   --> src/analytics/cost_intelligence.rs:798:5
    |
798 |     pub confidence_interval: (f64, f64),
    |     ^^^^^^^^^^^^^^^^^^^^^^^^^^^^^^^^^^^

warning: missing documentation for a struct field
   --> src/analytics/cost_intelligence.rs:799:5
    |
799 |     pub trend: SpendingTrend,
    |     ^^^^^^^^^^^^^^^^^^^^^^^^

warning: missing documentation for a struct field
  --> src/analytics/dashboard.rs:35:5
   |
35 |     pub name: String,
   |     ^^^^^^^^^^^^^^^^

warning: missing documentation for a struct field
  --> src/analytics/dashboard.rs:36:5
   |
36 |     pub grid: GridLayout,
   |     ^^^^^^^^^^^^^^^^^^^^

warning: missing documentation for a struct field
  --> src/analytics/dashboard.rs:37:5
   |
37 |     pub widgets: Vec<WidgetConfig>,
   |     ^^^^^^^^^^^^^^^^^^^^^^^^^^^^^^

warning: missing documentation for a struct field
  --> src/analytics/dashboard.rs:38:5
   |
38 |     pub refresh_rate: RefreshRate,
   |     ^^^^^^^^^^^^^^^^^^^^^^^^^^^^^

warning: missing documentation for a struct field
  --> src/analytics/dashboard.rs:39:5
   |
39 |     pub theme: DashboardTheme,
   |     ^^^^^^^^^^^^^^^^^^^^^^^^^

warning: missing documentation for a struct field
  --> src/analytics/dashboard.rs:45:5
   |
45 |     pub rows: u16,
   |     ^^^^^^^^^^^^^

warning: missing documentation for a struct field
  --> src/analytics/dashboard.rs:46:5
   |
46 |     pub cols: u16,
   |     ^^^^^^^^^^^^^

warning: missing documentation for a struct field
  --> src/analytics/dashboard.rs:47:5
   |
47 |     pub gap: u16,
   |     ^^^^^^^^^^^^

warning: missing documentation for a struct field
  --> src/analytics/dashboard.rs:53:5
   |
53 |     pub id: String,
   |     ^^^^^^^^^^^^^^

warning: missing documentation for a struct field
  --> src/analytics/dashboard.rs:54:5
   |
54 |     pub widget_type: WidgetType,
   |     ^^^^^^^^^^^^^^^^^^^^^^^^^^^

warning: missing documentation for a struct field
  --> src/analytics/dashboard.rs:55:5
   |
55 |     pub position: Position,
   |     ^^^^^^^^^^^^^^^^^^^^^^

warning: missing documentation for a struct field
  --> src/analytics/dashboard.rs:56:5
   |
56 |     pub size: Size,
   |     ^^^^^^^^^^^^^^

warning: missing documentation for a struct field
  --> src/analytics/dashboard.rs:57:5
   |
57 |     pub data_source: String,
   |     ^^^^^^^^^^^^^^^^^^^^^^^

warning: missing documentation for a struct field
  --> src/analytics/dashboard.rs:58:5
   |
58 |     pub options: WidgetOptions,
   |     ^^^^^^^^^^^^^^^^^^^^^^^^^^

warning: missing documentation for a struct field
  --> src/analytics/dashboard.rs:64:5
   |
64 |     pub row: u16,
   |     ^^^^^^^^^^^^

warning: missing documentation for a struct field
  --> src/analytics/dashboard.rs:65:5
   |
65 |     pub col: u16,
   |     ^^^^^^^^^^^^

warning: missing documentation for a struct field
  --> src/analytics/dashboard.rs:71:5
   |
71 |     pub rows: u16,
   |     ^^^^^^^^^^^^^

warning: missing documentation for a struct field
  --> src/analytics/dashboard.rs:72:5
   |
72 |     pub cols: u16,
   |     ^^^^^^^^^^^^^

warning: missing documentation for a variant
  --> src/analytics/dashboard.rs:78:5
   |
78 |     LineChart,
   |     ^^^^^^^^^

warning: missing documentation for a variant
  --> src/analytics/dashboard.rs:79:5
   |
79 |     BarChart,
   |     ^^^^^^^^

warning: missing documentation for a variant
  --> src/analytics/dashboard.rs:80:5
   |
80 |     PieChart,
   |     ^^^^^^^^

warning: missing documentation for a variant
  --> src/analytics/dashboard.rs:81:5
   |
81 |     GaugeChart,
   |     ^^^^^^^^^^

warning: missing documentation for a variant
  --> src/analytics/dashboard.rs:82:5
   |
82 |     Sparkline,
   |     ^^^^^^^^^

warning: missing documentation for a variant
  --> src/analytics/dashboard.rs:83:5
   |
83 |     HeatMap,
   |     ^^^^^^^

warning: missing documentation for a variant
  --> src/analytics/dashboard.rs:84:5
   |
84 |     Table,
   |     ^^^^^

warning: missing documentation for a variant
  --> src/analytics/dashboard.rs:85:5
   |
85 |     StatCard,
   |     ^^^^^^^^

warning: missing documentation for a variant
  --> src/analytics/dashboard.rs:86:5
   |
86 |     AlertList,
   |     ^^^^^^^^^

warning: missing documentation for a variant
  --> src/analytics/dashboard.rs:87:5
   |
87 |     LogStream,
   |     ^^^^^^^^^

warning: missing documentation for a struct field
  --> src/analytics/dashboard.rs:93:5
   |
93 |     pub title: String,
   |     ^^^^^^^^^^^^^^^^^

warning: missing documentation for a struct field
  --> src/analytics/dashboard.rs:94:5
   |
94 |     pub subtitle: Option<String>,
   |     ^^^^^^^^^^^^^^^^^^^^^^^^^^^^

warning: missing documentation for a struct field
  --> src/analytics/dashboard.rs:95:5
   |
95 |     pub show_legend: bool,
   |     ^^^^^^^^^^^^^^^^^^^^^

warning: missing documentation for a struct field
  --> src/analytics/dashboard.rs:96:5
   |
96 |     pub show_grid: bool,
   |     ^^^^^^^^^^^^^^^^^^^

warning: missing documentation for a struct field
  --> src/analytics/dashboard.rs:97:5
   |
97 |     pub animation: bool,
   |     ^^^^^^^^^^^^^^^^^^^

warning: missing documentation for a struct field
  --> src/analytics/dashboard.rs:98:5
   |
98 |     pub custom: HashMap<String, serde_json::Value>,
   |     ^^^^^^^^^^^^^^^^^^^^^^^^^^^^^^^^^^^^^^^^^^^^^^

warning: missing documentation for a variant
   --> src/analytics/dashboard.rs:104:5
    |
104 |     Realtime, // < 1 second
    |     ^^^^^^^^

warning: missing documentation for a variant
   --> src/analytics/dashboard.rs:105:5
    |
105 |     Fast,     // 1 second
    |     ^^^^

warning: missing documentation for a variant
   --> src/analytics/dashboard.rs:106:5
    |
106 |     Normal,   // 5 seconds
    |     ^^^^^^

warning: missing documentation for a variant
   --> src/analytics/dashboard.rs:107:5
    |
107 |     Slow,     // 30 seconds
    |     ^^^^

warning: missing documentation for a variant
   --> src/analytics/dashboard.rs:108:5
    |
108 |     Manual,   // User triggered
    |     ^^^^^^

warning: missing documentation for a method
   --> src/analytics/dashboard.rs:112:5
    |
112 |     pub fn to_duration(&self) -> std::time::Duration {
    |     ^^^^^^^^^^^^^^^^^^^^^^^^^^^^^^^^^^^^^^^^^^^^^^^^

warning: missing documentation for a struct field
   --> src/analytics/dashboard.rs:126:5
    |
126 |     pub name: String,
    |     ^^^^^^^^^^^^^^^^

warning: missing documentation for a struct field
   --> src/analytics/dashboard.rs:127:5
    |
127 |     pub primary_color: String,
    |     ^^^^^^^^^^^^^^^^^^^^^^^^^

warning: missing documentation for a struct field
   --> src/analytics/dashboard.rs:128:5
    |
128 |     pub secondary_color: String,
    |     ^^^^^^^^^^^^^^^^^^^^^^^^^^^

warning: missing documentation for a struct field
   --> src/analytics/dashboard.rs:129:5
    |
129 |     pub background_color: String,
    |     ^^^^^^^^^^^^^^^^^^^^^^^^^^^^

warning: missing documentation for a struct field
   --> src/analytics/dashboard.rs:130:5
    |
130 |     pub text_color: String,
    |     ^^^^^^^^^^^^^^^^^^^^^^

warning: missing documentation for a struct field
   --> src/analytics/dashboard.rs:131:5
    |
131 |     pub accent_colors: Vec<String>,
    |     ^^^^^^^^^^^^^^^^^^^^^^^^^^^^^^

warning: missing documentation for a struct field
   --> src/analytics/dashboard.rs:155:5
    |
155 |     pub config: WidgetConfig,
    |     ^^^^^^^^^^^^^^^^^^^^^^^^

warning: missing documentation for a struct field
   --> src/analytics/dashboard.rs:156:5
    |
156 |     pub data: WidgetData,
    |     ^^^^^^^^^^^^^^^^^^^^

warning: missing documentation for a struct field
   --> src/analytics/dashboard.rs:157:5
    |
157 |     pub last_updated: DateTime<Utc>,
    |     ^^^^^^^^^^^^^^^^^^^^^^^^^^^^^^^

warning: missing documentation for a struct field
   --> src/analytics/dashboard.rs:163:5
    |
163 |     pub primary_value: Option<f64>,
    |     ^^^^^^^^^^^^^^^^^^^^^^^^^^^^^^

warning: missing documentation for a struct field
   --> src/analytics/dashboard.rs:164:5
    |
164 |     pub secondary_value: Option<f64>,
    |     ^^^^^^^^^^^^^^^^^^^^^^^^^^^^^^^^

warning: missing documentation for a struct field
   --> src/analytics/dashboard.rs:165:5
    |
165 |     pub series: Option<Vec<Series>>,
    |     ^^^^^^^^^^^^^^^^^^^^^^^^^^^^^^^

warning: missing documentation for a struct field
   --> src/analytics/dashboard.rs:166:5
    |
166 |     pub table_data: Option<TableData>,
    |     ^^^^^^^^^^^^^^^^^^^^^^^^^^^^^^^^^

warning: missing documentation for a struct field
   --> src/analytics/dashboard.rs:167:5
    |
167 |     pub alerts: Option<Vec<Alert>>,
    |     ^^^^^^^^^^^^^^^^^^^^^^^^^^^^^^

warning: missing documentation for a struct field
   --> src/analytics/dashboard.rs:168:5
    |
168 |     pub metadata: HashMap<String, serde_json::Value>,
    |     ^^^^^^^^^^^^^^^^^^^^^^^^^^^^^^^^^^^^^^^^^^^^^^^^

warning: missing documentation for a struct field
   --> src/analytics/dashboard.rs:174:5
    |
174 |     pub name: String,
    |     ^^^^^^^^^^^^^^^^

warning: missing documentation for a struct field
   --> src/analytics/dashboard.rs:175:5
    |
175 |     pub data_points: Vec<DataPoint>,
    |     ^^^^^^^^^^^^^^^^^^^^^^^^^^^^^^^

warning: missing documentation for a struct field
   --> src/analytics/dashboard.rs:176:5
    |
176 |     pub color: Option<String>,
    |     ^^^^^^^^^^^^^^^^^^^^^^^^^

warning: missing documentation for a struct field
   --> src/analytics/dashboard.rs:182:5
    |
182 |     pub timestamp: DateTime<Utc>,
    |     ^^^^^^^^^^^^^^^^^^^^^^^^^^^^

warning: missing documentation for a struct field
   --> src/analytics/dashboard.rs:183:5
    |
183 |     pub value: f64,
    |     ^^^^^^^^^^^^^^

warning: missing documentation for a struct field
   --> src/analytics/dashboard.rs:184:5
    |
184 |     pub label: Option<String>,
    |     ^^^^^^^^^^^^^^^^^^^^^^^^^

warning: missing documentation for a struct field
   --> src/analytics/dashboard.rs:190:5
    |
190 |     pub headers: Vec<String>,
    |     ^^^^^^^^^^^^^^^^^^^^^^^^

warning: missing documentation for a struct field
   --> src/analytics/dashboard.rs:191:5
    |
191 |     pub rows: Vec<Vec<String>>,
    |     ^^^^^^^^^^^^^^^^^^^^^^^^^^

warning: missing documentation for a struct field
   --> src/analytics/dashboard.rs:192:5
    |
192 |     pub sortable: bool,
    |     ^^^^^^^^^^^^^^^^^^

warning: missing documentation for a struct field
   --> src/analytics/dashboard.rs:198:5
    |
198 |     pub level: AlertLevel,
    |     ^^^^^^^^^^^^^^^^^^^^^

warning: missing documentation for a struct field
   --> src/analytics/dashboard.rs:199:5
    |
199 |     pub title: String,
    |     ^^^^^^^^^^^^^^^^^

warning: missing documentation for a struct field
   --> src/analytics/dashboard.rs:200:5
    |
200 |     pub message: String,
    |     ^^^^^^^^^^^^^^^^^^^

warning: missing documentation for a struct field
   --> src/analytics/dashboard.rs:201:5
    |
201 |     pub timestamp: DateTime<Utc>,
    |     ^^^^^^^^^^^^^^^^^^^^^^^^^^^^

warning: missing documentation for a variant
   --> src/analytics/dashboard.rs:207:5
    |
207 |     Info,
    |     ^^^^

warning: missing documentation for a variant
   --> src/analytics/dashboard.rs:208:5
    |
208 |     Warning,
    |     ^^^^^^^

warning: missing documentation for a variant
   --> src/analytics/dashboard.rs:209:5
    |
209 |     Error,
    |     ^^^^^

warning: missing documentation for a variant
   --> src/analytics/dashboard.rs:210:5
    |
210 |     Critical,
    |     ^^^^^^^^

warning: missing documentation for a struct field
   --> src/analytics/dashboard.rs:216:5
    |
216 |     pub name: String,
    |     ^^^^^^^^^^^^^^^^

warning: missing documentation for a struct field
   --> src/analytics/dashboard.rs:217:5
    |
217 |     pub value: f64,
    |     ^^^^^^^^^^^^^^

warning: missing documentation for a struct field
   --> src/analytics/dashboard.rs:218:5
    |
218 |     pub unit: String,
    |     ^^^^^^^^^^^^^^^^

warning: missing documentation for a struct field
   --> src/analytics/dashboard.rs:219:5
    |
219 |     pub timestamp: DateTime<Utc>,
    |     ^^^^^^^^^^^^^^^^^^^^^^^^^^^^

warning: missing documentation for a struct field
   --> src/analytics/dashboard.rs:220:5
    |
220 |     pub tags: HashMap<String, String>,
    |     ^^^^^^^^^^^^^^^^^^^^^^^^^^^^^^^^^

warning: missing documentation for a struct field
   --> src/analytics/dashboard.rs:226:5
    |
226 |     pub stream_id: String,
    |     ^^^^^^^^^^^^^^^^^^^^^

warning: missing documentation for a struct field
   --> src/analytics/dashboard.rs:227:5
    |
227 |     pub metric_name: String,
    |     ^^^^^^^^^^^^^^^^^^^^^^^

warning: missing documentation for a struct field
   --> src/analytics/dashboard.rs:228:5
    |
228 |     pub buffer_size: usize,
    |     ^^^^^^^^^^^^^^^^^^^^^^

warning: missing documentation for a struct field
   --> src/analytics/dashboard.rs:577:5
    |
577 |     pub layout: DashboardLayout,
    |     ^^^^^^^^^^^^^^^^^^^^^^^^^^^

warning: missing documentation for a struct field
   --> src/analytics/dashboard.rs:578:5
    |
578 |     pub widgets: Vec<Widget>,
    |     ^^^^^^^^^^^^^^^^^^^^^^^^

warning: missing documentation for a struct field
   --> src/analytics/dashboard.rs:579:5
    |
579 |     pub last_updated: DateTime<Utc>,
    |     ^^^^^^^^^^^^^^^^^^^^^^^^^^^^^^^

warning: missing documentation for a struct field
  --> src/analytics/executive.rs:32:5
   |
32 |     pub period: ReportPeriod,
   |     ^^^^^^^^^^^^^^^^^^^^^^^^

warning: missing documentation for a struct field
  --> src/analytics/executive.rs:33:5
   |
33 |     pub generated_at: DateTime<Utc>,
   |     ^^^^^^^^^^^^^^^^^^^^^^^^^^^^^^^

warning: missing documentation for a struct field
  --> src/analytics/executive.rs:34:5
   |
34 |     pub key_metrics: Vec<KeyMetric>,
   |     ^^^^^^^^^^^^^^^^^^^^^^^^^^^^^^^

warning: missing documentation for a struct field
  --> src/analytics/executive.rs:35:5
   |
35 |     pub business_insights: Vec<BusinessInsight>,
   |     ^^^^^^^^^^^^^^^^^^^^^^^^^^^^^^^^^^^^^^^^^^^

warning: missing documentation for a struct field
  --> src/analytics/executive.rs:36:5
   |
36 |     pub recommendations: Vec<ExecutiveRecommendation>,
   |     ^^^^^^^^^^^^^^^^^^^^^^^^^^^^^^^^^^^^^^^^^^^^^^^^^

warning: missing documentation for a struct field
  --> src/analytics/executive.rs:37:5
   |
37 |     pub visualizations: Vec<Visualization>,
   |     ^^^^^^^^^^^^^^^^^^^^^^^^^^^^^^^^^^^^^^

warning: missing documentation for a struct field
  --> src/analytics/executive.rs:38:5
   |
38 |     pub health_score: HealthScore,
   |     ^^^^^^^^^^^^^^^^^^^^^^^^^^^^^

warning: missing documentation for a struct field
  --> src/analytics/executive.rs:44:5
   |
44 |     pub name: String,
   |     ^^^^^^^^^^^^^^^^

warning: missing documentation for a struct field
  --> src/analytics/executive.rs:45:5
   |
45 |     pub value: f64,
   |     ^^^^^^^^^^^^^^

warning: missing documentation for a struct field
  --> src/analytics/executive.rs:46:5
   |
46 |     pub unit: String,
   |     ^^^^^^^^^^^^^^^^

warning: missing documentation for a struct field
  --> src/analytics/executive.rs:47:5
   |
47 |     pub change_percent: f64,
   |     ^^^^^^^^^^^^^^^^^^^^^^^

warning: missing documentation for a struct field
  --> src/analytics/executive.rs:48:5
   |
48 |     pub target: Option<f64>,
   |     ^^^^^^^^^^^^^^^^^^^^^^^

warning: missing documentation for a struct field
  --> src/analytics/executive.rs:49:5
   |
49 |     pub status: MetricStatus,
   |     ^^^^^^^^^^^^^^^^^^^^^^^^

warning: missing documentation for a struct field
  --> src/analytics/executive.rs:50:5
   |
50 |     pub trend: MetricTrend,
   |     ^^^^^^^^^^^^^^^^^^^^^^

warning: missing documentation for a variant
  --> src/analytics/executive.rs:56:5
   |
56 |     Excellent,
   |     ^^^^^^^^^

warning: missing documentation for a variant
  --> src/analytics/executive.rs:57:5
   |
57 |     Good,
   |     ^^^^

warning: missing documentation for a variant
  --> src/analytics/executive.rs:58:5
   |
58 |     Warning,
   |     ^^^^^^^

warning: missing documentation for a variant
  --> src/analytics/executive.rs:59:5
   |
59 |     Critical,
   |     ^^^^^^^^

warning: missing documentation for a variant
  --> src/analytics/executive.rs:65:5
   |
65 |     Improving,
   |     ^^^^^^^^^

warning: missing documentation for a variant
  --> src/analytics/executive.rs:66:5
   |
66 |     Stable,
   |     ^^^^^^

warning: missing documentation for a variant
  --> src/analytics/executive.rs:67:5
   |
67 |     Declining,
   |     ^^^^^^^^^

warning: missing documentation for a struct field
  --> src/analytics/executive.rs:73:5
   |
73 |     pub category: InsightCategory,
   |     ^^^^^^^^^^^^^^^^^^^^^^^^^^^^^

warning: missing documentation for a struct field
  --> src/analytics/executive.rs:74:5
   |
74 |     pub title: String,
   |     ^^^^^^^^^^^^^^^^^

warning: missing documentation for a struct field
  --> src/analytics/executive.rs:75:5
   |
75 |     pub summary: String,
   |     ^^^^^^^^^^^^^^^^^^^

warning: missing documentation for a struct field
  --> src/analytics/executive.rs:76:5
   |
76 |     pub impact: BusinessImpact,
   |     ^^^^^^^^^^^^^^^^^^^^^^^^^^

warning: missing documentation for a struct field
  --> src/analytics/executive.rs:77:5
   |
77 |     pub supporting_data: HashMap<String, f64>,
   |     ^^^^^^^^^^^^^^^^^^^^^^^^^^^^^^^^^^^^^^^^^

warning: missing documentation for a struct field
  --> src/analytics/executive.rs:78:5
   |
78 |     pub confidence: f64,
   |     ^^^^^^^^^^^^^^^^^^^

warning: missing documentation for a variant
  --> src/analytics/executive.rs:84:5
   |
84 |     Growth,
   |     ^^^^^^

warning: missing documentation for a variant
  --> src/analytics/executive.rs:85:5
   |
85 |     Efficiency,
   |     ^^^^^^^^^^

warning: missing documentation for a variant
  --> src/analytics/executive.rs:86:5
   |
86 |     Quality,
   |     ^^^^^^^

warning: missing documentation for a variant
  --> src/analytics/executive.rs:87:5
   |
87 |     Risk,
   |     ^^^^

warning: missing documentation for a variant
  --> src/analytics/executive.rs:88:5
   |
88 |     Opportunity,
   |     ^^^^^^^^^^^

warning: missing documentation for a variant
  --> src/analytics/executive.rs:94:5
   |
94 |     High,
   |     ^^^^

warning: missing documentation for a variant
  --> src/analytics/executive.rs:95:5
   |
95 |     Medium,
   |     ^^^^^^

warning: missing documentation for a variant
  --> src/analytics/executive.rs:96:5
   |
96 |     Low,
   |     ^^^

warning: missing documentation for a struct field
   --> src/analytics/executive.rs:102:5
    |
102 |     pub priority: Priority,
    |     ^^^^^^^^^^^^^^^^^^^^^^

warning: missing documentation for a struct field
   --> src/analytics/executive.rs:103:5
    |
103 |     pub title: String,
    |     ^^^^^^^^^^^^^^^^^

warning: missing documentation for a struct field
   --> src/analytics/executive.rs:104:5
    |
104 |     pub description: String,
    |     ^^^^^^^^^^^^^^^^^^^^^^^

warning: missing documentation for a struct field
   --> src/analytics/executive.rs:105:5
    |
105 |     pub expected_outcome: String,
    |     ^^^^^^^^^^^^^^^^^^^^^^^^^^^^

warning: missing documentation for a struct field
   --> src/analytics/executive.rs:106:5
    |
106 |     pub effort_estimate: EffortLevel,
    |     ^^^^^^^^^^^^^^^^^^^^^^^^^^^^^^^^

warning: missing documentation for a struct field
   --> src/analytics/executive.rs:107:5
    |
107 |     pub roi_estimate: Option<f64>,
    |     ^^^^^^^^^^^^^^^^^^^^^^^^^^^^^

warning: missing documentation for a variant
   --> src/analytics/executive.rs:113:5
    |
113 |     Urgent,
    |     ^^^^^^

warning: missing documentation for a variant
   --> src/analytics/executive.rs:114:5
    |
114 |     High,
    |     ^^^^

warning: missing documentation for a variant
   --> src/analytics/executive.rs:115:5
    |
115 |     Medium,
    |     ^^^^^^

warning: missing documentation for a variant
   --> src/analytics/executive.rs:116:5
    |
116 |     Low,
    |     ^^^

warning: missing documentation for a variant
   --> src/analytics/executive.rs:122:5
    |
122 |     Minimal,
    |     ^^^^^^^

warning: missing documentation for a variant
   --> src/analytics/executive.rs:123:5
    |
123 |     Low,
    |     ^^^

warning: missing documentation for a variant
   --> src/analytics/executive.rs:124:5
    |
124 |     Medium,
    |     ^^^^^^

warning: missing documentation for a variant
   --> src/analytics/executive.rs:125:5
    |
125 |     High,
    |     ^^^^

warning: missing documentation for a variant
   --> src/analytics/executive.rs:126:5
    |
126 |     VeryHigh,
    |     ^^^^^^^^

warning: missing documentation for a struct field
   --> src/analytics/executive.rs:132:5
    |
132 |     pub overall: f64,
    |     ^^^^^^^^^^^^^^^^

warning: missing documentation for a struct field
   --> src/analytics/executive.rs:133:5
    |
133 |     pub components: HashMap<String, f64>,
    |     ^^^^^^^^^^^^^^^^^^^^^^^^^^^^^^^^^^^^

warning: missing documentation for a struct field
   --> src/analytics/executive.rs:134:5
    |
134 |     pub trend: HealthTrend,
    |     ^^^^^^^^^^^^^^^^^^^^^^

warning: missing documentation for a variant
   --> src/analytics/executive.rs:140:5
    |
140 |     Improving,
    |     ^^^^^^^^^

warning: missing documentation for a variant
   --> src/analytics/executive.rs:141:5
    |
141 |     Stable,
    |     ^^^^^^

warning: missing documentation for a variant
   --> src/analytics/executive.rs:142:5
    |
142 |     Degrading,
    |     ^^^^^^^^^

warning: missing documentation for a variant
   --> src/analytics/executive.rs:148:5
    |
148 |     Daily,
    |     ^^^^^

warning: missing documentation for a variant
   --> src/analytics/executive.rs:149:5
    |
149 |     Weekly,
    |     ^^^^^^

warning: missing documentation for a variant
   --> src/analytics/executive.rs:150:5
    |
150 |     Monthly,
    |     ^^^^^^^

warning: missing documentation for a variant
   --> src/analytics/executive.rs:151:5
    |
151 |     Quarterly,
    |     ^^^^^^^^^

warning: missing documentation for a variant
   --> src/analytics/executive.rs:152:5
    |
152 |     Yearly,
    |     ^^^^^^

warning: missing documentation for a variant
   --> src/analytics/executive.rs:153:5
    |
153 |     Custom { days: u32 },
    |     ^^^^^^

warning: missing documentation for a struct field
   --> src/analytics/executive.rs:153:14
    |
153 |     Custom { days: u32 },
    |              ^^^^^^^^^

warning: missing documentation for a method
   --> src/analytics/executive.rs:157:5
    |
157 |     pub fn to_duration(&self) -> Duration {
    |     ^^^^^^^^^^^^^^^^^^^^^^^^^^^^^^^^^^^^^

warning: missing documentation for a method
   --> src/analytics/executive.rs:168:5
    |
168 |     pub fn to_string(&self) -> String {
    |     ^^^^^^^^^^^^^^^^^^^^^^^^^^^^^^^^^

warning: missing documentation for a variant
   --> src/analytics/executive.rs:183:5
    |
183 |     Markdown,
    |     ^^^^^^^^

warning: missing documentation for a variant
   --> src/analytics/executive.rs:184:5
    |
184 |     Html,
    |     ^^^^

warning: missing documentation for a variant
   --> src/analytics/executive.rs:185:5
    |
185 |     Pdf,
    |     ^^^

warning: missing documentation for a variant
   --> src/analytics/executive.rs:186:5
    |
186 |     Json,
    |     ^^^^

warning: missing documentation for a struct field
   --> src/analytics/executive.rs:192:5
    |
192 |     pub title: String,
    |     ^^^^^^^^^^^^^^^^^

warning: missing documentation for a struct field
   --> src/analytics/executive.rs:193:5
    |
193 |     pub chart_type: ChartType,
    |     ^^^^^^^^^^^^^^^^^^^^^^^^^

warning: missing documentation for a struct field
   --> src/analytics/executive.rs:194:5
    |
194 |     pub data: serde_json::Value,
    |     ^^^^^^^^^^^^^^^^^^^^^^^^^^^

warning: missing documentation for a struct field
   --> src/analytics/executive.rs:195:5
    |
195 |     pub options: VisualizationOptions,
    |     ^^^^^^^^^^^^^^^^^^^^^^^^^^^^^^^^^

warning: missing documentation for a variant
   --> src/analytics/executive.rs:201:5
    |
201 |     LineChart,
    |     ^^^^^^^^^

warning: missing documentation for a variant
   --> src/analytics/executive.rs:202:5
    |
202 |     BarChart,
    |     ^^^^^^^^

warning: missing documentation for a variant
   --> src/analytics/executive.rs:203:5
    |
203 |     PieChart,
    |     ^^^^^^^^

warning: missing documentation for a variant
   --> src/analytics/executive.rs:204:5
    |
204 |     GaugeChart,
    |     ^^^^^^^^^^

warning: missing documentation for a variant
   --> src/analytics/executive.rs:205:5
    |
205 |     HeatMap,
    |     ^^^^^^^

warning: missing documentation for a variant
   --> src/analytics/executive.rs:206:5
    |
206 |     Sparkline,
    |     ^^^^^^^^^

warning: missing documentation for a struct field
   --> src/analytics/executive.rs:212:5
    |
212 |     pub width: u32,
    |     ^^^^^^^^^^^^^^

warning: missing documentation for a struct field
   --> src/analytics/executive.rs:213:5
    |
213 |     pub height: u32,
    |     ^^^^^^^^^^^^^^^

warning: missing documentation for a struct field
   --> src/analytics/executive.rs:214:5
    |
214 |     pub colors: Vec<String>,
    |     ^^^^^^^^^^^^^^^^^^^^^^^

warning: missing documentation for a struct field
   --> src/analytics/executive.rs:215:5
    |
215 |     pub show_legend: bool,
    |     ^^^^^^^^^^^^^^^^^^^^^

warning: missing documentation for a struct field
   --> src/analytics/executive.rs:216:5
    |
216 |     pub show_grid: bool,
    |     ^^^^^^^^^^^^^^^^^^^

warning: missing documentation for a struct field
   --> src/analytics/executive.rs:240:5
    |
240 |     pub style: String,
    |     ^^^^^^^^^^^^^^^^^

warning: missing documentation for a struct field
   --> src/analytics/executive.rs:241:5
    |
241 |     pub theme: String,
    |     ^^^^^^^^^^^^^^^^^

warning: missing documentation for a struct field
   --> src/analytics/executive.rs:242:5
    |
242 |     pub ascii_mode: bool,
    |     ^^^^^^^^^^^^^^^^^^^^

warning: missing documentation for a variant
  --> src/analytics/export.rs:23:5
   |
23 |     CSV,
   |     ^^^

warning: missing documentation for a variant
  --> src/analytics/export.rs:24:5
   |
24 |     JSON,
   |     ^^^^

warning: missing documentation for a variant
  --> src/analytics/export.rs:25:5
   |
25 |     Excel,
   |     ^^^^^

warning: missing documentation for a variant
  --> src/analytics/export.rs:26:5
   |
26 |     PDF,
   |     ^^^

warning: missing documentation for a variant
  --> src/analytics/export.rs:27:5
   |
27 |     HTML,
   |     ^^^^

warning: missing documentation for a variant
  --> src/analytics/export.rs:28:5
   |
28 |     Markdown,
   |     ^^^^^^^^

warning: missing documentation for a variant
  --> src/analytics/export.rs:29:5
   |
29 |     XML,
   |     ^^^

warning: missing documentation for a variant
  --> src/analytics/export.rs:30:5
   |
30 |     Parquet,
   |     ^^^^^^^

warning: missing documentation for a struct field
  --> src/analytics/export.rs:68:5
   |
68 |     pub format: ExportFormat,
   |     ^^^^^^^^^^^^^^^^^^^^^^^^

warning: missing documentation for a struct field
  --> src/analytics/export.rs:69:5
   |
69 |     pub compression: Option<CompressionType>,
   |     ^^^^^^^^^^^^^^^^^^^^^^^^^^^^^^^^^^^^^^^^

warning: missing documentation for a struct field
  --> src/analytics/export.rs:70:5
   |
70 |     pub encryption: Option<EncryptionConfig>,
   |     ^^^^^^^^^^^^^^^^^^^^^^^^^^^^^^^^^^^^^^^^

warning: missing documentation for a struct field
  --> src/analytics/export.rs:71:5
   |
71 |     pub filters: HashMap<String, String>,
   |     ^^^^^^^^^^^^^^^^^^^^^^^^^^^^^^^^^^^^

warning: missing documentation for a struct field
  --> src/analytics/export.rs:72:5
   |
72 |     pub columns: Option<Vec<String>>,
   |     ^^^^^^^^^^^^^^^^^^^^^^^^^^^^^^^^

warning: missing documentation for a struct field
  --> src/analytics/export.rs:73:5
   |
73 |     pub date_range: Option<DateRange>,
   |     ^^^^^^^^^^^^^^^^^^^^^^^^^^^^^^^^^

warning: missing documentation for a struct field
  --> src/analytics/export.rs:74:5
   |
74 |     pub formatting: FormattingOptions,
   |     ^^^^^^^^^^^^^^^^^^^^^^^^^^^^^^^^^

warning: missing documentation for a struct field
  --> src/analytics/export.rs:75:5
   |
75 |     pub delivery: Option<DeliveryConfig>,
   |     ^^^^^^^^^^^^^^^^^^^^^^^^^^^^^^^^^^^^

warning: missing documentation for a variant
  --> src/analytics/export.rs:81:5
   |
81 |     Gzip,
   |     ^^^^

warning: missing documentation for a variant
  --> src/analytics/export.rs:82:5
   |
82 |     Zip,
   |     ^^^

warning: missing documentation for a variant
  --> src/analytics/export.rs:83:5
   |
83 |     Brotli,
   |     ^^^^^^

warning: missing documentation for a variant
  --> src/analytics/export.rs:84:5
   |
84 |     Zstd,
   |     ^^^^

warning: missing documentation for a struct field
  --> src/analytics/export.rs:90:5
   |
90 |     pub algorithm: EncryptionAlgorithm,
   |     ^^^^^^^^^^^^^^^^^^^^^^^^^^^^^^^^^^

warning: missing documentation for a struct field
  --> src/analytics/export.rs:91:5
   |
91 |     pub password: Option<String>,
   |     ^^^^^^^^^^^^^^^^^^^^^^^^^^^^

warning: missing documentation for a struct field
  --> src/analytics/export.rs:92:5
   |
92 |     pub key_file: Option<PathBuf>,
   |     ^^^^^^^^^^^^^^^^^^^^^^^^^^^^^

warning: missing documentation for a variant
  --> src/analytics/export.rs:98:5
   |
98 |     AES256,
   |     ^^^^^^

warning: missing documentation for a variant
  --> src/analytics/export.rs:99:5
   |
99 |     RSA,
   |     ^^^

warning: missing documentation for a variant
   --> src/analytics/export.rs:100:5
    |
100 |     PGP,
    |     ^^^

warning: missing documentation for a struct field
   --> src/analytics/export.rs:106:5
    |
106 |     pub start: DateTime<Utc>,
    |     ^^^^^^^^^^^^^^^^^^^^^^^^

warning: missing documentation for a struct field
   --> src/analytics/export.rs:107:5
    |
107 |     pub end: DateTime<Utc>,
    |     ^^^^^^^^^^^^^^^^^^^^^^

warning: missing documentation for a struct field
   --> src/analytics/export.rs:113:5
    |
113 |     pub include_headers: bool,
    |     ^^^^^^^^^^^^^^^^^^^^^^^^^

warning: missing documentation for a struct field
   --> src/analytics/export.rs:114:5
    |
114 |     pub date_format: String,
    |     ^^^^^^^^^^^^^^^^^^^^^^^

warning: missing documentation for a struct field
   --> src/analytics/export.rs:115:5
    |
115 |     pub number_format: String,
    |     ^^^^^^^^^^^^^^^^^^^^^^^^^

warning: missing documentation for a struct field
   --> src/analytics/export.rs:116:5
    |
116 |     pub null_value: String,
    |     ^^^^^^^^^^^^^^^^^^^^^^

warning: missing documentation for a struct field
   --> src/analytics/export.rs:117:5
    |
117 |     pub delimiter: Option<String>, // For CSV
    |     ^^^^^^^^^^^^^^^^^^^^^^^^^^^^^

warning: missing documentation for a struct field
   --> src/analytics/export.rs:118:5
    |
118 |     pub pretty_print: bool,        // For JSON
    |     ^^^^^^^^^^^^^^^^^^^^^^

warning: missing documentation for a struct field
   --> src/analytics/export.rs:119:5
    |
119 |     pub template: Option<String>,  // For HTML/PDF
    |     ^^^^^^^^^^^^^^^^^^^^^^^^^^^^

warning: missing documentation for a struct field
   --> src/analytics/export.rs:139:5
    |
139 |     pub method: DeliveryMethod,
    |     ^^^^^^^^^^^^^^^^^^^^^^^^^^

warning: missing documentation for a struct field
   --> src/analytics/export.rs:140:5
    |
140 |     pub schedule: Option<ExportSchedule>,
    |     ^^^^^^^^^^^^^^^^^^^^^^^^^^^^^^^^^^^^

warning: missing documentation for a struct field
   --> src/analytics/export.rs:141:5
    |
141 |     pub retention_days: Option<u32>,
    |     ^^^^^^^^^^^^^^^^^^^^^^^^^^^^^^^

warning: missing documentation for a variant
   --> src/analytics/export.rs:148:5
    |
148 |     Download,
    |     ^^^^^^^^

warning: missing documentation for a variant
   --> src/analytics/export.rs:149:5
    |
149 |     Email {
    |     ^^^^^

warning: missing documentation for a struct field
   --> src/analytics/export.rs:150:9
    |
150 |         recipients: Vec<String>,
    |         ^^^^^^^^^^^^^^^^^^^^^^^

warning: missing documentation for a struct field
   --> src/analytics/export.rs:151:9
    |
151 |         subject: String,
    |         ^^^^^^^^^^^^^^^

warning: missing documentation for a struct field
   --> src/analytics/export.rs:152:9
    |
152 |         body: String,
    |         ^^^^^^^^^^^^

warning: missing documentation for a variant
   --> src/analytics/export.rs:154:5
    |
154 |     S3 {
    |     ^^

warning: missing documentation for a struct field
   --> src/analytics/export.rs:155:9
    |
155 |         bucket: String,
    |         ^^^^^^^^^^^^^^

warning: missing documentation for a struct field
   --> src/analytics/export.rs:156:9
    |
156 |         key_prefix: String,
    |         ^^^^^^^^^^^^^^^^^^

warning: missing documentation for a struct field
   --> src/analytics/export.rs:157:9
    |
157 |         region: String,
    |         ^^^^^^^^^^^^^^

warning: missing documentation for a variant
   --> src/analytics/export.rs:159:5
    |
159 |     SFTP {
    |     ^^^^

warning: missing documentation for a struct field
   --> src/analytics/export.rs:160:9
    |
160 |         host: String,
    |         ^^^^^^^^^^^^

warning: missing documentation for a struct field
   --> src/analytics/export.rs:161:9
    |
161 |         port: u16,
    |         ^^^^^^^^^

warning: missing documentation for a struct field
   --> src/analytics/export.rs:162:9
    |
162 |         username: String,
    |         ^^^^^^^^^^^^^^^^

warning: missing documentation for a struct field
   --> src/analytics/export.rs:163:9
    |
163 |         path: String,
    |         ^^^^^^^^^^^^

warning: missing documentation for a variant
   --> src/analytics/export.rs:165:5
    |
165 |     Webhook {
    |     ^^^^^^^

warning: missing documentation for a struct field
   --> src/analytics/export.rs:166:9
    |
166 |         url: String,
    |         ^^^^^^^^^^^

warning: missing documentation for a struct field
   --> src/analytics/export.rs:167:9
    |
167 |         headers: HashMap<String, String>,
    |         ^^^^^^^^^^^^^^^^^^^^^^^^^^^^^^^^

warning: missing documentation for a struct field
   --> src/analytics/export.rs:174:5
    |
174 |     pub frequency: ScheduleFrequency,
    |     ^^^^^^^^^^^^^^^^^^^^^^^^^^^^^^^^

warning: missing documentation for a struct field
   --> src/analytics/export.rs:175:5
    |
175 |     pub time: String, // HH:MM format
    |     ^^^^^^^^^^^^^^^^

warning: missing documentation for a struct field
   --> src/analytics/export.rs:176:5
    |
176 |     pub timezone: String,
    |     ^^^^^^^^^^^^^^^^^^^^

warning: missing documentation for a struct field
   --> src/analytics/export.rs:177:5
    |
177 |     pub days_of_week: Option<Vec<u8>>, // 1-7 for weekly
    |     ^^^^^^^^^^^^^^^^^^^^^^^^^^^^^^^^^

warning: missing documentation for a struct field
   --> src/analytics/export.rs:178:5
    |
178 |     pub day_of_month: Option<u8>,      // 1-31 for monthly
    |     ^^^^^^^^^^^^^^^^^^^^^^^^^^^^

warning: missing documentation for a variant
   --> src/analytics/export.rs:184:5
    |
184 |     Hourly,
    |     ^^^^^^

warning: missing documentation for a variant
   --> src/analytics/export.rs:185:5
    |
185 |     Daily,
    |     ^^^^^

warning: missing documentation for a variant
   --> src/analytics/export.rs:186:5
    |
186 |     Weekly,
    |     ^^^^^^

warning: missing documentation for a variant
   --> src/analytics/export.rs:187:5
    |
187 |     Monthly,
    |     ^^^^^^^

warning: missing documentation for a variant
   --> src/analytics/export.rs:188:5
    |
188 |     Quarterly,
    |     ^^^^^^^^^

warning: missing documentation for a struct field
   --> src/analytics/export.rs:194:5
    |
194 |     pub id: String,
    |     ^^^^^^^^^^^^^^

warning: missing documentation for a struct field
   --> src/analytics/export.rs:195:5
    |
195 |     pub config: ExportConfig,
    |     ^^^^^^^^^^^^^^^^^^^^^^^^

warning: missing documentation for a struct field
   --> src/analytics/export.rs:196:5
    |
196 |     pub status: ExportStatus,
    |     ^^^^^^^^^^^^^^^^^^^^^^^^

warning: missing documentation for a struct field
   --> src/analytics/export.rs:197:5
    |
197 |     pub created_at: DateTime<Utc>,
    |     ^^^^^^^^^^^^^^^^^^^^^^^^^^^^^

warning: missing documentation for a struct field
   --> src/analytics/export.rs:198:5
    |
198 |     pub started_at: Option<DateTime<Utc>>,
    |     ^^^^^^^^^^^^^^^^^^^^^^^^^^^^^^^^^^^^^

warning: missing documentation for a struct field
   --> src/analytics/export.rs:199:5
    |
199 |     pub completed_at: Option<DateTime<Utc>>,
    |     ^^^^^^^^^^^^^^^^^^^^^^^^^^^^^^^^^^^^^^^

warning: missing documentation for a struct field
   --> src/analytics/export.rs:200:5
    |
200 |     pub file_path: Option<PathBuf>,
    |     ^^^^^^^^^^^^^^^^^^^^^^^^^^^^^^

warning: missing documentation for a struct field
   --> src/analytics/export.rs:201:5
    |
201 |     pub file_size: Option<u64>,
    |     ^^^^^^^^^^^^^^^^^^^^^^^^^^

warning: missing documentation for a struct field
   --> src/analytics/export.rs:202:5
    |
202 |     pub row_count: Option<u64>,
    |     ^^^^^^^^^^^^^^^^^^^^^^^^^^

warning: missing documentation for a struct field
   --> src/analytics/export.rs:203:5
    |
203 |     pub error: Option<String>,
    |     ^^^^^^^^^^^^^^^^^^^^^^^^^

warning: missing documentation for a struct field
   --> src/analytics/export.rs:204:5
    |
204 |     pub metadata: HashMap<String, String>,
    |     ^^^^^^^^^^^^^^^^^^^^^^^^^^^^^^^^^^^^^

warning: missing documentation for a variant
   --> src/analytics/export.rs:210:5
    |
210 |     Pending,
    |     ^^^^^^^

warning: missing documentation for a variant
   --> src/analytics/export.rs:211:5
    |
211 |     Running,
    |     ^^^^^^^

warning: missing documentation for a variant
   --> src/analytics/export.rs:212:5
    |
212 |     Completed,
    |     ^^^^^^^^^

warning: missing documentation for a variant
   --> src/analytics/export.rs:213:5
    |
213 |     Failed,
    |     ^^^^^^

warning: missing documentation for a variant
   --> src/analytics/export.rs:214:5
    |
214 |     Cancelled,
    |     ^^^^^^^^^

warning: missing documentation for a method
   --> src/analytics/export.rs:785:5
    |
785 |     async fn get_headers(&self) -> Result<Vec<String>>;
    |     ^^^^^^^^^^^^^^^^^^^^^^^^^^^^^^^^^^^^^^^^^^^^^^^^^^^

warning: missing documentation for a method
   --> src/analytics/export.rs:786:5
    |
786 |     async fn stream_data(&self, filters: HashMap<String, String>) -> Result<DataStream>;
    |     ^^^^^^^^^^^^^^^^^^^^^^^^^^^^^^^^^^^^^^^^^^^^^^^^^^^^^^^^^^^^^^^^^^^^^^^^^^^^^^^^^^^^

warning: missing documentation for a method
   --> src/analytics/export.rs:795:5
    |
795 |     pub async fn next(&mut self) -> Option<DataRow> {
    |     ^^^^^^^^^^^^^^^^^^^^^^^^^^^^^^^^^^^^^^^^^^^^^^^

warning: missing documentation for a method
   --> src/analytics/export.rs:807:5
    |
807 |     pub fn values(&self) -> impl Iterator<Item = &DataValue> {
    |     ^^^^^^^^^^^^^^^^^^^^^^^^^^^^^^^^^^^^^^^^^^^^^^^^^^^^^^^^

warning: missing documentation for a variant
   --> src/analytics/export.rs:816:5
    |
816 |     Null,
    |     ^^^^

warning: missing documentation for a variant
   --> src/analytics/export.rs:817:5
    |
817 |     Bool(bool),
    |     ^^^^

warning: missing documentation for a variant
   --> src/analytics/export.rs:818:5
    |
818 |     Int(i64),
    |     ^^^

warning: missing documentation for a variant
   --> src/analytics/export.rs:819:5
    |
819 |     Float(f64),
    |     ^^^^^

warning: missing documentation for a variant
   --> src/analytics/export.rs:820:5
    |
820 |     String(String),
    |     ^^^^^^

warning: missing documentation for a variant
   --> src/analytics/export.rs:821:5
    |
821 |     Date(DateTime<Utc>),
    |     ^^^^

warning: missing documentation for a struct field
  --> src/analytics/ml_models.rs:35:5
   |
35 |     pub lower: f64,
   |     ^^^^^^^^^^^^^^

warning: missing documentation for a struct field
  --> src/analytics/ml_models.rs:36:5
   |
36 |     pub upper: f64,
   |     ^^^^^^^^^^^^^^

warning: missing documentation for a struct field
  --> src/analytics/ml_models.rs:37:5
   |
37 |     pub confidence_level: f64,
   |     ^^^^^^^^^^^^^^^^^^^^^^^^^

warning: missing documentation for a struct field
  --> src/analytics/ml_models.rs:43:5
   |
43 |     pub timestamp: DateTime<Utc>,
   |     ^^^^^^^^^^^^^^^^^^^^^^^^^^^^

warning: missing documentation for a struct field
  --> src/analytics/ml_models.rs:44:5
   |
44 |     pub value: f64,
   |     ^^^^^^^^^^^^^^

warning: missing documentation for a struct field
  --> src/analytics/ml_models.rs:45:5
   |
45 |     pub confidence: ConfidenceInterval,
   |     ^^^^^^^^^^^^^^^^^^^^^^^^^^^^^^^^^^

warning: missing documentation for a struct field
  --> src/analytics/ml_models.rs:46:5
   |
46 |     pub model_type: ModelType,
   |     ^^^^^^^^^^^^^^^^^^^^^^^^^

warning: missing documentation for a struct field
  --> src/analytics/ml_models.rs:47:5
   |
47 |     pub seasonality: Option<SeasonalComponent>,
   |     ^^^^^^^^^^^^^^^^^^^^^^^^^^^^^^^^^^^^^^^^^^

warning: missing documentation for a struct field
  --> src/analytics/ml_models.rs:48:5
   |
48 |     pub trend: Option<TrendComponent>,
   |     ^^^^^^^^^^^^^^^^^^^^^^^^^^^^^^^^^

warning: missing documentation for a struct field
  --> src/analytics/ml_models.rs:54:5
   |
54 |     pub period: String, // daily, weekly, monthly, yearly
   |     ^^^^^^^^^^^^^^^^^^

warning: missing documentation for a struct field
  --> src/analytics/ml_models.rs:55:5
   |
55 |     pub strength: f64,
   |     ^^^^^^^^^^^^^^^^^

warning: missing documentation for a struct field
  --> src/analytics/ml_models.rs:56:5
   |
56 |     pub pattern: Vec<f64>,
   |     ^^^^^^^^^^^^^^^^^^^^^

warning: missing documentation for a struct field
  --> src/analytics/ml_models.rs:62:5
   |
62 |     pub direction: TrendDirection,
   |     ^^^^^^^^^^^^^^^^^^^^^^^^^^^^^

warning: missing documentation for a struct field
  --> src/analytics/ml_models.rs:63:5
   |
63 |     pub strength: f64,
   |     ^^^^^^^^^^^^^^^^^

warning: missing documentation for a struct field
  --> src/analytics/ml_models.rs:64:5
   |
64 |     pub change_points: Vec<DateTime<Utc>>,
   |     ^^^^^^^^^^^^^^^^^^^^^^^^^^^^^^^^^^^^^

warning: missing documentation for an enum
  --> src/analytics/ml_models.rs:68:1
   |
68 | pub enum TrendDirection {
   | ^^^^^^^^^^^^^^^^^^^^^^^

warning: missing documentation for a variant
  --> src/analytics/ml_models.rs:69:5
   |
69 |     Increasing,
   |     ^^^^^^^^^^

warning: missing documentation for a variant
  --> src/analytics/ml_models.rs:70:5
   |
70 |     Decreasing,
   |     ^^^^^^^^^^

warning: missing documentation for a variant
  --> src/analytics/ml_models.rs:71:5
   |
71 |     Stable,
   |     ^^^^^^

warning: missing documentation for a variant
  --> src/analytics/ml_models.rs:72:5
   |
72 |     Volatile,
   |     ^^^^^^^^

warning: missing documentation for a struct field
  --> src/analytics/ml_models.rs:78:5
   |
78 |     pub timestamp: DateTime<Utc>,
   |     ^^^^^^^^^^^^^^^^^^^^^^^^^^^^

warning: missing documentation for a struct field
  --> src/analytics/ml_models.rs:79:5
   |
79 |     pub value: f64,
   |     ^^^^^^^^^^^^^^

warning: missing documentation for a struct field
  --> src/analytics/ml_models.rs:80:5
   |
80 |     pub anomaly_score: f64,
   |     ^^^^^^^^^^^^^^^^^^^^^^

warning: missing documentation for a struct field
  --> src/analytics/ml_models.rs:81:5
   |
81 |     pub is_anomaly: bool,
   |     ^^^^^^^^^^^^^^^^^^^^

warning: missing documentation for a struct field
  --> src/analytics/ml_models.rs:82:5
   |
82 |     pub anomaly_type: Option<AnomalyType>,
   |     ^^^^^^^^^^^^^^^^^^^^^^^^^^^^^^^^^^^^^

warning: missing documentation for a struct field
  --> src/analytics/ml_models.rs:83:5
   |
83 |     pub explanation: String,
   |     ^^^^^^^^^^^^^^^^^^^^^^^

warning: missing documentation for an enum
  --> src/analytics/ml_models.rs:87:1
   |
87 | pub enum AnomalyType {
   | ^^^^^^^^^^^^^^^^^^^^

warning: missing documentation for a variant
  --> src/analytics/ml_models.rs:88:5
   |
88 |     Spike,
   |     ^^^^^

warning: missing documentation for a variant
  --> src/analytics/ml_models.rs:89:5
   |
89 |     Dip,
   |     ^^^

warning: missing documentation for a variant
  --> src/analytics/ml_models.rs:90:5
   |
90 |     LevelShift,
   |     ^^^^^^^^^^

warning: missing documentation for a variant
  --> src/analytics/ml_models.rs:91:5
   |
91 |     Variance,
   |     ^^^^^^^^

warning: missing documentation for a variant
  --> src/analytics/ml_models.rs:92:5
   |
92 |     Seasonal,
   |     ^^^^^^^^

warning: missing documentation for a struct field
   --> src/analytics/ml_models.rs:105:5
    |
105 |     pub default_model: ModelType,
    |     ^^^^^^^^^^^^^^^^^^^^^^^^^^^^

warning: missing documentation for a struct field
   --> src/analytics/ml_models.rs:106:5
    |
106 |     pub ensemble_models: Vec<ModelType>,
    |     ^^^^^^^^^^^^^^^^^^^^^^^^^^^^^^^^^^^

warning: missing documentation for a struct field
   --> src/analytics/ml_models.rs:107:5
    |
107 |     pub confidence_level: f64,
    |     ^^^^^^^^^^^^^^^^^^^^^^^^^

warning: missing documentation for a struct field
   --> src/analytics/ml_models.rs:108:5
    |
108 |     pub anomaly_threshold: f64,
    |     ^^^^^^^^^^^^^^^^^^^^^^^^^^

warning: missing documentation for a struct field
   --> src/analytics/ml_models.rs:109:5
    |
109 |     pub seasonality_detection: bool,
    |     ^^^^^^^^^^^^^^^^^^^^^^^^^^^^^^^

warning: missing documentation for a struct field
   --> src/analytics/ml_models.rs:110:5
    |
110 |     pub auto_model_selection: bool,
    |     ^^^^^^^^^^^^^^^^^^^^^^^^^^^^^^

warning: missing documentation for a struct field
   --> src/analytics/ml_models.rs:111:5
    |
111 |     pub cache_predictions: bool,
    |     ^^^^^^^^^^^^^^^^^^^^^^^^^^^

warning: missing documentation for a struct field
   --> src/analytics/ml_models.rs:112:5
    |
112 |     pub max_forecast_horizon: u32,
    |     ^^^^^^^^^^^^^^^^^^^^^^^^^^^^^

warning: missing documentation for a struct field
   --> src/analytics/ml_models.rs:145:5
    |
145 |     pub timestamps: Vec<DateTime<Utc>>,
    |     ^^^^^^^^^^^^^^^^^^^^^^^^^^^^^^^^^^

warning: missing documentation for a struct field
   --> src/analytics/ml_models.rs:146:5
    |
146 |     pub values: Vec<f64>,
    |     ^^^^^^^^^^^^^^^^^^^^

warning: missing documentation for a struct field
   --> src/analytics/ml_models.rs:147:5
    |
147 |     pub metadata: HashMap<String, String>,
    |     ^^^^^^^^^^^^^^^^^^^^^^^^^^^^^^^^^^^^^

warning: missing documentation for a struct field
   --> src/analytics/ml_models.rs:153:5
    |
153 |     pub trend: Vec<f64>,
    |     ^^^^^^^^^^^^^^^^^^^

warning: missing documentation for a struct field
   --> src/analytics/ml_models.rs:154:5
    |
154 |     pub seasonal: Vec<f64>,
    |     ^^^^^^^^^^^^^^^^^^^^^^

warning: missing documentation for a struct field
   --> src/analytics/ml_models.rs:155:5
    |
155 |     pub residual: Vec<f64>,
    |     ^^^^^^^^^^^^^^^^^^^^^^

warning: missing documentation for a struct field
   --> src/analytics/ml_models.rs:156:5
    |
156 |     pub seasonal_periods: Vec<SeasonalComponent>,
    |     ^^^^^^^^^^^^^^^^^^^^^^^^^^^^^^^^^^^^^^^^^^^^

warning: missing documentation for a struct
   --> src/analytics/ml_models.rs:567:1
    |
567 | pub struct ModelPerformanceMetrics {
    | ^^^^^^^^^^^^^^^^^^^^^^^^^^^^^^^^^^

warning: missing documentation for a struct field
   --> src/analytics/ml_models.rs:568:5
    |
568 |     pub rmse: f64,
    |     ^^^^^^^^^^^^^

warning: missing documentation for a struct field
   --> src/analytics/ml_models.rs:569:5
    |
569 |     pub mae: f64,
    |     ^^^^^^^^^^^^

warning: missing documentation for a struct field
   --> src/analytics/ml_models.rs:570:5
    |
570 |     pub mape: f64,
    |     ^^^^^^^^^^^^^

warning: missing documentation for a struct field
   --> src/analytics/ml_models.rs:571:5
    |
571 |     pub r_squared: f64,
    |     ^^^^^^^^^^^^^^^^^^

warning: missing documentation for a struct field
  --> src/analytics/performance.rs:35:5
   |
35 |     pub model_performance: HashMap<String, ModelPerformance>,
   |     ^^^^^^^^^^^^^^^^^^^^^^^^^^^^^^^^^^^^^^^^^^^^^^^^^^^^^^^^

warning: missing documentation for a struct field
  --> src/analytics/performance.rs:36:5
   |
36 |     pub latency_metrics: LatencyMetrics,
   |     ^^^^^^^^^^^^^^^^^^^^^^^^^^^^^^^^^^^

warning: missing documentation for a struct field
  --> src/analytics/performance.rs:37:5
   |
37 |     pub throughput_metrics: ThroughputMetrics,
   |     ^^^^^^^^^^^^^^^^^^^^^^^^^^^^^^^^^^^^^^^^^

warning: missing documentation for a struct field
  --> src/analytics/performance.rs:38:5
   |
38 |     pub quality_metrics: QualityMetrics,
   |     ^^^^^^^^^^^^^^^^^^^^^^^^^^^^^^^^^^^

warning: missing documentation for a struct field
  --> src/analytics/performance.rs:39:5
   |
39 |     pub performance_insights: Vec<PerformanceInsight>,
   |     ^^^^^^^^^^^^^^^^^^^^^^^^^^^^^^^^^^^^^^^^^^^^^^^^^

warning: missing documentation for a struct field
  --> src/analytics/performance.rs:45:5
   |
45 |     pub model_name: String,
   |     ^^^^^^^^^^^^^^^^^^^^^^

warning: missing documentation for a struct field
  --> src/analytics/performance.rs:46:5
   |
46 |     pub total_requests: u64,
   |     ^^^^^^^^^^^^^^^^^^^^^^^

warning: missing documentation for a struct field
  --> src/analytics/performance.rs:47:5
   |
47 |     pub success_rate: f64,
   |     ^^^^^^^^^^^^^^^^^^^^^

warning: missing documentation for a struct field
  --> src/analytics/performance.rs:48:5
   |
48 |     pub avg_latency_ms: f64,
   |     ^^^^^^^^^^^^^^^^^^^^^^^

warning: missing documentation for a struct field
  --> src/analytics/performance.rs:49:5
   |
49 |     pub p95_latency_ms: f64,
   |     ^^^^^^^^^^^^^^^^^^^^^^^

warning: missing documentation for a struct field
  --> src/analytics/performance.rs:50:5
   |
50 |     pub p99_latency_ms: f64,
   |     ^^^^^^^^^^^^^^^^^^^^^^^

warning: missing documentation for a struct field
  --> src/analytics/performance.rs:51:5
   |
51 |     pub tokens_per_second: f64,
   |     ^^^^^^^^^^^^^^^^^^^^^^^^^^

warning: missing documentation for a struct field
  --> src/analytics/performance.rs:52:5
   |
52 |     pub quality_score: f64,
   |     ^^^^^^^^^^^^^^^^^^^^^^

warning: missing documentation for a struct field
  --> src/analytics/performance.rs:53:5
   |
53 |     pub reliability_score: f64,
   |     ^^^^^^^^^^^^^^^^^^^^^^^^^^

warning: missing documentation for a struct field
  --> src/analytics/performance.rs:54:5
   |
54 |     pub cost_efficiency: f64,
   |     ^^^^^^^^^^^^^^^^^^^^^^^^

warning: missing documentation for a struct field
  --> src/analytics/performance.rs:55:5
   |
55 |     pub stage_performance: HashMap<String, StagePerformance>,
   |     ^^^^^^^^^^^^^^^^^^^^^^^^^^^^^^^^^^^^^^^^^^^^^^^^^^^^^^^^

warning: missing documentation for a struct field
  --> src/analytics/performance.rs:61:5
   |
61 |     pub stage_name: String,
   |     ^^^^^^^^^^^^^^^^^^^^^^

warning: missing documentation for a struct field
  --> src/analytics/performance.rs:62:5
   |
62 |     pub avg_duration_ms: f64,
   |     ^^^^^^^^^^^^^^^^^^^^^^^^

warning: missing documentation for a struct field
  --> src/analytics/performance.rs:63:5
   |
63 |     pub success_rate: f64,
   |     ^^^^^^^^^^^^^^^^^^^^^

warning: missing documentation for a struct field
  --> src/analytics/performance.rs:64:5
   |
64 |     pub retry_rate: f64,
   |     ^^^^^^^^^^^^^^^^^^^

warning: missing documentation for a struct field
  --> src/analytics/performance.rs:70:5
   |
70 |     pub component: String,
   |     ^^^^^^^^^^^^^^^^^^^^^

warning: missing documentation for a struct field
  --> src/analytics/performance.rs:71:5
   |
71 |     pub avg_latency: f64,
   |     ^^^^^^^^^^^^^^^^^^^^

warning: missing documentation for a struct field
  --> src/analytics/performance.rs:72:5
   |
72 |     pub min_latency: f64,
   |     ^^^^^^^^^^^^^^^^^^^^

warning: missing documentation for a struct field
  --> src/analytics/performance.rs:73:5
   |
73 |     pub max_latency: f64,
   |     ^^^^^^^^^^^^^^^^^^^^

warning: missing documentation for a struct field
  --> src/analytics/performance.rs:74:5
   |
74 |     pub p50_latency: f64,
   |     ^^^^^^^^^^^^^^^^^^^^

warning: missing documentation for a struct field
  --> src/analytics/performance.rs:75:5
   |
75 |     pub p95_latency: f64,
   |     ^^^^^^^^^^^^^^^^^^^^

warning: missing documentation for a struct field
  --> src/analytics/performance.rs:76:5
   |
76 |     pub p99_latency: f64,
   |     ^^^^^^^^^^^^^^^^^^^^

warning: missing documentation for a struct field
  --> src/analytics/performance.rs:77:5
   |
77 |     pub trend: LatencyTrend,
   |     ^^^^^^^^^^^^^^^^^^^^^^^

warning: missing documentation for a struct field
  --> src/analytics/performance.rs:78:5
   |
78 |     pub bottlenecks: Vec<Bottleneck>,
   |     ^^^^^^^^^^^^^^^^^^^^^^^^^^^^^^^^

warning: missing documentation for a variant
  --> src/analytics/performance.rs:84:5
   |
84 |     Improving,
   |     ^^^^^^^^^

warning: missing documentation for a variant
  --> src/analytics/performance.rs:85:5
   |
85 |     Stable,
   |     ^^^^^^

warning: missing documentation for a variant
  --> src/analytics/performance.rs:86:5
   |
86 |     Degrading,
   |     ^^^^^^^^^

warning: missing documentation for a struct field
  --> src/analytics/performance.rs:92:5
   |
92 |     pub component: String,
   |     ^^^^^^^^^^^^^^^^^^^^^

warning: missing documentation for a struct field
  --> src/analytics/performance.rs:93:5
   |
93 |     pub impact_ms: f64,
   |     ^^^^^^^^^^^^^^^^^^

warning: missing documentation for a struct field
  --> src/analytics/performance.rs:94:5
   |
94 |     pub frequency: f64,
   |     ^^^^^^^^^^^^^^^^^^

warning: missing documentation for a struct field
  --> src/analytics/performance.rs:95:5
   |
95 |     pub severity: BottleneckSeverity,
   |     ^^^^^^^^^^^^^^^^^^^^^^^^^^^^^^^^

warning: missing documentation for a struct field
  --> src/analytics/performance.rs:96:5
   |
96 |     pub recommendation: String,
   |     ^^^^^^^^^^^^^^^^^^^^^^^^^^

warning: missing documentation for a variant
   --> src/analytics/performance.rs:102:5
    |
102 |     Low,
    |     ^^^

warning: missing documentation for a variant
   --> src/analytics/performance.rs:103:5
    |
103 |     Medium,
    |     ^^^^^^

warning: missing documentation for a variant
   --> src/analytics/performance.rs:104:5
    |
104 |     High,
    |     ^^^^

warning: missing documentation for a variant
   --> src/analytics/performance.rs:105:5
    |
105 |     Critical,
    |     ^^^^^^^^

warning: missing documentation for a struct field
   --> src/analytics/performance.rs:111:5
    |
111 |     pub metric_name: String,
    |     ^^^^^^^^^^^^^^^^^^^^^^^

warning: missing documentation for a struct field
   --> src/analytics/performance.rs:112:5
    |
112 |     pub current_value: f64,
    |     ^^^^^^^^^^^^^^^^^^^^^^

warning: missing documentation for a struct field
   --> src/analytics/performance.rs:113:5
    |
113 |     pub peak_value: f64,
    |     ^^^^^^^^^^^^^^^^^^^

warning: missing documentation for a struct field
   --> src/analytics/performance.rs:114:5
    |
114 |     pub avg_value: f64,
    |     ^^^^^^^^^^^^^^^^^^

warning: missing documentation for a struct field
   --> src/analytics/performance.rs:115:5
    |
115 |     pub unit: String,
    |     ^^^^^^^^^^^^^^^^

warning: missing documentation for a struct field
   --> src/analytics/performance.rs:116:5
    |
116 |     pub capacity_utilization: f64,
    |     ^^^^^^^^^^^^^^^^^^^^^^^^^^^^^

warning: missing documentation for a struct field
   --> src/analytics/performance.rs:122:5
    |
122 |     pub overall_score: f64,
    |     ^^^^^^^^^^^^^^^^^^^^^^

warning: missing documentation for a struct field
   --> src/analytics/performance.rs:123:5
    |
123 |     pub accuracy_score: f64,
    |     ^^^^^^^^^^^^^^^^^^^^^^^

warning: missing documentation for a struct field
   --> src/analytics/performance.rs:124:5
    |
124 |     pub completeness_score: f64,
    |     ^^^^^^^^^^^^^^^^^^^^^^^^^^^

warning: missing documentation for a struct field
   --> src/analytics/performance.rs:125:5
    |
125 |     pub relevance_score: f64,
    |     ^^^^^^^^^^^^^^^^^^^^^^^^

warning: missing documentation for a struct field
   --> src/analytics/performance.rs:126:5
    |
126 |     pub consistency_score: f64,
    |     ^^^^^^^^^^^^^^^^^^^^^^^^^^

warning: missing documentation for a struct field
   --> src/analytics/performance.rs:127:5
    |
127 |     pub factors: HashMap<String, QualityFactor>,
    |     ^^^^^^^^^^^^^^^^^^^^^^^^^^^^^^^^^^^^^^^^^^^

warning: missing documentation for a struct field
   --> src/analytics/performance.rs:133:5
    |
133 |     pub name: String,
    |     ^^^^^^^^^^^^^^^^

warning: missing documentation for a struct field
   --> src/analytics/performance.rs:134:5
    |
134 |     pub weight: f64,
    |     ^^^^^^^^^^^^^^^

warning: missing documentation for a struct field
   --> src/analytics/performance.rs:135:5
    |
135 |     pub score: f64,
    |     ^^^^^^^^^^^^^^

warning: missing documentation for a struct field
   --> src/analytics/performance.rs:136:5
    |
136 |     pub impact: QualityImpact,
    |     ^^^^^^^^^^^^^^^^^^^^^^^^^

warning: missing documentation for a variant
   --> src/analytics/performance.rs:142:5
    |
142 |     Positive,
    |     ^^^^^^^^

warning: missing documentation for a variant
   --> src/analytics/performance.rs:143:5
    |
143 |     Neutral,
    |     ^^^^^^^

warning: missing documentation for a variant
   --> src/analytics/performance.rs:144:5
    |
144 |     Negative,
    |     ^^^^^^^^

warning: missing documentation for a struct field
   --> src/analytics/performance.rs:150:5
    |
150 |     pub category: InsightCategory,
    |     ^^^^^^^^^^^^^^^^^^^^^^^^^^^^^

warning: missing documentation for a struct field
   --> src/analytics/performance.rs:151:5
    |
151 |     pub title: String,
    |     ^^^^^^^^^^^^^^^^^

warning: missing documentation for a struct field
   --> src/analytics/performance.rs:152:5
    |
152 |     pub description: String,
    |     ^^^^^^^^^^^^^^^^^^^^^^^

warning: missing documentation for a struct field
   --> src/analytics/performance.rs:153:5
    |
153 |     pub impact: PerformanceImpact,
    |     ^^^^^^^^^^^^^^^^^^^^^^^^^^^^^

warning: missing documentation for a struct field
   --> src/analytics/performance.rs:154:5
    |
154 |     pub recommendations: Vec<String>,
    |     ^^^^^^^^^^^^^^^^^^^^^^^^^^^^^^^^

warning: missing documentation for a struct field
   --> src/analytics/performance.rs:155:5
    |
155 |     pub metrics_affected: Vec<String>,
    |     ^^^^^^^^^^^^^^^^^^^^^^^^^^^^^^^^^

warning: missing documentation for a struct field
   --> src/analytics/performance.rs:156:5
    |
156 |     pub confidence: f64,
    |     ^^^^^^^^^^^^^^^^^^^

warning: missing documentation for a variant
   --> src/analytics/performance.rs:162:5
    |
162 |     Latency,
    |     ^^^^^^^

warning: missing documentation for a variant
   --> src/analytics/performance.rs:163:5
    |
163 |     Throughput,
    |     ^^^^^^^^^^

warning: missing documentation for a variant
   --> src/analytics/performance.rs:164:5
    |
164 |     Quality,
    |     ^^^^^^^

warning: missing documentation for a variant
   --> src/analytics/performance.rs:165:5
    |
165 |     Reliability,
    |     ^^^^^^^^^^^

warning: missing documentation for a variant
   --> src/analytics/performance.rs:166:5
    |
166 |     CostEfficiency,
    |     ^^^^^^^^^^^^^^

warning: missing documentation for a variant
   --> src/analytics/performance.rs:172:5
    |
172 |     High,
    |     ^^^^

warning: missing documentation for a variant
   --> src/analytics/performance.rs:173:5
    |
173 |     Medium,
    |     ^^^^^^

warning: missing documentation for a variant
   --> src/analytics/performance.rs:174:5
    |
174 |     Low,
    |     ^^^

warning: missing documentation for a struct field
   --> src/analytics/performance.rs:180:5
    |
180 |     pub overall_avg_ms: f64,
    |     ^^^^^^^^^^^^^^^^^^^^^^^

warning: missing documentation for a struct field
   --> src/analytics/performance.rs:181:5
    |
181 |     pub component_latencies: HashMap<String, LatencyAnalysis>,
    |     ^^^^^^^^^^^^^^^^^^^^^^^^^^^^^^^^^^^^^^^^^^^^^^^^^^^^^^^^^

warning: missing documentation for a struct field
   --> src/analytics/performance.rs:182:5
    |
182 |     pub stage_latencies: HashMap<String, f64>,
    |     ^^^^^^^^^^^^^^^^^^^^^^^^^^^^^^^^^^^^^^^^^

warning: missing documentation for a struct field
   --> src/analytics/performance.rs:183:5
    |
183 |     pub network_latency_ms: f64,
    |     ^^^^^^^^^^^^^^^^^^^^^^^^^^^

warning: missing documentation for a struct field
   --> src/analytics/performance.rs:184:5
    |
184 |     pub processing_latency_ms: f64,
    |     ^^^^^^^^^^^^^^^^^^^^^^^^^^^^^^

warning: missing documentation for a struct field
   --> src/analytics/performance.rs:185:5
    |
185 |     pub queue_latency_ms: f64,
    |     ^^^^^^^^^^^^^^^^^^^^^^^^^

warning: missing documentation for a struct field
   --> src/analytics/performance.rs:191:5
    |
191 |     pub requests_per_second: f64,
    |     ^^^^^^^^^^^^^^^^^^^^^^^^^^^^

warning: missing documentation for a struct field
   --> src/analytics/performance.rs:192:5
    |
192 |     pub tokens_per_second: f64,
    |     ^^^^^^^^^^^^^^^^^^^^^^^^^^

warning: missing documentation for a struct field
   --> src/analytics/performance.rs:193:5
    |
193 |     pub queries_per_minute: f64,
    |     ^^^^^^^^^^^^^^^^^^^^^^^^^^^

warning: missing documentation for a struct field
   --> src/analytics/performance.rs:194:5
    |
194 |     pub concurrent_requests: u32,
    |     ^^^^^^^^^^^^^^^^^^^^^^^^^^^^

warning: missing documentation for a struct field
   --> src/analytics/performance.rs:195:5
    |
195 |     pub queue_depth: u32,
    |     ^^^^^^^^^^^^^^^^^^^^

warning: missing documentation for a struct field
   --> src/analytics/performance.rs:196:5
    |
196 |     pub capacity_metrics: HashMap<String, ThroughputMetric>,
    |     ^^^^^^^^^^^^^^^^^^^^^^^^^^^^^^^^^^^^^^^^^^^^^^^^^^^^^^^

warning: missing documentation for a struct field
   --> src/analytics/performance.rs:202:5
    |
202 |     pub overall_quality: f64,
    |     ^^^^^^^^^^^^^^^^^^^^^^^^

warning: missing documentation for a struct field
   --> src/analytics/performance.rs:203:5
    |
203 |     pub model_quality_scores: HashMap<String, QualityScore>,
    |     ^^^^^^^^^^^^^^^^^^^^^^^^^^^^^^^^^^^^^^^^^^^^^^^^^^^^^^^

warning: missing documentation for a struct field
   --> src/analytics/performance.rs:204:5
    |
204 |     pub stage_quality_scores: HashMap<String, f64>,
    |     ^^^^^^^^^^^^^^^^^^^^^^^^^^^^^^^^^^^^^^^^^^^^^^

warning: missing documentation for a struct field
   --> src/analytics/performance.rs:205:5
    |
205 |     pub user_satisfaction: f64,
    |     ^^^^^^^^^^^^^^^^^^^^^^^^^^

warning: missing documentation for a struct field
   --> src/analytics/performance.rs:206:5
    |
206 |     pub error_rate: f64,
    |     ^^^^^^^^^^^^^^^^^^^

warning: missing documentation for a variant
  --> src/analytics/templates.rs:20:5
   |
20 |     ExecutiveSummary,
   |     ^^^^^^^^^^^^^^^^

warning: missing documentation for a variant
  --> src/analytics/templates.rs:21:5
   |
21 |     FinancialReport,
   |     ^^^^^^^^^^^^^^^

warning: missing documentation for a variant
  --> src/analytics/templates.rs:22:5
   |
22 |     PerformanceReport,
   |     ^^^^^^^^^^^^^^^^^

warning: missing documentation for a variant
  --> src/analytics/templates.rs:23:5
   |
23 |     ComplianceAudit,
   |     ^^^^^^^^^^^^^^^

warning: missing documentation for a variant
  --> src/analytics/templates.rs:24:5
   |
24 |     TeamProductivity,
   |     ^^^^^^^^^^^^^^^^

warning: missing documentation for a variant
  --> src/analytics/templates.rs:25:5
   |
25 |     ProjectStatus,
   |     ^^^^^^^^^^^^^

warning: missing documentation for a variant
  --> src/analytics/templates.rs:26:5
   |
26 |     CustomTemplate,
   |     ^^^^^^^^^^^^^^

warning: missing documentation for a variant
  --> src/analytics/templates.rs:32:5
   |
32 |     Markdown,
   |     ^^^^^^^^

warning: missing documentation for a variant
  --> src/analytics/templates.rs:33:5
   |
33 |     HTML,
   |     ^^^^

warning: missing documentation for a variant
  --> src/analytics/templates.rs:34:5
   |
34 |     PDF,
   |     ^^^

warning: missing documentation for a variant
  --> src/analytics/templates.rs:35:5
   |
35 |     Excel,
   |     ^^^^^

warning: missing documentation for a variant
  --> src/analytics/templates.rs:36:5
   |
36 |     PowerPoint,
   |     ^^^^^^^^^^

warning: missing documentation for a variant
  --> src/analytics/templates.rs:37:5
   |
37 |     JSON,
   |     ^^^^

warning: missing documentation for a variant
  --> src/analytics/templates.rs:38:5
   |
38 |     CSV,
   |     ^^^

warning: missing documentation for a struct field
  --> src/analytics/templates.rs:44:5
   |
44 |     pub id: String,
   |     ^^^^^^^^^^^^^^

warning: missing documentation for a struct field
  --> src/analytics/templates.rs:45:5
   |
45 |     pub name: String,
   |     ^^^^^^^^^^^^^^^^

warning: missing documentation for a struct field
  --> src/analytics/templates.rs:46:5
   |
46 |     pub template_type: TemplateType,
   |     ^^^^^^^^^^^^^^^^^^^^^^^^^^^^^^^

warning: missing documentation for a struct field
  --> src/analytics/templates.rs:47:5
   |
47 |     pub description: String,
   |     ^^^^^^^^^^^^^^^^^^^^^^^

warning: missing documentation for a struct field
  --> src/analytics/templates.rs:48:5
   |
48 |     pub sections: Vec<TemplateSection>,
   |     ^^^^^^^^^^^^^^^^^^^^^^^^^^^^^^^^^^

warning: missing documentation for a struct field
  --> src/analytics/templates.rs:49:5
   |
49 |     pub styling: ReportStyling,
   |     ^^^^^^^^^^^^^^^^^^^^^^^^^^

warning: missing documentation for a struct field
  --> src/analytics/templates.rs:50:5
   |
50 |     pub metadata: TemplateMetadata,
   |     ^^^^^^^^^^^^^^^^^^^^^^^^^^^^^^

warning: missing documentation for a struct field
  --> src/analytics/templates.rs:51:5
   |
51 |     pub tags: Vec<String>,
   |     ^^^^^^^^^^^^^^^^^^^^^

warning: missing documentation for a struct field
  --> src/analytics/templates.rs:57:5
   |
57 |     pub id: String,
   |     ^^^^^^^^^^^^^^

warning: missing documentation for a struct field
  --> src/analytics/templates.rs:58:5
   |
58 |     pub title: String,
   |     ^^^^^^^^^^^^^^^^^

warning: missing documentation for a struct field
  --> src/analytics/templates.rs:59:5
   |
59 |     pub content_type: SectionContentType,
   |     ^^^^^^^^^^^^^^^^^^^^^^^^^^^^^^^^^^^^

warning: missing documentation for a struct field
  --> src/analytics/templates.rs:60:5
   |
60 |     pub data_sources: Vec<String>,
   |     ^^^^^^^^^^^^^^^^^^^^^^^^^^^^^

warning: missing documentation for a struct field
  --> src/analytics/templates.rs:61:5
   |
61 |     pub visualizations: Vec<VisualizationType>,
   |     ^^^^^^^^^^^^^^^^^^^^^^^^^^^^^^^^^^^^^^^^^^

warning: missing documentation for a struct field
  --> src/analytics/templates.rs:62:5
   |
62 |     pub conditional: Option<ConditionalRule>,
   |     ^^^^^^^^^^^^^^^^^^^^^^^^^^^^^^^^^^^^^^^^

warning: missing documentation for a variant
  --> src/analytics/templates.rs:69:5
   |
69 |     Summary { max_length: usize },
   |     ^^^^^^^

warning: missing documentation for a struct field
  --> src/analytics/templates.rs:69:15
   |
69 |     Summary { max_length: usize },
   |               ^^^^^^^^^^^^^^^^^

warning: missing documentation for a variant
  --> src/analytics/templates.rs:70:5
   |
70 |     Table { columns: Vec<TableColumn> },
   |     ^^^^^

warning: missing documentation for a struct field
  --> src/analytics/templates.rs:70:13
   |
70 |     Table { columns: Vec<TableColumn> },
   |             ^^^^^^^^^^^^^^^^^^^^^^^^^

warning: missing documentation for a variant
  --> src/analytics/templates.rs:71:5
   |
71 |     Chart { chart_type: ChartType },
   |     ^^^^^

warning: missing documentation for a struct field
  --> src/analytics/templates.rs:71:13
   |
71 |     Chart { chart_type: ChartType },
   |             ^^^^^^^^^^^^^^^^^^^^^

warning: missing documentation for a variant
  --> src/analytics/templates.rs:72:5
   |
72 |     Metrics { layout: MetricsLayout },
   |     ^^^^^^^

warning: missing documentation for a struct field
  --> src/analytics/templates.rs:72:15
   |
72 |     Metrics { layout: MetricsLayout },
   |               ^^^^^^^^^^^^^^^^^^^^^

warning: missing documentation for a variant
  --> src/analytics/templates.rs:73:5
   |
73 |     Timeline { period: String },
   |     ^^^^^^^^

warning: missing documentation for a struct field
  --> src/analytics/templates.rs:73:16
   |
73 |     Timeline { period: String },
   |                ^^^^^^^^^^^^^^

warning: missing documentation for a variant
  --> src/analytics/templates.rs:74:5
   |
74 |     Comparison { baseline: String },
   |     ^^^^^^^^^^

warning: missing documentation for a struct field
  --> src/analytics/templates.rs:74:18
   |
74 |     Comparison { baseline: String },
   |                  ^^^^^^^^^^^^^^^^

warning: missing documentation for a variant
  --> src/analytics/templates.rs:75:5
   |
75 |     Custom { template: String },
   |     ^^^^^^

warning: missing documentation for a struct field
  --> src/analytics/templates.rs:75:14
   |
75 |     Custom { template: String },
   |              ^^^^^^^^^^^^^^^^

warning: missing documentation for a struct field
  --> src/analytics/templates.rs:81:5
   |
81 |     pub id: String,
   |     ^^^^^^^^^^^^^^

warning: missing documentation for a struct field
  --> src/analytics/templates.rs:82:5
   |
82 |     pub header: String,
   |     ^^^^^^^^^^^^^^^^^^

warning: missing documentation for a struct field
  --> src/analytics/templates.rs:83:5
   |
83 |     pub data_type: DataType,
   |     ^^^^^^^^^^^^^^^^^^^^^^^

warning: missing documentation for a struct field
  --> src/analytics/templates.rs:84:5
   |
84 |     pub format: Option<String>,
   |     ^^^^^^^^^^^^^^^^^^^^^^^^^^

warning: missing documentation for a struct field
  --> src/analytics/templates.rs:85:5
   |
85 |     pub aggregation: Option<AggregationType>,
   |     ^^^^^^^^^^^^^^^^^^^^^^^^^^^^^^^^^^^^^^^^

warning: missing documentation for a variant
  --> src/analytics/templates.rs:91:5
   |
91 |     String,
   |     ^^^^^^

warning: missing documentation for a variant
  --> src/analytics/templates.rs:92:5
   |
92 |     Number,
   |     ^^^^^^

warning: missing documentation for a variant
  --> src/analytics/templates.rs:93:5
   |
93 |     Currency,
   |     ^^^^^^^^

warning: missing documentation for a variant
  --> src/analytics/templates.rs:94:5
   |
94 |     Percentage,
   |     ^^^^^^^^^^

warning: missing documentation for a variant
  --> src/analytics/templates.rs:95:5
   |
95 |     Date,
   |     ^^^^

warning: missing documentation for a variant
  --> src/analytics/templates.rs:96:5
   |
96 |     Boolean,
   |     ^^^^^^^

warning: missing documentation for a variant
   --> src/analytics/templates.rs:102:5
    |
102 |     Sum,
    |     ^^^

warning: missing documentation for a variant
   --> src/analytics/templates.rs:103:5
    |
103 |     Average,
    |     ^^^^^^^

warning: missing documentation for a variant
   --> src/analytics/templates.rs:104:5
    |
104 |     Count,
    |     ^^^^^

warning: missing documentation for a variant
   --> src/analytics/templates.rs:105:5
    |
105 |     Min,
    |     ^^^

warning: missing documentation for a variant
   --> src/analytics/templates.rs:106:5
    |
106 |     Max,
    |     ^^^

warning: missing documentation for a variant
   --> src/analytics/templates.rs:107:5
    |
107 |     Median,
    |     ^^^^^^

warning: missing documentation for a variant
   --> src/analytics/templates.rs:113:5
    |
113 |     LineChart,
    |     ^^^^^^^^^

warning: missing documentation for a variant
   --> src/analytics/templates.rs:114:5
    |
114 |     BarChart,
    |     ^^^^^^^^

warning: missing documentation for a variant
   --> src/analytics/templates.rs:115:5
    |
115 |     PieChart,
    |     ^^^^^^^^

warning: missing documentation for a variant
   --> src/analytics/templates.rs:116:5
    |
116 |     AreaChart,
    |     ^^^^^^^^^

warning: missing documentation for a variant
   --> src/analytics/templates.rs:117:5
    |
117 |     ScatterPlot,
    |     ^^^^^^^^^^^

warning: missing documentation for a variant
   --> src/analytics/templates.rs:118:5
    |
118 |     Heatmap,
    |     ^^^^^^^

warning: missing documentation for a variant
   --> src/analytics/templates.rs:119:5
    |
119 |     Gauge,
    |     ^^^^^

warning: missing documentation for a variant
   --> src/analytics/templates.rs:125:5
    |
125 |     Chart(ChartType),
    |     ^^^^^

warning: missing documentation for a variant
   --> src/analytics/templates.rs:126:5
    |
126 |     Table,
    |     ^^^^^

warning: missing documentation for a variant
   --> src/analytics/templates.rs:127:5
    |
127 |     KPICard,
    |     ^^^^^^^

warning: missing documentation for a variant
   --> src/analytics/templates.rs:128:5
    |
128 |     Timeline,
    |     ^^^^^^^^

warning: missing documentation for a variant
   --> src/analytics/templates.rs:129:5
    |
129 |     Map,
    |     ^^^

warning: missing documentation for a variant
   --> src/analytics/templates.rs:130:5
    |
130 |     WordCloud,
    |     ^^^^^^^^^

warning: missing documentation for a variant
   --> src/analytics/templates.rs:136:5
    |
136 |     Grid,
    |     ^^^^

warning: missing documentation for a variant
   --> src/analytics/templates.rs:137:5
    |
137 |     List,
    |     ^^^^

warning: missing documentation for a variant
   --> src/analytics/templates.rs:138:5
    |
138 |     Cards,
    |     ^^^^^

warning: missing documentation for a variant
   --> src/analytics/templates.rs:139:5
    |
139 |     Dashboard,
    |     ^^^^^^^^^

warning: missing documentation for a struct field
   --> src/analytics/templates.rs:145:5
    |
145 |     pub condition: String,
    |     ^^^^^^^^^^^^^^^^^^^^^

warning: missing documentation for a struct field
   --> src/analytics/templates.rs:146:5
    |
146 |     pub show_when: bool,
    |     ^^^^^^^^^^^^^^^^^^^

warning: missing documentation for a struct field
   --> src/analytics/templates.rs:152:5
    |
152 |     pub theme: String,
    |     ^^^^^^^^^^^^^^^^^

warning: missing documentation for a struct field
   --> src/analytics/templates.rs:153:5
    |
153 |     pub logo_url: Option<String>,
    |     ^^^^^^^^^^^^^^^^^^^^^^^^^^^^

warning: missing documentation for a struct field
   --> src/analytics/templates.rs:154:5
    |
154 |     pub color_scheme: ColorScheme,
    |     ^^^^^^^^^^^^^^^^^^^^^^^^^^^^^

warning: missing documentation for a struct field
   --> src/analytics/templates.rs:155:5
    |
155 |     pub fonts: FontSettings,
    |     ^^^^^^^^^^^^^^^^^^^^^^^

warning: missing documentation for a struct field
   --> src/analytics/templates.rs:156:5
    |
156 |     pub layout: LayoutSettings,
    |     ^^^^^^^^^^^^^^^^^^^^^^^^^^

warning: missing documentation for a struct field
   --> src/analytics/templates.rs:162:5
    |
162 |     pub primary: String,
    |     ^^^^^^^^^^^^^^^^^^^

warning: missing documentation for a struct field
   --> src/analytics/templates.rs:163:5
    |
163 |     pub secondary: String,
    |     ^^^^^^^^^^^^^^^^^^^^^

warning: missing documentation for a struct field
   --> src/analytics/templates.rs:164:5
    |
164 |     pub accent: String,
    |     ^^^^^^^^^^^^^^^^^^

warning: missing documentation for a struct field
   --> src/analytics/templates.rs:165:5
    |
165 |     pub background: String,
    |     ^^^^^^^^^^^^^^^^^^^^^^

warning: missing documentation for a struct field
   --> src/analytics/templates.rs:166:5
    |
166 |     pub text: String,
    |     ^^^^^^^^^^^^^^^^

warning: missing documentation for a struct field
   --> src/analytics/templates.rs:172:5
    |
172 |     pub heading: String,
    |     ^^^^^^^^^^^^^^^^^^^

warning: missing documentation for a struct field
   --> src/analytics/templates.rs:173:5
    |
173 |     pub body: String,
    |     ^^^^^^^^^^^^^^^^

warning: missing documentation for a struct field
   --> src/analytics/templates.rs:174:5
    |
174 |     pub monospace: String,
    |     ^^^^^^^^^^^^^^^^^^^^^

warning: missing documentation for a struct field
   --> src/analytics/templates.rs:180:5
    |
180 |     pub page_size: String,
    |     ^^^^^^^^^^^^^^^^^^^^^

warning: missing documentation for a struct field
   --> src/analytics/templates.rs:181:5
    |
181 |     pub margins: Margins,
    |     ^^^^^^^^^^^^^^^^^^^^

warning: missing documentation for a struct field
   --> src/analytics/templates.rs:182:5
    |
182 |     pub header_footer: bool,
    |     ^^^^^^^^^^^^^^^^^^^^^^^

warning: missing documentation for a struct field
   --> src/analytics/templates.rs:188:5
    |
188 |     pub top: f32,
    |     ^^^^^^^^^^^^

warning: missing documentation for a struct field
   --> src/analytics/templates.rs:189:5
    |
189 |     pub bottom: f32,
    |     ^^^^^^^^^^^^^^^

warning: missing documentation for a struct field
   --> src/analytics/templates.rs:190:5
    |
190 |     pub left: f32,
    |     ^^^^^^^^^^^^^

warning: missing documentation for a struct field
   --> src/analytics/templates.rs:191:5
    |
191 |     pub right: f32,
    |     ^^^^^^^^^^^^^^

warning: missing documentation for a struct field
   --> src/analytics/templates.rs:197:5
    |
197 |     pub version: String,
    |     ^^^^^^^^^^^^^^^^^^^

warning: missing documentation for a struct field
   --> src/analytics/templates.rs:198:5
    |
198 |     pub author: String,
    |     ^^^^^^^^^^^^^^^^^^

warning: missing documentation for a struct field
   --> src/analytics/templates.rs:199:5
    |
199 |     pub created_at: DateTime<Utc>,
    |     ^^^^^^^^^^^^^^^^^^^^^^^^^^^^^

warning: missing documentation for a struct field
   --> src/analytics/templates.rs:200:5
    |
200 |     pub updated_at: DateTime<Utc>,
    |     ^^^^^^^^^^^^^^^^^^^^^^^^^^^^^

warning: missing documentation for a struct field
   --> src/analytics/templates.rs:201:5
    |
201 |     pub tags: Vec<String>,
    |     ^^^^^^^^^^^^^^^^^^^^^

warning: missing documentation for a struct field
   --> src/analytics/templates.rs:202:5
    |
202 |     pub department: Option<String>,
    |     ^^^^^^^^^^^^^^^^^^^^^^^^^^^^^^

warning: missing documentation for a struct field
   --> src/analytics/templates.rs:208:5
    |
208 |     pub template_id: String,
    |     ^^^^^^^^^^^^^^^^^^^^^^^

warning: missing documentation for a struct field
   --> src/analytics/templates.rs:209:5
    |
209 |     pub title: String,
    |     ^^^^^^^^^^^^^^^^^

warning: missing documentation for a struct field
   --> src/analytics/templates.rs:210:5
    |
210 |     pub period: ReportPeriod,
    |     ^^^^^^^^^^^^^^^^^^^^^^^^

warning: missing documentation for a struct field
   --> src/analytics/templates.rs:211:5
    |
211 |     pub filters: HashMap<String, String>,
    |     ^^^^^^^^^^^^^^^^^^^^^^^^^^^^^^^^^^^^

warning: missing documentation for a struct field
   --> src/analytics/templates.rs:212:5
    |
212 |     pub format: ReportFormat,
    |     ^^^^^^^^^^^^^^^^^^^^^^^^

warning: missing documentation for a struct field
   --> src/analytics/templates.rs:213:5
    |
213 |     pub recipients: Vec<String>,
    |     ^^^^^^^^^^^^^^^^^^^^^^^^^^^

warning: missing documentation for a struct field
   --> src/analytics/templates.rs:214:5
    |
214 |     pub schedule: Option<ReportSchedule>,
    |     ^^^^^^^^^^^^^^^^^^^^^^^^^^^^^^^^^^^^

warning: missing documentation for a struct field
   --> src/analytics/templates.rs:220:5
    |
220 |     pub start: DateTime<Utc>,
    |     ^^^^^^^^^^^^^^^^^^^^^^^^

warning: missing documentation for a struct field
   --> src/analytics/templates.rs:221:5
    |
221 |     pub end: DateTime<Utc>,
    |     ^^^^^^^^^^^^^^^^^^^^^^

warning: missing documentation for a struct field
   --> src/analytics/templates.rs:222:5
    |
222 |     pub comparison: Option<ComparisonPeriod>,
    |     ^^^^^^^^^^^^^^^^^^^^^^^^^^^^^^^^^^^^^^^^

warning: missing documentation for a struct field
   --> src/analytics/templates.rs:228:5
    |
228 |     pub period_type: PeriodType,
    |     ^^^^^^^^^^^^^^^^^^^^^^^^^^^

warning: missing documentation for a struct field
   --> src/analytics/templates.rs:229:5
    |
229 |     pub offset: i32,
    |     ^^^^^^^^^^^^^^^

warning: missing documentation for a variant
   --> src/analytics/templates.rs:235:5
    |
235 |     Day,
    |     ^^^

warning: missing documentation for a variant
   --> src/analytics/templates.rs:236:5
    |
236 |     Week,
    |     ^^^^

warning: missing documentation for a variant
   --> src/analytics/templates.rs:237:5
    |
237 |     Month,
    |     ^^^^^

warning: missing documentation for a variant
   --> src/analytics/templates.rs:238:5
    |
238 |     Quarter,
    |     ^^^^^^^

warning: missing documentation for a variant
   --> src/analytics/templates.rs:239:5
    |
239 |     Year,
    |     ^^^^

warning: missing documentation for a variant
   --> src/analytics/templates.rs:240:5
    |
240 |     Custom,
    |     ^^^^^^

warning: missing documentation for a struct field
   --> src/analytics/templates.rs:246:5
    |
246 |     pub frequency: ScheduleFrequency,
    |     ^^^^^^^^^^^^^^^^^^^^^^^^^^^^^^^^

warning: missing documentation for a struct field
   --> src/analytics/templates.rs:247:5
    |
247 |     pub time: String,
    |     ^^^^^^^^^^^^^^^^

warning: missing documentation for a struct field
   --> src/analytics/templates.rs:248:5
    |
248 |     pub timezone: String,
    |     ^^^^^^^^^^^^^^^^^^^^

warning: missing documentation for a struct field
   --> src/analytics/templates.rs:249:5
    |
249 |     pub next_run: DateTime<Utc>,
    |     ^^^^^^^^^^^^^^^^^^^^^^^^^^^

warning: missing documentation for a variant
   --> src/analytics/templates.rs:255:5
    |
255 |     Daily,
    |     ^^^^^

warning: missing documentation for a variant
   --> src/analytics/templates.rs:256:5
    |
256 |     Weekly,
    |     ^^^^^^

warning: missing documentation for a variant
   --> src/analytics/templates.rs:257:5
    |
257 |     Monthly,
    |     ^^^^^^^

warning: missing documentation for a variant
   --> src/analytics/templates.rs:258:5
    |
258 |     Quarterly,
    |     ^^^^^^^^^

warning: missing documentation for a variant
   --> src/analytics/templates.rs:259:5
    |
259 |     Yearly,
    |     ^^^^^^

warning: missing documentation for a struct field
   --> src/analytics/templates.rs:952:5
    |
952 |     pub id: String,
    |     ^^^^^^^^^^^^^^

warning: missing documentation for a struct field
   --> src/analytics/templates.rs:953:5
    |
953 |     pub title: String,
    |     ^^^^^^^^^^^^^^^^^

warning: missing documentation for a struct field
   --> src/analytics/templates.rs:954:5
    |
954 |     pub template_id: String,
    |     ^^^^^^^^^^^^^^^^^^^^^^^

warning: missing documentation for a struct field
   --> src/analytics/templates.rs:955:5
    |
955 |     pub generated_at: DateTime<Utc>,
    |     ^^^^^^^^^^^^^^^^^^^^^^^^^^^^^^^

warning: missing documentation for a struct field
   --> src/analytics/templates.rs:956:5
    |
956 |     pub period: ReportPeriod,
    |     ^^^^^^^^^^^^^^^^^^^^^^^^

warning: missing documentation for a struct field
   --> src/analytics/templates.rs:957:5
    |
957 |     pub sections: Vec<ReportSection>,
    |     ^^^^^^^^^^^^^^^^^^^^^^^^^^^^^^^^

warning: missing documentation for a struct field
   --> src/analytics/templates.rs:958:5
    |
958 |     pub metadata: ReportMetadata,
    |     ^^^^^^^^^^^^^^^^^^^^^^^^^^^^

warning: missing documentation for a struct field
   --> src/analytics/templates.rs:964:5
    |
964 |     pub id: String,
    |     ^^^^^^^^^^^^^^

warning: missing documentation for a struct field
   --> src/analytics/templates.rs:965:5
    |
965 |     pub title: String,
    |     ^^^^^^^^^^^^^^^^^

warning: missing documentation for a struct field
   --> src/analytics/templates.rs:966:5
    |
966 |     pub content: SectionContent,
    |     ^^^^^^^^^^^^^^^^^^^^^^^^^^^

warning: missing documentation for a struct field
   --> src/analytics/templates.rs:967:5
    |
967 |     pub visualizations: Vec<VisualizationType>,
    |     ^^^^^^^^^^^^^^^^^^^^^^^^^^^^^^^^^^^^^^^^^^

warning: missing documentation for a variant
   --> src/analytics/templates.rs:974:5
    |
974 |     Text {
    |     ^^^^

warning: missing documentation for a struct field
   --> src/analytics/templates.rs:975:9
    |
975 |         content: String,
    |         ^^^^^^^^^^^^^^^

warning: missing documentation for a variant
   --> src/analytics/templates.rs:977:5
    |
977 |     Table {
    |     ^^^^^

warning: missing documentation for a struct field
   --> src/analytics/templates.rs:978:9
    |
978 |         headers: Vec<String>,
    |         ^^^^^^^^^^^^^^^^^^^^

warning: missing documentation for a struct field
   --> src/analytics/templates.rs:979:9
    |
979 |         rows: Vec<Vec<String>>,
    |         ^^^^^^^^^^^^^^^^^^^^^^

warning: missing documentation for a variant
   --> src/analytics/templates.rs:981:5
    |
981 |     Chart {
    |     ^^^^^

warning: missing documentation for a struct field
   --> src/analytics/templates.rs:982:9
    |
982 |         chart_type: ChartType,
    |         ^^^^^^^^^^^^^^^^^^^^^

warning: missing documentation for a struct field
   --> src/analytics/templates.rs:983:9
    |
983 |         data: serde_json::Value,
    |         ^^^^^^^^^^^^^^^^^^^^^^^

warning: missing documentation for a variant
   --> src/analytics/templates.rs:985:5
    |
985 |     Metrics {
    |     ^^^^^^^

warning: missing documentation for a struct field
   --> src/analytics/templates.rs:986:9
    |
986 |         metrics: Vec<Metric>,
    |         ^^^^^^^^^^^^^^^^^^^^

warning: missing documentation for a struct field
   --> src/analytics/templates.rs:987:9
    |
987 |         layout: MetricsLayout,
    |         ^^^^^^^^^^^^^^^^^^^^^

warning: missing documentation for a struct field
   --> src/analytics/templates.rs:994:5
    |
994 |     pub label: String,
    |     ^^^^^^^^^^^^^^^^^

warning: missing documentation for a struct field
   --> src/analytics/templates.rs:995:5
    |
995 |     pub value: String,
    |     ^^^^^^^^^^^^^^^^^

warning: missing documentation for a struct field
   --> src/analytics/templates.rs:996:5
    |
996 |     pub change: Option<String>,
    |     ^^^^^^^^^^^^^^^^^^^^^^^^^^

warning: missing documentation for a struct field
   --> src/analytics/templates.rs:997:5
    |
997 |     pub trend: Option<String>,
    |     ^^^^^^^^^^^^^^^^^^^^^^^^^

warning: missing documentation for a struct field
    --> src/analytics/templates.rs:1003:5
     |
1003 |     pub template_version: String,
     |     ^^^^^^^^^^^^^^^^^^^^^^^^^^^^

warning: missing documentation for a struct field
    --> src/analytics/templates.rs:1004:5
     |
1004 |     pub generator_version: String,
     |     ^^^^^^^^^^^^^^^^^^^^^^^^^^^^^

warning: missing documentation for a struct field
    --> src/analytics/templates.rs:1005:5
     |
1005 |     pub filters: HashMap<String, String>,
     |     ^^^^^^^^^^^^^^^^^^^^^^^^^^^^^^^^^^^^

warning: missing documentation for a struct field
    --> src/analytics/templates.rs:1006:5
     |
1006 |     pub data_sources: Vec<String>,
     |     ^^^^^^^^^^^^^^^^^^^^^^^^^^^^^

warning: missing documentation for a struct field
  --> src/analytics/trend_analysis.rs:33:5
   |
33 |     pub metric_name: String,
   |     ^^^^^^^^^^^^^^^^^^^^^^^

warning: missing documentation for a struct field
  --> src/analytics/trend_analysis.rs:34:5
   |
34 |     pub data_points: VecDeque<DataPoint>,
   |     ^^^^^^^^^^^^^^^^^^^^^^^^^^^^^^^^^^^^

warning: missing documentation for a struct field
  --> src/analytics/trend_analysis.rs:35:5
   |
35 |     pub model_type: ModelType,
   |     ^^^^^^^^^^^^^^^^^^^^^^^^^

warning: missing documentation for a struct field
  --> src/analytics/trend_analysis.rs:36:5
   |
36 |     pub parameters: ModelParameters,
   |     ^^^^^^^^^^^^^^^^^^^^^^^^^^^^^^^

warning: missing documentation for a struct field
  --> src/analytics/trend_analysis.rs:37:5
   |
37 |     pub last_updated: DateTime<Utc>,
   |     ^^^^^^^^^^^^^^^^^^^^^^^^^^^^^^^

warning: missing documentation for a struct field
  --> src/analytics/trend_analysis.rs:43:5
   |
43 |     pub timestamp: DateTime<Utc>,
   |     ^^^^^^^^^^^^^^^^^^^^^^^^^^^^

warning: missing documentation for a struct field
  --> src/analytics/trend_analysis.rs:44:5
   |
44 |     pub value: f64,
   |     ^^^^^^^^^^^^^^

warning: missing documentation for a struct field
  --> src/analytics/trend_analysis.rs:45:5
   |
45 |     pub metadata: HashMap<String, String>,
   |     ^^^^^^^^^^^^^^^^^^^^^^^^^^^^^^^^^^^^^

warning: missing documentation for a variant
  --> src/analytics/trend_analysis.rs:51:5
   |
51 |     MovingAverage,
   |     ^^^^^^^^^^^^^

warning: missing documentation for a variant
  --> src/analytics/trend_analysis.rs:52:5
   |
52 |     ExponentialSmoothing,
   |     ^^^^^^^^^^^^^^^^^^^^

warning: missing documentation for a variant
  --> src/analytics/trend_analysis.rs:53:5
   |
53 |     ARIMA,
   |     ^^^^^

warning: missing documentation for a variant
  --> src/analytics/trend_analysis.rs:54:5
   |
54 |     Prophet,
   |     ^^^^^^^

warning: missing documentation for a variant
  --> src/analytics/trend_analysis.rs:55:5
   |
55 |     LinearRegression,
   |     ^^^^^^^^^^^^^^^^

warning: missing documentation for a variant
  --> src/analytics/trend_analysis.rs:56:5
   |
56 |     NeuralNetwork,
   |     ^^^^^^^^^^^^^

warning: missing documentation for a struct field
  --> src/analytics/trend_analysis.rs:62:5
   |
62 |     pub window_size: usize,
   |     ^^^^^^^^^^^^^^^^^^^^^^

warning: missing documentation for a struct field
  --> src/analytics/trend_analysis.rs:63:5
   |
63 |     pub alpha: f64, // Smoothing parameter
   |     ^^^^^^^^^^^^^^

warning: missing documentation for a struct field
  --> src/analytics/trend_analysis.rs:64:5
   |
64 |     pub beta: f64,  // Trend parameter
   |     ^^^^^^^^^^^^^

warning: missing documentation for a struct field
  --> src/analytics/trend_analysis.rs:65:5
   |
65 |     pub gamma: f64, // Seasonal parameter
   |     ^^^^^^^^^^^^^^

warning: missing documentation for a struct field
  --> src/analytics/trend_analysis.rs:66:5
   |
66 |     pub seasonality_period: usize,
   |     ^^^^^^^^^^^^^^^^^^^^^^^^^^^^^

warning: missing documentation for a struct field
  --> src/analytics/trend_analysis.rs:84:5
   |
84 |     pub metric: String,
   |     ^^^^^^^^^^^^^^^^^^

warning: missing documentation for a struct field
  --> src/analytics/trend_analysis.rs:85:5
   |
85 |     pub predictions: Vec<PredictionPoint>,
   |     ^^^^^^^^^^^^^^^^^^^^^^^^^^^^^^^^^^^^^

warning: missing documentation for a struct field
  --> src/analytics/trend_analysis.rs:86:5
   |
86 |     pub confidence_level: f64,
   |     ^^^^^^^^^^^^^^^^^^^^^^^^^

warning: missing documentation for a struct field
  --> src/analytics/trend_analysis.rs:87:5
   |
87 |     pub model_accuracy: f64,
   |     ^^^^^^^^^^^^^^^^^^^^^^^

warning: missing documentation for a struct field
  --> src/analytics/trend_analysis.rs:88:5
   |
88 |     pub trend_direction: TrendDirection,
   |     ^^^^^^^^^^^^^^^^^^^^^^^^^^^^^^^^^^^

warning: missing documentation for a struct field
  --> src/analytics/trend_analysis.rs:89:5
   |
89 |     pub seasonality: Option<SeasonalPattern>,
   |     ^^^^^^^^^^^^^^^^^^^^^^^^^^^^^^^^^^^^^^^^

warning: missing documentation for a struct field
  --> src/analytics/trend_analysis.rs:95:5
   |
95 |     pub timestamp: DateTime<Utc>,
   |     ^^^^^^^^^^^^^^^^^^^^^^^^^^^^

warning: missing documentation for a struct field
  --> src/analytics/trend_analysis.rs:96:5
   |
96 |     pub predicted_value: f64,
   |     ^^^^^^^^^^^^^^^^^^^^^^^^

warning: missing documentation for a struct field
  --> src/analytics/trend_analysis.rs:97:5
   |
97 |     pub lower_bound: f64,
   |     ^^^^^^^^^^^^^^^^^^^^

warning: missing documentation for a struct field
  --> src/analytics/trend_analysis.rs:98:5
   |
98 |     pub upper_bound: f64,
   |     ^^^^^^^^^^^^^^^^^^^^

warning: missing documentation for a struct field
  --> src/analytics/trend_analysis.rs:99:5
   |
99 |     pub confidence: f64,
   |     ^^^^^^^^^^^^^^^^^^^

warning: missing documentation for a variant
   --> src/analytics/trend_analysis.rs:105:5
    |
105 |     StronglyIncreasing,
    |     ^^^^^^^^^^^^^^^^^^

warning: missing documentation for a variant
   --> src/analytics/trend_analysis.rs:106:5
    |
106 |     Increasing,
    |     ^^^^^^^^^^

warning: missing documentation for a variant
   --> src/analytics/trend_analysis.rs:107:5
    |
107 |     Stable,
    |     ^^^^^^

warning: missing documentation for a variant
   --> src/analytics/trend_analysis.rs:108:5
    |
108 |     Decreasing,
    |     ^^^^^^^^^^

warning: missing documentation for a variant
   --> src/analytics/trend_analysis.rs:109:5
    |
109 |     StronglyDecreasing,
    |     ^^^^^^^^^^^^^^^^^^

warning: missing documentation for a struct field
   --> src/analytics/trend_analysis.rs:115:5
    |
115 |     pub pattern_type: SeasonalityType,
    |     ^^^^^^^^^^^^^^^^^^^^^^^^^^^^^^^^^

warning: missing documentation for a struct field
   --> src/analytics/trend_analysis.rs:116:5
    |
116 |     pub period: usize,
    |     ^^^^^^^^^^^^^^^^^

warning: missing documentation for a struct field
   --> src/analytics/trend_analysis.rs:117:5
    |
117 |     pub amplitude: f64,
    |     ^^^^^^^^^^^^^^^^^^

warning: missing documentation for a struct field
   --> src/analytics/trend_analysis.rs:118:5
    |
118 |     pub phase_shift: f64,
    |     ^^^^^^^^^^^^^^^^^^^^

warning: missing documentation for a struct field
   --> src/analytics/trend_analysis.rs:119:5
    |
119 |     pub strength: f64,
    |     ^^^^^^^^^^^^^^^^^

warning: missing documentation for a variant
   --> src/analytics/trend_analysis.rs:125:5
    |
125 |     Daily,
    |     ^^^^^

warning: missing documentation for a variant
   --> src/analytics/trend_analysis.rs:126:5
    |
126 |     Weekly,
    |     ^^^^^^

warning: missing documentation for a variant
   --> src/analytics/trend_analysis.rs:127:5
    |
127 |     Monthly,
    |     ^^^^^^^

warning: missing documentation for a variant
   --> src/analytics/trend_analysis.rs:128:5
    |
128 |     Quarterly,
    |     ^^^^^^^^^

warning: missing documentation for a variant
   --> src/analytics/trend_analysis.rs:129:5
    |
129 |     Yearly,
    |     ^^^^^^

warning: missing documentation for a variant
   --> src/analytics/trend_analysis.rs:130:5
    |
130 |     Custom(usize),
    |     ^^^^^^

warning: missing documentation for a struct field
   --> src/analytics/trend_analysis.rs:136:5
    |
136 |     pub timestamp: DateTime<Utc>,
    |     ^^^^^^^^^^^^^^^^^^^^^^^^^^^^

warning: missing documentation for a struct field
   --> src/analytics/trend_analysis.rs:137:5
    |
137 |     pub metric: String,
    |     ^^^^^^^^^^^^^^^^^^

warning: missing documentation for a struct field
   --> src/analytics/trend_analysis.rs:138:5
    |
138 |     pub actual_value: f64,
    |     ^^^^^^^^^^^^^^^^^^^^^

warning: missing documentation for a struct field
   --> src/analytics/trend_analysis.rs:139:5
    |
139 |     pub expected_value: f64,
    |     ^^^^^^^^^^^^^^^^^^^^^^^

warning: missing documentation for a struct field
   --> src/analytics/trend_analysis.rs:140:5
    |
140 |     pub deviation: f64,
    |     ^^^^^^^^^^^^^^^^^^

warning: missing documentation for a struct field
   --> src/analytics/trend_analysis.rs:141:5
    |
141 |     pub severity: AnomalySeverity,
    |     ^^^^^^^^^^^^^^^^^^^^^^^^^^^^^

warning: missing documentation for a struct field
   --> src/analytics/trend_analysis.rs:142:5
    |
142 |     pub explanation: String,
    |     ^^^^^^^^^^^^^^^^^^^^^^^

warning: missing documentation for a variant
   --> src/analytics/trend_analysis.rs:148:5
    |
148 |     Low,
    |     ^^^

warning: missing documentation for a variant
   --> src/analytics/trend_analysis.rs:149:5
    |
149 |     Medium,
    |     ^^^^^^

warning: missing documentation for a variant
   --> src/analytics/trend_analysis.rs:150:5
    |
150 |     High,
    |     ^^^^

warning: missing documentation for a variant
   --> src/analytics/trend_analysis.rs:151:5
    |
151 |     Critical,
    |     ^^^^^^^^

warning: missing documentation for a variant
   --> src/analytics/trend_analysis.rs:157:5
    |
157 |     Hour,
    |     ^^^^

warning: missing documentation for a variant
   --> src/analytics/trend_analysis.rs:158:5
    |
158 |     Day,
    |     ^^^

warning: missing documentation for a variant
   --> src/analytics/trend_analysis.rs:159:5
    |
159 |     Week,
    |     ^^^^

warning: missing documentation for a variant
   --> src/analytics/trend_analysis.rs:160:5
    |
160 |     Month,
    |     ^^^^^

warning: missing documentation for a variant
   --> src/analytics/trend_analysis.rs:161:5
    |
161 |     Quarter,
    |     ^^^^^^^

warning: missing documentation for a variant
   --> src/analytics/trend_analysis.rs:162:5
    |
162 |     Custom(i64),
    |     ^^^^^^

warning: missing documentation for a method
   --> src/analytics/trend_analysis.rs:166:5
    |
166 |     pub fn to_duration(&self) -> Duration {
    |     ^^^^^^^^^^^^^^^^^^^^^^^^^^^^^^^^^^^^^

warning: missing documentation for a struct field
   --> src/analytics/trend_analysis.rs:181:5
    |
181 |     pub level: f64,
    |     ^^^^^^^^^^^^^^

warning: missing documentation for a struct field
   --> src/analytics/trend_analysis.rs:182:5
    |
182 |     pub lower_multiplier: f64,
    |     ^^^^^^^^^^^^^^^^^^^^^^^^^

warning: missing documentation for a struct field
   --> src/analytics/trend_analysis.rs:183:5
    |
183 |     pub upper_multiplier: f64,
    |     ^^^^^^^^^^^^^^^^^^^^^^^^^

warning: missing documentation for a struct field
   --> src/analytics/trend_analysis.rs:199:5
    |
199 |     pub key_trends: Vec<KeyTrend>,
    |     ^^^^^^^^^^^^^^^^^^^^^^^^^^^^^

warning: missing documentation for a struct field
   --> src/analytics/trend_analysis.rs:200:5
    |
200 |     pub predictions: Vec<TrendPrediction>,
    |     ^^^^^^^^^^^^^^^^^^^^^^^^^^^^^^^^^^^^^

warning: missing documentation for a struct field
   --> src/analytics/trend_analysis.rs:201:5
    |
201 |     pub anomalies: Vec<AnomalyDetection>,
    |     ^^^^^^^^^^^^^^^^^^^^^^^^^^^^^^^^^^^^

warning: missing documentation for a struct field
   --> src/analytics/trend_analysis.rs:202:5
    |
202 |     pub seasonal_patterns: Vec<SeasonalPattern>,
    |     ^^^^^^^^^^^^^^^^^^^^^^^^^^^^^^^^^^^^^^^^^^^

warning: missing documentation for a struct field
   --> src/analytics/trend_analysis.rs:203:5
    |
203 |     pub insights: Vec<TrendInsight>,
    |     ^^^^^^^^^^^^^^^^^^^^^^^^^^^^^^^

warning: missing documentation for a struct field
   --> src/analytics/trend_analysis.rs:209:5
    |
209 |     pub metric: String,
    |     ^^^^^^^^^^^^^^^^^^

warning: missing documentation for a struct field
   --> src/analytics/trend_analysis.rs:210:5
    |
210 |     pub current_value: f64,
    |     ^^^^^^^^^^^^^^^^^^^^^^

warning: missing documentation for a struct field
   --> src/analytics/trend_analysis.rs:211:5
    |
211 |     pub previous_value: f64,
    |     ^^^^^^^^^^^^^^^^^^^^^^^

warning: missing documentation for a struct field
   --> src/analytics/trend_analysis.rs:212:5
    |
212 |     pub change_percent: f64,
    |     ^^^^^^^^^^^^^^^^^^^^^^^

warning: missing documentation for a struct field
   --> src/analytics/trend_analysis.rs:213:5
    |
213 |     pub trend_direction: TrendDirection,
    |     ^^^^^^^^^^^^^^^^^^^^^^^^^^^^^^^^^^^

warning: missing documentation for a struct field
   --> src/analytics/trend_analysis.rs:214:5
    |
214 |     pub momentum: f64,
    |     ^^^^^^^^^^^^^^^^^

warning: missing documentation for a struct field
   --> src/analytics/trend_analysis.rs:220:5
    |
220 |     pub title: String,
    |     ^^^^^^^^^^^^^^^^^

warning: missing documentation for a struct field
   --> src/analytics/trend_analysis.rs:221:5
    |
221 |     pub description: String,
    |     ^^^^^^^^^^^^^^^^^^^^^^^

warning: missing documentation for a struct field
   --> src/analytics/trend_analysis.rs:222:5
    |
222 |     pub metrics_affected: Vec<String>,
    |     ^^^^^^^^^^^^^^^^^^^^^^^^^^^^^^^^^

warning: missing documentation for a struct field
   --> src/analytics/trend_analysis.rs:223:5
    |
223 |     pub recommended_actions: Vec<String>,
    |     ^^^^^^^^^^^^^^^^^^^^^^^^^^^^^^^^^^^^

warning: missing documentation for a struct field
   --> src/analytics/trend_analysis.rs:224:5
    |
224 |     pub confidence: f64,
    |     ^^^^^^^^^^^^^^^^^^^

warning: missing documentation for a struct field
   --> src/cache/mod.rs:129:5
    |
129 |     pub hits: u64,
    |     ^^^^^^^^^^^^^

warning: missing documentation for a struct field
   --> src/cache/mod.rs:130:5
    |
130 |     pub misses: u64,
    |     ^^^^^^^^^^^^^^^

warning: missing documentation for a struct field
   --> src/cache/mod.rs:131:5
    |
131 |     pub entries: usize,
    |     ^^^^^^^^^^^^^^^^^^

warning: missing documentation for a struct field
   --> src/cache/mod.rs:132:5
    |
132 |     pub size: usize,
    |     ^^^^^^^^^^^^^^^

warning: missing documentation for a module
  --> src/cli/mod.rs:10:1
   |
10 | pub mod completions;
   | ^^^^^^^^^^^^^^^^^^^

warning: missing documentation for a struct field
  --> src/cli/accessibility.rs:21:5
   |
21 |     pub text: String,
   |     ^^^^^^^^^^^^^^^^

warning: missing documentation for a struct field
  --> src/cli/accessibility.rs:22:5
   |
22 |     pub priority: AnnouncementPriority,
   |     ^^^^^^^^^^^^^^^^^^^^^^^^^^^^^^^^^^

warning: missing documentation for a struct field
  --> src/cli/accessibility.rs:23:5
   |
23 |     pub region: AccessibilityRegion,
   |     ^^^^^^^^^^^^^^^^^^^^^^^^^^^^^^^

warning: missing documentation for a variant
  --> src/cli/accessibility.rs:29:5
   |
29 |     Low,      // Informational updates
   |     ^^^

warning: missing documentation for a variant
  --> src/cli/accessibility.rs:30:5
   |
30 |     Medium,   // Status changes
   |     ^^^^^^

warning: missing documentation for a variant
  --> src/cli/accessibility.rs:31:5
   |
31 |     High,     // Important notifications
   |     ^^^^

warning: missing documentation for a variant
  --> src/cli/accessibility.rs:32:5
   |
32 |     Critical, // Errors or urgent information
   |     ^^^^^^^^

warning: missing documentation for a variant
  --> src/cli/accessibility.rs:38:5
   |
38 |     Input,
   |     ^^^^^

warning: missing documentation for a variant
  --> src/cli/accessibility.rs:39:5
   |
39 |     Messages,
   |     ^^^^^^^^

warning: missing documentation for a variant
  --> src/cli/accessibility.rs:40:5
   |
40 |     Consensus,
   |     ^^^^^^^^^

warning: missing documentation for a variant
  --> src/cli/accessibility.rs:41:5
   |
41 |     Status,
   |     ^^^^^^

warning: missing documentation for a variant
  --> src/cli/accessibility.rs:42:5
   |
42 |     Global,
   |     ^^^^^^

warning: missing documentation for an associated function
   --> src/cli/accessibility.rs:238:5
    |
238 |     pub fn new() -> Self {
    |     ^^^^^^^^^^^^^^^^^^^^

warning: missing documentation for a struct field
   --> src/cli/args.rs:473:9
    |
473 |         command: AnalyticsCommands,
    |         ^^^^^^^^^^^^^^^^^^^^^^^^^^

warning: missing documentation for a struct field
   --> src/cli/args.rs:479:9
    |
479 |         command: MemoryCommands,
    |         ^^^^^^^^^^^^^^^^^^^^^^^

warning: missing documentation for a struct field
   --> src/cli/args.rs:523:9
    |
523 |         command: IndexCommands,
    |         ^^^^^^^^^^^^^^^^^^^^^^

warning: missing documentation for a struct field
   --> src/cli/args.rs:565:9
    |
565 |         command: ConfigCommands,
    |         ^^^^^^^^^^^^^^^^^^^^^^^

warning: missing documentation for a struct field
   --> src/cli/args.rs:571:9
    |
571 |         command: TrustCommands,
    |         ^^^^^^^^^^^^^^^^^^^^^^

warning: missing documentation for a struct field
   --> src/cli/args.rs:577:9
    |
577 |         command: HookCommands,
    |         ^^^^^^^^^^^^^^^^^^^^^

warning: missing documentation for a struct field
   --> src/cli/args.rs:631:9
    |
631 |         command: crate::commands::ShellCommands,
    |         ^^^^^^^^^^^^^^^^^^^^^^^^^^^^^^^^^^^^^^^

warning: missing documentation for a struct field
   --> src/cli/args.rs:683:9
    |
683 |         command: MigrateCommands,
    |         ^^^^^^^^^^^^^^^^^^^^^^^^

warning: missing documentation for a struct field
   --> src/cli/args.rs:689:9
    |
689 |         command: crate::commands::LspCommands,
    |         ^^^^^^^^^^^^^^^^^^^^^^^^^^^^^^^^^^^^^

warning: missing documentation for a struct field
   --> src/cli/args.rs:695:9
    |
695 |         command: crate::commands::SecurityCommands,
    |         ^^^^^^^^^^^^^^^^^^^^^^^^^^^^^^^^^^^^^^^^^^

warning: missing documentation for a struct field
    --> src/cli/args.rs:1128:9
     |
1128 |         command: KnowledgeCommands,
     |         ^^^^^^^^^^^^^^^^^^^^^^^^^^

warning: missing documentation for a struct field
    --> src/cli/args.rs:1432:9
     |
1432 |         command: SecurityCommands,
     |         ^^^^^^^^^^^^^^^^^^^^^^^^^

warning: missing documentation for a struct field
  --> src/cli/banner.rs:24:5
   |
24 |     pub consensus_profile: Option<String>,
   |     ^^^^^^^^^^^^^^^^^^^^^^^^^^^^^^^^^^^^^

warning: missing documentation for a struct field
  --> src/cli/banner.rs:25:5
   |
25 |     pub model_count: usize,
   |     ^^^^^^^^^^^^^^^^^^^^^^

warning: missing documentation for a struct field
  --> src/cli/banner.rs:26:5
   |
26 |     pub conversation_count: usize,
   |     ^^^^^^^^^^^^^^^^^^^^^^^^^^^^^

warning: missing documentation for a struct field
  --> src/cli/banner.rs:27:5
   |
27 |     pub internet_connected: bool,
   |     ^^^^^^^^^^^^^^^^^^^^^^^^^^^^

warning: missing documentation for a struct field
  --> src/cli/banner.rs:28:5
   |
28 |     pub api_available: bool,
   |     ^^^^^^^^^^^^^^^^^^^^^^^

warning: missing documentation for a struct field
  --> src/cli/banner.rs:29:5
   |
29 |     pub memory_usage_mb: f64,
   |     ^^^^^^^^^^^^^^^^^^^^^^^^

warning: missing documentation for a method
   --> src/cli/framework.rs:471:5
    |
471 |     pub async fn test_consensus(&mut self, query: &str) -> HiveResult<()> {
    |     ^^^^^^^^^^^^^^^^^^^^^^^^^^^^^^^^^^^^^^^^^^^^^^^^^^^^^^^^^^^^^^^^^^^^^

warning: missing documentation for a method
   --> src/cli/framework.rs:491:5
    |
491 |     pub async fn show_consensus_stats(&self) -> HiveResult<()> {
    |     ^^^^^^^^^^^^^^^^^^^^^^^^^^^^^^^^^^^^^^^^^^^^^^^^^^^^^^^^^^

warning: missing documentation for a method
   --> src/cli/framework.rs:525:5
    |
525 |     pub async fn configure_consensus(&mut self, _models: Option<&str>) -> HiveResult<()> {
    |     ^^^^^^^^^^^^^^^^^^^^^^^^^^^^^^^^^^^^^^^^^^^^^^^^^^^^^^^^^^^^^^^^^^^^^^^^^^^^^^^^^^^^

warning: missing documentation for a method
   --> src/cli/framework.rs:533:5
    |
533 |     pub async fn show_security_status(&self) -> HiveResult<()> {
    |     ^^^^^^^^^^^^^^^^^^^^^^^^^^^^^^^^^^^^^^^^^^^^^^^^^^^^^^^^^^

warning: missing documentation for a method
   --> src/cli/framework.rs:572:5
    |
572 |     pub async fn list_trust_decisions(&self) -> HiveResult<()> {
    |     ^^^^^^^^^^^^^^^^^^^^^^^^^^^^^^^^^^^^^^^^^^^^^^^^^^^^^^^^^^

warning: missing documentation for a method
   --> src/cli/framework.rs:619:5
    |
619 |     pub async fn grant_trust(&mut self, path: &Path, scope: &str) -> HiveResult<()> {
    |     ^^^^^^^^^^^^^^^^^^^^^^^^^^^^^^^^^^^^^^^^^^^^^^^^^^^^^^^^^^^^^^^^^^^^^^^^^^^^^^^

warning: missing documentation for a method
   --> src/cli/framework.rs:629:5
    |
629 |     pub async fn revoke_trust(&mut self, path: &Path) -> HiveResult<()> {
    |     ^^^^^^^^^^^^^^^^^^^^^^^^^^^^^^^^^^^^^^^^^^^^^^^^^^^^^^^^^^^^^^^^^^^

warning: missing documentation for a method
   --> src/cli/framework.rs:639:5
    |
639 |     pub async fn cleanup_trust(&mut self) -> HiveResult<()> {
    |     ^^^^^^^^^^^^^^^^^^^^^^^^^^^^^^^^^^^^^^^^^^^^^^^^^^^^^^^

warning: missing documentation for a method
   --> src/cli/framework.rs:649:5
    |
649 |     pub async fn show_audit_logs(&self, limit: usize) -> HiveResult<()> {
    |     ^^^^^^^^^^^^^^^^^^^^^^^^^^^^^^^^^^^^^^^^^^^^^^^^^^^^^^^^^^^^^^^^^^^

warning: missing documentation for a method
   --> src/cli/framework.rs:709:5
    |
709 |     pub async fn list_users(&self) -> HiveResult<()> {
    |     ^^^^^^^^^^^^^^^^^^^^^^^^^^^^^^^^^^^^^^^^^^^^^^^^

warning: missing documentation for a method
   --> src/cli/framework.rs:764:5
    |
764 |     pub async fn create_user(&mut self, username: &str, email: &str, name: &str) -> HiveResult<()> {
    |     ^^^^^^^^^^^^^^^^^^^^^^^^^^^^^^^^^^^^^^^^^^^^^^^^^^^^^^^^^^^^^^^^^^^^^^^^^^^^^^^^^^^^^^^^^^^^^^

warning: missing documentation for a method
   --> src/cli/framework.rs:775:5
    |
775 |     pub async fn assign_role(&mut self, user_id: &str, role: &str) -> HiveResult<()> {
    |     ^^^^^^^^^^^^^^^^^^^^^^^^^^^^^^^^^^^^^^^^^^^^^^^^^^^^^^^^^^^^^^^^^^^^^^^^^^^^^^^^

warning: missing documentation for a method
   --> src/cli/framework.rs:790:5
    |
790 |     pub async fn list_hooks(&self) -> HiveResult<()> {
    |     ^^^^^^^^^^^^^^^^^^^^^^^^^^^^^^^^^^^^^^^^^^^^^^^^

warning: missing documentation for a method
   --> src/cli/framework.rs:834:5
    |
834 |     pub async fn register_hook(&mut self, config_path: &Path) -> HiveResult<()> {
    |     ^^^^^^^^^^^^^^^^^^^^^^^^^^^^^^^^^^^^^^^^^^^^^^^^^^^^^^^^^^^^^^^^^^^^^^^^^^^

warning: missing documentation for a method
   --> src/cli/framework.rs:853:5
    |
853 |     pub async fn test_hook(&mut self, config_path: &Path, event: &str) -> HiveResult<()> {
    |     ^^^^^^^^^^^^^^^^^^^^^^^^^^^^^^^^^^^^^^^^^^^^^^^^^^^^^^^^^^^^^^^^^^^^^^^^^^^^^^^^^^^^

warning: missing documentation for a method
   --> src/cli/framework.rs:891:5
    |
891 |     pub async fn enable_hook(&mut self, hook_id: &str) -> HiveResult<()> {
    |     ^^^^^^^^^^^^^^^^^^^^^^^^^^^^^^^^^^^^^^^^^^^^^^^^^^^^^^^^^^^^^^^^^^^^

warning: missing documentation for a method
   --> src/cli/framework.rs:904:5
    |
904 |     pub async fn disable_hook(&mut self, hook_id: &str) -> HiveResult<()> {
    |     ^^^^^^^^^^^^^^^^^^^^^^^^^^^^^^^^^^^^^^^^^^^^^^^^^^^^^^^^^^^^^^^^^^^^^

warning: missing documentation for a method
   --> src/cli/framework.rs:919:5
    |
919 |     pub async fn show_config(&self) -> HiveResult<()> {
    |     ^^^^^^^^^^^^^^^^^^^^^^^^^^^^^^^^^^^^^^^^^^^^^^^^^

warning: missing documentation for a method
   --> src/cli/framework.rs:969:5
    |
969 |     pub async fn set_config(&mut self, key: &str, value: &str) -> HiveResult<()> {
    |     ^^^^^^^^^^^^^^^^^^^^^^^^^^^^^^^^^^^^^^^^^^^^^^^^^^^^^^^^^^^^^^^^^^^^^^^^^^^^

warning: missing documentation for a method
   --> src/cli/framework.rs:983:5
    |
983 |     pub async fn reset_config(&mut self) -> HiveResult<()> {
    |     ^^^^^^^^^^^^^^^^^^^^^^^^^^^^^^^^^^^^^^^^^^^^^^^^^^^^^^

warning: missing documentation for a method
    --> src/cli/framework.rs:1001:5
     |
1001 |     pub async fn show_memory_stats(&self) -> HiveResult<()> {
     |     ^^^^^^^^^^^^^^^^^^^^^^^^^^^^^^^^^^^^^^^^^^^^^^^^^^^^^^^

warning: missing documentation for a method
    --> src/cli/framework.rs:1034:5
     |
1034 |     pub async fn search_memory(&self, query: &str) -> HiveResult<()> {
     |     ^^^^^^^^^^^^^^^^^^^^^^^^^^^^^^^^^^^^^^^^^^^^^^^^^^^^^^^^^^^^^^^^

warning: missing documentation for a method
    --> src/cli/framework.rs:1073:5
     |
1073 |     pub async fn clear_memory(&mut self, confirm: bool) -> HiveResult<()> {
     |     ^^^^^^^^^^^^^^^^^^^^^^^^^^^^^^^^^^^^^^^^^^^^^^^^^^^^^^^^^^^^^^^^^^^^^

warning: missing documentation for a method
    --> src/cli/framework.rs:1095:5
     |
1095 |     pub async fn show_analytics_dashboard(&self) -> HiveResult<()> {
     |     ^^^^^^^^^^^^^^^^^^^^^^^^^^^^^^^^^^^^^^^^^^^^^^^^^^^^^^^^^^^^^^

warning: missing documentation for a method
    --> src/cli/framework.rs:1139:5
     |
1139 |     pub async fn generate_analytics_report(&self, report_type: &str) -> HiveResult<()> {
     |     ^^^^^^^^^^^^^^^^^^^^^^^^^^^^^^^^^^^^^^^^^^^^^^^^^^^^^^^^^^^^^^^^^^^^^^^^^^^^^^^^^^

warning: missing documentation for a method
    --> src/cli/framework.rs:1176:5
     |
1176 |     pub async fn show_analytics_trends(&self, period: &str) -> HiveResult<()> {
     |     ^^^^^^^^^^^^^^^^^^^^^^^^^^^^^^^^^^^^^^^^^^^^^^^^^^^^^^^^^^^^^^^^^^^^^^^^^

warning: missing documentation for a method
    --> src/cli/framework.rs:1209:5
     |
1209 |     pub async fn show_enterprise_status(&self) -> HiveResult<()> {
     |     ^^^^^^^^^^^^^^^^^^^^^^^^^^^^^^^^^^^^^^^^^^^^^^^^^^^^^^^^^^^^

warning: missing documentation for a method
    --> src/cli/framework.rs:1244:5
     |
1244 |     pub async fn list_teams(&self) -> HiveResult<()> {
     |     ^^^^^^^^^^^^^^^^^^^^^^^^^^^^^^^^^^^^^^^^^^^^^^^^

warning: missing documentation for a method
    --> src/cli/framework.rs:1283:5
     |
1283 |     pub async fn create_team(&mut self, name: &str, description: &str) -> HiveResult<()> {
     |     ^^^^^^^^^^^^^^^^^^^^^^^^^^^^^^^^^^^^^^^^^^^^^^^^^^^^^^^^^^^^^^^^^^^^^^^^^^^^^^^^^^^^

warning: missing documentation for a method
    --> src/cli/framework.rs:1293:5
     |
1293 |     pub async fn add_user_to_team(&mut self, user_id: &str, team: &str) -> HiveResult<()> {
     |     ^^^^^^^^^^^^^^^^^^^^^^^^^^^^^^^^^^^^^^^^^^^^^^^^^^^^^^^^^^^^^^^^^^^^^^^^^^^^^^^^^^^^^

warning: missing documentation for a method
    --> src/cli/framework.rs:1306:5
     |
1306 |     pub async fn show_compliance_report(&self, standard: &str) -> HiveResult<()> {
     |     ^^^^^^^^^^^^^^^^^^^^^^^^^^^^^^^^^^^^^^^^^^^^^^^^^^^^^^^^^^^^^^^^^^^^^^^^^^^^

warning: missing documentation for a method
    --> src/cli/framework.rs:1356:5
     |
1356 |     pub async fn estimate_cost(&self, query: &str) -> HiveResult<()> {
     |     ^^^^^^^^^^^^^^^^^^^^^^^^^^^^^^^^^^^^^^^^^^^^^^^^^^^^^^^^^^^^^^^^

warning: missing documentation for a method
    --> src/cli/framework.rs:1373:5
     |
1373 |     pub async fn show_cost_settings(&self) -> HiveResult<()> {
     |     ^^^^^^^^^^^^^^^^^^^^^^^^^^^^^^^^^^^^^^^^^^^^^^^^^^^^^^^^

warning: missing documentation for a method
    --> src/cli/framework.rs:1404:5
     |
1404 |     pub async fn set_budget(&mut self, amount: f64) -> HiveResult<()> {
     |     ^^^^^^^^^^^^^^^^^^^^^^^^^^^^^^^^^^^^^^^^^^^^^^^^^^^^^^^^^^^^^^^^^

warning: missing documentation for a struct field
  --> src/cli/tui_capabilities.rs:15:5
   |
15 |     pub supports_color: bool,
   |     ^^^^^^^^^^^^^^^^^^^^^^^^

warning: missing documentation for a struct field
  --> src/cli/tui_capabilities.rs:16:5
   |
16 |     pub supports_unicode: bool,
   |     ^^^^^^^^^^^^^^^^^^^^^^^^^^

warning: missing documentation for a struct field
  --> src/cli/tui_capabilities.rs:17:5
   |
17 |     pub supports_mouse: bool,
   |     ^^^^^^^^^^^^^^^^^^^^^^^^

warning: missing documentation for a struct field
  --> src/cli/tui_capabilities.rs:18:5
   |
18 |     pub supports_alternate_screen: bool,
   |     ^^^^^^^^^^^^^^^^^^^^^^^^^^^^^^^^^^^

warning: missing documentation for a struct field
  --> src/cli/tui_capabilities.rs:19:5
   |
19 |     pub terminal_size: (u16, u16),
   |     ^^^^^^^^^^^^^^^^^^^^^^^^^^^^^

warning: missing documentation for a struct field
  --> src/cli/tui_capabilities.rs:20:5
   |
20 |     pub color_depth: ColorDepth,
   |     ^^^^^^^^^^^^^^^^^^^^^^^^^^^

warning: missing documentation for a struct field
  --> src/cli/tui_capabilities.rs:21:5
   |
21 |     pub terminal_type: TerminalType,
   |     ^^^^^^^^^^^^^^^^^^^^^^^^^^^^^^^

warning: missing documentation for a struct field
  --> src/cli/tui_capabilities.rs:22:5
   |
22 |     pub supports_true_color: bool,
   |     ^^^^^^^^^^^^^^^^^^^^^^^^^^^^^

warning: missing documentation for a struct field
  --> src/cli/tui_capabilities.rs:23:5
   |
23 |     pub supports_256_color: bool,
   |     ^^^^^^^^^^^^^^^^^^^^^^^^^^^^

warning: missing documentation for a struct field
  --> src/cli/tui_capabilities.rs:24:5
   |
24 |     pub supports_focus_events: bool,
   |     ^^^^^^^^^^^^^^^^^^^^^^^^^^^^^^^

warning: missing documentation for a variant
  --> src/cli/tui_capabilities.rs:30:5
   |
30 |     Monochrome,  // No color support
   |     ^^^^^^^^^^

warning: missing documentation for a variant
  --> src/cli/tui_capabilities.rs:31:5
   |
31 |     Basic8,      // 8 basic colors
   |     ^^^^^^

warning: missing documentation for a variant
  --> src/cli/tui_capabilities.rs:32:5
   |
32 |     Extended256, // 256 colors
   |     ^^^^^^^^^^^

warning: missing documentation for a variant
  --> src/cli/tui_capabilities.rs:33:5
   |
33 |     TrueColor,   // 24-bit true color
   |     ^^^^^^^^^

warning: missing documentation for a variant
  --> src/cli/tui_capabilities.rs:39:5
   |
39 |     Unknown,
   |     ^^^^^^^

warning: missing documentation for a variant
  --> src/cli/tui_capabilities.rs:40:5
   |
40 |     VT100,
   |     ^^^^^

warning: missing documentation for a variant
  --> src/cli/tui_capabilities.rs:41:5
   |
41 |     XTerm,
   |     ^^^^^

warning: missing documentation for a variant
  --> src/cli/tui_capabilities.rs:42:5
   |
42 |     WindowsTerminal,
   |     ^^^^^^^^^^^^^^^

warning: missing documentation for a variant
  --> src/cli/tui_capabilities.rs:43:5
   |
43 |     ITerm2,
   |     ^^^^^^

warning: missing documentation for a variant
  --> src/cli/tui_capabilities.rs:44:5
   |
44 |     VSCodeTerminal,
   |     ^^^^^^^^^^^^^^

warning: missing documentation for a variant
  --> src/cli/tui_capabilities.rs:45:5
   |
45 |     Kitty,
   |     ^^^^^

warning: missing documentation for a variant
  --> src/cli/tui_capabilities.rs:46:5
   |
46 |     Alacritty,
   |     ^^^^^^^^^

warning: missing documentation for a variant
  --> src/cli/tui_capabilities.rs:47:5
   |
47 |     GNOME,
   |     ^^^^^

warning: missing documentation for a variant
  --> src/cli/tui_capabilities.rs:48:5
   |
48 |     KDE,
   |     ^^^

warning: missing documentation for a variant
  --> src/cli/tui_capabilities.rs:54:5
   |
54 |     Disabled, // TUI not supported
   |     ^^^^^^^^

warning: missing documentation for a variant
  --> src/cli/tui_capabilities.rs:55:5
   |
55 |     Simple,   // Basic TUI without advanced features
   |     ^^^^^^

warning: missing documentation for a variant
  --> src/cli/tui_capabilities.rs:56:5
   |
56 |     Enhanced, // Full TUI with advanced features
   |     ^^^^^^^^

warning: missing documentation for a struct field
   --> src/cli/tui_capabilities.rs:376:5
    |
376 |     pub min_width: u16,
    |     ^^^^^^^^^^^^^^^^^^

warning: missing documentation for a struct field
   --> src/cli/tui_capabilities.rs:377:5
    |
377 |     pub min_height: u16,
    |     ^^^^^^^^^^^^^^^^^^^

warning: missing documentation for a struct field
   --> src/cli/tui_capabilities.rs:378:5
    |
378 |     pub explorer_width: u16,  // Percentage
    |     ^^^^^^^^^^^^^^^^^^^^^^^

warning: missing documentation for a struct field
   --> src/cli/tui_capabilities.rs:379:5
    |
379 |     pub consensus_width: u16, // Percentage
    |     ^^^^^^^^^^^^^^^^^^^^^^^^

warning: missing documentation for a struct field
   --> src/cli/tui_capabilities.rs:380:5
    |
380 |     pub terminal_height: u16, // Percentage
    |     ^^^^^^^^^^^^^^^^^^^^^^^^

warning: missing documentation for a struct field
   --> src/cli/tui_capabilities.rs:381:5
    |
381 |     pub supports_panels: bool,
    |     ^^^^^^^^^^^^^^^^^^^^^^^^^

warning: missing documentation for a struct field
   --> src/cli/tui_capabilities.rs:382:5
    |
382 |     pub supports_tabs: bool,
    |     ^^^^^^^^^^^^^^^^^^^^^^^

warning: missing documentation for a struct field
   --> src/cli/tui_capabilities.rs:383:5
    |
383 |     pub supports_syntax_highlighting: bool,
    |     ^^^^^^^^^^^^^^^^^^^^^^^^^^^^^^^^^^^^^^

warning: missing documentation for an associated function
   --> src/cli/tui_capabilities.rs:387:5
    |
387 |     pub fn minimal() -> Self {
    |     ^^^^^^^^^^^^^^^^^^^^^^^^

warning: missing documentation for a variant
  --> src/cli/tui_commands.rs:14:5
   |
14 |     Message(String),
   |     ^^^^^^^

warning: missing documentation for a variant
  --> src/cli/tui_commands.rs:15:5
   |
15 |     Error(String),
   |     ^^^^^

warning: missing documentation for a variant
  --> src/cli/tui_commands.rs:16:5
   |
16 |     ConsensusProgress(f32),
   |     ^^^^^^^^^^^^^^^^^

warning: missing documentation for a variant
  --> src/cli/tui_commands.rs:17:5
   |
17 |     ConsensusComplete,
   |     ^^^^^^^^^^^^^^^^^

warning: missing documentation for a variant
  --> src/cli/tui_commands.rs:18:5
   |
18 |     StatusUpdate(String),
   |     ^^^^^^^^^^^^

warning: missing documentation for a struct field
  --> src/cli/tui_themes.rs:13:5
   |
13 |     pub name: String,
   |     ^^^^^^^^^^^^^^^^

warning: missing documentation for a struct field
  --> src/cli/tui_themes.rs:14:5
   |
14 |     pub description: String,
   |     ^^^^^^^^^^^^^^^^^^^^^^^

warning: missing documentation for a struct field
  --> src/cli/tui_themes.rs:15:5
   |
15 |     pub colors: ThemeColors,
   |     ^^^^^^^^^^^^^^^^^^^^^^^

warning: missing documentation for a struct field
  --> src/cli/tui_themes.rs:16:5
   |
16 |     pub styles: ThemeStyles,
   |     ^^^^^^^^^^^^^^^^^^^^^^^

warning: missing documentation for a struct field
  --> src/cli/tui_themes.rs:17:5
   |
17 |     pub accessibility: AccessibilityOptions,
   |     ^^^^^^^^^^^^^^^^^^^^^^^^^^^^^^^^^^^^^^^

warning: missing documentation for a struct field
  --> src/cli/tui_themes.rs:24:5
   |
24 |     pub background: ThemeColor,
   |     ^^^^^^^^^^^^^^^^^^^^^^^^^^

warning: missing documentation for a struct field
  --> src/cli/tui_themes.rs:25:5
   |
25 |     pub foreground: ThemeColor,
   |     ^^^^^^^^^^^^^^^^^^^^^^^^^^

warning: missing documentation for a struct field
  --> src/cli/tui_themes.rs:26:5
   |
26 |     pub border: ThemeColor,
   |     ^^^^^^^^^^^^^^^^^^^^^^

warning: missing documentation for a struct field
  --> src/cli/tui_themes.rs:27:5
   |
27 |     pub cursor: ThemeColor,
   |     ^^^^^^^^^^^^^^^^^^^^^^

warning: missing documentation for a struct field
  --> src/cli/tui_themes.rs:30:5
   |
30 |     pub success: ThemeColor,
   |     ^^^^^^^^^^^^^^^^^^^^^^^

warning: missing documentation for a struct field
  --> src/cli/tui_themes.rs:31:5
   |
31 |     pub warning: ThemeColor,
   |     ^^^^^^^^^^^^^^^^^^^^^^^

warning: missing documentation for a struct field
  --> src/cli/tui_themes.rs:32:5
   |
32 |     pub error: ThemeColor,
   |     ^^^^^^^^^^^^^^^^^^^^^

warning: missing documentation for a struct field
  --> src/cli/tui_themes.rs:33:5
   |
33 |     pub info: ThemeColor,
   |     ^^^^^^^^^^^^^^^^^^^^

warning: missing documentation for a struct field
  --> src/cli/tui_themes.rs:36:5
   |
36 |     pub generator: ThemeColor,
   |     ^^^^^^^^^^^^^^^^^^^^^^^^^

warning: missing documentation for a struct field
  --> src/cli/tui_themes.rs:37:5
   |
37 |     pub refiner: ThemeColor,
   |     ^^^^^^^^^^^^^^^^^^^^^^^

warning: missing documentation for a struct field
  --> src/cli/tui_themes.rs:38:5
   |
38 |     pub validator: ThemeColor,
   |     ^^^^^^^^^^^^^^^^^^^^^^^^^

warning: missing documentation for a struct field
  --> src/cli/tui_themes.rs:39:5
   |
39 |     pub curator: ThemeColor,
   |     ^^^^^^^^^^^^^^^^^^^^^^^

warning: missing documentation for a struct field
  --> src/cli/tui_themes.rs:42:5
   |
42 |     pub progress_active: ThemeColor,
   |     ^^^^^^^^^^^^^^^^^^^^^^^^^^^^^^^

warning: missing documentation for a struct field
  --> src/cli/tui_themes.rs:43:5
   |
43 |     pub progress_complete: ThemeColor,
   |     ^^^^^^^^^^^^^^^^^^^^^^^^^^^^^^^^^

warning: missing documentation for a struct field
  --> src/cli/tui_themes.rs:44:5
   |
44 |     pub progress_waiting: ThemeColor,
   |     ^^^^^^^^^^^^^^^^^^^^^^^^^^^^^^^^

warning: missing documentation for a struct field
  --> src/cli/tui_themes.rs:45:5
   |
45 |     pub progress_error: ThemeColor,
   |     ^^^^^^^^^^^^^^^^^^^^^^^^^^^^^^

warning: missing documentation for a struct field
  --> src/cli/tui_themes.rs:48:5
   |
48 |     pub user_input: ThemeColor,
   |     ^^^^^^^^^^^^^^^^^^^^^^^^^^

warning: missing documentation for a struct field
  --> src/cli/tui_themes.rs:49:5
   |
49 |     pub system_response: ThemeColor,
   |     ^^^^^^^^^^^^^^^^^^^^^^^^^^^^^^^

warning: missing documentation for a struct field
  --> src/cli/tui_themes.rs:50:5
   |
50 |     pub consensus_progress: ThemeColor,
   |     ^^^^^^^^^^^^^^^^^^^^^^^^^^^^^^^^^^

warning: missing documentation for a struct field
  --> src/cli/tui_themes.rs:51:5
   |
51 |     pub help_text: ThemeColor,
   |     ^^^^^^^^^^^^^^^^^^^^^^^^^

warning: missing documentation for a struct field
  --> src/cli/tui_themes.rs:52:5
   |
52 |     pub status_text: ThemeColor,
   |     ^^^^^^^^^^^^^^^^^^^^^^^^^^^

warning: missing documentation for a struct field
  --> src/cli/tui_themes.rs:55:5
   |
55 |     pub syntax_keyword: ThemeColor,
   |     ^^^^^^^^^^^^^^^^^^^^^^^^^^^^^^

warning: missing documentation for a struct field
  --> src/cli/tui_themes.rs:56:5
   |
56 |     pub syntax_string: ThemeColor,
   |     ^^^^^^^^^^^^^^^^^^^^^^^^^^^^^

warning: missing documentation for a struct field
  --> src/cli/tui_themes.rs:57:5
   |
57 |     pub syntax_comment: ThemeColor,
   |     ^^^^^^^^^^^^^^^^^^^^^^^^^^^^^^

warning: missing documentation for a struct field
  --> src/cli/tui_themes.rs:58:5
   |
58 |     pub syntax_number: ThemeColor,
   |     ^^^^^^^^^^^^^^^^^^^^^^^^^^^^^

warning: missing documentation for a struct field
  --> src/cli/tui_themes.rs:59:5
   |
59 |     pub syntax_function: ThemeColor,
   |     ^^^^^^^^^^^^^^^^^^^^^^^^^^^^^^^

warning: missing documentation for a struct field
  --> src/cli/tui_themes.rs:65:5
   |
65 |     pub title: TextStyle,
   |     ^^^^^^^^^^^^^^^^^^^^

warning: missing documentation for a struct field
  --> src/cli/tui_themes.rs:66:5
   |
66 |     pub input: TextStyle,
   |     ^^^^^^^^^^^^^^^^^^^^

warning: missing documentation for a struct field
  --> src/cli/tui_themes.rs:67:5
   |
67 |     pub status_line: TextStyle,
   |     ^^^^^^^^^^^^^^^^^^^^^^^^^^

warning: missing documentation for a struct field
  --> src/cli/tui_themes.rs:68:5
   |
68 |     pub progress_bar: TextStyle,
   |     ^^^^^^^^^^^^^^^^^^^^^^^^^^^

warning: missing documentation for a struct field
  --> src/cli/tui_themes.rs:69:5
   |
69 |     pub button: TextStyle,
   |     ^^^^^^^^^^^^^^^^^^^^^

warning: missing documentation for a struct field
  --> src/cli/tui_themes.rs:70:5
   |
70 |     pub selected: TextStyle,
   |     ^^^^^^^^^^^^^^^^^^^^^^^

warning: missing documentation for a struct field
  --> src/cli/tui_themes.rs:71:5
   |
71 |     pub focus: TextStyle,
   |     ^^^^^^^^^^^^^^^^^^^^

warning: missing documentation for a struct field
  --> src/cli/tui_themes.rs:77:5
   |
77 |     pub bold: bool,
   |     ^^^^^^^^^^^^^^

warning: missing documentation for a struct field
  --> src/cli/tui_themes.rs:78:5
   |
78 |     pub italic: bool,
   |     ^^^^^^^^^^^^^^^^

warning: missing documentation for a struct field
  --> src/cli/tui_themes.rs:79:5
   |
79 |     pub underlined: bool,
   |     ^^^^^^^^^^^^^^^^^^^^

warning: missing documentation for a struct field
  --> src/cli/tui_themes.rs:80:5
   |
80 |     pub strikethrough: bool,
   |     ^^^^^^^^^^^^^^^^^^^^^^^

warning: missing documentation for a variant
  --> src/cli/tui_themes.rs:87:5
   |
87 |     Named(String), // "red", "blue", etc.
   |     ^^^^^

warning: missing documentation for a variant
  --> src/cli/tui_themes.rs:88:5
   |
88 |     Rgb { r: u8, g: u8, b: u8 },
   |     ^^^

warning: missing documentation for a struct field
  --> src/cli/tui_themes.rs:88:11
   |
88 |     Rgb { r: u8, g: u8, b: u8 },
   |           ^^^^^

warning: missing documentation for a struct field
  --> src/cli/tui_themes.rs:88:18
   |
88 |     Rgb { r: u8, g: u8, b: u8 },
   |                  ^^^^^

warning: missing documentation for a struct field
  --> src/cli/tui_themes.rs:88:25
   |
88 |     Rgb { r: u8, g: u8, b: u8 },
   |                         ^^^^^

warning: missing documentation for a variant
  --> src/cli/tui_themes.rs:89:5
   |
89 |     Indexed(u8), // 0-255
   |     ^^^^^^^

warning: missing documentation for a struct field
  --> src/cli/tui_themes.rs:95:5
   |
95 |     pub high_contrast: bool,
   |     ^^^^^^^^^^^^^^^^^^^^^^^

warning: missing documentation for a struct field
  --> src/cli/tui_themes.rs:96:5
   |
96 |     pub reduced_motion: bool,
   |     ^^^^^^^^^^^^^^^^^^^^^^^^

warning: missing documentation for a struct field
  --> src/cli/tui_themes.rs:97:5
   |
97 |     pub screen_reader_friendly: bool,
   |     ^^^^^^^^^^^^^^^^^^^^^^^^^^^^^^^^

warning: missing documentation for a struct field
  --> src/cli/tui_themes.rs:98:5
   |
98 |     pub color_blind_friendly: bool,
   |     ^^^^^^^^^^^^^^^^^^^^^^^^^^^^^^

warning: missing documentation for a module
 --> src/commands/mod.rs:6:1
  |
6 | pub mod cost;
  | ^^^^^^^^^^^^

warning: missing documentation for a module
  --> src/commands/mod.rs:12:1
   |
12 | pub mod maintenance;
   | ^^^^^^^^^^^^^^^^^^^

warning: missing documentation for a module
  --> src/commands/mod.rs:15:1
   |
15 | pub mod models;
   | ^^^^^^^^^^^^^^

warning: missing documentation for a module
  --> src/commands/mod.rs:16:1
   |
16 | pub mod performance;
   | ^^^^^^^^^^^^^^^^^^^

warning: missing documentation for a module
  --> src/commands/mod.rs:20:1
   |
20 | pub mod shell;
   | ^^^^^^^^^^^^^

warning: missing documentation for a variant
   --> src/commands/analytics.rs:115:5
    |
115 |     Executive,
    |     ^^^^^^^^^

warning: missing documentation for a variant
   --> src/commands/analytics.rs:116:5
    |
116 |     Operational,
    |     ^^^^^^^^^^^

warning: missing documentation for a variant
   --> src/commands/analytics.rs:117:5
    |
117 |     Financial,
    |     ^^^^^^^^^

warning: missing documentation for a variant
   --> src/commands/analytics.rs:118:5
    |
118 |     Performance,
    |     ^^^^^^^^^^^

warning: missing documentation for a variant
   --> src/commands/analytics.rs:124:5
    |
124 |     Day,
    |     ^^^

warning: missing documentation for a variant
   --> src/commands/analytics.rs:125:5
    |
125 |     Week,
    |     ^^^^

warning: missing documentation for a variant
   --> src/commands/analytics.rs:126:5
    |
126 |     Month,
    |     ^^^^^

warning: missing documentation for a variant
   --> src/commands/analytics.rs:127:5
    |
127 |     Quarter,
    |     ^^^^^^^

warning: missing documentation for a variant
   --> src/commands/analytics.rs:128:5
    |
128 |     Year,
    |     ^^^^

warning: missing documentation for a struct field
  --> src/commands/install.rs:13:5
   |
13 |     pub command: InstallCommands,
   |     ^^^^^^^^^^^^^^^^^^^^^^^^^^^^

warning: missing documentation for a struct field
  --> src/commands/migrate.rs:21:5
   |
21 |     pub command: MigrateCommand,
   |     ^^^^^^^^^^^^^^^^^^^^^^^^^^^

warning: missing documentation for an enum
  --> src/commands/security.rs:58:1
   |
58 | pub enum UserCommands {
   | ^^^^^^^^^^^^^^^^^^^^^

warning: missing documentation for an enum
   --> src/commands/security.rs:125:1
    |
125 | pub enum RoleCommands {
    | ^^^^^^^^^^^^^^^^^^^^^

warning: missing documentation for an enum
   --> src/commands/security.rs:165:1
    |
165 | pub enum TeamCommands {
    | ^^^^^^^^^^^^^^^^^^^^^

warning: missing documentation for an enum
   --> src/commands/security.rs:229:1
    |
229 | pub enum PermissionCommands {
    | ^^^^^^^^^^^^^^^^^^^^^^^^^^^

warning: missing documentation for an enum
   --> src/commands/security.rs:275:1
    |
275 | pub enum AuditCommands {
    | ^^^^^^^^^^^^^^^^^^^^^^

warning: missing documentation for an enum
   --> src/commands/security.rs:314:1
    |
314 | pub enum GroupCommands {
    | ^^^^^^^^^^^^^^^^^^^^^^

warning: missing documentation for an enum
   --> src/commands/security.rs:352:1
    |
352 | pub enum ComplianceCommands {
    | ^^^^^^^^^^^^^^^^^^^^^^^^^^^

warning: missing documentation for an enum
   --> src/commands/security.rs:373:1
    |
373 | pub enum ConfigCommands {
    | ^^^^^^^^^^^^^^^^^^^^^^^

warning: missing documentation for a variant
  --> src/commands/shell.rs:73:5
   |
73 |     Bash,
   |     ^^^^

warning: missing documentation for a variant
  --> src/commands/shell.rs:74:5
   |
74 |     Zsh,
   |     ^^^

warning: missing documentation for a variant
  --> src/commands/shell.rs:75:5
   |
75 |     Fish,
   |     ^^^^

warning: missing documentation for a variant
  --> src/commands/shell.rs:76:5
   |
76 |     Powershell,
   |     ^^^^^^^^^^

warning: missing documentation for a variant
  --> src/commands/shell.rs:77:5
   |
77 |     Elvish,
   |     ^^^^^^

warning: missing documentation for a variant
  --> src/commands/shell.rs:78:5
   |
78 |     All,
   |     ^^^

warning: missing documentation for a variant
  --> src/commands/shell.rs:97:5
   |
97 |     Text,
   |     ^^^^

warning: missing documentation for a variant
  --> src/commands/shell.rs:98:5
   |
98 |     Json,
   |     ^^^^

warning: missing documentation for a variant
  --> src/commands/shell.rs:99:5
   |
99 |     Table,
   |     ^^^^^

warning: missing documentation for a variant
   --> src/commands/shell.rs:100:5
    |
100 |     Yaml,
    |     ^^^^

warning: missing documentation for a module
 --> src/consensus/mod.rs:6:1
  |
6 | pub mod engine;
  | ^^^^^^^^^^^^^^

warning: missing documentation for a module
 --> src/consensus/mod.rs:9:1
  |
9 | pub mod models;
  | ^^^^^^^^^^^^^^

warning: missing documentation for a module
  --> src/consensus/mod.rs:10:1
   |
10 | pub mod openrouter;
   | ^^^^^^^^^^^^^^^^^^

warning: missing documentation for a module
  --> src/consensus/mod.rs:11:1
   |
11 | pub mod pipeline;
   | ^^^^^^^^^^^^^^^^

warning: missing documentation for a module
  --> src/consensus/mod.rs:14:1
   |
14 | pub mod stages;
   | ^^^^^^^^^^^^^^

warning: missing documentation for a module
  --> src/consensus/mod.rs:15:1
   |
15 | pub mod streaming;
   | ^^^^^^^^^^^^^^^^^

warning: missing documentation for a module
  --> src/consensus/mod.rs:16:1
   |
16 | pub mod temporal;
   | ^^^^^^^^^^^^^^^^

warning: missing documentation for a module
  --> src/consensus/mod.rs:17:1
   |
17 | pub mod types;
   | ^^^^^^^^^^^^^

warning: missing documentation for a module
  --> src/consensus/mod.rs:27:1
   |
27 | pub mod smart_decision_engine;
   | ^^^^^^^^^^^^^^^^^^^^^^^^^^^^^

warning: missing documentation for a module
  --> src/consensus/mod.rs:28:1
   |
28 | pub mod operation_clustering;
   | ^^^^^^^^^^^^^^^^^^^^^^^^^^^^

warning: missing documentation for a module
  --> src/consensus/mod.rs:29:1
   |
29 | pub mod intelligent_feedback;
   | ^^^^^^^^^^^^^^^^^^^^^^^^^^^^

warning: missing documentation for a module
  --> src/consensus/mod.rs:30:1
   |
30 | pub mod confidence_scoring;
   | ^^^^^^^^^^^^^^^^^^^^^^^^^^

warning: missing documentation for a module
  --> src/consensus/mod.rs:31:1
   |
31 | pub mod operation_parser;
   | ^^^^^^^^^^^^^^^^^^^^^^^^

warning: missing documentation for a module
  --> src/consensus/mod.rs:32:1
   |
32 | pub mod operation_validator;
   | ^^^^^^^^^^^^^^^^^^^^^^^^^^^

warning: missing documentation for a module
  --> src/consensus/mod.rs:33:1
   |
33 | pub mod operation_preview;
   | ^^^^^^^^^^^^^^^^^^^^^^^^^

warning: missing documentation for a module
  --> src/consensus/mod.rs:34:1
   |
34 | pub mod dependency_graph;
   | ^^^^^^^^^^^^^^^^^^^^^^^^

warning: missing documentation for a module
  --> src/consensus/mod.rs:35:1
   |
35 | pub mod rollback_plan;
   | ^^^^^^^^^^^^^^^^^^^^^

warning: missing documentation for a module
  --> src/consensus/mod.rs:36:1
   |
36 | pub mod rollback_planner;
   | ^^^^^^^^^^^^^^^^^^^^^^^^

warning: missing documentation for a module
  --> src/consensus/mod.rs:37:1
   |
37 | pub mod rollback_executor;
   | ^^^^^^^^^^^^^^^^^^^^^^^^^

warning: missing documentation for a module
  --> src/consensus/mod.rs:38:1
   |
38 | pub mod outcome_tracker;
   | ^^^^^^^^^^^^^^^^^^^^^^^

warning: missing documentation for a module
  --> src/consensus/mod.rs:39:1
   |
39 | pub mod learning_system;
   | ^^^^^^^^^^^^^^^^^^^^^^^

warning: missing documentation for a module
  --> src/consensus/mod.rs:40:1
   |
40 | pub mod safety_guardrails;
   | ^^^^^^^^^^^^^^^^^^^^^^^^^

warning: missing documentation for a module
  --> src/consensus/mod.rs:41:1
   |
41 | pub mod file_executor;
   | ^^^^^^^^^^^^^^^^^^^^^

warning: missing documentation for a module
  --> src/consensus/mod.rs:42:1
   |
42 | pub mod ai_operation_parser;
   | ^^^^^^^^^^^^^^^^^^^^^^^^^^^

warning: missing documentation for a module
  --> src/consensus/mod.rs:43:1
   |
43 | pub mod operation_preview_generator;
   | ^^^^^^^^^^^^^^^^^^^^^^^^^^^^^^^^^^^

warning: missing documentation for an associated type
   --> src/consensus/cancellation.rs:103:5
    |
103 |     type Output;
    |     ^^^^^^^^^^^

warning: missing documentation for an associated type
   --> src/consensus/cancellation.rs:104:5
    |
104 |     type Error;
    |     ^^^^^^^^^^

warning: missing documentation for a struct field
   --> src/consensus/curator_output_format.rs:194:5
    |
194 |     pub create: Vec<String>,
    |     ^^^^^^^^^^^^^^^^^^^^^^^

warning: missing documentation for a struct field
   --> src/consensus/curator_output_format.rs:195:5
    |
195 |     pub update: Vec<String>,
    |     ^^^^^^^^^^^^^^^^^^^^^^^

warning: missing documentation for a struct field
   --> src/consensus/curator_output_format.rs:196:5
    |
196 |     pub delete: Vec<String>,
    |     ^^^^^^^^^^^^^^^^^^^^^^^

warning: missing documentation for a struct field
   --> src/consensus/curator_output_format.rs:197:5
    |
197 |     pub rename: Vec<String>,
    |     ^^^^^^^^^^^^^^^^^^^^^^^

warning: missing documentation for a struct field
   --> src/consensus/curator_output_format.rs:268:5
    |
268 |     pub before: String,
    |     ^^^^^^^^^^^^^^^^^^

warning: missing documentation for a struct field
   --> src/consensus/curator_output_format.rs:269:5
    |
269 |     pub after: String,
    |     ^^^^^^^^^^^^^^^^^

warning: missing documentation for a struct field
   --> src/consensus/curator_output_format.rs:270:5
    |
270 |     pub reason: String,
    |     ^^^^^^^^^^^^^^^^^^

warning: missing documentation for a struct field
   --> src/consensus/curator_output_format.rs:441:5
    |
441 |     pub is_valid: bool,
    |     ^^^^^^^^^^^^^^^^^^

warning: missing documentation for a struct field
   --> src/consensus/curator_output_format.rs:442:5
    |
442 |     pub issues: Vec<String>,
    |     ^^^^^^^^^^^^^^^^^^^^^^^

warning: missing documentation for a struct field
   --> src/consensus/curator_output_format.rs:443:5
    |
443 |     pub warnings: Vec<String>,
    |     ^^^^^^^^^^^^^^^^^^^^^^^^^

warning: missing documentation for a struct field
    --> src/consensus/engine.rs:1006:5
     |
1006 |     pub valid: bool,
     |     ^^^^^^^^^^^^^^^

warning: missing documentation for a struct field
    --> src/consensus/engine.rs:1007:5
     |
1007 |     pub errors: Vec<String>,
     |     ^^^^^^^^^^^^^^^^^^^^^^^

warning: missing documentation for a struct field
  --> src/consensus/file_operations.rs:59:5
   |
59 |     pub path: PathBuf,
   |     ^^^^^^^^^^^^^^^^^

warning: missing documentation for a struct field
  --> src/consensus/file_operations.rs:60:5
   |
60 |     pub content: String,
   |     ^^^^^^^^^^^^^^^^^^^

warning: missing documentation for a struct field
  --> src/consensus/file_operations.rs:61:5
   |
61 |     pub size_bytes: usize,
   |     ^^^^^^^^^^^^^^^^^^^^^

warning: missing documentation for a struct field
  --> src/consensus/file_operations.rs:62:5
   |
62 |     pub lines: usize,
   |     ^^^^^^^^^^^^^^^^

warning: missing documentation for a struct field
  --> src/consensus/file_operations.rs:63:5
   |
63 |     pub language: Option<String>,
   |     ^^^^^^^^^^^^^^^^^^^^^^^^^^^^

warning: missing documentation for a struct field
  --> src/consensus/file_operations.rs:64:5
   |
64 |     pub encoding: String,
   |     ^^^^^^^^^^^^^^^^^^^^

warning: missing documentation for a struct field
  --> src/consensus/file_operations.rs:65:5
   |
65 |     pub truncated: bool,
   |     ^^^^^^^^^^^^^^^^^^^

warning: missing documentation for a struct field
  --> src/consensus/file_operations.rs:71:5
   |
71 |     pub path: PathBuf,
   |     ^^^^^^^^^^^^^^^^^

warning: missing documentation for a struct field
  --> src/consensus/file_operations.rs:72:5
   |
72 |     pub line_number: usize,
   |     ^^^^^^^^^^^^^^^^^^^^^^

warning: missing documentation for a struct field
  --> src/consensus/file_operations.rs:73:5
   |
73 |     pub line_content: String,
   |     ^^^^^^^^^^^^^^^^^^^^^^^^

warning: missing documentation for a struct field
  --> src/consensus/file_operations.rs:74:5
   |
74 |     pub match_start: usize,
   |     ^^^^^^^^^^^^^^^^^^^^^^

warning: missing documentation for a struct field
  --> src/consensus/file_operations.rs:75:5
   |
75 |     pub match_end: usize,
   |     ^^^^^^^^^^^^^^^^^^^^

warning: missing documentation for a struct field
  --> src/consensus/file_operations.rs:76:5
   |
76 |     pub context_before: Vec<String>,
   |     ^^^^^^^^^^^^^^^^^^^^^^^^^^^^^^^

warning: missing documentation for a struct field
  --> src/consensus/file_operations.rs:77:5
   |
77 |     pub context_after: Vec<String>,
   |     ^^^^^^^^^^^^^^^^^^^^^^^^^^^^^^

warning: missing documentation for a struct field
  --> src/consensus/maintenance.rs:44:5
   |
44 |     pub model_id: String,
   |     ^^^^^^^^^^^^^^^^^^^^

warning: missing documentation for a struct field
  --> src/consensus/maintenance.rs:45:5
   |
45 |     pub is_valid: bool,
   |     ^^^^^^^^^^^^^^^^^^

warning: missing documentation for a struct field
  --> src/consensus/maintenance.rs:46:5
   |
46 |     pub reason: Option<String>,
   |     ^^^^^^^^^^^^^^^^^^^^^^^^^^

warning: missing documentation for a struct field
  --> src/consensus/maintenance.rs:47:5
   |
47 |     pub suggested_replacement: Option<String>,
   |     ^^^^^^^^^^^^^^^^^^^^^^^^^^^^^^^^^^^^^^^^^

warning: missing documentation for a struct field
   --> src/consensus/maintenance.rs:387:5
    |
387 |     pub models_synced: u32,
    |     ^^^^^^^^^^^^^^^^^^^^^^

warning: missing documentation for a struct field
   --> src/consensus/maintenance.rs:388:5
    |
388 |     pub invalid_profiles: Vec<String>,
    |     ^^^^^^^^^^^^^^^^^^^^^^^^^^^^^^^^^

warning: missing documentation for a struct field
   --> src/consensus/maintenance.rs:389:5
    |
389 |     pub migrated_profiles: Vec<String>,
    |     ^^^^^^^^^^^^^^^^^^^^^^^^^^^^^^^^^^

warning: missing documentation for a struct field
   --> src/consensus/maintenance.rs:390:5
    |
390 |     pub errors: Vec<String>,
    |     ^^^^^^^^^^^^^^^^^^^^^^^

warning: missing documentation for a struct
  --> src/consensus/models.rs:14:1
   |
14 | pub struct ModelInfo {
   | ^^^^^^^^^^^^^^^^^^^^

warning: missing documentation for a struct field
  --> src/consensus/models.rs:15:5
   |
15 |     pub internal_id: u32,
   |     ^^^^^^^^^^^^^^^^^^^^

warning: missing documentation for a struct field
  --> src/consensus/models.rs:16:5
   |
16 |     pub openrouter_id: String,
   |     ^^^^^^^^^^^^^^^^^^^^^^^^^

warning: missing documentation for a struct field
  --> src/consensus/models.rs:17:5
   |
17 |     pub provider_name: String,
   |     ^^^^^^^^^^^^^^^^^^^^^^^^^

warning: missing documentation for a struct field
  --> src/consensus/models.rs:18:5
   |
18 |     pub model_name: String,
   |     ^^^^^^^^^^^^^^^^^^^^^^

warning: missing documentation for a struct field
  --> src/consensus/models.rs:19:5
   |
19 |     pub context_window: u32,
   |     ^^^^^^^^^^^^^^^^^^^^^^^

warning: missing documentation for a struct field
  --> src/consensus/models.rs:20:5
   |
20 |     pub pricing_input: Option<f64>,
   |     ^^^^^^^^^^^^^^^^^^^^^^^^^^^^^^

warning: missing documentation for a struct field
  --> src/consensus/models.rs:21:5
   |
21 |     pub pricing_output: Option<f64>,
   |     ^^^^^^^^^^^^^^^^^^^^^^^^^^^^^^^

warning: missing documentation for a struct field
  --> src/consensus/models.rs:22:5
   |
22 |     pub capabilities: Vec<String>,
   |     ^^^^^^^^^^^^^^^^^^^^^^^^^^^^^

warning: missing documentation for a struct field
  --> src/consensus/models.rs:23:5
   |
23 |     pub is_active: bool,
   |     ^^^^^^^^^^^^^^^^^^^

warning: missing documentation for a struct field
  --> src/consensus/models.rs:24:5
   |
24 |     pub last_updated: DateTime<Utc>,
   |     ^^^^^^^^^^^^^^^^^^^^^^^^^^^^^^^

warning: missing documentation for a struct field
  --> src/consensus/models.rs:25:5
   |
25 |     pub performance_metrics: Option<PerformanceMetrics>,
   |     ^^^^^^^^^^^^^^^^^^^^^^^^^^^^^^^^^^^^^^^^^^^^^^^^^^^

warning: missing documentation for a struct
  --> src/consensus/models.rs:29:1
   |
29 | pub struct PerformanceMetrics {
   | ^^^^^^^^^^^^^^^^^^^^^^^^^^^^^

warning: missing documentation for a struct field
  --> src/consensus/models.rs:30:5
   |
30 |     pub success_rate: f64,
   |     ^^^^^^^^^^^^^^^^^^^^^

warning: missing documentation for a struct field
  --> src/consensus/models.rs:31:5
   |
31 |     pub average_latency_ms: u32,
   |     ^^^^^^^^^^^^^^^^^^^^^^^^^^^

warning: missing documentation for a struct field
  --> src/consensus/models.rs:32:5
   |
32 |     pub quality_score: f64,
   |     ^^^^^^^^^^^^^^^^^^^^^^

warning: missing documentation for a struct field
  --> src/consensus/models.rs:33:5
   |
33 |     pub cost_efficiency: f64,
   |     ^^^^^^^^^^^^^^^^^^^^^^^^

warning: missing documentation for a struct field
  --> src/consensus/models.rs:34:5
   |
34 |     pub recent_usage_count: u32,
   |     ^^^^^^^^^^^^^^^^^^^^^^^^^^^

warning: missing documentation for a struct field
  --> src/consensus/models.rs:35:5
   |
35 |     pub last_evaluation: DateTime<Utc>,
   |     ^^^^^^^^^^^^^^^^^^^^^^^^^^^^^^^^^^

warning: missing documentation for a struct
  --> src/consensus/models.rs:39:1
   |
39 | pub struct ModelRanking {
   | ^^^^^^^^^^^^^^^^^^^^^^^

warning: missing documentation for a struct field
  --> src/consensus/models.rs:40:5
   |
40 |     pub model_internal_id: u32,
   |     ^^^^^^^^^^^^^^^^^^^^^^^^^^

warning: missing documentation for a struct field
  --> src/consensus/models.rs:41:5
   |
41 |     pub ranking_source: String,
   |     ^^^^^^^^^^^^^^^^^^^^^^^^^^

warning: missing documentation for a struct field
  --> src/consensus/models.rs:42:5
   |
42 |     pub rank_position: u32,
   |     ^^^^^^^^^^^^^^^^^^^^^^

warning: missing documentation for a struct field
  --> src/consensus/models.rs:43:5
   |
43 |     pub score: f64,
   |     ^^^^^^^^^^^^^^

warning: missing documentation for a struct field
  --> src/consensus/models.rs:44:5
   |
44 |     pub category: String,
   |     ^^^^^^^^^^^^^^^^^^^^

warning: missing documentation for a struct field
  --> src/consensus/models.rs:45:5
   |
45 |     pub last_updated: DateTime<Utc>,
   |     ^^^^^^^^^^^^^^^^^^^^^^^^^^^^^^^

warning: missing documentation for a struct
  --> src/consensus/models.rs:49:1
   |
49 | pub struct OpenRouterModel {
   | ^^^^^^^^^^^^^^^^^^^^^^^^^^

warning: missing documentation for a struct field
  --> src/consensus/models.rs:50:5
   |
50 |     pub id: String,
   |     ^^^^^^^^^^^^^^

warning: missing documentation for a struct field
  --> src/consensus/models.rs:51:5
   |
51 |     pub name: String,
   |     ^^^^^^^^^^^^^^^^

warning: missing documentation for a struct field
  --> src/consensus/models.rs:52:5
   |
52 |     pub created: Option<u64>,
   |     ^^^^^^^^^^^^^^^^^^^^^^^^

warning: missing documentation for a struct field
  --> src/consensus/models.rs:53:5
   |
53 |     pub description: Option<String>,
   |     ^^^^^^^^^^^^^^^^^^^^^^^^^^^^^^^

warning: missing documentation for a struct field
  --> src/consensus/models.rs:54:5
   |
54 |     pub context_length: Option<u32>,
   |     ^^^^^^^^^^^^^^^^^^^^^^^^^^^^^^^

warning: missing documentation for a struct field
  --> src/consensus/models.rs:55:5
   |
55 |     pub architecture: Option<Architecture>,
   |     ^^^^^^^^^^^^^^^^^^^^^^^^^^^^^^^^^^^^^^

warning: missing documentation for a struct field
  --> src/consensus/models.rs:56:5
   |
56 |     pub pricing: Option<Pricing>,
   |     ^^^^^^^^^^^^^^^^^^^^^^^^^^^^

warning: missing documentation for a struct field
  --> src/consensus/models.rs:57:5
   |
57 |     pub top_provider: Option<TopProvider>,
   |     ^^^^^^^^^^^^^^^^^^^^^^^^^^^^^^^^^^^^^

warning: missing documentation for a struct field
  --> src/consensus/models.rs:58:5
   |
58 |     pub per_request_limits: Option<PerRequestLimits>,
   |     ^^^^^^^^^^^^^^^^^^^^^^^^^^^^^^^^^^^^^^^^^^^^^^^^

warning: missing documentation for a struct
  --> src/consensus/models.rs:62:1
   |
62 | pub struct Architecture {
   | ^^^^^^^^^^^^^^^^^^^^^^^

warning: missing documentation for a struct field
  --> src/consensus/models.rs:63:5
   |
63 |     pub modality: Option<String>,
   |     ^^^^^^^^^^^^^^^^^^^^^^^^^^^^

warning: missing documentation for a struct field
  --> src/consensus/models.rs:64:5
   |
64 |     pub tokenizer: Option<String>,
   |     ^^^^^^^^^^^^^^^^^^^^^^^^^^^^^

warning: missing documentation for a struct field
  --> src/consensus/models.rs:65:5
   |
65 |     pub instruct_type: Option<String>,
   |     ^^^^^^^^^^^^^^^^^^^^^^^^^^^^^^^^^

warning: missing documentation for a struct
  --> src/consensus/models.rs:69:1
   |
69 | pub struct Pricing {
   | ^^^^^^^^^^^^^^^^^^

warning: missing documentation for a struct field
  --> src/consensus/models.rs:70:5
   |
70 |     pub prompt: Option<String>,
   |     ^^^^^^^^^^^^^^^^^^^^^^^^^^

warning: missing documentation for a struct field
  --> src/consensus/models.rs:71:5
   |
71 |     pub completion: Option<String>,
   |     ^^^^^^^^^^^^^^^^^^^^^^^^^^^^^^

warning: missing documentation for a struct field
  --> src/consensus/models.rs:72:5
   |
72 |     pub image: Option<String>,
   |     ^^^^^^^^^^^^^^^^^^^^^^^^^

warning: missing documentation for a struct field
  --> src/consensus/models.rs:73:5
   |
73 |     pub request: Option<String>,
   |     ^^^^^^^^^^^^^^^^^^^^^^^^^^^

warning: missing documentation for a struct
  --> src/consensus/models.rs:77:1
   |
77 | pub struct TopProvider {
   | ^^^^^^^^^^^^^^^^^^^^^^

warning: missing documentation for a struct field
  --> src/consensus/models.rs:78:5
   |
78 |     pub max_completion_tokens: Option<u32>,
   |     ^^^^^^^^^^^^^^^^^^^^^^^^^^^^^^^^^^^^^^

warning: missing documentation for a struct field
  --> src/consensus/models.rs:79:5
   |
79 |     pub is_moderated: Option<bool>,
   |     ^^^^^^^^^^^^^^^^^^^^^^^^^^^^^^

warning: missing documentation for a struct
  --> src/consensus/models.rs:83:1
   |
83 | pub struct PerRequestLimits {
   | ^^^^^^^^^^^^^^^^^^^^^^^^^^^

warning: missing documentation for a struct field
  --> src/consensus/models.rs:84:5
   |
84 |     pub prompt_tokens: Option<String>,
   |     ^^^^^^^^^^^^^^^^^^^^^^^^^^^^^^^^^

warning: missing documentation for a struct field
  --> src/consensus/models.rs:85:5
   |
85 |     pub completion_tokens: Option<String>,
   |     ^^^^^^^^^^^^^^^^^^^^^^^^^^^^^^^^^^^^^

warning: missing documentation for a struct
  --> src/consensus/models.rs:89:1
   |
89 | pub struct ModelCandidate {
   | ^^^^^^^^^^^^^^^^^^^^^^^^^

warning: missing documentation for a struct field
  --> src/consensus/models.rs:90:5
   |
90 |     pub internal_id: u32,
   |     ^^^^^^^^^^^^^^^^^^^^

warning: missing documentation for a struct field
  --> src/consensus/models.rs:91:5
   |
91 |     pub openrouter_id: String,
   |     ^^^^^^^^^^^^^^^^^^^^^^^^^

warning: missing documentation for a struct field
  --> src/consensus/models.rs:92:5
   |
92 |     pub provider: String,
   |     ^^^^^^^^^^^^^^^^^^^^

warning: missing documentation for a struct field
  --> src/consensus/models.rs:93:5
   |
93 |     pub rank_position: Option<u32>,
   |     ^^^^^^^^^^^^^^^^^^^^^^^^^^^^^^

warning: missing documentation for a struct field
  --> src/consensus/models.rs:94:5
   |
94 |     pub relative_score: Option<f64>,
   |     ^^^^^^^^^^^^^^^^^^^^^^^^^^^^^^^

warning: missing documentation for a struct field
  --> src/consensus/models.rs:95:5
   |
95 |     pub estimated_cost: f64,
   |     ^^^^^^^^^^^^^^^^^^^^^^^

warning: missing documentation for a struct field
  --> src/consensus/models.rs:96:5
   |
96 |     pub estimated_latency: u32,
   |     ^^^^^^^^^^^^^^^^^^^^^^^^^^

warning: missing documentation for a struct field
  --> src/consensus/models.rs:97:5
   |
97 |     pub success_rate: f64,
   |     ^^^^^^^^^^^^^^^^^^^^^

warning: missing documentation for a struct field
  --> src/consensus/models.rs:98:5
   |
98 |     pub features: Vec<String>,
   |     ^^^^^^^^^^^^^^^^^^^^^^^^^

warning: missing documentation for a struct field
  --> src/consensus/models.rs:99:5
   |
99 |     pub context_window: u32,
   |     ^^^^^^^^^^^^^^^^^^^^^^^

warning: missing documentation for a struct field
   --> src/consensus/models.rs:100:5
    |
100 |     pub suitability_score: f64,
    |     ^^^^^^^^^^^^^^^^^^^^^^^^^^

warning: missing documentation for a struct
   --> src/consensus/models.rs:104:1
    |
104 | pub struct ModelSelectionCriteria {
    | ^^^^^^^^^^^^^^^^^^^^^^^^^^^^^^^^^

warning: missing documentation for a struct field
   --> src/consensus/models.rs:105:5
    |
105 |     pub stage: String,
    |     ^^^^^^^^^^^^^^^^^

warning: missing documentation for a struct field
   --> src/consensus/models.rs:106:5
    |
106 |     pub question_complexity: String,
    |     ^^^^^^^^^^^^^^^^^^^^^^^^^^^^^^^

warning: missing documentation for a struct field
   --> src/consensus/models.rs:107:5
    |
107 |     pub question_category: String,
    |     ^^^^^^^^^^^^^^^^^^^^^^^^^^^^^

warning: missing documentation for a struct field
   --> src/consensus/models.rs:108:5
    |
108 |     pub budget_constraints: Option<BudgetConstraints>,
    |     ^^^^^^^^^^^^^^^^^^^^^^^^^^^^^^^^^^^^^^^^^^^^^^^^^

warning: missing documentation for a struct field
   --> src/consensus/models.rs:109:5
    |
109 |     pub performance_targets: Option<PerformanceTargets>,
    |     ^^^^^^^^^^^^^^^^^^^^^^^^^^^^^^^^^^^^^^^^^^^^^^^^^^^

warning: missing documentation for a struct field
   --> src/consensus/models.rs:110:5
    |
110 |     pub user_preferences: Option<UserPreferences>,
    |     ^^^^^^^^^^^^^^^^^^^^^^^^^^^^^^^^^^^^^^^^^^^^^

warning: missing documentation for a struct field
   --> src/consensus/models.rs:111:5
    |
111 |     pub profile_template: Option<String>,
    |     ^^^^^^^^^^^^^^^^^^^^^^^^^^^^^^^^^^^^

warning: missing documentation for a struct
   --> src/consensus/models.rs:115:1
    |
115 | pub struct BudgetConstraints {
    | ^^^^^^^^^^^^^^^^^^^^^^^^^^^^

warning: missing documentation for a struct field
   --> src/consensus/models.rs:116:5
    |
116 |     pub max_cost_per_stage: Option<f64>,
    |     ^^^^^^^^^^^^^^^^^^^^^^^^^^^^^^^^^^^

warning: missing documentation for a struct field
   --> src/consensus/models.rs:117:5
    |
117 |     pub max_total_cost: Option<f64>,
    |     ^^^^^^^^^^^^^^^^^^^^^^^^^^^^^^^

warning: missing documentation for a struct field
   --> src/consensus/models.rs:118:5
    |
118 |     pub cost_efficiency_target: Option<f64>,
    |     ^^^^^^^^^^^^^^^^^^^^^^^^^^^^^^^^^^^^^^^

warning: missing documentation for a struct field
   --> src/consensus/models.rs:119:5
    |
119 |     pub prioritize_cost: bool,
    |     ^^^^^^^^^^^^^^^^^^^^^^^^^

warning: missing documentation for a struct
   --> src/consensus/models.rs:123:1
    |
123 | pub struct PerformanceTargets {
    | ^^^^^^^^^^^^^^^^^^^^^^^^^^^^^

warning: missing documentation for a struct field
   --> src/consensus/models.rs:124:5
    |
124 |     pub max_latency: Option<u32>,
    |     ^^^^^^^^^^^^^^^^^^^^^^^^^^^^

warning: missing documentation for a struct field
   --> src/consensus/models.rs:125:5
    |
125 |     pub min_success_rate: Option<f64>,
    |     ^^^^^^^^^^^^^^^^^^^^^^^^^^^^^^^^^

warning: missing documentation for a struct field
   --> src/consensus/models.rs:126:5
    |
126 |     pub prioritize_speed: bool,
    |     ^^^^^^^^^^^^^^^^^^^^^^^^^^

warning: missing documentation for a struct field
   --> src/consensus/models.rs:127:5
    |
127 |     pub prioritize_quality: bool,
    |     ^^^^^^^^^^^^^^^^^^^^^^^^^^^^

warning: missing documentation for a struct
   --> src/consensus/models.rs:131:1
    |
131 | pub struct UserPreferences {
    | ^^^^^^^^^^^^^^^^^^^^^^^^^^

warning: missing documentation for a struct field
   --> src/consensus/models.rs:132:5
    |
132 |     pub preferred_providers: Vec<String>,
    |     ^^^^^^^^^^^^^^^^^^^^^^^^^^^^^^^^^^^^

warning: missing documentation for a struct field
   --> src/consensus/models.rs:133:5
    |
133 |     pub avoided_providers: Vec<String>,
    |     ^^^^^^^^^^^^^^^^^^^^^^^^^^^^^^^^^^

warning: missing documentation for a struct field
   --> src/consensus/models.rs:134:5
    |
134 |     pub preferred_features: Vec<String>,
    |     ^^^^^^^^^^^^^^^^^^^^^^^^^^^^^^^^^^^

warning: missing documentation for a struct field
   --> src/consensus/models.rs:135:5
    |
135 |     pub model_blacklist: Vec<String>,
    |     ^^^^^^^^^^^^^^^^^^^^^^^^^^^^^^^^

warning: missing documentation for a struct
   --> src/consensus/models.rs:138:1
    |
138 | pub struct ModelManager {
    | ^^^^^^^^^^^^^^^^^^^^^^^

warning: missing documentation for an associated function
   --> src/consensus/models.rs:146:5
    |
146 |     pub fn new(openrouter_api_key: Option<String>) -> Self {
    |     ^^^^^^^^^^^^^^^^^^^^^^^^^^^^^^^^^^^^^^^^^^^^^^^^^^^^^^

warning: missing documentation for an associated function
   --> src/consensus/models.rs:774:5
    |
774 |     pub fn new(openrouter_api_key: Option<String>) -> Self {
    |     ^^^^^^^^^^^^^^^^^^^^^^^^^^^^^^^^^^^^^^^^^^^^^^^^^^^^^^

warning: missing documentation for a struct
  --> src/consensus/openrouter.rs:16:1
   |
16 | pub struct OpenRouterMessage {
   | ^^^^^^^^^^^^^^^^^^^^^^^^^^^^

warning: missing documentation for a struct field
  --> src/consensus/openrouter.rs:17:5
   |
17 |     pub role: String,
   |     ^^^^^^^^^^^^^^^^

warning: missing documentation for a struct field
  --> src/consensus/openrouter.rs:18:5
   |
18 |     pub content: String,
   |     ^^^^^^^^^^^^^^^^^^^

warning: missing documentation for a struct
  --> src/consensus/openrouter.rs:22:1
   |
22 | pub struct OpenRouterRequest {
   | ^^^^^^^^^^^^^^^^^^^^^^^^^^^^

warning: missing documentation for a struct field
  --> src/consensus/openrouter.rs:23:5
   |
23 |     pub model: String,
   |     ^^^^^^^^^^^^^^^^^

warning: missing documentation for a struct field
  --> src/consensus/openrouter.rs:24:5
   |
24 |     pub messages: Vec<OpenRouterMessage>,
   |     ^^^^^^^^^^^^^^^^^^^^^^^^^^^^^^^^^^^^

warning: missing documentation for a struct field
  --> src/consensus/openrouter.rs:25:5
   |
25 |     pub temperature: Option<f64>,
   |     ^^^^^^^^^^^^^^^^^^^^^^^^^^^^

warning: missing documentation for a struct field
  --> src/consensus/openrouter.rs:26:5
   |
26 |     pub max_tokens: Option<u32>,
   |     ^^^^^^^^^^^^^^^^^^^^^^^^^^^

warning: missing documentation for a struct field
  --> src/consensus/openrouter.rs:27:5
   |
27 |     pub top_p: Option<f64>,
   |     ^^^^^^^^^^^^^^^^^^^^^^

warning: missing documentation for a struct field
  --> src/consensus/openrouter.rs:28:5
   |
28 |     pub frequency_penalty: Option<f64>,
   |     ^^^^^^^^^^^^^^^^^^^^^^^^^^^^^^^^^^

warning: missing documentation for a struct field
  --> src/consensus/openrouter.rs:29:5
   |
29 |     pub presence_penalty: Option<f64>,
   |     ^^^^^^^^^^^^^^^^^^^^^^^^^^^^^^^^^

warning: missing documentation for a struct field
  --> src/consensus/openrouter.rs:30:5
   |
30 |     pub stream: Option<bool>,
   |     ^^^^^^^^^^^^^^^^^^^^^^^^

warning: missing documentation for a struct field
  --> src/consensus/openrouter.rs:31:5
   |
31 |     pub provider: Option<Value>,
   |     ^^^^^^^^^^^^^^^^^^^^^^^^^^^

warning: missing documentation for a struct
  --> src/consensus/openrouter.rs:35:1
   |
35 | pub struct OpenRouterResponse {
   | ^^^^^^^^^^^^^^^^^^^^^^^^^^^^^

warning: missing documentation for a struct field
  --> src/consensus/openrouter.rs:36:5
   |
36 |     pub id: String,
   |     ^^^^^^^^^^^^^^

warning: missing documentation for a struct field
  --> src/consensus/openrouter.rs:37:5
   |
37 |     pub object: String,
   |     ^^^^^^^^^^^^^^^^^^

warning: missing documentation for a struct field
  --> src/consensus/openrouter.rs:38:5
   |
38 |     pub created: u64,
   |     ^^^^^^^^^^^^^^^^

warning: missing documentation for a struct field
  --> src/consensus/openrouter.rs:39:5
   |
39 |     pub model: String,
   |     ^^^^^^^^^^^^^^^^^

warning: missing documentation for a struct field
  --> src/consensus/openrouter.rs:40:5
   |
40 |     pub choices: Vec<Choice>,
   |     ^^^^^^^^^^^^^^^^^^^^^^^^

warning: missing documentation for a struct field
  --> src/consensus/openrouter.rs:41:5
   |
41 |     pub usage: Option<Usage>,
   |     ^^^^^^^^^^^^^^^^^^^^^^^^

warning: missing documentation for a struct
  --> src/consensus/openrouter.rs:45:1
   |
45 | pub struct Choice {
   | ^^^^^^^^^^^^^^^^^

warning: missing documentation for a struct field
  --> src/consensus/openrouter.rs:46:5
   |
46 |     pub index: u32,
   |     ^^^^^^^^^^^^^^

warning: missing documentation for a struct field
  --> src/consensus/openrouter.rs:47:5
   |
47 |     pub message: Option<Message>,
   |     ^^^^^^^^^^^^^^^^^^^^^^^^^^^^

warning: missing documentation for a struct field
  --> src/consensus/openrouter.rs:48:5
   |
48 |     pub delta: Option<Delta>,
   |     ^^^^^^^^^^^^^^^^^^^^^^^^

warning: missing documentation for a struct field
  --> src/consensus/openrouter.rs:49:5
   |
49 |     pub finish_reason: Option<String>,
   |     ^^^^^^^^^^^^^^^^^^^^^^^^^^^^^^^^^

warning: missing documentation for a struct
  --> src/consensus/openrouter.rs:53:1
   |
53 | pub struct Message {
   | ^^^^^^^^^^^^^^^^^^

warning: missing documentation for a struct field
  --> src/consensus/openrouter.rs:54:5
   |
54 |     pub role: String,
   |     ^^^^^^^^^^^^^^^^

warning: missing documentation for a struct field
  --> src/consensus/openrouter.rs:55:5
   |
55 |     pub content: String,
   |     ^^^^^^^^^^^^^^^^^^^

warning: missing documentation for a struct
  --> src/consensus/openrouter.rs:59:1
   |
59 | pub struct Delta {
   | ^^^^^^^^^^^^^^^^

warning: missing documentation for a struct field
  --> src/consensus/openrouter.rs:60:5
   |
60 |     pub role: Option<String>,
   |     ^^^^^^^^^^^^^^^^^^^^^^^^

warning: missing documentation for a struct field
  --> src/consensus/openrouter.rs:61:5
   |
61 |     pub content: Option<String>,
   |     ^^^^^^^^^^^^^^^^^^^^^^^^^^^

warning: missing documentation for a struct
  --> src/consensus/openrouter.rs:65:1
   |
65 | pub struct Usage {
   | ^^^^^^^^^^^^^^^^

warning: missing documentation for a struct field
  --> src/consensus/openrouter.rs:66:5
   |
66 |     pub prompt_tokens: u32,
   |     ^^^^^^^^^^^^^^^^^^^^^^

warning: missing documentation for a struct field
  --> src/consensus/openrouter.rs:67:5
   |
67 |     pub completion_tokens: u32,
   |     ^^^^^^^^^^^^^^^^^^^^^^^^^^

warning: missing documentation for a struct field
  --> src/consensus/openrouter.rs:68:5
   |
68 |     pub total_tokens: u32,
   |     ^^^^^^^^^^^^^^^^^^^^^

warning: missing documentation for a struct
  --> src/consensus/openrouter.rs:72:1
   |
72 | pub struct StreamingChunk {
   | ^^^^^^^^^^^^^^^^^^^^^^^^^

warning: missing documentation for a struct field
  --> src/consensus/openrouter.rs:73:5
   |
73 |     pub content: String,
   |     ^^^^^^^^^^^^^^^^^^^

warning: missing documentation for a struct field
  --> src/consensus/openrouter.rs:74:5
   |
74 |     pub is_complete: bool,
   |     ^^^^^^^^^^^^^^^^^^^^^

warning: missing documentation for a struct field
  --> src/consensus/openrouter.rs:75:5
   |
75 |     pub usage: Option<Usage>,
   |     ^^^^^^^^^^^^^^^^^^^^^^^^

warning: missing documentation for a trait
  --> src/consensus/openrouter.rs:78:1
   |
78 | pub trait StreamingCallbacks: Send + Sync {
   | ^^^^^^^^^^^^^^^^^^^^^^^^^^^^^^^^^^^^^^^^^

warning: missing documentation for a method
  --> src/consensus/openrouter.rs:79:5
   |
79 |     fn on_start(&self);
   |     ^^^^^^^^^^^^^^^^^^^

warning: missing documentation for a method
  --> src/consensus/openrouter.rs:80:5
   |
80 |     fn on_chunk(&self, chunk: String, total_content: String);
   |     ^^^^^^^^^^^^^^^^^^^^^^^^^^^^^^^^^^^^^^^^^^^^^^^^^^^^^^^^^

warning: missing documentation for a method
  --> src/consensus/openrouter.rs:81:5
   |
81 |     fn on_progress(&self, progress: StreamingProgress);
   |     ^^^^^^^^^^^^^^^^^^^^^^^^^^^^^^^^^^^^^^^^^^^^^^^^^^^

warning: missing documentation for a method
  --> src/consensus/openrouter.rs:82:5
   |
82 |     fn on_error(&self, error: &anyhow::Error);
   |     ^^^^^^^^^^^^^^^^^^^^^^^^^^^^^^^^^^^^^^^^^^

warning: missing documentation for a method
  --> src/consensus/openrouter.rs:83:5
   |
83 |     fn on_complete(&self, final_content: String, usage: Option<Usage>);
   |     ^^^^^^^^^^^^^^^^^^^^^^^^^^^^^^^^^^^^^^^^^^^^^^^^^^^^^^^^^^^^^^^^^^^

warning: missing documentation for a struct
  --> src/consensus/openrouter.rs:87:1
   |
87 | pub struct StreamingProgress {
   | ^^^^^^^^^^^^^^^^^^^^^^^^^^^^

warning: missing documentation for a struct field
  --> src/consensus/openrouter.rs:88:5
   |
88 |     pub tokens: Option<u32>,
   |     ^^^^^^^^^^^^^^^^^^^^^^^

warning: missing documentation for a struct field
  --> src/consensus/openrouter.rs:89:5
   |
89 |     pub percentage: Option<f64>,
   |     ^^^^^^^^^^^^^^^^^^^^^^^^^^^

warning: missing documentation for a struct
  --> src/consensus/openrouter.rs:93:1
   |
93 | pub struct OpenRouterClient {
   | ^^^^^^^^^^^^^^^^^^^^^^^^^^^

warning: missing documentation for an associated function
   --> src/consensus/openrouter.rs:101:5
    |
101 |     pub fn new(api_key: String) -> Self {
    |     ^^^^^^^^^^^^^^^^^^^^^^^^^^^^^^^^^^^

warning: missing documentation for a variant
   --> src/consensus/openrouter.rs:397:5
    |
397 |     RateLimit { retry_after: Option<u64> },
    |     ^^^^^^^^^

warning: missing documentation for a struct field
   --> src/consensus/openrouter.rs:397:17
    |
397 |     RateLimit { retry_after: Option<u64> },
    |                 ^^^^^^^^^^^^^^^^^^^^^^^^

warning: missing documentation for a variant
   --> src/consensus/openrouter.rs:398:5
    |
398 |     QuotaExceeded,
    |     ^^^^^^^^^^^^^

warning: missing documentation for a variant
   --> src/consensus/openrouter.rs:399:5
    |
399 |     InvalidApiKey,
    |     ^^^^^^^^^^^^^

warning: missing documentation for a variant
   --> src/consensus/openrouter.rs:400:5
    |
400 |     ModelNotFound,
    |     ^^^^^^^^^^^^^

warning: missing documentation for a variant
   --> src/consensus/openrouter.rs:401:5
    |
401 |     NetworkError(String),
    |     ^^^^^^^^^^^^

warning: missing documentation for a variant
   --> src/consensus/openrouter.rs:402:5
    |
402 |     ParseError(String),
    |     ^^^^^^^^^^

warning: missing documentation for a variant
   --> src/consensus/openrouter.rs:403:5
    |
403 |     Other(String),
    |     ^^^^^

warning: missing documentation for a struct field
   --> src/consensus/openrouter.rs:430:5
    |
430 |     pub max_retries: u32,
    |     ^^^^^^^^^^^^^^^^^^^^

warning: missing documentation for a struct field
   --> src/consensus/openrouter.rs:431:5
    |
431 |     pub base_delay: Duration,
    |     ^^^^^^^^^^^^^^^^^^^^^^^^

warning: missing documentation for a struct field
   --> src/consensus/openrouter.rs:432:5
    |
432 |     pub max_delay: Duration,
    |     ^^^^^^^^^^^^^^^^^^^^^^^

warning: missing documentation for a struct field
   --> src/consensus/openrouter.rs:433:5
    |
433 |     pub backoff_factor: f64,
    |     ^^^^^^^^^^^^^^^^^^^^^^^

warning: missing documentation for a method
   --> src/consensus/openrouter.rs:448:5
    |
448 | /     pub async fn execute_with_retry<F, Fut, T>(&self, operation: F) -> Result<T>
449 | |     where
450 | |         F: Fn() -> Fut,
451 | |         Fut: std::future::Future<Output = Result<T>>,
    | |_____________________________________________________^

warning: missing documentation for a method
   --> src/consensus/openrouter.rs:528:5
    |
528 |     pub fn get_fallbacks(&self, model: &str) -> Vec<String> {
    |     ^^^^^^^^^^^^^^^^^^^^^^^^^^^^^^^^^^^^^^^^^^^^^^^^^^^^^^^

warning: missing documentation for a method
   --> src/consensus/openrouter.rs:532:5
    |
532 |     pub fn add_fallback_chain(&mut self, model: String, fallbacks: Vec<String>) {
    |     ^^^^^^^^^^^^^^^^^^^^^^^^^^^^^^^^^^^^^^^^^^^^^^^^^^^^^^^^^^^^^^^^^^^^^^^^^^^

warning: missing documentation for a struct field
   --> src/consensus/openrouter.rs:539:5
    |
539 |     pub model_name: String,
    |     ^^^^^^^^^^^^^^^^^^^^^^

warning: missing documentation for a struct field
  --> src/consensus/profiles.rs:17:5
   |
17 |     pub id: String,
   |     ^^^^^^^^^^^^^^

warning: missing documentation for a struct field
  --> src/consensus/profiles.rs:18:5
   |
18 |     pub name: String,
   |     ^^^^^^^^^^^^^^^^

warning: missing documentation for a struct field
  --> src/consensus/profiles.rs:19:5
   |
19 |     pub description: String,
   |     ^^^^^^^^^^^^^^^^^^^^^^^

warning: missing documentation for a struct field
  --> src/consensus/profiles.rs:20:5
   |
20 |     pub category: ProfileCategory,
   |     ^^^^^^^^^^^^^^^^^^^^^^^^^^^^^

warning: missing documentation for a struct field
  --> src/consensus/profiles.rs:21:5
   |
21 |     pub scope: ProfileScope,
   |     ^^^^^^^^^^^^^^^^^^^^^^^

warning: missing documentation for a struct field
  --> src/consensus/profiles.rs:22:5
   |
22 |     pub expert_level: ExpertLevel,
   |     ^^^^^^^^^^^^^^^^^^^^^^^^^^^^^

warning: missing documentation for a struct field
  --> src/consensus/profiles.rs:23:5
   |
23 |     pub selection_strategy: SelectionStrategy,
   |     ^^^^^^^^^^^^^^^^^^^^^^^^^^^^^^^^^^^^^^^^^

warning: missing documentation for a struct field
  --> src/consensus/profiles.rs:24:5
   |
24 |     pub fixed_models: Option<StageModels>,
   |     ^^^^^^^^^^^^^^^^^^^^^^^^^^^^^^^^^^^^^

warning: missing documentation for a struct field
  --> src/consensus/profiles.rs:25:5
   |
25 |     pub selection_criteria: Option<StageSelectionCriteria>,
   |     ^^^^^^^^^^^^^^^^^^^^^^^^^^^^^^^^^^^^^^^^^^^^^^^^^^^^^^

warning: missing documentation for a struct field
  --> src/consensus/profiles.rs:26:5
   |
26 |     pub temperatures: StageTemperatures,
   |     ^^^^^^^^^^^^^^^^^^^^^^^^^^^^^^^^^^^

warning: missing documentation for a struct field
  --> src/consensus/profiles.rs:27:5
   |
27 |     pub routing_preferences: Option<RoutingPreferences>,
   |     ^^^^^^^^^^^^^^^^^^^^^^^^^^^^^^^^^^^^^^^^^^^^^^^^^^^

warning: missing documentation for a struct field
  --> src/consensus/profiles.rs:28:5
   |
28 |     pub budget_profile: Option<BudgetProfile>,
   |     ^^^^^^^^^^^^^^^^^^^^^^^^^^^^^^^^^^^^^^^^^

warning: missing documentation for a struct field
  --> src/consensus/profiles.rs:29:5
   |
29 |     pub performance_profile: Option<PerformanceProfile>,
   |     ^^^^^^^^^^^^^^^^^^^^^^^^^^^^^^^^^^^^^^^^^^^^^^^^^^^

warning: missing documentation for a struct field
  --> src/consensus/profiles.rs:30:5
   |
30 |     pub use_cases: Vec<String>,
   |     ^^^^^^^^^^^^^^^^^^^^^^^^^^

warning: missing documentation for a struct field
  --> src/consensus/profiles.rs:31:5
   |
31 |     pub tags: Vec<String>,
   |     ^^^^^^^^^^^^^^^^^^^^^

warning: missing documentation for a variant
  --> src/consensus/profiles.rs:37:5
   |
37 |     Speed,
   |     ^^^^^

warning: missing documentation for a variant
  --> src/consensus/profiles.rs:38:5
   |
38 |     Quality,
   |     ^^^^^^^

warning: missing documentation for a variant
  --> src/consensus/profiles.rs:39:5
   |
39 |     Cost,
   |     ^^^^

warning: missing documentation for a variant
  --> src/consensus/profiles.rs:40:5
   |
40 |     Research,
   |     ^^^^^^^^

warning: missing documentation for a variant
  --> src/consensus/profiles.rs:41:5
   |
41 |     Troubleshooting,
   |     ^^^^^^^^^^^^^^^

warning: missing documentation for a variant
  --> src/consensus/profiles.rs:47:5
   |
47 |     Minimal,
   |     ^^^^^^^

warning: missing documentation for a variant
  --> src/consensus/profiles.rs:48:5
   |
48 |     Basic,
   |     ^^^^^

warning: missing documentation for a variant
  --> src/consensus/profiles.rs:49:5
   |
49 |     Standard,
   |     ^^^^^^^^

warning: missing documentation for a variant
  --> src/consensus/profiles.rs:50:5
   |
50 |     Production,
   |     ^^^^^^^^^^

warning: missing documentation for a variant
  --> src/consensus/profiles.rs:51:5
   |
51 |     Research,
   |     ^^^^^^^^

warning: missing documentation for a variant
  --> src/consensus/profiles.rs:57:5
   |
57 |     Beginner,
   |     ^^^^^^^^

warning: missing documentation for a variant
  --> src/consensus/profiles.rs:58:5
   |
58 |     Intermediate,
   |     ^^^^^^^^^^^^

warning: missing documentation for a variant
  --> src/consensus/profiles.rs:59:5
   |
59 |     Advanced,
   |     ^^^^^^^^

warning: missing documentation for a variant
  --> src/consensus/profiles.rs:60:5
   |
60 |     Expert,
   |     ^^^^^^

warning: missing documentation for a variant
  --> src/consensus/profiles.rs:61:5
   |
61 |     Research,
   |     ^^^^^^^^

warning: missing documentation for a variant
  --> src/consensus/profiles.rs:67:5
   |
67 |     Fixed,
   |     ^^^^^

warning: missing documentation for a variant
  --> src/consensus/profiles.rs:68:5
   |
68 |     Dynamic,
   |     ^^^^^^^

warning: missing documentation for a variant
  --> src/consensus/profiles.rs:69:5
   |
69 |     Adaptive,
   |     ^^^^^^^^

warning: missing documentation for a struct field
  --> src/consensus/profiles.rs:75:5
   |
75 |     pub generator: String,
   |     ^^^^^^^^^^^^^^^^^^^^^

warning: missing documentation for a struct field
  --> src/consensus/profiles.rs:76:5
   |
76 |     pub refiner: String,
   |     ^^^^^^^^^^^^^^^^^^^

warning: missing documentation for a struct field
  --> src/consensus/profiles.rs:77:5
   |
77 |     pub validator: String,
   |     ^^^^^^^^^^^^^^^^^^^^^

warning: missing documentation for a struct field
  --> src/consensus/profiles.rs:78:5
   |
78 |     pub curator: String,
   |     ^^^^^^^^^^^^^^^^^^^

warning: missing documentation for a struct field
  --> src/consensus/profiles.rs:84:5
   |
84 |     pub generator: ModelCriteria,
   |     ^^^^^^^^^^^^^^^^^^^^^^^^^^^^

warning: missing documentation for a struct field
  --> src/consensus/profiles.rs:85:5
   |
85 |     pub refiner: ModelCriteria,
   |     ^^^^^^^^^^^^^^^^^^^^^^^^^^

warning: missing documentation for a struct field
  --> src/consensus/profiles.rs:86:5
   |
86 |     pub validator: ModelCriteria,
   |     ^^^^^^^^^^^^^^^^^^^^^^^^^^^^

warning: missing documentation for a struct field
  --> src/consensus/profiles.rs:87:5
   |
87 |     pub curator: ModelCriteria,
   |     ^^^^^^^^^^^^^^^^^^^^^^^^^^

warning: missing documentation for a struct field
  --> src/consensus/profiles.rs:93:5
   |
93 |     pub ranking_position: Option<String>,
   |     ^^^^^^^^^^^^^^^^^^^^^^^^^^^^^^^^^^^^

warning: missing documentation for a struct field
  --> src/consensus/profiles.rs:94:5
   |
94 |     pub cost_range: Option<CostRange>,
   |     ^^^^^^^^^^^^^^^^^^^^^^^^^^^^^^^^^

warning: missing documentation for a struct field
  --> src/consensus/profiles.rs:95:5
   |
95 |     pub context_window: Option<String>,
   |     ^^^^^^^^^^^^^^^^^^^^^^^^^^^^^^^^^^

warning: missing documentation for a struct field
  --> src/consensus/profiles.rs:96:5
   |
96 |     pub capabilities: Option<Vec<String>>,
   |     ^^^^^^^^^^^^^^^^^^^^^^^^^^^^^^^^^^^^^

warning: missing documentation for a struct field
  --> src/consensus/profiles.rs:97:5
   |
97 |     pub fallback: Option<ModelReference>,
   |     ^^^^^^^^^^^^^^^^^^^^^^^^^^^^^^^^^^^^

warning: missing documentation for a variant
   --> src/consensus/profiles.rs:103:5
    |
103 |     UltraLow,
    |     ^^^^^^^^

warning: missing documentation for a variant
   --> src/consensus/profiles.rs:104:5
    |
104 |     Low,
    |     ^^^

warning: missing documentation for a variant
   --> src/consensus/profiles.rs:105:5
    |
105 |     Medium,
    |     ^^^^^^

warning: missing documentation for a variant
   --> src/consensus/profiles.rs:106:5
    |
106 |     High,
    |     ^^^^

warning: missing documentation for a variant
   --> src/consensus/profiles.rs:107:5
    |
107 |     Premium,
    |     ^^^^^^^

warning: missing documentation for a variant
   --> src/consensus/profiles.rs:113:5
    |
113 |     Fixed(String),
    |     ^^^^^

warning: missing documentation for a variant
   --> src/consensus/profiles.rs:114:5
    |
114 |     Semantic(SemanticModelDescriptor),
    |     ^^^^^^^^

warning: missing documentation for a struct field
   --> src/consensus/profiles.rs:120:5
    |
120 |     pub model_type: String,
    |     ^^^^^^^^^^^^^^^^^^^^^^

warning: missing documentation for a struct field
   --> src/consensus/profiles.rs:121:5
    |
121 |     pub tier: Option<String>,
    |     ^^^^^^^^^^^^^^^^^^^^^^^^

warning: missing documentation for a struct field
   --> src/consensus/profiles.rs:122:5
    |
122 |     pub context_window: Option<String>,
    |     ^^^^^^^^^^^^^^^^^^^^^^^^^^^^^^^^^^

warning: missing documentation for a struct field
   --> src/consensus/profiles.rs:123:5
    |
123 |     pub capabilities: Option<Vec<String>>,
    |     ^^^^^^^^^^^^^^^^^^^^^^^^^^^^^^^^^^^^^

warning: missing documentation for a struct field
   --> src/consensus/profiles.rs:124:5
    |
124 |     pub providers: Option<Vec<String>>,
    |     ^^^^^^^^^^^^^^^^^^^^^^^^^^^^^^^^^^

warning: missing documentation for a struct field
   --> src/consensus/profiles.rs:130:5
    |
130 |     pub generator: f32,
    |     ^^^^^^^^^^^^^^^^^^

warning: missing documentation for a struct field
   --> src/consensus/profiles.rs:131:5
    |
131 |     pub refiner: f32,
    |     ^^^^^^^^^^^^^^^^

warning: missing documentation for a struct field
   --> src/consensus/profiles.rs:132:5
    |
132 |     pub validator: f32,
    |     ^^^^^^^^^^^^^^^^^^

warning: missing documentation for a struct field
   --> src/consensus/profiles.rs:133:5
    |
133 |     pub curator: f32,
    |     ^^^^^^^^^^^^^^^^

warning: missing documentation for a struct field
   --> src/consensus/profiles.rs:139:5
    |
139 |     pub generator: Option<String>,
    |     ^^^^^^^^^^^^^^^^^^^^^^^^^^^^^

warning: missing documentation for a struct field
   --> src/consensus/profiles.rs:140:5
    |
140 |     pub refiner: Option<String>,
    |     ^^^^^^^^^^^^^^^^^^^^^^^^^^^

warning: missing documentation for a struct field
   --> src/consensus/profiles.rs:141:5
    |
141 |     pub validator: Option<String>,
    |     ^^^^^^^^^^^^^^^^^^^^^^^^^^^^^

warning: missing documentation for a struct field
   --> src/consensus/profiles.rs:142:5
    |
142 |     pub curator: Option<String>,
    |     ^^^^^^^^^^^^^^^^^^^^^^^^^^^

warning: missing documentation for a struct field
   --> src/consensus/profiles.rs:148:5
    |
148 |     pub priority: BudgetPriority,
    |     ^^^^^^^^^^^^^^^^^^^^^^^^^^^^

warning: missing documentation for a struct field
   --> src/consensus/profiles.rs:149:5
    |
149 |     pub max_cost_per_conversation: Option<f64>,
    |     ^^^^^^^^^^^^^^^^^^^^^^^^^^^^^^^^^^^^^^^^^^

warning: missing documentation for a struct field
   --> src/consensus/profiles.rs:150:5
    |
150 |     pub preferred_cost_range: Option<CostRange>,
    |     ^^^^^^^^^^^^^^^^^^^^^^^^^^^^^^^^^^^^^^^^^^^

warning: missing documentation for a variant
   --> src/consensus/profiles.rs:156:5
    |
156 |     Cost,
    |     ^^^^

warning: missing documentation for a variant
   --> src/consensus/profiles.rs:157:5
    |
157 |     Performance,
    |     ^^^^^^^^^^^

warning: missing documentation for a variant
   --> src/consensus/profiles.rs:158:5
    |
158 |     Balanced,
    |     ^^^^^^^^

warning: missing documentation for a struct field
   --> src/consensus/profiles.rs:164:5
    |
164 |     pub priority: PerformancePriority,
    |     ^^^^^^^^^^^^^^^^^^^^^^^^^^^^^^^^^

warning: missing documentation for a struct field
   --> src/consensus/profiles.rs:165:5
    |
165 |     pub max_latency_ms: Option<u32>,
    |     ^^^^^^^^^^^^^^^^^^^^^^^^^^^^^^^

warning: missing documentation for a struct field
   --> src/consensus/profiles.rs:166:5
    |
166 |     pub quality_threshold: Option<f32>,
    |     ^^^^^^^^^^^^^^^^^^^^^^^^^^^^^^^^^^

warning: missing documentation for a variant
   --> src/consensus/profiles.rs:172:5
    |
172 |     Speed,
    |     ^^^^^

warning: missing documentation for a variant
   --> src/consensus/profiles.rs:173:5
    |
173 |     Quality,
    |     ^^^^^^^

warning: missing documentation for a variant
   --> src/consensus/profiles.rs:174:5
    |
174 |     Balanced,
    |     ^^^^^^^^

warning: missing documentation for an associated function
   --> src/consensus/profiles.rs:178:5
    |
178 |     pub fn new() -> Self {
    |     ^^^^^^^^^^^^^^^^^^^^

warning: missing documentation for a struct field
   --> src/consensus/profiles.rs:831:5
    |
831 |     pub category: Option<ProfileCategory>,
    |     ^^^^^^^^^^^^^^^^^^^^^^^^^^^^^^^^^^^^^

warning: missing documentation for a struct field
   --> src/consensus/profiles.rs:832:5
    |
832 |     pub scope: Option<ProfileScope>,
    |     ^^^^^^^^^^^^^^^^^^^^^^^^^^^^^^^

warning: missing documentation for a struct field
   --> src/consensus/profiles.rs:833:5
    |
833 |     pub expert_level: Option<ExpertLevel>,
    |     ^^^^^^^^^^^^^^^^^^^^^^^^^^^^^^^^^^^^^

warning: missing documentation for a struct field
   --> src/consensus/profiles.rs:834:5
    |
834 |     pub use_cases: Option<Vec<String>>,
    |     ^^^^^^^^^^^^^^^^^^^^^^^^^^^^^^^^^^

warning: missing documentation for a struct field
   --> src/consensus/profiles.rs:835:5
    |
835 |     pub tags: Option<Vec<String>>,
    |     ^^^^^^^^^^^^^^^^^^^^^^^^^^^^^

warning: missing documentation for a struct field
   --> src/consensus/profiles.rs:841:5
    |
841 |     pub budget: Option<String>,
    |     ^^^^^^^^^^^^^^^^^^^^^^^^^^

warning: missing documentation for a struct field
   --> src/consensus/profiles.rs:842:5
    |
842 |     pub speed: Option<String>,
    |     ^^^^^^^^^^^^^^^^^^^^^^^^^

warning: missing documentation for a struct field
   --> src/consensus/profiles.rs:843:5
    |
843 |     pub expert_level: Option<String>,
    |     ^^^^^^^^^^^^^^^^^^^^^^^^^^^^^^^^

warning: missing documentation for a struct field
  --> src/consensus/repository_context.rs:47:5
   |
47 |     pub path: PathBuf,
   |     ^^^^^^^^^^^^^^^^^

warning: missing documentation for a struct field
  --> src/consensus/repository_context.rs:48:5
   |
48 |     pub language: Option<String>,
   |     ^^^^^^^^^^^^^^^^^^^^^^^^^^^^

warning: missing documentation for a struct field
  --> src/consensus/repository_context.rs:49:5
   |
49 |     pub is_dirty: bool,
   |     ^^^^^^^^^^^^^^^^^^

warning: missing documentation for a struct field
  --> src/consensus/repository_context.rs:50:5
   |
50 |     pub last_modified: std::time::SystemTime,
   |     ^^^^^^^^^^^^^^^^^^^^^^^^^^^^^^^^^^^^^^^^

warning: missing documentation for a struct field
  --> src/consensus/repository_context.rs:51:5
   |
51 |     pub size_bytes: u64,
   |     ^^^^^^^^^^^^^^^^^^^

warning: missing documentation for a struct field
  --> src/consensus/repository_context.rs:57:5
   |
57 |     pub current_branch: String,
   |     ^^^^^^^^^^^^^^^^^^^^^^^^^^

warning: missing documentation for a struct field
  --> src/consensus/repository_context.rs:58:5
   |
58 |     pub has_uncommitted_changes: bool,
   |     ^^^^^^^^^^^^^^^^^^^^^^^^^^^^^^^^^

warning: missing documentation for a struct field
  --> src/consensus/repository_context.rs:59:5
   |
59 |     pub remote_url: Option<String>,
   |     ^^^^^^^^^^^^^^^^^^^^^^^^^^^^^^

warning: missing documentation for a struct field
  --> src/consensus/repository_context.rs:60:5
   |
60 |     pub last_commit_hash: Option<String>,
   |     ^^^^^^^^^^^^^^^^^^^^^^^^^^^^^^^^^^^^

warning: missing documentation for a struct field
  --> src/consensus/repository_context.rs:61:5
   |
61 |     pub total_commits: u32,
   |     ^^^^^^^^^^^^^^^^^^^^^^

warning: missing documentation for a variant
  --> src/consensus/repository_context.rs:67:5
   |
67 |     Rust,
   |     ^^^^

warning: missing documentation for a variant
  --> src/consensus/repository_context.rs:68:5
   |
68 |     TypeScript,
   |     ^^^^^^^^^^

warning: missing documentation for a variant
  --> src/consensus/repository_context.rs:69:5
   |
69 |     JavaScript,
   |     ^^^^^^^^^^

warning: missing documentation for a variant
  --> src/consensus/repository_context.rs:70:5
   |
70 |     Python,
   |     ^^^^^^

warning: missing documentation for a variant
  --> src/consensus/repository_context.rs:71:5
   |
71 |     Go,
   |     ^^

warning: missing documentation for a variant
  --> src/consensus/repository_context.rs:72:5
   |
72 |     Java,
   |     ^^^^

warning: missing documentation for a variant
  --> src/consensus/repository_context.rs:73:5
   |
73 |     CSharp,
   |     ^^^^^^

warning: missing documentation for a variant
  --> src/consensus/repository_context.rs:74:5
   |
74 |     Cpp,
   |     ^^^

warning: missing documentation for a variant
  --> src/consensus/repository_context.rs:75:5
   |
75 |     Unknown,
   |     ^^^^^^^

warning: missing documentation for a variant
  --> src/consensus/repository_context.rs:76:5
   |
76 |     Mixed,
   |     ^^^^^

warning: missing documentation for a module
 --> src/consensus/stages/mod.rs:4:1
  |
4 | pub mod curator;
  | ^^^^^^^^^^^^^^^

warning: missing documentation for a module
 --> src/consensus/stages/mod.rs:8:1
  |
8 | pub mod generator;
  | ^^^^^^^^^^^^^^^^^

warning: missing documentation for a module
 --> src/consensus/stages/mod.rs:9:1
  |
9 | pub mod refiner;
  | ^^^^^^^^^^^^^^^

warning: missing documentation for a module
  --> src/consensus/stages/mod.rs:10:1
   |
10 | pub mod validator;
   | ^^^^^^^^^^^^^^^^^

warning: missing documentation for a struct
 --> src/consensus/stages/curator.rs:8:1
  |
8 | pub struct CuratorStage;
  | ^^^^^^^^^^^^^^^^^^^^^^^

warning: missing documentation for an associated function
  --> src/consensus/stages/curator.rs:71:5
   |
71 |     pub fn new() -> Self {
   |     ^^^^^^^^^^^^^^^^^^^^

warning: missing documentation for an associated function
  --> src/consensus/stages/file_aware_generator.rs:22:5
   |
22 |     pub fn new() -> Self {
   |     ^^^^^^^^^^^^^^^^^^^^

warning: missing documentation for a struct field
  --> src/consensus/stages/file_aware_curator.rs:26:9
   |
26 |         path: PathBuf,
   |         ^^^^^^^^^^^^^

warning: missing documentation for a struct field
  --> src/consensus/stages/file_aware_curator.rs:27:9
   |
27 |         content: String,
   |         ^^^^^^^^^^^^^^^

warning: missing documentation for a struct field
  --> src/consensus/stages/file_aware_curator.rs:31:9
   |
31 |         path: PathBuf,
   |         ^^^^^^^^^^^^^

warning: missing documentation for a struct field
  --> src/consensus/stages/file_aware_curator.rs:32:9
   |
32 |         content: String,
   |         ^^^^^^^^^^^^^^^

warning: missing documentation for a struct field
  --> src/consensus/stages/file_aware_curator.rs:36:9
   |
36 |         path: PathBuf,
   |         ^^^^^^^^^^^^^

warning: missing documentation for a struct field
  --> src/consensus/stages/file_aware_curator.rs:37:9
   |
37 |         content: String,
   |         ^^^^^^^^^^^^^^^

warning: missing documentation for a struct field
  --> src/consensus/stages/file_aware_curator.rs:41:9
   |
41 |         path: PathBuf,
   |         ^^^^^^^^^^^^^

warning: missing documentation for a struct field
  --> src/consensus/stages/file_aware_curator.rs:45:9
   |
45 |         from: PathBuf,
   |         ^^^^^^^^^^^^^

warning: missing documentation for a struct field
  --> src/consensus/stages/file_aware_curator.rs:46:9
   |
46 |         to: PathBuf,
   |         ^^^^^^^^^^^

warning: missing documentation for a struct field
  --> src/consensus/stages/file_aware_curator.rs:53:5
   |
53 |     pub operation: FileOperation,
   |     ^^^^^^^^^^^^^^^^^^^^^^^^^^^^

warning: missing documentation for a struct field
  --> src/consensus/stages/file_aware_curator.rs:54:5
   |
54 |     pub success: bool,
   |     ^^^^^^^^^^^^^^^^^

warning: missing documentation for a struct field
  --> src/consensus/stages/file_aware_curator.rs:55:5
   |
55 |     pub message: String,
   |     ^^^^^^^^^^^^^^^^^^^

warning: missing documentation for a struct field
  --> src/consensus/stages/file_aware_curator.rs:56:5
   |
56 |     pub backup_path: Option<PathBuf>,
   |     ^^^^^^^^^^^^^^^^^^^^^^^^^^^^^^^^

warning: missing documentation for a struct field
  --> src/consensus/stages/file_aware_curator.rs:62:5
   |
62 |     pub operations: Vec<FileOperation>,
   |     ^^^^^^^^^^^^^^^^^^^^^^^^^^^^^^^^^^

warning: missing documentation for a struct field
  --> src/consensus/stages/file_aware_curator.rs:63:5
   |
63 |     pub rationale: String,
   |     ^^^^^^^^^^^^^^^^^^^^^

warning: missing documentation for a struct field
  --> src/consensus/stages/file_aware_curator.rs:64:5
   |
64 |     pub safety_analysis: String,
   |     ^^^^^^^^^^^^^^^^^^^^^^^^^^^

warning: missing documentation for a struct field
  --> src/consensus/stages/file_aware_curator.rs:65:5
   |
65 |     pub preview: String,
   |     ^^^^^^^^^^^^^^^^^^^

warning: missing documentation for an associated function
  --> src/consensus/stages/file_aware_curator.rs:76:5
   |
76 |     pub fn new() -> Self {
   |     ^^^^^^^^^^^^^^^^^^^^

warning: missing documentation for a struct
 --> src/consensus/stages/generator.rs:9:1
  |
9 | pub struct GeneratorStage;
  | ^^^^^^^^^^^^^^^^^^^^^^^^^

warning: missing documentation for an associated function
  --> src/consensus/stages/generator.rs:53:5
   |
53 |     pub fn new() -> Self {
   |     ^^^^^^^^^^^^^^^^^^^^

warning: missing documentation for a struct
 --> src/consensus/stages/refiner.rs:8:1
  |
8 | pub struct RefinerStage;
  | ^^^^^^^^^^^^^^^^^^^^^^^

warning: missing documentation for an associated function
  --> src/consensus/stages/refiner.rs:65:5
   |
65 |     pub fn new() -> Self {
   |     ^^^^^^^^^^^^^^^^^^^^

warning: missing documentation for a struct
 --> src/consensus/stages/validator.rs:8:1
  |
8 | pub struct ValidatorStage;
  | ^^^^^^^^^^^^^^^^^^^^^^^^^

warning: missing documentation for an associated function
  --> src/consensus/stages/validator.rs:79:5
   |
79 |     pub fn new() -> Self {
   |     ^^^^^^^^^^^^^^^^^^^^

warning: missing documentation for a variant
  --> src/consensus/stages/repository_scanner.rs:14:5
   |
14 |     Critical = 0,  // Project definition files (Cargo.toml, package.json, etc.)
   |     ^^^^^^^^

warning: missing documentation for a variant
  --> src/consensus/stages/repository_scanner.rs:15:5
   |
15 |     High = 1,      // Main entry points (main.rs, lib.rs, index.js, etc.)
   |     ^^^^

warning: missing documentation for a variant
  --> src/consensus/stages/repository_scanner.rs:16:5
   |
16 |     Medium = 2,    // Configuration files
   |     ^^^^^^

warning: missing documentation for a variant
  --> src/consensus/stages/repository_scanner.rs:17:5
   |
17 |     Normal = 3,    // Regular source files
   |     ^^^^^^

warning: missing documentation for a variant
  --> src/consensus/stages/repository_scanner.rs:18:5
   |
18 |     Low = 4,       // Tests, documentation, etc.
   |     ^^^

warning: missing documentation for a struct field
  --> src/consensus/stages/repository_scanner.rs:24:5
   |
24 |     pub path: PathBuf,
   |     ^^^^^^^^^^^^^^^^^

warning: missing documentation for a struct field
  --> src/consensus/stages/repository_scanner.rs:25:5
   |
25 |     pub priority: FilePriority,
   |     ^^^^^^^^^^^^^^^^^^^^^^^^^^

warning: missing documentation for a struct field
  --> src/consensus/stages/repository_scanner.rs:26:5
   |
26 |     pub size: u64,
   |     ^^^^^^^^^^^^^

warning: missing documentation for a struct
  --> src/consensus/stages/claude_code_curator.rs:10:1
   |
10 | pub struct ClaudeCodeCuratorStage {
   | ^^^^^^^^^^^^^^^^^^^^^^^^^^^^^^^^^

warning: missing documentation for an associated function
  --> src/consensus/stages/claude_code_curator.rs:74:5
   |
74 |     pub fn new(inline_operations_enabled: bool) -> Self {
   |     ^^^^^^^^^^^^^^^^^^^^^^^^^^^^^^^^^^^^^^^^^^^^^^^^^^^

warning: missing documentation for a struct field
  --> src/consensus/streaming.rs:16:20
   |
16 |     StageStarted { stage: Stage, model: String },
   |                    ^^^^^^^^^^^^

warning: missing documentation for a struct field
  --> src/consensus/streaming.rs:16:34
   |
16 |     StageStarted { stage: Stage, model: String },
   |                                  ^^^^^^^^^^^^^

warning: missing documentation for a struct field
  --> src/consensus/streaming.rs:19:9
   |
19 |         stage: Stage,
   |         ^^^^^^^^^^^^

warning: missing documentation for a struct field
  --> src/consensus/streaming.rs:20:9
   |
20 |         chunk: String,
   |         ^^^^^^^^^^^^^

warning: missing documentation for a struct field
  --> src/consensus/streaming.rs:21:9
   |
21 |         total_content: String,
   |         ^^^^^^^^^^^^^^^^^^^^^

warning: missing documentation for a struct field
  --> src/consensus/streaming.rs:25:9
   |
25 |         stage: Stage,
   |         ^^^^^^^^^^^^

warning: missing documentation for a struct field
  --> src/consensus/streaming.rs:26:9
   |
26 |         tokens: u32,
   |         ^^^^^^^^^^^

warning: missing documentation for a struct field
  --> src/consensus/streaming.rs:27:9
   |
27 |         estimated_total: Option<u32>,
   |         ^^^^^^^^^^^^^^^^^^^^^^^^^^^^

warning: missing documentation for a struct field
  --> src/consensus/streaming.rs:28:9
   |
28 |         percentage: f32,
   |         ^^^^^^^^^^^^^^^

warning: missing documentation for a struct field
  --> src/consensus/streaming.rs:31:22
   |
31 |     StageCompleted { stage: Stage, result: StageResult },
   |                      ^^^^^^^^^^^^

warning: missing documentation for a struct field
  --> src/consensus/streaming.rs:31:36
   |
31 |     StageCompleted { stage: Stage, result: StageResult },
   |                                    ^^^^^^^^^^^^^^^^^^^

warning: missing documentation for a struct field
  --> src/consensus/streaming.rs:33:13
   |
33 |     Error { stage: Stage, error: String },
   |             ^^^^^^^^^^^^

warning: missing documentation for a struct field
  --> src/consensus/streaming.rs:33:27
   |
33 |     Error { stage: Stage, error: String },
   |                           ^^^^^^^^^^^^^

warning: missing documentation for a struct field
  --> src/consensus/streaming.rs:37:21
   |
37 |     FinalResponse { content: String },
   |                     ^^^^^^^^^^^^^^^

warning: missing documentation for a struct field
   --> src/consensus/streaming.rs:103:5
    |
103 |     pub tokens: u32,
    |     ^^^^^^^^^^^^^^^

warning: missing documentation for a struct field
   --> src/consensus/streaming.rs:104:5
    |
104 |     pub estimated_total: Option<u32>,
    |     ^^^^^^^^^^^^^^^^^^^^^^^^^^^^^^^^

warning: missing documentation for a struct field
   --> src/consensus/streaming.rs:105:5
    |
105 |     pub percentage: f32,
    |     ^^^^^^^^^^^^^^^^^^^

warning: missing documentation for a struct field
   --> src/consensus/streaming.rs:110:5
    |
110 |     pub show_progress: bool,
    |     ^^^^^^^^^^^^^^^^^^^^^^^

warning: missing documentation for a struct field
   --> src/consensus/streaming.rs:165:5
    |
165 |     pub stage: Stage,
    |     ^^^^^^^^^^^^^^^^

warning: missing documentation for a struct field
   --> src/consensus/streaming.rs:166:5
    |
166 |     pub tokens: u32,
    |     ^^^^^^^^^^^^^^^

warning: missing documentation for a struct field
   --> src/consensus/streaming.rs:167:5
    |
167 |     pub content: String,
    |     ^^^^^^^^^^^^^^^^^^^

warning: missing documentation for a struct field
   --> src/consensus/streaming.rs:168:5
    |
168 |     pub estimated_total: Option<u32>,
    |     ^^^^^^^^^^^^^^^^^^^^^^^^^^^^^^^^

warning: missing documentation for a struct field
   --> src/consensus/streaming.rs:169:5
    |
169 |     pub callbacks: Arc<dyn StreamingCallbacks>,
    |     ^^^^^^^^^^^^^^^^^^^^^^^^^^^^^^^^^^^^^^^^^^

warning: missing documentation for an associated function
   --> src/consensus/streaming.rs:173:5
    |
173 |     pub fn new(stage: Stage, callbacks: Arc<dyn StreamingCallbacks>) -> Self {
    |     ^^^^^^^^^^^^^^^^^^^^^^^^^^^^^^^^^^^^^^^^^^^^^^^^^^^^^^^^^^^^^^^^^^^^^^^^

warning: missing documentation for a variant
   --> src/consensus/streaming.rs:240:5
    |
240 |     StageStarted {
    |     ^^^^^^^^^^^^

warning: missing documentation for a struct field
   --> src/consensus/streaming.rs:241:9
    |
241 |         stage: ConsensusStage,
    |         ^^^^^^^^^^^^^^^^^^^^^

warning: missing documentation for a struct field
   --> src/consensus/streaming.rs:242:9
    |
242 |         model: String,
    |         ^^^^^^^^^^^^^

warning: missing documentation for a variant
   --> src/consensus/streaming.rs:244:5
    |
244 |     StageProgress {
    |     ^^^^^^^^^^^^^

warning: missing documentation for a struct field
   --> src/consensus/streaming.rs:245:9
    |
245 |         stage: ConsensusStage,
    |         ^^^^^^^^^^^^^^^^^^^^^

warning: missing documentation for a struct field
   --> src/consensus/streaming.rs:246:9
    |
246 |         progress: u16,
    |         ^^^^^^^^^^^^^

warning: missing documentation for a variant
   --> src/consensus/streaming.rs:248:5
    |
248 |     StageCompleted {
    |     ^^^^^^^^^^^^^^

warning: missing documentation for a struct field
   --> src/consensus/streaming.rs:249:9
    |
249 |         stage: ConsensusStage,
    |         ^^^^^^^^^^^^^^^^^^^^^

warning: missing documentation for a variant
   --> src/consensus/streaming.rs:251:5
    |
251 |     TokenReceived {
    |     ^^^^^^^^^^^^^

warning: missing documentation for a struct field
   --> src/consensus/streaming.rs:252:9
    |
252 |         token: String,
    |         ^^^^^^^^^^^^^

warning: missing documentation for a variant
   --> src/consensus/streaming.rs:254:5
    |
254 |     Error {
    |     ^^^^^

warning: missing documentation for a struct field
   --> src/consensus/streaming.rs:255:9
    |
255 |         stage: ConsensusStage,
    |         ^^^^^^^^^^^^^^^^^^^^^

warning: missing documentation for a struct field
   --> src/consensus/streaming.rs:256:9
    |
256 |         error: String,
    |         ^^^^^^^^^^^^^

warning: missing documentation for a variant
   --> src/consensus/streaming.rs:258:5
    |
258 |     Complete {
    |     ^^^^^^^^

warning: missing documentation for a struct field
   --> src/consensus/streaming.rs:259:9
    |
259 |         response: ConsensusResponseResult,
    |         ^^^^^^^^^^^^^^^^^^^^^^^^^^^^^^^^^

warning: missing documentation for a variant
   --> src/consensus/streaming.rs:266:5
    |
266 |     Generator,
    |     ^^^^^^^^^

warning: missing documentation for a variant
   --> src/consensus/streaming.rs:267:5
    |
267 |     Refiner,
    |     ^^^^^^^

warning: missing documentation for a variant
   --> src/consensus/streaming.rs:268:5
    |
268 |     Validator,
    |     ^^^^^^^^^

warning: missing documentation for a variant
   --> src/consensus/streaming.rs:269:5
    |
269 |     Curator,
    |     ^^^^^^^

warning: missing documentation for a struct field
   --> src/consensus/streaming.rs:275:5
    |
275 |     pub content: String,
    |     ^^^^^^^^^^^^^^^^^^^

warning: missing documentation for a struct field
   --> src/consensus/streaming.rs:276:5
    |
276 |     pub metadata: ResponseMetadata,
    |     ^^^^^^^^^^^^^^^^^^^^^^^^^^^^^^

warning: missing documentation for a struct field
   --> src/consensus/streaming.rs:281:5
    |
281 |     pub stage: Stage,
    |     ^^^^^^^^^^^^^^^^

warning: missing documentation for an associated function
   --> src/consensus/streaming.rs:291:5
    |
291 |     pub fn new(stage: Stage, callbacks: Arc<dyn StreamingCallbacks>) -> Self {
    |     ^^^^^^^^^^^^^^^^^^^^^^^^^^^^^^^^^^^^^^^^^^^^^^^^^^^^^^^^^^^^^^^^^^^^^^^^

warning: missing documentation for a method
   --> src/consensus/streaming.rs:374:5
    |
374 |     pub fn get_quality_score(&self) -> f32 {
    |     ^^^^^^^^^^^^^^^^^^^^^^^^^^^^^^^^^^^^^^

warning: missing documentation for a method
   --> src/consensus/streaming.rs:378:5
    |
378 |     pub fn elapsed_time(&self) -> std::time::Duration {
    |     ^^^^^^^^^^^^^^^^^^^^^^^^^^^^^^^^^^^^^^^^^^^^^^^^^

warning: missing documentation for a struct field
   --> src/consensus/streaming.rs:386:5
    |
386 |     pub current_stage: Option<Stage>,
    |     ^^^^^^^^^^^^^^^^^^^^^^^^^^^^^^^^

warning: missing documentation for a struct field
   --> src/consensus/streaming.rs:387:5
    |
387 |     pub stage_progress: [f32; 4], // Progress for each of the 4 stages
    |     ^^^^^^^^^^^^^^^^^^^^^^^^^^^^

warning: missing documentation for a struct field
   --> src/consensus/streaming.rs:388:5
    |
388 |     pub stage_quality: [f32; 4],  // Quality scores for each stage
    |     ^^^^^^^^^^^^^^^^^^^^^^^^^^^

warning: missing documentation for a struct field
   --> src/consensus/streaming.rs:389:5
    |
389 |     pub overall_progress: f32,
    |     ^^^^^^^^^^^^^^^^^^^^^^^^^

warning: missing documentation for a struct field
   --> src/consensus/streaming.rs:390:5
    |
390 |     pub elapsed_time: std::time::Duration,
    |     ^^^^^^^^^^^^^^^^^^^^^^^^^^^^^^^^^^^^^

warning: missing documentation for a struct field
   --> src/consensus/streaming.rs:391:5
    |
391 |     pub estimated_completion: Option<std::time::Duration>,
    |     ^^^^^^^^^^^^^^^^^^^^^^^^^^^^^^^^^^^^^^^^^^^^^^^^^^^^^

warning: missing documentation for a struct field
   --> src/consensus/streaming.rs:392:5
    |
392 |     pub total_tokens: u32,
    |     ^^^^^^^^^^^^^^^^^^^^^

warning: missing documentation for a struct field
   --> src/consensus/streaming.rs:393:5
    |
393 |     pub estimated_cost: f64,
    |     ^^^^^^^^^^^^^^^^^^^^^^^

warning: missing documentation for a method
   --> src/consensus/streaming.rs:412:5
    |
412 |     pub fn update_stage_progress(&mut self, stage: Stage, progress: f32, quality: f32) {
    |     ^^^^^^^^^^^^^^^^^^^^^^^^^^^^^^^^^^^^^^^^^^^^^^^^^^^^^^^^^^^^^^^^^^^^^^^^^^^^^^^^^^

warning: missing documentation for a method
   --> src/consensus/streaming.rs:425:5
    |
425 |     pub fn set_current_stage(&mut self, stage: Option<Stage>) {
    |     ^^^^^^^^^^^^^^^^^^^^^^^^^^^^^^^^^^^^^^^^^^^^^^^^^^^^^^^^^

warning: missing documentation for a method
   --> src/consensus/streaming.rs:429:5
    |
429 |     pub fn get_stage_name(&self, index: usize) -> &'static str {
    |     ^^^^^^^^^^^^^^^^^^^^^^^^^^^^^^^^^^^^^^^^^^^^^^^^^^^^^^^^^^

warning: missing documentation for a method
   --> src/consensus/streaming.rs:439:5
    |
439 |     pub fn format_stage_display(&self, index: usize) -> String {
    |     ^^^^^^^^^^^^^^^^^^^^^^^^^^^^^^^^^^^^^^^^^^^^^^^^^^^^^^^^^^

warning: missing documentation for an associated function
   --> src/consensus/streaming.rs:468:5
    |
468 |     pub fn new(sender: mpsc::UnboundedSender<StreamingResponse>) -> Self {
    |     ^^^^^^^^^^^^^^^^^^^^^^^^^^^^^^^^^^^^^^^^^^^^^^^^^^^^^^^^^^^^^^^^^^^^

warning: missing documentation for an associated function
   --> src/consensus/streaming.rs:553:5
    |
553 |     pub fn new() -> (Self, mpsc::UnboundedSender<ConsensusEvent>) {
    |     ^^^^^^^^^^^^^^^^^^^^^^^^^^^^^^^^^^^^^^^^^^^^^^^^^^^^^^^^^^^^^

warning: missing documentation for a struct field
  --> src/consensus/temporal.rs:41:5
   |
41 |     pub is_business_day: bool,
   |     ^^^^^^^^^^^^^^^^^^^^^^^^^

warning: missing documentation for a struct field
  --> src/consensus/temporal.rs:42:5
   |
42 |     pub is_market_hours: bool,
   |     ^^^^^^^^^^^^^^^^^^^^^^^^^

warning: missing documentation for a struct field
  --> src/consensus/temporal.rs:43:5
   |
43 |     pub quarter: String,
   |     ^^^^^^^^^^^^^^^^^^^

warning: missing documentation for a struct field
  --> src/consensus/temporal.rs:44:5
   |
44 |     pub fiscal_period: String,
   |     ^^^^^^^^^^^^^^^^^^^^^^^^^

warning: missing documentation for a method
  --> src/consensus/temporal.rs:51:5
   |
51 |     pub fn is_business_day(&self, date: &DateTime<Tz>) -> bool {
   |     ^^^^^^^^^^^^^^^^^^^^^^^^^^^^^^^^^^^^^^^^^^^^^^^^^^^^^^^^^^

warning: missing documentation for a method
  --> src/consensus/temporal.rs:56:5
   |
56 |     pub fn current_quarter(&self, date: &DateTime<Tz>) -> String {
   |     ^^^^^^^^^^^^^^^^^^^^^^^^^^^^^^^^^^^^^^^^^^^^^^^^^^^^^^^^^^^^

warning: missing documentation for a method
  --> src/consensus/temporal.rs:73:5
   |
73 |     pub fn is_market_hours(&self, date: &DateTime<Tz>) -> bool {
   |     ^^^^^^^^^^^^^^^^^^^^^^^^^^^^^^^^^^^^^^^^^^^^^^^^^^^^^^^^^^

warning: missing documentation for an associated function
   --> src/consensus/temporal.rs:102:5
    |
102 |     pub fn new(timezone: Tz) -> Self {
    |     ^^^^^^^^^^^^^^^^^^^^^^^^^^^^^^^^

warning: missing documentation for a variant
  --> src/consensus/types.rs:14:5
   |
14 |     Generator,
   |     ^^^^^^^^^

warning: missing documentation for a variant
  --> src/consensus/types.rs:15:5
   |
15 |     Refiner,
   |     ^^^^^^^

warning: missing documentation for a variant
  --> src/consensus/types.rs:16:5
   |
16 |     Validator,
   |     ^^^^^^^^^

warning: missing documentation for a variant
  --> src/consensus/types.rs:17:5
   |
17 |     Curator,
   |     ^^^^^^^

warning: missing documentation for a method
  --> src/consensus/types.rs:21:5
   |
21 |     pub fn as_str(&self) -> &'static str {
   |     ^^^^^^^^^^^^^^^^^^^^^^^^^^^^^^^^^^^^

warning: missing documentation for a method
  --> src/consensus/types.rs:30:5
   |
30 |     pub fn display_name(&self) -> &'static str {
   |     ^^^^^^^^^^^^^^^^^^^^^^^^^^^^^^^^^^^^^^^^^^

warning: missing documentation for a struct field
  --> src/consensus/types.rs:43:5
   |
43 |     pub id: String,
   |     ^^^^^^^^^^^^^^

warning: missing documentation for a struct field
  --> src/consensus/types.rs:44:5
   |
44 |     pub profile_name: String,
   |     ^^^^^^^^^^^^^^^^^^^^^^^^

warning: missing documentation for a struct field
  --> src/consensus/types.rs:45:5
   |
45 |     pub generator_model: String,
   |     ^^^^^^^^^^^^^^^^^^^^^^^^^^^

warning: missing documentation for a struct field
  --> src/consensus/types.rs:46:5
   |
46 |     pub refiner_model: String,
   |     ^^^^^^^^^^^^^^^^^^^^^^^^^

warning: missing documentation for a struct field
  --> src/consensus/types.rs:47:5
   |
47 |     pub validator_model: String,
   |     ^^^^^^^^^^^^^^^^^^^^^^^^^^^

warning: missing documentation for a struct field
  --> src/consensus/types.rs:48:5
   |
48 |     pub curator_model: String,
   |     ^^^^^^^^^^^^^^^^^^^^^^^^^

warning: missing documentation for a struct field
  --> src/consensus/types.rs:49:5
   |
49 |     pub created_at: DateTime<Utc>,
   |     ^^^^^^^^^^^^^^^^^^^^^^^^^^^^^

warning: missing documentation for a struct field
  --> src/consensus/types.rs:50:5
   |
50 |     pub is_active: bool,
   |     ^^^^^^^^^^^^^^^^^^^

warning: missing documentation for a method
  --> src/consensus/types.rs:54:5
   |
54 |     pub fn get_model_for_stage(&self, stage: Stage) -> &str {
   |     ^^^^^^^^^^^^^^^^^^^^^^^^^^^^^^^^^^^^^^^^^^^^^^^^^^^^^^^

warning: missing documentation for a struct field
  --> src/consensus/types.rs:68:5
   |
68 |     pub stage_id: String,
   |     ^^^^^^^^^^^^^^^^^^^^

warning: missing documentation for a struct field
  --> src/consensus/types.rs:70:5
   |
70 |     pub stage_name: String,
   |     ^^^^^^^^^^^^^^^^^^^^^^

warning: missing documentation for a struct field
  --> src/consensus/types.rs:71:5
   |
71 |     pub question: String,
   |     ^^^^^^^^^^^^^^^^^^^^

warning: missing documentation for a struct field
  --> src/consensus/types.rs:72:5
   |
72 |     pub answer: String,
   |     ^^^^^^^^^^^^^^^^^^

warning: missing documentation for a struct field
  --> src/consensus/types.rs:73:5
   |
73 |     pub model: String,
   |     ^^^^^^^^^^^^^^^^^

warning: missing documentation for a struct field
  --> src/consensus/types.rs:75:5
   |
75 |     pub conversation_id: String,
   |     ^^^^^^^^^^^^^^^^^^^^^^^^^^^

warning: missing documentation for a struct field
  --> src/consensus/types.rs:76:5
   |
76 |     pub timestamp: DateTime<Utc>,
   |     ^^^^^^^^^^^^^^^^^^^^^^^^^^^^

warning: missing documentation for a struct field
  --> src/consensus/types.rs:77:5
   |
77 |     pub usage: Option<TokenUsage>,
   |     ^^^^^^^^^^^^^^^^^^^^^^^^^^^^^

warning: missing documentation for a struct field
  --> src/consensus/types.rs:78:5
   |
78 |     pub analytics: Option<StageAnalytics>,
   |     ^^^^^^^^^^^^^^^^^^^^^^^^^^^^^^^^^^^^^

warning: missing documentation for a struct field
  --> src/consensus/types.rs:84:5
   |
84 |     pub prompt_tokens: u32,
   |     ^^^^^^^^^^^^^^^^^^^^^^

warning: missing documentation for a struct field
  --> src/consensus/types.rs:85:5
   |
85 |     pub completion_tokens: u32,
   |     ^^^^^^^^^^^^^^^^^^^^^^^^^^

warning: missing documentation for a struct field
  --> src/consensus/types.rs:86:5
   |
86 |     pub total_tokens: u32,
   |     ^^^^^^^^^^^^^^^^^^^^^

warning: missing documentation for a struct field
  --> src/consensus/types.rs:92:5
   |
92 |     pub duration: f64,
   |     ^^^^^^^^^^^^^^^^^

warning: missing documentation for a struct field
  --> src/consensus/types.rs:93:5
   |
93 |     pub cost: f64,
   |     ^^^^^^^^^^^^^

warning: missing documentation for a struct field
  --> src/consensus/types.rs:95:5
   |
95 |     pub input_cost: f64,
   |     ^^^^^^^^^^^^^^^^^^^

warning: missing documentation for a struct field
  --> src/consensus/types.rs:97:5
   |
97 |     pub output_cost: f64,
   |     ^^^^^^^^^^^^^^^^^^^^

warning: missing documentation for a struct field
  --> src/consensus/types.rs:98:5
   |
98 |     pub provider: String,
   |     ^^^^^^^^^^^^^^^^^^^^

warning: missing documentation for a struct field
   --> src/consensus/types.rs:100:5
    |
100 |     pub model_internal_id: String,
    |     ^^^^^^^^^^^^^^^^^^^^^^^^^^^^^

warning: missing documentation for a struct field
   --> src/consensus/types.rs:102:5
    |
102 |     pub quality_score: f64,
    |     ^^^^^^^^^^^^^^^^^^^^^^

warning: missing documentation for a struct field
   --> src/consensus/types.rs:104:5
    |
104 |     pub error_count: u32,
    |     ^^^^^^^^^^^^^^^^^^^^

warning: missing documentation for a struct field
   --> src/consensus/types.rs:106:5
    |
106 |     pub fallback_used: bool,
    |     ^^^^^^^^^^^^^^^^^^^^^^^

warning: missing documentation for a struct field
   --> src/consensus/types.rs:108:5
    |
108 |     pub rate_limit_hit: bool,
    |     ^^^^^^^^^^^^^^^^^^^^^^^^

warning: missing documentation for a struct field
   --> src/consensus/types.rs:110:5
    |
110 |     pub retry_count: u32,
    |     ^^^^^^^^^^^^^^^^^^^^

warning: missing documentation for a struct field
   --> src/consensus/types.rs:112:5
    |
112 |     pub start_time: DateTime<Utc>,
    |     ^^^^^^^^^^^^^^^^^^^^^^^^^^^^^

warning: missing documentation for a struct field
   --> src/consensus/types.rs:114:5
    |
114 |     pub end_time: DateTime<Utc>,
    |     ^^^^^^^^^^^^^^^^^^^^^^^^^^^

warning: missing documentation for a struct field
   --> src/consensus/types.rs:116:5
    |
116 |     pub memory_usage: Option<u64>,
    |     ^^^^^^^^^^^^^^^^^^^^^^^^^^^^^

warning: missing documentation for a struct field
   --> src/consensus/types.rs:117:5
    |
117 |     pub features: AnalyticsFeatures,
    |     ^^^^^^^^^^^^^^^^^^^^^^^^^^^^^^^

warning: missing documentation for a struct field
   --> src/consensus/types.rs:123:5
    |
123 |     pub streaming: bool,
    |     ^^^^^^^^^^^^^^^^^^^

warning: missing documentation for a struct field
   --> src/consensus/types.rs:124:5
    |
124 |     pub routing_variant: String,
    |     ^^^^^^^^^^^^^^^^^^^^^^^^^^^

warning: missing documentation for a struct field
   --> src/consensus/types.rs:125:5
    |
125 |     pub optimization_applied: Option<bool>,
    |     ^^^^^^^^^^^^^^^^^^^^^^^^^^^^^^^^^^^^^^

warning: missing documentation for a struct field
   --> src/consensus/types.rs:131:5
    |
131 |     pub success: bool,
    |     ^^^^^^^^^^^^^^^^^

warning: missing documentation for a struct field
   --> src/consensus/types.rs:132:5
    |
132 |     pub result: Option<String>,
    |     ^^^^^^^^^^^^^^^^^^^^^^^^^^

warning: missing documentation for a struct field
   --> src/consensus/types.rs:133:5
    |
133 |     pub error: Option<String>,
    |     ^^^^^^^^^^^^^^^^^^^^^^^^^

warning: missing documentation for a struct field
   --> src/consensus/types.rs:134:5
    |
134 |     pub stages: Vec<StageResult>,
    |     ^^^^^^^^^^^^^^^^^^^^^^^^^^^^

warning: missing documentation for a struct field
   --> src/consensus/types.rs:135:5
    |
135 |     pub conversation_id: String,
    |     ^^^^^^^^^^^^^^^^^^^^^^^^^^^

warning: missing documentation for a struct field
   --> src/consensus/types.rs:136:5
    |
136 |     pub total_duration: f64,
    |     ^^^^^^^^^^^^^^^^^^^^^^^

warning: missing documentation for a struct field
   --> src/consensus/types.rs:137:5
    |
137 |     pub total_cost: f64,
    |     ^^^^^^^^^^^^^^^^^^^

warning: missing documentation for a struct field
   --> src/consensus/types.rs:144:5
    |
144 |     pub enable_streaming: bool,
    |     ^^^^^^^^^^^^^^^^^^^^^^^^^^

warning: missing documentation for a struct field
   --> src/consensus/types.rs:145:5
    |
145 |     pub show_progress: bool,
    |     ^^^^^^^^^^^^^^^^^^^^^^^

warning: missing documentation for a struct field
   --> src/consensus/types.rs:146:5
    |
146 |     pub timeout_seconds: u64,
    |     ^^^^^^^^^^^^^^^^^^^^^^^^

warning: missing documentation for a struct field
   --> src/consensus/types.rs:147:5
    |
147 |     pub retry_policy: RetryPolicy,
    |     ^^^^^^^^^^^^^^^^^^^^^^^^^^^^^

warning: missing documentation for a struct field
   --> src/consensus/types.rs:148:5
    |
148 |     pub context_injection: ContextInjectionStrategy,
    |     ^^^^^^^^^^^^^^^^^^^^^^^^^^^^^^^^^^^^^^^^^^^^^^^

warning: missing documentation for a struct field
   --> src/consensus/types.rs:154:5
    |
154 |     pub max_retries: u32,
    |     ^^^^^^^^^^^^^^^^^^^^

warning: missing documentation for a struct field
   --> src/consensus/types.rs:155:5
    |
155 |     pub initial_delay_ms: u64,
    |     ^^^^^^^^^^^^^^^^^^^^^^^^^

warning: missing documentation for a struct field
   --> src/consensus/types.rs:156:5
    |
156 |     pub max_delay_ms: u64,
    |     ^^^^^^^^^^^^^^^^^^^^^

warning: missing documentation for a struct field
   --> src/consensus/types.rs:157:5
    |
157 |     pub exponential_base: f64,
    |     ^^^^^^^^^^^^^^^^^^^^^^^^^

warning: missing documentation for a struct field
   --> src/consensus/types.rs:196:5
    |
196 |     pub role: String,
    |     ^^^^^^^^^^^^^^^^

warning: missing documentation for a struct field
   --> src/consensus/types.rs:197:5
    |
197 |     pub content: String,
    |     ^^^^^^^^^^^^^^^^^^^

warning: missing documentation for a struct field
   --> src/consensus/types.rs:203:5
    |
203 |     pub query: String,
    |     ^^^^^^^^^^^^^^^^^

warning: missing documentation for a struct field
   --> src/consensus/types.rs:204:5
    |
204 |     pub context: Option<String>,
    |     ^^^^^^^^^^^^^^^^^^^^^^^^^^^

warning: missing documentation for a struct field
   --> src/consensus/types.rs:205:5
    |
205 |     pub temporal_context: Option<TemporalContext>,
    |     ^^^^^^^^^^^^^^^^^^^^^^^^^^^^^^^^^^^^^^^^^^^^^

warning: missing documentation for a struct field
   --> src/consensus/types.rs:206:5
    |
206 |     pub profile_override: Option<String>,
    |     ^^^^^^^^^^^^^^^^^^^^^^^^^^^^^^^^^^^^

warning: missing documentation for a struct field
   --> src/consensus/types.rs:207:5
    |
207 |     pub max_tokens: Option<u32>,
    |     ^^^^^^^^^^^^^^^^^^^^^^^^^^^

warning: missing documentation for a struct field
   --> src/consensus/types.rs:208:5
    |
208 |     pub user_id: Option<String>,
    |     ^^^^^^^^^^^^^^^^^^^^^^^^^^^

warning: missing documentation for a struct field
   --> src/consensus/types.rs:239:5
    |
239 |     pub content: String,
    |     ^^^^^^^^^^^^^^^^^^^

warning: missing documentation for a struct field
   --> src/consensus/types.rs:240:5
    |
240 |     pub metadata: ResponseMetadata,
    |     ^^^^^^^^^^^^^^^^^^^^^^^^^^^^^^

warning: missing documentation for a struct field
   --> src/consensus/types.rs:241:5
    |
241 |     pub profile: Option<String>,
    |     ^^^^^^^^^^^^^^^^^^^^^^^^^^^

warning: missing documentation for a struct field
   --> src/consensus/types.rs:242:5
    |
242 |     pub latency: Duration,
    |     ^^^^^^^^^^^^^^^^^^^^^

warning: missing documentation for a struct field
   --> src/consensus/types.rs:243:5
    |
243 |     pub model_usage: HashMap<String, u32>,
    |     ^^^^^^^^^^^^^^^^^^^^^^^^^^^^^^^^^^^^^

warning: missing documentation for a struct field
   --> src/consensus/types.rs:244:5
    |
244 |     pub quality_score: f64,
    |     ^^^^^^^^^^^^^^^^^^^^^^

warning: missing documentation for a struct field
   --> src/consensus/types.rs:250:5
    |
250 |     pub total_tokens: u32,
    |     ^^^^^^^^^^^^^^^^^^^^^

warning: missing documentation for a struct field
   --> src/consensus/types.rs:251:5
    |
251 |     pub cost: f64,
    |     ^^^^^^^^^^^^^

warning: missing documentation for a struct field
   --> src/consensus/types.rs:252:5
    |
252 |     pub duration_ms: u64,
    |     ^^^^^^^^^^^^^^^^^^^^

warning: missing documentation for a struct field
   --> src/consensus/types.rs:253:5
    |
253 |     pub models_used: Vec<String>,
    |     ^^^^^^^^^^^^^^^^^^^^^^^^^^^^

warning: missing documentation for a variant
   --> src/consensus/codebase_intelligence/mod.rs:210:5
    |
210 |     FullScan,
    |     ^^^^^^^^

warning: missing documentation for a variant
   --> src/consensus/codebase_intelligence/mod.rs:211:5
    |
211 |     Refresh,
    |     ^^^^^^^

warning: missing documentation for a variant
   --> src/consensus/codebase_intelligence/mod.rs:212:5
    |
212 |     Search(String),
    |     ^^^^^^

warning: missing documentation for a variant
   --> src/consensus/codebase_intelligence/mod.rs:218:5
    |
218 |     Starting,
    |     ^^^^^^^^

warning: missing documentation for a variant
   --> src/consensus/codebase_intelligence/mod.rs:219:5
    |
219 |     Scanning { current: usize, total: usize },
    |     ^^^^^^^^

warning: missing documentation for a struct field
   --> src/consensus/codebase_intelligence/mod.rs:219:16
    |
219 |     Scanning { current: usize, total: usize },
    |                ^^^^^^^^^^^^^^

warning: missing documentation for a struct field
   --> src/consensus/codebase_intelligence/mod.rs:219:32
    |
219 |     Scanning { current: usize, total: usize },
    |                                ^^^^^^^^^^^^

warning: missing documentation for a variant
   --> src/consensus/codebase_intelligence/mod.rs:220:5
    |
220 |     Extracting { current: usize, total: usize },
    |     ^^^^^^^^^^

warning: missing documentation for a struct field
   --> src/consensus/codebase_intelligence/mod.rs:220:18
    |
220 |     Extracting { current: usize, total: usize },
    |                  ^^^^^^^^^^^^^^

warning: missing documentation for a struct field
   --> src/consensus/codebase_intelligence/mod.rs:220:34
    |
220 |     Extracting { current: usize, total: usize },
    |                                  ^^^^^^^^^^^^

warning: missing documentation for a variant
   --> src/consensus/codebase_intelligence/mod.rs:221:5
    |
221 |     Analyzing,
    |     ^^^^^^^^^

warning: missing documentation for a variant
   --> src/consensus/codebase_intelligence/mod.rs:222:5
    |
222 |     Indexing,
    |     ^^^^^^^^

warning: missing documentation for a variant
   --> src/consensus/codebase_intelligence/mod.rs:223:5
    |
223 |     Complete,
    |     ^^^^^^^^

warning: missing documentation for a struct field
   --> src/consensus/codebase_intelligence/mod.rs:229:5
    |
229 |     pub scan_id: String,
    |     ^^^^^^^^^^^^^^^^^^^

warning: missing documentation for a struct field
   --> src/consensus/codebase_intelligence/mod.rs:230:5
    |
230 |     pub total_files: usize,
    |     ^^^^^^^^^^^^^^^^^^^^^^

warning: missing documentation for a struct field
   --> src/consensus/codebase_intelligence/mod.rs:231:5
    |
231 |     pub total_objects: usize,
    |     ^^^^^^^^^^^^^^^^^^^^^^^^

warning: missing documentation for a struct field
   --> src/consensus/codebase_intelligence/mod.rs:232:5
    |
232 |     pub architecture: String,
    |     ^^^^^^^^^^^^^^^^^^^^^^^^

warning: missing documentation for a struct field
   --> src/consensus/codebase_intelligence/mod.rs:233:5
    |
233 |     pub key_concepts: Vec<String>,
    |     ^^^^^^^^^^^^^^^^^^^^^^^^^^^^^

warning: missing documentation for a struct field
  --> src/consensus/codebase_intelligence/scanner.rs:18:5
   |
18 |     pub root_path: PathBuf,
   |     ^^^^^^^^^^^^^^^^^^^^^^

warning: missing documentation for a struct field
  --> src/consensus/codebase_intelligence/scanner.rs:19:5
   |
19 |     pub files: Vec<ScannedFile>,
   |     ^^^^^^^^^^^^^^^^^^^^^^^^^^^

warning: missing documentation for a struct field
  --> src/consensus/codebase_intelligence/scanner.rs:20:5
   |
20 |     pub total_size_bytes: u64,
   |     ^^^^^^^^^^^^^^^^^^^^^^^^^

warning: missing documentation for a struct field
  --> src/consensus/codebase_intelligence/scanner.rs:21:5
   |
21 |     pub languages: Vec<(Language, usize)>, // Language and file count
   |     ^^^^^^^^^^^^^^^^^^^^^^^^^^^^^^^^^^^^^

warning: missing documentation for a struct field
  --> src/consensus/codebase_intelligence/scanner.rs:22:5
   |
22 |     pub ignored_paths: Vec<PathBuf>,
   |     ^^^^^^^^^^^^^^^^^^^^^^^^^^^^^^^

warning: missing documentation for a struct field
  --> src/consensus/codebase_intelligence/scanner.rs:28:5
   |
28 |     pub path: PathBuf,
   |     ^^^^^^^^^^^^^^^^^

warning: missing documentation for a struct field
  --> src/consensus/codebase_intelligence/scanner.rs:29:5
   |
29 |     pub relative_path: PathBuf,
   |     ^^^^^^^^^^^^^^^^^^^^^^^^^^

warning: missing documentation for a struct field
  --> src/consensus/codebase_intelligence/scanner.rs:30:5
   |
30 |     pub language: Language,
   |     ^^^^^^^^^^^^^^^^^^^^^^

warning: missing documentation for a struct field
  --> src/consensus/codebase_intelligence/scanner.rs:31:5
   |
31 |     pub size_bytes: u64,
   |     ^^^^^^^^^^^^^^^^^^^

warning: missing documentation for a struct field
  --> src/consensus/codebase_intelligence/scanner.rs:32:5
   |
32 |     pub line_count: usize,
   |     ^^^^^^^^^^^^^^^^^^^^^

warning: missing documentation for a struct field
  --> src/consensus/codebase_intelligence/scanner.rs:33:5
   |
33 |     pub content: String,
   |     ^^^^^^^^^^^^^^^^^^^

warning: missing documentation for a struct field
  --> src/consensus/codebase_intelligence/scanner.rs:34:5
   |
34 |     pub is_test: bool,
   |     ^^^^^^^^^^^^^^^^^

warning: missing documentation for a struct field
  --> src/consensus/codebase_intelligence/scanner.rs:35:5
   |
35 |     pub is_generated: bool,
   |     ^^^^^^^^^^^^^^^^^^^^^^

warning: missing documentation for an associated function
  --> src/consensus/codebase_intelligence/semantic_search.rs:19:5
   |
19 |     pub fn new(database: Arc<DatabaseManager>) -> Self {
   |     ^^^^^^^^^^^^^^^^^^^^^^^^^^^^^^^^^^^^^^^^^^^^^^^^^^

warning: missing documentation for a struct field
   --> src/consensus/codebase_intelligence/semantic_search.rs:215:5
    |
215 |     pub object_id: String,
    |     ^^^^^^^^^^^^^^^^^^^^^

warning: missing documentation for a struct field
   --> src/consensus/codebase_intelligence/semantic_search.rs:216:5
    |
216 |     pub name: String,
    |     ^^^^^^^^^^^^^^^^

warning: missing documentation for a struct field
   --> src/consensus/codebase_intelligence/semantic_search.rs:217:5
    |
217 |     pub kind: String,
    |     ^^^^^^^^^^^^^^^^

warning: missing documentation for a struct field
   --> src/consensus/codebase_intelligence/semantic_search.rs:218:5
    |
218 |     pub file_path: String,
    |     ^^^^^^^^^^^^^^^^^^^^^

warning: missing documentation for a struct field
   --> src/consensus/codebase_intelligence/semantic_search.rs:219:5
    |
219 |     pub line_start: usize,
    |     ^^^^^^^^^^^^^^^^^^^^^

warning: missing documentation for a struct field
   --> src/consensus/codebase_intelligence/semantic_search.rs:220:5
    |
220 |     pub signature: String,
    |     ^^^^^^^^^^^^^^^^^^^^^

warning: missing documentation for a struct field
   --> src/consensus/codebase_intelligence/semantic_search.rs:221:5
    |
221 |     pub documentation: Option<String>,
    |     ^^^^^^^^^^^^^^^^^^^^^^^^^^^^^^^^^

warning: missing documentation for a struct field
   --> src/consensus/codebase_intelligence/semantic_search.rs:222:5
    |
222 |     pub context: String,
    |     ^^^^^^^^^^^^^^^^^^^

warning: missing documentation for a struct field
   --> src/consensus/codebase_intelligence/semantic_search.rs:223:5
    |
223 |     pub match_count: i32,
    |     ^^^^^^^^^^^^^^^^^^^^

warning: missing documentation for a struct field
   --> src/consensus/codebase_intelligence/semantic_search.rs:224:5
    |
224 |     pub matching_keywords: Vec<String>,
    |     ^^^^^^^^^^^^^^^^^^^^^^^^^^^^^^^^^^

warning: missing documentation for a struct field
 --> src/consensus/codebase_intelligence/extractor.rs:9:5
  |
9 |     pub id: String,
  |     ^^^^^^^^^^^^^^

warning: missing documentation for a struct field
  --> src/consensus/codebase_intelligence/extractor.rs:10:5
   |
10 |     pub name: String,
   |     ^^^^^^^^^^^^^^^^

warning: missing documentation for a struct field
  --> src/consensus/codebase_intelligence/extractor.rs:11:5
   |
11 |     pub kind: ObjectKind,
   |     ^^^^^^^^^^^^^^^^^^^^

warning: missing documentation for a struct field
  --> src/consensus/codebase_intelligence/extractor.rs:12:5
   |
12 |     pub file_path: std::path::PathBuf,
   |     ^^^^^^^^^^^^^^^^^^^^^^^^^^^^^^^^^

warning: missing documentation for a struct field
  --> src/consensus/codebase_intelligence/extractor.rs:13:5
   |
13 |     pub line_start: usize,
   |     ^^^^^^^^^^^^^^^^^^^^^

warning: missing documentation for a struct field
  --> src/consensus/codebase_intelligence/extractor.rs:14:5
   |
14 |     pub line_end: usize,
   |     ^^^^^^^^^^^^^^^^^^^

warning: missing documentation for a struct field
  --> src/consensus/codebase_intelligence/extractor.rs:15:5
   |
15 |     pub signature: String,
   |     ^^^^^^^^^^^^^^^^^^^^^

warning: missing documentation for a struct field
  --> src/consensus/codebase_intelligence/extractor.rs:16:5
   |
16 |     pub documentation: Option<String>,
   |     ^^^^^^^^^^^^^^^^^^^^^^^^^^^^^^^^^

warning: missing documentation for a struct field
  --> src/consensus/codebase_intelligence/extractor.rs:17:5
   |
17 |     pub visibility: Visibility,
   |     ^^^^^^^^^^^^^^^^^^^^^^^^^^

warning: missing documentation for a struct field
  --> src/consensus/codebase_intelligence/extractor.rs:18:5
   |
18 |     pub dependencies: Vec<String>,
   |     ^^^^^^^^^^^^^^^^^^^^^^^^^^^^^

warning: missing documentation for a struct field
  --> src/consensus/codebase_intelligence/extractor.rs:19:5
   |
19 |     pub dependents: Vec<String>,
   |     ^^^^^^^^^^^^^^^^^^^^^^^^^^^

warning: missing documentation for a struct field
  --> src/consensus/codebase_intelligence/extractor.rs:20:5
   |
20 |     pub context: String,
   |     ^^^^^^^^^^^^^^^^^^^

warning: missing documentation for an enum
  --> src/consensus/codebase_intelligence/extractor.rs:24:1
   |
24 | pub enum ObjectKind {
   | ^^^^^^^^^^^^^^^^^^^

warning: missing documentation for a variant
  --> src/consensus/codebase_intelligence/extractor.rs:25:5
   |
25 |     Function,
   |     ^^^^^^^^

warning: missing documentation for a variant
  --> src/consensus/codebase_intelligence/extractor.rs:26:5
   |
26 |     Class,
   |     ^^^^^

warning: missing documentation for a variant
  --> src/consensus/codebase_intelligence/extractor.rs:27:5
   |
27 |     Interface,
   |     ^^^^^^^^^

warning: missing documentation for a variant
  --> src/consensus/codebase_intelligence/extractor.rs:28:5
   |
28 |     Type,
   |     ^^^^

warning: missing documentation for a variant
  --> src/consensus/codebase_intelligence/extractor.rs:29:5
   |
29 |     Enum,
   |     ^^^^

warning: missing documentation for a variant
  --> src/consensus/codebase_intelligence/extractor.rs:30:5
   |
30 |     Module,
   |     ^^^^^^

warning: missing documentation for a variant
  --> src/consensus/codebase_intelligence/extractor.rs:31:5
   |
31 |     Variable,
   |     ^^^^^^^^

warning: missing documentation for a variant
  --> src/consensus/codebase_intelligence/extractor.rs:32:5
   |
32 |     Constant,
   |     ^^^^^^^^

warning: missing documentation for an enum
  --> src/consensus/codebase_intelligence/extractor.rs:51:1
   |
51 | pub enum Visibility {
   | ^^^^^^^^^^^^^^^^^^^

warning: missing documentation for a variant
  --> src/consensus/codebase_intelligence/extractor.rs:52:5
   |
52 |     Public,
   |     ^^^^^^

warning: missing documentation for a variant
  --> src/consensus/codebase_intelligence/extractor.rs:53:5
   |
53 |     Private,
   |     ^^^^^^^

warning: missing documentation for a variant
  --> src/consensus/codebase_intelligence/extractor.rs:54:5
   |
54 |     Protected,
   |     ^^^^^^^^^

warning: missing documentation for a variant
  --> src/consensus/codebase_intelligence/extractor.rs:55:5
   |
55 |     Internal,
   |     ^^^^^^^^

warning: missing documentation for an associated function
  --> src/consensus/codebase_intelligence/extractor.rs:62:5
   |
62 |     pub fn new() -> Self {
   |     ^^^^^^^^^^^^^^^^^^^^

warning: missing documentation for a method
  --> src/consensus/codebase_intelligence/extractor.rs:66:5
   |
66 |     pub async fn extract_from_file(&self, file: &super::scanner::ScannedFile) -> Result<Vec<ExtractedObject>> {
   |     ^^^^^^^^^^^^^^^^^^^^^^^^^^^^^^^^^^^^^^^^^^^^^^^^^^^^^^^^^^^^^^^^^^^^^^^^^^^^^^^^^^^^^^^^^^^^^^^^^^^^^^^^^

warning: missing documentation for an associated function
  --> src/consensus/codebase_intelligence/analyzer.rs:11:5
   |
11 |     pub fn new() -> Self {
   |     ^^^^^^^^^^^^^^^^^^^^

warning: missing documentation for a method
  --> src/consensus/codebase_intelligence/analyzer.rs:15:5
   |
15 |     pub async fn analyze_objects(&self, objects: &[ExtractedObject]) -> Result<RelationshipGraph> {
   |     ^^^^^^^^^^^^^^^^^^^^^^^^^^^^^^^^^^^^^^^^^^^^^^^^^^^^^^^^^^^^^^^^^^^^^^^^^^^^^^^^^^^^^^^^^^^^^

warning: missing documentation for a method
  --> src/consensus/codebase_intelligence/analyzer.rs:20:5
   |
20 |     pub async fn derive_architecture(&self, objects: &[ExtractedObject], relationships: &RelationshipGraph) -> Result<Architecture> {
   |     ^^^^^^^^^^^^^^^^^^^^^^^^^^^^^^^^^^^^^^^^^^^^^^^^^^^^^^^^^^^^^^^^^^^^^^^^^^^^^^^^^^^^^^^^^^^^^^^^^^^^^^^^^^^^^^^^^^^^^^^^^^^^^^^

warning: missing documentation for a struct field
  --> src/consensus/codebase_intelligence/analyzer.rs:30:5
   |
30 |     pub edges: Vec<(String, String, RelationType)>,
   |     ^^^^^^^^^^^^^^^^^^^^^^^^^^^^^^^^^^^^^^^^^^^^^^

warning: missing documentation for an associated function
  --> src/consensus/codebase_intelligence/analyzer.rs:34:5
   |
34 |     pub fn new() -> Self {
   |     ^^^^^^^^^^^^^^^^^^^^

warning: missing documentation for an enum
  --> src/consensus/codebase_intelligence/analyzer.rs:40:1
   |
40 | pub enum RelationType {
   | ^^^^^^^^^^^^^^^^^^^^^

warning: missing documentation for a variant
  --> src/consensus/codebase_intelligence/analyzer.rs:41:5
   |
41 |     Imports,
   |     ^^^^^^^

warning: missing documentation for a variant
  --> src/consensus/codebase_intelligence/analyzer.rs:42:5
   |
42 |     Extends,
   |     ^^^^^^^

warning: missing documentation for a variant
  --> src/consensus/codebase_intelligence/analyzer.rs:43:5
   |
43 |     Implements,
   |     ^^^^^^^^^^

warning: missing documentation for a variant
  --> src/consensus/codebase_intelligence/analyzer.rs:44:5
   |
44 |     Uses,
   |     ^^^^

warning: missing documentation for a variant
  --> src/consensus/codebase_intelligence/analyzer.rs:45:5
   |
45 |     UsedBy,
   |     ^^^^^^

warning: missing documentation for a variant
  --> src/consensus/codebase_intelligence/analyzer.rs:46:5
   |
46 |     Contains,
   |     ^^^^^^^^

warning: missing documentation for a variant
  --> src/consensus/codebase_intelligence/analyzer.rs:47:5
   |
47 |     ContainedBy,
   |     ^^^^^^^^^^^

warning: missing documentation for a struct field
  --> src/consensus/codebase_intelligence/analyzer.rs:52:5
   |
52 |     pub pattern: String,
   |     ^^^^^^^^^^^^^^^^^^^

warning: missing documentation for an associated function
  --> src/consensus/codebase_intelligence/analyzer.rs:59:5
   |
59 |     pub fn new() -> Self {
   |     ^^^^^^^^^^^^^^^^^^^^

warning: missing documentation for an associated function
  --> src/consensus/codebase_intelligence/storage.rs:14:5
   |
14 |     pub fn new(database: Arc<crate::core::database::DatabaseManager>) -> Self {
   |     ^^^^^^^^^^^^^^^^^^^^^^^^^^^^^^^^^^^^^^^^^^^^^^^^^^^^^^^^^^^^^^^^^^^^^^^^^

warning: missing documentation for a method
  --> src/consensus/codebase_intelligence/storage.rs:18:5
   |
18 | /     pub async fn store_scan(
19 | |         &self,
20 | |         repo_path: &Path,
21 | |         objects: &[ExtractedObject],
22 | |         relationships: &RelationshipGraph,
23 | |         architecture: &Architecture,
24 | |     ) -> Result<String> {
   | |_______________________^

warning: missing documentation for a method
  --> src/consensus/codebase_intelligence/storage.rs:30:5
   |
30 |     pub async fn get_architecture(&self, scan_id: &str) -> Result<Option<String>> {
   |     ^^^^^^^^^^^^^^^^^^^^^^^^^^^^^^^^^^^^^^^^^^^^^^^^^^^^^^^^^^^^^^^^^^^^^^^^^^^^^

warning: missing documentation for an associated function
  --> src/consensus/codebase_intelligence/search.rs:13:5
   |
13 |     pub fn new(database: Arc<crate::core::database::DatabaseManager>) -> Self {
   |     ^^^^^^^^^^^^^^^^^^^^^^^^^^^^^^^^^^^^^^^^^^^^^^^^^^^^^^^^^^^^^^^^^^^^^^^^^

warning: missing documentation for a method
  --> src/consensus/codebase_intelligence/search.rs:17:5
   |
17 |     pub async fn search_objects(&self, scan_id: &str, query: &str) -> Result<Vec<ExtractedObject>> {
   |     ^^^^^^^^^^^^^^^^^^^^^^^^^^^^^^^^^^^^^^^^^^^^^^^^^^^^^^^^^^^^^^^^^^^^^^^^^^^^^^^^^^^^^^^^^^^^^^

warning: missing documentation for a method
  --> src/consensus/codebase_intelligence/search.rs:23:5
   |
23 |     pub async fn rebuild_index(&self, scan_id: &str) -> Result<()> {
   |     ^^^^^^^^^^^^^^^^^^^^^^^^^^^^^^^^^^^^^^^^^^^^^^^^^^^^^^^^^^^^^^

warning: missing documentation for a struct field
  --> src/consensus/verification.rs:54:5
   |
54 |     pub rust_modules: Vec<String>,
   |     ^^^^^^^^^^^^^^^^^^^^^^^^^^^^^

warning: missing documentation for a struct field
  --> src/consensus/verification.rs:55:5
   |
55 |     pub total_files: usize,
   |     ^^^^^^^^^^^^^^^^^^^^^^

warning: missing documentation for a struct field
  --> src/consensus/verification.rs:56:5
   |
56 |     pub lines_of_code: usize,
   |     ^^^^^^^^^^^^^^^^^^^^^^^^

warning: missing documentation for a struct field
  --> src/consensus/verification.rs:57:5
   |
57 |     pub file_extensions: Vec<String>,
   |     ^^^^^^^^^^^^^^^^^^^^^^^^^^^^^^^^

warning: missing documentation for a struct field
  --> src/consensus/verification.rs:58:5
   |
58 |     pub major_directories: Vec<String>,
   |     ^^^^^^^^^^^^^^^^^^^^^^^^^^^^^^^^^^

warning: missing documentation for a struct field
  --> src/consensus/verification.rs:64:5
   |
64 |     pub package: PackageInfo,
   |     ^^^^^^^^^^^^^^^^^^^^^^^^

warning: missing documentation for a struct field
  --> src/consensus/verification.rs:65:5
   |
65 |     pub dependencies: Vec<String>,
   |     ^^^^^^^^^^^^^^^^^^^^^^^^^^^^^

warning: missing documentation for a struct
  --> src/consensus/verification.rs:69:1
   |
69 | pub struct PackageInfo {
   | ^^^^^^^^^^^^^^^^^^^^^^

warning: missing documentation for a struct field
  --> src/consensus/verification.rs:70:5
   |
70 |     pub name: String,
   |     ^^^^^^^^^^^^^^^^

warning: missing documentation for a struct field
  --> src/consensus/verification.rs:71:5
   |
71 |     pub version: String,
   |     ^^^^^^^^^^^^^^^^^^^

warning: missing documentation for a variant
  --> src/consensus/fact_checker.rs:32:5
   |
32 |     ProjectName,
   |     ^^^^^^^^^^^

warning: missing documentation for a variant
  --> src/consensus/fact_checker.rs:33:5
   |
33 |     Version,
   |     ^^^^^^^

warning: missing documentation for a variant
  --> src/consensus/fact_checker.rs:34:5
   |
34 |     DependencyCount,
   |     ^^^^^^^^^^^^^^^

warning: missing documentation for a variant
  --> src/consensus/fact_checker.rs:35:5
   |
35 |     ModuleCount,
   |     ^^^^^^^^^^^

warning: missing documentation for a variant
  --> src/consensus/fact_checker.rs:36:5
   |
36 |     FileCount,
   |     ^^^^^^^^^

warning: missing documentation for a variant
  --> src/consensus/fact_checker.rs:37:5
   |
37 |     LinesOfCode,
   |     ^^^^^^^^^^^

warning: missing documentation for a variant
  --> src/consensus/fact_checker.rs:38:5
   |
38 |     ProjectComplexity,
   |     ^^^^^^^^^^^^^^^^^

warning: missing documentation for a variant
  --> src/consensus/fact_checker.rs:39:5
   |
39 |     FileExtension,
   |     ^^^^^^^^^^^^^

warning: missing documentation for a variant
  --> src/consensus/fact_checker.rs:40:5
   |
40 |     Directory,
   |     ^^^^^^^^^

warning: missing documentation for a struct field
  --> src/consensus/fact_checker.rs:46:5
   |
46 |     pub claim: FactClaim,
   |     ^^^^^^^^^^^^^^^^^^^^

warning: missing documentation for a struct field
  --> src/consensus/fact_checker.rs:47:5
   |
47 |     pub verified_value: String,
   |     ^^^^^^^^^^^^^^^^^^^^^^^^^^

warning: missing documentation for a struct field
  --> src/consensus/fact_checker.rs:48:5
   |
48 |     pub severity: ContradictionSeverity,
   |     ^^^^^^^^^^^^^^^^^^^^^^^^^^^^^^^^^^^

warning: missing documentation for a struct field
  --> src/consensus/fact_checker.rs:49:5
   |
49 |     pub explanation: String,
   |     ^^^^^^^^^^^^^^^^^^^^^^^

warning: missing documentation for a variant
  --> src/consensus/fact_checker.rs:55:5
   |
55 |     Critical,  // Completely wrong information
   |     ^^^^^^^^

warning: missing documentation for a variant
  --> src/consensus/fact_checker.rs:56:5
   |
56 |     Major,     // Significantly incorrect
   |     ^^^^^

warning: missing documentation for a variant
  --> src/consensus/fact_checker.rs:57:5
   |
57 |     Minor,     // Slightly off or outdated
   |     ^^^^^

warning: missing documentation for a variant
  --> src/consensus/fact_checker.rs:63:5
   |
63 |     Passed { 
   |     ^^^^^^

warning: missing documentation for a struct field
  --> src/consensus/fact_checker.rs:64:9
   |
64 |         stage: Stage, 
   |         ^^^^^^^^^^^^

warning: missing documentation for a struct field
  --> src/consensus/fact_checker.rs:65:9
   |
65 |         confidence: f64,
   |         ^^^^^^^^^^^^^^^

warning: missing documentation for a struct field
  --> src/consensus/fact_checker.rs:66:9
   |
66 |         verified_claims: Vec<FactClaim>,
   |         ^^^^^^^^^^^^^^^^^^^^^^^^^^^^^^^

warning: missing documentation for a variant
  --> src/consensus/fact_checker.rs:68:5
   |
68 |     Failed { 
   |     ^^^^^^

warning: missing documentation for a struct field
  --> src/consensus/fact_checker.rs:69:9
   |
69 |         stage: Stage, 
   |         ^^^^^^^^^^^^

warning: missing documentation for a struct field
  --> src/consensus/fact_checker.rs:70:9
   |
70 |         contradictions: Vec<Contradiction>,
   |         ^^^^^^^^^^^^^^^^^^^^^^^^^^^^^^^^^^

warning: missing documentation for a struct field
  --> src/consensus/fact_checker.rs:71:9
   |
71 |         confidence: f64,
   |         ^^^^^^^^^^^^^^^

warning: missing documentation for a struct field
  --> src/consensus/fact_checker.rs:72:9
   |
72 |         recommended_action: RecommendedAction,
   |         ^^^^^^^^^^^^^^^^^^^^^^^^^^^^^^^^^^^^^

warning: missing documentation for a variant
  --> src/consensus/fact_checker.rs:79:5
   |
79 |     RejectAndRetry,
   |     ^^^^^^^^^^^^^^

warning: missing documentation for a variant
  --> src/consensus/fact_checker.rs:80:5
   |
80 |     RetryWithEnhancedContext,
   |     ^^^^^^^^^^^^^^^^^^^^^^^^

warning: missing documentation for a variant
  --> src/consensus/fact_checker.rs:81:5
   |
81 |     ManualReview,
   |     ^^^^^^^^^^^^

warning: missing documentation for a variant
  --> src/consensus/fact_checker.rs:82:5
   |
82 |     Accept,
   |     ^^^^^^

warning: missing documentation for a struct field
  --> src/consensus/cross_validator.rs:16:5
   |
16 |     pub stage: Stage,
   |     ^^^^^^^^^^^^^^^^

warning: missing documentation for a struct field
  --> src/consensus/cross_validator.rs:17:5
   |
17 |     pub content: String,
   |     ^^^^^^^^^^^^^^^^^^^

warning: missing documentation for a struct field
  --> src/consensus/cross_validator.rs:18:5
   |
18 |     pub confidence: f64,
   |     ^^^^^^^^^^^^^^^^^^^

warning: missing documentation for a struct field
  --> src/consensus/cross_validator.rs:19:5
   |
19 |     pub claims: Vec<FactClaim>,
   |     ^^^^^^^^^^^^^^^^^^^^^^^^^^

warning: missing documentation for a variant
  --> src/consensus/cross_validator.rs:25:5
   |
25 |     Healthy,
   |     ^^^^^^^

warning: missing documentation for a variant
  --> src/consensus/cross_validator.rs:26:5
   |
26 |     Compromised {
   |     ^^^^^^^^^^^

warning: missing documentation for a struct field
  --> src/consensus/cross_validator.rs:27:9
   |
27 |         conflicting_stages: Vec<Stage>,
   |         ^^^^^^^^^^^^^^^^^^^^^^^^^^^^^^

warning: missing documentation for a struct field
  --> src/consensus/cross_validator.rs:28:9
   |
28 |         recommended_action: RecommendedAction,
   |         ^^^^^^^^^^^^^^^^^^^^^^^^^^^^^^^^^^^^^

warning: missing documentation for a struct field
  --> src/consensus/cross_validator.rs:29:9
   |
29 |         discrepancies: Vec<StageDiscrepancy>,
   |         ^^^^^^^^^^^^^^^^^^^^^^^^^^^^^^^^^^^^

warning: missing documentation for a struct field
  --> src/consensus/cross_validator.rs:36:5
   |
36 |     pub claim_type: ClaimType,
   |     ^^^^^^^^^^^^^^^^^^^^^^^^^

warning: missing documentation for a struct field
  --> src/consensus/cross_validator.rs:37:5
   |
37 |     pub conflicting_stages: Vec<(Stage, String)>,
   |     ^^^^^^^^^^^^^^^^^^^^^^^^^^^^^^^^^^^^^^^^^^^^

warning: missing documentation for a struct field
  --> src/consensus/cross_validator.rs:38:5
   |
38 |     pub severity: DiscrepancySeverity,
   |     ^^^^^^^^^^^^^^^^^^^^^^^^^^^^^^^^^

warning: missing documentation for a struct field
  --> src/consensus/cross_validator.rs:39:5
   |
39 |     pub explanation: String,
   |     ^^^^^^^^^^^^^^^^^^^^^^^

warning: missing documentation for a variant
  --> src/consensus/cross_validator.rs:45:5
   |
45 |     Critical,  // Completely contradictory claims
   |     ^^^^^^^^

warning: missing documentation for a variant
  --> src/consensus/cross_validator.rs:46:5
   |
46 |     Major,     // Significantly different interpretations
   |     ^^^^^

warning: missing documentation for a variant
  --> src/consensus/cross_validator.rs:47:5
   |
47 |     Minor,     // Slight variations in details
   |     ^^^^^

warning: missing documentation for a variant
  --> src/consensus/cross_validator.rs:53:5
   |
53 |     RejectAndRerun,           // Start over with enhanced context
   |     ^^^^^^^^^^^^^^

warning: missing documentation for a variant
  --> src/consensus/cross_validator.rs:54:5
   |
54 |     RejectConflictingStages,  // Re-run only problematic stages
   |     ^^^^^^^^^^^^^^^^^^^^^^^

warning: missing documentation for a variant
  --> src/consensus/cross_validator.rs:55:5
   |
55 |     ManualReview,             // Human intervention required
   |     ^^^^^^^^^^^^

warning: missing documentation for a variant
  --> src/consensus/cross_validator.rs:56:5
   |
56 |     AcceptWithWarning,        // Proceed but flag issues
   |     ^^^^^^^^^^^^^^^^^

warning: missing documentation for a struct field
  --> src/consensus/cross_validator.rs:62:5
   |
62 |     pub claim_type: SemanticClaimType,
   |     ^^^^^^^^^^^^^^^^^^^^^^^^^^^^^^^^^

warning: missing documentation for a struct field
  --> src/consensus/cross_validator.rs:63:5
   |
63 |     pub value: String,
   |     ^^^^^^^^^^^^^^^^^

warning: missing documentation for a struct field
  --> src/consensus/cross_validator.rs:64:5
   |
64 |     pub confidence: f64,
   |     ^^^^^^^^^^^^^^^^^^^

warning: missing documentation for a struct field
  --> src/consensus/cross_validator.rs:65:5
   |
65 |     pub evidence: String,
   |     ^^^^^^^^^^^^^^^^^^^^

warning: missing documentation for a variant
  --> src/consensus/cross_validator.rs:71:5
   |
71 |     DependencyCount,
   |     ^^^^^^^^^^^^^^^

warning: missing documentation for a variant
  --> src/consensus/cross_validator.rs:72:5
   |
72 |     Complexity,
   |     ^^^^^^^^^^

warning: missing documentation for a variant
  --> src/consensus/cross_validator.rs:73:5
   |
73 |     Technology,
   |     ^^^^^^^^^^

warning: missing documentation for a variant
  --> src/consensus/cross_validator.rs:74:5
   |
74 |     Maturity,
   |     ^^^^^^^^

warning: missing documentation for a variant
  --> src/consensus/cross_validator.rs:75:5
   |
75 |     Version,
   |     ^^^^^^^

warning: missing documentation for a variant
  --> src/consensus/cross_validator.rs:76:5
   |
76 |     Architecture,
   |     ^^^^^^^^^^^^

warning: missing documentation for a struct field
  --> src/consensus/cross_validator.rs:82:5
   |
82 |     pub contradiction_type: ContradictionType,
   |     ^^^^^^^^^^^^^^^^^^^^^^^^^^^^^^^^^^^^^^^^^

warning: missing documentation for a struct field
  --> src/consensus/cross_validator.rs:83:5
   |
83 |     pub severity: ContradictionSeverity,
   |     ^^^^^^^^^^^^^^^^^^^^^^^^^^^^^^^^^^^

warning: missing documentation for a struct field
  --> src/consensus/cross_validator.rs:84:5
   |
84 |     pub description: String,
   |     ^^^^^^^^^^^^^^^^^^^^^^^

warning: missing documentation for a struct field
  --> src/consensus/cross_validator.rs:85:5
   |
85 |     pub evidence: Vec<String>,
   |     ^^^^^^^^^^^^^^^^^^^^^^^^^

warning: missing documentation for a struct field
  --> src/consensus/cross_validator.rs:86:5
   |
86 |     pub confidence: f64,
   |     ^^^^^^^^^^^^^^^^^^^

warning: missing documentation for a variant
  --> src/consensus/cross_validator.rs:92:5
   |
92 |     Logical,    // Directly contradictory statements
   |     ^^^^^^^

warning: missing documentation for a variant
  --> src/consensus/cross_validator.rs:93:5
   |
93 |     Temporal,   // Timeline or maturity inconsistencies
   |     ^^^^^^^^

warning: missing documentation for a variant
  --> src/consensus/cross_validator.rs:94:5
   |
94 |     Scale,      // Number relationships that don't make sense
   |     ^^^^^

warning: missing documentation for a variant
   --> src/consensus/cross_validator.rs:100:5
    |
100 |     Critical,   // Fundamental disagreement
    |     ^^^^^^^^

warning: missing documentation for a variant
   --> src/consensus/cross_validator.rs:101:5
    |
101 |     Major,      // Significant inconsistency
    |     ^^^^^

warning: missing documentation for a variant
   --> src/consensus/cross_validator.rs:102:5
    |
102 |     Minor,      // Small discrepancy
    |     ^^^^^

warning: missing documentation for a struct field
   --> src/consensus/cross_validator.rs:671:5
    |
671 |     pub health: ConsensusHealth,
    |     ^^^^^^^^^^^^^^^^^^^^^^^^^^^

warning: missing documentation for a struct field
   --> src/consensus/cross_validator.rs:672:5
    |
672 |     pub stage_count: usize,
    |     ^^^^^^^^^^^^^^^^^^^^^^

warning: missing documentation for a struct field
   --> src/consensus/cross_validator.rs:673:5
    |
673 |     pub average_confidence: f64,
    |     ^^^^^^^^^^^^^^^^^^^^^^^^^^^

warning: missing documentation for a struct field
   --> src/consensus/cross_validator.rs:674:5
    |
674 |     pub agreement_score: f64,
    |     ^^^^^^^^^^^^^^^^^^^^^^^^

warning: missing documentation for a struct
  --> src/consensus/memory/mod.rs:20:1
   |
20 | pub struct LearningResult {
   | ^^^^^^^^^^^^^^^^^^^^^^^^^

warning: missing documentation for a struct field
  --> src/consensus/memory/mod.rs:21:5
   |
21 |     pub facts_added: usize,
   |     ^^^^^^^^^^^^^^^^^^^^^^

warning: missing documentation for a struct field
  --> src/consensus/memory/mod.rs:22:5
   |
22 |     pub patterns_detected: usize,
   |     ^^^^^^^^^^^^^^^^^^^^^^^^^^^^

warning: missing documentation for a struct field
  --> src/consensus/memory/mod.rs:23:5
   |
23 |     pub relationships_built: usize,
   |     ^^^^^^^^^^^^^^^^^^^^^^^^^^^^^^

warning: missing documentation for a struct
  --> src/consensus/memory/mod.rs:27:1
   |
27 | pub struct ModelContext {
   | ^^^^^^^^^^^^^^^^^^^^^^^

warning: missing documentation for a struct field
  --> src/consensus/memory/mod.rs:28:5
   |
28 |     pub stage: crate::consensus::types::Stage,
   |     ^^^^^^^^^^^^^^^^^^^^^^^^^^^^^^^^^^^^^^^^^

warning: missing documentation for a struct field
  --> src/consensus/memory/mod.rs:29:5
   |
29 |     pub context: String,
   |     ^^^^^^^^^^^^^^^^^^^

warning: missing documentation for a struct field
  --> src/consensus/memory/mod.rs:30:5
   |
30 |     pub metadata: serde_json::Value,
   |     ^^^^^^^^^^^^^^^^^^^^^^^^^^^^^^^

warning: missing documentation for a struct field
  --> src/consensus/memory/authoritative_store.rs:45:5
   |
45 |     pub id: FactId,
   |     ^^^^^^^^^^^^^^

warning: missing documentation for a struct field
  --> src/consensus/memory/authoritative_store.rs:46:5
   |
46 |     pub content: String,
   |     ^^^^^^^^^^^^^^^^^^^

warning: missing documentation for a struct field
  --> src/consensus/memory/authoritative_store.rs:47:5
   |
47 |     pub semantic_fingerprint: String, // Store as string for DB
   |     ^^^^^^^^^^^^^^^^^^^^^^^^^^^^^^^^

warning: missing documentation for a struct field
  --> src/consensus/memory/authoritative_store.rs:48:5
   |
48 |     pub curator_confidence: f64,
   |     ^^^^^^^^^^^^^^^^^^^^^^^^^^^

warning: missing documentation for a struct field
  --> src/consensus/memory/authoritative_store.rs:49:5
   |
49 |     pub source_question: String,
   |     ^^^^^^^^^^^^^^^^^^^^^^^^^^^

warning: missing documentation for a struct field
  --> src/consensus/memory/authoritative_store.rs:50:5
   |
50 |     pub source_conversation_id: Option<String>,
   |     ^^^^^^^^^^^^^^^^^^^^^^^^^^^^^^^^^^^^^^^^^^

warning: missing documentation for a struct field
  --> src/consensus/memory/authoritative_store.rs:51:5
   |
51 |     pub consensus_stages: Vec<StageContribution>,
   |     ^^^^^^^^^^^^^^^^^^^^^^^^^^^^^^^^^^^^^^^^^^^^

warning: missing documentation for a struct field
  --> src/consensus/memory/authoritative_store.rs:52:5
   |
52 |     pub created_at: DateTime<Utc>,
   |     ^^^^^^^^^^^^^^^^^^^^^^^^^^^^^

warning: missing documentation for a struct field
  --> src/consensus/memory/authoritative_store.rs:53:5
   |
53 |     pub last_accessed: DateTime<Utc>,
   |     ^^^^^^^^^^^^^^^^^^^^^^^^^^^^^^^^

warning: missing documentation for a struct field
  --> src/consensus/memory/authoritative_store.rs:54:5
   |
54 |     pub access_count: u64,
   |     ^^^^^^^^^^^^^^^^^^^^^

warning: missing documentation for a struct field
  --> src/consensus/memory/authoritative_store.rs:55:5
   |
55 |     pub related_facts: Vec<FactId>,
   |     ^^^^^^^^^^^^^^^^^^^^^^^^^^^^^^

warning: missing documentation for a struct field
  --> src/consensus/memory/authoritative_store.rs:56:5
   |
56 |     pub topics: Vec<TopicId>,
   |     ^^^^^^^^^^^^^^^^^^^^^^^^

warning: missing documentation for a struct field
  --> src/consensus/memory/authoritative_store.rs:57:5
   |
57 |     pub entities: Vec<Entity>,
   |     ^^^^^^^^^^^^^^^^^^^^^^^^^

warning: missing documentation for a struct field
  --> src/consensus/memory/authoritative_store.rs:58:5
   |
58 |     pub metadata: FactMetadata,
   |     ^^^^^^^^^^^^^^^^^^^^^^^^^^

warning: missing documentation for a struct field
  --> src/consensus/memory/authoritative_store.rs:64:5
   |
64 |     pub stage: String,
   |     ^^^^^^^^^^^^^^^^^

warning: missing documentation for a struct field
  --> src/consensus/memory/authoritative_store.rs:65:5
   |
65 |     pub model: String,
   |     ^^^^^^^^^^^^^^^^^

warning: missing documentation for a struct field
  --> src/consensus/memory/authoritative_store.rs:66:5
   |
66 |     pub contribution: String,
   |     ^^^^^^^^^^^^^^^^^^^^^^^^

warning: missing documentation for a struct field
  --> src/consensus/memory/authoritative_store.rs:67:5
   |
67 |     pub confidence: f64,
   |     ^^^^^^^^^^^^^^^^^^^

warning: missing documentation for a struct field
  --> src/consensus/memory/authoritative_store.rs:73:5
   |
73 |     pub name: String,
   |     ^^^^^^^^^^^^^^^^

warning: missing documentation for a struct field
  --> src/consensus/memory/authoritative_store.rs:74:5
   |
74 |     pub entity_type: String,
   |     ^^^^^^^^^^^^^^^^^^^^^^^

warning: missing documentation for a struct field
  --> src/consensus/memory/authoritative_store.rs:75:5
   |
75 |     pub confidence: f64,
   |     ^^^^^^^^^^^^^^^^^^^

warning: missing documentation for a struct field
  --> src/consensus/memory/authoritative_store.rs:81:5
   |
81 |     pub fact_type: FactType,
   |     ^^^^^^^^^^^^^^^^^^^^^^^

warning: missing documentation for a struct field
  --> src/consensus/memory/authoritative_store.rs:82:5
   |
82 |     pub domain: Option<String>,
   |     ^^^^^^^^^^^^^^^^^^^^^^^^^^

warning: missing documentation for a struct field
  --> src/consensus/memory/authoritative_store.rs:83:5
   |
83 |     pub language: String,
   |     ^^^^^^^^^^^^^^^^^^^^

warning: missing documentation for a struct field
  --> src/consensus/memory/authoritative_store.rs:84:5
   |
84 |     pub complexity_score: f64,
   |     ^^^^^^^^^^^^^^^^^^^^^^^^^

warning: missing documentation for a struct field
  --> src/consensus/memory/authoritative_store.rs:85:5
   |
85 |     pub verification_status: VerificationStatus,
   |     ^^^^^^^^^^^^^^^^^^^^^^^^^^^^^^^^^^^^^^^^^^^

warning: missing documentation for a variant
  --> src/consensus/memory/authoritative_store.rs:91:5
   |
91 |     Definition,
   |     ^^^^^^^^^^

warning: missing documentation for a variant
  --> src/consensus/memory/authoritative_store.rs:92:5
   |
92 |     Explanation,
   |     ^^^^^^^^^^^

warning: missing documentation for a variant
  --> src/consensus/memory/authoritative_store.rs:93:5
   |
93 |     CodeExample,
   |     ^^^^^^^^^^^

warning: missing documentation for a variant
  --> src/consensus/memory/authoritative_store.rs:94:5
   |
94 |     Procedure,
   |     ^^^^^^^^^

warning: missing documentation for a variant
  --> src/consensus/memory/authoritative_store.rs:95:5
   |
95 |     Relationship,
   |     ^^^^^^^^^^^^

warning: missing documentation for a variant
  --> src/consensus/memory/authoritative_store.rs:96:5
   |
96 |     Insight,
   |     ^^^^^^^

warning: missing documentation for a variant
  --> src/consensus/memory/authoritative_store.rs:97:5
   |
97 |     Other(String),
   |     ^^^^^

warning: missing documentation for a variant
   --> src/consensus/memory/authoritative_store.rs:103:5
    |
103 |     Verified,
    |     ^^^^^^^^

warning: missing documentation for a variant
   --> src/consensus/memory/authoritative_store.rs:104:5
    |
104 |     Unverified,
    |     ^^^^^^^^^^

warning: missing documentation for a variant
   --> src/consensus/memory/authoritative_store.rs:105:5
    |
105 |     Contradicted,
    |     ^^^^^^^^^^^^

warning: missing documentation for a variant
   --> src/consensus/memory/authoritative_store.rs:106:5
    |
106 |     Updated,
    |     ^^^^^^^

warning: missing documentation for a struct field
  --> src/consensus/memory/context_injector.rs:36:5
   |
36 |     pub fact: CuratedFact,
   |     ^^^^^^^^^^^^^^^^^^^^^

warning: missing documentation for a struct field
  --> src/consensus/memory/context_injector.rs:37:5
   |
37 |     pub relevance_score: f32,
   |     ^^^^^^^^^^^^^^^^^^^^^^^^

warning: missing documentation for a struct field
  --> src/consensus/memory/context_injector.rs:38:5
   |
38 |     pub relevance_reason: String,
   |     ^^^^^^^^^^^^^^^^^^^^^^^^^^^^

warning: missing documentation for a struct field
  --> src/consensus/memory/context_injector.rs:44:5
   |
44 |     pub total_facts_considered: usize,
   |     ^^^^^^^^^^^^^^^^^^^^^^^^^^^^^^^^^

warning: missing documentation for a struct field
  --> src/consensus/memory/context_injector.rs:45:5
   |
45 |     pub facts_injected: usize,
   |     ^^^^^^^^^^^^^^^^^^^^^^^^^

warning: missing documentation for a struct field
  --> src/consensus/memory/context_injector.rs:46:5
   |
46 |     pub temporal_window_days: i64,
   |     ^^^^^^^^^^^^^^^^^^^^^^^^^^^^^

warning: missing documentation for a struct field
  --> src/consensus/memory/context_injector.rs:47:5
   |
47 |     pub relevance_threshold: f32,
   |     ^^^^^^^^^^^^^^^^^^^^^^^^^^^^

warning: missing documentation for a struct field
  --> src/consensus/memory/context_injector.rs:48:5
   |
48 |     pub injection_timestamp: DateTime<Utc>,
   |     ^^^^^^^^^^^^^^^^^^^^^^^^^^^^^^^^^^^^^^

warning: missing documentation for a struct field
  --> src/consensus/memory/context_injector.rs:49:5
   |
49 |     pub processing_time_ms: u64,
   |     ^^^^^^^^^^^^^^^^^^^^^^^^^^^

warning: missing documentation for a struct field
  --> src/consensus/memory/context_injector.rs:55:5
   |
55 |     pub key_concepts: Vec<String>,
   |     ^^^^^^^^^^^^^^^^^^^^^^^^^^^^^

warning: missing documentation for a struct field
  --> src/consensus/memory/context_injector.rs:56:5
   |
56 |     pub entities: Vec<String>,
   |     ^^^^^^^^^^^^^^^^^^^^^^^^^

warning: missing documentation for a struct field
  --> src/consensus/memory/context_injector.rs:57:5
   |
57 |     pub question_type: QuestionType,
   |     ^^^^^^^^^^^^^^^^^^^^^^^^^^^^^^^

warning: missing documentation for a struct field
  --> src/consensus/memory/context_injector.rs:58:5
   |
58 |     pub temporal_focus: TemporalFocus,
   |     ^^^^^^^^^^^^^^^^^^^^^^^^^^^^^^^^^

warning: missing documentation for a struct field
  --> src/consensus/memory/context_injector.rs:59:5
   |
59 |     pub complexity_score: f32,
   |     ^^^^^^^^^^^^^^^^^^^^^^^^^

warning: missing documentation for an enum
  --> src/consensus/memory/context_injector.rs:63:1
   |
63 | pub enum QuestionType {
   | ^^^^^^^^^^^^^^^^^^^^^

warning: missing documentation for a variant
  --> src/consensus/memory/context_injector.rs:64:5
   |
64 |     Factual,
   |     ^^^^^^^

warning: missing documentation for a variant
  --> src/consensus/memory/context_injector.rs:65:5
   |
65 |     Explanatory,
   |     ^^^^^^^^^^^

warning: missing documentation for a variant
  --> src/consensus/memory/context_injector.rs:66:5
   |
66 |     Procedural,
   |     ^^^^^^^^^^

warning: missing documentation for a variant
  --> src/consensus/memory/context_injector.rs:67:5
   |
67 |     Comparative,
   |     ^^^^^^^^^^^

warning: missing documentation for a variant
  --> src/consensus/memory/context_injector.rs:68:5
   |
68 |     Creative,
   |     ^^^^^^^^

warning: missing documentation for a variant
  --> src/consensus/memory/context_injector.rs:69:5
   |
69 |     Analytical,
   |     ^^^^^^^^^^

warning: missing documentation for an enum
  --> src/consensus/memory/context_injector.rs:73:1
   |
73 | pub enum TemporalFocus {
   | ^^^^^^^^^^^^^^^^^^^^^^

warning: missing documentation for a variant
  --> src/consensus/memory/context_injector.rs:74:5
   |
74 |     Historical,
   |     ^^^^^^^^^^

warning: missing documentation for a variant
  --> src/consensus/memory/context_injector.rs:75:5
   |
75 |     Current,
   |     ^^^^^^^

warning: missing documentation for a variant
  --> src/consensus/memory/context_injector.rs:76:5
   |
76 |     Future,
   |     ^^^^^^

warning: missing documentation for a variant
  --> src/consensus/memory/context_injector.rs:77:5
   |
77 |     Timeless,
   |     ^^^^^^^^

warning: missing documentation for a variant
  --> src/consensus/operation_intelligence.rs:94:5
   |
94 |     MassDeletion,
   |     ^^^^^^^^^^^^

warning: missing documentation for a variant
  --> src/consensus/operation_intelligence.rs:95:5
   |
95 |     OverwriteWithoutBackup,
   |     ^^^^^^^^^^^^^^^^^^^^^^

warning: missing documentation for a variant
  --> src/consensus/operation_intelligence.rs:96:5
   |
96 |     CircularDependency,
   |     ^^^^^^^^^^^^^^^^^^

warning: missing documentation for a variant
  --> src/consensus/operation_intelligence.rs:97:5
   |
97 |     BreakingChange,
   |     ^^^^^^^^^^^^^^

warning: missing documentation for a variant
  --> src/consensus/operation_intelligence.rs:98:5
   |
98 |     DataLoss,
   |     ^^^^^^^^

warning: missing documentation for a variant
  --> src/consensus/operation_intelligence.rs:99:5
   |
99 |     SecurityVulnerability,
   |     ^^^^^^^^^^^^^^^^^^^^^

warning: missing documentation for a variant
   --> src/consensus/operation_intelligence.rs:100:5
    |
100 |     ConcurrentAccess,
    |     ^^^^^^^^^^^^^^^^

warning: missing documentation for a variant
   --> src/consensus/operation_intelligence.rs:101:5
    |
101 |     ResourceExhaustion,
    |     ^^^^^^^^^^^^^^^^^^

warning: missing documentation for a variant
   --> src/consensus/operation_intelligence.rs:102:5
    |
102 |     PermissionEscalation,
    |     ^^^^^^^^^^^^^^^^^^^^

warning: missing documentation for a variant
   --> src/consensus/operation_intelligence.rs:103:5
    |
103 |     ConfigurationDrift,
    |     ^^^^^^^^^^^^^^^^^^

warning: missing documentation for a variant
   --> src/consensus/operation_intelligence.rs:109:5
    |
109 |     Low,
    |     ^^^

warning: missing documentation for a variant
   --> src/consensus/operation_intelligence.rs:110:5
    |
110 |     Medium,
    |     ^^^^^^

warning: missing documentation for a variant
   --> src/consensus/operation_intelligence.rs:111:5
    |
111 |     High,
    |     ^^^^

warning: missing documentation for a variant
   --> src/consensus/operation_intelligence.rs:112:5
    |
112 |     Critical,
    |     ^^^^^^^^

warning: missing documentation for a variant
   --> src/consensus/operation_intelligence.rs:134:5
    |
134 |     Refactoring,
    |     ^^^^^^^^^^^

warning: missing documentation for a variant
   --> src/consensus/operation_intelligence.rs:135:5
    |
135 |     FeatureAddition,
    |     ^^^^^^^^^^^^^^^

warning: missing documentation for a variant
   --> src/consensus/operation_intelligence.rs:136:5
    |
136 |     BugFix,
    |     ^^^^^^

warning: missing documentation for a variant
   --> src/consensus/operation_intelligence.rs:137:5
    |
137 |     Cleanup,
    |     ^^^^^^^

warning: missing documentation for a variant
   --> src/consensus/operation_intelligence.rs:138:5
    |
138 |     Migration,
    |     ^^^^^^^^^

warning: missing documentation for a variant
   --> src/consensus/operation_intelligence.rs:139:5
    |
139 |     Testing,
    |     ^^^^^^^

warning: missing documentation for a method
   --> src/consensus/operation_intelligence.rs:143:5
    |
143 |     pub fn as_str(&self) -> &'static str {
    |     ^^^^^^^^^^^^^^^^^^^^^^^^^^^^^^^^^^^^

warning: missing documentation for a variant
   --> src/consensus/operation_intelligence.rs:209:5
    |
209 |     FileOverwrite,
    |     ^^^^^^^^^^^^^

warning: missing documentation for a variant
   --> src/consensus/operation_intelligence.rs:210:5
    |
210 |     DependencyViolation,
    |     ^^^^^^^^^^^^^^^^^^^

warning: missing documentation for a variant
   --> src/consensus/operation_intelligence.rs:211:5
    |
211 |     RaceCondition,
    |     ^^^^^^^^^^^^^

warning: missing documentation for a variant
   --> src/consensus/operation_intelligence.rs:212:5
    |
212 |     LogicalInconsistency,
    |     ^^^^^^^^^^^^^^^^^^^^

warning: missing documentation for a method
   --> src/consensus/operation_intelligence.rs:216:5
    |
216 |     pub fn as_str(&self) -> &'static str {
    |     ^^^^^^^^^^^^^^^^^^^^^^^^^^^^^^^^^^^^

warning: missing documentation for a variant
   --> src/consensus/operation_intelligence.rs:318:5
    |
318 |     Create,
    |     ^^^^^^

warning: missing documentation for a variant
   --> src/consensus/operation_intelligence.rs:319:5
    |
319 |     Update,
    |     ^^^^^^

warning: missing documentation for a variant
   --> src/consensus/operation_intelligence.rs:320:5
    |
320 |     Append,
    |     ^^^^^^

warning: missing documentation for a variant
   --> src/consensus/operation_intelligence.rs:321:5
    |
321 |     Delete,
    |     ^^^^^^

warning: missing documentation for a variant
   --> src/consensus/operation_intelligence.rs:322:5
    |
322 |     Rename,
    |     ^^^^^^

warning: missing documentation for a method
   --> src/consensus/operation_intelligence.rs:326:5
    |
326 |     pub fn as_str(&self) -> &'static str {
    |     ^^^^^^^^^^^^^^^^^^^^^^^^^^^^^^^^^^^^

warning: missing documentation for a variant
   --> src/consensus/operation_intelligence.rs:356:5
    |
356 |     Copy,
    |     ^^^^

warning: missing documentation for a variant
   --> src/consensus/operation_intelligence.rs:357:5
    |
357 |     GitCommit,
    |     ^^^^^^^^^

warning: missing documentation for a variant
   --> src/consensus/operation_intelligence.rs:358:5
    |
358 |     Archive,
    |     ^^^^^^^

warning: missing documentation for a variant
   --> src/consensus/operation_intelligence.rs:359:5
    |
359 |     Snapshot,
    |     ^^^^^^^^

warning: missing documentation for a method
   --> src/consensus/operation_intelligence.rs:363:5
    |
363 |     pub fn as_str(&self) -> &'static str {
    |     ^^^^^^^^^^^^^^^^^^^^^^^^^^^^^^^^^^^^

warning: missing documentation for a variant
   --> src/consensus/operation_intelligence.rs:405:5
    |
405 |     RestoreFile { from: PathBuf, to: PathBuf },
    |     ^^^^^^^^^^^

warning: missing documentation for a struct field
   --> src/consensus/operation_intelligence.rs:405:19
    |
405 |     RestoreFile { from: PathBuf, to: PathBuf },
    |                   ^^^^^^^^^^^^^

warning: missing documentation for a struct field
   --> src/consensus/operation_intelligence.rs:405:34
    |
405 |     RestoreFile { from: PathBuf, to: PathBuf },
    |                                  ^^^^^^^^^^^

warning: missing documentation for a variant
   --> src/consensus/operation_intelligence.rs:406:5
    |
406 |     DeleteFile { path: PathBuf },
    |     ^^^^^^^^^^

warning: missing documentation for a struct field
   --> src/consensus/operation_intelligence.rs:406:18
    |
406 |     DeleteFile { path: PathBuf },
    |                  ^^^^^^^^^^^^^

warning: missing documentation for a variant
   --> src/consensus/operation_intelligence.rs:407:5
    |
407 |     RunCommand { command: String },
    |     ^^^^^^^^^^

warning: missing documentation for a struct field
   --> src/consensus/operation_intelligence.rs:407:18
    |
407 |     RunCommand { command: String },
    |                  ^^^^^^^^^^^^^^^

warning: missing documentation for a variant
   --> src/consensus/operation_intelligence.rs:408:5
    |
408 |     GitRevert { commit: String },
    |     ^^^^^^^^^

warning: missing documentation for a struct field
   --> src/consensus/operation_intelligence.rs:408:17
    |
408 |     GitRevert { commit: String },
    |                 ^^^^^^^^^^^^^^

warning: missing documentation for a struct field
   --> src/consensus/operation_intelligence.rs:416:9
    |
416 |         reason: String,
    |         ^^^^^^^^^^^^^^

warning: missing documentation for a struct field
   --> src/consensus/operation_intelligence.rs:417:9
    |
417 |         confidence: f32,
    |         ^^^^^^^^^^^^^^^

warning: missing documentation for a struct field
   --> src/consensus/operation_intelligence.rs:422:9
    |
422 |         reason: String,
    |         ^^^^^^^^^^^^^^

warning: missing documentation for a struct field
   --> src/consensus/operation_intelligence.rs:423:9
    |
423 |         risks: Vec<String>,
    |         ^^^^^^^^^^^^^^^^^^

warning: missing documentation for a struct field
   --> src/consensus/operation_intelligence.rs:424:9
    |
424 |         benefits: Vec<String>,
    |         ^^^^^^^^^^^^^^^^^^^^^

warning: missing documentation for a struct field
   --> src/consensus/operation_intelligence.rs:429:9
    |
429 |         reason: String,
    |         ^^^^^^^^^^^^^^

warning: missing documentation for a struct field
   --> src/consensus/operation_intelligence.rs:430:9
    |
430 |         dangers: Vec<String>,
    |         ^^^^^^^^^^^^^^^^^^^^

warning: missing documentation for a struct field
   --> src/consensus/operation_intelligence.rs:431:9
    |
431 |         alternatives: Vec<String>,
    |         ^^^^^^^^^^^^^^^^^^^^^^^^^

warning: missing documentation for a struct field
   --> src/consensus/operation_intelligence.rs:436:9
    |
436 |         reason: String,
    |         ^^^^^^^^^^^^^^

warning: missing documentation for a struct field
   --> src/consensus/operation_intelligence.rs:437:9
    |
437 |         suggested_operations: Vec<FileOperation>,
    |         ^^^^^^^^^^^^^^^^^^^^^^^^^^^^^^^^^^^^^^^^

warning: missing documentation for a struct field
   --> src/consensus/operation_intelligence.rs:438:9
    |
438 |         modifications: Vec<String>,
    |         ^^^^^^^^^^^^^^^^^^^^^^^^^^

warning: missing documentation for a struct field
    --> src/consensus/operation_intelligence.rs:1940:5
     |
1940 |     pub total_operations: usize,
     |     ^^^^^^^^^^^^^^^^^^^^^^^^^^^

warning: missing documentation for a struct field
    --> src/consensus/operation_intelligence.rs:1941:5
     |
1941 |     pub successful_operations: usize,
     |     ^^^^^^^^^^^^^^^^^^^^^^^^^^^^^^^^

warning: missing documentation for a struct field
    --> src/consensus/operation_intelligence.rs:1942:5
     |
1942 |     pub success_rate: f32,
     |     ^^^^^^^^^^^^^^^^^^^^^

warning: missing documentation for a struct field
    --> src/consensus/operation_intelligence.rs:1943:5
     |
1943 |     pub average_confidence: f32,
     |     ^^^^^^^^^^^^^^^^^^^^^^^^^^^

warning: missing documentation for a struct field
    --> src/consensus/operation_intelligence.rs:1944:5
     |
1944 |     pub average_risk: f32,
     |     ^^^^^^^^^^^^^^^^^^^^^

warning: missing documentation for a struct field
    --> src/consensus/operation_intelligence.rs:1945:5
     |
1945 |     pub rollbacks_required: usize,
     |     ^^^^^^^^^^^^^^^^^^^^^^^^^^^^^

warning: missing documentation for a variant
  --> src/consensus/operation_analysis.rs:68:5
   |
68 |     Critical,
   |     ^^^^^^^^

warning: missing documentation for a variant
  --> src/consensus/operation_analysis.rs:69:5
   |
69 |     High,
   |     ^^^^

warning: missing documentation for a variant
  --> src/consensus/operation_analysis.rs:70:5
   |
70 |     Medium,
   |     ^^^^^^

warning: missing documentation for a variant
  --> src/consensus/operation_analysis.rs:71:5
   |
71 |     Low,
   |     ^^^

warning: missing documentation for a variant
  --> src/consensus/operation_analysis.rs:77:5
   |
77 |     Block,
   |     ^^^^^

warning: missing documentation for a variant
  --> src/consensus/operation_analysis.rs:78:5
   |
78 |     RequestConfirmation,
   |     ^^^^^^^^^^^^^^^^^^^

warning: missing documentation for a variant
  --> src/consensus/operation_analysis.rs:79:5
   |
79 |     AddValidation,
   |     ^^^^^^^^^^^^^

warning: missing documentation for a variant
  --> src/consensus/operation_analysis.rs:80:5
   |
80 |     CreateBackup,
   |     ^^^^^^^^^^^^

warning: missing documentation for a variant
  --> src/consensus/operation_analysis.rs:81:5
   |
81 |     ModifyOperation,
   |     ^^^^^^^^^^^^^^^

warning: missing documentation for a variant
  --> src/consensus/operation_analysis.rs:82:5
   |
82 |     AddTest,
   |     ^^^^^^^

warning: missing documentation for a variant
  --> src/consensus/operation_analysis.rs:83:5
   |
83 |     ReviewManually,
   |     ^^^^^^^^^^^^^^

warning: missing documentation for a struct field
   --> src/consensus/operation_analysis.rs:111:5
    |
111 |     pub create_operations: Vec<FileOperation>,
    |     ^^^^^^^^^^^^^^^^^^^^^^^^^^^^^^^^^^^^^^^^^

warning: missing documentation for a struct field
   --> src/consensus/operation_analysis.rs:112:5
    |
112 |     pub update_operations: Vec<FileOperation>,
    |     ^^^^^^^^^^^^^^^^^^^^^^^^^^^^^^^^^^^^^^^^^

warning: missing documentation for a struct field
   --> src/consensus/operation_analysis.rs:113:5
    |
113 |     pub delete_operations: Vec<FileOperation>,
    |     ^^^^^^^^^^^^^^^^^^^^^^^^^^^^^^^^^^^^^^^^^

warning: missing documentation for a struct field
   --> src/consensus/operation_analysis.rs:114:5
    |
114 |     pub move_operations: Vec<FileOperation>,
    |     ^^^^^^^^^^^^^^^^^^^^^^^^^^^^^^^^^^^^^^^

warning: missing documentation for a struct field
   --> src/consensus/operation_analysis.rs:120:5
    |
120 |     pub knowledge_indexer: Option<crate::ai_helpers::KnowledgeIndexerScore>,
    |     ^^^^^^^^^^^^^^^^^^^^^^^^^^^^^^^^^^^^^^^^^^^^^^^^^^^^^^^^^^^^^^^^^^^^^^^

warning: missing documentation for a struct field
   --> src/consensus/operation_analysis.rs:121:5
    |
121 |     pub context_retriever: Option<crate::ai_helpers::ContextRetrieverScore>,
    |     ^^^^^^^^^^^^^^^^^^^^^^^^^^^^^^^^^^^^^^^^^^^^^^^^^^^^^^^^^^^^^^^^^^^^^^^

warning: missing documentation for a struct field
   --> src/consensus/operation_analysis.rs:122:5
    |
122 |     pub pattern_recognizer: Option<crate::ai_helpers::PatternRecognizerScore>,
    |     ^^^^^^^^^^^^^^^^^^^^^^^^^^^^^^^^^^^^^^^^^^^^^^^^^^^^^^^^^^^^^^^^^^^^^^^^^

warning: missing documentation for a struct field
   --> src/consensus/operation_analysis.rs:123:5
    |
123 |     pub quality_analyzer: Option<crate::ai_helpers::QualityAnalyzerScore>,
    |     ^^^^^^^^^^^^^^^^^^^^^^^^^^^^^^^^^^^^^^^^^^^^^^^^^^^^^^^^^^^^^^^^^^^^^

warning: missing documentation for a struct field
   --> src/consensus/operation_analysis.rs:124:5
    |
124 |     pub knowledge_synthesizer: Option<crate::ai_helpers::KnowledgeSynthesizerScore>,
    |     ^^^^^^^^^^^^^^^^^^^^^^^^^^^^^^^^^^^^^^^^^^^^^^^^^^^^^^^^^^^^^^^^^^^^^^^^^^^^^^^

warning: missing documentation for a struct field
   --> src/consensus/operation_analysis.rs:130:5
    |
130 |     pub historical_success: Option<f32>,
    |     ^^^^^^^^^^^^^^^^^^^^^^^^^^^^^^^^^^^

warning: missing documentation for a struct field
   --> src/consensus/operation_analysis.rs:131:5
    |
131 |     pub pattern_safety: Option<f32>,
    |     ^^^^^^^^^^^^^^^^^^^^^^^^^^^^^^^

warning: missing documentation for a struct field
   --> src/consensus/operation_analysis.rs:132:5
    |
132 |     pub conflict_probability: Option<f32>,
    |     ^^^^^^^^^^^^^^^^^^^^^^^^^^^^^^^^^^^^^

warning: missing documentation for a struct field
   --> src/consensus/operation_analysis.rs:133:5
    |
133 |     pub rollback_complexity: Option<f32>,
    |     ^^^^^^^^^^^^^^^^^^^^^^^^^^^^^^^^^^^^

warning: missing documentation for a struct field
   --> src/consensus/operation_analysis.rs:134:5
    |
134 |     pub user_trust: f32,
    |     ^^^^^^^^^^^^^^^^^^^

warning: missing documentation for a struct field
   --> src/consensus/operation_analysis.rs:135:5
    |
135 |     pub similar_operations_count: Option<usize>,
    |     ^^^^^^^^^^^^^^^^^^^^^^^^^^^^^^^^^^^^^^^^^^^

warning: missing documentation for a struct field
   --> src/consensus/operation_analysis.rs:136:5
    |
136 |     pub dangerous_pattern_count: Option<usize>,
    |     ^^^^^^^^^^^^^^^^^^^^^^^^^^^^^^^^^^^^^^^^^^

warning: missing documentation for a struct field
   --> src/consensus/operation_analysis.rs:137:5
    |
137 |     pub anti_pattern_count: Option<usize>,
    |     ^^^^^^^^^^^^^^^^^^^^^^^^^^^^^^^^^^^^^

warning: missing documentation for a struct field
   --> src/consensus/operation_analysis.rs:138:5
    |
138 |     pub rollback_possible: Option<bool>,
    |     ^^^^^^^^^^^^^^^^^^^^^^^^^^^^^^^^^^^

warning: missing documentation for a struct field
   --> src/consensus/operation_analysis.rs:144:5
    |
144 |     pub analysis_duration_ms: u64,
    |     ^^^^^^^^^^^^^^^^^^^^^^^^^^^^^

warning: missing documentation for a struct field
   --> src/consensus/operation_analysis.rs:145:5
    |
145 |     pub operations_analyzed: usize,
    |     ^^^^^^^^^^^^^^^^^^^^^^^^^^^^^^

warning: missing documentation for a struct field
   --> src/consensus/operation_analysis.rs:146:5
    |
146 |     pub ai_helpers_used: usize,
    |     ^^^^^^^^^^^^^^^^^^^^^^^^^^

warning: missing documentation for a struct field
   --> src/consensus/operation_analysis.rs:147:5
    |
147 |     pub cache_hits: usize,
    |     ^^^^^^^^^^^^^^^^^^^^^

warning: missing documentation for a struct field
   --> src/consensus/operation_analysis.rs:153:5
    |
153 |     pub success: bool,
    |     ^^^^^^^^^^^^^^^^^

warning: missing documentation for a struct field
   --> src/consensus/operation_analysis.rs:154:5
    |
154 |     pub error_message: Option<String>,
    |     ^^^^^^^^^^^^^^^^^^^^^^^^^^^^^^^^^

warning: missing documentation for a struct field
   --> src/consensus/operation_analysis.rs:155:5
    |
155 |     pub execution_time_ms: u64,
    |     ^^^^^^^^^^^^^^^^^^^^^^^^^^

warning: missing documentation for a struct field
   --> src/consensus/operation_analysis.rs:156:5
    |
156 |     pub rollback_required: bool,
    |     ^^^^^^^^^^^^^^^^^^^^^^^^^^^

warning: missing documentation for a struct field
   --> src/consensus/operation_analysis.rs:157:5
    |
157 |     pub user_satisfaction: Option<f32>,
    |     ^^^^^^^^^^^^^^^^^^^^^^^^^^^^^^^^^^

warning: missing documentation for a variant
   --> src/consensus/operation_analysis.rs:163:5
    |
163 |     Conservative,
    |     ^^^^^^^^^^^^

warning: missing documentation for a variant
   --> src/consensus/operation_analysis.rs:164:5
    |
164 |     Balanced,
    |     ^^^^^^^^

warning: missing documentation for a variant
   --> src/consensus/operation_analysis.rs:165:5
    |
165 |     Aggressive,
    |     ^^^^^^^^^^

warning: missing documentation for a variant
   --> src/consensus/operation_analysis.rs:166:5
    |
166 |     Plan,
    |     ^^^^

warning: missing documentation for a variant
   --> src/consensus/operation_analysis.rs:167:5
    |
167 |     Manual,
    |     ^^^^^^

warning: missing documentation for a struct field
  --> src/consensus/operation_history.rs:98:5
   |
98 |     pub completed_at: Option<DateTime<Utc>>,
   |     ^^^^^^^^^^^^^^^^^^^^^^^^^^^^^^^^^^^^^^^

warning: missing documentation for a variant
   --> src/consensus/operation_history.rs:104:5
    |
104 |     Create,
    |     ^^^^^^

warning: missing documentation for a variant
   --> src/consensus/operation_history.rs:105:5
    |
105 |     Update,
    |     ^^^^^^

warning: missing documentation for a variant
   --> src/consensus/operation_history.rs:106:5
    |
106 |     Append,
    |     ^^^^^^

warning: missing documentation for a variant
   --> src/consensus/operation_history.rs:107:5
    |
107 |     Delete,
    |     ^^^^^^

warning: missing documentation for a variant
   --> src/consensus/operation_history.rs:108:5
    |
108 |     Rename,
    |     ^^^^^^

warning: missing documentation for a struct field
   --> src/consensus/operation_history.rs:227:5
    |
227 |     pub code_quality: f32,
    |     ^^^^^^^^^^^^^^^^^^^^^

warning: missing documentation for a struct field
   --> src/consensus/operation_history.rs:228:5
    |
228 |     pub test_coverage_change: f32,
    |     ^^^^^^^^^^^^^^^^^^^^^^^^^^^^^

warning: missing documentation for a struct field
   --> src/consensus/operation_history.rs:229:5
    |
229 |     pub performance_impact: f32,
    |     ^^^^^^^^^^^^^^^^^^^^^^^^^^^

warning: missing documentation for a struct field
   --> src/consensus/operation_history.rs:230:5
    |
230 |     pub maintainability: f32,
    |     ^^^^^^^^^^^^^^^^^^^^^^^^

warning: missing documentation for a struct field
   --> src/consensus/operation_history.rs:236:5
    |
236 |     pub total_operations: i64,
    |     ^^^^^^^^^^^^^^^^^^^^^^^^^

warning: missing documentation for a struct field
   --> src/consensus/operation_history.rs:237:5
    |
237 |     pub successful_operations: i64,
    |     ^^^^^^^^^^^^^^^^^^^^^^^^^^^^^^

warning: missing documentation for a struct field
   --> src/consensus/operation_history.rs:238:5
    |
238 |     pub failed_operations: i64,
    |     ^^^^^^^^^^^^^^^^^^^^^^^^^^

warning: missing documentation for a struct field
   --> src/consensus/operation_history.rs:239:5
    |
239 |     pub auto_executed_operations: i64,
    |     ^^^^^^^^^^^^^^^^^^^^^^^^^^^^^^^^^

warning: missing documentation for a struct field
   --> src/consensus/operation_history.rs:240:5
    |
240 |     pub rollbacks_required: i64,
    |     ^^^^^^^^^^^^^^^^^^^^^^^^^^^

warning: missing documentation for a struct field
   --> src/consensus/operation_history.rs:241:5
    |
241 |     pub average_confidence: f32,
    |     ^^^^^^^^^^^^^^^^^^^^^^^^^^^

warning: missing documentation for a struct field
   --> src/consensus/operation_history.rs:242:5
    |
242 |     pub average_risk: f32,
    |     ^^^^^^^^^^^^^^^^^^^^^

warning: missing documentation for a struct field
   --> src/consensus/operation_history.rs:243:5
    |
243 |     pub average_execution_time_ms: f32,
    |     ^^^^^^^^^^^^^^^^^^^^^^^^^^^^^^^^^^

warning: missing documentation for a struct field
   --> src/consensus/operation_history.rs:244:5
    |
244 |     pub success_rate: f32,
    |     ^^^^^^^^^^^^^^^^^^^^^

warning: missing documentation for a struct field
   --> src/consensus/operation_history.rs:245:5
    |
245 |     pub auto_execution_rate: f32,
    |     ^^^^^^^^^^^^^^^^^^^^^^^^^^^^

warning: missing documentation for a struct field
   --> src/consensus/operation_history.rs:246:5
    |
246 |     pub rollback_rate: f32,
    |     ^^^^^^^^^^^^^^^^^^^^^^

warning: missing documentation for a struct field
   --> src/consensus/operation_history.rs:247:5
    |
247 |     pub by_type: HashMap<OperationType, TypeStatistics>,
    |     ^^^^^^^^^^^^^^^^^^^^^^^^^^^^^^^^^^^^^^^^^^^^^^^^^^^

warning: missing documentation for a struct field
   --> src/consensus/operation_history.rs:253:5
    |
253 |     pub count: i64,
    |     ^^^^^^^^^^^^^^

warning: missing documentation for a struct field
   --> src/consensus/operation_history.rs:254:5
    |
254 |     pub success_rate: f32,
    |     ^^^^^^^^^^^^^^^^^^^^^

warning: missing documentation for a struct field
   --> src/consensus/operation_history.rs:255:5
    |
255 |     pub average_confidence: f32,
    |     ^^^^^^^^^^^^^^^^^^^^^^^^^^^

warning: missing documentation for a struct field
   --> src/consensus/operation_history.rs:256:5
    |
256 |     pub average_risk: f32,
    |     ^^^^^^^^^^^^^^^^^^^^^

warning: missing documentation for a struct field
   --> src/consensus/operation_history.rs:257:5
    |
257 |     pub common_failure_reasons: Vec<String>,
    |     ^^^^^^^^^^^^^^^^^^^^^^^^^^^^^^^^^^^^^^^

warning: missing documentation for a struct field
   --> src/consensus/operation_history.rs:274:5
    |
274 |     pub before: Option<DateTime<Utc>>,
    |     ^^^^^^^^^^^^^^^^^^^^^^^^^^^^^^^^^

warning: missing documentation for a struct field
   --> src/consensus/operation_history.rs:278:5
    |
278 |     pub max_confidence: Option<f32>,
    |     ^^^^^^^^^^^^^^^^^^^^^^^^^^^^^^^

warning: missing documentation for a struct field
   --> src/consensus/operation_history.rs:282:5
    |
282 |     pub max_risk: Option<f32>,
    |     ^^^^^^^^^^^^^^^^^^^^^^^^^

warning: missing documentation for an enum
  --> src/consensus/smart_decision_engine.rs:20:1
   |
20 | pub enum ExecutionDecision {
   | ^^^^^^^^^^^^^^^^^^^^^^^^^^

warning: missing documentation for a variant
  --> src/consensus/smart_decision_engine.rs:21:5
   |
21 |     AutoExecute {
   |     ^^^^^^^^^^^

warning: missing documentation for a struct field
  --> src/consensus/smart_decision_engine.rs:22:9
   |
22 |         reason: String,
   |         ^^^^^^^^^^^^^^

warning: missing documentation for a struct field
  --> src/consensus/smart_decision_engine.rs:23:9
   |
23 |         confidence: f32,
   |         ^^^^^^^^^^^^^^^

warning: missing documentation for a struct field
  --> src/consensus/smart_decision_engine.rs:24:9
   |
24 |         risk_level: f32,
   |         ^^^^^^^^^^^^^^^

warning: missing documentation for a variant
  --> src/consensus/smart_decision_engine.rs:26:5
   |
26 |     RequireConfirmation {
   |     ^^^^^^^^^^^^^^^^^^^

warning: missing documentation for a struct field
  --> src/consensus/smart_decision_engine.rs:27:9
   |
27 |         reason: String,
   |         ^^^^^^^^^^^^^^

warning: missing documentation for a struct field
  --> src/consensus/smart_decision_engine.rs:28:9
   |
28 |         warnings: Vec<String>,
   |         ^^^^^^^^^^^^^^^^^^^^^

warning: missing documentation for a struct field
  --> src/consensus/smart_decision_engine.rs:29:9
   |
29 |         suggestions: Vec<String>,
   |         ^^^^^^^^^^^^^^^^^^^^^^^^

warning: missing documentation for a struct field
  --> src/consensus/smart_decision_engine.rs:30:9
   |
30 |         confidence: f32,
   |         ^^^^^^^^^^^^^^^

warning: missing documentation for a struct field
  --> src/consensus/smart_decision_engine.rs:31:9
   |
31 |         risk_level: f32,
   |         ^^^^^^^^^^^^^^^

warning: missing documentation for a variant
  --> src/consensus/smart_decision_engine.rs:33:5
   |
33 |     Block {
   |     ^^^^^

warning: missing documentation for a struct field
  --> src/consensus/smart_decision_engine.rs:34:9
   |
34 |         reason: String,
   |         ^^^^^^^^^^^^^^

warning: missing documentation for a struct field
  --> src/consensus/smart_decision_engine.rs:35:9
   |
35 |         critical_issues: Vec<String>,
   |         ^^^^^^^^^^^^^^^^^^^^^^^^^^^^

warning: missing documentation for a struct field
  --> src/consensus/smart_decision_engine.rs:36:9
   |
36 |         alternatives: Vec<String>,
   |         ^^^^^^^^^^^^^^^^^^^^^^^^^

warning: missing documentation for a struct field
  --> src/consensus/smart_decision_engine.rs:37:9
   |
37 |         risk_level: f32,
   |         ^^^^^^^^^^^^^^^

warning: missing documentation for a method
  --> src/consensus/smart_decision_engine.rs:42:5
   |
42 |     pub fn should_execute(&self) -> bool {
   |     ^^^^^^^^^^^^^^^^^^^^^^^^^^^^^^^^^^^^

warning: missing documentation for a method
  --> src/consensus/smart_decision_engine.rs:46:5
   |
46 |     pub fn confidence(&self) -> f32 {
   |     ^^^^^^^^^^^^^^^^^^^^^^^^^^^^^^^

warning: missing documentation for a method
  --> src/consensus/smart_decision_engine.rs:54:5
   |
54 |     pub fn primary_reasoning(&self) -> Vec<String> {
   |     ^^^^^^^^^^^^^^^^^^^^^^^^^^^^^^^^^^^^^^^^^^^^^^

warning: missing documentation for a method
  --> src/consensus/smart_decision_engine.rs:70:5
   |
70 |     pub fn risk_factors(&self) -> Vec<String> {
   |     ^^^^^^^^^^^^^^^^^^^^^^^^^^^^^^^^^^^^^^^^^

warning: missing documentation for a struct
  --> src/consensus/smart_decision_engine.rs:80:1
   |
80 | pub struct UserDecision {
   | ^^^^^^^^^^^^^^^^^^^^^^^

warning: missing documentation for a struct field
  --> src/consensus/smart_decision_engine.rs:81:5
   |
81 |     pub operation_id: String,
   |     ^^^^^^^^^^^^^^^^^^^^^^^^

warning: missing documentation for a struct field
  --> src/consensus/smart_decision_engine.rs:82:5
   |
82 |     pub analysis: OperationAnalysis,
   |     ^^^^^^^^^^^^^^^^^^^^^^^^^^^^^^^

warning: missing documentation for a struct field
  --> src/consensus/smart_decision_engine.rs:83:5
   |
83 |     pub decision: UserChoice,
   |     ^^^^^^^^^^^^^^^^^^^^^^^^

warning: missing documentation for a struct field
  --> src/consensus/smart_decision_engine.rs:84:5
   |
84 |     pub timestamp: SystemTime,
   |     ^^^^^^^^^^^^^^^^^^^^^^^^^

warning: missing documentation for a struct field
  --> src/consensus/smart_decision_engine.rs:85:5
   |
85 |     pub feedback: Option<String>,
   |     ^^^^^^^^^^^^^^^^^^^^^^^^^^^^

warning: missing documentation for an enum
  --> src/consensus/smart_decision_engine.rs:89:1
   |
89 | pub enum UserChoice {
   | ^^^^^^^^^^^^^^^^^^^

warning: missing documentation for a variant
  --> src/consensus/smart_decision_engine.rs:90:5
   |
90 |     Execute,
   |     ^^^^^^^

warning: missing documentation for a variant
  --> src/consensus/smart_decision_engine.rs:91:5
   |
91 |     Skip,
   |     ^^^^

warning: missing documentation for a variant
  --> src/consensus/smart_decision_engine.rs:92:5
   |
92 |     ModifyAndExecute { modifications: Vec<String> },
   |     ^^^^^^^^^^^^^^^^

warning: missing documentation for a struct field
  --> src/consensus/smart_decision_engine.rs:92:24
   |
92 |     ModifyAndExecute { modifications: Vec<String> },
   |                        ^^^^^^^^^^^^^^^^^^^^^^^^^^

warning: missing documentation for a struct
  --> src/consensus/smart_decision_engine.rs:96:1
   |
96 | pub struct UserPreferences {
   | ^^^^^^^^^^^^^^^^^^^^^^^^^^

warning: missing documentation for a struct field
  --> src/consensus/smart_decision_engine.rs:97:5
   |
97 |     pub risk_tolerance: f32, // 0.0 (very conservative) to 1.0 (very aggressive)
   |     ^^^^^^^^^^^^^^^^^^^^^^^

warning: missing documentation for a struct field
  --> src/consensus/smart_decision_engine.rs:98:5
   |
98 |     pub auto_backup: bool,
   |     ^^^^^^^^^^^^^^^^^^^^^

warning: missing documentation for a struct field
  --> src/consensus/smart_decision_engine.rs:99:5
   |
99 |     pub require_confirmation_for_deletions: bool,
   |     ^^^^^^^^^^^^^^^^^^^^^^^^^^^^^^^^^^^^^^^^^^^^

warning: missing documentation for a struct field
   --> src/consensus/smart_decision_engine.rs:100:5
    |
100 |     pub require_confirmation_for_mass_updates: bool,
    |     ^^^^^^^^^^^^^^^^^^^^^^^^^^^^^^^^^^^^^^^^^^^^^^^

warning: missing documentation for a struct field
   --> src/consensus/smart_decision_engine.rs:101:5
    |
101 |     pub trust_ai_suggestions: f32, // 0.0 to 1.0
    |     ^^^^^^^^^^^^^^^^^^^^^^^^^^^^^

warning: missing documentation for a struct field
   --> src/consensus/smart_decision_engine.rs:102:5
    |
102 |     pub preferred_mode: AutoAcceptMode,
    |     ^^^^^^^^^^^^^^^^^^^^^^^^^^^^^^^^^^

warning: missing documentation for a struct field
   --> src/consensus/smart_decision_engine.rs:103:5
    |
103 |     pub custom_rules: Vec<CustomRule>,
    |     ^^^^^^^^^^^^^^^^^^^^^^^^^^^^^^^^^

warning: missing documentation for a struct
   --> src/consensus/smart_decision_engine.rs:107:1
    |
107 | pub struct CustomRule {
    | ^^^^^^^^^^^^^^^^^^^^^

warning: missing documentation for a struct field
   --> src/consensus/smart_decision_engine.rs:108:5
    |
108 |     pub pattern: String, // Regex pattern for file paths
    |     ^^^^^^^^^^^^^^^^^^^

warning: missing documentation for a struct field
   --> src/consensus/smart_decision_engine.rs:109:5
    |
109 |     pub action: RuleAction,
    |     ^^^^^^^^^^^^^^^^^^^^^^

warning: missing documentation for a struct field
   --> src/consensus/smart_decision_engine.rs:110:5
    |
110 |     pub reason: String,
    |     ^^^^^^^^^^^^^^^^^^

warning: missing documentation for an enum
   --> src/consensus/smart_decision_engine.rs:114:1
    |
114 | pub enum RuleAction {
    | ^^^^^^^^^^^^^^^^^^^

warning: missing documentation for a variant
   --> src/consensus/smart_decision_engine.rs:115:5
    |
115 |     AlwaysConfirm,
    |     ^^^^^^^^^^^^^

warning: missing documentation for a variant
   --> src/consensus/smart_decision_engine.rs:116:5
    |
116 |     AlwaysBlock,
    |     ^^^^^^^^^^^

warning: missing documentation for a variant
   --> src/consensus/smart_decision_engine.rs:117:5
    |
117 |     AlwaysAutoExecute,
    |     ^^^^^^^^^^^^^^^^^

warning: missing documentation for a variant
   --> src/consensus/smart_decision_engine.rs:118:5
    |
118 |     RequireBackup,
    |     ^^^^^^^^^^^^^

warning: missing documentation for a struct
   --> src/consensus/smart_decision_engine.rs:122:1
    |
122 | pub struct DecisionMetrics {
    | ^^^^^^^^^^^^^^^^^^^^^^^^^^

warning: missing documentation for a struct field
   --> src/consensus/smart_decision_engine.rs:123:5
    |
123 |     pub total_decisions: u64,
    |     ^^^^^^^^^^^^^^^^^^^^^^^^

warning: missing documentation for a struct field
   --> src/consensus/smart_decision_engine.rs:124:5
    |
124 |     pub auto_executed: u64,
    |     ^^^^^^^^^^^^^^^^^^^^^^

warning: missing documentation for a struct field
   --> src/consensus/smart_decision_engine.rs:125:5
    |
125 |     pub confirmations_required: u64,
    |     ^^^^^^^^^^^^^^^^^^^^^^^^^^^^^^^

warning: missing documentation for a struct field
   --> src/consensus/smart_decision_engine.rs:126:5
    |
126 |     pub operations_blocked: u64,
    |     ^^^^^^^^^^^^^^^^^^^^^^^^^^^

warning: missing documentation for a struct field
   --> src/consensus/smart_decision_engine.rs:127:5
    |
127 |     pub user_overrides: u64,
    |     ^^^^^^^^^^^^^^^^^^^^^^^

warning: missing documentation for a struct field
   --> src/consensus/smart_decision_engine.rs:128:5
    |
128 |     pub successful_operations: u64,
    |     ^^^^^^^^^^^^^^^^^^^^^^^^^^^^^^

warning: missing documentation for a struct field
   --> src/consensus/smart_decision_engine.rs:129:5
    |
129 |     pub failed_operations: u64,
    |     ^^^^^^^^^^^^^^^^^^^^^^^^^^

warning: missing documentation for a struct field
   --> src/consensus/smart_decision_engine.rs:130:5
    |
130 |     pub average_confidence: f32,
    |     ^^^^^^^^^^^^^^^^^^^^^^^^^^^

warning: missing documentation for a struct
   --> src/consensus/smart_decision_engine.rs:133:1
    |
133 | pub struct SmartDecisionEngine {
    | ^^^^^^^^^^^^^^^^^^^^^^^^^^^^^^

warning: missing documentation for an associated function
   --> src/consensus/smart_decision_engine.rs:143:5
    |
143 | /     pub fn new(
144 | |         mode: AutoAcceptMode,
145 | |         user_preferences: UserPreferences,
146 | |         history_db: Option<Arc<OperationHistoryDatabase>>,
147 | |     ) -> Self {
    | |_____________^

warning: missing documentation for a method
   --> src/consensus/smart_decision_engine.rs:167:5
    |
167 |     pub async fn make_decision(&self, analysis: &OperationAnalysis) -> Result<ExecutionDecision> {
    |     ^^^^^^^^^^^^^^^^^^^^^^^^^^^^^^^^^^^^^^^^^^^^^^^^^^^^^^^^^^^^^^^^^^^^^^^^^^^^^^^^^^^^^^^^^^^^

warning: missing documentation for a method
   --> src/consensus/smart_decision_engine.rs:385:5
    |
385 |     pub async fn learn_from_user_decision(&self, decision: &UserDecision) -> Result<()> {
    |     ^^^^^^^^^^^^^^^^^^^^^^^^^^^^^^^^^^^^^^^^^^^^^^^^^^^^^^^^^^^^^^^^^^^^^^^^^^^^^^^^^^^

warning: missing documentation for a method
   --> src/consensus/smart_decision_engine.rs:625:5
    |
625 |     pub async fn get_metrics(&self) -> DecisionMetrics {
    |     ^^^^^^^^^^^^^^^^^^^^^^^^^^^^^^^^^^^^^^^^^^^^^^^^^^

warning: missing documentation for a method
   --> src/consensus/smart_decision_engine.rs:629:5
    |
629 |     pub async fn set_mode(&self, mode: AutoAcceptMode) {
    |     ^^^^^^^^^^^^^^^^^^^^^^^^^^^^^^^^^^^^^^^^^^^^^^^^^^

warning: missing documentation for a method
   --> src/consensus/smart_decision_engine.rs:634:5
    |
634 |     pub async fn update_preferences(&self, preferences: UserPreferences) {
    |     ^^^^^^^^^^^^^^^^^^^^^^^^^^^^^^^^^^^^^^^^^^^^^^^^^^^^^^^^^^^^^^^^^^^^

warning: missing documentation for a method
   --> src/consensus/smart_decision_engine.rs:639:5
    |
639 |     pub async fn clear_cache(&self) {
    |     ^^^^^^^^^^^^^^^^^^^^^^^^^^^^^^^

warning: missing documentation for an enum
  --> src/consensus/operation_clustering.rs:15:1
   |
15 | pub enum ClusterType {
   | ^^^^^^^^^^^^^^^^^^^^

warning: missing documentation for a variant
  --> src/consensus/operation_clustering.rs:16:5
   |
16 |     ModuleUpdate,      // Operations on related module files
   |     ^^^^^^^^^^^^

warning: missing documentation for a variant
  --> src/consensus/operation_clustering.rs:17:5
   |
17 |     TestCreation,      // Test file creation and updates
   |     ^^^^^^^^^^^^

warning: missing documentation for a variant
  --> src/consensus/operation_clustering.rs:18:5
   |
18 |     Refactoring,       // Large-scale refactoring operations
   |     ^^^^^^^^^^^

warning: missing documentation for a variant
  --> src/consensus/operation_clustering.rs:19:5
   |
19 |     Configuration,     // Config file updates
   |     ^^^^^^^^^^^^^

warning: missing documentation for a variant
  --> src/consensus/operation_clustering.rs:20:5
   |
20 |     Documentation,     // Doc file updates
   |     ^^^^^^^^^^^^^

warning: missing documentation for a variant
  --> src/consensus/operation_clustering.rs:21:5
   |
21 |     Migration,         // Database/API migrations
   |     ^^^^^^^^^

warning: missing documentation for a variant
  --> src/consensus/operation_clustering.rs:22:5
   |
22 |     FeatureAddition,   // New feature implementation
   |     ^^^^^^^^^^^^^^^

warning: missing documentation for a variant
  --> src/consensus/operation_clustering.rs:23:5
   |
23 |     BugFix,           // Bug fix related changes
   |     ^^^^^^

warning: missing documentation for a variant
  --> src/consensus/operation_clustering.rs:24:5
   |
24 |     Deletion,         // File removal operations
   |     ^^^^^^^^

warning: missing documentation for a variant
  --> src/consensus/operation_clustering.rs:25:5
   |
25 |     Mixed,            // Mixed operation types
   |     ^^^^^

warning: missing documentation for a struct
  --> src/consensus/operation_clustering.rs:29:1
   |
29 | pub struct OperationCluster {
   | ^^^^^^^^^^^^^^^^^^^^^^^^^^^

warning: missing documentation for a struct field
  --> src/consensus/operation_clustering.rs:30:5
   |
30 |     pub id: String,
   |     ^^^^^^^^^^^^^^

warning: missing documentation for a struct field
  --> src/consensus/operation_clustering.rs:31:5
   |
31 |     pub cluster_type: ClusterType,
   |     ^^^^^^^^^^^^^^^^^^^^^^^^^^^^^

warning: missing documentation for a struct field
  --> src/consensus/operation_clustering.rs:32:5
   |
32 |     pub operations: Vec<FileOperation>,
   |     ^^^^^^^^^^^^^^^^^^^^^^^^^^^^^^^^^^

warning: missing documentation for a struct field
  --> src/consensus/operation_clustering.rs:33:5
   |
33 |     pub dependencies: Vec<String>, // IDs of clusters this depends on
   |     ^^^^^^^^^^^^^^^^^^^^^^^^^^^^^

warning: missing documentation for a struct field
  --> src/consensus/operation_clustering.rs:34:5
   |
34 |     pub risk_level: f32,
   |     ^^^^^^^^^^^^^^^^^^^

warning: missing documentation for a struct field
  --> src/consensus/operation_clustering.rs:35:5
   |
35 |     pub execution_order: usize,
   |     ^^^^^^^^^^^^^^^^^^^^^^^^^^

warning: missing documentation for a struct field
  --> src/consensus/operation_clustering.rs:36:5
   |
36 |     pub description: String,
   |     ^^^^^^^^^^^^^^^^^^^^^^^

warning: missing documentation for a struct field
  --> src/consensus/operation_clustering.rs:37:5
   |
37 |     pub common_path: Option<PathBuf>,
   |     ^^^^^^^^^^^^^^^^^^^^^^^^^^^^^^^^

warning: missing documentation for a struct
  --> src/consensus/operation_clustering.rs:41:1
   |
41 | pub struct ClusteringResult {
   | ^^^^^^^^^^^^^^^^^^^^^^^^^^^

warning: missing documentation for a struct field
  --> src/consensus/operation_clustering.rs:42:5
   |
42 |     pub clusters: Vec<OperationCluster>,
   |     ^^^^^^^^^^^^^^^^^^^^^^^^^^^^^^^^^^^

warning: missing documentation for a struct field
  --> src/consensus/operation_clustering.rs:43:5
   |
43 |     pub dependency_graph: DiGraph<String, ()>,
   |     ^^^^^^^^^^^^^^^^^^^^^^^^^^^^^^^^^^^^^^^^^

warning: missing documentation for a struct field
  --> src/consensus/operation_clustering.rs:44:5
   |
44 |     pub execution_sequence: Vec<String>, // Cluster IDs in execution order
   |     ^^^^^^^^^^^^^^^^^^^^^^^^^^^^^^^^^^^

warning: missing documentation for a struct field
  --> src/consensus/operation_clustering.rs:45:5
   |
45 |     pub warnings: Vec<String>,
   |     ^^^^^^^^^^^^^^^^^^^^^^^^^

warning: missing documentation for a struct
  --> src/consensus/operation_clustering.rs:49:1
   |
49 | pub struct ClusteringConfig {
   | ^^^^^^^^^^^^^^^^^^^^^^^^^^^

warning: missing documentation for a struct field
  --> src/consensus/operation_clustering.rs:50:5
   |
50 |     pub max_cluster_size: usize,
   |     ^^^^^^^^^^^^^^^^^^^^^^^^^^^

warning: missing documentation for a struct field
  --> src/consensus/operation_clustering.rs:51:5
   |
51 |     pub similarity_threshold: f32,
   |     ^^^^^^^^^^^^^^^^^^^^^^^^^^^^^

warning: missing documentation for a struct field
  --> src/consensus/operation_clustering.rs:52:5
   |
52 |     pub enable_smart_grouping: bool,
   |     ^^^^^^^^^^^^^^^^^^^^^^^^^^^^^^^

warning: missing documentation for a struct field
  --> src/consensus/operation_clustering.rs:53:5
   |
53 |     pub respect_dependencies: bool,
   |     ^^^^^^^^^^^^^^^^^^^^^^^^^^^^^^

warning: missing documentation for a struct field
  --> src/consensus/operation_clustering.rs:54:5
   |
54 |     pub optimize_for_safety: bool,
   |     ^^^^^^^^^^^^^^^^^^^^^^^^^^^^^

warning: missing documentation for a struct
  --> src/consensus/operation_clustering.rs:69:1
   |
69 | pub struct OperationClusterer {
   | ^^^^^^^^^^^^^^^^^^^^^^^^^^^^^

warning: missing documentation for an associated function
  --> src/consensus/operation_clustering.rs:76:5
   |
76 | /     pub fn new(
77 | |         config: ClusteringConfig,
78 | |         pattern_recognizer: Option<Arc<PatternRecognizer>>,
79 | |     ) -> Self {
   | |_____________^

warning: missing documentation for a method
  --> src/consensus/operation_clustering.rs:87:5
   |
87 | /     pub async fn cluster_operations(
88 | |         &self,
89 | |         operations: &[FileOperation],
90 | |     ) -> Result<ClusteringResult> {
   | |_________________________________^

warning: missing documentation for a method
   --> src/consensus/operation_clustering.rs:694:5
    |
694 |     pub async fn clear_cache(&self) {
    |     ^^^^^^^^^^^^^^^^^^^^^^^^^^^^^^^

warning: missing documentation for a struct
  --> src/consensus/intelligent_feedback.rs:20:1
   |
20 | pub struct UserFeedback {
   | ^^^^^^^^^^^^^^^^^^^^^^^

warning: missing documentation for a struct field
  --> src/consensus/intelligent_feedback.rs:21:5
   |
21 |     pub decision_summary: String,
   |     ^^^^^^^^^^^^^^^^^^^^^^^^^^^^

warning: missing documentation for a struct field
  --> src/consensus/intelligent_feedback.rs:22:5
   |
22 |     pub risk_explanation: RiskExplanation,
   |     ^^^^^^^^^^^^^^^^^^^^^^^^^^^^^^^^^^^^^

warning: missing documentation for a struct field
  --> src/consensus/intelligent_feedback.rs:23:5
   |
23 |     pub confidence_explanation: ConfidenceExplanation,
   |     ^^^^^^^^^^^^^^^^^^^^^^^^^^^^^^^^^^^^^^^^^^^^^^^^^

warning: missing documentation for a struct field
  --> src/consensus/intelligent_feedback.rs:24:5
   |
24 |     pub ai_insights: Vec<AIInsight>,
   |     ^^^^^^^^^^^^^^^^^^^^^^^^^^^^^^^

warning: missing documentation for a struct field
  --> src/consensus/intelligent_feedback.rs:25:5
   |
25 |     pub suggestions: Vec<Suggestion>,
   |     ^^^^^^^^^^^^^^^^^^^^^^^^^^^^^^^^

warning: missing documentation for a struct field
  --> src/consensus/intelligent_feedback.rs:26:5
   |
26 |     pub operation_preview: Option<OperationPreview>,
   |     ^^^^^^^^^^^^^^^^^^^^^^^^^^^^^^^^^^^^^^^^^^^^^^^

warning: missing documentation for a struct field
  --> src/consensus/intelligent_feedback.rs:27:5
   |
27 |     pub learning_notes: Vec<String>,
   |     ^^^^^^^^^^^^^^^^^^^^^^^^^^^^^^^

warning: missing documentation for a struct field
  --> src/consensus/intelligent_feedback.rs:28:5
   |
28 |     pub visual_indicators: VisualIndicators,
   |     ^^^^^^^^^^^^^^^^^^^^^^^^^^^^^^^^^^^^^^^

warning: missing documentation for a struct
  --> src/consensus/intelligent_feedback.rs:32:1
   |
32 | pub struct RiskExplanation {
   | ^^^^^^^^^^^^^^^^^^^^^^^^^^

warning: missing documentation for a struct field
  --> src/consensus/intelligent_feedback.rs:33:5
   |
33 |     pub risk_level: String, // "Low", "Medium", "High", "Critical"
   |     ^^^^^^^^^^^^^^^^^^^^^^

warning: missing documentation for a struct field
  --> src/consensus/intelligent_feedback.rs:34:5
   |
34 |     pub main_risk_factors: Vec<String>,
   |     ^^^^^^^^^^^^^^^^^^^^^^^^^^^^^^^^^^

warning: missing documentation for a struct field
  --> src/consensus/intelligent_feedback.rs:35:5
   |
35 |     pub mitigation_strategies: Vec<String>,
   |     ^^^^^^^^^^^^^^^^^^^^^^^^^^^^^^^^^^^^^^

warning: missing documentation for a struct field
  --> src/consensus/intelligent_feedback.rs:36:5
   |
36 |     pub worst_case_scenario: Option<String>,
   |     ^^^^^^^^^^^^^^^^^^^^^^^^^^^^^^^^^^^^^^^

warning: missing documentation for a struct
  --> src/consensus/intelligent_feedback.rs:40:1
   |
40 | pub struct ConfidenceExplanation {
   | ^^^^^^^^^^^^^^^^^^^^^^^^^^^^^^^^

warning: missing documentation for a struct field
  --> src/consensus/intelligent_feedback.rs:41:5
   |
41 |     pub confidence_level: String, // "Very High", "High", "Moderate", "Low"
   |     ^^^^^^^^^^^^^^^^^^^^^^^^^^^^

warning: missing documentation for a struct field
  --> src/consensus/intelligent_feedback.rs:42:5
   |
42 |     pub supporting_evidence: Vec<String>,
   |     ^^^^^^^^^^^^^^^^^^^^^^^^^^^^^^^^^^^^

warning: missing documentation for a struct field
  --> src/consensus/intelligent_feedback.rs:43:5
   |
43 |     pub uncertainty_factors: Vec<String>,
   |     ^^^^^^^^^^^^^^^^^^^^^^^^^^^^^^^^^^^^

warning: missing documentation for a struct field
  --> src/consensus/intelligent_feedback.rs:44:5
   |
44 |     pub similar_operations_summary: Option<String>,
   |     ^^^^^^^^^^^^^^^^^^^^^^^^^^^^^^^^^^^^^^^^^^^^^^

warning: missing documentation for a struct
  --> src/consensus/intelligent_feedback.rs:48:1
   |
48 | pub struct AIInsight {
   | ^^^^^^^^^^^^^^^^^^^^

warning: missing documentation for a struct field
  --> src/consensus/intelligent_feedback.rs:49:5
   |
49 |     pub source: String, // Which AI helper provided this
   |     ^^^^^^^^^^^^^^^^^^

warning: missing documentation for a struct field
  --> src/consensus/intelligent_feedback.rs:50:5
   |
50 |     pub insight_type: InsightType,
   |     ^^^^^^^^^^^^^^^^^^^^^^^^^^^^^

warning: missing documentation for a struct field
  --> src/consensus/intelligent_feedback.rs:51:5
   |
51 |     pub description: String,
   |     ^^^^^^^^^^^^^^^^^^^^^^^

warning: missing documentation for a struct field
  --> src/consensus/intelligent_feedback.rs:52:5
   |
52 |     pub importance: InsightImportance,
   |     ^^^^^^^^^^^^^^^^^^^^^^^^^^^^^^^^^

warning: missing documentation for an enum
  --> src/consensus/intelligent_feedback.rs:56:1
   |
56 | pub enum InsightType {
   | ^^^^^^^^^^^^^^^^^^^^

warning: missing documentation for a variant
  --> src/consensus/intelligent_feedback.rs:57:5
   |
57 |     Pattern,
   |     ^^^^^^^

warning: missing documentation for a variant
  --> src/consensus/intelligent_feedback.rs:58:5
   |
58 |     Warning,
   |     ^^^^^^^

warning: missing documentation for a variant
  --> src/consensus/intelligent_feedback.rs:59:5
   |
59 |     Suggestion,
   |     ^^^^^^^^^^

warning: missing documentation for a variant
  --> src/consensus/intelligent_feedback.rs:60:5
   |
60 |     Historical,
   |     ^^^^^^^^^^

warning: missing documentation for a variant
  --> src/consensus/intelligent_feedback.rs:61:5
   |
61 |     Technical,
   |     ^^^^^^^^^

warning: missing documentation for an enum
  --> src/consensus/intelligent_feedback.rs:65:1
   |
65 | pub enum InsightImportance {
   | ^^^^^^^^^^^^^^^^^^^^^^^^^^

warning: missing documentation for a variant
  --> src/consensus/intelligent_feedback.rs:66:5
   |
66 |     Critical,
   |     ^^^^^^^^

warning: missing documentation for a variant
  --> src/consensus/intelligent_feedback.rs:67:5
   |
67 |     High,
   |     ^^^^

warning: missing documentation for a variant
  --> src/consensus/intelligent_feedback.rs:68:5
   |
68 |     Medium,
   |     ^^^^^^

warning: missing documentation for a variant
  --> src/consensus/intelligent_feedback.rs:69:5
   |
69 |     Low,
   |     ^^^

warning: missing documentation for a struct
  --> src/consensus/intelligent_feedback.rs:73:1
   |
73 | pub struct Suggestion {
   | ^^^^^^^^^^^^^^^^^^^^^

warning: missing documentation for a struct field
  --> src/consensus/intelligent_feedback.rs:74:5
   |
74 |     pub title: String,
   |     ^^^^^^^^^^^^^^^^^

warning: missing documentation for a struct field
  --> src/consensus/intelligent_feedback.rs:75:5
   |
75 |     pub description: String,
   |     ^^^^^^^^^^^^^^^^^^^^^^^

warning: missing documentation for a struct field
  --> src/consensus/intelligent_feedback.rs:76:5
   |
76 |     pub action_type: SuggestionAction,
   |     ^^^^^^^^^^^^^^^^^^^^^^^^^^^^^^^^^

warning: missing documentation for a struct field
  --> src/consensus/intelligent_feedback.rs:77:5
   |
77 |     pub expected_outcome: String,
   |     ^^^^^^^^^^^^^^^^^^^^^^^^^^^^

warning: missing documentation for a struct field
  --> src/consensus/intelligent_feedback.rs:78:5
   |
78 |     pub confidence: f32,
   |     ^^^^^^^^^^^^^^^^^^^

warning: missing documentation for an enum
  --> src/consensus/intelligent_feedback.rs:82:1
   |
82 | pub enum SuggestionAction {
   | ^^^^^^^^^^^^^^^^^^^^^^^^^

warning: missing documentation for a variant
  --> src/consensus/intelligent_feedback.rs:83:5
   |
83 |     ModifyOperation,
   |     ^^^^^^^^^^^^^^^

warning: missing documentation for a variant
  --> src/consensus/intelligent_feedback.rs:84:5
   |
84 |     AddSafetyCheck,
   |     ^^^^^^^^^^^^^^

warning: missing documentation for a variant
  --> src/consensus/intelligent_feedback.rs:85:5
   |
85 |     CreateBackup,
   |     ^^^^^^^^^^^^

warning: missing documentation for a variant
  --> src/consensus/intelligent_feedback.rs:86:5
   |
86 |     RunTests,
   |     ^^^^^^^^

warning: missing documentation for a variant
  --> src/consensus/intelligent_feedback.rs:87:5
   |
87 |     ReviewManually,
   |     ^^^^^^^^^^^^^^

warning: missing documentation for a variant
  --> src/consensus/intelligent_feedback.rs:88:5
   |
88 |     ConsultDocumentation,
   |     ^^^^^^^^^^^^^^^^^^^^

warning: missing documentation for a struct
  --> src/consensus/intelligent_feedback.rs:92:1
   |
92 | pub struct OperationPreview {
   | ^^^^^^^^^^^^^^^^^^^^^^^^^^^

warning: missing documentation for a struct field
  --> src/consensus/intelligent_feedback.rs:93:5
   |
93 |     pub affected_files: Vec<FilePreview>,
   |     ^^^^^^^^^^^^^^^^^^^^^^^^^^^^^^^^^^^^

warning: missing documentation for a struct field
  --> src/consensus/intelligent_feedback.rs:94:5
   |
94 |     pub execution_plan: Vec<String>,
   |     ^^^^^^^^^^^^^^^^^^^^^^^^^^^^^^^

warning: missing documentation for a struct field
  --> src/consensus/intelligent_feedback.rs:95:5
   |
95 |     pub estimated_impact: ImpactAssessment,
   |     ^^^^^^^^^^^^^^^^^^^^^^^^^^^^^^^^^^^^^^

warning: missing documentation for a struct
  --> src/consensus/intelligent_feedback.rs:99:1
   |
99 | pub struct FilePreview {
   | ^^^^^^^^^^^^^^^^^^^^^^

warning: missing documentation for a struct field
   --> src/consensus/intelligent_feedback.rs:100:5
    |
100 |     pub path: String,
    |     ^^^^^^^^^^^^^^^^

warning: missing documentation for a struct field
   --> src/consensus/intelligent_feedback.rs:101:5
    |
101 |     pub operation_type: String,
    |     ^^^^^^^^^^^^^^^^^^^^^^^^^^

warning: missing documentation for a struct field
   --> src/consensus/intelligent_feedback.rs:102:5
    |
102 |     pub preview_snippet: Option<String>,
    |     ^^^^^^^^^^^^^^^^^^^^^^^^^^^^^^^^^^^

warning: missing documentation for a struct field
   --> src/consensus/intelligent_feedback.rs:103:5
    |
103 |     pub line_changes: Option<LineChanges>,
    |     ^^^^^^^^^^^^^^^^^^^^^^^^^^^^^^^^^^^^^

warning: missing documentation for a struct
   --> src/consensus/intelligent_feedback.rs:107:1
    |
107 | pub struct LineChanges {
    | ^^^^^^^^^^^^^^^^^^^^^^

warning: missing documentation for a struct field
   --> src/consensus/intelligent_feedback.rs:108:5
    |
108 |     pub additions: usize,
    |     ^^^^^^^^^^^^^^^^^^^^

warning: missing documentation for a struct field
   --> src/consensus/intelligent_feedback.rs:109:5
    |
109 |     pub deletions: usize,
    |     ^^^^^^^^^^^^^^^^^^^^

warning: missing documentation for a struct field
   --> src/consensus/intelligent_feedback.rs:110:5
    |
110 |     pub modifications: usize,
    |     ^^^^^^^^^^^^^^^^^^^^^^^^

warning: missing documentation for a struct
   --> src/consensus/intelligent_feedback.rs:114:1
    |
114 | pub struct ImpactAssessment {
    | ^^^^^^^^^^^^^^^^^^^^^^^^^^^

warning: missing documentation for a struct field
   --> src/consensus/intelligent_feedback.rs:115:5
    |
115 |     pub scope: String, // "Local", "Module", "Application-wide"
    |     ^^^^^^^^^^^^^^^^^

warning: missing documentation for a struct field
   --> src/consensus/intelligent_feedback.rs:116:5
    |
116 |     pub affected_functionality: Vec<String>,
    |     ^^^^^^^^^^^^^^^^^^^^^^^^^^^^^^^^^^^^^^^

warning: missing documentation for a struct field
   --> src/consensus/intelligent_feedback.rs:117:5
    |
117 |     pub dependency_count: usize,
    |     ^^^^^^^^^^^^^^^^^^^^^^^^^^^

warning: missing documentation for a struct field
   --> src/consensus/intelligent_feedback.rs:118:5
    |
118 |     pub test_coverage: Option<f32>,
    |     ^^^^^^^^^^^^^^^^^^^^^^^^^^^^^^

warning: missing documentation for a struct
   --> src/consensus/intelligent_feedback.rs:122:1
    |
122 | pub struct VisualIndicators {
    | ^^^^^^^^^^^^^^^^^^^^^^^^^^^

warning: missing documentation for a struct field
   --> src/consensus/intelligent_feedback.rs:123:5
    |
123 |     pub primary_color: String, // For UI display
    |     ^^^^^^^^^^^^^^^^^^^^^^^^^

warning: missing documentation for a struct field
   --> src/consensus/intelligent_feedback.rs:124:5
    |
124 |     pub icon_type: String,
    |     ^^^^^^^^^^^^^^^^^^^^^

warning: missing documentation for a struct field
   --> src/consensus/intelligent_feedback.rs:125:5
    |
125 |     pub animation_style: String,
    |     ^^^^^^^^^^^^^^^^^^^^^^^^^^^

warning: missing documentation for a struct field
   --> src/consensus/intelligent_feedback.rs:126:5
    |
126 |     pub urgency_level: u8, // 0-10
    |     ^^^^^^^^^^^^^^^^^^^^^

warning: missing documentation for a struct
   --> src/consensus/intelligent_feedback.rs:129:1
    |
129 | pub struct IntelligentFeedbackGenerator {
    | ^^^^^^^^^^^^^^^^^^^^^^^^^^^^^^^^^^^^^^^

warning: missing documentation for an associated function
   --> src/consensus/intelligent_feedback.rs:152:5
    |
152 | /     pub fn new(
153 | |         knowledge_synthesizer: Option<Arc<KnowledgeSynthesizer>>,
154 | |         user_preferences: UserPreferences,
155 | |     ) -> Self {
    | |_____________^

warning: missing documentation for a method
   --> src/consensus/intelligent_feedback.rs:179:5
    |
179 | /     pub async fn generate_feedback(
180 | |         &self,
181 | |         analysis: &OperationAnalysis,
182 | |         decision: &ExecutionDecision,
183 | |         cluster: Option<&OperationCluster>,
184 | |     ) -> Result<UserFeedback> {
    | |_____________________________^

warning: missing documentation for a method
   --> src/consensus/intelligent_feedback.rs:695:5
    |
695 |     pub async fn format_for_ui(&self, feedback: &UserFeedback) -> String {
    |     ^^^^^^^^^^^^^^^^^^^^^^^^^^^^^^^^^^^^^^^^^^^^^^^^^^^^^^^^^^^^^^^^^^^^

warning: missing documentation for a struct
  --> src/consensus/confidence_scoring.rs:31:1
   |
31 | pub struct ScoringWeights {
   | ^^^^^^^^^^^^^^^^^^^^^^^^^

warning: missing documentation for a struct
  --> src/consensus/confidence_scoring.rs:63:1
   |
63 | pub struct ScoringResult {
   | ^^^^^^^^^^^^^^^^^^^^^^^^

warning: missing documentation for a struct
  --> src/consensus/confidence_scoring.rs:79:1
   |
79 | pub struct ScoreBreakdown {
   | ^^^^^^^^^^^^^^^^^^^^^^^^^

warning: missing documentation for a struct field
  --> src/consensus/confidence_scoring.rs:80:5
   |
80 |     pub historical_component: f32,
   |     ^^^^^^^^^^^^^^^^^^^^^^^^^^^^^

warning: missing documentation for a struct field
  --> src/consensus/confidence_scoring.rs:81:5
   |
81 |     pub pattern_component: f32,
   |     ^^^^^^^^^^^^^^^^^^^^^^^^^^

warning: missing documentation for a struct field
  --> src/consensus/confidence_scoring.rs:82:5
   |
82 |     pub context_component: f32,
   |     ^^^^^^^^^^^^^^^^^^^^^^^^^^

warning: missing documentation for a struct field
  --> src/consensus/confidence_scoring.rs:83:5
   |
83 |     pub quality_component: f32,
   |     ^^^^^^^^^^^^^^^^^^^^^^^^^^

warning: missing documentation for a struct field
  --> src/consensus/confidence_scoring.rs:84:5
   |
84 |     pub feasibility_component: f32,
   |     ^^^^^^^^^^^^^^^^^^^^^^^^^^^^^^

warning: missing documentation for a struct field
  --> src/consensus/confidence_scoring.rs:85:5
   |
85 |     pub user_trust_component: f32,
   |     ^^^^^^^^^^^^^^^^^^^^^^^^^^^^^

warning: missing documentation for a struct field
  --> src/consensus/confidence_scoring.rs:86:5
   |
86 |     pub complexity_penalty: f32,
   |     ^^^^^^^^^^^^^^^^^^^^^^^^^^^

warning: missing documentation for a struct field
  --> src/consensus/confidence_scoring.rs:87:5
   |
87 |     pub adjustment_factors: Vec<AdjustmentFactor>,
   |     ^^^^^^^^^^^^^^^^^^^^^^^^^^^^^^^^^^^^^^^^^^^^^

warning: missing documentation for a struct
  --> src/consensus/confidence_scoring.rs:91:1
   |
91 | pub struct ConfidenceInterval {
   | ^^^^^^^^^^^^^^^^^^^^^^^^^^^^^

warning: missing documentation for a struct field
  --> src/consensus/confidence_scoring.rs:92:5
   |
92 |     pub lower_bound: f32,
   |     ^^^^^^^^^^^^^^^^^^^^

warning: missing documentation for a struct field
  --> src/consensus/confidence_scoring.rs:93:5
   |
93 |     pub upper_bound: f32,
   |     ^^^^^^^^^^^^^^^^^^^^

warning: missing documentation for a struct field
  --> src/consensus/confidence_scoring.rs:94:5
   |
94 |     pub variance: f32,
   |     ^^^^^^^^^^^^^^^^^

warning: missing documentation for a struct field
  --> src/consensus/confidence_scoring.rs:95:5
   |
95 |     pub reliability: f32, // How reliable is this interval
   |     ^^^^^^^^^^^^^^^^^^^^

warning: missing documentation for a struct
  --> src/consensus/confidence_scoring.rs:99:1
   |
99 | pub struct PrimaryFactor {
   | ^^^^^^^^^^^^^^^^^^^^^^^^

warning: missing documentation for a struct field
   --> src/consensus/confidence_scoring.rs:100:5
    |
100 |     pub name: String,
    |     ^^^^^^^^^^^^^^^^

warning: missing documentation for a struct field
   --> src/consensus/confidence_scoring.rs:101:5
    |
101 |     pub impact: f32, // -100 to +100
    |     ^^^^^^^^^^^^^^^

warning: missing documentation for a struct field
   --> src/consensus/confidence_scoring.rs:102:5
    |
102 |     pub description: String,
    |     ^^^^^^^^^^^^^^^^^^^^^^^

warning: missing documentation for a struct
   --> src/consensus/confidence_scoring.rs:106:1
    |
106 | pub struct ImprovementSuggestion {
    | ^^^^^^^^^^^^^^^^^^^^^^^^^^^^^^^^

warning: missing documentation for a struct field
   --> src/consensus/confidence_scoring.rs:107:5
    |
107 |     pub action: String,
    |     ^^^^^^^^^^^^^^^^^^

warning: missing documentation for a struct field
   --> src/consensus/confidence_scoring.rs:108:5
    |
108 |     pub expected_improvement: f32,
    |     ^^^^^^^^^^^^^^^^^^^^^^^^^^^^^

warning: missing documentation for a struct field
   --> src/consensus/confidence_scoring.rs:109:5
    |
109 |     pub difficulty: SuggestionDifficulty,
    |     ^^^^^^^^^^^^^^^^^^^^^^^^^^^^^^^^^^^^

warning: missing documentation for an enum
   --> src/consensus/confidence_scoring.rs:113:1
    |
113 | pub enum SuggestionDifficulty {
    | ^^^^^^^^^^^^^^^^^^^^^^^^^^^^^

warning: missing documentation for a variant
   --> src/consensus/confidence_scoring.rs:114:5
    |
114 |     Easy,    // Can be done automatically
    |     ^^^^

warning: missing documentation for a variant
   --> src/consensus/confidence_scoring.rs:115:5
    |
115 |     Medium,  // Requires user action
    |     ^^^^^^

warning: missing documentation for a variant
   --> src/consensus/confidence_scoring.rs:116:5
    |
116 |     Hard,    // Requires significant changes
    |     ^^^^

warning: missing documentation for a struct
   --> src/consensus/confidence_scoring.rs:120:1
    |
120 | pub struct AdjustmentFactor {
    | ^^^^^^^^^^^^^^^^^^^^^^^^^^^

warning: missing documentation for a struct field
   --> src/consensus/confidence_scoring.rs:121:5
    |
121 |     pub name: String,
    |     ^^^^^^^^^^^^^^^^

warning: missing documentation for a struct field
   --> src/consensus/confidence_scoring.rs:122:5
    |
122 |     pub adjustment: f32, // Positive or negative adjustment
    |     ^^^^^^^^^^^^^^^^^^^

warning: missing documentation for a struct field
   --> src/consensus/confidence_scoring.rs:123:5
    |
123 |     pub reason: String,
    |     ^^^^^^^^^^^^^^^^^^

warning: missing documentation for an associated function
   --> src/consensus/confidence_scoring.rs:138:5
    |
138 | /     pub fn new(
139 | |         weights: Option<ScoringWeights>,
140 | |         history_db: Option<Arc<OperationHistoryDatabase>>,
141 | |     ) -> Self {
    | |_____________^

warning: missing documentation for a method
   --> src/consensus/confidence_scoring.rs:170:5
    |
170 | /     pub async fn calculate_advanced_score(
171 | |         &self,
172 | |         operations: &[FileOperation],
173 | |         context: &OperationContext,
...   |
176 | |         cluster: Option<&OperationCluster>,
177 | |     ) -> Result<ScoringResult> {
    | |______________________________^

warning: missing documentation for a method
   --> src/consensus/confidence_scoring.rs:657:5
    |
657 |     pub async fn update_weights(&mut self, new_weights: ScoringWeights) {
    |     ^^^^^^^^^^^^^^^^^^^^^^^^^^^^^^^^^^^^^^^^^^^^^^^^^^^^^^^^^^^^^^^^^^^

warning: missing documentation for a method
   --> src/consensus/confidence_scoring.rs:663:5
    |
663 |     pub async fn get_scoring_statistics(&self) -> ScoringStatistics {
    |     ^^^^^^^^^^^^^^^^^^^^^^^^^^^^^^^^^^^^^^^^^^^^^^^^^^^^^^^^^^^^^^^

warning: missing documentation for a struct
   --> src/consensus/confidence_scoring.rs:689:1
    |
689 | pub struct ScoringStatistics {
    | ^^^^^^^^^^^^^^^^^^^^^^^^^^^^

warning: missing documentation for a struct field
   --> src/consensus/confidence_scoring.rs:690:5
    |
690 |     pub total_scored: usize,
    |     ^^^^^^^^^^^^^^^^^^^^^^^

warning: missing documentation for a struct field
   --> src/consensus/confidence_scoring.rs:691:5
    |
691 |     pub average_confidence: f32,
    |     ^^^^^^^^^^^^^^^^^^^^^^^^^^^

warning: missing documentation for a struct field
   --> src/consensus/confidence_scoring.rs:692:5
    |
692 |     pub average_risk: f32,
    |     ^^^^^^^^^^^^^^^^^^^^^

warning: missing documentation for a struct field
   --> src/consensus/confidence_scoring.rs:693:5
    |
693 |     pub cache_size: usize,
    |     ^^^^^^^^^^^^^^^^^^^^^

warning: missing documentation for a struct
  --> src/consensus/operation_parser.rs:16:1
   |
16 | pub struct OperationParser {
   | ^^^^^^^^^^^^^^^^^^^^^^^^^^

warning: missing documentation for a struct
  --> src/consensus/operation_parser.rs:84:1
   |
84 | pub struct EnhancementConfig {
   | ^^^^^^^^^^^^^^^^^^^^^^^^^^^^

warning: missing documentation for a struct
   --> src/consensus/operation_parser.rs:110:1
    |
110 | pub struct ParsedOperations {
    | ^^^^^^^^^^^^^^^^^^^^^^^^^^^

warning: missing documentation for a struct
   --> src/consensus/operation_parser.rs:120:1
    |
120 | pub struct EnhancedFileOperation {
    | ^^^^^^^^^^^^^^^^^^^^^^^^^^^^^^^^

warning: missing documentation for a struct
   --> src/consensus/operation_parser.rs:130:1
    |
130 | pub struct OperationContext {
    | ^^^^^^^^^^^^^^^^^^^^^^^^^^^

warning: missing documentation for a struct
   --> src/consensus/operation_parser.rs:148:1
    |
148 | pub struct CodeContext {
    | ^^^^^^^^^^^^^^^^^^^^^^

warning: missing documentation for a struct
   --> src/consensus/operation_parser.rs:160:1
    |
160 | pub struct GlobalContext {
    | ^^^^^^^^^^^^^^^^^^^^^^^^

warning: missing documentation for an enum
   --> src/consensus/operation_parser.rs:172:1
    |
172 | pub enum ComplexityLevel {
    | ^^^^^^^^^^^^^^^^^^^^^^^^

warning: missing documentation for a variant
   --> src/consensus/operation_parser.rs:173:5
    |
173 |     Simple,    // 1-3 straightforward operations
    |     ^^^^^^

warning: missing documentation for a variant
   --> src/consensus/operation_parser.rs:174:5
    |
174 |     Moderate,  // 4-10 operations or some complexity
    |     ^^^^^^^^

warning: missing documentation for a variant
   --> src/consensus/operation_parser.rs:175:5
    |
175 |     Complex,   // Many operations or high interdependency
    |     ^^^^^^^

warning: missing documentation for a variant
   --> src/consensus/operation_parser.rs:176:5
    |
176 |     Critical,  // System-wide changes or high risk
    |     ^^^^^^^^

warning: missing documentation for a struct
   --> src/consensus/operation_parser.rs:180:1
    |
180 | pub struct ParsingMetadata {
    | ^^^^^^^^^^^^^^^^^^^^^^^^^^

warning: missing documentation for a struct
   --> src/consensus/operation_parser.rs:194:1
    |
194 | pub struct AIOperationInsights {
    | ^^^^^^^^^^^^^^^^^^^^^^^^^^^^^^

warning: missing documentation for an associated function
   --> src/consensus/operation_parser.rs:206:5
    |
206 | /     pub fn new(
207 | |         knowledge_synthesizer: Option<Arc<KnowledgeSynthesizer>>,
208 | |         pattern_recognizer: Option<Arc<PatternRecognizer>>,
209 | |         config: Option<EnhancementConfig>,
210 | |     ) -> Self {
    | |_____________^

warning: missing documentation for a method
   --> src/consensus/operation_parser.rs:220:5
    |
220 |     pub async fn parse_curator_response(&self, response: &str) -> Result<ParsedOperations> {
    |     ^^^^^^^^^^^^^^^^^^^^^^^^^^^^^^^^^^^^^^^^^^^^^^^^^^^^^^^^^^^^^^^^^^^^^^^^^^^^^^^^^^^^^^

warning: missing documentation for a method
   --> src/consensus/operation_parser.rs:797:5
    |
797 |     pub async fn validate_parsed_operations(&self, parsed: &ParsedOperations) -> Result<Vec<String>> {
    |     ^^^^^^^^^^^^^^^^^^^^^^^^^^^^^^^^^^^^^^^^^^^^^^^^^^^^^^^^^^^^^^^^^^^^^^^^^^^^^^^^^^^^^^^^^^^^^^^^

warning: missing documentation for a struct
  --> src/consensus/operation_validator.rs:37:1
   |
37 | pub struct ValidationConfig {
   | ^^^^^^^^^^^^^^^^^^^^^^^^^^^

warning: missing documentation for a struct
  --> src/consensus/operation_validator.rs:80:1
   |
80 | pub struct ValidationResult {
   | ^^^^^^^^^^^^^^^^^^^^^^^^^^^

warning: missing documentation for an enum
  --> src/consensus/operation_validator.rs:98:1
   |
98 | pub enum ValidationStatus {
   | ^^^^^^^^^^^^^^^^^^^^^^^^^

warning: missing documentation for a struct
   --> src/consensus/operation_validator.rs:110:1
    |
110 | pub struct ValidationCheck {
    | ^^^^^^^^^^^^^^^^^^^^^^^^^^

warning: missing documentation for a struct field
   --> src/consensus/operation_validator.rs:111:5
    |
111 |     pub name: String,
    |     ^^^^^^^^^^^^^^^^

warning: missing documentation for a struct field
   --> src/consensus/operation_validator.rs:112:5
    |
112 |     pub category: CheckCategory,
    |     ^^^^^^^^^^^^^^^^^^^^^^^^^^^

warning: missing documentation for a struct field
   --> src/consensus/operation_validator.rs:113:5
    |
113 |     pub status: CheckStatus,
    |     ^^^^^^^^^^^^^^^^^^^^^^^

warning: missing documentation for a struct field
   --> src/consensus/operation_validator.rs:114:5
    |
114 |     pub message: String,
    |     ^^^^^^^^^^^^^^^^^^^

warning: missing documentation for a struct field
   --> src/consensus/operation_validator.rs:115:5
    |
115 |     pub severity: Severity,
    |     ^^^^^^^^^^^^^^^^^^^^^^

warning: missing documentation for an enum
   --> src/consensus/operation_validator.rs:119:1
    |
119 | pub enum CheckCategory {
    | ^^^^^^^^^^^^^^^^^^^^^^

warning: missing documentation for a variant
   --> src/consensus/operation_validator.rs:120:5
    |
120 |     FileSystem,
    |     ^^^^^^^^^^

warning: missing documentation for a variant
   --> src/consensus/operation_validator.rs:121:5
    |
121 |     Security,
    |     ^^^^^^^^

warning: missing documentation for a variant
   --> src/consensus/operation_validator.rs:122:5
    |
122 |     Syntax,
    |     ^^^^^^

warning: missing documentation for a variant
   --> src/consensus/operation_validator.rs:123:5
    |
123 |     Dependencies,
    |     ^^^^^^^^^^^^

warning: missing documentation for a variant
   --> src/consensus/operation_validator.rs:124:5
    |
124 |     Conflicts,
    |     ^^^^^^^^^

warning: missing documentation for a variant
   --> src/consensus/operation_validator.rs:125:5
    |
125 |     Permissions,
    |     ^^^^^^^^^^^

warning: missing documentation for a variant
   --> src/consensus/operation_validator.rs:126:5
    |
126 |     Content,
    |     ^^^^^^^

warning: missing documentation for an enum
   --> src/consensus/operation_validator.rs:130:1
    |
130 | pub enum CheckStatus {
    | ^^^^^^^^^^^^^^^^^^^^

warning: missing documentation for a variant
   --> src/consensus/operation_validator.rs:131:5
    |
131 |     Passed,
    |     ^^^^^^

warning: missing documentation for a variant
   --> src/consensus/operation_validator.rs:132:5
    |
132 |     Warning,
    |     ^^^^^^^

warning: missing documentation for a variant
   --> src/consensus/operation_validator.rs:133:5
    |
133 |     Failed,
    |     ^^^^^^

warning: missing documentation for a variant
   --> src/consensus/operation_validator.rs:134:5
    |
134 |     Skipped,
    |     ^^^^^^^

warning: missing documentation for an enum
   --> src/consensus/operation_validator.rs:138:1
    |
138 | pub enum Severity {
    | ^^^^^^^^^^^^^^^^^

warning: missing documentation for a variant
   --> src/consensus/operation_validator.rs:139:5
    |
139 |     Info,
    |     ^^^^

warning: missing documentation for a variant
   --> src/consensus/operation_validator.rs:140:5
    |
140 |     Warning,
    |     ^^^^^^^

warning: missing documentation for a variant
   --> src/consensus/operation_validator.rs:141:5
    |
141 |     Error,
    |     ^^^^^

warning: missing documentation for a variant
   --> src/consensus/operation_validator.rs:142:5
    |
142 |     Critical,
    |     ^^^^^^^^

warning: missing documentation for a struct
   --> src/consensus/operation_validator.rs:146:1
    |
146 | pub struct ValidationError {
    | ^^^^^^^^^^^^^^^^^^^^^^^^^^

warning: missing documentation for a struct field
   --> src/consensus/operation_validator.rs:147:5
    |
147 |     pub code: String,
    |     ^^^^^^^^^^^^^^^^

warning: missing documentation for a struct field
   --> src/consensus/operation_validator.rs:148:5
    |
148 |     pub message: String,
    |     ^^^^^^^^^^^^^^^^^^^

warning: missing documentation for a struct field
   --> src/consensus/operation_validator.rs:149:5
    |
149 |     pub operation_index: Option<usize>,
    |     ^^^^^^^^^^^^^^^^^^^^^^^^^^^^^^^^^^

warning: missing documentation for a struct field
   --> src/consensus/operation_validator.rs:150:5
    |
150 |     pub file_path: Option<PathBuf>,
    |     ^^^^^^^^^^^^^^^^^^^^^^^^^^^^^^

warning: missing documentation for a struct field
   --> src/consensus/operation_validator.rs:151:5
    |
151 |     pub line_number: Option<usize>,
    |     ^^^^^^^^^^^^^^^^^^^^^^^^^^^^^^

warning: missing documentation for a struct
   --> src/consensus/operation_validator.rs:155:1
    |
155 | pub struct ValidationWarning {
    | ^^^^^^^^^^^^^^^^^^^^^^^^^^^^

warning: missing documentation for a struct field
   --> src/consensus/operation_validator.rs:156:5
    |
156 |     pub code: String,
    |     ^^^^^^^^^^^^^^^^

warning: missing documentation for a struct field
   --> src/consensus/operation_validator.rs:157:5
    |
157 |     pub message: String,
    |     ^^^^^^^^^^^^^^^^^^^

warning: missing documentation for a struct field
   --> src/consensus/operation_validator.rs:158:5
    |
158 |     pub suggestion: Option<String>,
    |     ^^^^^^^^^^^^^^^^^^^^^^^^^^^^^^

warning: missing documentation for a struct
   --> src/consensus/operation_validator.rs:162:1
    |
162 | pub struct SuggestedFix {
    | ^^^^^^^^^^^^^^^^^^^^^^^

warning: missing documentation for a struct field
   --> src/consensus/operation_validator.rs:163:5
    |
163 |     pub issue: String,
    |     ^^^^^^^^^^^^^^^^^

warning: missing documentation for a struct field
   --> src/consensus/operation_validator.rs:164:5
    |
164 |     pub fix_description: String,
    |     ^^^^^^^^^^^^^^^^^^^^^^^^^^^

warning: missing documentation for a struct field
   --> src/consensus/operation_validator.rs:165:5
    |
165 |     pub automated: bool,
    |     ^^^^^^^^^^^^^^^^^^^

warning: missing documentation for a struct field
   --> src/consensus/operation_validator.rs:166:5
    |
166 |     pub confidence: f32,
    |     ^^^^^^^^^^^^^^^^^^^

warning: missing documentation for a struct
   --> src/consensus/operation_validator.rs:170:1
    |
170 | pub struct RiskAssessment {
    | ^^^^^^^^^^^^^^^^^^^^^^^^^

warning: missing documentation for a struct field
   --> src/consensus/operation_validator.rs:171:5
    |
171 |     pub overall_risk: RiskLevel,
    |     ^^^^^^^^^^^^^^^^^^^^^^^^^^^

warning: missing documentation for a struct field
   --> src/consensus/operation_validator.rs:172:5
    |
172 |     pub risk_factors: Vec<String>,
    |     ^^^^^^^^^^^^^^^^^^^^^^^^^^^^^

warning: missing documentation for a struct field
   --> src/consensus/operation_validator.rs:173:5
    |
173 |     pub mitigation_required: bool,
    |     ^^^^^^^^^^^^^^^^^^^^^^^^^^^^^

warning: missing documentation for a struct field
   --> src/consensus/operation_validator.rs:174:5
    |
174 |     pub backup_recommended: bool,
    |     ^^^^^^^^^^^^^^^^^^^^^^^^^^^^

warning: missing documentation for an enum
   --> src/consensus/operation_validator.rs:178:1
    |
178 | pub enum RiskLevel {
    | ^^^^^^^^^^^^^^^^^^

warning: missing documentation for a variant
   --> src/consensus/operation_validator.rs:179:5
    |
179 |     Minimal,
    |     ^^^^^^^

warning: missing documentation for a variant
   --> src/consensus/operation_validator.rs:180:5
    |
180 |     Low,
    |     ^^^

warning: missing documentation for a variant
   --> src/consensus/operation_validator.rs:181:5
    |
181 |     Medium,
    |     ^^^^^^

warning: missing documentation for a variant
   --> src/consensus/operation_validator.rs:182:5
    |
182 |     High,
    |     ^^^^

warning: missing documentation for a variant
   --> src/consensus/operation_validator.rs:183:5
    |
183 |     Critical,
    |     ^^^^^^^^

warning: missing documentation for an associated function
   --> src/consensus/operation_validator.rs:193:5
    |
193 |     pub fn new(workspace_root: PathBuf) -> Self {
    |     ^^^^^^^^^^^^^^^^^^^^^^^^^^^^^^^^^^^^^^^^^^^

warning: missing documentation for a method
   --> src/consensus/operation_validator.rs:197:5
    |
197 |     pub async fn validate(&self, operation: &FileOperation) -> Result<ValidationCheck> {
    |     ^^^^^^^^^^^^^^^^^^^^^^^^^^^^^^^^^^^^^^^^^^^^^^^^^^^^^^^^^^^^^^^^^^^^^^^^^^^^^^^^^^

warning: missing documentation for an associated function
   --> src/consensus/operation_validator.rs:395:5
    |
395 |     pub fn new() -> Self {
    |     ^^^^^^^^^^^^^^^^^^^^

warning: missing documentation for a method
   --> src/consensus/operation_validator.rs:410:5
    |
410 |     pub async fn validate(&self, operation: &FileOperation) -> Result<Vec<ValidationCheck>> {
    |     ^^^^^^^^^^^^^^^^^^^^^^^^^^^^^^^^^^^^^^^^^^^^^^^^^^^^^^^^^^^^^^^^^^^^^^^^^^^^^^^^^^^^^^^

warning: missing documentation for an associated function
   --> src/consensus/operation_validator.rs:530:5
    |
530 |     pub fn new() -> Self {
    |     ^^^^^^^^^^^^^^^^^^^^

warning: missing documentation for a method
   --> src/consensus/operation_validator.rs:544:5
    |
544 |     pub async fn validate(&self, operation: &FileOperation) -> Result<ValidationCheck> {
    |     ^^^^^^^^^^^^^^^^^^^^^^^^^^^^^^^^^^^^^^^^^^^^^^^^^^^^^^^^^^^^^^^^^^^^^^^^^^^^^^^^^^

warning: missing documentation for an associated function
   --> src/consensus/operation_validator.rs:699:5
    |
699 | /     pub fn new(
700 | |         workspace_root: PathBuf,
701 | |         pattern_recognizer: Option<Arc<PatternRecognizer>>,
702 | |         quality_analyzer: Option<Arc<QualityAnalyzer>>,
703 | |         config: Option<ValidationConfig>,
704 | |     ) -> Self {
    | |_____________^

warning: missing documentation for a method
   --> src/consensus/operation_validator.rs:719:5
    |
719 | /     pub async fn validate_operations(
720 | |         &self,
721 | |         operations: &[EnhancedFileOperation],
722 | |         context: &OperationContext,
723 | |     ) -> Result<ValidationResult> {
    | |_________________________________^

warning: missing documentation for a method
    --> src/consensus/operation_validator.rs:1074:5
     |
1074 |     pub async fn clear_cache(&self) {
     |     ^^^^^^^^^^^^^^^^^^^^^^^^^^^^^^^

warning: missing documentation for a struct
  --> src/consensus/operation_preview.rs:32:1
   |
32 | pub struct PreviewConfig {
   | ^^^^^^^^^^^^^^^^^^^^^^^^

warning: missing documentation for a struct
  --> src/consensus/operation_preview.rs:61:1
   |
61 | pub struct OperationPreviewSet {
   | ^^^^^^^^^^^^^^^^^^^^^^^^^^^^^^

warning: missing documentation for a struct
  --> src/consensus/operation_preview.rs:73:1
   |
73 | pub struct OperationPreview {
   | ^^^^^^^^^^^^^^^^^^^^^^^^^^^

warning: missing documentation for a struct
  --> src/consensus/operation_preview.rs:91:1
   |
91 | pub struct FileState {
   | ^^^^^^^^^^^^^^^^^^^^

warning: missing documentation for a struct
   --> src/consensus/operation_preview.rs:105:1
    |
105 | pub struct FileMetadata {
    | ^^^^^^^^^^^^^^^^^^^^^^^

warning: missing documentation for a struct
   --> src/consensus/operation_preview.rs:117:1
    |
117 | pub struct DiffView {
    | ^^^^^^^^^^^^^^^^^^^

warning: missing documentation for a struct
   --> src/consensus/operation_preview.rs:129:1
    |
129 | pub struct DiffChunk {
    | ^^^^^^^^^^^^^^^^^^^^

warning: missing documentation for a struct
   --> src/consensus/operation_preview.rs:143:1
    |
143 | pub struct DiffLine {
    | ^^^^^^^^^^^^^^^^^^^

warning: missing documentation for an enum
   --> src/consensus/operation_preview.rs:157:1
    |
157 | pub enum LineType {
    | ^^^^^^^^^^^^^^^^^

warning: missing documentation for a variant
   --> src/consensus/operation_preview.rs:158:5
    |
158 |     Context,
    |     ^^^^^^^

warning: missing documentation for a variant
   --> src/consensus/operation_preview.rs:159:5
    |
159 |     Addition,
    |     ^^^^^^^^

warning: missing documentation for a variant
   --> src/consensus/operation_preview.rs:160:5
    |
160 |     Deletion,
    |     ^^^^^^^^

warning: missing documentation for a variant
   --> src/consensus/operation_preview.rs:161:5
    |
161 |     FileInfo,
    |     ^^^^^^^^

warning: missing documentation for a struct
   --> src/consensus/operation_preview.rs:165:1
    |
165 | pub struct LineChangeSummary {
    | ^^^^^^^^^^^^^^^^^^^^^^^^^^^^

warning: missing documentation for a struct field
   --> src/consensus/operation_preview.rs:166:5
    |
166 |     pub additions: usize,
    |     ^^^^^^^^^^^^^^^^^^^^

warning: missing documentation for a struct field
   --> src/consensus/operation_preview.rs:167:5
    |
167 |     pub deletions: usize,
    |     ^^^^^^^^^^^^^^^^^^^^

warning: missing documentation for a struct field
   --> src/consensus/operation_preview.rs:168:5
    |
168 |     pub modifications: usize,
    |     ^^^^^^^^^^^^^^^^^^^^^^^^

warning: missing documentation for a struct field
   --> src/consensus/operation_preview.rs:169:5
    |
169 |     pub total_changes: usize,
    |     ^^^^^^^^^^^^^^^^^^^^^^^^

warning: missing documentation for a struct
   --> src/consensus/operation_preview.rs:173:1
    |
173 | pub struct OperationImpact {
    | ^^^^^^^^^^^^^^^^^^^^^^^^^^

warning: missing documentation for a struct
   --> src/consensus/operation_preview.rs:185:1
    |
185 | pub struct CodeElement {
    | ^^^^^^^^^^^^^^^^^^^^^^

warning: missing documentation for a struct field
   --> src/consensus/operation_preview.rs:186:5
    |
186 |     pub element_type: ElementType,
    |     ^^^^^^^^^^^^^^^^^^^^^^^^^^^^^

warning: missing documentation for a struct field
   --> src/consensus/operation_preview.rs:187:5
    |
187 |     pub name: String,
    |     ^^^^^^^^^^^^^^^^

warning: missing documentation for a struct field
   --> src/consensus/operation_preview.rs:188:5
    |
188 |     pub line_range: (usize, usize),
    |     ^^^^^^^^^^^^^^^^^^^^^^^^^^^^^^

warning: missing documentation for a struct field
   --> src/consensus/operation_preview.rs:189:5
    |
189 |     pub description: Option<String>,
    |     ^^^^^^^^^^^^^^^^^^^^^^^^^^^^^^^

warning: missing documentation for an enum
   --> src/consensus/operation_preview.rs:193:1
    |
193 | pub enum ElementType {
    | ^^^^^^^^^^^^^^^^^^^^

warning: missing documentation for a variant
   --> src/consensus/operation_preview.rs:194:5
    |
194 |     Function,
    |     ^^^^^^^^

warning: missing documentation for a variant
   --> src/consensus/operation_preview.rs:195:5
    |
195 |     Class,
    |     ^^^^^

warning: missing documentation for a variant
   --> src/consensus/operation_preview.rs:196:5
    |
196 |     Method,
    |     ^^^^^^

warning: missing documentation for a variant
   --> src/consensus/operation_preview.rs:197:5
    |
197 |     Variable,
    |     ^^^^^^^^

warning: missing documentation for a variant
   --> src/consensus/operation_preview.rs:198:5
    |
198 |     Import,
    |     ^^^^^^

warning: missing documentation for a variant
   --> src/consensus/operation_preview.rs:199:5
    |
199 |     Export,
    |     ^^^^^^

warning: missing documentation for a variant
   --> src/consensus/operation_preview.rs:200:5
    |
200 |     Configuration,
    |     ^^^^^^^^^^^^^

warning: missing documentation for an enum
   --> src/consensus/operation_preview.rs:204:1
    |
204 | pub enum ImpactRiskLevel {
    | ^^^^^^^^^^^^^^^^^^^^^^^^

warning: missing documentation for a variant
   --> src/consensus/operation_preview.rs:205:5
    |
205 |     None,
    |     ^^^^

warning: missing documentation for a variant
   --> src/consensus/operation_preview.rs:206:5
    |
206 |     Low,
    |     ^^^

warning: missing documentation for a variant
   --> src/consensus/operation_preview.rs:207:5
    |
207 |     Medium,
    |     ^^^^^^

warning: missing documentation for a variant
   --> src/consensus/operation_preview.rs:208:5
    |
208 |     High,
    |     ^^^^

warning: missing documentation for a struct
   --> src/consensus/operation_preview.rs:212:1
    |
212 | pub struct CombinedImpact {
    | ^^^^^^^^^^^^^^^^^^^^^^^^^

warning: missing documentation for a struct
   --> src/consensus/operation_preview.rs:226:1
    |
226 | pub struct ExecutionTimeline {
    | ^^^^^^^^^^^^^^^^^^^^^^^^^^^^

warning: missing documentation for a struct
   --> src/consensus/operation_preview.rs:236:1
    |
236 | pub struct TimelineStep {
    | ^^^^^^^^^^^^^^^^^^^^^^^

warning: missing documentation for a struct
   --> src/consensus/operation_preview.rs:250:1
    |
250 | pub struct VisualSummary {
    | ^^^^^^^^^^^^^^^^^^^^^^^^

warning: missing documentation for a struct
   --> src/consensus/operation_preview.rs:260:1
    |
260 | pub struct ChangeStatistics {
    | ^^^^^^^^^^^^^^^^^^^^^^^^^^^

warning: missing documentation for a struct field
   --> src/consensus/operation_preview.rs:261:5
    |
261 |     pub files_created: usize,
    |     ^^^^^^^^^^^^^^^^^^^^^^^^

warning: missing documentation for a struct field
   --> src/consensus/operation_preview.rs:262:5
    |
262 |     pub files_modified: usize,
    |     ^^^^^^^^^^^^^^^^^^^^^^^^^

warning: missing documentation for a struct field
   --> src/consensus/operation_preview.rs:263:5
    |
263 |     pub files_deleted: usize,
    |     ^^^^^^^^^^^^^^^^^^^^^^^^

warning: missing documentation for a struct field
   --> src/consensus/operation_preview.rs:264:5
    |
264 |     pub files_moved: usize,
    |     ^^^^^^^^^^^^^^^^^^^^^^

warning: missing documentation for a struct field
   --> src/consensus/operation_preview.rs:265:5
    |
265 |     pub total_size_change: i64,
    |     ^^^^^^^^^^^^^^^^^^^^^^^^^^

warning: missing documentation for an associated function
   --> src/consensus/operation_preview.rs:269:5
    |
269 | /     pub fn new(
270 | |         workspace_root: PathBuf,
271 | |         knowledge_synthesizer: Option<Arc<KnowledgeSynthesizer>>,
272 | |         config: Option<PreviewConfig>,
273 | |     ) -> Self {
    | |_____________^

warning: missing documentation for a method
   --> src/consensus/operation_preview.rs:283:5
    |
283 | /     pub async fn generate_previews(
284 | |         &self,
285 | |         operations: &[EnhancedFileOperation],
286 | |         clusters: Option<&[OperationCluster]>,
287 | |     ) -> Result<OperationPreviewSet> {
    | |____________________________________^

warning: missing documentation for a method
    --> src/consensus/operation_preview.rs:1080:5
     |
1080 |     pub async fn clear_cache(&self) {
     |     ^^^^^^^^^^^^^^^^^^^^^^^^^^^^^^^

warning: missing documentation for a struct
  --> src/consensus/dependency_graph.rs:30:1
   |
30 | pub struct GraphConfig {
   | ^^^^^^^^^^^^^^^^^^^^^^

warning: missing documentation for a struct
  --> src/consensus/dependency_graph.rs:56:1
   |
56 | pub struct DependencyGraph {
   | ^^^^^^^^^^^^^^^^^^^^^^^^^^

warning: missing documentation for a struct
  --> src/consensus/dependency_graph.rs:76:1
   |
76 | pub struct OperationNode {
   | ^^^^^^^^^^^^^^^^^^^^^^^^

warning: missing documentation for a struct
  --> src/consensus/dependency_graph.rs:90:1
   |
90 | pub struct NodeMetadata {
   | ^^^^^^^^^^^^^^^^^^^^^^^

warning: missing documentation for an enum
   --> src/consensus/dependency_graph.rs:104:1
    |
104 | pub enum RiskLevel {
    | ^^^^^^^^^^^^^^^^^^

warning: missing documentation for a variant
   --> src/consensus/dependency_graph.rs:105:5
    |
105 |     Low,
    |     ^^^

warning: missing documentation for a variant
   --> src/consensus/dependency_graph.rs:106:5
    |
106 |     Medium,
    |     ^^^^^^

warning: missing documentation for a variant
   --> src/consensus/dependency_graph.rs:107:5
    |
107 |     High,
    |     ^^^^

warning: missing documentation for a variant
   --> src/consensus/dependency_graph.rs:108:5
    |
108 |     Critical,
    |     ^^^^^^^^

warning: missing documentation for a struct
   --> src/consensus/dependency_graph.rs:112:1
    |
112 | pub struct DependencyEdge {
    | ^^^^^^^^^^^^^^^^^^^^^^^^^

warning: missing documentation for an enum
   --> src/consensus/dependency_graph.rs:124:1
    |
124 | pub enum DependencyType {
    | ^^^^^^^^^^^^^^^^^^^^^^^

warning: missing documentation for a struct
   --> src/consensus/dependency_graph.rs:140:1
    |
140 | pub struct ParallelGroup {
    | ^^^^^^^^^^^^^^^^^^^^^^^^

warning: missing documentation for a struct
   --> src/consensus/dependency_graph.rs:152:1
    |
152 | pub struct GraphAnalysis {
    | ^^^^^^^^^^^^^^^^^^^^^^^^

warning: missing documentation for a struct
   --> src/consensus/dependency_graph.rs:174:1
    |
174 | pub struct RiskSummary {
    | ^^^^^^^^^^^^^^^^^^^^^^

warning: missing documentation for a struct
   --> src/consensus/dependency_graph.rs:184:1
    |
184 | pub struct GraphVisuals {
    | ^^^^^^^^^^^^^^^^^^^^^^^

warning: missing documentation for an associated function
   --> src/consensus/dependency_graph.rs:196:5
    |
196 | /     pub fn new(
197 | |         pattern_recognizer: Option<Arc<PatternRecognizer>>,
198 | |         config: Option<GraphConfig>,
199 | |     ) -> Self {
    | |_____________^

warning: missing documentation for a method
   --> src/consensus/dependency_graph.rs:207:5
    |
207 | /     pub async fn generate_dependency_graph(
208 | |         &self,
209 | |         operations: &[EnhancedFileOperation],
210 | |         clusters: Option<&[OperationCluster]>,
211 | |     ) -> Result<DependencyGraph> {
    | |________________________________^

warning: missing documentation for a method
    --> src/consensus/dependency_graph.rs:1130:5
     |
1130 |     pub async fn clear_cache(&self) {
     |     ^^^^^^^^^^^^^^^^^^^^^^^^^^^^^^^

warning: missing documentation for a struct field
  --> src/consensus/rollback_plan.rs:71:9
   |
71 |         path: PathBuf,
   |         ^^^^^^^^^^^^^

warning: missing documentation for a struct field
  --> src/consensus/rollback_plan.rs:72:9
   |
72 |         backup_path: PathBuf,
   |         ^^^^^^^^^^^^^^^^^^^^

warning: missing documentation for a struct field
  --> src/consensus/rollback_plan.rs:77:9
   |
77 |         path: PathBuf,
   |         ^^^^^^^^^^^^^

warning: missing documentation for a struct field
  --> src/consensus/rollback_plan.rs:82:9
   |
82 |         path: PathBuf,
   |         ^^^^^^^^^^^^^

warning: missing documentation for a struct field
  --> src/consensus/rollback_plan.rs:83:9
   |
83 |         content: String,
   |         ^^^^^^^^^^^^^^^

warning: missing documentation for a struct field
  --> src/consensus/rollback_plan.rs:84:9
   |
84 |         permissions: Option<u32>,
   |         ^^^^^^^^^^^^^^^^^^^^^^^^

warning: missing documentation for a struct field
  --> src/consensus/rollback_plan.rs:89:9
   |
89 |         path: PathBuf,
   |         ^^^^^^^^^^^^^

warning: missing documentation for a struct field
  --> src/consensus/rollback_plan.rs:90:9
   |
90 |         original_content: String,
   |         ^^^^^^^^^^^^^^^^^^^^^^^^

warning: missing documentation for a struct field
  --> src/consensus/rollback_plan.rs:95:9
   |
95 |         current_path: PathBuf,
   |         ^^^^^^^^^^^^^^^^^^^^^

warning: missing documentation for a struct field
  --> src/consensus/rollback_plan.rs:96:9
   |
96 |         original_path: PathBuf,
   |         ^^^^^^^^^^^^^^^^^^^^^^

warning: missing documentation for a struct field
   --> src/consensus/rollback_plan.rs:101:9
    |
101 |         script_path: PathBuf,
    |         ^^^^^^^^^^^^^^^^^^^^

warning: missing documentation for a struct field
   --> src/consensus/rollback_plan.rs:102:9
    |
102 |         args: Vec<String>,
    |         ^^^^^^^^^^^^^^^^^

warning: missing documentation for a struct field
   --> src/consensus/rollback_plan.rs:107:9
    |
107 |         reason: String,
    |         ^^^^^^^^^^^^^^

warning: missing documentation for a struct field
   --> src/consensus/rollback_plan.rs:114:5
    |
114 |     pub operation_id: usize,
    |     ^^^^^^^^^^^^^^^^^^^^^^^

warning: missing documentation for a struct field
   --> src/consensus/rollback_plan.rs:115:5
    |
115 |     pub operation: FileOperation,
    |     ^^^^^^^^^^^^^^^^^^^^^^^^^^^^

warning: missing documentation for a struct field
   --> src/consensus/rollback_plan.rs:116:5
    |
116 |     pub reason: NonRollbackableReason,
    |     ^^^^^^^^^^^^^^^^^^^^^^^^^^^^^^^^^

warning: missing documentation for a struct field
   --> src/consensus/rollback_plan.rs:117:5
    |
117 |     pub mitigation: Option<String>,
    |     ^^^^^^^^^^^^^^^^^^^^^^^^^^^^^^

warning: missing documentation for an enum
   --> src/consensus/rollback_plan.rs:121:1
    |
121 | pub enum NonRollbackableReason {
    | ^^^^^^^^^^^^^^^^^^^^^^^^^^^^^^

warning: missing documentation for a struct
   --> src/consensus/rollback_plan.rs:158:1
    |
158 | pub struct FileMetadata {
    | ^^^^^^^^^^^^^^^^^^^^^^^

warning: missing documentation for a struct field
   --> src/consensus/rollback_plan.rs:159:5
    |
159 |     pub size: u64,
    |     ^^^^^^^^^^^^^

warning: missing documentation for a struct field
   --> src/consensus/rollback_plan.rs:160:5
    |
160 |     pub permissions: Option<u32>,
    |     ^^^^^^^^^^^^^^^^^^^^^^^^^^^^

warning: missing documentation for a struct field
   --> src/consensus/rollback_plan.rs:161:5
    |
161 |     pub modified_time: SystemTime,
    |     ^^^^^^^^^^^^^^^^^^^^^^^^^^^^^

warning: missing documentation for a struct field
   --> src/consensus/rollback_plan.rs:162:5
    |
162 |     pub created_time: Option<SystemTime>,
    |     ^^^^^^^^^^^^^^^^^^^^^^^^^^^^^^^^^^^^

warning: missing documentation for a struct field
   --> src/consensus/rollback_plan.rs:168:5
    |
168 |     pub step_type: ValidationType,
    |     ^^^^^^^^^^^^^^^^^^^^^^^^^^^^^

warning: missing documentation for a struct field
   --> src/consensus/rollback_plan.rs:169:5
    |
169 |     pub description: String,
    |     ^^^^^^^^^^^^^^^^^^^^^^^

warning: missing documentation for a struct field
   --> src/consensus/rollback_plan.rs:170:5
    |
170 |     pub critical: bool,
    |     ^^^^^^^^^^^^^^^^^^

warning: missing documentation for an enum
   --> src/consensus/rollback_plan.rs:174:1
    |
174 | pub enum ValidationType {
    | ^^^^^^^^^^^^^^^^^^^^^^^

warning: missing documentation for a struct
   --> src/consensus/rollback_plan.rs:208:1
    |
208 | pub struct RiskFactor {
    | ^^^^^^^^^^^^^^^^^^^^^

warning: missing documentation for a struct field
   --> src/consensus/rollback_plan.rs:209:5
    |
209 |     pub factor_type: RiskFactorType,
    |     ^^^^^^^^^^^^^^^^^^^^^^^^^^^^^^^

warning: missing documentation for a struct field
   --> src/consensus/rollback_plan.rs:210:5
    |
210 |     pub severity: RiskSeverity,
    |     ^^^^^^^^^^^^^^^^^^^^^^^^^^

warning: missing documentation for a struct field
   --> src/consensus/rollback_plan.rs:211:5
    |
211 |     pub description: String,
    |     ^^^^^^^^^^^^^^^^^^^^^^^

warning: missing documentation for a struct field
   --> src/consensus/rollback_plan.rs:212:5
    |
212 |     pub mitigation: Option<String>,
    |     ^^^^^^^^^^^^^^^^^^^^^^^^^^^^^^

warning: missing documentation for an enum
   --> src/consensus/rollback_plan.rs:216:1
    |
216 | pub enum RiskFactorType {
    | ^^^^^^^^^^^^^^^^^^^^^^^

warning: missing documentation for a variant
   --> src/consensus/rollback_plan.rs:217:5
    |
217 |     DataLoss,
    |     ^^^^^^^^

warning: missing documentation for a variant
   --> src/consensus/rollback_plan.rs:218:5
    |
218 |     SystemInstability,
    |     ^^^^^^^^^^^^^^^^^

warning: missing documentation for a variant
   --> src/consensus/rollback_plan.rs:219:5
    |
219 |     DependencyBreakage,
    |     ^^^^^^^^^^^^^^^^^^

warning: missing documentation for a variant
   --> src/consensus/rollback_plan.rs:220:5
    |
220 |     PermissionIssues,
    |     ^^^^^^^^^^^^^^^^

warning: missing documentation for a variant
   --> src/consensus/rollback_plan.rs:221:5
    |
221 |     TimingConstraints,
    |     ^^^^^^^^^^^^^^^^^

warning: missing documentation for a variant
   --> src/consensus/rollback_plan.rs:222:5
    |
222 |     Custom(String),
    |     ^^^^^^

warning: missing documentation for an enum
   --> src/consensus/rollback_plan.rs:226:1
    |
226 | pub enum RiskSeverity {
    | ^^^^^^^^^^^^^^^^^^^^^

warning: missing documentation for a variant
   --> src/consensus/rollback_plan.rs:227:5
    |
227 |     Low,
    |     ^^^

warning: missing documentation for a variant
   --> src/consensus/rollback_plan.rs:228:5
    |
228 |     Medium,
    |     ^^^^^^

warning: missing documentation for a variant
   --> src/consensus/rollback_plan.rs:229:5
    |
229 |     High,
    |     ^^^^

warning: missing documentation for a variant
   --> src/consensus/rollback_plan.rs:230:5
    |
230 |     Critical,
    |     ^^^^^^^^

warning: missing documentation for a struct field
   --> src/consensus/rollback_plan.rs:236:5
    |
236 |     pub is_valid: bool,
    |     ^^^^^^^^^^^^^^^^^^

warning: missing documentation for a struct field
   --> src/consensus/rollback_plan.rs:237:5
    |
237 |     pub validation_time: SystemTime,
    |     ^^^^^^^^^^^^^^^^^^^^^^^^^^^^^^^

warning: missing documentation for a struct field
   --> src/consensus/rollback_plan.rs:238:5
    |
238 |     pub issues: Vec<ValidationIssue>,
    |     ^^^^^^^^^^^^^^^^^^^^^^^^^^^^^^^^

warning: missing documentation for a struct field
   --> src/consensus/rollback_plan.rs:239:5
    |
239 |     pub warnings: Vec<String>,
    |     ^^^^^^^^^^^^^^^^^^^^^^^^^

warning: missing documentation for a struct
   --> src/consensus/rollback_plan.rs:243:1
    |
243 | pub struct ValidationIssue {
    | ^^^^^^^^^^^^^^^^^^^^^^^^^^

warning: missing documentation for a struct field
   --> src/consensus/rollback_plan.rs:244:5
    |
244 |     pub issue_type: ValidationIssueType,
    |     ^^^^^^^^^^^^^^^^^^^^^^^^^^^^^^^^^^^

warning: missing documentation for a struct field
   --> src/consensus/rollback_plan.rs:245:5
    |
245 |     pub severity: RiskSeverity,
    |     ^^^^^^^^^^^^^^^^^^^^^^^^^^

warning: missing documentation for a struct field
   --> src/consensus/rollback_plan.rs:246:5
    |
246 |     pub description: String,
    |     ^^^^^^^^^^^^^^^^^^^^^^^

warning: missing documentation for a struct field
   --> src/consensus/rollback_plan.rs:247:5
    |
247 |     pub affected_operations: Vec<usize>,
    |     ^^^^^^^^^^^^^^^^^^^^^^^^^^^^^^^^^^^

warning: missing documentation for an enum
   --> src/consensus/rollback_plan.rs:251:1
    |
251 | pub enum ValidationIssueType {
    | ^^^^^^^^^^^^^^^^^^^^^^^^^^^^

warning: missing documentation for a variant
   --> src/consensus/rollback_plan.rs:252:5
    |
252 |     MissingBackup,
    |     ^^^^^^^^^^^^^

warning: missing documentation for a variant
   --> src/consensus/rollback_plan.rs:253:5
    |
253 |     CircularDependency,
    |     ^^^^^^^^^^^^^^^^^^

warning: missing documentation for a variant
   --> src/consensus/rollback_plan.rs:254:5
    |
254 |     InsufficientPermissions,
    |     ^^^^^^^^^^^^^^^^^^^^^^^

warning: missing documentation for a variant
   --> src/consensus/rollback_plan.rs:255:5
    |
255 |     ResourceUnavailable,
    |     ^^^^^^^^^^^^^^^^^^^

warning: missing documentation for a variant
   --> src/consensus/rollback_plan.rs:256:5
    |
256 |     InconsistentState,
    |     ^^^^^^^^^^^^^^^^^

warning: missing documentation for a struct field
   --> src/consensus/rollback_plan.rs:262:5
    |
262 |     pub checkpoint_id: String,
    |     ^^^^^^^^^^^^^^^^^^^^^^^^^

warning: missing documentation for a struct field
   --> src/consensus/rollback_plan.rs:263:5
    |
263 |     pub operations_completed: Vec<usize>,
    |     ^^^^^^^^^^^^^^^^^^^^^^^^^^^^^^^^^^^^

warning: missing documentation for a struct field
   --> src/consensus/rollback_plan.rs:264:5
    |
264 |     pub state_snapshot: StateSnapshot,
    |     ^^^^^^^^^^^^^^^^^^^^^^^^^^^^^^^^^

warning: missing documentation for a struct field
   --> src/consensus/rollback_plan.rs:265:5
    |
265 |     pub can_resume: bool,
    |     ^^^^^^^^^^^^^^^^^^^^

warning: missing documentation for a struct
   --> src/consensus/rollback_plan.rs:269:1
    |
269 | pub struct StateSnapshot {
    | ^^^^^^^^^^^^^^^^^^^^^^^^

warning: missing documentation for a struct field
   --> src/consensus/rollback_plan.rs:270:5
    |
270 |     pub timestamp: SystemTime,
    |     ^^^^^^^^^^^^^^^^^^^^^^^^^

warning: missing documentation for a struct field
   --> src/consensus/rollback_plan.rs:271:5
    |
271 |     pub file_states: HashMap<PathBuf, FileState>,
    |     ^^^^^^^^^^^^^^^^^^^^^^^^^^^^^^^^^^^^^^^^^^^^

warning: missing documentation for a struct field
   --> src/consensus/rollback_plan.rs:272:5
    |
272 |     pub operation_results: HashMap<usize, OperationResult>,
    |     ^^^^^^^^^^^^^^^^^^^^^^^^^^^^^^^^^^^^^^^^^^^^^^^^^^^^^^

warning: missing documentation for a struct
   --> src/consensus/rollback_plan.rs:276:1
    |
276 | pub struct FileState {
    | ^^^^^^^^^^^^^^^^^^^^

warning: missing documentation for a struct field
   --> src/consensus/rollback_plan.rs:277:5
    |
277 |     pub exists: bool,
    |     ^^^^^^^^^^^^^^^^

warning: missing documentation for a struct field
   --> src/consensus/rollback_plan.rs:278:5
    |
278 |     pub checksum: Option<String>,
    |     ^^^^^^^^^^^^^^^^^^^^^^^^^^^^

warning: missing documentation for a struct field
   --> src/consensus/rollback_plan.rs:279:5
    |
279 |     pub size: Option<u64>,
    |     ^^^^^^^^^^^^^^^^^^^^^

warning: missing documentation for an enum
   --> src/consensus/rollback_plan.rs:283:1
    |
283 | pub enum OperationResult {
    | ^^^^^^^^^^^^^^^^^^^^^^^^

warning: missing documentation for a variant
   --> src/consensus/rollback_plan.rs:284:5
    |
284 |     Success,
    |     ^^^^^^^

warning: missing documentation for a variant
   --> src/consensus/rollback_plan.rs:285:5
    |
285 |     Failed(String),
    |     ^^^^^^

warning: missing documentation for a variant
   --> src/consensus/rollback_plan.rs:286:5
    |
286 |     Skipped(String),
    |     ^^^^^^^

warning: missing documentation for a variant
   --> src/consensus/rollback_plan.rs:287:5
    |
287 |     InProgress,
    |     ^^^^^^^^^^

warning: missing documentation for a struct
   --> src/consensus/rollback_plan.rs:300:1
    |
300 | pub struct RollbackConfig {
    | ^^^^^^^^^^^^^^^^^^^^^^^^^

warning: missing documentation for an associated function
   --> src/consensus/rollback_plan.rs:349:5
    |
349 |     pub fn new(config: RollbackConfig, backup_dir: PathBuf) -> Self {
    |     ^^^^^^^^^^^^^^^^^^^^^^^^^^^^^^^^^^^^^^^^^^^^^^^^^^^^^^^^^^^^^^^

warning: missing documentation for an associated function
   --> src/consensus/rollback_plan.rs:770:5
    |
770 |     pub fn new(config: RollbackConfig) -> Self {
    |     ^^^^^^^^^^^^^^^^^^^^^^^^^^^^^^^^^^^^^^^^^^

warning: missing documentation for a struct field
   --> src/consensus/rollback_plan.rs:955:5
    |
955 |     pub plan_id: String,
    |     ^^^^^^^^^^^^^^^^^^^

warning: missing documentation for a struct field
   --> src/consensus/rollback_plan.rs:956:5
    |
956 |     pub completed_operations: Vec<usize>,
    |     ^^^^^^^^^^^^^^^^^^^^^^^^^^^^^^^^^^^^

warning: missing documentation for a struct field
   --> src/consensus/rollback_plan.rs:957:5
    |
957 |     pub failed_operations: Vec<(usize, String)>,
    |     ^^^^^^^^^^^^^^^^^^^^^^^^^^^^^^^^^^^^^^^^^^^

warning: missing documentation for a struct field
   --> src/consensus/rollback_plan.rs:958:5
    |
958 |     pub skipped_operations: Vec<(usize, String)>,
    |     ^^^^^^^^^^^^^^^^^^^^^^^^^^^^^^^^^^^^^^^^^^^^

warning: missing documentation for a struct field
   --> src/consensus/rollback_plan.rs:959:5
    |
959 |     pub execution_time: SystemTime,
    |     ^^^^^^^^^^^^^^^^^^^^^^^^^^^^^^

warning: missing documentation for a struct field
   --> src/consensus/rollback_plan.rs:960:5
    |
960 |     pub final_state: StateSnapshot,
    |     ^^^^^^^^^^^^^^^^^^^^^^^^^^^^^^

warning: missing documentation for a struct
  --> src/consensus/rollback_planner.rs:34:1
   |
34 | pub struct RollbackConfig {
   | ^^^^^^^^^^^^^^^^^^^^^^^^^

warning: missing documentation for a struct
  --> src/consensus/rollback_planner.rs:68:1
   |
68 | pub struct RollbackPlan {
   | ^^^^^^^^^^^^^^^^^^^^^^^

warning: missing documentation for an enum
  --> src/consensus/rollback_planner.rs:98:1
   |
98 | pub enum RollbackStrategy {
   | ^^^^^^^^^^^^^^^^^^^^^^^^^

warning: missing documentation for a struct field
   --> src/consensus/rollback_planner.rs:101:9
    |
101 |         branch: String,
    |         ^^^^^^^^^^^^^^

warning: missing documentation for a struct field
   --> src/consensus/rollback_planner.rs:102:9
    |
102 |         commit_before: String,
    |         ^^^^^^^^^^^^^^^^^^^^^

warning: missing documentation for a struct field
   --> src/consensus/rollback_planner.rs:103:9
    |
103 |         affected_files: Vec<PathBuf>,
    |         ^^^^^^^^^^^^^^^^^^^^^^^^^^^^

warning: missing documentation for a struct field
   --> src/consensus/rollback_planner.rs:108:9
    |
108 |         backup_location: PathBuf,
    |         ^^^^^^^^^^^^^^^^^^^^^^^^

warning: missing documentation for a struct field
   --> src/consensus/rollback_planner.rs:109:9
    |
109 |         files_to_restore: Vec<PathBuf>,
    |         ^^^^^^^^^^^^^^^^^^^^^^^^^^^^^^

warning: missing documentation for a struct field
   --> src/consensus/rollback_planner.rs:114:9
    |
114 |         reverse_operations: Vec<FileOperation>,
    |         ^^^^^^^^^^^^^^^^^^^^^^^^^^^^^^^^^^^^^^

warning: missing documentation for a struct field
   --> src/consensus/rollback_planner.rs:115:9
    |
115 |         script_path: Option<PathBuf>,
    |         ^^^^^^^^^^^^^^^^^^^^^^^^^^^^

warning: missing documentation for a struct field
   --> src/consensus/rollback_planner.rs:120:9
    |
120 |         primary: Box<RollbackStrategy>,
    |         ^^^^^^^^^^^^^^^^^^^^^^^^^^^^^^

warning: missing documentation for a struct field
   --> src/consensus/rollback_planner.rs:121:9
    |
121 |         fallback: Box<RollbackStrategy>,
    |         ^^^^^^^^^^^^^^^^^^^^^^^^^^^^^^^

warning: missing documentation for a struct
   --> src/consensus/rollback_planner.rs:126:1
    |
126 | pub struct RollbackStep {
    | ^^^^^^^^^^^^^^^^^^^^^^^

warning: missing documentation for an enum
   --> src/consensus/rollback_planner.rs:150:1
    |
150 | pub enum RollbackOperation {
    | ^^^^^^^^^^^^^^^^^^^^^^^^^^

warning: missing documentation for a struct field
   --> src/consensus/rollback_planner.rs:153:9
    |
153 |         source: PathBuf,
    |         ^^^^^^^^^^^^^^^

warning: missing documentation for a struct field
   --> src/consensus/rollback_planner.rs:154:9
    |
154 |         destination: PathBuf,
    |         ^^^^^^^^^^^^^^^^^^^^

warning: missing documentation for a struct field
   --> src/consensus/rollback_planner.rs:155:9
    |
155 |         backup_hash: String,
    |         ^^^^^^^^^^^^^^^^^^^

warning: missing documentation for a struct field
   --> src/consensus/rollback_planner.rs:160:9
    |
160 |         command: String,
    |         ^^^^^^^^^^^^^^^

warning: missing documentation for a struct field
   --> src/consensus/rollback_planner.rs:161:9
    |
161 |         args: Vec<String>,
    |         ^^^^^^^^^^^^^^^^^

warning: missing documentation for a struct field
   --> src/consensus/rollback_planner.rs:162:9
    |
162 |         working_dir: PathBuf,
    |         ^^^^^^^^^^^^^^^^^^^^

warning: missing documentation for a struct field
   --> src/consensus/rollback_planner.rs:167:9
    |
167 |         operation: FileOperation,
    |         ^^^^^^^^^^^^^^^^^^^^^^^^

warning: missing documentation for a struct field
   --> src/consensus/rollback_planner.rs:172:9
    |
172 |         file: PathBuf,
    |         ^^^^^^^^^^^^^

warning: missing documentation for a struct field
   --> src/consensus/rollback_planner.rs:173:9
    |
173 |         expected_hash: Option<String>,
    |         ^^^^^^^^^^^^^^^^^^^^^^^^^^^^^

warning: missing documentation for a struct field
   --> src/consensus/rollback_planner.rs:174:9
    |
174 |         expected_exists: bool,
    |         ^^^^^^^^^^^^^^^^^^^^^

warning: missing documentation for a struct field
   --> src/consensus/rollback_planner.rs:179:9
    |
179 |         script_path: PathBuf,
    |         ^^^^^^^^^^^^^^^^^^^^

warning: missing documentation for a struct field
   --> src/consensus/rollback_planner.rs:180:9
    |
180 |         args: Vec<String>,
    |         ^^^^^^^^^^^^^^^^^

warning: missing documentation for a struct
   --> src/consensus/rollback_planner.rs:185:1
    |
185 | pub struct BackupInfo {
    | ^^^^^^^^^^^^^^^^^^^^^

warning: missing documentation for an enum
   --> src/consensus/rollback_planner.rs:206:1
    |
206 | pub enum BackupMethod {
    | ^^^^^^^^^^^^^^^^^^^^^

warning: missing documentation for a struct field
   --> src/consensus/rollback_planner.rs:211:16
    |
211 |     GitStash { stash_id: String },
    |                ^^^^^^^^^^^^^^^^

warning: missing documentation for a struct field
   --> src/consensus/rollback_planner.rs:214:19
    |
214 |     Incremental { base_backup: String },
    |                   ^^^^^^^^^^^^^^^^^^^

warning: missing documentation for a struct field
   --> src/consensus/rollback_planner.rs:217:18
    |
217 |     Compressed { format: String },
    |                  ^^^^^^^^^^^^^^

warning: missing documentation for a struct
   --> src/consensus/rollback_planner.rs:221:1
    |
221 | pub struct RollbackRiskAssessment {
    | ^^^^^^^^^^^^^^^^^^^^^^^^^^^^^^^^^

warning: missing documentation for an enum
   --> src/consensus/rollback_planner.rs:239:1
    |
239 | pub enum RiskLevel {
    | ^^^^^^^^^^^^^^^^^^

warning: missing documentation for a variant
   --> src/consensus/rollback_planner.rs:240:5
    |
240 |     Low,
    |     ^^^

warning: missing documentation for a variant
   --> src/consensus/rollback_planner.rs:241:5
    |
241 |     Medium,
    |     ^^^^^^

warning: missing documentation for a variant
   --> src/consensus/rollback_planner.rs:242:5
    |
242 |     High,
    |     ^^^^

warning: missing documentation for a variant
   --> src/consensus/rollback_planner.rs:243:5
    |
243 |     Critical,
    |     ^^^^^^^^

warning: missing documentation for a struct
   --> src/consensus/rollback_planner.rs:247:1
    |
247 | pub struct RollbackRisk {
    | ^^^^^^^^^^^^^^^^^^^^^^^

warning: missing documentation for an enum
   --> src/consensus/rollback_planner.rs:262:1
    |
262 | pub enum RiskCategory {
    | ^^^^^^^^^^^^^^^^^^^^^

warning: missing documentation for an enum
   --> src/consensus/rollback_planner.rs:280:1
    |
280 | pub enum DataLossPotential {
    | ^^^^^^^^^^^^^^^^^^^^^^^^^^

warning: missing documentation for a struct
   --> src/consensus/rollback_planner.rs:298:1
    |
298 | pub struct VerificationStep {
    | ^^^^^^^^^^^^^^^^^^^^^^^^^^^

warning: missing documentation for an enum
   --> src/consensus/rollback_planner.rs:313:1
    |
313 | pub enum VerificationType {
    | ^^^^^^^^^^^^^^^^^^^^^^^^^

warning: missing documentation for a struct field
   --> src/consensus/rollback_planner.rs:315:18
    |
315 |     FileExists { path: PathBuf },
    |                  ^^^^^^^^^^^^^

warning: missing documentation for a struct field
   --> src/consensus/rollback_planner.rs:318:19
    |
318 |     ContentHash { path: PathBuf, expected_hash: String },
    |                   ^^^^^^^^^^^^^

warning: missing documentation for a struct field
   --> src/consensus/rollback_planner.rs:318:34
    |
318 |     ContentHash { path: PathBuf, expected_hash: String },
    |                                  ^^^^^^^^^^^^^^^^^^^^^

warning: missing documentation for a struct field
   --> src/consensus/rollback_planner.rs:321:19
    |
321 |     SyntaxCheck { path: PathBuf, language: String },
    |                   ^^^^^^^^^^^^^

warning: missing documentation for a struct field
   --> src/consensus/rollback_planner.rs:321:34
    |
321 |     SyntaxCheck { path: PathBuf, language: String },
    |                                  ^^^^^^^^^^^^^^^^

warning: missing documentation for a struct field
   --> src/consensus/rollback_planner.rs:324:21
    |
324 |     TestExecution { test_command: String },
    |                     ^^^^^^^^^^^^^^^^^^^^

warning: missing documentation for a struct field
   --> src/consensus/rollback_planner.rs:327:18
    |
327 |     BuildCheck { build_command: String },
    |                  ^^^^^^^^^^^^^^^^^^^^^

warning: missing documentation for a struct field
   --> src/consensus/rollback_planner.rs:330:14
    |
330 |     Custom { command: String, expected_output: String },
    |              ^^^^^^^^^^^^^^^

warning: missing documentation for a struct field
   --> src/consensus/rollback_planner.rs:330:31
    |
330 |     Custom { command: String, expected_output: String },
    |                               ^^^^^^^^^^^^^^^^^^^^^^^

warning: missing documentation for an associated function
   --> src/consensus/rollback_planner.rs:334:5
    |
334 | /     pub fn new(
335 | |         knowledge_synthesizer: Arc<KnowledgeSynthesizer>,
336 | |         dependency_generator: Arc<DependencyGraphGenerator>,
337 | |         config: Option<RollbackConfig>,
338 | |     ) -> Self {
    | |_____________^

warning: missing documentation for a struct
    --> src/consensus/rollback_planner.rs:1243:1
     |
1243 | pub struct RollbackExecutionResult {
     | ^^^^^^^^^^^^^^^^^^^^^^^^^^^^^^^^^^

warning: missing documentation for a struct field
    --> src/consensus/rollback_planner.rs:1244:5
     |
1244 |     pub plan_id: String,
     |     ^^^^^^^^^^^^^^^^^^^

warning: missing documentation for a struct field
    --> src/consensus/rollback_planner.rs:1245:5
     |
1245 |     pub success: bool,
     |     ^^^^^^^^^^^^^^^^^

warning: missing documentation for a struct field
    --> src/consensus/rollback_planner.rs:1246:5
     |
1246 |     pub executed_steps: Vec<ExecutedStep>,
     |     ^^^^^^^^^^^^^^^^^^^^^^^^^^^^^^^^^^^^^

warning: missing documentation for a struct field
    --> src/consensus/rollback_planner.rs:1247:5
     |
1247 |     pub failed_steps: Vec<FailedStep>,
     |     ^^^^^^^^^^^^^^^^^^^^^^^^^^^^^^^^^

warning: missing documentation for a struct field
    --> src/consensus/rollback_planner.rs:1248:5
     |
1248 |     pub total_duration_ms: u64,
     |     ^^^^^^^^^^^^^^^^^^^^^^^^^^

warning: missing documentation for a struct field
    --> src/consensus/rollback_planner.rs:1249:5
     |
1249 |     pub dry_run: bool,
     |     ^^^^^^^^^^^^^^^^^

warning: missing documentation for a struct
    --> src/consensus/rollback_planner.rs:1253:1
     |
1253 | pub struct ExecutedStep {
     | ^^^^^^^^^^^^^^^^^^^^^^^

warning: missing documentation for a struct field
    --> src/consensus/rollback_planner.rs:1254:5
     |
1254 |     pub step_number: usize,
     |     ^^^^^^^^^^^^^^^^^^^^^^

warning: missing documentation for a struct field
    --> src/consensus/rollback_planner.rs:1255:5
     |
1255 |     pub success: bool,
     |     ^^^^^^^^^^^^^^^^^

warning: missing documentation for a struct field
    --> src/consensus/rollback_planner.rs:1256:5
     |
1256 |     pub duration_ms: u64,
     |     ^^^^^^^^^^^^^^^^^^^^

warning: missing documentation for a struct field
    --> src/consensus/rollback_planner.rs:1257:5
     |
1257 |     pub output: String,
     |     ^^^^^^^^^^^^^^^^^^

warning: missing documentation for a struct field
    --> src/consensus/rollback_planner.rs:1258:5
     |
1258 |     pub error: Option<String>,
     |     ^^^^^^^^^^^^^^^^^^^^^^^^^

warning: missing documentation for a struct
    --> src/consensus/rollback_planner.rs:1262:1
     |
1262 | pub struct FailedStep {
     | ^^^^^^^^^^^^^^^^^^^^^

warning: missing documentation for a struct field
    --> src/consensus/rollback_planner.rs:1263:5
     |
1263 |     pub step_number: usize,
     |     ^^^^^^^^^^^^^^^^^^^^^^

warning: missing documentation for a struct field
    --> src/consensus/rollback_planner.rs:1264:5
     |
1264 |     pub error: String,
     |     ^^^^^^^^^^^^^^^^^

warning: missing documentation for a struct field
    --> src/consensus/rollback_planner.rs:1265:5
     |
1265 |     pub recoverable: bool,
     |     ^^^^^^^^^^^^^^^^^^^^^

warning: missing documentation for a struct
  --> src/consensus/rollback_executor.rs:31:1
   |
31 | pub struct RollbackExecutionConfig {
   | ^^^^^^^^^^^^^^^^^^^^^^^^^^^^^^^^^^

warning: missing documentation for a struct
  --> src/consensus/rollback_executor.rs:66:1
   |
66 | pub struct RollbackExecution {
   | ^^^^^^^^^^^^^^^^^^^^^^^^^^^^

warning: missing documentation for a struct field
  --> src/consensus/rollback_executor.rs:67:5
   |
67 |     pub execution_id: String,
   |     ^^^^^^^^^^^^^^^^^^^^^^^^

warning: missing documentation for a struct field
  --> src/consensus/rollback_executor.rs:68:5
   |
68 |     pub plan_id: String,
   |     ^^^^^^^^^^^^^^^^^^^

warning: missing documentation for a struct field
  --> src/consensus/rollback_executor.rs:69:5
   |
69 |     pub started_at: DateTime<Utc>,
   |     ^^^^^^^^^^^^^^^^^^^^^^^^^^^^^

warning: missing documentation for a struct field
  --> src/consensus/rollback_executor.rs:70:5
   |
70 |     pub completed_at: Option<DateTime<Utc>>,
   |     ^^^^^^^^^^^^^^^^^^^^^^^^^^^^^^^^^^^^^^^

warning: missing documentation for a struct field
  --> src/consensus/rollback_executor.rs:71:5
   |
71 |     pub status: RollbackExecutionStatus,
   |     ^^^^^^^^^^^^^^^^^^^^^^^^^^^^^^^^^^^

warning: missing documentation for a struct field
  --> src/consensus/rollback_executor.rs:72:5
   |
72 |     pub steps_completed: Vec<RollbackStepResult>,
   |     ^^^^^^^^^^^^^^^^^^^^^^^^^^^^^^^^^^^^^^^^^^^^

warning: missing documentation for a struct field
  --> src/consensus/rollback_executor.rs:73:5
   |
73 |     pub total_steps: usize,
   |     ^^^^^^^^^^^^^^^^^^^^^^

warning: missing documentation for a struct field
  --> src/consensus/rollback_executor.rs:74:5
   |
74 |     pub errors: Vec<RollbackError>,
   |     ^^^^^^^^^^^^^^^^^^^^^^^^^^^^^^

warning: missing documentation for a struct field
  --> src/consensus/rollback_executor.rs:75:5
   |
75 |     pub rollback_summary: Option<RollbackSummary>,
   |     ^^^^^^^^^^^^^^^^^^^^^^^^^^^^^^^^^^^^^^^^^^^^^

warning: missing documentation for an enum
  --> src/consensus/rollback_executor.rs:79:1
   |
79 | pub enum RollbackExecutionStatus {
   | ^^^^^^^^^^^^^^^^^^^^^^^^^^^^^^^^

warning: missing documentation for a variant
  --> src/consensus/rollback_executor.rs:80:5
   |
80 |     NotStarted,
   |     ^^^^^^^^^^

warning: missing documentation for a variant
  --> src/consensus/rollback_executor.rs:81:5
   |
81 |     InProgress,
   |     ^^^^^^^^^^

warning: missing documentation for a variant
  --> src/consensus/rollback_executor.rs:82:5
   |
82 |     Completed,
   |     ^^^^^^^^^

warning: missing documentation for a variant
  --> src/consensus/rollback_executor.rs:83:5
   |
83 |     Failed,
   |     ^^^^^^

warning: missing documentation for a variant
  --> src/consensus/rollback_executor.rs:84:5
   |
84 |     PartiallyCompleted,
   |     ^^^^^^^^^^^^^^^^^^

warning: missing documentation for a variant
  --> src/consensus/rollback_executor.rs:85:5
   |
85 |     Aborted,
   |     ^^^^^^^

warning: missing documentation for a variant
  --> src/consensus/rollback_executor.rs:86:5
   |
86 |     WaitingForUserConfirmation,
   |     ^^^^^^^^^^^^^^^^^^^^^^^^^^

warning: missing documentation for a struct
  --> src/consensus/rollback_executor.rs:90:1
   |
90 | pub struct RollbackStepResult {
   | ^^^^^^^^^^^^^^^^^^^^^^^^^^^^^

warning: missing documentation for a struct field
  --> src/consensus/rollback_executor.rs:91:5
   |
91 |     pub step_number: u32,
   |     ^^^^^^^^^^^^^^^^^^^^

warning: missing documentation for a struct field
  --> src/consensus/rollback_executor.rs:92:5
   |
92 |     pub status: RollbackStepStatus,
   |     ^^^^^^^^^^^^^^^^^^^^^^^^^^^^^^

warning: missing documentation for a struct field
  --> src/consensus/rollback_executor.rs:93:5
   |
93 |     pub started_at: DateTime<Utc>,
   |     ^^^^^^^^^^^^^^^^^^^^^^^^^^^^^

warning: missing documentation for a struct field
  --> src/consensus/rollback_executor.rs:94:5
   |
94 |     pub completed_at: Option<DateTime<Utc>>,
   |     ^^^^^^^^^^^^^^^^^^^^^^^^^^^^^^^^^^^^^^^

warning: missing documentation for a struct field
  --> src/consensus/rollback_executor.rs:95:5
   |
95 |     pub duration_ms: Option<u64>,
   |     ^^^^^^^^^^^^^^^^^^^^^^^^^^^^

warning: missing documentation for a struct field
  --> src/consensus/rollback_executor.rs:96:5
   |
96 |     pub error_message: Option<String>,
   |     ^^^^^^^^^^^^^^^^^^^^^^^^^^^^^^^^^

warning: missing documentation for a struct field
  --> src/consensus/rollback_executor.rs:97:5
   |
97 |     pub verification_result: Option<VerificationResult>,
   |     ^^^^^^^^^^^^^^^^^^^^^^^^^^^^^^^^^^^^^^^^^^^^^^^^^^^

warning: missing documentation for a struct field
  --> src/consensus/rollback_executor.rs:98:5
   |
98 |     pub retry_count: u32,
   |     ^^^^^^^^^^^^^^^^^^^^

warning: missing documentation for a struct field
  --> src/consensus/rollback_executor.rs:99:5
   |
99 |     pub files_affected: Vec<PathBuf>,
   |     ^^^^^^^^^^^^^^^^^^^^^^^^^^^^^^^^

warning: missing documentation for an enum
   --> src/consensus/rollback_executor.rs:103:1
    |
103 | pub enum RollbackStepStatus {
    | ^^^^^^^^^^^^^^^^^^^^^^^^^^^

warning: missing documentation for a variant
   --> src/consensus/rollback_executor.rs:104:5
    |
104 |     Pending,
    |     ^^^^^^^

warning: missing documentation for a variant
   --> src/consensus/rollback_executor.rs:105:5
    |
105 |     InProgress,
    |     ^^^^^^^^^^

warning: missing documentation for a variant
   --> src/consensus/rollback_executor.rs:106:5
    |
106 |     Completed,
    |     ^^^^^^^^^

warning: missing documentation for a variant
   --> src/consensus/rollback_executor.rs:107:5
    |
107 |     Failed,
    |     ^^^^^^

warning: missing documentation for a variant
   --> src/consensus/rollback_executor.rs:108:5
    |
108 |     Skipped,
    |     ^^^^^^^

warning: missing documentation for a variant
   --> src/consensus/rollback_executor.rs:109:5
    |
109 |     WaitingForConfirmation,
    |     ^^^^^^^^^^^^^^^^^^^^^^

warning: missing documentation for a struct
   --> src/consensus/rollback_executor.rs:113:1
    |
113 | pub struct RollbackError {
    | ^^^^^^^^^^^^^^^^^^^^^^^^

warning: missing documentation for a struct field
   --> src/consensus/rollback_executor.rs:114:5
    |
114 |     pub error_type: RollbackErrorType,
    |     ^^^^^^^^^^^^^^^^^^^^^^^^^^^^^^^^^

warning: missing documentation for a struct field
   --> src/consensus/rollback_executor.rs:115:5
    |
115 |     pub message: String,
    |     ^^^^^^^^^^^^^^^^^^^

warning: missing documentation for a struct field
   --> src/consensus/rollback_executor.rs:116:5
    |
116 |     pub step_number: Option<u32>,
    |     ^^^^^^^^^^^^^^^^^^^^^^^^^^^^

warning: missing documentation for a struct field
   --> src/consensus/rollback_executor.rs:117:5
    |
117 |     pub timestamp: DateTime<Utc>,
    |     ^^^^^^^^^^^^^^^^^^^^^^^^^^^^

warning: missing documentation for a struct field
   --> src/consensus/rollback_executor.rs:118:5
    |
118 |     pub is_recoverable: bool,
    |     ^^^^^^^^^^^^^^^^^^^^^^^^

warning: missing documentation for a struct field
   --> src/consensus/rollback_executor.rs:119:5
    |
119 |     pub suggested_action: Option<String>,
    |     ^^^^^^^^^^^^^^^^^^^^^^^^^^^^^^^^^^^^

warning: missing documentation for an enum
   --> src/consensus/rollback_executor.rs:123:1
    |
123 | pub enum RollbackErrorType {
    | ^^^^^^^^^^^^^^^^^^^^^^^^^^

warning: missing documentation for a variant
   --> src/consensus/rollback_executor.rs:124:5
    |
124 |     FileSystemError,
    |     ^^^^^^^^^^^^^^^

warning: missing documentation for a variant
   --> src/consensus/rollback_executor.rs:125:5
    |
125 |     GitError,
    |     ^^^^^^^^

warning: missing documentation for a variant
   --> src/consensus/rollback_executor.rs:126:5
    |
126 |     BackupError,
    |     ^^^^^^^^^^^

warning: missing documentation for a variant
   --> src/consensus/rollback_executor.rs:127:5
    |
127 |     VerificationError,
    |     ^^^^^^^^^^^^^^^^^

warning: missing documentation for a variant
   --> src/consensus/rollback_executor.rs:128:5
    |
128 |     TimeoutError,
    |     ^^^^^^^^^^^^

warning: missing documentation for a variant
   --> src/consensus/rollback_executor.rs:129:5
    |
129 |     PermissionError,
    |     ^^^^^^^^^^^^^^^

warning: missing documentation for a variant
   --> src/consensus/rollback_executor.rs:130:5
    |
130 |     UserAbortError,
    |     ^^^^^^^^^^^^^^

warning: missing documentation for a variant
   --> src/consensus/rollback_executor.rs:131:5
    |
131 |     InternalError,
    |     ^^^^^^^^^^^^^

warning: missing documentation for a struct
   --> src/consensus/rollback_executor.rs:135:1
    |
135 | pub struct RollbackSummary {
    | ^^^^^^^^^^^^^^^^^^^^^^^^^^

warning: missing documentation for a struct field
   --> src/consensus/rollback_executor.rs:136:5
    |
136 |     pub original_operations: Vec<String>,
    |     ^^^^^^^^^^^^^^^^^^^^^^^^^^^^^^^^^^^^

warning: missing documentation for a struct field
   --> src/consensus/rollback_executor.rs:137:5
    |
137 |     pub files_restored: Vec<PathBuf>,
    |     ^^^^^^^^^^^^^^^^^^^^^^^^^^^^^^^^

warning: missing documentation for a struct field
   --> src/consensus/rollback_executor.rs:138:5
    |
138 |     pub git_commits_reverted: Vec<String>,
    |     ^^^^^^^^^^^^^^^^^^^^^^^^^^^^^^^^^^^^^

warning: missing documentation for a struct field
   --> src/consensus/rollback_executor.rs:139:5
    |
139 |     pub backups_used: Vec<String>,
    |     ^^^^^^^^^^^^^^^^^^^^^^^^^^^^^

warning: missing documentation for a struct field
   --> src/consensus/rollback_executor.rs:140:5
    |
140 |     pub total_duration_ms: u64,
    |     ^^^^^^^^^^^^^^^^^^^^^^^^^^

warning: missing documentation for a struct field
   --> src/consensus/rollback_executor.rs:141:5
    |
141 |     pub success_rate: f32,
    |     ^^^^^^^^^^^^^^^^^^^^^

warning: missing documentation for a struct field
   --> src/consensus/rollback_executor.rs:142:5
    |
142 |     pub issues_encountered: Vec<String>,
    |     ^^^^^^^^^^^^^^^^^^^^^^^^^^^^^^^^^^^

warning: missing documentation for a struct field
   --> src/consensus/rollback_executor.rs:143:5
    |
143 |     pub recommendations: Vec<String>,
    |     ^^^^^^^^^^^^^^^^^^^^^^^^^^^^^^^^

warning: missing documentation for a struct
   --> src/consensus/rollback_executor.rs:153:1
    |
153 | pub struct RollbackProgress {
    | ^^^^^^^^^^^^^^^^^^^^^^^^^^^

warning: missing documentation for a struct field
   --> src/consensus/rollback_executor.rs:154:5
    |
154 |     pub execution_id: String,
    |     ^^^^^^^^^^^^^^^^^^^^^^^^

warning: missing documentation for a struct field
   --> src/consensus/rollback_executor.rs:155:5
    |
155 |     pub current_step: u32,
    |     ^^^^^^^^^^^^^^^^^^^^^

warning: missing documentation for a struct field
   --> src/consensus/rollback_executor.rs:156:5
    |
156 |     pub total_steps: u32,
    |     ^^^^^^^^^^^^^^^^^^^^

warning: missing documentation for a struct field
   --> src/consensus/rollback_executor.rs:157:5
    |
157 |     pub overall_progress: f32,
    |     ^^^^^^^^^^^^^^^^^^^^^^^^^

warning: missing documentation for a struct field
   --> src/consensus/rollback_executor.rs:158:5
    |
158 |     pub current_step_progress: f32,
    |     ^^^^^^^^^^^^^^^^^^^^^^^^^^^^^^

warning: missing documentation for a struct field
   --> src/consensus/rollback_executor.rs:159:5
    |
159 |     pub estimated_remaining_time: Option<Duration>,
    |     ^^^^^^^^^^^^^^^^^^^^^^^^^^^^^^^^^^^^^^^^^^^^^^

warning: missing documentation for a struct field
   --> src/consensus/rollback_executor.rs:160:5
    |
160 |     pub status: RollbackExecutionStatus,
    |     ^^^^^^^^^^^^^^^^^^^^^^^^^^^^^^^^^^^

warning: missing documentation for a struct field
   --> src/consensus/rollback_executor.rs:161:5
    |
161 |     pub current_operation: String,
    |     ^^^^^^^^^^^^^^^^^^^^^^^^^^^^^

warning: missing documentation for an associated function
   --> src/consensus/rollback_executor.rs:165:5
    |
165 | /     pub fn new(
166 | |         operation_intelligence: Arc<OperationIntelligenceCoordinator>,
167 | |         history_database: Option<Arc<OperationHistoryDatabase>>,
168 | |         config: Option<RollbackExecutionConfig>,
169 | |     ) -> Self {
    | |_____________^

warning: missing documentation for an associated function
   --> src/consensus/rollback_executor.rs:719:5
    |
719 |     pub fn new() -> Self {
    |     ^^^^^^^^^^^^^^^^^^^^

warning: missing documentation for a method
   --> src/consensus/rollback_executor.rs:725:5
    |
725 | /     pub async fn restore_from_backup(
726 | |         &self,
727 | |         backup_path: &Path,
728 | |         target_path: &Path,
729 | |     ) -> Result<Vec<PathBuf>> {
    | |_____________________________^

warning: missing documentation for an associated function
   --> src/consensus/rollback_executor.rs:756:5
    |
756 |     pub fn new() -> Self {
    |     ^^^^^^^^^^^^^^^^^^^^

warning: missing documentation for a method
   --> src/consensus/rollback_executor.rs:760:5
    |
760 |     pub async fn verify_repository_state(&self) -> Result<()> {
    |     ^^^^^^^^^^^^^^^^^^^^^^^^^^^^^^^^^^^^^^^^^^^^^^^^^^^^^^^^^

warning: missing documentation for a method
   --> src/consensus/rollback_executor.rs:766:5
    |
766 | /     pub async fn revert_commit(
767 | |         &self,
768 | |         commit_hash: &str,
769 | |         file_paths: Option<&[PathBuf]>,
770 | |     ) -> Result<Vec<PathBuf>> {
    | |_____________________________^

warning: missing documentation for a struct
   --> src/consensus/rollback_executor.rs:790:1
    |
790 | pub struct VerificationResult {
    | ^^^^^^^^^^^^^^^^^^^^^^^^^^^^^

warning: missing documentation for a struct field
   --> src/consensus/rollback_executor.rs:791:5
    |
791 |     pub is_successful: bool,
    |     ^^^^^^^^^^^^^^^^^^^^^^^

warning: missing documentation for a struct field
   --> src/consensus/rollback_executor.rs:792:5
    |
792 |     pub verification_type: VerificationType,
    |     ^^^^^^^^^^^^^^^^^^^^^^^^^^^^^^^^^^^^^^^

warning: missing documentation for a struct field
   --> src/consensus/rollback_executor.rs:793:5
    |
793 |     pub error_message: Option<String>,
    |     ^^^^^^^^^^^^^^^^^^^^^^^^^^^^^^^^^

warning: missing documentation for a struct field
   --> src/consensus/rollback_executor.rs:794:5
    |
794 |     pub warnings: Vec<String>,
    |     ^^^^^^^^^^^^^^^^^^^^^^^^^

warning: missing documentation for a struct field
   --> src/consensus/rollback_executor.rs:795:5
    |
795 |     pub verified_at: DateTime<Utc>,
    |     ^^^^^^^^^^^^^^^^^^^^^^^^^^^^^^

warning: missing documentation for an enum
   --> src/consensus/rollback_executor.rs:799:1
    |
799 | pub enum VerificationType {
    | ^^^^^^^^^^^^^^^^^^^^^^^^^

warning: missing documentation for a variant
   --> src/consensus/rollback_executor.rs:800:5
    |
800 |     FileExists,
    |     ^^^^^^^^^^

warning: missing documentation for a variant
   --> src/consensus/rollback_executor.rs:801:5
    |
801 |     FileContent,
    |     ^^^^^^^^^^^

warning: missing documentation for a variant
   --> src/consensus/rollback_executor.rs:802:5
    |
802 |     FilePermissions,
    |     ^^^^^^^^^^^^^^^

warning: missing documentation for a variant
   --> src/consensus/rollback_executor.rs:803:5
    |
803 |     GitState,
    |     ^^^^^^^^

warning: missing documentation for a variant
   --> src/consensus/rollback_executor.rs:804:5
    |
804 |     Custom(String),
    |     ^^^^^^

warning: missing documentation for an associated function
   --> src/consensus/rollback_executor.rs:808:5
    |
808 |     pub fn new() -> Self {
    |     ^^^^^^^^^^^^^^^^^^^^

warning: missing documentation for a method
   --> src/consensus/rollback_executor.rs:812:5
    |
812 | /     pub async fn verify_step_completion(
813 | |         &self,
814 | |         step: &RollbackStep,
815 | |     ) -> Result<VerificationResult> {
    | |___________________________________^

warning: missing documentation for an associated function
   --> src/consensus/rollback_executor.rs:870:5
    |
870 |     pub fn new() -> Self {
    |     ^^^^^^^^^^^^^^^^^^^^

warning: missing documentation for a method
   --> src/consensus/rollback_executor.rs:877:5
    |
877 | /     pub fn add_progress_callback<F>(&mut self, callback: F)
878 | |     where
879 | |         F: Fn(&RollbackProgress) + Send + Sync + 'static,
    | |_________________________________________________________^

warning: missing documentation for a struct
  --> src/consensus/outcome_tracker.rs:28:1
   |
28 | pub struct OutcomeTrackingConfig {
   | ^^^^^^^^^^^^^^^^^^^^^^^^^^^^^^^^

warning: missing documentation for a struct field
  --> src/consensus/outcome_tracker.rs:59:5
   |
59 |     pub outcome_id: String,
   |     ^^^^^^^^^^^^^^^^^^^^^^

warning: missing documentation for a struct field
  --> src/consensus/outcome_tracker.rs:60:5
   |
60 |     pub operation_id: String,
   |     ^^^^^^^^^^^^^^^^^^^^^^^^

warning: missing documentation for a struct field
  --> src/consensus/outcome_tracker.rs:61:5
   |
61 |     pub recorded_at: DateTime<Utc>,
   |     ^^^^^^^^^^^^^^^^^^^^^^^^^^^^^^

warning: missing documentation for a struct field
  --> src/consensus/outcome_tracker.rs:64:5
   |
64 |     pub predicted_analysis: OperationAnalysis,
   |     ^^^^^^^^^^^^^^^^^^^^^^^^^^^^^^^^^^^^^^^^^

warning: missing documentation for a struct field
  --> src/consensus/outcome_tracker.rs:65:5
   |
65 |     pub predicted_confidence: f32,
   |     ^^^^^^^^^^^^^^^^^^^^^^^^^^^^^

warning: missing documentation for a struct field
  --> src/consensus/outcome_tracker.rs:66:5
   |
66 |     pub predicted_risk: f32,
   |     ^^^^^^^^^^^^^^^^^^^^^^^

warning: missing documentation for a struct field
  --> src/consensus/outcome_tracker.rs:67:5
   |
67 |     pub ai_helper_scores: ComponentScores,
   |     ^^^^^^^^^^^^^^^^^^^^^^^^^^^^^^^^^^^^^

warning: missing documentation for a struct field
  --> src/consensus/outcome_tracker.rs:70:5
   |
70 |     pub actual_outcome: OperationResult,
   |     ^^^^^^^^^^^^^^^^^^^^^^^^^^^^^^^^^^^

warning: missing documentation for a struct field
  --> src/consensus/outcome_tracker.rs:71:5
   |
71 |     pub user_decision: Option<UserDecision>,
   |     ^^^^^^^^^^^^^^^^^^^^^^^^^^^^^^^^^^^^^^^

warning: missing documentation for a struct field
  --> src/consensus/outcome_tracker.rs:72:5
   |
72 |     pub execution_success: bool,
   |     ^^^^^^^^^^^^^^^^^^^^^^^^^^^

warning: missing documentation for a struct field
  --> src/consensus/outcome_tracker.rs:73:5
   |
73 |     pub rollback_required: bool,
   |     ^^^^^^^^^^^^^^^^^^^^^^^^^^^

warning: missing documentation for a struct field
  --> src/consensus/outcome_tracker.rs:74:5
   |
74 |     pub rollback_success: Option<bool>,
   |     ^^^^^^^^^^^^^^^^^^^^^^^^^^^^^^^^^^

warning: missing documentation for a struct field
  --> src/consensus/outcome_tracker.rs:77:5
   |
77 |     pub execution_time_ms: u64,
   |     ^^^^^^^^^^^^^^^^^^^^^^^^^^

warning: missing documentation for a struct field
  --> src/consensus/outcome_tracker.rs:78:5
   |
78 |     pub accuracy_metrics: OutcomeAccuracy,
   |     ^^^^^^^^^^^^^^^^^^^^^^^^^^^^^^^^^^^^^

warning: missing documentation for a struct field
  --> src/consensus/outcome_tracker.rs:81:5
   |
81 |     pub feature_vector: Vec<f32>,
   |     ^^^^^^^^^^^^^^^^^^^^^^^^^^^^

warning: missing documentation for a struct field
  --> src/consensus/outcome_tracker.rs:82:5
   |
82 |     pub prediction_errors: Vec<PredictionError>,
   |     ^^^^^^^^^^^^^^^^^^^^^^^^^^^^^^^^^^^^^^^^^^^

warning: missing documentation for a struct field
  --> src/consensus/outcome_tracker.rs:83:5
   |
83 |     pub improvement_suggestions: Vec<String>,
   |     ^^^^^^^^^^^^^^^^^^^^^^^^^^^^^^^^^^^^^^^^

warning: missing documentation for a struct
  --> src/consensus/outcome_tracker.rs:87:1
   |
87 | pub struct OperationResult {
   | ^^^^^^^^^^^^^^^^^^^^^^^^^^

warning: missing documentation for a struct field
  --> src/consensus/outcome_tracker.rs:88:5
   |
88 |     pub success: bool,
   |     ^^^^^^^^^^^^^^^^^

warning: missing documentation for a struct field
  --> src/consensus/outcome_tracker.rs:89:5
   |
89 |     pub error_type: Option<String>,
   |     ^^^^^^^^^^^^^^^^^^^^^^^^^^^^^^

warning: missing documentation for a struct field
  --> src/consensus/outcome_tracker.rs:90:5
   |
90 |     pub error_message: Option<String>,
   |     ^^^^^^^^^^^^^^^^^^^^^^^^^^^^^^^^^

warning: missing documentation for a struct field
  --> src/consensus/outcome_tracker.rs:91:5
   |
91 |     pub files_modified: Vec<String>,
   |     ^^^^^^^^^^^^^^^^^^^^^^^^^^^^^^^

warning: missing documentation for a struct field
  --> src/consensus/outcome_tracker.rs:92:5
   |
92 |     pub unexpected_side_effects: Vec<String>,
   |     ^^^^^^^^^^^^^^^^^^^^^^^^^^^^^^^^^^^^^^^^

warning: missing documentation for a struct field
  --> src/consensus/outcome_tracker.rs:93:5
   |
93 |     pub user_satisfaction: Option<f32>, // 0.0 to 1.0
   |     ^^^^^^^^^^^^^^^^^^^^^^^^^^^^^^^^^^

warning: missing documentation for a struct
  --> src/consensus/outcome_tracker.rs:97:1
   |
97 | pub struct OutcomeAccuracy {
   | ^^^^^^^^^^^^^^^^^^^^^^^^^^

warning: missing documentation for a struct field
  --> src/consensus/outcome_tracker.rs:98:5
   |
98 |     pub confidence_prediction_error: f32,
   |     ^^^^^^^^^^^^^^^^^^^^^^^^^^^^^^^^^^^^

warning: missing documentation for a struct field
  --> src/consensus/outcome_tracker.rs:99:5
   |
99 |     pub risk_prediction_error: f32,
   |     ^^^^^^^^^^^^^^^^^^^^^^^^^^^^^^

warning: missing documentation for a struct field
   --> src/consensus/outcome_tracker.rs:100:5
    |
100 |     pub success_prediction_accuracy: f32,
    |     ^^^^^^^^^^^^^^^^^^^^^^^^^^^^^^^^^^^^

warning: missing documentation for a struct field
   --> src/consensus/outcome_tracker.rs:101:5
    |
101 |     pub helper_score_accuracy: HashMap<String, f32>,
    |     ^^^^^^^^^^^^^^^^^^^^^^^^^^^^^^^^^^^^^^^^^^^^^^^

warning: missing documentation for a struct field
   --> src/consensus/outcome_tracker.rs:102:5
    |
102 |     pub overall_accuracy_score: f32,
    |     ^^^^^^^^^^^^^^^^^^^^^^^^^^^^^^^

warning: missing documentation for a struct
   --> src/consensus/outcome_tracker.rs:106:1
    |
106 | pub struct PredictionError {
    | ^^^^^^^^^^^^^^^^^^^^^^^^^^

warning: missing documentation for a struct field
   --> src/consensus/outcome_tracker.rs:107:5
    |
107 |     pub error_type: PredictionErrorType,
    |     ^^^^^^^^^^^^^^^^^^^^^^^^^^^^^^^^^^^

warning: missing documentation for a struct field
   --> src/consensus/outcome_tracker.rs:108:5
    |
108 |     pub magnitude: f32,
    |     ^^^^^^^^^^^^^^^^^^

warning: missing documentation for a struct field
   --> src/consensus/outcome_tracker.rs:109:5
    |
109 |     pub helper_component: Option<String>,
    |     ^^^^^^^^^^^^^^^^^^^^^^^^^^^^^^^^^^^^

warning: missing documentation for a struct field
   --> src/consensus/outcome_tracker.rs:110:5
    |
110 |     pub suggested_adjustment: String,
    |     ^^^^^^^^^^^^^^^^^^^^^^^^^^^^^^^^

warning: missing documentation for an enum
   --> src/consensus/outcome_tracker.rs:114:1
    |
114 | pub enum PredictionErrorType {
    | ^^^^^^^^^^^^^^^^^^^^^^^^^^^^

warning: missing documentation for a variant
   --> src/consensus/outcome_tracker.rs:115:5
    |
115 |     OverConfident,
    |     ^^^^^^^^^^^^^

warning: missing documentation for a variant
   --> src/consensus/outcome_tracker.rs:116:5
    |
116 |     UnderConfident,
    |     ^^^^^^^^^^^^^^

warning: missing documentation for a variant
   --> src/consensus/outcome_tracker.rs:117:5
    |
117 |     RiskUnderestimated,
    |     ^^^^^^^^^^^^^^^^^^

warning: missing documentation for a variant
   --> src/consensus/outcome_tracker.rs:118:5
    |
118 |     RiskOverestimated,
    |     ^^^^^^^^^^^^^^^^^

warning: missing documentation for a variant
   --> src/consensus/outcome_tracker.rs:119:5
    |
119 |     FeatureMisweighted,
    |     ^^^^^^^^^^^^^^^^^^

warning: missing documentation for a variant
   --> src/consensus/outcome_tracker.rs:120:5
    |
120 |     PatternMissed,
    |     ^^^^^^^^^^^^^

warning: missing documentation for a variant
   --> src/consensus/outcome_tracker.rs:121:5
    |
121 |     FalsePositive,
    |     ^^^^^^^^^^^^^

warning: missing documentation for a variant
   --> src/consensus/outcome_tracker.rs:122:5
    |
122 |     FalseNegative,
    |     ^^^^^^^^^^^^^

warning: missing documentation for a struct
   --> src/consensus/outcome_tracker.rs:135:1
    |
135 | pub struct CacheStatistics {
    | ^^^^^^^^^^^^^^^^^^^^^^^^^^

warning: missing documentation for a struct field
   --> src/consensus/outcome_tracker.rs:136:5
    |
136 |     pub total_outcomes: usize,
    |     ^^^^^^^^^^^^^^^^^^^^^^^^^

warning: missing documentation for a struct field
   --> src/consensus/outcome_tracker.rs:137:5
    |
137 |     pub success_rate: f32,
    |     ^^^^^^^^^^^^^^^^^^^^^

warning: missing documentation for a struct field
   --> src/consensus/outcome_tracker.rs:138:5
    |
138 |     pub average_confidence_error: f32,
    |     ^^^^^^^^^^^^^^^^^^^^^^^^^^^^^^^^^

warning: missing documentation for a struct field
   --> src/consensus/outcome_tracker.rs:139:5
    |
139 |     pub average_risk_error: f32,
    |     ^^^^^^^^^^^^^^^^^^^^^^^^^^^

warning: missing documentation for a struct field
   --> src/consensus/outcome_tracker.rs:140:5
    |
140 |     pub last_updated: Option<DateTime<Utc>>,
    |     ^^^^^^^^^^^^^^^^^^^^^^^^^^^^^^^^^^^^^^^

warning: missing documentation for a struct field
   --> src/consensus/outcome_tracker.rs:146:5
    |
146 |     pub by_helper: HashMap<String, HelperAccuracy>,
    |     ^^^^^^^^^^^^^^^^^^^^^^^^^^^^^^^^^^^^^^^^^^^^^^

warning: missing documentation for a struct field
   --> src/consensus/outcome_tracker.rs:147:5
    |
147 |     pub overall_accuracy: f32,
    |     ^^^^^^^^^^^^^^^^^^^^^^^^^

warning: missing documentation for a struct field
   --> src/consensus/outcome_tracker.rs:148:5
    |
148 |     pub accuracy_trend: Vec<AccuracyDataPoint>,
    |     ^^^^^^^^^^^^^^^^^^^^^^^^^^^^^^^^^^^^^^^^^^

warning: missing documentation for a struct field
   --> src/consensus/outcome_tracker.rs:149:5
    |
149 |     pub last_retrain: Option<DateTime<Utc>>,
    |     ^^^^^^^^^^^^^^^^^^^^^^^^^^^^^^^^^^^^^^^

warning: missing documentation for a struct
   --> src/consensus/outcome_tracker.rs:153:1
    |
153 | pub struct HelperAccuracy {
    | ^^^^^^^^^^^^^^^^^^^^^^^^^

warning: missing documentation for a struct field
   --> src/consensus/outcome_tracker.rs:154:5
    |
154 |     pub helper_name: String,
    |     ^^^^^^^^^^^^^^^^^^^^^^^

warning: missing documentation for a struct field
   --> src/consensus/outcome_tracker.rs:155:5
    |
155 |     pub prediction_accuracy: f32,
    |     ^^^^^^^^^^^^^^^^^^^^^^^^^^^^

warning: missing documentation for a struct field
   --> src/consensus/outcome_tracker.rs:156:5
    |
156 |     pub confidence_correlation: f32,
    |     ^^^^^^^^^^^^^^^^^^^^^^^^^^^^^^^

warning: missing documentation for a struct field
   --> src/consensus/outcome_tracker.rs:157:5
    |
157 |     pub false_positive_rate: f32,
    |     ^^^^^^^^^^^^^^^^^^^^^^^^^^^^

warning: missing documentation for a struct field
   --> src/consensus/outcome_tracker.rs:158:5
    |
158 |     pub false_negative_rate: f32,
    |     ^^^^^^^^^^^^^^^^^^^^^^^^^^^^

warning: missing documentation for a struct field
   --> src/consensus/outcome_tracker.rs:159:5
    |
159 |     pub recent_trend: Vec<f32>,
    |     ^^^^^^^^^^^^^^^^^^^^^^^^^^

warning: missing documentation for a struct field
   --> src/consensus/outcome_tracker.rs:160:5
    |
160 |     pub suggested_weight_adjustment: f32,
    |     ^^^^^^^^^^^^^^^^^^^^^^^^^^^^^^^^^^^^

warning: missing documentation for a struct
   --> src/consensus/outcome_tracker.rs:164:1
    |
164 | pub struct AccuracyDataPoint {
    | ^^^^^^^^^^^^^^^^^^^^^^^^^^^^

warning: missing documentation for a struct field
   --> src/consensus/outcome_tracker.rs:165:5
    |
165 |     pub timestamp: DateTime<Utc>,
    |     ^^^^^^^^^^^^^^^^^^^^^^^^^^^^

warning: missing documentation for a struct field
   --> src/consensus/outcome_tracker.rs:166:5
    |
166 |     pub accuracy: f32,
    |     ^^^^^^^^^^^^^^^^^

warning: missing documentation for a struct field
   --> src/consensus/outcome_tracker.rs:167:5
    |
167 |     pub sample_size: usize,
    |     ^^^^^^^^^^^^^^^^^^^^^^

warning: missing documentation for an associated function
   --> src/consensus/outcome_tracker.rs:171:5
    |
171 | /     pub fn new(
172 | |         history_database: Option<Arc<OperationHistoryDatabase>>,
173 | |         config: Option<OutcomeTrackingConfig>,
174 | |     ) -> Self {
    | |_____________^

warning: missing documentation for an associated function
   --> src/consensus/outcome_tracker.rs:696:5
    |
696 |     pub fn new() -> Self {
    |     ^^^^^^^^^^^^^^^^^^^^

warning: missing documentation for a method
   --> src/consensus/outcome_tracker.rs:700:5
    |
700 |     pub async fn train_from_outcomes(&self, outcomes: &[&TrackedOutcome]) -> Result<LearningResult> {
    |     ^^^^^^^^^^^^^^^^^^^^^^^^^^^^^^^^^^^^^^^^^^^^^^^^^^^^^^^^^^^^^^^^^^^^^^^^^^^^^^^^^^^^^^^^^^^^^^^

warning: missing documentation for an associated function
   --> src/consensus/outcome_tracker.rs:748:5
    |
748 |     pub fn new() -> Self {
    |     ^^^^^^^^^^^^^^^^^^^^

warning: missing documentation for an associated function
   --> src/consensus/outcome_tracker.rs:759:5
    |
759 |     pub fn new() -> Self {
    |     ^^^^^^^^^^^^^^^^^^^^

warning: missing documentation for a method
   --> src/consensus/outcome_tracker.rs:763:5
    |
763 |     pub async fn identify_error_patterns(&self, outcomes: &[&TrackedOutcome]) -> Vec<ErrorPattern> {
    |     ^^^^^^^^^^^^^^^^^^^^^^^^^^^^^^^^^^^^^^^^^^^^^^^^^^^^^^^^^^^^^^^^^^^^^^^^^^^^^^^^^^^^^^^^^^^^^^

warning: missing documentation for a struct
   --> src/consensus/outcome_tracker.rs:801:1
    |
801 | pub struct LearningInsights {
    | ^^^^^^^^^^^^^^^^^^^^^^^^^^^

warning: missing documentation for a struct field
   --> src/consensus/outcome_tracker.rs:802:5
    |
802 |     pub total_outcomes: usize,
    |     ^^^^^^^^^^^^^^^^^^^^^^^^^

warning: missing documentation for a struct field
   --> src/consensus/outcome_tracker.rs:803:5
    |
803 |     pub recent_success_rate: f32,
    |     ^^^^^^^^^^^^^^^^^^^^^^^^^^^^

warning: missing documentation for a struct field
   --> src/consensus/outcome_tracker.rs:804:5
    |
804 |     pub average_confidence_error: f32,
    |     ^^^^^^^^^^^^^^^^^^^^^^^^^^^^^^^^^

warning: missing documentation for a struct field
   --> src/consensus/outcome_tracker.rs:805:5
    |
805 |     pub average_risk_error: f32,
    |     ^^^^^^^^^^^^^^^^^^^^^^^^^^^

warning: missing documentation for a struct field
   --> src/consensus/outcome_tracker.rs:806:5
    |
806 |     pub error_patterns: Vec<ErrorPattern>,
    |     ^^^^^^^^^^^^^^^^^^^^^^^^^^^^^^^^^^^^^

warning: missing documentation for a struct field
   --> src/consensus/outcome_tracker.rs:807:5
    |
807 |     pub helper_performance: HashMap<String, HelperAccuracy>,
    |     ^^^^^^^^^^^^^^^^^^^^^^^^^^^^^^^^^^^^^^^^^^^^^^^^^^^^^^^

warning: missing documentation for a struct field
   --> src/consensus/outcome_tracker.rs:808:5
    |
808 |     pub recommendations: Vec<String>,
    |     ^^^^^^^^^^^^^^^^^^^^^^^^^^^^^^^^

warning: missing documentation for a struct field
   --> src/consensus/outcome_tracker.rs:809:5
    |
809 |     pub should_retrain: bool,
    |     ^^^^^^^^^^^^^^^^^^^^^^^^

warning: missing documentation for a struct
   --> src/consensus/outcome_tracker.rs:813:1
    |
813 | pub struct ErrorPattern {
    | ^^^^^^^^^^^^^^^^^^^^^^^

warning: missing documentation for a struct field
   --> src/consensus/outcome_tracker.rs:814:5
    |
814 |     pub pattern_type: String,
    |     ^^^^^^^^^^^^^^^^^^^^^^^^

warning: missing documentation for a struct field
   --> src/consensus/outcome_tracker.rs:815:5
    |
815 |     pub frequency: f32,
    |     ^^^^^^^^^^^^^^^^^^

warning: missing documentation for a struct field
   --> src/consensus/outcome_tracker.rs:816:5
    |
816 |     pub description: String,
    |     ^^^^^^^^^^^^^^^^^^^^^^^

warning: missing documentation for a struct field
   --> src/consensus/outcome_tracker.rs:817:5
    |
817 |     pub suggested_fix: String,
    |     ^^^^^^^^^^^^^^^^^^^^^^^^^

warning: missing documentation for a struct
   --> src/consensus/outcome_tracker.rs:821:1
    |
821 | pub struct LearningResult {
    | ^^^^^^^^^^^^^^^^^^^^^^^^^

warning: missing documentation for a struct field
   --> src/consensus/outcome_tracker.rs:822:5
    |
822 |     pub feature_analysis: FeatureAnalysis,
    |     ^^^^^^^^^^^^^^^^^^^^^^^^^^^^^^^^^^^^^

warning: missing documentation for a struct field
   --> src/consensus/outcome_tracker.rs:823:5
    |
823 |     pub weight_adjustments: HashMap<String, f32>,
    |     ^^^^^^^^^^^^^^^^^^^^^^^^^^^^^^^^^^^^^^^^^^^^

warning: missing documentation for a struct field
   --> src/consensus/outcome_tracker.rs:824:5
    |
824 |     pub model_metrics: ModelMetrics,
    |     ^^^^^^^^^^^^^^^^^^^^^^^^^^^^^^^

warning: missing documentation for a struct
   --> src/consensus/outcome_tracker.rs:828:1
    |
828 | pub struct FeatureAnalysis {
    | ^^^^^^^^^^^^^^^^^^^^^^^^^^

warning: missing documentation for a struct field
   --> src/consensus/outcome_tracker.rs:829:5
    |
829 |     pub feature_importances: HashMap<String, f32>,
    |     ^^^^^^^^^^^^^^^^^^^^^^^^^^^^^^^^^^^^^^^^^^^^^

warning: missing documentation for a struct field
   --> src/consensus/outcome_tracker.rs:830:5
    |
830 |     pub correlation_matrix: Vec<Vec<f32>>,
    |     ^^^^^^^^^^^^^^^^^^^^^^^^^^^^^^^^^^^^^

warning: missing documentation for a struct field
   --> src/consensus/outcome_tracker.rs:831:5
    |
831 |     pub most_predictive_features: Vec<String>,
    |     ^^^^^^^^^^^^^^^^^^^^^^^^^^^^^^^^^^^^^^^^^

warning: missing documentation for a struct
   --> src/consensus/outcome_tracker.rs:835:1
    |
835 | pub struct ModelMetrics {
    | ^^^^^^^^^^^^^^^^^^^^^^^

warning: missing documentation for a struct field
   --> src/consensus/outcome_tracker.rs:836:5
    |
836 |     pub accuracy: f32,
    |     ^^^^^^^^^^^^^^^^^

warning: missing documentation for a struct field
   --> src/consensus/outcome_tracker.rs:837:5
    |
837 |     pub precision: f32,
    |     ^^^^^^^^^^^^^^^^^^

warning: missing documentation for a struct field
   --> src/consensus/outcome_tracker.rs:838:5
    |
838 |     pub recall: f32,
    |     ^^^^^^^^^^^^^^^

warning: missing documentation for a struct field
   --> src/consensus/outcome_tracker.rs:839:5
    |
839 |     pub f1_score: f32,
    |     ^^^^^^^^^^^^^^^^^

warning: missing documentation for a struct
   --> src/consensus/outcome_tracker.rs:843:1
    |
843 | pub struct RetrainingResult {
    | ^^^^^^^^^^^^^^^^^^^^^^^^^^^

warning: missing documentation for a struct field
   --> src/consensus/outcome_tracker.rs:844:5
    |
844 |     pub success: bool,
    |     ^^^^^^^^^^^^^^^^^

warning: missing documentation for a struct field
   --> src/consensus/outcome_tracker.rs:845:5
    |
845 |     pub message: String,
    |     ^^^^^^^^^^^^^^^^^^^

warning: missing documentation for a struct field
   --> src/consensus/outcome_tracker.rs:846:5
    |
846 |     pub improvements: HashMap<String, f32>,
    |     ^^^^^^^^^^^^^^^^^^^^^^^^^^^^^^^^^^^^^^

warning: missing documentation for a struct
  --> src/consensus/learning_system.rs:45:1
   |
45 | pub struct LearningSystemConfig {
   | ^^^^^^^^^^^^^^^^^^^^^^^^^^^^^^^

warning: missing documentation for a struct
  --> src/consensus/learning_system.rs:80:1
   |
80 | pub struct LearningState {
   | ^^^^^^^^^^^^^^^^^^^^^^^^

warning: missing documentation for a struct field
  --> src/consensus/learning_system.rs:81:5
   |
81 |     pub last_learning_cycle: Option<DateTime<Utc>>,
   |     ^^^^^^^^^^^^^^^^^^^^^^^^^^^^^^^^^^^^^^^^^^^^^^

warning: missing documentation for a struct field
  --> src/consensus/learning_system.rs:82:5
   |
82 |     pub total_learning_cycles: u64,
   |     ^^^^^^^^^^^^^^^^^^^^^^^^^^^^^^

warning: missing documentation for a struct field
  --> src/consensus/learning_system.rs:83:5
   |
83 |     pub successful_improvements: u64,
   |     ^^^^^^^^^^^^^^^^^^^^^^^^^^^^^^^^

warning: missing documentation for a struct field
  --> src/consensus/learning_system.rs:84:5
   |
84 |     pub current_weights: HashMap<String, f32>,
   |     ^^^^^^^^^^^^^^^^^^^^^^^^^^^^^^^^^^^^^^^^^

warning: missing documentation for a struct field
  --> src/consensus/learning_system.rs:85:5
   |
85 |     pub baseline_performance: Option<PerformanceBaseline>,
   |     ^^^^^^^^^^^^^^^^^^^^^^^^^^^^^^^^^^^^^^^^^^^^^^^^^^^^^

warning: missing documentation for a struct field
  --> src/consensus/learning_system.rs:86:5
   |
86 |     pub pending_experiments: Vec<LearningExperiment>,
   |     ^^^^^^^^^^^^^^^^^^^^^^^^^^^^^^^^^^^^^^^^^^^^^^^^

warning: missing documentation for a struct field
  --> src/consensus/learning_system.rs:87:5
   |
87 |     pub learning_history: Vec<LearningCycleResult>,
   |     ^^^^^^^^^^^^^^^^^^^^^^^^^^^^^^^^^^^^^^^^^^^^^^

warning: missing documentation for a struct
   --> src/consensus/learning_system.rs:112:1
    |
112 | pub struct PerformanceBaseline {
    | ^^^^^^^^^^^^^^^^^^^^^^^^^^^^^^

warning: missing documentation for a struct field
   --> src/consensus/learning_system.rs:113:5
    |
113 |     pub overall_accuracy: f32,
    |     ^^^^^^^^^^^^^^^^^^^^^^^^^

warning: missing documentation for a struct field
   --> src/consensus/learning_system.rs:114:5
    |
114 |     pub helper_accuracies: HashMap<String, f32>,
    |     ^^^^^^^^^^^^^^^^^^^^^^^^^^^^^^^^^^^^^^^^^^^

warning: missing documentation for a struct field
   --> src/consensus/learning_system.rs:115:5
    |
115 |     pub confidence_error: f32,
    |     ^^^^^^^^^^^^^^^^^^^^^^^^^

warning: missing documentation for a struct field
   --> src/consensus/learning_system.rs:116:5
    |
116 |     pub risk_error: f32,
    |     ^^^^^^^^^^^^^^^^^^^

warning: missing documentation for a struct field
   --> src/consensus/learning_system.rs:117:5
    |
117 |     pub established_at: DateTime<Utc>,
    |     ^^^^^^^^^^^^^^^^^^^^^^^^^^^^^^^^^

warning: missing documentation for a struct field
   --> src/consensus/learning_system.rs:118:5
    |
118 |     pub sample_size: usize,
    |     ^^^^^^^^^^^^^^^^^^^^^^

warning: missing documentation for a struct
   --> src/consensus/learning_system.rs:122:1
    |
122 | pub struct LearningExperiment {
    | ^^^^^^^^^^^^^^^^^^^^^^^^^^^^^

warning: missing documentation for a struct field
   --> src/consensus/learning_system.rs:123:5
    |
123 |     pub experiment_id: String,
    |     ^^^^^^^^^^^^^^^^^^^^^^^^^

warning: missing documentation for a struct field
   --> src/consensus/learning_system.rs:124:5
    |
124 |     pub experiment_type: ExperimentType,
    |     ^^^^^^^^^^^^^^^^^^^^^^^^^^^^^^^^^^^

warning: missing documentation for a struct field
   --> src/consensus/learning_system.rs:125:5
    |
125 |     pub proposed_changes: HashMap<String, f32>,
    |     ^^^^^^^^^^^^^^^^^^^^^^^^^^^^^^^^^^^^^^^^^^

warning: missing documentation for a struct field
   --> src/consensus/learning_system.rs:126:5
    |
126 |     pub hypothesis: String,
    |     ^^^^^^^^^^^^^^^^^^^^^^

warning: missing documentation for a struct field
   --> src/consensus/learning_system.rs:127:5
    |
127 |     pub expected_improvement: f32,
    |     ^^^^^^^^^^^^^^^^^^^^^^^^^^^^^

warning: missing documentation for a struct field
   --> src/consensus/learning_system.rs:128:5
    |
128 |     pub started_at: DateTime<Utc>,
    |     ^^^^^^^^^^^^^^^^^^^^^^^^^^^^^

warning: missing documentation for a struct field
   --> src/consensus/learning_system.rs:129:5
    |
129 |     pub status: ExperimentStatus,
    |     ^^^^^^^^^^^^^^^^^^^^^^^^^^^^

warning: missing documentation for a struct field
   --> src/consensus/learning_system.rs:130:5
    |
130 |     pub results: Option<ExperimentResult>,
    |     ^^^^^^^^^^^^^^^^^^^^^^^^^^^^^^^^^^^^^

warning: missing documentation for an enum
   --> src/consensus/learning_system.rs:134:1
    |
134 | pub enum ExperimentType {
    | ^^^^^^^^^^^^^^^^^^^^^^^

warning: missing documentation for a variant
   --> src/consensus/learning_system.rs:135:5
    |
135 |     WeightAdjustment,
    |     ^^^^^^^^^^^^^^^^

warning: missing documentation for a variant
   --> src/consensus/learning_system.rs:136:5
    |
136 |     FeatureReweighting,
    |     ^^^^^^^^^^^^^^^^^^

warning: missing documentation for a variant
   --> src/consensus/learning_system.rs:137:5
    |
137 |     ThresholdTuning,
    |     ^^^^^^^^^^^^^^^

warning: missing documentation for a variant
   --> src/consensus/learning_system.rs:138:5
    |
138 |     PatternLearning,
    |     ^^^^^^^^^^^^^^^

warning: missing documentation for a variant
   --> src/consensus/learning_system.rs:139:5
    |
139 |     HyperparameterOptimization,
    |     ^^^^^^^^^^^^^^^^^^^^^^^^^^

warning: missing documentation for an enum
   --> src/consensus/learning_system.rs:143:1
    |
143 | pub enum ExperimentStatus {
    | ^^^^^^^^^^^^^^^^^^^^^^^^^

warning: missing documentation for a variant
   --> src/consensus/learning_system.rs:144:5
    |
144 |     Planning,
    |     ^^^^^^^^

warning: missing documentation for a variant
   --> src/consensus/learning_system.rs:145:5
    |
145 |     Running,
    |     ^^^^^^^

warning: missing documentation for a variant
   --> src/consensus/learning_system.rs:146:5
    |
146 |     Completed,
    |     ^^^^^^^^^

warning: missing documentation for a variant
   --> src/consensus/learning_system.rs:147:5
    |
147 |     Failed,
    |     ^^^^^^

warning: missing documentation for a variant
   --> src/consensus/learning_system.rs:148:5
    |
148 |     Cancelled,
    |     ^^^^^^^^^

warning: missing documentation for a struct
   --> src/consensus/learning_system.rs:152:1
    |
152 | pub struct ExperimentResult {
    | ^^^^^^^^^^^^^^^^^^^^^^^^^^^

warning: missing documentation for a struct field
   --> src/consensus/learning_system.rs:153:5
    |
153 |     pub performance_improvement: f32,
    |     ^^^^^^^^^^^^^^^^^^^^^^^^^^^^^^^^

warning: missing documentation for a struct field
   --> src/consensus/learning_system.rs:154:5
    |
154 |     pub accuracy_change: f32,
    |     ^^^^^^^^^^^^^^^^^^^^^^^^

warning: missing documentation for a struct field
   --> src/consensus/learning_system.rs:155:5
    |
155 |     pub confidence_calibration_change: f32,
    |     ^^^^^^^^^^^^^^^^^^^^^^^^^^^^^^^^^^^^^^

warning: missing documentation for a struct field
   --> src/consensus/learning_system.rs:156:5
    |
156 |     pub risk_assessment_change: f32,
    |     ^^^^^^^^^^^^^^^^^^^^^^^^^^^^^^^

warning: missing documentation for a struct field
   --> src/consensus/learning_system.rs:157:5
    |
157 |     pub statistical_significance: f32,
    |     ^^^^^^^^^^^^^^^^^^^^^^^^^^^^^^^^^

warning: missing documentation for a struct field
   --> src/consensus/learning_system.rs:158:5
    |
158 |     pub recommendation: ExperimentRecommendation,
    |     ^^^^^^^^^^^^^^^^^^^^^^^^^^^^^^^^^^^^^^^^^^^^

warning: missing documentation for an enum
   --> src/consensus/learning_system.rs:162:1
    |
162 | pub enum ExperimentRecommendation {
    | ^^^^^^^^^^^^^^^^^^^^^^^^^^^^^^^^^

warning: missing documentation for a variant
   --> src/consensus/learning_system.rs:163:5
    |
163 |     Apply,
    |     ^^^^^

warning: missing documentation for a variant
   --> src/consensus/learning_system.rs:164:5
    |
164 |     ApplyWithModifications(HashMap<String, f32>),
    |     ^^^^^^^^^^^^^^^^^^^^^^

warning: missing documentation for a variant
   --> src/consensus/learning_system.rs:165:5
    |
165 |     Reject,
    |     ^^^^^^

warning: missing documentation for a variant
   --> src/consensus/learning_system.rs:166:5
    |
166 |     ExtendExperiment,
    |     ^^^^^^^^^^^^^^^^

warning: missing documentation for a struct
   --> src/consensus/learning_system.rs:170:1
    |
170 | pub struct LearningCycleResult {
    | ^^^^^^^^^^^^^^^^^^^^^^^^^^^^^^

warning: missing documentation for a struct field
   --> src/consensus/learning_system.rs:171:5
    |
171 |     pub cycle_number: u64,
    |     ^^^^^^^^^^^^^^^^^^^^^

warning: missing documentation for a struct field
   --> src/consensus/learning_system.rs:172:5
    |
172 |     pub timestamp: DateTime<Utc>,
    |     ^^^^^^^^^^^^^^^^^^^^^^^^^^^^

warning: missing documentation for a struct field
   --> src/consensus/learning_system.rs:173:5
    |
173 |     pub insights: LearningInsights,
    |     ^^^^^^^^^^^^^^^^^^^^^^^^^^^^^^

warning: missing documentation for a struct field
   --> src/consensus/learning_system.rs:174:5
    |
174 |     pub experiments_conducted: Vec<String>,
    |     ^^^^^^^^^^^^^^^^^^^^^^^^^^^^^^^^^^^^^^

warning: missing documentation for a struct field
   --> src/consensus/learning_system.rs:175:5
    |
175 |     pub improvements_applied: HashMap<String, f32>,
    |     ^^^^^^^^^^^^^^^^^^^^^^^^^^^^^^^^^^^^^^^^^^^^^^

warning: missing documentation for a struct field
   --> src/consensus/learning_system.rs:176:5
    |
176 |     pub performance_change: f32,
    |     ^^^^^^^^^^^^^^^^^^^^^^^^^^^

warning: missing documentation for a struct field
   --> src/consensus/learning_system.rs:177:5
    |
177 |     pub duration_ms: u64,
    |     ^^^^^^^^^^^^^^^^^^^^

warning: missing documentation for an associated function
   --> src/consensus/learning_system.rs:181:5
    |
181 | /     pub fn new(
182 | |         outcome_tracker: Arc<OperationOutcomeTracker>,
183 | |         operation_intelligence: Arc<OperationIntelligenceCoordinator>,
184 | |         knowledge_indexer: Arc<KnowledgeIndexer>,
...   |
189 | |         config: Option<LearningSystemConfig>,
190 | |     ) -> Self {
    | |_____________^

warning: missing documentation for a struct
   --> src/consensus/learning_system.rs:653:1
    |
653 | pub struct PerformanceMonitor {
    | ^^^^^^^^^^^^^^^^^^^^^^^^^^^^^

warning: missing documentation for an associated function
   --> src/consensus/learning_system.rs:658:5
    |
658 |     pub fn new() -> Self {
    |     ^^^^^^^^^^^^^^^^^^^^

warning: missing documentation for a method
   --> src/consensus/learning_system.rs:662:5
    |
662 |     pub async fn get_current_performance(&self) -> PerformanceMetrics {
    |     ^^^^^^^^^^^^^^^^^^^^^^^^^^^^^^^^^^^^^^^^^^^^^^^^^^^^^^^^^^^^^^^^^

warning: missing documentation for a method
   --> src/consensus/learning_system.rs:670:5
    |
670 |     pub async fn evaluate_performance_sample(&self, _sample_size: usize) -> Result<PerformanceMetrics> {
    |     ^^^^^^^^^^^^^^^^^^^^^^^^^^^^^^^^^^^^^^^^^^^^^^^^^^^^^^^^^^^^^^^^^^^^^^^^^^^^^^^^^^^^^^^^^^^^^^^^^^

warning: missing documentation for a struct
   --> src/consensus/learning_system.rs:679:1
    |
679 | pub struct AdaptationEngine {
    | ^^^^^^^^^^^^^^^^^^^^^^^^^^^

warning: missing documentation for an associated function
   --> src/consensus/learning_system.rs:684:5
    |
684 |     pub fn new() -> Self {
    |     ^^^^^^^^^^^^^^^^^^^^

warning: missing documentation for a struct
   --> src/consensus/learning_system.rs:690:1
    |
690 | pub struct PerformanceMetrics {
    | ^^^^^^^^^^^^^^^^^^^^^^^^^^^^^

warning: missing documentation for a struct field
   --> src/consensus/learning_system.rs:691:5
    |
691 |     pub overall_accuracy: f32,
    |     ^^^^^^^^^^^^^^^^^^^^^^^^^

warning: missing documentation for a struct field
   --> src/consensus/learning_system.rs:692:5
    |
692 |     pub confidence_error: f32,
    |     ^^^^^^^^^^^^^^^^^^^^^^^^^

warning: missing documentation for a struct field
   --> src/consensus/learning_system.rs:693:5
    |
693 |     pub risk_error: f32,
    |     ^^^^^^^^^^^^^^^^^^^

warning: missing documentation for a struct
   --> src/consensus/learning_system.rs:697:1
    |
697 | pub struct WeightAdjustment {
    | ^^^^^^^^^^^^^^^^^^^^^^^^^^^

warning: missing documentation for a struct field
   --> src/consensus/learning_system.rs:698:5
    |
698 |     pub experiment_id: String,
    |     ^^^^^^^^^^^^^^^^^^^^^^^^^

warning: missing documentation for a struct field
   --> src/consensus/learning_system.rs:699:5
    |
699 |     pub adjustment_type: AdjustmentType,
    |     ^^^^^^^^^^^^^^^^^^^^^^^^^^^^^^^^^^^

warning: missing documentation for a struct field
   --> src/consensus/learning_system.rs:700:5
    |
700 |     pub changes: HashMap<String, f32>,
    |     ^^^^^^^^^^^^^^^^^^^^^^^^^^^^^^^^^

warning: missing documentation for a struct field
   --> src/consensus/learning_system.rs:701:5
    |
701 |     pub confidence: f32,
    |     ^^^^^^^^^^^^^^^^^^^

warning: missing documentation for a struct field
   --> src/consensus/learning_system.rs:702:5
    |
702 |     pub expected_improvement: f32,
    |     ^^^^^^^^^^^^^^^^^^^^^^^^^^^^^

warning: missing documentation for an enum
   --> src/consensus/learning_system.rs:706:1
    |
706 | pub enum AdjustmentType {
    | ^^^^^^^^^^^^^^^^^^^^^^^

warning: missing documentation for a variant
   --> src/consensus/learning_system.rs:707:5
    |
707 |     WeightChange,
    |     ^^^^^^^^^^^^

warning: missing documentation for a variant
   --> src/consensus/learning_system.rs:708:5
    |
708 |     ThresholdAdjustment,
    |     ^^^^^^^^^^^^^^^^^^^

warning: missing documentation for a variant
   --> src/consensus/learning_system.rs:709:5
    |
709 |     FeatureReweighting,
    |     ^^^^^^^^^^^^^^^^^^

warning: missing documentation for a struct
   --> src/consensus/learning_system.rs:713:1
    |
713 | pub struct PendingImprovement {
    | ^^^^^^^^^^^^^^^^^^^^^^^^^^^^^

warning: missing documentation for a struct field
   --> src/consensus/learning_system.rs:714:5
    |
714 |     pub experiment_id: String,
    |     ^^^^^^^^^^^^^^^^^^^^^^^^^

warning: missing documentation for a struct field
   --> src/consensus/learning_system.rs:715:5
    |
715 |     pub description: String,
    |     ^^^^^^^^^^^^^^^^^^^^^^^

warning: missing documentation for a struct field
   --> src/consensus/learning_system.rs:716:5
    |
716 |     pub proposed_changes: HashMap<String, f32>,
    |     ^^^^^^^^^^^^^^^^^^^^^^^^^^^^^^^^^^^^^^^^^^

warning: missing documentation for a struct field
   --> src/consensus/learning_system.rs:717:5
    |
717 |     pub expected_improvement: f32,
    |     ^^^^^^^^^^^^^^^^^^^^^^^^^^^^^

warning: missing documentation for a struct field
   --> src/consensus/learning_system.rs:718:5
    |
718 |     pub confidence: f32,
    |     ^^^^^^^^^^^^^^^^^^^

warning: missing documentation for a struct field
   --> src/consensus/learning_system.rs:719:5
    |
719 |     pub recommendation: ExperimentRecommendation,
    |     ^^^^^^^^^^^^^^^^^^^^^^^^^^^^^^^^^^^^^^^^^^^^

warning: missing documentation for a struct
   --> src/consensus/learning_system.rs:723:1
    |
723 | pub struct LearningSystemStatus {
    | ^^^^^^^^^^^^^^^^^^^^^^^^^^^^^^^

warning: missing documentation for a struct field
   --> src/consensus/learning_system.rs:724:5
    |
724 |     pub is_active: bool,
    |     ^^^^^^^^^^^^^^^^^^^

warning: missing documentation for a struct field
   --> src/consensus/learning_system.rs:725:5
    |
725 |     pub total_cycles: u64,
    |     ^^^^^^^^^^^^^^^^^^^^^

warning: missing documentation for a struct field
   --> src/consensus/learning_system.rs:726:5
    |
726 |     pub successful_improvements: u64,
    |     ^^^^^^^^^^^^^^^^^^^^^^^^^^^^^^^^

warning: missing documentation for a struct field
   --> src/consensus/learning_system.rs:727:5
    |
727 |     pub last_cycle: Option<DateTime<Utc>>,
    |     ^^^^^^^^^^^^^^^^^^^^^^^^^^^^^^^^^^^^^

warning: missing documentation for a struct field
   --> src/consensus/learning_system.rs:728:5
    |
728 |     pub current_weights: HashMap<String, f32>,
    |     ^^^^^^^^^^^^^^^^^^^^^^^^^^^^^^^^^^^^^^^^^

warning: missing documentation for a struct field
   --> src/consensus/learning_system.rs:729:5
    |
729 |     pub current_performance: AccuracyMetrics,
    |     ^^^^^^^^^^^^^^^^^^^^^^^^^^^^^^^^^^^^^^^^

warning: missing documentation for a struct field
   --> src/consensus/learning_system.rs:730:5
    |
730 |     pub pending_improvements: usize,
    |     ^^^^^^^^^^^^^^^^^^^^^^^^^^^^^^^

warning: missing documentation for a struct field
   --> src/consensus/learning_system.rs:731:5
    |
731 |     pub learning_trend: LearningTrend,
    |     ^^^^^^^^^^^^^^^^^^^^^^^^^^^^^^^^^

warning: missing documentation for an enum
   --> src/consensus/learning_system.rs:735:1
    |
735 | pub enum LearningTrend {
    | ^^^^^^^^^^^^^^^^^^^^^^

warning: missing documentation for a variant
   --> src/consensus/learning_system.rs:736:5
    |
736 |     Improving,
    |     ^^^^^^^^^

warning: missing documentation for a variant
   --> src/consensus/learning_system.rs:737:5
    |
737 |     Stable,
    |     ^^^^^^

warning: missing documentation for a variant
   --> src/consensus/learning_system.rs:738:5
    |
738 |     Declining,
    |     ^^^^^^^^^

warning: missing documentation for a variant
   --> src/consensus/learning_system.rs:739:5
    |
739 |     Insufficient,
    |     ^^^^^^^^^^^^

warning: missing documentation for a struct
  --> src/consensus/safety_guardrails.rs:42:1
   |
42 | pub struct SafetyConfig {
   | ^^^^^^^^^^^^^^^^^^^^^^^

warning: missing documentation for an enum
  --> src/consensus/safety_guardrails.rs:60:1
   |
60 | pub enum EnforcementLevel {
   | ^^^^^^^^^^^^^^^^^^^^^^^^^

warning: missing documentation for a variant
  --> src/consensus/safety_guardrails.rs:61:5
   |
61 |     Advisory,    // Only warn, don't block
   |     ^^^^^^^^

warning: missing documentation for a variant
  --> src/consensus/safety_guardrails.rs:62:5
   |
62 |     Enforcing,   // Block dangerous operations
   |     ^^^^^^^^^

warning: missing documentation for a variant
  --> src/consensus/safety_guardrails.rs:63:5
   |
63 |     Paranoid,    // Block anything potentially dangerous
   |     ^^^^^^^^

warning: missing documentation for a method
  --> src/consensus/safety_guardrails.rs:82:5
   |
82 |     fn name(&self) -> &'static str;
   |     ^^^^^^^^^^^^^^^^^^^^^^^^^^^^^^^

warning: missing documentation for a method
  --> src/consensus/safety_guardrails.rs:83:5
   |
83 |     fn validate(&self, operation: &EnhancedFileOperation, context: &SafetyContext) -> Result<SafetyValidationResult>;
   |     ^^^^^^^^^^^^^^^^^^^^^^^^^^^^^^^^^^^^^^^^^^^^^^^^^^^^^^^^^^^^^^^^^^^^^^^^^^^^^^^^^^^^^^^^^^^^^^^^^^^^^^^^^^^^^^^^^

warning: missing documentation for a method
  --> src/consensus/safety_guardrails.rs:84:5
   |
84 |     fn priority(&self) -> u8; // 0-255, higher = more important
   |     ^^^^^^^^^^^^^^^^^^^^^^^^^

warning: missing documentation for a struct
  --> src/consensus/safety_guardrails.rs:88:1
   |
88 | pub struct SafetyValidationResult {
   | ^^^^^^^^^^^^^^^^^^^^^^^^^^^^^^^^^

warning: missing documentation for a struct field
  --> src/consensus/safety_guardrails.rs:89:5
   |
89 |     pub validator_name: String,
   |     ^^^^^^^^^^^^^^^^^^^^^^^^^^

warning: missing documentation for a struct field
  --> src/consensus/safety_guardrails.rs:90:5
   |
90 |     pub is_safe: bool,
   |     ^^^^^^^^^^^^^^^^^

warning: missing documentation for a struct field
  --> src/consensus/safety_guardrails.rs:91:5
   |
91 |     pub risk_score: f32, // 0-100
   |     ^^^^^^^^^^^^^^^^^^^

warning: missing documentation for a struct field
  --> src/consensus/safety_guardrails.rs:92:5
   |
92 |     pub violations: Vec<SafetyViolation>,
   |     ^^^^^^^^^^^^^^^^^^^^^^^^^^^^^^^^^^^^

warning: missing documentation for a struct field
  --> src/consensus/safety_guardrails.rs:93:5
   |
93 |     pub warnings: Vec<String>,
   |     ^^^^^^^^^^^^^^^^^^^^^^^^^

warning: missing documentation for a struct field
  --> src/consensus/safety_guardrails.rs:94:5
   |
94 |     pub required_confirmations: Vec<RequiredConfirmation>,
   |     ^^^^^^^^^^^^^^^^^^^^^^^^^^^^^^^^^^^^^^^^^^^^^^^^^^^^^

warning: missing documentation for a struct field
  --> src/consensus/safety_guardrails.rs:95:5
   |
95 |     pub suggested_mitigations: Vec<String>,
   |     ^^^^^^^^^^^^^^^^^^^^^^^^^^^^^^^^^^^^^^

warning: missing documentation for a struct
  --> src/consensus/safety_guardrails.rs:99:1
   |
99 | pub struct SafetyViolation {
   | ^^^^^^^^^^^^^^^^^^^^^^^^^^

warning: missing documentation for a struct field
   --> src/consensus/safety_guardrails.rs:100:5
    |
100 |     pub rule_id: String,
    |     ^^^^^^^^^^^^^^^^^^^

warning: missing documentation for a struct field
   --> src/consensus/safety_guardrails.rs:101:5
    |
101 |     pub severity: ViolationSeverity,
    |     ^^^^^^^^^^^^^^^^^^^^^^^^^^^^^^^

warning: missing documentation for a struct field
   --> src/consensus/safety_guardrails.rs:102:5
    |
102 |     pub description: String,
    |     ^^^^^^^^^^^^^^^^^^^^^^^

warning: missing documentation for a struct field
   --> src/consensus/safety_guardrails.rs:103:5
    |
103 |     pub affected_files: Vec<PathBuf>,
    |     ^^^^^^^^^^^^^^^^^^^^^^^^^^^^^^^^

warning: missing documentation for a struct field
   --> src/consensus/safety_guardrails.rs:104:5
    |
104 |     pub mitigation_required: bool,
    |     ^^^^^^^^^^^^^^^^^^^^^^^^^^^^^

warning: missing documentation for a struct field
   --> src/consensus/safety_guardrails.rs:105:5
    |
105 |     pub auto_fixable: bool,
    |     ^^^^^^^^^^^^^^^^^^^^^^

warning: missing documentation for an enum
   --> src/consensus/safety_guardrails.rs:109:1
    |
109 | pub enum ViolationSeverity {
    | ^^^^^^^^^^^^^^^^^^^^^^^^^^

warning: missing documentation for a variant
   --> src/consensus/safety_guardrails.rs:110:5
    |
110 |     Critical,  // Operation must be blocked
    |     ^^^^^^^^

warning: missing documentation for a variant
   --> src/consensus/safety_guardrails.rs:111:5
    |
111 |     High,      // Requires explicit user confirmation
    |     ^^^^

warning: missing documentation for a variant
   --> src/consensus/safety_guardrails.rs:112:5
    |
112 |     Medium,    // Warning with option to proceed
    |     ^^^^^^

warning: missing documentation for a variant
   --> src/consensus/safety_guardrails.rs:113:5
    |
113 |     Low,       // Advisory only
    |     ^^^

warning: missing documentation for a struct
   --> src/consensus/safety_guardrails.rs:117:1
    |
117 | pub struct RequiredConfirmation {
    | ^^^^^^^^^^^^^^^^^^^^^^^^^^^^^^^

warning: missing documentation for a struct field
   --> src/consensus/safety_guardrails.rs:118:5
    |
118 |     pub confirmation_type: ConfirmationType,
    |     ^^^^^^^^^^^^^^^^^^^^^^^^^^^^^^^^^^^^^^^

warning: missing documentation for a struct field
   --> src/consensus/safety_guardrails.rs:119:5
    |
119 |     pub message: String,
    |     ^^^^^^^^^^^^^^^^^^^

warning: missing documentation for a struct field
   --> src/consensus/safety_guardrails.rs:120:5
    |
120 |     pub default_response: bool,
    |     ^^^^^^^^^^^^^^^^^^^^^^^^^^

warning: missing documentation for an enum
   --> src/consensus/safety_guardrails.rs:124:1
    |
124 | pub enum ConfirmationType {
    | ^^^^^^^^^^^^^^^^^^^^^^^^^

warning: missing documentation for a variant
   --> src/consensus/safety_guardrails.rs:125:5
    |
125 |     ExplicitUserApproval,
    |     ^^^^^^^^^^^^^^^^^^^^

warning: missing documentation for a variant
   --> src/consensus/safety_guardrails.rs:126:5
    |
126 |     SecondaryConfirmation,
    |     ^^^^^^^^^^^^^^^^^^^^^

warning: missing documentation for a variant
   --> src/consensus/safety_guardrails.rs:127:5
    |
127 |     BackupVerification,
    |     ^^^^^^^^^^^^^^^^^^

warning: missing documentation for a variant
   --> src/consensus/safety_guardrails.rs:128:5
    |
128 |     RollbackPlanApproval,
    |     ^^^^^^^^^^^^^^^^^^^^

warning: missing documentation for a struct
   --> src/consensus/safety_guardrails.rs:132:1
    |
132 | pub struct SafetyContext {
    | ^^^^^^^^^^^^^^^^^^^^^^^^

warning: missing documentation for a struct field
   --> src/consensus/safety_guardrails.rs:133:5
    |
133 |     pub operation_id: String,
    |     ^^^^^^^^^^^^^^^^^^^^^^^^

warning: missing documentation for a struct field
   --> src/consensus/safety_guardrails.rs:134:5
    |
134 |     pub user_id: Option<String>,
    |     ^^^^^^^^^^^^^^^^^^^^^^^^^^^

warning: missing documentation for a struct field
   --> src/consensus/safety_guardrails.rs:135:5
    |
135 |     pub project_path: PathBuf,
    |     ^^^^^^^^^^^^^^^^^^^^^^^^^

warning: missing documentation for a struct field
   --> src/consensus/safety_guardrails.rs:136:5
    |
136 |     pub git_status: Option<GitStatus>,
    |     ^^^^^^^^^^^^^^^^^^^^^^^^^^^^^^^^^

warning: missing documentation for a struct field
   --> src/consensus/safety_guardrails.rs:137:5
    |
137 |     pub recent_operations: Vec<RecentOperation>,
    |     ^^^^^^^^^^^^^^^^^^^^^^^^^^^^^^^^^^^^^^^^^^^

warning: missing documentation for a struct field
   --> src/consensus/safety_guardrails.rs:138:5
    |
138 |     pub system_state: SystemState,
    |     ^^^^^^^^^^^^^^^^^^^^^^^^^^^^^

warning: missing documentation for a struct field
   --> src/consensus/safety_guardrails.rs:139:5
    |
139 |     pub user_preferences: HashMap<String, String>,
    |     ^^^^^^^^^^^^^^^^^^^^^^^^^^^^^^^^^^^^^^^^^^^^^

warning: missing documentation for a struct
   --> src/consensus/safety_guardrails.rs:143:1
    |
143 | pub struct GitStatus {
    | ^^^^^^^^^^^^^^^^^^^^

warning: missing documentation for a struct field
   --> src/consensus/safety_guardrails.rs:144:5
    |
144 |     pub has_uncommitted_changes: bool,
    |     ^^^^^^^^^^^^^^^^^^^^^^^^^^^^^^^^^

warning: missing documentation for a struct field
   --> src/consensus/safety_guardrails.rs:145:5
    |
145 |     pub current_branch: String,
    |     ^^^^^^^^^^^^^^^^^^^^^^^^^^

warning: missing documentation for a struct field
   --> src/consensus/safety_guardrails.rs:146:5
    |
146 |     pub is_clean_working_tree: bool,
    |     ^^^^^^^^^^^^^^^^^^^^^^^^^^^^^^^

warning: missing documentation for a struct field
   --> src/consensus/safety_guardrails.rs:147:5
    |
147 |     pub has_untracked_files: bool,
    |     ^^^^^^^^^^^^^^^^^^^^^^^^^^^^^

warning: missing documentation for a struct
   --> src/consensus/safety_guardrails.rs:151:1
    |
151 | pub struct RecentOperation {
    | ^^^^^^^^^^^^^^^^^^^^^^^^^^

warning: missing documentation for a struct field
   --> src/consensus/safety_guardrails.rs:152:5
    |
152 |     pub operation_type: String,
    |     ^^^^^^^^^^^^^^^^^^^^^^^^^^

warning: missing documentation for a struct field
   --> src/consensus/safety_guardrails.rs:153:5
    |
153 |     pub files_affected: Vec<PathBuf>,
    |     ^^^^^^^^^^^^^^^^^^^^^^^^^^^^^^^^

warning: missing documentation for a struct field
   --> src/consensus/safety_guardrails.rs:154:5
    |
154 |     pub timestamp: DateTime<Utc>,
    |     ^^^^^^^^^^^^^^^^^^^^^^^^^^^^

warning: missing documentation for a struct field
   --> src/consensus/safety_guardrails.rs:155:5
    |
155 |     pub success: bool,
    |     ^^^^^^^^^^^^^^^^^

warning: missing documentation for a struct
   --> src/consensus/safety_guardrails.rs:159:1
    |
159 | pub struct SystemState {
    | ^^^^^^^^^^^^^^^^^^^^^^

warning: missing documentation for a struct field
   --> src/consensus/safety_guardrails.rs:160:5
    |
160 |     pub available_disk_space: u64,
    |     ^^^^^^^^^^^^^^^^^^^^^^^^^^^^^

warning: missing documentation for a struct field
   --> src/consensus/safety_guardrails.rs:161:5
    |
161 |     pub system_load: f32,
    |     ^^^^^^^^^^^^^^^^^^^^

warning: missing documentation for a struct field
   --> src/consensus/safety_guardrails.rs:162:5
    |
162 |     pub backup_system_status: BackupSystemStatus,
    |     ^^^^^^^^^^^^^^^^^^^^^^^^^^^^^^^^^^^^^^^^^^^^

warning: missing documentation for an enum
   --> src/consensus/safety_guardrails.rs:166:1
    |
166 | pub enum BackupSystemStatus {
    | ^^^^^^^^^^^^^^^^^^^^^^^^^^^

warning: missing documentation for a variant
   --> src/consensus/safety_guardrails.rs:167:5
    |
167 |     Available,
    |     ^^^^^^^^^

warning: missing documentation for a variant
   --> src/consensus/safety_guardrails.rs:168:5
    |
168 |     Degraded,
    |     ^^^^^^^^

warning: missing documentation for a variant
   --> src/consensus/safety_guardrails.rs:169:5
    |
169 |     Unavailable,
    |     ^^^^^^^^^^^

warning: missing documentation for a struct field
   --> src/consensus/safety_guardrails.rs:175:5
    |
175 |     pub rule_id: String,
    |     ^^^^^^^^^^^^^^^^^^^

warning: missing documentation for a struct field
   --> src/consensus/safety_guardrails.rs:176:5
    |
176 |     pub name: String,
    |     ^^^^^^^^^^^^^^^^

warning: missing documentation for a struct field
   --> src/consensus/safety_guardrails.rs:177:5
    |
177 |     pub description: String,
    |     ^^^^^^^^^^^^^^^^^^^^^^^

warning: missing documentation for a struct field
   --> src/consensus/safety_guardrails.rs:178:5
    |
178 |     pub pattern: RulePattern,
    |     ^^^^^^^^^^^^^^^^^^^^^^^^

warning: missing documentation for a struct field
   --> src/consensus/safety_guardrails.rs:179:5
    |
179 |     pub severity: ViolationSeverity,
    |     ^^^^^^^^^^^^^^^^^^^^^^^^^^^^^^^

warning: missing documentation for a struct field
   --> src/consensus/safety_guardrails.rs:180:5
    |
180 |     pub enabled: bool,
    |     ^^^^^^^^^^^^^^^^^

warning: missing documentation for a struct field
   --> src/consensus/safety_guardrails.rs:181:5
    |
181 |     pub created_at: DateTime<Utc>,
    |     ^^^^^^^^^^^^^^^^^^^^^^^^^^^^^

warning: missing documentation for a struct field
   --> src/consensus/safety_guardrails.rs:182:5
    |
182 |     pub last_triggered: Option<DateTime<Utc>>,
    |     ^^^^^^^^^^^^^^^^^^^^^^^^^^^^^^^^^^^^^^^^^

warning: missing documentation for a struct field
   --> src/consensus/safety_guardrails.rs:183:5
    |
183 |     pub trigger_count: u64,
    |     ^^^^^^^^^^^^^^^^^^^^^^

warning: missing documentation for an enum
   --> src/consensus/safety_guardrails.rs:187:1
    |
187 | pub enum RulePattern {
    | ^^^^^^^^^^^^^^^^^^^^

warning: missing documentation for a variant
   --> src/consensus/safety_guardrails.rs:188:5
    |
188 |     FilePathRegex(String),
    |     ^^^^^^^^^^^^^

warning: missing documentation for a variant
   --> src/consensus/safety_guardrails.rs:189:5
    |
189 |     FileContentRegex(String),
    |     ^^^^^^^^^^^^^^^^

warning: missing documentation for a variant
   --> src/consensus/safety_guardrails.rs:190:5
    |
190 |     OperationType(String),
    |     ^^^^^^^^^^^^^

warning: missing documentation for a variant
   --> src/consensus/safety_guardrails.rs:191:5
    |
191 |     FileExtension(String),
    |     ^^^^^^^^^^^^^

warning: missing documentation for a variant
   --> src/consensus/safety_guardrails.rs:192:5
    |
192 |     FileSize { min: Option<u64>, max: Option<u64> },
    |     ^^^^^^^^

warning: missing documentation for a struct field
   --> src/consensus/safety_guardrails.rs:192:16
    |
192 |     FileSize { min: Option<u64>, max: Option<u64> },
    |                ^^^^^^^^^^^^^^^^

warning: missing documentation for a struct field
   --> src/consensus/safety_guardrails.rs:192:34
    |
192 |     FileSize { min: Option<u64>, max: Option<u64> },
    |                                  ^^^^^^^^^^^^^^^^

warning: missing documentation for a variant
   --> src/consensus/safety_guardrails.rs:193:5
    |
193 |     Complex(ComplexPattern),
    |     ^^^^^^^

warning: missing documentation for a struct
   --> src/consensus/safety_guardrails.rs:197:1
    |
197 | pub struct ComplexPattern {
    | ^^^^^^^^^^^^^^^^^^^^^^^^^

warning: missing documentation for a struct field
   --> src/consensus/safety_guardrails.rs:198:5
    |
198 |     pub conditions: Vec<PatternCondition>,
    |     ^^^^^^^^^^^^^^^^^^^^^^^^^^^^^^^^^^^^^

warning: missing documentation for a struct field
   --> src/consensus/safety_guardrails.rs:199:5
    |
199 |     pub logic: PatternLogic,
    |     ^^^^^^^^^^^^^^^^^^^^^^^

warning: missing documentation for an enum
   --> src/consensus/safety_guardrails.rs:203:1
    |
203 | pub enum PatternCondition {
    | ^^^^^^^^^^^^^^^^^^^^^^^^^

warning: missing documentation for a variant
   --> src/consensus/safety_guardrails.rs:204:5
    |
204 |     And(Vec<PatternCondition>),
    |     ^^^

warning: missing documentation for a variant
   --> src/consensus/safety_guardrails.rs:205:5
    |
205 |     Or(Vec<PatternCondition>),
    |     ^^

warning: missing documentation for a variant
   --> src/consensus/safety_guardrails.rs:206:5
    |
206 |     Not(Box<PatternCondition>),
    |     ^^^

warning: missing documentation for a variant
   --> src/consensus/safety_guardrails.rs:207:5
    |
207 |     FileExists(PathBuf),
    |     ^^^^^^^^^^

warning: missing documentation for a variant
   --> src/consensus/safety_guardrails.rs:208:5
    |
208 |     FileMatches(String, String), // path pattern, content pattern
    |     ^^^^^^^^^^^

warning: missing documentation for a variant
   --> src/consensus/safety_guardrails.rs:209:5
    |
209 |     SystemStateCheck(String),
    |     ^^^^^^^^^^^^^^^^

warning: missing documentation for an enum
   --> src/consensus/safety_guardrails.rs:213:1
    |
213 | pub enum PatternLogic {
    | ^^^^^^^^^^^^^^^^^^^^^

warning: missing documentation for a variant
   --> src/consensus/safety_guardrails.rs:214:5
    |
214 |     All, // All conditions must be true
    |     ^^^

warning: missing documentation for a variant
   --> src/consensus/safety_guardrails.rs:215:5
    |
215 |     Any, // Any condition must be true
    |     ^^^

warning: missing documentation for a variant
   --> src/consensus/safety_guardrails.rs:216:5
    |
216 |     None, // No conditions must be true
    |     ^^^^

warning: missing documentation for an associated function
   --> src/consensus/safety_guardrails.rs:220:5
    |
220 |     pub fn new(config: Option<SafetyConfig>) -> Self {
    |     ^^^^^^^^^^^^^^^^^^^^^^^^^^^^^^^^^^^^^^^^^^^^^^^^

warning: missing documentation for a struct
   --> src/consensus/safety_guardrails.rs:569:1
    |
569 | pub struct CriticalFileValidator;
    | ^^^^^^^^^^^^^^^^^^^^^^^^^^^^^^^^

warning: missing documentation for an associated function
   --> src/consensus/safety_guardrails.rs:572:5
    |
572 |     pub fn new() -> Self {
    |     ^^^^^^^^^^^^^^^^^^^^

warning: missing documentation for a struct
   --> src/consensus/safety_guardrails.rs:634:1
    |
634 | pub struct SystemFileValidator;
    | ^^^^^^^^^^^^^^^^^^^^^^^^^^^^^^

warning: missing documentation for an associated function
   --> src/consensus/safety_guardrails.rs:637:5
    |
637 |     pub fn new() -> Self {
    |     ^^^^^^^^^^^^^^^^^^^^

warning: missing documentation for a struct
   --> src/consensus/safety_guardrails.rs:706:1
    |
706 | pub struct BackupRequiredValidator;
    | ^^^^^^^^^^^^^^^^^^^^^^^^^^^^^^^^^^

warning: missing documentation for an associated function
   --> src/consensus/safety_guardrails.rs:707:32
    |
707 | impl BackupRequiredValidator { pub fn new() -> Self { Self } }
    |                                ^^^^^^^^^^^^^^^^^^^^

warning: missing documentation for a struct
   --> src/consensus/safety_guardrails.rs:737:1
    |
737 | pub struct GitIntegrityValidator;
    | ^^^^^^^^^^^^^^^^^^^^^^^^^^^^^^^^

warning: missing documentation for an associated function
   --> src/consensus/safety_guardrails.rs:738:30
    |
738 | impl GitIntegrityValidator { pub fn new() -> Self { Self } }
    |                              ^^^^^^^^^^^^^^^^^^^^

warning: missing documentation for a struct
   --> src/consensus/safety_guardrails.rs:783:1
    |
783 | pub struct PermissionValidator;
    | ^^^^^^^^^^^^^^^^^^^^^^^^^^^^^^

warning: missing documentation for an associated function
   --> src/consensus/safety_guardrails.rs:784:28
    |
784 | impl PermissionValidator { pub fn new() -> Self { Self } }
    |                            ^^^^^^^^^^^^^^^^^^^^

warning: missing documentation for a struct
   --> src/consensus/safety_guardrails.rs:802:1
    |
802 | pub struct DiskSpaceValidator;
    | ^^^^^^^^^^^^^^^^^^^^^^^^^^^^^

warning: missing documentation for an associated function
   --> src/consensus/safety_guardrails.rs:803:27
    |
803 | impl DiskSpaceValidator { pub fn new() -> Self { Self } }
    |                           ^^^^^^^^^^^^^^^^^^^^

warning: missing documentation for a struct
   --> src/consensus/safety_guardrails.rs:834:1
    |
834 | pub struct ConcurrencyValidator;
    | ^^^^^^^^^^^^^^^^^^^^^^^^^^^^^^^

warning: missing documentation for an associated function
   --> src/consensus/safety_guardrails.rs:835:29
    |
835 | impl ConcurrencyValidator { pub fn new() -> Self { Self } }
    |                             ^^^^^^^^^^^^^^^^^^^^

warning: missing documentation for a struct
   --> src/consensus/safety_guardrails.rs:872:1
    |
872 | pub struct PatternMatchValidator;
    | ^^^^^^^^^^^^^^^^^^^^^^^^^^^^^^^^

warning: missing documentation for an associated function
   --> src/consensus/safety_guardrails.rs:873:30
    |
873 | impl PatternMatchValidator { pub fn new() -> Self { Self } }
    |                              ^^^^^^^^^^^^^^^^^^^^

warning: missing documentation for a struct
   --> src/consensus/safety_guardrails.rs:895:1
    |
895 | pub struct ComprehensiveSafetyResult {
    | ^^^^^^^^^^^^^^^^^^^^^^^^^^^^^^^^^^^^

warning: missing documentation for a struct field
   --> src/consensus/safety_guardrails.rs:896:5
    |
896 |     pub overall_safe: bool,
    |     ^^^^^^^^^^^^^^^^^^^^^^

warning: missing documentation for a struct field
   --> src/consensus/safety_guardrails.rs:897:5
    |
897 |     pub risk_score: f32,
    |     ^^^^^^^^^^^^^^^^^^^

warning: missing documentation for a struct field
   --> src/consensus/safety_guardrails.rs:898:5
    |
898 |     pub enforcement_action: EnforcementAction,
    |     ^^^^^^^^^^^^^^^^^^^^^^^^^^^^^^^^^^^^^^^^^

warning: missing documentation for a struct field
   --> src/consensus/safety_guardrails.rs:899:5
    |
899 |     pub validation_results: Vec<SafetyValidationResult>,
    |     ^^^^^^^^^^^^^^^^^^^^^^^^^^^^^^^^^^^^^^^^^^^^^^^^^^^

warning: missing documentation for a struct field
   --> src/consensus/safety_guardrails.rs:900:5
    |
900 |     pub safety_violations: Vec<SafetyViolation>,
    |     ^^^^^^^^^^^^^^^^^^^^^^^^^^^^^^^^^^^^^^^^^^^

warning: missing documentation for a struct field
   --> src/consensus/safety_guardrails.rs:901:5
    |
901 |     pub required_confirmations: Vec<RequiredConfirmation>,
    |     ^^^^^^^^^^^^^^^^^^^^^^^^^^^^^^^^^^^^^^^^^^^^^^^^^^^^^

warning: missing documentation for a struct field
   --> src/consensus/safety_guardrails.rs:902:5
    |
902 |     pub recommendations: Vec<String>,
    |     ^^^^^^^^^^^^^^^^^^^^^^^^^^^^^^^^

warning: missing documentation for a struct field
   --> src/consensus/safety_guardrails.rs:903:5
    |
903 |     pub execution_requirements: ExecutionRequirements,
    |     ^^^^^^^^^^^^^^^^^^^^^^^^^^^^^^^^^^^^^^^^^^^^^^^^^

warning: missing documentation for an enum
   --> src/consensus/safety_guardrails.rs:907:1
    |
907 | pub enum EnforcementAction {
    | ^^^^^^^^^^^^^^^^^^^^^^^^^^

warning: missing documentation for a variant
   --> src/consensus/safety_guardrails.rs:908:5
    |
908 |     Allow,                      // Operation is safe to proceed
    |     ^^^^^

warning: missing documentation for a variant
   --> src/consensus/safety_guardrails.rs:909:5
    |
909 |     Warn,                       // Proceed with warnings
    |     ^^^^

warning: missing documentation for a variant
   --> src/consensus/safety_guardrails.rs:910:5
    |
910 |     RequireConfirmation,        // Require explicit user confirmation
    |     ^^^^^^^^^^^^^^^^^^^

warning: missing documentation for a variant
   --> src/consensus/safety_guardrails.rs:911:5
    |
911 |     RequireManualOverride,      // Require manual override with justification
    |     ^^^^^^^^^^^^^^^^^^^^^

warning: missing documentation for a variant
   --> src/consensus/safety_guardrails.rs:912:5
    |
912 |     Block,                      // Block operation entirely
    |     ^^^^^

warning: missing documentation for an enum
   --> src/consensus/safety_guardrails.rs:916:1
    |
916 | pub enum ExecutionRequirements {
    | ^^^^^^^^^^^^^^^^^^^^^^^^^^^^^^

warning: missing documentation for a variant
   --> src/consensus/safety_guardrails.rs:917:5
    |
917 |     Auto,                                    // Can execute automatically
    |     ^^^^

warning: missing documentation for a variant
   --> src/consensus/safety_guardrails.rs:918:5
    |
918 |     AutoWithWarning,                         // Execute but show warnings
    |     ^^^^^^^^^^^^^^^

warning: missing documentation for a variant
   --> src/consensus/safety_guardrails.rs:919:5
    |
919 |     ConditionalWithConfirmation,             // Require user confirmation
    |     ^^^^^^^^^^^^^^^^^^^^^^^^^^^

warning: missing documentation for a variant
   --> src/consensus/safety_guardrails.rs:920:5
    |
920 |     ConditionalWithMitigation,               // Require mitigation steps first
    |     ^^^^^^^^^^^^^^^^^^^^^^^^^

warning: missing documentation for a variant
   --> src/consensus/safety_guardrails.rs:921:5
    |
921 |     Manual,                                  // Require manual execution
    |     ^^^^^^

warning: missing documentation for a variant
   --> src/consensus/safety_guardrails.rs:922:5
    |
922 |     Blocked,                                 // Cannot execute
    |     ^^^^^^^

warning: missing documentation for a struct
   --> src/consensus/safety_guardrails.rs:925:1
    |
925 | pub struct DynamicRiskAssessor;
    | ^^^^^^^^^^^^^^^^^^^^^^^^^^^^^^

warning: missing documentation for an associated function
   --> src/consensus/safety_guardrails.rs:927:5
    |
927 |     pub fn new() -> Self { Self }
    |     ^^^^^^^^^^^^^^^^^^^^

warning: missing documentation for a struct
   --> src/consensus/safety_guardrails.rs:930:1
    |
930 | pub struct SafetyPolicyEnforcer;
    | ^^^^^^^^^^^^^^^^^^^^^^^^^^^^^^^

warning: missing documentation for an associated function
   --> src/consensus/safety_guardrails.rs:932:5
    |
932 |     pub fn new() -> Self { Self }
    |     ^^^^^^^^^^^^^^^^^^^^

warning: missing documentation for a struct
   --> src/consensus/safety_guardrails.rs:935:1
    |
935 | pub struct EmergencyBrakeSystem;
    | ^^^^^^^^^^^^^^^^^^^^^^^^^^^^^^^

warning: missing documentation for an associated function
   --> src/consensus/safety_guardrails.rs:937:5
    |
937 |     pub fn new() -> Self { Self }
    |     ^^^^^^^^^^^^^^^^^^^^

warning: missing documentation for a method
   --> src/consensus/safety_guardrails.rs:939:5
    |
939 | /     pub async fn should_brake(
940 | |         &self,
941 | |         _operation: &EnhancedFileOperation,
942 | |         context: &SafetyContext,
943 | |     ) -> Result<Option<String>> {
    | |_______________________________^

warning: missing documentation for a struct
   --> src/consensus/safety_guardrails.rs:964:1
    |
964 | pub struct SafetyMetrics {
    | ^^^^^^^^^^^^^^^^^^^^^^^^

warning: missing documentation for a struct field
   --> src/consensus/safety_guardrails.rs:965:5
    |
965 |     pub total_validations: u64,
    |     ^^^^^^^^^^^^^^^^^^^^^^^^^^

warning: missing documentation for a struct field
   --> src/consensus/safety_guardrails.rs:966:5
    |
966 |     pub blocked_operations: u64,
    |     ^^^^^^^^^^^^^^^^^^^^^^^^^^^

warning: missing documentation for a struct field
   --> src/consensus/safety_guardrails.rs:967:5
    |
967 |     pub manual_overrides_required: u64,
    |     ^^^^^^^^^^^^^^^^^^^^^^^^^^^^^^^^^^

warning: missing documentation for a struct field
   --> src/consensus/safety_guardrails.rs:968:5
    |
968 |     pub confirmations_required: u64,
    |     ^^^^^^^^^^^^^^^^^^^^^^^^^^^^^^^

warning: missing documentation for a struct field
   --> src/consensus/safety_guardrails.rs:969:5
    |
969 |     pub warnings_issued: u64,
    |     ^^^^^^^^^^^^^^^^^^^^^^^^

warning: missing documentation for a struct field
   --> src/consensus/safety_guardrails.rs:970:5
    |
970 |     pub auto_approved: u64,
    |     ^^^^^^^^^^^^^^^^^^^^^^

warning: missing documentation for a struct field
   --> src/consensus/safety_guardrails.rs:971:5
    |
971 |     pub total_violations: u64,
    |     ^^^^^^^^^^^^^^^^^^^^^^^^^

warning: missing documentation for a struct field
   --> src/consensus/safety_guardrails.rs:972:5
    |
972 |     pub last_updated: DateTime<Utc>,
    |     ^^^^^^^^^^^^^^^^^^^^^^^^^^^^^^^

warning: missing documentation for a struct field
  --> src/consensus/file_executor.rs:33:5
   |
33 |     pub operation_id: Uuid,
   |     ^^^^^^^^^^^^^^^^^^^^^^

warning: missing documentation for a struct field
  --> src/consensus/file_executor.rs:34:5
   |
34 |     pub operation: FileOperation,
   |     ^^^^^^^^^^^^^^^^^^^^^^^^^^^^

warning: missing documentation for a struct field
  --> src/consensus/file_executor.rs:35:5
   |
35 |     pub success: bool,
   |     ^^^^^^^^^^^^^^^^^

warning: missing documentation for a struct field
  --> src/consensus/file_executor.rs:36:5
   |
36 |     pub execution_time: Duration,
   |     ^^^^^^^^^^^^^^^^^^^^^^^^^^^^

warning: missing documentation for a struct field
  --> src/consensus/file_executor.rs:37:5
   |
37 |     pub message: String,
   |     ^^^^^^^^^^^^^^^^^^^

warning: missing documentation for a struct field
  --> src/consensus/file_executor.rs:38:5
   |
38 |     pub error_message: Option<String>,
   |     ^^^^^^^^^^^^^^^^^^^^^^^^^^^^^^^^^

warning: missing documentation for a struct field
  --> src/consensus/file_executor.rs:39:5
   |
39 |     pub backup_created: Option<PathBuf>,
   |     ^^^^^^^^^^^^^^^^^^^^^^^^^^^^^^^^^^^

warning: missing documentation for a struct field
  --> src/consensus/file_executor.rs:40:5
   |
40 |     pub rollback_required: bool,
   |     ^^^^^^^^^^^^^^^^^^^^^^^^^^^

warning: missing documentation for a struct field
  --> src/consensus/file_executor.rs:41:5
   |
41 |     pub files_affected: Vec<PathBuf>,
   |     ^^^^^^^^^^^^^^^^^^^^^^^^^^^^^^^^

warning: missing documentation for a struct field
  --> src/consensus/file_executor.rs:47:5
   |
47 |     pub backup_id: Uuid,
   |     ^^^^^^^^^^^^^^^^^^^

warning: missing documentation for a struct field
  --> src/consensus/file_executor.rs:48:5
   |
48 |     pub original_path: PathBuf,
   |     ^^^^^^^^^^^^^^^^^^^^^^^^^^

warning: missing documentation for a struct field
  --> src/consensus/file_executor.rs:49:5
   |
49 |     pub backup_path: PathBuf,
   |     ^^^^^^^^^^^^^^^^^^^^^^^^

warning: missing documentation for a struct field
  --> src/consensus/file_executor.rs:50:5
   |
50 |     pub created_at: SystemTime,
   |     ^^^^^^^^^^^^^^^^^^^^^^^^^^

warning: missing documentation for a struct field
  --> src/consensus/file_executor.rs:51:5
   |
51 |     pub operation_id: Uuid,
   |     ^^^^^^^^^^^^^^^^^^^^^^

warning: missing documentation for a struct field
  --> src/consensus/file_executor.rs:52:5
   |
52 |     pub file_hash: String,
   |     ^^^^^^^^^^^^^^^^^^^^^

warning: missing documentation for a struct field
  --> src/consensus/file_executor.rs:86:5
   |
86 |     pub create_backups: bool,
   |     ^^^^^^^^^^^^^^^^^^^^^^^^

warning: missing documentation for a struct field
  --> src/consensus/file_executor.rs:87:5
   |
87 |     pub validate_syntax: bool,
   |     ^^^^^^^^^^^^^^^^^^^^^^^^^

warning: missing documentation for a struct field
  --> src/consensus/file_executor.rs:88:5
   |
88 |     pub dry_run_mode: bool,
   |     ^^^^^^^^^^^^^^^^^^^^^^

warning: missing documentation for a struct field
  --> src/consensus/file_executor.rs:89:5
   |
89 |     pub max_file_size: u64, // in bytes
   |     ^^^^^^^^^^^^^^^^^^^^^^

warning: missing documentation for a struct field
  --> src/consensus/file_executor.rs:90:5
   |
90 |     pub allowed_extensions: Vec<String>,
   |     ^^^^^^^^^^^^^^^^^^^^^^^^^^^^^^^^^^^

warning: missing documentation for a struct field
  --> src/consensus/file_executor.rs:91:5
   |
91 |     pub forbidden_paths: Vec<PathBuf>,
   |     ^^^^^^^^^^^^^^^^^^^^^^^^^^^^^^^^^

warning: missing documentation for a struct field
  --> src/consensus/file_executor.rs:92:5
   |
92 |     pub stop_on_error: bool,
   |     ^^^^^^^^^^^^^^^^^^^^^^^

warning: missing documentation for an associated function
   --> src/consensus/file_executor.rs:210:5
    |
210 | /     pub fn new(
211 | |         config: ExecutorConfig,
212 | |         decision_engine: SmartDecisionEngine,
213 | |         intelligence_coordinator: OperationIntelligenceCoordinator,
214 | |     ) -> Self {
    | |_____________^

warning: missing documentation for an associated function
    --> src/consensus/file_executor.rs:1017:5
     |
1017 |     pub fn new(enabled: bool) -> Self {
     |     ^^^^^^^^^^^^^^^^^^^^^^^^^^^^^^^^^

warning: missing documentation for a method
    --> src/consensus/file_executor.rs:1024:5
     |
1024 |     pub async fn create_backup(&self, operation: &FileOperation) -> Result<BackupInfo, HiveError> {
     |     ^^^^^^^^^^^^^^^^^^^^^^^^^^^^^^^^^^^^^^^^^^^^^^^^^^^^^^^^^^^^^^^^^^^^^^^^^^^^^^^^^^^^^^^^^^^^^

warning: missing documentation for a method
    --> src/consensus/file_executor.rs:1074:5
     |
1074 |     pub async fn restore_backup(&self, backup_info: &BackupInfo) -> Result<(), HiveError> {
     |     ^^^^^^^^^^^^^^^^^^^^^^^^^^^^^^^^^^^^^^^^^^^^^^^^^^^^^^^^^^^^^^^^^^^^^^^^^^^^^^^^^^^^^

warning: missing documentation for an associated function
    --> src/consensus/file_executor.rs:1097:5
     |
1097 |     pub fn new(enabled: bool) -> Self {
     |     ^^^^^^^^^^^^^^^^^^^^^^^^^^^^^^^^^

warning: missing documentation for a method
    --> src/consensus/file_executor.rs:1101:5
     |
1101 |     pub async fn validate_file(&self, path: &Path) -> Result<(), HiveError> {
     |     ^^^^^^^^^^^^^^^^^^^^^^^^^^^^^^^^^^^^^^^^^^^^^^^^^^^^^^^^^^^^^^^^^^^^^^^

warning: missing documentation for an associated function
  --> src/consensus/ai_operation_parser.rs:92:5
   |
92 |     pub fn new() -> Self {
   |     ^^^^^^^^^^^^^^^^^^^^

warning: missing documentation for a variant
   --> src/consensus/operation_preview_generator.rs:185:5
    |
185 |     Added,
    |     ^^^^^

warning: missing documentation for a variant
   --> src/consensus/operation_preview_generator.rs:186:5
    |
186 |     Removed,
    |     ^^^^^^^

warning: missing documentation for a variant
   --> src/consensus/operation_preview_generator.rs:187:5
    |
187 |     Modified,
    |     ^^^^^^^^

warning: missing documentation for a variant
   --> src/consensus/operation_preview_generator.rs:188:5
    |
188 |     Context,
    |     ^^^^^^^

warning: missing documentation for a struct field
   --> src/consensus/operation_preview_generator.rs:207:5
    |
207 |     pub lines_added: usize,
    |     ^^^^^^^^^^^^^^^^^^^^^^

warning: missing documentation for a struct field
   --> src/consensus/operation_preview_generator.rs:208:5
    |
208 |     pub lines_removed: usize,
    |     ^^^^^^^^^^^^^^^^^^^^^^^^

warning: missing documentation for a struct field
   --> src/consensus/operation_preview_generator.rs:209:5
    |
209 |     pub lines_modified: usize,
    |     ^^^^^^^^^^^^^^^^^^^^^^^^^

warning: missing documentation for a struct field
   --> src/consensus/operation_preview_generator.rs:210:5
    |
210 |     pub total_changes: usize,
    |     ^^^^^^^^^^^^^^^^^^^^^^^^

warning: missing documentation for a variant
   --> src/consensus/operation_preview_generator.rs:238:5
    |
238 |     Low,
    |     ^^^

warning: missing documentation for a variant
   --> src/consensus/operation_preview_generator.rs:239:5
    |
239 |     Medium,
    |     ^^^^^^

warning: missing documentation for a variant
   --> src/consensus/operation_preview_generator.rs:240:5
    |
240 |     High,
    |     ^^^^

warning: missing documentation for a variant
   --> src/consensus/operation_preview_generator.rs:241:5
    |
241 |     Critical,
    |     ^^^^^^^^

warning: missing documentation for a variant
   --> src/consensus/operation_preview_generator.rs:247:5
    |
247 |     Trivial,
    |     ^^^^^^^

warning: missing documentation for a variant
   --> src/consensus/operation_preview_generator.rs:248:5
    |
248 |     Simple,
    |     ^^^^^^

warning: missing documentation for a variant
   --> src/consensus/operation_preview_generator.rs:249:5
    |
249 |     Moderate,
    |     ^^^^^^^^

warning: missing documentation for a variant
   --> src/consensus/operation_preview_generator.rs:250:5
    |
250 |     Complex,
    |     ^^^^^^^

warning: missing documentation for a variant
   --> src/consensus/operation_preview_generator.rs:251:5
    |
251 |     VeryComplex,
    |     ^^^^^^^^^^^

warning: missing documentation for a variant
   --> src/consensus/operation_preview_generator.rs:289:5
    |
289 |     Info,
    |     ^^^^

warning: missing documentation for a variant
   --> src/consensus/operation_preview_generator.rs:290:5
    |
290 |     Warning,
    |     ^^^^^^^

warning: missing documentation for a variant
   --> src/consensus/operation_preview_generator.rs:291:5
    |
291 |     Error,
    |     ^^^^^

warning: missing documentation for an associated function
   --> src/consensus/operation_preview_generator.rs:334:5
    |
334 |     pub fn new(config: PreviewConfig) -> Self {
    |     ^^^^^^^^^^^^^^^^^^^^^^^^^^^^^^^^^^^^^^^^^

warning: missing documentation for a method
  --> src/consensus/streaming_executor.rs:37:5
   |
37 |     fn on_status(&self, status: ExecutionStatus);
   |     ^^^^^^^^^^^^^^^^^^^^^^^^^^^^^^^^^^^^^^^^^^^^^

warning: missing documentation for an associated function
   --> src/consensus/streaming_executor.rs:271:5
    |
271 |     pub fn new() -> Self {
    |     ^^^^^^^^^^^^^^^^^^^^

warning: missing documentation for a method
   --> src/consensus/streaming_executor.rs:280:5
    |
280 |     pub fn with_file_executor(mut self, executor: Arc<FileOperationExecutor>) -> Self {
    |     ^^^^^^^^^^^^^^^^^^^^^^^^^^^^^^^^^^^^^^^^^^^^^^^^^^^^^^^^^^^^^^^^^^^^^^^^^^^^^^^^^

warning: missing documentation for a method
   --> src/consensus/streaming_executor.rs:285:5
    |
285 |     pub fn with_ai_helpers(mut self, helpers: Arc<AIHelperEcosystem>) -> Self {
    |     ^^^^^^^^^^^^^^^^^^^^^^^^^^^^^^^^^^^^^^^^^^^^^^^^^^^^^^^^^^^^^^^^^^^^^^^^^

warning: missing documentation for a method
   --> src/consensus/streaming_executor.rs:290:5
    |
290 |     pub fn with_auto_accept_mode(mut self, mode: Arc<AtomicBool>) -> Self {
    |     ^^^^^^^^^^^^^^^^^^^^^^^^^^^^^^^^^^^^^^^^^^^^^^^^^^^^^^^^^^^^^^^^^^^^^

warning: missing documentation for a method
   --> src/consensus/streaming_executor.rs:295:5
    |
295 |     pub fn with_status_sender(mut self, sender: mpsc::UnboundedSender<ExecutionStatus>) -> Self {
    |     ^^^^^^^^^^^^^^^^^^^^^^^^^^^^^^^^^^^^^^^^^^^^^^^^^^^^^^^^^^^^^^^^^^^^^^^^^^^^^^^^^^^^^^^^^^^

warning: missing documentation for a method
   --> src/consensus/streaming_executor.rs:300:5
    |
300 |     pub fn build(self) -> Result<StreamingOperationExecutor> {
    |     ^^^^^^^^^^^^^^^^^^^^^^^^^^^^^^^^^^^^^^^^^^^^^^^^^^^^^^^^

warning: missing documentation for an associated function
  --> src/consensus/direct_executor.rs:39:5
   |
39 |     pub fn new() -> Self {
   |     ^^^^^^^^^^^^^^^^^^^^

warning: missing documentation for an associated function
   --> src/consensus/direct_executor.rs:149:5
    |
149 | /     pub fn new(
150 | |         generator: Arc<GeneratorStage>,
151 | |         ai_helpers: Arc<AIHelperEcosystem>,
152 | |         executor: Arc<StreamingOperationExecutor>,
...   |
155 | |         db: Arc<DatabaseManager>,
156 | |     ) -> Self {
    | |_____________^

warning: missing documentation for an associated function
   --> src/consensus/direct_executor.rs:453:5
    |
453 |     pub fn new() -> Self {
    |     ^^^^^^^^^^^^^^^^^^^^

warning: missing documentation for a method
   --> src/consensus/direct_executor.rs:464:5
    |
464 |     pub fn with_generator(mut self, generator: Arc<GeneratorStage>) -> Self {
    |     ^^^^^^^^^^^^^^^^^^^^^^^^^^^^^^^^^^^^^^^^^^^^^^^^^^^^^^^^^^^^^^^^^^^^^^^

warning: missing documentation for a method
   --> src/consensus/direct_executor.rs:469:5
    |
469 |     pub fn with_ai_helpers(mut self, helpers: Arc<AIHelperEcosystem>) -> Self {
    |     ^^^^^^^^^^^^^^^^^^^^^^^^^^^^^^^^^^^^^^^^^^^^^^^^^^^^^^^^^^^^^^^^^^^^^^^^^

warning: missing documentation for a method
   --> src/consensus/direct_executor.rs:474:5
    |
474 |     pub fn with_executor(mut self, executor: Arc<StreamingOperationExecutor>) -> Self {
    |     ^^^^^^^^^^^^^^^^^^^^^^^^^^^^^^^^^^^^^^^^^^^^^^^^^^^^^^^^^^^^^^^^^^^^^^^^^^^^^^^^^

warning: missing documentation for a method
   --> src/consensus/direct_executor.rs:479:5
    |
479 |     pub fn with_client(mut self, client: Arc<OpenRouterClient>) -> Self {
    |     ^^^^^^^^^^^^^^^^^^^^^^^^^^^^^^^^^^^^^^^^^^^^^^^^^^^^^^^^^^^^^^^^^^^

warning: missing documentation for a method
   --> src/consensus/direct_executor.rs:484:5
    |
484 |     pub fn with_profile(mut self, profile: ConsensusProfile) -> Self {
    |     ^^^^^^^^^^^^^^^^^^^^^^^^^^^^^^^^^^^^^^^^^^^^^^^^^^^^^^^^^^^^^^^^

warning: missing documentation for a method
   --> src/consensus/direct_executor.rs:489:5
    |
489 |     pub fn with_database(mut self, db: Arc<DatabaseManager>) -> Self {
    |     ^^^^^^^^^^^^^^^^^^^^^^^^^^^^^^^^^^^^^^^^^^^^^^^^^^^^^^^^^^^^^^^^

warning: missing documentation for a method
   --> src/consensus/direct_executor.rs:494:5
    |
494 |     pub fn build(self) -> Result<DirectExecutionHandler> {
    |     ^^^^^^^^^^^^^^^^^^^^^^^^^^^^^^^^^^^^^^^^^^^^^^^^^^^^

warning: missing documentation for a struct
  --> src/consensus/iteration_handler.rs:53:1
   |
53 | pub struct ExecutedOperation {
   | ^^^^^^^^^^^^^^^^^^^^^^^^^^^^

warning: missing documentation for a struct field
  --> src/consensus/iteration_handler.rs:54:5
   |
54 |     pub operation: FileOperation,
   |     ^^^^^^^^^^^^^^^^^^^^^^^^^^^^

warning: missing documentation for a struct field
  --> src/consensus/iteration_handler.rs:55:5
   |
55 |     pub status: String,
   |     ^^^^^^^^^^^^^^^^^^

warning: missing documentation for a struct field
  --> src/consensus/iteration_handler.rs:56:5
   |
56 |     pub timestamp: std::time::SystemTime,
   |     ^^^^^^^^^^^^^^^^^^^^^^^^^^^^^^^^^^^^

warning: missing documentation for a struct field
  --> src/consensus/iteration_handler.rs:57:5
   |
57 |     pub iteration: usize,
   |     ^^^^^^^^^^^^^^^^^^^^

warning: missing documentation for a struct
  --> src/consensus/iteration_handler.rs:61:1
   |
61 | pub struct TestResult {
   | ^^^^^^^^^^^^^^^^^^^^^

warning: missing documentation for a struct field
  --> src/consensus/iteration_handler.rs:62:5
   |
62 |     pub test_command: String,
   |     ^^^^^^^^^^^^^^^^^^^^^^^^

warning: missing documentation for a struct field
  --> src/consensus/iteration_handler.rs:63:5
   |
63 |     pub success: bool,
   |     ^^^^^^^^^^^^^^^^^

warning: missing documentation for a struct field
  --> src/consensus/iteration_handler.rs:64:5
   |
64 |     pub output: String,
   |     ^^^^^^^^^^^^^^^^^^

warning: missing documentation for a struct field
  --> src/consensus/iteration_handler.rs:65:5
   |
65 |     pub iteration: usize,
   |     ^^^^^^^^^^^^^^^^^^^^

warning: missing documentation for a struct
  --> src/consensus/iteration_handler.rs:69:1
   |
69 | pub struct IterationError {
   | ^^^^^^^^^^^^^^^^^^^^^^^^^

warning: missing documentation for a struct field
  --> src/consensus/iteration_handler.rs:70:5
   |
70 |     pub error_type: ErrorType,
   |     ^^^^^^^^^^^^^^^^^^^^^^^^^

warning: missing documentation for a struct field
  --> src/consensus/iteration_handler.rs:71:5
   |
71 |     pub message: String,
   |     ^^^^^^^^^^^^^^^^^^^

warning: missing documentation for a struct field
  --> src/consensus/iteration_handler.rs:72:5
   |
72 |     pub file_path: Option<std::path::PathBuf>,
   |     ^^^^^^^^^^^^^^^^^^^^^^^^^^^^^^^^^^^^^^^^^

warning: missing documentation for a struct field
  --> src/consensus/iteration_handler.rs:73:5
   |
73 |     pub line_number: Option<usize>,
   |     ^^^^^^^^^^^^^^^^^^^^^^^^^^^^^^

warning: missing documentation for a struct field
  --> src/consensus/iteration_handler.rs:74:5
   |
74 |     pub iteration: usize,
   |     ^^^^^^^^^^^^^^^^^^^^

warning: missing documentation for an enum
  --> src/consensus/iteration_handler.rs:78:1
   |
78 | pub enum ErrorType {
   | ^^^^^^^^^^^^^^^^^^

warning: missing documentation for a variant
  --> src/consensus/iteration_handler.rs:79:5
   |
79 |     CompilationError,
   |     ^^^^^^^^^^^^^^^^

warning: missing documentation for a variant
  --> src/consensus/iteration_handler.rs:80:5
   |
80 |     TestFailure,
   |     ^^^^^^^^^^^

warning: missing documentation for a variant
  --> src/consensus/iteration_handler.rs:81:5
   |
81 |     RuntimeError,
   |     ^^^^^^^^^^^^

warning: missing documentation for a variant
  --> src/consensus/iteration_handler.rs:82:5
   |
82 |     LintError,
   |     ^^^^^^^^^

warning: missing documentation for a variant
  --> src/consensus/iteration_handler.rs:83:5
   |
83 |     TypeCheckError,
   |     ^^^^^^^^^^^^^^

warning: missing documentation for a variant
  --> src/consensus/iteration_handler.rs:84:5
   |
84 |     Other(String),
   |     ^^^^^

warning: missing documentation for a variant
   --> src/consensus/iteration_handler.rs:109:5
    |
109 |     Continue,        // Keep going with the plan
    |     ^^^^^^^^

warning: missing documentation for a variant
   --> src/consensus/iteration_handler.rs:110:5
    |
110 |     NeedsFeedback,   // Ask user for clarification
    |     ^^^^^^^^^^^^^

warning: missing documentation for a variant
   --> src/consensus/iteration_handler.rs:111:5
    |
111 |     FixRequired,     // Need to fix errors first
    |     ^^^^^^^^^^^

warning: missing documentation for a variant
   --> src/consensus/iteration_handler.rs:112:5
    |
112 |     TestRequired,    // Should run tests before continuing
    |     ^^^^^^^^^^^^

warning: missing documentation for a variant
   --> src/consensus/iteration_handler.rs:113:5
    |
113 |     Complete,        // Task appears to be done
    |     ^^^^^^^^

warning: missing documentation for an associated function
   --> src/consensus/iteration_handler.rs:126:5
    |
126 | /     pub fn new(
127 | |         original_request: String,
128 | |         ai_helpers: Arc<AIHelperEcosystem>,
129 | |         executor: Arc<StreamingOperationExecutor>,
130 | |         direct_handler: Arc<DirectExecutionHandler>,
131 | |     ) -> Self {
    | |_____________^

warning: missing documentation for a variant
   --> src/consensus/iteration_handler.rs:425:5
    |
425 |     Success {
    |     ^^^^^^^

warning: missing documentation for a struct field
   --> src/consensus/iteration_handler.rs:426:9
    |
426 |         operations: Vec<FileOperation>,
    |         ^^^^^^^^^^^^^^^^^^^^^^^^^^^^^^

warning: missing documentation for a struct field
   --> src/consensus/iteration_handler.rs:427:9
    |
427 |         message: String,
    |         ^^^^^^^^^^^^^^^

warning: missing documentation for a variant
   --> src/consensus/iteration_handler.rs:429:5
    |
429 |     TestResult {
    |     ^^^^^^^^^^

warning: missing documentation for a struct field
   --> src/consensus/iteration_handler.rs:430:9
    |
430 |         result: TestResult,
    |         ^^^^^^^^^^^^^^^^^^

warning: missing documentation for a variant
   --> src/consensus/iteration_handler.rs:432:5
    |
432 |     Error {
    |     ^^^^^

warning: missing documentation for a struct field
   --> src/consensus/iteration_handler.rs:433:9
    |
433 |         error: IterationError,
    |         ^^^^^^^^^^^^^^^^^^^^^

warning: missing documentation for an associated function
  --> src/consensus/mode_detector.rs:35:5
   |
35 |     pub fn new(pattern: &str, mode: ExecutionMode, confidence: f32, description: &str) -> Result<Self> {
   |     ^^^^^^^^^^^^^^^^^^^^^^^^^^^^^^^^^^^^^^^^^^^^^^^^^^^^^^^^^^^^^^^^^^^^^^^^^^^^^^^^^^^^^^^^^^^^^^^^^^

warning: missing documentation for a method
  --> src/consensus/mode_detector.rs:44:5
   |
44 |     pub fn matches(&self, text: &str) -> Option<(ExecutionMode, f32)> {
   |     ^^^^^^^^^^^^^^^^^^^^^^^^^^^^^^^^^^^^^^^^^^^^^^^^^^^^^^^^^^^^^^^^^

warning: missing documentation for an associated function
  --> src/consensus/mode_detector.rs:61:5
   |
61 |     pub fn new() -> Self {
   |     ^^^^^^^^^^^^^^^^^^^^

warning: missing documentation for an associated function
   --> src/consensus/mode_detector.rs:124:5
    |
124 |     pub fn new() -> Result<Self> {
    |     ^^^^^^^^^^^^^^^^^^^^^^^^^^^^

warning: missing documentation for an associated function
  --> src/consensus/ai_file_executor.rs:28:5
   |
28 |     pub fn new(ai_helpers: AIHelperEcosystem) -> Self {
   |     ^^^^^^^^^^^^^^^^^^^^^^^^^^^^^^^^^^^^^^^^^^^^^^^^^

warning: missing documentation for a struct field
  --> src/consensus/file_planner.rs:35:5
   |
35 |     pub operation_id: Uuid,
   |     ^^^^^^^^^^^^^^^^^^^^^^

warning: missing documentation for a struct field
  --> src/consensus/file_planner.rs:36:5
   |
36 |     pub operation: FileOperation,
   |     ^^^^^^^^^^^^^^^^^^^^^^^^^^^^

warning: missing documentation for a struct field
  --> src/consensus/file_planner.rs:37:5
   |
37 |     pub decision: ExecutionPlanDecision,
   |     ^^^^^^^^^^^^^^^^^^^^^^^^^^^^^^^^^^^

warning: missing documentation for a struct field
  --> src/consensus/file_planner.rs:38:5
   |
38 |     pub safety_checks: Vec<SafetyCheck>,
   |     ^^^^^^^^^^^^^^^^^^^^^^^^^^^^^^^^^^^

warning: missing documentation for a struct field
  --> src/consensus/file_planner.rs:39:5
   |
39 |     pub backup_required: bool,
   |     ^^^^^^^^^^^^^^^^^^^^^^^^^

warning: missing documentation for a struct field
  --> src/consensus/file_planner.rs:40:5
   |
40 |     pub validation_required: bool,
   |     ^^^^^^^^^^^^^^^^^^^^^^^^^^^^^

warning: missing documentation for a struct field
  --> src/consensus/file_planner.rs:41:5
   |
41 |     pub analysis: ConsensusOperationAnalysis,
   |     ^^^^^^^^^^^^^^^^^^^^^^^^^^^^^^^^^^^^^^^^

warning: missing documentation for a struct field
  --> src/consensus/file_planner.rs:42:5
   |
42 |     pub created_at: SystemTime,
   |     ^^^^^^^^^^^^^^^^^^^^^^^^^^

warning: missing documentation for a variant
  --> src/consensus/file_planner.rs:48:5
   |
48 |     Approved {
   |     ^^^^^^^^

warning: missing documentation for a struct field
  --> src/consensus/file_planner.rs:49:9
   |
49 |         confidence: f32,
   |         ^^^^^^^^^^^^^^^

warning: missing documentation for a struct field
  --> src/consensus/file_planner.rs:50:9
   |
50 |         risk_level: f32,
   |         ^^^^^^^^^^^^^^^

warning: missing documentation for a struct field
  --> src/consensus/file_planner.rs:51:9
   |
51 |         reason: String,
   |         ^^^^^^^^^^^^^^

warning: missing documentation for a variant
  --> src/consensus/file_planner.rs:53:5
   |
53 |     RequiresConfirmation {
   |     ^^^^^^^^^^^^^^^^^^^^

warning: missing documentation for a struct field
  --> src/consensus/file_planner.rs:54:9
   |
54 |         warnings: Vec<String>,
   |         ^^^^^^^^^^^^^^^^^^^^^

warning: missing documentation for a struct field
  --> src/consensus/file_planner.rs:55:9
   |
55 |         suggestions: Vec<String>,
   |         ^^^^^^^^^^^^^^^^^^^^^^^^

warning: missing documentation for a variant
  --> src/consensus/file_planner.rs:57:5
   |
57 |     Blocked {
   |     ^^^^^^^

warning: missing documentation for a struct field
  --> src/consensus/file_planner.rs:58:9
   |
58 |         reasons: Vec<String>,
   |         ^^^^^^^^^^^^^^^^^^^^

warning: missing documentation for a variant
  --> src/consensus/file_planner.rs:65:5
   |
65 |     PathValidation {
   |     ^^^^^^^^^^^^^^

warning: missing documentation for a struct field
  --> src/consensus/file_planner.rs:66:9
   |
66 |         forbidden_paths: Vec<PathBuf>,
   |         ^^^^^^^^^^^^^^^^^^^^^^^^^^^^^

warning: missing documentation for a struct field
  --> src/consensus/file_planner.rs:67:9
   |
67 |         allowed_extensions: Vec<String>,
   |         ^^^^^^^^^^^^^^^^^^^^^^^^^^^^^^^

warning: missing documentation for a variant
  --> src/consensus/file_planner.rs:69:5
   |
69 |     SizeLimit {
   |     ^^^^^^^^^

warning: missing documentation for a struct field
  --> src/consensus/file_planner.rs:70:9
   |
70 |         max_size: u64,
   |         ^^^^^^^^^^^^^

warning: missing documentation for a struct field
  --> src/consensus/file_planner.rs:71:9
   |
71 |         content_size: u64,
   |         ^^^^^^^^^^^^^^^^^

warning: missing documentation for a variant
  --> src/consensus/file_planner.rs:73:5
   |
73 |     BackupRequired,
   |     ^^^^^^^^^^^^^^

warning: missing documentation for a variant
  --> src/consensus/file_planner.rs:74:5
   |
74 |     SyntaxValidation,
   |     ^^^^^^^^^^^^^^^^

warning: missing documentation for a variant
  --> src/consensus/file_planner.rs:75:5
   |
75 |     DependencyCheck {
   |     ^^^^^^^^^^^^^^^

warning: missing documentation for a struct field
  --> src/consensus/file_planner.rs:76:9
   |
76 |         required_files: Vec<PathBuf>,
   |         ^^^^^^^^^^^^^^^^^^^^^^^^^^^^

warning: missing documentation for a struct field
  --> src/consensus/file_planner.rs:83:5
   |
83 |     pub plans: Vec<OperationPlan>,
   |     ^^^^^^^^^^^^^^^^^^^^^^^^^^^^^

warning: missing documentation for a struct field
  --> src/consensus/file_planner.rs:84:5
   |
84 |     pub execution_order: Vec<usize>,
   |     ^^^^^^^^^^^^^^^^^^^^^^^^^^^^^^^

warning: missing documentation for a struct field
  --> src/consensus/file_planner.rs:85:5
   |
85 |     pub rollback_strategy: RollbackStrategy,
   |     ^^^^^^^^^^^^^^^^^^^^^^^^^^^^^^^^^^^^^^^

warning: missing documentation for a struct field
  --> src/consensus/file_planner.rs:86:5
   |
86 |     pub stop_on_error: bool,
   |     ^^^^^^^^^^^^^^^^^^^^^^^

warning: missing documentation for a struct field
  --> src/consensus/file_planner.rs:87:5
   |
87 |     pub total_operations: usize,
   |     ^^^^^^^^^^^^^^^^^^^^^^^^^^^

warning: missing documentation for a struct field
  --> src/consensus/file_planner.rs:88:5
   |
88 |     pub created_at: SystemTime,
   |     ^^^^^^^^^^^^^^^^^^^^^^^^^^

warning: missing documentation for a variant
  --> src/consensus/file_planner.rs:94:5
   |
94 |     ReverseOrder,
   |     ^^^^^^^^^^^^

warning: missing documentation for a variant
  --> src/consensus/file_planner.rs:95:5
   |
95 |     DependencyBased,
   |     ^^^^^^^^^^^^^^^

warning: missing documentation for a variant
  --> src/consensus/file_planner.rs:96:5
   |
96 |     None,
   |     ^^^^

warning: missing documentation for a struct field
   --> src/consensus/file_planner.rs:102:5
    |
102 |     pub create_backups: bool,
    |     ^^^^^^^^^^^^^^^^^^^^^^^^

warning: missing documentation for a struct field
   --> src/consensus/file_planner.rs:103:5
    |
103 |     pub validate_syntax: bool,
    |     ^^^^^^^^^^^^^^^^^^^^^^^^^

warning: missing documentation for a struct field
   --> src/consensus/file_planner.rs:104:5
    |
104 |     pub dry_run_mode: bool,
    |     ^^^^^^^^^^^^^^^^^^^^^^

warning: missing documentation for a struct field
   --> src/consensus/file_planner.rs:105:5
    |
105 |     pub max_file_size: u64, // in bytes
    |     ^^^^^^^^^^^^^^^^^^^^^^

warning: missing documentation for a struct field
   --> src/consensus/file_planner.rs:106:5
    |
106 |     pub allowed_extensions: Vec<String>,
    |     ^^^^^^^^^^^^^^^^^^^^^^^^^^^^^^^^^^^

warning: missing documentation for a struct field
   --> src/consensus/file_planner.rs:107:5
    |
107 |     pub forbidden_paths: Vec<PathBuf>,
    |     ^^^^^^^^^^^^^^^^^^^^^^^^^^^^^^^^^

warning: missing documentation for a struct field
   --> src/consensus/file_planner.rs:108:5
    |
108 |     pub stop_on_error: bool,
    |     ^^^^^^^^^^^^^^^^^^^^^^^

warning: missing documentation for an associated function
   --> src/consensus/file_planner.rs:225:5
    |
225 | /     pub fn new(
226 | |         config: PlannerConfig,
227 | |         decision_engine: SmartDecisionEngine,
228 | |         intelligence_coordinator: OperationIntelligenceCoordinator,
229 | |     ) -> Self {
    | |_____________^

warning: missing documentation for a struct field
   --> src/consensus/file_planner.rs:733:5
    |
733 |     pub plans: Vec<OperationPlan>,
    |     ^^^^^^^^^^^^^^^^^^^^^^^^^^^^^

warning: missing documentation for a struct field
   --> src/consensus/file_planner.rs:734:5
    |
734 |     pub parser_confidence: f32,
    |     ^^^^^^^^^^^^^^^^^^^^^^^^^^

warning: missing documentation for a struct field
   --> src/consensus/file_planner.rs:735:5
    |
735 |     pub parser_warnings: Vec<String>,
    |     ^^^^^^^^^^^^^^^^^^^^^^^^^^^^^^^^

warning: missing documentation for a struct field
   --> src/consensus/file_planner.rs:736:5
    |
736 |     pub unparsed_blocks: Vec<String>,
    |     ^^^^^^^^^^^^^^^^^^^^^^^^^^^^^^^^

warning: missing documentation for a struct field
   --> src/consensus/file_planner.rs:737:5
    |
737 |     pub total_planning_time: Duration,
    |     ^^^^^^^^^^^^^^^^^^^^^^^^^^^^^^^^^

warning: missing documentation for a struct
  --> src/consensus/rollback_planner_v2.rs:35:1
   |
35 | pub struct RollbackPlanningConfig {
   | ^^^^^^^^^^^^^^^^^^^^^^^^^^^^^^^^^

warning: missing documentation for an associated function
  --> src/consensus/rollback_planner_v2.rs:58:5
   |
58 | /     pub fn new(
59 | |         operation_intelligence: Arc<OperationIntelligenceCoordinator>,
60 | |         history_database: Option<Arc<OperationHistoryDatabase>>,
61 | |         config: RollbackPlanningConfig,
62 | |     ) -> Self {
   | |_____________^

warning: missing documentation for a struct field
   --> src/consensus/rollback_planner_v2.rs:447:5
    |
447 |     pub plan_id: String,
    |     ^^^^^^^^^^^^^^^^^^^

warning: missing documentation for a struct field
   --> src/consensus/rollback_planner_v2.rs:448:5
    |
448 |     pub feasibility_score: f64,
    |     ^^^^^^^^^^^^^^^^^^^^^^^^^^

warning: missing documentation for a struct field
   --> src/consensus/rollback_planner_v2.rs:449:5
    |
449 |     pub feasible_operations: usize,
    |     ^^^^^^^^^^^^^^^^^^^^^^^^^^^^^^

warning: missing documentation for a struct field
   --> src/consensus/rollback_planner_v2.rs:450:5
    |
450 |     pub total_operations: usize,
    |     ^^^^^^^^^^^^^^^^^^^^^^^^^^^

warning: missing documentation for a struct field
   --> src/consensus/rollback_planner_v2.rs:451:5
    |
451 |     pub issues: Vec<String>,
    |     ^^^^^^^^^^^^^^^^^^^^^^^

warning: missing documentation for a struct field
   --> src/consensus/rollback_planner_v2.rs:452:5
    |
452 |     pub recommendation: String,
    |     ^^^^^^^^^^^^^^^^^^^^^^^^^^

warning: missing documentation for an associated function
  --> src/consensus/ai_rollback_executor.rs:31:5
   |
31 | /     pub fn new(
32 | |         ai_helpers: AIHelperEcosystem,
33 | |         operation_intelligence: Arc<OperationIntelligenceCoordinator>,
34 | |         history_database: Option<Arc<OperationHistoryDatabase>>,
35 | |     ) -> Self {
   | |_____________^

warning: missing documentation for a module
 --> src/core/mod.rs:3:1
  |
3 | pub mod api_keys;
  | ^^^^^^^^^^^^^^^^

warning: missing documentation for a module
  --> src/core/mod.rs:13:1
   |
13 | pub mod database;
   | ^^^^^^^^^^^^^^^^

warning: missing documentation for a module
  --> src/core/mod.rs:14:1
   |
14 | pub mod database_simple;
   | ^^^^^^^^^^^^^^^^^^^^^^^

warning: missing documentation for a module
  --> src/core/mod.rs:15:1
   |
15 | pub mod database_working;
   | ^^^^^^^^^^^^^^^^^^^^^^^^

warning: missing documentation for a module
  --> src/core/mod.rs:24:1
   |
24 | pub mod migrations_simple;
   | ^^^^^^^^^^^^^^^^^^^^^^^^^

warning: missing documentation for a module
  --> src/core/mod.rs:31:1
   |
31 | pub mod updater;
   | ^^^^^^^^^^^^^^^

warning: missing documentation for a module
  --> src/core/mod.rs:37:1
   |
37 | pub mod usage_tracker;
   | ^^^^^^^^^^^^^^^^^^^^^

warning: missing documentation for a module
  --> src/core/mod.rs:43:1
   |
43 | pub mod migrator;
   | ^^^^^^^^^^^^^^^^

warning: missing documentation for a module
  --> src/core/mod.rs:49:1
   |
49 | pub mod uninstaller;
   | ^^^^^^^^^^^^^^^^^^^

warning: missing documentation for a type alias
  --> src/core/mod.rs:99:1
   |
99 | pub type LanguageType = Language;
   | ^^^^^^^^^^^^^^^^^^^^^

warning: missing documentation for a variant
   --> src/core/mod.rs:130:5
    |
130 |     Rust,
    |     ^^^^

warning: missing documentation for a variant
   --> src/core/mod.rs:131:5
    |
131 |     TypeScript,
    |     ^^^^^^^^^^

warning: missing documentation for a variant
   --> src/core/mod.rs:132:5
    |
132 |     JavaScript,
    |     ^^^^^^^^^^

warning: missing documentation for a variant
   --> src/core/mod.rs:133:5
    |
133 |     Python,
    |     ^^^^^^

warning: missing documentation for a variant
   --> src/core/mod.rs:134:5
    |
134 |     Go,
    |     ^^

warning: missing documentation for a variant
   --> src/core/mod.rs:135:5
    |
135 |     Java,
    |     ^^^^

warning: missing documentation for a variant
   --> src/core/mod.rs:136:5
    |
136 |     Cpp,
    |     ^^^

warning: missing documentation for a variant
   --> src/core/mod.rs:137:5
    |
137 |     C,
    |     ^

warning: missing documentation for a variant
   --> src/core/mod.rs:138:5
    |
138 |     Ruby,
    |     ^^^^

warning: missing documentation for a variant
   --> src/core/mod.rs:139:5
    |
139 |     PHP,
    |     ^^^

warning: missing documentation for a variant
   --> src/core/mod.rs:140:5
    |
140 |     Swift,
    |     ^^^^^

warning: missing documentation for a variant
   --> src/core/mod.rs:141:5
    |
141 |     Unknown,
    |     ^^^^^^^

warning: missing documentation for a method
   --> src/core/mod.rs:145:5
    |
145 |     pub fn as_str(&self) -> &'static str {
    |     ^^^^^^^^^^^^^^^^^^^^^^^^^^^^^^^^^^^^

warning: missing documentation for a struct field
  --> src/core/api_keys.rs:17:5
   |
17 |     pub openrouter_key: Option<String>,
   |     ^^^^^^^^^^^^^^^^^^^^^^^^^^^^^^^^^^

warning: missing documentation for a struct field
  --> src/core/api_keys.rs:18:5
   |
18 |     pub hive_key: Option<String>,
   |     ^^^^^^^^^^^^^^^^^^^^^^^^^^^^

warning: missing documentation for a struct field
  --> src/core/api_keys.rs:19:5
   |
19 |     pub anthropic_key: Option<String>,
   |     ^^^^^^^^^^^^^^^^^^^^^^^^^^^^^^^^^

warning: missing documentation for a variant
   --> src/core/ast.rs:102:5
    |
102 |     Function,
    |     ^^^^^^^^

warning: missing documentation for a variant
   --> src/core/ast.rs:103:5
    |
103 |     Method,
    |     ^^^^^^

warning: missing documentation for a variant
   --> src/core/ast.rs:104:5
    |
104 |     Class,
    |     ^^^^^

warning: missing documentation for a variant
   --> src/core/ast.rs:105:5
    |
105 |     Interface,
    |     ^^^^^^^^^

warning: missing documentation for a variant
   --> src/core/ast.rs:106:5
    |
106 |     Enum,
    |     ^^^^

warning: missing documentation for a variant
   --> src/core/ast.rs:107:5
    |
107 |     Struct,
    |     ^^^^^^

warning: missing documentation for a variant
   --> src/core/ast.rs:108:5
    |
108 |     Variable,
    |     ^^^^^^^^

warning: missing documentation for a variant
   --> src/core/ast.rs:109:5
    |
109 |     Constant,
    |     ^^^^^^^^

warning: missing documentation for a variant
   --> src/core/ast.rs:110:5
    |
110 |     Module,
    |     ^^^^^^

warning: missing documentation for a variant
   --> src/core/ast.rs:111:5
    |
111 |     Namespace,
    |     ^^^^^^^^^

warning: missing documentation for a variant
   --> src/core/ast.rs:112:5
    |
112 |     Property,
    |     ^^^^^^^^

warning: missing documentation for a variant
   --> src/core/ast.rs:113:5
    |
113 |     Parameter,
    |     ^^^^^^^^^

warning: missing documentation for a variant
   --> src/core/ast.rs:114:5
    |
114 |     TypeAlias,
    |     ^^^^^^^^^

warning: missing documentation for a variant
   --> src/core/ast.rs:115:5
    |
115 |     Import,
    |     ^^^^^^

warning: missing documentation for a variant
   --> src/core/ast.rs:116:5
    |
116 |     Trait,
    |     ^^^^^

warning: missing documentation for a variant
   --> src/core/ast.rs:184:5
    |
184 |     Error,
    |     ^^^^^

warning: missing documentation for a variant
   --> src/core/ast.rs:185:5
    |
185 |     Warning,
    |     ^^^^^^^

warning: missing documentation for a variant
   --> src/core/ast.rs:186:5
    |
186 |     Info,
    |     ^^^^

warning: missing documentation for a variant
   --> src/core/ast.rs:187:5
    |
187 |     Hint,
    |     ^^^^

warning: missing documentation for a struct field
  --> src/core/config.rs:22:5
   |
22 |     pub consensus: ConsensusConfig,
   |     ^^^^^^^^^^^^^^^^^^^^^^^^^^^^^^

warning: missing documentation for a struct field
  --> src/core/config.rs:23:5
   |
23 |     pub performance: PerformanceConfig,
   |     ^^^^^^^^^^^^^^^^^^^^^^^^^^^^^^^^^^

warning: missing documentation for a struct field
  --> src/core/config.rs:24:5
   |
24 |     pub interface: InterfaceConfig,
   |     ^^^^^^^^^^^^^^^^^^^^^^^^^^^^^^

warning: missing documentation for a struct field
  --> src/core/config.rs:25:5
   |
25 |     pub security: SecurityConfig,
   |     ^^^^^^^^^^^^^^^^^^^^^^^^^^^^

warning: missing documentation for a struct field
  --> src/core/config.rs:26:5
   |
26 |     pub logging: LoggingConfig,
   |     ^^^^^^^^^^^^^^^^^^^^^^^^^^

warning: missing documentation for a struct field
  --> src/core/config.rs:27:5
   |
27 |     pub openrouter: Option<OpenRouterConfig>,
   |     ^^^^^^^^^^^^^^^^^^^^^^^^^^^^^^^^^^^^^^^^

warning: missing documentation for a struct field
  --> src/core/config.rs:28:5
   |
28 |     pub cloudflare: Option<CloudflareConfig>,
   |     ^^^^^^^^^^^^^^^^^^^^^^^^^^^^^^^^^^^^^^^^

warning: missing documentation for a struct field
  --> src/core/config.rs:29:5
   |
29 |     pub license: Option<LicenseConfig>,
   |     ^^^^^^^^^^^^^^^^^^^^^^^^^^^^^^^^^^

warning: missing documentation for a struct field
  --> src/core/config.rs:30:5
   |
30 |     pub core_dirs: CoreDirsConfig,
   |     ^^^^^^^^^^^^^^^^^^^^^^^^^^^^^

warning: missing documentation for a struct field
  --> src/core/config.rs:31:5
   |
31 |     pub analytics: AnalyticsConfig,
   |     ^^^^^^^^^^^^^^^^^^^^^^^^^^^^^^

warning: missing documentation for a struct field
  --> src/core/config.rs:32:5
   |
32 |     pub database: DatabaseConfig,
   |     ^^^^^^^^^^^^^^^^^^^^^^^^^^^^

warning: missing documentation for a struct field
  --> src/core/config.rs:33:5
   |
33 |     pub memory: MemoryConfig,
   |     ^^^^^^^^^^^^^^^^^^^^^^^^

warning: missing documentation for a struct field
  --> src/core/config.rs:39:5
   |
39 |     pub data_dir: PathBuf,
   |     ^^^^^^^^^^^^^^^^^^^^^

warning: missing documentation for a struct field
  --> src/core/config.rs:40:5
   |
40 |     pub config_dir: PathBuf,
   |     ^^^^^^^^^^^^^^^^^^^^^^^

warning: missing documentation for a struct field
  --> src/core/config.rs:41:5
   |
41 |     pub cache_dir: PathBuf,
   |     ^^^^^^^^^^^^^^^^^^^^^^

warning: missing documentation for a struct field
  --> src/core/config.rs:47:5
   |
47 |     pub collection_enabled: bool,
   |     ^^^^^^^^^^^^^^^^^^^^^^^^^^^^

warning: missing documentation for a struct field
  --> src/core/config.rs:48:5
   |
48 |     pub retention_days: u32,
   |     ^^^^^^^^^^^^^^^^^^^^^^^

warning: missing documentation for a struct field
  --> src/core/config.rs:49:5
   |
49 |     pub export_enabled: bool,
   |     ^^^^^^^^^^^^^^^^^^^^^^^^

warning: missing documentation for a struct field
  --> src/core/config.rs:55:5
   |
55 |     pub path: PathBuf,
   |     ^^^^^^^^^^^^^^^^^

warning: missing documentation for a struct field
  --> src/core/config.rs:56:5
   |
56 |     pub connection_pool_size: usize,
   |     ^^^^^^^^^^^^^^^^^^^^^^^^^^^^^^^

warning: missing documentation for a struct field
  --> src/core/config.rs:57:5
   |
57 |     pub enable_wal: bool,
   |     ^^^^^^^^^^^^^^^^^^^^

warning: missing documentation for a struct field
  --> src/core/config.rs:58:5
   |
58 |     pub auto_vacuum: bool,
   |     ^^^^^^^^^^^^^^^^^^^^^

warning: missing documentation for a struct field
  --> src/core/config.rs:64:5
   |
64 |     pub max_conversations: usize,
   |     ^^^^^^^^^^^^^^^^^^^^^^^^^^^^

warning: missing documentation for a struct field
  --> src/core/config.rs:65:5
   |
65 |     pub context_window_size: usize,
   |     ^^^^^^^^^^^^^^^^^^^^^^^^^^^^^^

warning: missing documentation for a struct field
  --> src/core/config.rs:66:5
   |
66 |     pub clustering_enabled: bool,
   |     ^^^^^^^^^^^^^^^^^^^^^^^^^^^^

warning: missing documentation for a struct field
  --> src/core/config.rs:67:5
   |
67 |     pub embedding_model: String,
   |     ^^^^^^^^^^^^^^^^^^^^^^^^^^^

warning: missing documentation for a struct field
  --> src/core/config.rs:74:5
   |
74 |     pub streaming: StreamingConfig,
   |     ^^^^^^^^^^^^^^^^^^^^^^^^^^^^^^

warning: missing documentation for a struct field
  --> src/core/config.rs:75:5
   |
75 |     pub timeout_seconds: u32,
   |     ^^^^^^^^^^^^^^^^^^^^^^^^

warning: missing documentation for a struct field
  --> src/core/config.rs:81:5
   |
81 |     pub enabled: bool,
   |     ^^^^^^^^^^^^^^^^^

warning: missing documentation for a struct field
  --> src/core/config.rs:82:5
   |
82 |     pub buffer_size: usize,
   |     ^^^^^^^^^^^^^^^^^^^^^^

warning: missing documentation for a struct field
  --> src/core/config.rs:83:5
   |
83 |     pub chunk_delay_ms: u32,
   |     ^^^^^^^^^^^^^^^^^^^^^^^

warning: missing documentation for a struct field
  --> src/core/config.rs:89:5
   |
89 |     pub cache_size: String,
   |     ^^^^^^^^^^^^^^^^^^^^^^

warning: missing documentation for a struct field
  --> src/core/config.rs:90:5
   |
90 |     pub max_workers: usize,
   |     ^^^^^^^^^^^^^^^^^^^^^^

warning: missing documentation for a struct field
  --> src/core/config.rs:91:5
   |
91 |     pub incremental_parsing: bool,
   |     ^^^^^^^^^^^^^^^^^^^^^^^^^^^^^

warning: missing documentation for a struct field
  --> src/core/config.rs:92:5
   |
92 |     pub background_indexing: bool,
   |     ^^^^^^^^^^^^^^^^^^^^^^^^^^^^^

warning: missing documentation for a struct field
  --> src/core/config.rs:98:5
   |
98 |     pub tui_mode: bool,
   |     ^^^^^^^^^^^^^^^^^^

warning: missing documentation for a struct field
  --> src/core/config.rs:99:5
   |
99 |     pub prefer_tui: bool,
   |     ^^^^^^^^^^^^^^^^^^^^

warning: missing documentation for a struct field
   --> src/core/config.rs:100:5
    |
100 |     pub tui: TuiConfig,
    |     ^^^^^^^^^^^^^^^^^^

warning: missing documentation for a struct field
   --> src/core/config.rs:106:5
    |
106 |     pub theme: String,
    |     ^^^^^^^^^^^^^^^^^

warning: missing documentation for a struct field
   --> src/core/config.rs:107:5
    |
107 |     pub mouse_enabled: bool,
    |     ^^^^^^^^^^^^^^^^^^^^^^^

warning: missing documentation for a struct field
   --> src/core/config.rs:108:5
    |
108 |     pub show_line_numbers: bool,
    |     ^^^^^^^^^^^^^^^^^^^^^^^^^^^

warning: missing documentation for a struct field
   --> src/core/config.rs:109:5
    |
109 |     pub auto_completion: bool,
    |     ^^^^^^^^^^^^^^^^^^^^^^^^^

warning: missing documentation for a struct field
   --> src/core/config.rs:115:5
    |
115 |     pub trust_mode: String,
    |     ^^^^^^^^^^^^^^^^^^^^^^

warning: missing documentation for a struct field
   --> src/core/config.rs:116:5
    |
116 |     pub require_confirmation: bool,
    |     ^^^^^^^^^^^^^^^^^^^^^^^^^^^^^^

warning: missing documentation for a struct field
   --> src/core/config.rs:117:5
    |
117 |     pub audit_logging: bool,
    |     ^^^^^^^^^^^^^^^^^^^^^^^

warning: missing documentation for a struct field
   --> src/core/config.rs:118:5
    |
118 |     pub telemetry: bool,
    |     ^^^^^^^^^^^^^^^^^^^

warning: missing documentation for a struct field
   --> src/core/config.rs:119:5
    |
119 |     pub enable_mfa: bool,
    |     ^^^^^^^^^^^^^^^^^^^^

warning: missing documentation for a struct field
   --> src/core/config.rs:120:5
    |
120 |     pub session_timeout: u32,
    |     ^^^^^^^^^^^^^^^^^^^^^^^^

warning: missing documentation for a struct field
   --> src/core/config.rs:121:5
    |
121 |     pub trust_dialog: TrustDialogConfig,
    |     ^^^^^^^^^^^^^^^^^^^^^^^^^^^^^^^^^^^

warning: missing documentation for a struct field
   --> src/core/config.rs:127:5
    |
127 |     pub enabled: bool,
    |     ^^^^^^^^^^^^^^^^^

warning: missing documentation for a struct field
   --> src/core/config.rs:128:5
    |
128 |     pub auto_trust_git: bool,
    |     ^^^^^^^^^^^^^^^^^^^^^^^^

warning: missing documentation for a struct field
   --> src/core/config.rs:129:5
    |
129 |     pub trust_timeout: u32,
    |     ^^^^^^^^^^^^^^^^^^^^^^

warning: missing documentation for a struct field
   --> src/core/config.rs:135:5
    |
135 |     pub level: String,
    |     ^^^^^^^^^^^^^^^^^

warning: missing documentation for a struct field
   --> src/core/config.rs:136:5
    |
136 |     pub file: Option<String>,
    |     ^^^^^^^^^^^^^^^^^^^^^^^^

warning: missing documentation for a struct field
   --> src/core/config.rs:137:5
    |
137 |     pub format: String,
    |     ^^^^^^^^^^^^^^^^^^

warning: missing documentation for a struct field
   --> src/core/config.rs:143:5
    |
143 |     pub api_key: Option<String>,
    |     ^^^^^^^^^^^^^^^^^^^^^^^^^^^

warning: missing documentation for a struct field
   --> src/core/config.rs:144:5
    |
144 |     pub base_url: String,
    |     ^^^^^^^^^^^^^^^^^^^^

warning: missing documentation for a struct field
   --> src/core/config.rs:145:5
    |
145 |     pub timeout_seconds: u32,
    |     ^^^^^^^^^^^^^^^^^^^^^^^^

warning: missing documentation for a struct field
   --> src/core/config.rs:146:5
    |
146 |     pub max_retries: u32,
    |     ^^^^^^^^^^^^^^^^^^^^

warning: missing documentation for a struct field
   --> src/core/config.rs:152:5
    |
152 |     pub database_id: String,
    |     ^^^^^^^^^^^^^^^^^^^^^^^

warning: missing documentation for a struct field
   --> src/core/config.rs:153:5
    |
153 |     pub account_id: String,
    |     ^^^^^^^^^^^^^^^^^^^^^^

warning: missing documentation for a struct field
   --> src/core/config.rs:154:5
    |
154 |     pub api_token: String,
    |     ^^^^^^^^^^^^^^^^^^^^^

warning: missing documentation for a struct field
   --> src/core/config.rs:155:5
    |
155 |     pub sync_enabled: bool,
    |     ^^^^^^^^^^^^^^^^^^^^^^

warning: missing documentation for a struct field
   --> src/core/config.rs:161:5
    |
161 |     pub key: Option<String>,
    |     ^^^^^^^^^^^^^^^^^^^^^^^

warning: missing documentation for a struct field
   --> src/core/config.rs:162:5
    |
162 |     pub email: Option<String>,
    |     ^^^^^^^^^^^^^^^^^^^^^^^^^

warning: missing documentation for a struct field
   --> src/core/config.rs:163:5
    |
163 |     pub tier: Option<String>,
    |     ^^^^^^^^^^^^^^^^^^^^^^^^

warning: missing documentation for a struct field
  --> src/core/error.rs:22:22
   |
22 |     ConfigNotFound { path: PathBuf },
   |                      ^^^^^^^^^^^^^

warning: missing documentation for a struct field
  --> src/core/error.rs:26:21
   |
26 |     ConfigInvalid { message: String },
   |                     ^^^^^^^^^^^^^^^

warning: missing documentation for a struct field
  --> src/core/error.rs:30:26
   |
30 |     ConfigMissingField { field: String },
   |                          ^^^^^^^^^^^^^

warning: missing documentation for a struct field
  --> src/core/error.rs:34:25
   |
34 |     ConfigDirCreation { path: PathBuf },
   |                         ^^^^^^^^^^^^^

warning: missing documentation for a struct field
  --> src/core/error.rs:39:26
   |
39 |     DatabaseConnection { message: String },
   |                          ^^^^^^^^^^^^^^^

warning: missing documentation for a struct field
  --> src/core/error.rs:43:25
   |
43 |     DatabaseMigration { version: String, target: String },
   |                         ^^^^^^^^^^^^^^^

warning: missing documentation for a struct field
  --> src/core/error.rs:43:42
   |
43 |     DatabaseMigration { version: String, target: String },
   |                                          ^^^^^^^^^^^^^^

warning: missing documentation for a struct field
  --> src/core/error.rs:47:21
   |
47 |     DatabaseQuery { query: String },
   |                     ^^^^^^^^^^^^^

warning: missing documentation for a struct field
  --> src/core/error.rs:51:22
   |
51 |     DatabaseSchema { message: String },
   |                      ^^^^^^^^^^^^^^^

warning: missing documentation for a struct field
  --> src/core/error.rs:55:22
   |
55 |     CloudflareSync { message: String },
   |                      ^^^^^^^^^^^^^^^

warning: missing documentation for a struct field
  --> src/core/error.rs:59:17
   |
59 |     Migration { message: String },
   |                 ^^^^^^^^^^^^^^^

warning: missing documentation for a struct field
  --> src/core/error.rs:64:19
   |
64 |     HttpRequest { url: String, status: u16 },
   |                   ^^^^^^^^^^^

warning: missing documentation for a struct field
  --> src/core/error.rs:64:32
   |
64 |     HttpRequest { url: String, status: u16 },
   |                                ^^^^^^^^^^^

warning: missing documentation for a struct field
  --> src/core/error.rs:68:21
   |
68 |     OpenRouterApi { message: String },
   |                     ^^^^^^^^^^^^^^^

warning: missing documentation for a struct field
  --> src/core/error.rs:72:25
   |
72 |     RateLimitExceeded { provider: String, retry_after: u64 },
   |                         ^^^^^^^^^^^^^^^^

warning: missing documentation for a struct field
  --> src/core/error.rs:72:43
   |
72 |     RateLimitExceeded { provider: String, retry_after: u64 },
   |                                           ^^^^^^^^^^^^^^^^

warning: missing documentation for a struct field
  --> src/core/error.rs:76:22
   |
76 |     NetworkTimeout { operation: String, seconds: u64 },
   |                      ^^^^^^^^^^^^^^^^^

warning: missing documentation for a struct field
  --> src/core/error.rs:76:41
   |
76 |     NetworkTimeout { operation: String, seconds: u64 },
   |                                         ^^^^^^^^^^^^

warning: missing documentation for a struct field
  --> src/core/error.rs:80:28
   |
80 |     AuthenticationFailed { service: String, message: String },
   |                            ^^^^^^^^^^^^^^^

warning: missing documentation for a struct field
  --> src/core/error.rs:80:45
   |
80 |     AuthenticationFailed { service: String, message: String },
   |                                             ^^^^^^^^^^^^^^^

warning: missing documentation for a struct field
  --> src/core/error.rs:84:21
   |
84 |     InvalidApiKey { service: String },
   |                     ^^^^^^^^^^^^^^^

warning: missing documentation for a struct field
  --> src/core/error.rs:89:20
   |
89 |     FileNotFound { path: PathBuf },
   |                    ^^^^^^^^^^^^^

warning: missing documentation for a struct field
  --> src/core/error.rs:93:28
   |
93 |     FilePermissionDenied { path: PathBuf },
   |                            ^^^^^^^^^^^^^

warning: missing documentation for a struct field
  --> src/core/error.rs:97:25
   |
97 |     DirectoryNotFound { path: PathBuf },
   |                         ^^^^^^^^^^^^^

warning: missing documentation for a struct field
   --> src/core/error.rs:101:19
    |
101 |     FileParsing { path: PathBuf, message: String },
    |                   ^^^^^^^^^^^^^

warning: missing documentation for a struct field
   --> src/core/error.rs:101:34
    |
101 |     FileParsing { path: PathBuf, message: String },
    |                                  ^^^^^^^^^^^^^^^

warning: missing documentation for a struct field
   --> src/core/error.rs:105:19
    |
105 |     FileWriting { path: PathBuf, message: String },
    |                   ^^^^^^^^^^^^^

warning: missing documentation for a struct field
   --> src/core/error.rs:105:34
    |
105 |     FileWriting { path: PathBuf, message: String },
    |                                  ^^^^^^^^^^^^^^^

warning: missing documentation for a struct field
   --> src/core/error.rs:109:19
    |
109 |     FileReading { path: PathBuf, message: String },
    |                   ^^^^^^^^^^^^^

warning: missing documentation for a struct field
   --> src/core/error.rs:109:34
    |
109 |     FileReading { path: PathBuf, message: String },
    |                                  ^^^^^^^^^^^^^^^

warning: missing documentation for a struct field
   --> src/core/error.rs:114:27
    |
114 |     ConsensusGeneration { model: String, message: String },
    |                           ^^^^^^^^^^^^^

warning: missing documentation for a struct field
   --> src/core/error.rs:114:42
    |
114 |     ConsensusGeneration { model: String, message: String },
    |                                          ^^^^^^^^^^^^^^^

warning: missing documentation for a struct field
   --> src/core/error.rs:118:27
    |
118 |     ConsensusRefinement { message: String },
    |                           ^^^^^^^^^^^^^^^

warning: missing documentation for a struct field
   --> src/core/error.rs:122:27
    |
122 |     ConsensusValidation { message: String },
    |                           ^^^^^^^^^^^^^^^

warning: missing documentation for a struct field
   --> src/core/error.rs:126:25
    |
126 |     ConsensusCuration { message: String },
    |                         ^^^^^^^^^^^^^^^

warning: missing documentation for a struct field
   --> src/core/error.rs:130:25
    |
130 |     NoConsensusModels { stage: String },
    |                         ^^^^^^^^^^^^^

warning: missing documentation for a struct field
   --> src/core/error.rs:134:26
    |
134 |     ConsensusStreaming { message: String },
    |                          ^^^^^^^^^^^^^^^

warning: missing documentation for a struct field
   --> src/core/error.rs:138:24
    |
138 |     ConsensusQuality { quality: f64, threshold: f64 },
    |                        ^^^^^^^^^^^^

warning: missing documentation for a struct field
   --> src/core/error.rs:138:38
    |
138 |     ConsensusQuality { quality: f64, threshold: f64 },
    |                                      ^^^^^^^^^^^^^^

warning: missing documentation for a struct field
   --> src/core/error.rs:143:27
    |
143 |     DirectoryNotTrusted { path: PathBuf },
    |                           ^^^^^^^^^^^^^

warning: missing documentation for a struct field
   --> src/core/error.rs:147:28
    |
147 |     SecurityPolicyDenied { path: PathBuf },
    |                            ^^^^^^^^^^^^^

warning: missing documentation for a struct field
   --> src/core/error.rs:151:31
    |
151 |     TrustDatabaseCorruption { message: String },
    |                               ^^^^^^^^^^^^^^^

warning: missing documentation for a struct field
   --> src/core/error.rs:155:28
    |
155 |     InvalidSecurityToken { message: String },
    |                            ^^^^^^^^^^^^^^^

warning: missing documentation for a struct field
   --> src/core/error.rs:159:27
    |
159 |     SecurityAuditFailed { operation: String, message: String },
    |                           ^^^^^^^^^^^^^^^^^

warning: missing documentation for a struct field
   --> src/core/error.rs:159:46
    |
159 |     SecurityAuditFailed { operation: String, message: String },
    |                                              ^^^^^^^^^^^^^^^

warning: missing documentation for a struct field
   --> src/core/error.rs:164:24
    |
164 |     TerminalTooSmall { width: u16, height: u16 },
    |                        ^^^^^^^^^^

warning: missing documentation for a struct field
   --> src/core/error.rs:164:36
    |
164 |     TerminalTooSmall { width: u16, height: u16 },
    |                                    ^^^^^^^^^^^

warning: missing documentation for a struct field
   --> src/core/error.rs:168:20
    |
168 |     TuiRendering { message: String },
    |                    ^^^^^^^^^^^^^^^

warning: missing documentation for a struct field
   --> src/core/error.rs:172:16
    |
172 |     TuiInput { message: String },
    |                ^^^^^^^^^^^^^^^

warning: missing documentation for a struct field
   --> src/core/error.rs:176:26
    |
176 |     TuiEventProcessing { event: String },
    |                          ^^^^^^^^^^^^^

warning: missing documentation for a struct field
   --> src/core/error.rs:180:26
    |
180 |     TerminalModeSwitch { message: String },
    |                          ^^^^^^^^^^^^^^^

warning: missing documentation for a struct field
   --> src/core/error.rs:185:18
    |
185 |     AstParsing { file: PathBuf, message: String },
    |                  ^^^^^^^^^^^^^

warning: missing documentation for a struct field
   --> src/core/error.rs:185:33
    |
185 |     AstParsing { file: PathBuf, message: String },
    |                                 ^^^^^^^^^^^^^^^

warning: missing documentation for a struct field
   --> src/core/error.rs:189:25
    |
189 |     LanguageDetection { file: PathBuf },
    |                         ^^^^^^^^^^^^^

warning: missing documentation for a struct field
   --> src/core/error.rs:193:24
    |
193 |     SemanticAnalysis { message: String },
    |                        ^^^^^^^^^^^^^^^

warning: missing documentation for a struct field
   --> src/core/error.rs:197:26
    |
197 |     CodeTransformation { message: String },
    |                          ^^^^^^^^^^^^^^^

warning: missing documentation for a struct field
   --> src/core/error.rs:202:27
    |
202 |     MemoryLimitExceeded { current: u64, limit: u64 },
    |                           ^^^^^^^^^^^^

warning: missing documentation for a struct field
   --> src/core/error.rs:202:41
    |
202 |     MemoryLimitExceeded { current: u64, limit: u64 },
    |                                         ^^^^^^^^^^

warning: missing documentation for a struct field
   --> src/core/error.rs:206:23
    |
206 |     CacheCorruption { cache_type: String, message: String },
    |                       ^^^^^^^^^^^^^^^^^^

warning: missing documentation for a struct field
   --> src/core/error.rs:206:43
    |
206 |     CacheCorruption { cache_type: String, message: String },
    |                                           ^^^^^^^^^^^^^^^

warning: missing documentation for a struct field
   --> src/core/error.rs:210:21
    |
210 |     CacheEviction { message: String },
    |                     ^^^^^^^^^^^^^^^

warning: missing documentation for a struct field
   --> src/core/error.rs:215:23
    |
215 |     GitRepoNotFound { path: PathBuf },
    |                       ^^^^^^^^^^^^^

warning: missing documentation for a struct field
   --> src/core/error.rs:219:20
    |
219 |     GitOperation { operation: String, message: String },
    |                    ^^^^^^^^^^^^^^^^^

warning: missing documentation for a struct field
   --> src/core/error.rs:219:39
    |
219 |     GitOperation { operation: String, message: String },
    |                                       ^^^^^^^^^^^^^^^

warning: missing documentation for a struct field
   --> src/core/error.rs:223:26
    |
223 |     RepositoryAnalysis { message: String },
    |                          ^^^^^^^^^^^^^^^

warning: missing documentation for a struct field
   --> src/core/error.rs:233:21
    |
233 |     McpConnection { server: String },
    |                     ^^^^^^^^^^^^^^

warning: missing documentation for a struct field
   --> src/core/error.rs:237:25
    |
237 |     LspInitialization { message: String },
    |                         ^^^^^^^^^^^^^^^

warning: missing documentation for a struct field
   --> src/core/error.rs:241:22
    |
241 |     IdeIntegration { ide: String, message: String },
    |                      ^^^^^^^^^^^

warning: missing documentation for a struct field
   --> src/core/error.rs:241:35
    |
241 |     IdeIntegration { ide: String, message: String },
    |                                   ^^^^^^^^^^^^^^^

warning: missing documentation for a struct field
   --> src/core/error.rs:246:16
    |
246 |     Security { message: String },
    |                ^^^^^^^^^^^^^^^

warning: missing documentation for a struct field
   --> src/core/error.rs:251:20
    |
251 |     EnvVarNotSet { var: String },
    |                    ^^^^^^^^^^^

warning: missing documentation for a struct field
   --> src/core/error.rs:255:33
    |
255 |     SystemResourceUnavailable { resource: String },
    |                                 ^^^^^^^^^^^^^^^^

warning: missing documentation for a struct field
   --> src/core/error.rs:259:25
    |
259 |     LicenseValidation { message: String },
    |                         ^^^^^^^^^^^^^^^

warning: missing documentation for a struct field
   --> src/core/error.rs:263:27
    |
263 |     FeatureNotAvailable { feature: String },
    |                           ^^^^^^^^^^^^^^^

warning: missing documentation for a struct field
   --> src/core/error.rs:268:27
    |
268 |     FileOperationFailed { operation: String, path: PathBuf, reason: String },
    |                           ^^^^^^^^^^^^^^^^^

warning: missing documentation for a struct field
   --> src/core/error.rs:268:46
    |
268 |     FileOperationFailed { operation: String, path: PathBuf, reason: String },
    |                                              ^^^^^^^^^^^^^

warning: missing documentation for a struct field
   --> src/core/error.rs:268:61
    |
268 |     FileOperationFailed { operation: String, path: PathBuf, reason: String },
    |                                                             ^^^^^^^^^^^^^^

warning: missing documentation for a struct field
   --> src/core/error.rs:273:9
    |
273 |         operation_id: uuid::Uuid, 
    |         ^^^^^^^^^^^^^^^^^^^^^^^^

warning: missing documentation for a struct field
   --> src/core/error.rs:274:9
    |
274 |         warnings: Vec<String>, 
    |         ^^^^^^^^^^^^^^^^^^^^^

warning: missing documentation for a struct field
   --> src/core/error.rs:275:9
    |
275 |         suggestions: Vec<String> 
    |         ^^^^^^^^^^^^^^^^^^^^^^^^

warning: missing documentation for a struct field
   --> src/core/error.rs:281:9
    |
281 |         operation_id: uuid::Uuid, 
    |         ^^^^^^^^^^^^^^^^^^^^^^^^

warning: missing documentation for a struct field
   --> src/core/error.rs:282:9
    |
282 |         reasons: Vec<String> 
    |         ^^^^^^^^^^^^^^^^^^^^

warning: missing documentation for a struct field
   --> src/core/error.rs:291:29
    |
291 |     SyntaxValidationError { file: PathBuf, message: String },
    |                             ^^^^^^^^^^^^^

warning: missing documentation for a struct field
   --> src/core/error.rs:291:44
    |
291 |     SyntaxValidationError { file: PathBuf, message: String },
    |                                            ^^^^^^^^^^^^^^^

warning: missing documentation for a struct field
   --> src/core/error.rs:296:16
    |
296 |     Internal { context: String, message: String },
    |                ^^^^^^^^^^^^^^^

warning: missing documentation for a struct field
   --> src/core/error.rs:296:33
    |
296 |     Internal { context: String, message: String },
    |                                 ^^^^^^^^^^^^^^^

warning: missing documentation for a struct field
   --> src/core/error.rs:300:15
    |
300 |     Timeout { operation: String, seconds: u64 },
    |               ^^^^^^^^^^^^^^^^^

warning: missing documentation for a struct field
   --> src/core/error.rs:300:34
    |
300 |     Timeout { operation: String, seconds: u64 },
    |                                  ^^^^^^^^^^^^

warning: missing documentation for a struct field
   --> src/core/error.rs:304:25
    |
304 |     ResourceExhausted { resource: String },
    |                         ^^^^^^^^^^^^^^^^

warning: missing documentation for a variant
   --> src/core/error.rs:481:5
    |
481 |     Configuration,
    |     ^^^^^^^^^^^^^

warning: missing documentation for a variant
   --> src/core/error.rs:482:5
    |
482 |     Database,
    |     ^^^^^^^^

warning: missing documentation for a variant
   --> src/core/error.rs:483:5
    |
483 |     Network,
    |     ^^^^^^^

warning: missing documentation for a variant
   --> src/core/error.rs:484:5
    |
484 |     FileSystem,
    |     ^^^^^^^^^^

warning: missing documentation for a variant
   --> src/core/error.rs:485:5
    |
485 |     Consensus,
    |     ^^^^^^^^^

warning: missing documentation for a variant
   --> src/core/error.rs:486:5
    |
486 |     Security,
    |     ^^^^^^^^

warning: missing documentation for a variant
   --> src/core/error.rs:487:5
    |
487 |     Interface,
    |     ^^^^^^^^^

warning: missing documentation for a variant
   --> src/core/error.rs:488:5
    |
488 |     Planning,
    |     ^^^^^^^^

warning: missing documentation for a variant
   --> src/core/error.rs:489:5
    |
489 |     System,
    |     ^^^^^^

warning: missing documentation for a type alias
   --> src/core/error.rs:710:1
    |
710 | pub type HiveResult<T> = std::result::Result<T, HiveError>;
    | ^^^^^^^^^^^^^^^^^^^^^^

warning: missing documentation for a macro
   --> src/core/logging.rs:457:1
    |
457 | macro_rules! log_user_action {
    | ^^^^^^^^^^^^^^^^^^^^^^^^^^^^

warning: missing documentation for a macro
   --> src/core/logging.rs:467:1
    |
467 | macro_rules! log_error {
    | ^^^^^^^^^^^^^^^^^^^^^^

warning: missing documentation for a struct field
  --> src/core/temporal.rs:37:5
   |
37 |     pub is_business_hours: bool,
   |     ^^^^^^^^^^^^^^^^^^^^^^^^^^^

warning: missing documentation for a struct field
  --> src/core/temporal.rs:38:5
   |
38 |     pub time_of_day: TimeOfDay,
   |     ^^^^^^^^^^^^^^^^^^^^^^^^^^

warning: missing documentation for a struct field
  --> src/core/temporal.rs:39:5
   |
39 |     pub day_of_week: String,
   |     ^^^^^^^^^^^^^^^^^^^^^^^

warning: missing documentation for a struct field
  --> src/core/temporal.rs:40:5
   |
40 |     pub formatted_time: String,
   |     ^^^^^^^^^^^^^^^^^^^^^^^^^^

warning: missing documentation for a struct field
  --> src/core/temporal.rs:41:5
   |
41 |     pub formatted_date: String,
   |     ^^^^^^^^^^^^^^^^^^^^^^^^^^

warning: missing documentation for a struct field
  --> src/core/temporal.rs:42:5
   |
42 |     pub relative_time: String,
   |     ^^^^^^^^^^^^^^^^^^^^^^^^^

warning: missing documentation for a variant
  --> src/core/temporal.rs:48:5
   |
48 |     EarlyMorning, // 5-8 AM
   |     ^^^^^^^^^^^^

warning: missing documentation for a variant
  --> src/core/temporal.rs:49:5
   |
49 |     Morning,      // 8-12 PM
   |     ^^^^^^^

warning: missing documentation for a variant
  --> src/core/temporal.rs:50:5
   |
50 |     Afternoon,    // 12-17 PM
   |     ^^^^^^^^^

warning: missing documentation for a variant
  --> src/core/temporal.rs:51:5
   |
51 |     Evening,      // 17-21 PM
   |     ^^^^^^^

warning: missing documentation for a variant
  --> src/core/temporal.rs:52:5
   |
52 |     Night,        // 21-5 AM
   |     ^^^^^

warning: missing documentation for a struct field
  --> src/core/database.rs:20:5
   |
20 |     pub path: PathBuf,
   |     ^^^^^^^^^^^^^^^^^

warning: missing documentation for a struct field
  --> src/core/database.rs:21:5
   |
21 |     pub max_connections: u32,
   |     ^^^^^^^^^^^^^^^^^^^^^^^^

warning: missing documentation for a struct field
  --> src/core/database.rs:22:5
   |
22 |     pub connection_timeout: Duration,
   |     ^^^^^^^^^^^^^^^^^^^^^^^^^^^^^^^^

warning: missing documentation for a struct field
  --> src/core/database.rs:23:5
   |
23 |     pub idle_timeout: Duration,
   |     ^^^^^^^^^^^^^^^^^^^^^^^^^^

warning: missing documentation for a struct field
  --> src/core/database.rs:24:5
   |
24 |     pub enable_wal: bool,
   |     ^^^^^^^^^^^^^^^^^^^^

warning: missing documentation for a struct field
  --> src/core/database.rs:25:5
   |
25 |     pub enable_foreign_keys: bool,
   |     ^^^^^^^^^^^^^^^^^^^^^^^^^^^^^

warning: missing documentation for a struct field
  --> src/core/database.rs:26:5
   |
26 |     pub cache_size: i32,
   |     ^^^^^^^^^^^^^^^^^^^

warning: missing documentation for a struct field
  --> src/core/database.rs:27:5
   |
27 |     pub synchronous: String,
   |     ^^^^^^^^^^^^^^^^^^^^^^^

warning: missing documentation for a struct field
  --> src/core/database.rs:28:5
   |
28 |     pub journal_mode: String,
   |     ^^^^^^^^^^^^^^^^^^^^^^^^

warning: missing documentation for a struct field
   --> src/core/database.rs:600:5
    |
600 |     pub healthy: bool,
    |     ^^^^^^^^^^^^^^^^^

warning: missing documentation for a struct field
   --> src/core/database.rs:601:5
    |
601 |     pub response_time: Duration,
    |     ^^^^^^^^^^^^^^^^^^^^^^^^^^^

warning: missing documentation for a struct field
   --> src/core/database.rs:602:5
    |
602 |     pub timestamp: String,
    |     ^^^^^^^^^^^^^^^^^^^^^

warning: missing documentation for a struct field
   --> src/core/database.rs:603:5
    |
603 |     pub pool_size: u32,
    |     ^^^^^^^^^^^^^^^^^^

warning: missing documentation for a struct field
   --> src/core/database.rs:604:5
    |
604 |     pub idle_connections: u32,
    |     ^^^^^^^^^^^^^^^^^^^^^^^^^

warning: missing documentation for a struct field
   --> src/core/database.rs:605:5
    |
605 |     pub wal_mode_active: bool,
    |     ^^^^^^^^^^^^^^^^^^^^^^^^^

warning: missing documentation for a struct field
   --> src/core/database.rs:606:5
    |
606 |     pub foreign_keys_enabled: bool,
    |     ^^^^^^^^^^^^^^^^^^^^^^^^^^^^^^

warning: missing documentation for a struct field
   --> src/core/database.rs:612:5
    |
612 |     pub conversation_count: i64,
    |     ^^^^^^^^^^^^^^^^^^^^^^^^^^^

warning: missing documentation for a struct field
   --> src/core/database.rs:613:5
    |
613 |     pub message_count: i64,
    |     ^^^^^^^^^^^^^^^^^^^^^^

warning: missing documentation for a struct field
   --> src/core/database.rs:614:5
    |
614 |     pub model_count: i64,
    |     ^^^^^^^^^^^^^^^^^^^^

warning: missing documentation for a struct field
   --> src/core/database.rs:615:5
    |
615 |     pub user_count: i64,
    |     ^^^^^^^^^^^^^^^^^^^

warning: missing documentation for a struct field
   --> src/core/database.rs:616:5
    |
616 |     pub profile_count: i64,
    |     ^^^^^^^^^^^^^^^^^^^^^^

warning: missing documentation for a struct field
   --> src/core/database.rs:617:5
    |
617 |     pub knowledge_count: i64,
    |     ^^^^^^^^^^^^^^^^^^^^^^^^

warning: missing documentation for a struct field
   --> src/core/database.rs:618:5
    |
618 |     pub database_size_bytes: u64,
    |     ^^^^^^^^^^^^^^^^^^^^^^^^^^^^

warning: missing documentation for a struct field
   --> src/core/database.rs:619:5
    |
619 |     pub pool_size: u32,
    |     ^^^^^^^^^^^^^^^^^^

warning: missing documentation for a struct field
   --> src/core/database.rs:620:5
    |
620 |     pub idle_connections: u32,
    |     ^^^^^^^^^^^^^^^^^^^^^^^^^

warning: missing documentation for a struct field
   --> src/core/database.rs:659:5
    |
659 |     pub id: String,
    |     ^^^^^^^^^^^^^^

warning: missing documentation for a struct field
   --> src/core/database.rs:660:5
    |
660 |     pub email: Option<String>,
    |     ^^^^^^^^^^^^^^^^^^^^^^^^^

warning: missing documentation for a struct field
   --> src/core/database.rs:661:5
    |
661 |     pub license_key: Option<String>,
    |     ^^^^^^^^^^^^^^^^^^^^^^^^^^^^^^^

warning: missing documentation for a struct field
   --> src/core/database.rs:662:5
    |
662 |     pub tier: String,
    |     ^^^^^^^^^^^^^^^^

warning: missing documentation for a struct field
   --> src/core/database.rs:663:5
    |
663 |     pub created_at: String,
    |     ^^^^^^^^^^^^^^^^^^^^^^

warning: missing documentation for a struct field
   --> src/core/database.rs:664:5
    |
664 |     pub updated_at: String,
    |     ^^^^^^^^^^^^^^^^^^^^^^

warning: missing documentation for a struct field
   --> src/core/database.rs:754:5
    |
754 |     pub id: String,
    |     ^^^^^^^^^^^^^^

warning: missing documentation for a struct field
   --> src/core/database.rs:755:5
    |
755 |     pub user_id: Option<String>,
    |     ^^^^^^^^^^^^^^^^^^^^^^^^^^^

warning: missing documentation for a struct field
   --> src/core/database.rs:756:5
    |
756 |     pub consensus_profile_id: Option<String>,
    |     ^^^^^^^^^^^^^^^^^^^^^^^^^^^^^^^^^^^^^^^^

warning: missing documentation for a struct field
   --> src/core/database.rs:757:5
    |
757 |     pub total_cost: f64,
    |     ^^^^^^^^^^^^^^^^^^^

warning: missing documentation for a struct field
   --> src/core/database.rs:758:5
    |
758 |     pub total_tokens_input: i32,
    |     ^^^^^^^^^^^^^^^^^^^^^^^^^^^

warning: missing documentation for a struct field
   --> src/core/database.rs:759:5
    |
759 |     pub total_tokens_output: i32,
    |     ^^^^^^^^^^^^^^^^^^^^^^^^^^^^

warning: missing documentation for a struct field
   --> src/core/database.rs:760:5
    |
760 |     pub start_time: Option<String>,
    |     ^^^^^^^^^^^^^^^^^^^^^^^^^^^^^^

warning: missing documentation for a struct field
   --> src/core/database.rs:761:5
    |
761 |     pub end_time: Option<String>,
    |     ^^^^^^^^^^^^^^^^^^^^^^^^^^^^

warning: missing documentation for a struct field
   --> src/core/database.rs:762:5
    |
762 |     pub success_rate: String,
    |     ^^^^^^^^^^^^^^^^^^^^^^^^

warning: missing documentation for a struct field
   --> src/core/database.rs:763:5
    |
763 |     pub quality_score: f64,
    |     ^^^^^^^^^^^^^^^^^^^^^^

warning: missing documentation for a struct field
   --> src/core/database.rs:764:5
    |
764 |     pub consensus_improvement: i32,
    |     ^^^^^^^^^^^^^^^^^^^^^^^^^^^^^^

warning: missing documentation for a struct field
   --> src/core/database.rs:765:5
    |
765 |     pub confidence_level: String,
    |     ^^^^^^^^^^^^^^^^^^^^^^^^^^^^

warning: missing documentation for a struct field
   --> src/core/database.rs:766:5
    |
766 |     pub success: bool,
    |     ^^^^^^^^^^^^^^^^^

warning: missing documentation for a struct field
   --> src/core/database.rs:767:5
    |
767 |     pub created_at: String,
    |     ^^^^^^^^^^^^^^^^^^^^^^

warning: missing documentation for a struct field
   --> src/core/database.rs:768:5
    |
768 |     pub updated_at: String,
    |     ^^^^^^^^^^^^^^^^^^^^^^

warning: missing documentation for a struct field
   --> src/core/database.rs:916:5
    |
916 |     pub id: String,
    |     ^^^^^^^^^^^^^^

warning: missing documentation for a struct field
   --> src/core/database.rs:917:5
    |
917 |     pub conversation_id: String,
    |     ^^^^^^^^^^^^^^^^^^^^^^^^^^^

warning: missing documentation for a struct field
   --> src/core/database.rs:918:5
    |
918 |     pub role: String,
    |     ^^^^^^^^^^^^^^^^

warning: missing documentation for a struct field
   --> src/core/database.rs:919:5
    |
919 |     pub content: String,
    |     ^^^^^^^^^^^^^^^^^^^

warning: missing documentation for a struct field
   --> src/core/database.rs:920:5
    |
920 |     pub stage: Option<String>,
    |     ^^^^^^^^^^^^^^^^^^^^^^^^^

warning: missing documentation for a struct field
   --> src/core/database.rs:921:5
    |
921 |     pub model_used: Option<String>,
    |     ^^^^^^^^^^^^^^^^^^^^^^^^^^^^^^

warning: missing documentation for a struct field
   --> src/core/database.rs:922:5
    |
922 |     pub timestamp: String,
    |     ^^^^^^^^^^^^^^^^^^^^^

warning: missing documentation for a struct field
   --> src/core/database.rs:997:5
    |
997 |     pub id: String,
    |     ^^^^^^^^^^^^^^

warning: missing documentation for a struct field
   --> src/core/database.rs:998:5
    |
998 |     pub conversation_id: Option<String>,
    |     ^^^^^^^^^^^^^^^^^^^^^^^^^^^^^^^^^^^

warning: missing documentation for a struct field
   --> src/core/database.rs:999:5
    |
999 |     pub question: String,
    |     ^^^^^^^^^^^^^^^^^^^^

warning: missing documentation for a struct field
    --> src/core/database.rs:1000:5
     |
1000 |     pub final_answer: String,
     |     ^^^^^^^^^^^^^^^^^^^^^^^^

warning: missing documentation for a struct field
    --> src/core/database.rs:1001:5
     |
1001 |     pub source_of_truth: String,
     |     ^^^^^^^^^^^^^^^^^^^^^^^^^^^

warning: missing documentation for a struct field
    --> src/core/database.rs:1002:5
     |
1002 |     pub conversation_context: Option<String>,
     |     ^^^^^^^^^^^^^^^^^^^^^^^^^^^^^^^^^^^^^^^^

warning: missing documentation for a struct field
    --> src/core/database.rs:1003:5
     |
1003 |     pub profile_id: Option<String>,
     |     ^^^^^^^^^^^^^^^^^^^^^^^^^^^^^^

warning: missing documentation for a struct field
    --> src/core/database.rs:1004:5
     |
1004 |     pub created_at: String,
     |     ^^^^^^^^^^^^^^^^^^^^^^

warning: missing documentation for a struct field
    --> src/core/database.rs:1005:5
     |
1005 |     pub last_updated: String,
     |     ^^^^^^^^^^^^^^^^^^^^^^^^

warning: missing documentation for a struct field
    --> src/core/database.rs:1154:5
     |
1154 |     pub id: String,
     |     ^^^^^^^^^^^^^^

warning: missing documentation for a struct field
    --> src/core/database.rs:1155:5
     |
1155 |     pub profile_name: String,
     |     ^^^^^^^^^^^^^^^^^^^^^^^^

warning: missing documentation for a struct field
    --> src/core/database.rs:1156:5
     |
1156 |     pub generator_model: String,
     |     ^^^^^^^^^^^^^^^^^^^^^^^^^^^

warning: missing documentation for a struct field
    --> src/core/database.rs:1157:5
     |
1157 |     pub refiner_model: String,
     |     ^^^^^^^^^^^^^^^^^^^^^^^^^

warning: missing documentation for a struct field
    --> src/core/database.rs:1158:5
     |
1158 |     pub validator_model: String,
     |     ^^^^^^^^^^^^^^^^^^^^^^^^^^^

warning: missing documentation for a struct field
    --> src/core/database.rs:1159:5
     |
1159 |     pub curator_model: String,
     |     ^^^^^^^^^^^^^^^^^^^^^^^^^

warning: missing documentation for a struct field
    --> src/core/database.rs:1160:5
     |
1160 |     pub created_at: String,
     |     ^^^^^^^^^^^^^^^^^^^^^^

warning: missing documentation for a struct field
    --> src/core/database.rs:1161:5
     |
1161 |     pub updated_at: String,
     |     ^^^^^^^^^^^^^^^^^^^^^^

warning: missing documentation for a struct field
    --> src/core/database.rs:1272:5
     |
1272 |     pub id: i32,
     |     ^^^^^^^^^^^

warning: missing documentation for a struct field
    --> src/core/database.rs:1273:5
     |
1273 |     pub event_type: String,
     |     ^^^^^^^^^^^^^^^^^^^^^^

warning: missing documentation for a struct field
    --> src/core/database.rs:1274:5
     |
1274 |     pub conversation_id: Option<String>,
     |     ^^^^^^^^^^^^^^^^^^^^^^^^^^^^^^^^^^^

warning: missing documentation for a struct field
    --> src/core/database.rs:1275:5
     |
1275 |     pub user_id: Option<String>,
     |     ^^^^^^^^^^^^^^^^^^^^^^^^^^^

warning: missing documentation for a struct field
    --> src/core/database.rs:1276:5
     |
1276 |     pub stage: Option<String>,
     |     ^^^^^^^^^^^^^^^^^^^^^^^^^

warning: missing documentation for a struct field
    --> src/core/database.rs:1277:5
     |
1277 |     pub model_used: Option<String>,
     |     ^^^^^^^^^^^^^^^^^^^^^^^^^^^^^^

warning: missing documentation for a struct field
    --> src/core/database.rs:1278:5
     |
1278 |     pub provider_name: Option<String>,
     |     ^^^^^^^^^^^^^^^^^^^^^^^^^^^^^^^^^

warning: missing documentation for a struct field
    --> src/core/database.rs:1279:5
     |
1279 |     pub cost: Option<f64>,
     |     ^^^^^^^^^^^^^^^^^^^^^

warning: missing documentation for a struct field
    --> src/core/database.rs:1280:5
     |
1280 |     pub duration_ms: Option<i32>,
     |     ^^^^^^^^^^^^^^^^^^^^^^^^^^^^

warning: missing documentation for a struct field
    --> src/core/database.rs:1281:5
     |
1281 |     pub tokens_used: Option<i32>,
     |     ^^^^^^^^^^^^^^^^^^^^^^^^^^^^

warning: missing documentation for a struct field
    --> src/core/database.rs:1282:5
     |
1282 |     pub error_message: Option<String>,
     |     ^^^^^^^^^^^^^^^^^^^^^^^^^^^^^^^^^

warning: missing documentation for a struct field
    --> src/core/database.rs:1283:5
     |
1283 |     pub metadata: Option<String>,
     |     ^^^^^^^^^^^^^^^^^^^^^^^^^^^^

warning: missing documentation for a struct field
    --> src/core/database.rs:1284:5
     |
1284 |     pub created_at: String,
     |     ^^^^^^^^^^^^^^^^^^^^^^

warning: missing documentation for a struct
  --> src/core/database_simple.rs:10:1
   |
10 | pub struct DatabaseConfig {
   | ^^^^^^^^^^^^^^^^^^^^^^^^^

warning: missing documentation for a struct field
  --> src/core/database_simple.rs:11:5
   |
11 |     pub path: PathBuf,
   |     ^^^^^^^^^^^^^^^^^

warning: missing documentation for a struct field
  --> src/core/database_simple.rs:12:5
   |
12 |     pub enable_wal: bool,
   |     ^^^^^^^^^^^^^^^^^^^^

warning: missing documentation for a struct field
  --> src/core/database_simple.rs:13:5
   |
13 |     pub enable_foreign_keys: bool,
   |     ^^^^^^^^^^^^^^^^^^^^^^^^^^^^^

warning: missing documentation for a struct field
  --> src/core/database_simple.rs:29:5
   |
29 |     pub healthy: bool,
   |     ^^^^^^^^^^^^^^^^^

warning: missing documentation for a struct field
  --> src/core/database_simple.rs:30:5
   |
30 |     pub wal_mode_active: bool,
   |     ^^^^^^^^^^^^^^^^^^^^^^^^^

warning: missing documentation for a struct field
  --> src/core/database_simple.rs:31:5
   |
31 |     pub foreign_keys_enabled: bool,
   |     ^^^^^^^^^^^^^^^^^^^^^^^^^^^^^^

warning: missing documentation for a struct field
  --> src/core/database_simple.rs:37:5
   |
37 |     pub conversation_count: i64,
   |     ^^^^^^^^^^^^^^^^^^^^^^^^^^^

warning: missing documentation for a struct field
  --> src/core/database_simple.rs:38:5
   |
38 |     pub message_count: i64,
   |     ^^^^^^^^^^^^^^^^^^^^^^

warning: missing documentation for a struct field
  --> src/core/database_simple.rs:39:5
   |
39 |     pub model_count: i64,
   |     ^^^^^^^^^^^^^^^^^^^^

warning: missing documentation for a struct field
  --> src/core/database_simple.rs:40:5
   |
40 |     pub user_count: i64,
   |     ^^^^^^^^^^^^^^^^^^^

warning: missing documentation for a struct field
  --> src/core/database_simple.rs:41:5
   |
41 |     pub profile_count: i64,
   |     ^^^^^^^^^^^^^^^^^^^^^^

warning: missing documentation for a struct field
  --> src/core/database_simple.rs:42:5
   |
42 |     pub knowledge_count: i64,
   |     ^^^^^^^^^^^^^^^^^^^^^^^^

warning: missing documentation for a struct field
  --> src/core/database_simple.rs:43:5
   |
43 |     pub database_size_bytes: u64,
   |     ^^^^^^^^^^^^^^^^^^^^^^^^^^^^

warning: missing documentation for a struct field
  --> src/core/database_working.rs:20:5
   |
20 |     pub path: PathBuf,
   |     ^^^^^^^^^^^^^^^^^

warning: missing documentation for a struct field
  --> src/core/database_working.rs:21:5
   |
21 |     pub max_connections: u32,
   |     ^^^^^^^^^^^^^^^^^^^^^^^^

warning: missing documentation for a struct field
  --> src/core/database_working.rs:22:5
   |
22 |     pub connection_timeout: Duration,
   |     ^^^^^^^^^^^^^^^^^^^^^^^^^^^^^^^^

warning: missing documentation for a struct field
  --> src/core/database_working.rs:23:5
   |
23 |     pub idle_timeout: Duration,
   |     ^^^^^^^^^^^^^^^^^^^^^^^^^^

warning: missing documentation for a struct field
  --> src/core/database_working.rs:24:5
   |
24 |     pub enable_wal: bool,
   |     ^^^^^^^^^^^^^^^^^^^^

warning: missing documentation for a struct field
  --> src/core/database_working.rs:25:5
   |
25 |     pub enable_foreign_keys: bool,
   |     ^^^^^^^^^^^^^^^^^^^^^^^^^^^^^

warning: missing documentation for a struct field
  --> src/core/database_working.rs:26:5
   |
26 |     pub cache_size: i32,
   |     ^^^^^^^^^^^^^^^^^^^

warning: missing documentation for a struct field
  --> src/core/database_working.rs:27:5
   |
27 |     pub synchronous: String,
   |     ^^^^^^^^^^^^^^^^^^^^^^^

warning: missing documentation for a struct field
  --> src/core/database_working.rs:28:5
   |
28 |     pub journal_mode: String,
   |     ^^^^^^^^^^^^^^^^^^^^^^^^

warning: missing documentation for a struct field
   --> src/core/database_working.rs:371:5
    |
371 |     pub healthy: bool,
    |     ^^^^^^^^^^^^^^^^^

warning: missing documentation for a struct field
   --> src/core/database_working.rs:372:5
    |
372 |     pub response_time: Duration,
    |     ^^^^^^^^^^^^^^^^^^^^^^^^^^^

warning: missing documentation for a struct field
   --> src/core/database_working.rs:373:5
    |
373 |     pub timestamp: String,
    |     ^^^^^^^^^^^^^^^^^^^^^

warning: missing documentation for a struct field
   --> src/core/database_working.rs:374:5
    |
374 |     pub pool_size: u32,
    |     ^^^^^^^^^^^^^^^^^^

warning: missing documentation for a struct field
   --> src/core/database_working.rs:375:5
    |
375 |     pub idle_connections: u32,
    |     ^^^^^^^^^^^^^^^^^^^^^^^^^

warning: missing documentation for a struct field
   --> src/core/database_working.rs:376:5
    |
376 |     pub wal_mode_active: bool,
    |     ^^^^^^^^^^^^^^^^^^^^^^^^^

warning: missing documentation for a struct field
   --> src/core/database_working.rs:377:5
    |
377 |     pub foreign_keys_enabled: bool,
    |     ^^^^^^^^^^^^^^^^^^^^^^^^^^^^^^

warning: missing documentation for a struct field
   --> src/core/database_working.rs:383:5
    |
383 |     pub conversation_count: i64,
    |     ^^^^^^^^^^^^^^^^^^^^^^^^^^^

warning: missing documentation for a struct field
   --> src/core/database_working.rs:384:5
    |
384 |     pub message_count: i64,
    |     ^^^^^^^^^^^^^^^^^^^^^^

warning: missing documentation for a struct field
   --> src/core/database_working.rs:385:5
    |
385 |     pub model_count: i64,
    |     ^^^^^^^^^^^^^^^^^^^^

warning: missing documentation for a struct field
   --> src/core/database_working.rs:386:5
    |
386 |     pub user_count: i64,
    |     ^^^^^^^^^^^^^^^^^^^

warning: missing documentation for a struct field
   --> src/core/database_working.rs:387:5
    |
387 |     pub profile_count: i64,
    |     ^^^^^^^^^^^^^^^^^^^^^^

warning: missing documentation for a struct field
   --> src/core/database_working.rs:388:5
    |
388 |     pub knowledge_count: i64,
    |     ^^^^^^^^^^^^^^^^^^^^^^^^

warning: missing documentation for a struct field
   --> src/core/database_working.rs:389:5
    |
389 |     pub database_size_bytes: u64,
    |     ^^^^^^^^^^^^^^^^^^^^^^^^^^^^

warning: missing documentation for a struct field
   --> src/core/database_working.rs:390:5
    |
390 |     pub pool_size: u32,
    |     ^^^^^^^^^^^^^^^^^^

warning: missing documentation for a struct field
   --> src/core/database_working.rs:391:5
    |
391 |     pub idle_connections: u32,
    |     ^^^^^^^^^^^^^^^^^^^^^^^^^

warning: missing documentation for a struct field
   --> src/core/database_working.rs:430:5
    |
430 |     pub id: String,
    |     ^^^^^^^^^^^^^^

warning: missing documentation for a struct field
   --> src/core/database_working.rs:431:5
    |
431 |     pub email: Option<String>,
    |     ^^^^^^^^^^^^^^^^^^^^^^^^^

warning: missing documentation for a struct field
   --> src/core/database_working.rs:432:5
    |
432 |     pub license_key: Option<String>,
    |     ^^^^^^^^^^^^^^^^^^^^^^^^^^^^^^^

warning: missing documentation for a struct field
   --> src/core/database_working.rs:433:5
    |
433 |     pub tier: String,
    |     ^^^^^^^^^^^^^^^^

warning: missing documentation for a struct field
   --> src/core/database_working.rs:434:5
    |
434 |     pub created_at: String,
    |     ^^^^^^^^^^^^^^^^^^^^^^

warning: missing documentation for a struct field
   --> src/core/database_working.rs:435:5
    |
435 |     pub updated_at: String,
    |     ^^^^^^^^^^^^^^^^^^^^^^

warning: missing documentation for a struct field
   --> src/core/database_working.rs:499:5
    |
499 |     pub id: String,
    |     ^^^^^^^^^^^^^^

warning: missing documentation for a struct field
   --> src/core/database_working.rs:500:5
    |
500 |     pub user_id: Option<String>,
    |     ^^^^^^^^^^^^^^^^^^^^^^^^^^^

warning: missing documentation for a struct field
   --> src/core/database_working.rs:501:5
    |
501 |     pub consensus_profile_id: Option<String>,
    |     ^^^^^^^^^^^^^^^^^^^^^^^^^^^^^^^^^^^^^^^^

warning: missing documentation for a struct field
   --> src/core/database_working.rs:502:5
    |
502 |     pub total_cost: f64,
    |     ^^^^^^^^^^^^^^^^^^^

warning: missing documentation for a struct field
   --> src/core/database_working.rs:503:5
    |
503 |     pub total_tokens_input: i32,
    |     ^^^^^^^^^^^^^^^^^^^^^^^^^^^

warning: missing documentation for a struct field
   --> src/core/database_working.rs:504:5
    |
504 |     pub total_tokens_output: i32,
    |     ^^^^^^^^^^^^^^^^^^^^^^^^^^^^

warning: missing documentation for a struct field
   --> src/core/database_working.rs:505:5
    |
505 |     pub start_time: Option<String>,
    |     ^^^^^^^^^^^^^^^^^^^^^^^^^^^^^^

warning: missing documentation for a struct field
   --> src/core/database_working.rs:506:5
    |
506 |     pub end_time: Option<String>,
    |     ^^^^^^^^^^^^^^^^^^^^^^^^^^^^

warning: missing documentation for a struct field
   --> src/core/database_working.rs:507:5
    |
507 |     pub success_rate: String,
    |     ^^^^^^^^^^^^^^^^^^^^^^^^

warning: missing documentation for a struct field
   --> src/core/database_working.rs:508:5
    |
508 |     pub quality_score: f64,
    |     ^^^^^^^^^^^^^^^^^^^^^^

warning: missing documentation for a struct field
   --> src/core/database_working.rs:509:5
    |
509 |     pub consensus_improvement: i32,
    |     ^^^^^^^^^^^^^^^^^^^^^^^^^^^^^^

warning: missing documentation for a struct field
   --> src/core/database_working.rs:510:5
    |
510 |     pub confidence_level: String,
    |     ^^^^^^^^^^^^^^^^^^^^^^^^^^^^

warning: missing documentation for a struct field
   --> src/core/database_working.rs:511:5
    |
511 |     pub success: bool,
    |     ^^^^^^^^^^^^^^^^^

warning: missing documentation for a struct field
   --> src/core/database_working.rs:512:5
    |
512 |     pub created_at: String,
    |     ^^^^^^^^^^^^^^^^^^^^^^

warning: missing documentation for a struct field
   --> src/core/database_working.rs:513:5
    |
513 |     pub updated_at: String,
    |     ^^^^^^^^^^^^^^^^^^^^^^

warning: missing documentation for a struct field
   --> src/core/database_working.rs:575:5
    |
575 |     pub id: String,
    |     ^^^^^^^^^^^^^^

warning: missing documentation for a struct field
   --> src/core/database_working.rs:576:5
    |
576 |     pub conversation_id: String,
    |     ^^^^^^^^^^^^^^^^^^^^^^^^^^^

warning: missing documentation for a struct field
   --> src/core/database_working.rs:577:5
    |
577 |     pub role: String,
    |     ^^^^^^^^^^^^^^^^

warning: missing documentation for a struct field
   --> src/core/database_working.rs:578:5
    |
578 |     pub content: String,
    |     ^^^^^^^^^^^^^^^^^^^

warning: missing documentation for a struct field
   --> src/core/database_working.rs:579:5
    |
579 |     pub stage: Option<String>,
    |     ^^^^^^^^^^^^^^^^^^^^^^^^^

warning: missing documentation for a struct field
   --> src/core/database_working.rs:580:5
    |
580 |     pub model_used: Option<String>,
    |     ^^^^^^^^^^^^^^^^^^^^^^^^^^^^^^

warning: missing documentation for a struct field
   --> src/core/database_working.rs:581:5
    |
581 |     pub timestamp: String,
    |     ^^^^^^^^^^^^^^^^^^^^^

warning: missing documentation for a variant
  --> src/core/db_actor.rs:22:5
   |
22 |     StoreConversation {
   |     ^^^^^^^^^^^^^^^^^

warning: missing documentation for a struct field
  --> src/core/db_actor.rs:23:9
   |
23 |         id: String,
   |         ^^^^^^^^^^

warning: missing documentation for a struct field
  --> src/core/db_actor.rs:24:9
   |
24 |         user_id: Option<String>,
   |         ^^^^^^^^^^^^^^^^^^^^^^^

warning: missing documentation for a struct field
  --> src/core/db_actor.rs:25:9
   |
25 |         profile_id: Option<String>,
   |         ^^^^^^^^^^^^^^^^^^^^^^^^^^

warning: missing documentation for a struct field
  --> src/core/db_actor.rs:26:9
   |
26 |         respond_to: oneshot::Sender<Result<()>>,
   |         ^^^^^^^^^^^^^^^^^^^^^^^^^^^^^^^^^^^^^^^

warning: missing documentation for a variant
  --> src/core/db_actor.rs:28:5
   |
28 |     UpdateConversationCost {
   |     ^^^^^^^^^^^^^^^^^^^^^^

warning: missing documentation for a struct field
  --> src/core/db_actor.rs:29:9
   |
29 |         conversation_id: String,
   |         ^^^^^^^^^^^^^^^^^^^^^^^

warning: missing documentation for a struct field
  --> src/core/db_actor.rs:30:9
   |
30 |         cost: f64,
   |         ^^^^^^^^^

warning: missing documentation for a struct field
  --> src/core/db_actor.rs:31:9
   |
31 |         tokens_in: u32,
   |         ^^^^^^^^^^^^^^

warning: missing documentation for a struct field
  --> src/core/db_actor.rs:32:9
   |
32 |         tokens_out: u32,
   |         ^^^^^^^^^^^^^^^

warning: missing documentation for a struct field
  --> src/core/db_actor.rs:33:9
   |
33 |         respond_to: oneshot::Sender<Result<()>>,
   |         ^^^^^^^^^^^^^^^^^^^^^^^^^^^^^^^^^^^^^^^

warning: missing documentation for a variant
  --> src/core/db_actor.rs:37:5
   |
37 |     StoreFact {
   |     ^^^^^^^^^

warning: missing documentation for a struct field
  --> src/core/db_actor.rs:38:9
   |
38 |         fact: CuratedFact,
   |         ^^^^^^^^^^^^^^^^^

warning: missing documentation for a struct field
  --> src/core/db_actor.rs:39:9
   |
39 |         respond_to: oneshot::Sender<Result<()>>,
   |         ^^^^^^^^^^^^^^^^^^^^^^^^^^^^^^^^^^^^^^^

warning: missing documentation for a variant
  --> src/core/db_actor.rs:41:5
   |
41 |     LoadRecentFacts {
   |     ^^^^^^^^^^^^^^^

warning: missing documentation for a struct field
  --> src/core/db_actor.rs:42:9
   |
42 |         cutoff: DateTime<Utc>,
   |         ^^^^^^^^^^^^^^^^^^^^^

warning: missing documentation for a struct field
  --> src/core/db_actor.rs:43:9
   |
43 |         respond_to: oneshot::Sender<Result<Vec<CuratedFact>>>,
   |         ^^^^^^^^^^^^^^^^^^^^^^^^^^^^^^^^^^^^^^^^^^^^^^^^^^^^^

warning: missing documentation for a variant
  --> src/core/db_actor.rs:45:5
   |
45 |     FindSimilarFacts {
   |     ^^^^^^^^^^^^^^^^

warning: missing documentation for a struct field
  --> src/core/db_actor.rs:46:9
   |
46 |         content: String,
   |         ^^^^^^^^^^^^^^^

warning: missing documentation for a struct field
  --> src/core/db_actor.rs:47:9
   |
47 |         limit: usize,
   |         ^^^^^^^^^^^^

warning: missing documentation for a struct field
  --> src/core/db_actor.rs:48:9
   |
48 |         respond_to: oneshot::Sender<Result<Vec<CuratedFact>>>,
   |         ^^^^^^^^^^^^^^^^^^^^^^^^^^^^^^^^^^^^^^^^^^^^^^^^^^^^^

warning: missing documentation for a variant
  --> src/core/db_actor.rs:50:5
   |
50 |     CheckFactExists {
   |     ^^^^^^^^^^^^^^^

warning: missing documentation for a struct field
  --> src/core/db_actor.rs:51:9
   |
51 |         fingerprint: String,
   |         ^^^^^^^^^^^^^^^^^^^

warning: missing documentation for a struct field
  --> src/core/db_actor.rs:52:9
   |
52 |         respond_to: oneshot::Sender<Result<bool>>,
   |         ^^^^^^^^^^^^^^^^^^^^^^^^^^^^^^^^^^^^^^^^^

warning: missing documentation for a variant
  --> src/core/db_actor.rs:54:5
   |
54 |     RecordFactAccess {
   |     ^^^^^^^^^^^^^^^^

warning: missing documentation for a struct field
  --> src/core/db_actor.rs:55:9
   |
55 |         fact_id: String,
   |         ^^^^^^^^^^^^^^^

warning: missing documentation for a struct field
  --> src/core/db_actor.rs:56:9
   |
56 |         respond_to: oneshot::Sender<Result<()>>,
   |         ^^^^^^^^^^^^^^^^^^^^^^^^^^^^^^^^^^^^^^^

warning: missing documentation for a variant
  --> src/core/db_actor.rs:58:5
   |
58 |     GetAllFactsSortedByDate {
   |     ^^^^^^^^^^^^^^^^^^^^^^^

warning: missing documentation for a struct field
  --> src/core/db_actor.rs:59:9
   |
59 |         respond_to: oneshot::Sender<Result<Vec<CuratedFact>>>,
   |         ^^^^^^^^^^^^^^^^^^^^^^^^^^^^^^^^^^^^^^^^^^^^^^^^^^^^^

warning: missing documentation for a variant
  --> src/core/db_actor.rs:63:5
   |
63 |     GetActiveProfile {
   |     ^^^^^^^^^^^^^^^^

warning: missing documentation for a struct field
  --> src/core/db_actor.rs:64:9
   |
64 |         respond_to: oneshot::Sender<Result<ConsensusProfile>>,
   |         ^^^^^^^^^^^^^^^^^^^^^^^^^^^^^^^^^^^^^^^^^^^^^^^^^^^^^

warning: missing documentation for a variant
  --> src/core/db_actor.rs:66:5
   |
66 |     SetActiveProfile {
   |     ^^^^^^^^^^^^^^^^

warning: missing documentation for a struct field
  --> src/core/db_actor.rs:67:9
   |
67 |         profile_id: String,
   |         ^^^^^^^^^^^^^^^^^^

warning: missing documentation for a struct field
  --> src/core/db_actor.rs:68:9
   |
68 |         respond_to: oneshot::Sender<Result<()>>,
   |         ^^^^^^^^^^^^^^^^^^^^^^^^^^^^^^^^^^^^^^^

warning: missing documentation for a variant
  --> src/core/db_actor.rs:70:5
   |
70 |     GetProfileByName {
   |     ^^^^^^^^^^^^^^^^

warning: missing documentation for a struct field
  --> src/core/db_actor.rs:71:9
   |
71 |         name: String,
   |         ^^^^^^^^^^^^

warning: missing documentation for a struct field
  --> src/core/db_actor.rs:72:9
   |
72 |         respond_to: oneshot::Sender<Result<Option<ConsensusProfile>>>,
   |         ^^^^^^^^^^^^^^^^^^^^^^^^^^^^^^^^^^^^^^^^^^^^^^^^^^^^^^^^^^^^^

warning: missing documentation for a variant
  --> src/core/db_actor.rs:76:5
   |
76 |     GetLicenseKey {
   |     ^^^^^^^^^^^^^

warning: missing documentation for a struct field
  --> src/core/db_actor.rs:77:9
   |
77 |         respond_to: oneshot::Sender<Result<Option<String>>>,
   |         ^^^^^^^^^^^^^^^^^^^^^^^^^^^^^^^^^^^^^^^^^^^^^^^^^^^

warning: missing documentation for a variant
  --> src/core/db_actor.rs:81:5
   |
81 |     StoreStageUsage {
   |     ^^^^^^^^^^^^^^^

warning: missing documentation for a struct field
  --> src/core/db_actor.rs:82:9
   |
82 |         conversation_id: String,
   |         ^^^^^^^^^^^^^^^^^^^^^^^

warning: missing documentation for a struct field
  --> src/core/db_actor.rs:83:9
   |
83 |         stage_name: String,
   |         ^^^^^^^^^^^^^^^^^^

warning: missing documentation for a struct field
  --> src/core/db_actor.rs:84:9
   |
84 |         model_id: String,
   |         ^^^^^^^^^^^^^^^^

warning: missing documentation for a struct field
  --> src/core/db_actor.rs:85:9
   |
85 |         prompt_tokens: u32,
   |         ^^^^^^^^^^^^^^^^^^

warning: missing documentation for a struct field
  --> src/core/db_actor.rs:86:9
   |
86 |         completion_tokens: u32,
   |         ^^^^^^^^^^^^^^^^^^^^^^

warning: missing documentation for a struct field
  --> src/core/db_actor.rs:87:9
   |
87 |         total_tokens: u32,
   |         ^^^^^^^^^^^^^^^^^

warning: missing documentation for a struct field
  --> src/core/db_actor.rs:88:9
   |
88 |         cost: f64,
   |         ^^^^^^^^^

warning: missing documentation for a struct field
  --> src/core/db_actor.rs:89:9
   |
89 |         duration_ms: u64,
   |         ^^^^^^^^^^^^^^^^

warning: missing documentation for a struct field
  --> src/core/db_actor.rs:90:9
   |
90 |         respond_to: oneshot::Sender<Result<()>>,
   |         ^^^^^^^^^^^^^^^^^^^^^^^^^^^^^^^^^^^^^^^

warning: missing documentation for a variant
  --> src/core/db_actor.rs:95:5
   |
95 |     HealthCheck {
   |     ^^^^^^^^^^^

warning: missing documentation for a struct field
  --> src/core/db_actor.rs:96:9
   |
96 |         respond_to: oneshot::Sender<Result<()>>,
   |         ^^^^^^^^^^^^^^^^^^^^^^^^^^^^^^^^^^^^^^^

warning: missing documentation for a method
   --> src/core/db_actor.rs:538:5
    |
538 |     pub async fn store_fact(&self, fact: CuratedFact) -> Result<()> {
    |     ^^^^^^^^^^^^^^^^^^^^^^^^^^^^^^^^^^^^^^^^^^^^^^^^^^^^^^^^^^^^^^^

warning: missing documentation for a method
   --> src/core/db_actor.rs:544:5
    |
544 |     pub async fn load_recent_facts(&self, cutoff: DateTime<Utc>) -> Result<Vec<CuratedFact>> {
    |     ^^^^^^^^^^^^^^^^^^^^^^^^^^^^^^^^^^^^^^^^^^^^^^^^^^^^^^^^^^^^^^^^^^^^^^^^^^^^^^^^^^^^^^^^

warning: missing documentation for a method
   --> src/core/db_actor.rs:550:5
    |
550 |     pub async fn find_similar_facts(&self, content: &str, limit: usize) -> Result<Vec<CuratedFact>> {
    |     ^^^^^^^^^^^^^^^^^^^^^^^^^^^^^^^^^^^^^^^^^^^^^^^^^^^^^^^^^^^^^^^^^^^^^^^^^^^^^^^^^^^^^^^^^^^^^^^

warning: missing documentation for a method
   --> src/core/db_actor.rs:560:5
    |
560 |     pub async fn check_fact_exists(&self, fingerprint: &str) -> Result<bool> {
    |     ^^^^^^^^^^^^^^^^^^^^^^^^^^^^^^^^^^^^^^^^^^^^^^^^^^^^^^^^^^^^^^^^^^^^^^^^

warning: missing documentation for a method
   --> src/core/db_actor.rs:569:5
    |
569 |     pub async fn record_fact_access(&self, fact_id: &str) -> Result<()> {
    |     ^^^^^^^^^^^^^^^^^^^^^^^^^^^^^^^^^^^^^^^^^^^^^^^^^^^^^^^^^^^^^^^^^^^

warning: missing documentation for a method
   --> src/core/db_actor.rs:578:5
    |
578 |     pub async fn get_all_facts_sorted_by_date(&self) -> Result<Vec<CuratedFact>> {
    |     ^^^^^^^^^^^^^^^^^^^^^^^^^^^^^^^^^^^^^^^^^^^^^^^^^^^^^^^^^^^^^^^^^^^^^^^^^^^^

warning: missing documentation for a method
   --> src/core/db_actor.rs:584:5
    |
584 |     pub async fn get_active_profile(&self) -> Result<ConsensusProfile> {
    |     ^^^^^^^^^^^^^^^^^^^^^^^^^^^^^^^^^^^^^^^^^^^^^^^^^^^^^^^^^^^^^^^^^^

warning: missing documentation for a method
   --> src/core/db_actor.rs:590:5
    |
590 |     pub async fn set_active_profile(&self, profile_id: &str) -> Result<()> {
    |     ^^^^^^^^^^^^^^^^^^^^^^^^^^^^^^^^^^^^^^^^^^^^^^^^^^^^^^^^^^^^^^^^^^^^^^

warning: missing documentation for a method
   --> src/core/db_actor.rs:599:5
    |
599 |     pub async fn get_profile_by_name(&self, name: &str) -> Result<Option<ConsensusProfile>> {
    |     ^^^^^^^^^^^^^^^^^^^^^^^^^^^^^^^^^^^^^^^^^^^^^^^^^^^^^^^^^^^^^^^^^^^^^^^^^^^^^^^^^^^^^^^

warning: missing documentation for a method
   --> src/core/db_actor.rs:608:5
    |
608 |     pub async fn store_conversation(&self, id: &str, user_id: Option<String>, profile_id: Option<String>) -> Result<()> {
    |     ^^^^^^^^^^^^^^^^^^^^^^^^^^^^^^^^^^^^^^^^^^^^^^^^^^^^^^^^^^^^^^^^^^^^^^^^^^^^^^^^^^^^^^^^^^^^^^^^^^^^^^^^^^^^^^^^^^^

warning: missing documentation for a method
   --> src/core/db_actor.rs:619:5
    |
619 |     pub async fn update_conversation_cost(&self, conversation_id: &str, cost: f64, tokens_in: u32, tokens_out: u32) -> Result<()> {
    |     ^^^^^^^^^^^^^^^^^^^^^^^^^^^^^^^^^^^^^^^^^^^^^^^^^^^^^^^^^^^^^^^^^^^^^^^^^^^^^^^^^^^^^^^^^^^^^^^^^^^^^^^^^^^^^^^^^^^^^^^^^^^^^

warning: missing documentation for a method
   --> src/core/db_actor.rs:631:5
    |
631 |     pub async fn health_check(&self) -> Result<()> {
    |     ^^^^^^^^^^^^^^^^^^^^^^^^^^^^^^^^^^^^^^^^^^^^^^

warning: missing documentation for a method
   --> src/core/db_actor.rs:637:5
    |
637 |     pub async fn get_license_key(&self) -> Result<Option<String>> {
    |     ^^^^^^^^^^^^^^^^^^^^^^^^^^^^^^^^^^^^^^^^^^^^^^^^^^^^^^^^^^^^^

warning: missing documentation for a method
   --> src/core/db_actor.rs:643:5
    |
643 | /     pub async fn store_stage_usage(&self, conversation_id: &str, stage_name: &str, model_id: &str,
644 | |                                   prompt_tokens: u32, completion_tokens: u32, total_tokens: u32,
645 | |                                   cost: f64, duration_ms: u64) -> Result<()> {
    | |____________________________________________________________________________^

warning: missing documentation for a struct field
 --> src/core/migrations_simple.rs:9:5
  |
9 |     pub version: String,
  |     ^^^^^^^^^^^^^^^^^^^

warning: missing documentation for a struct field
  --> src/core/migrations_simple.rs:10:5
   |
10 |     pub name: String,
   |     ^^^^^^^^^^^^^^^^

warning: missing documentation for a struct field
  --> src/core/migrations_simple.rs:11:5
   |
11 |     pub description: String,
   |     ^^^^^^^^^^^^^^^^^^^^^^^

warning: missing documentation for a struct field
  --> src/core/migrations_simple.rs:12:5
   |
12 |     pub sql: String,
   |     ^^^^^^^^^^^^^^^

warning: missing documentation for a struct field
  --> src/core/migrations_simple.rs:13:5
   |
13 |     pub rollback_sql: Option<String>,
   |     ^^^^^^^^^^^^^^^^^^^^^^^^^^^^^^^^

warning: missing documentation for a struct field
  --> src/core/migrations_simple.rs:14:5
   |
14 |     pub checksum: String,
   |     ^^^^^^^^^^^^^^^^^^^^

warning: missing documentation for a struct field
  --> src/core/migrations_simple.rs:20:5
   |
20 |     pub version: String,
   |     ^^^^^^^^^^^^^^^^^^^

warning: missing documentation for a struct field
  --> src/core/migrations_simple.rs:21:5
   |
21 |     pub name: String,
   |     ^^^^^^^^^^^^^^^^

warning: missing documentation for a struct field
  --> src/core/migrations_simple.rs:22:5
   |
22 |     pub success: bool,
   |     ^^^^^^^^^^^^^^^^^

warning: missing documentation for a struct field
  --> src/core/migrations_simple.rs:23:5
   |
23 |     pub execution_time_ms: u64,
   |     ^^^^^^^^^^^^^^^^^^^^^^^^^^

warning: missing documentation for a struct field
  --> src/core/migrations_simple.rs:24:5
   |
24 |     pub error: Option<String>,
   |     ^^^^^^^^^^^^^^^^^^^^^^^^^

warning: missing documentation for a struct field
  --> src/core/migrations_simple.rs:30:5
   |
30 |     pub total_migrations: usize,
   |     ^^^^^^^^^^^^^^^^^^^^^^^^^^^

warning: missing documentation for a struct field
  --> src/core/migrations_simple.rs:31:5
   |
31 |     pub applied_count: usize,
   |     ^^^^^^^^^^^^^^^^^^^^^^^^

warning: missing documentation for a struct field
  --> src/core/migrations_simple.rs:32:5
   |
32 |     pub pending_count: usize,
   |     ^^^^^^^^^^^^^^^^^^^^^^^^

warning: missing documentation for a struct field
  --> src/core/migrations_simple.rs:33:5
   |
33 |     pub applied_migrations: Vec<String>,
   |     ^^^^^^^^^^^^^^^^^^^^^^^^^^^^^^^^^^^

warning: missing documentation for a struct field
  --> src/core/migrations_simple.rs:34:5
   |
34 |     pub pending_migrations: Vec<String>,
   |     ^^^^^^^^^^^^^^^^^^^^^^^^^^^^^^^^^^^

warning: missing documentation for a struct field
  --> src/core/migrations_simple.rs:40:5
   |
40 |     pub healthy: bool,
   |     ^^^^^^^^^^^^^^^^^

warning: missing documentation for a struct field
  --> src/core/migrations_simple.rs:41:5
   |
41 |     pub issues: Vec<String>,
   |     ^^^^^^^^^^^^^^^^^^^^^^^

warning: missing documentation for a variant
   --> src/core/analytics.rs:108:5
    |
108 |     Minute,
    |     ^^^^^^

warning: missing documentation for a variant
   --> src/core/analytics.rs:109:5
    |
109 |     Hour,
    |     ^^^^

warning: missing documentation for a variant
   --> src/core/analytics.rs:110:5
    |
110 |     Day,
    |     ^^^

warning: missing documentation for a variant
   --> src/core/analytics.rs:111:5
    |
111 |     Week,
    |     ^^^^

warning: missing documentation for a variant
   --> src/core/analytics.rs:112:5
    |
112 |     Month,
    |     ^^^^^

warning: missing documentation for a variant
   --> src/core/analytics.rs:113:5
    |
113 |     Quarter,
    |     ^^^^^^^

warning: missing documentation for a variant
   --> src/core/analytics.rs:114:5
    |
114 |     Year,
    |     ^^^^

warning: missing documentation for a struct field
   --> src/core/analytics.rs:157:5
    |
157 |     pub total_cost: f64,
    |     ^^^^^^^^^^^^^^^^^^^

warning: missing documentation for a struct field
   --> src/core/analytics.rs:158:5
    |
158 |     pub cost_by_model: HashMap<String, f64>,
    |     ^^^^^^^^^^^^^^^^^^^^^^^^^^^^^^^^^^^^^^^

warning: missing documentation for a struct field
   --> src/core/analytics.rs:159:5
    |
159 |     pub cost_by_user: HashMap<String, f64>,
    |     ^^^^^^^^^^^^^^^^^^^^^^^^^^^^^^^^^^^^^^

warning: missing documentation for a struct field
   --> src/core/analytics.rs:160:5
    |
160 |     pub cost_by_period: HashMap<String, f64>,
    |     ^^^^^^^^^^^^^^^^^^^^^^^^^^^^^^^^^^^^^^^^

warning: missing documentation for a struct field
   --> src/core/analytics.rs:161:5
    |
161 |     pub average_cost_per_query: f64,
    |     ^^^^^^^^^^^^^^^^^^^^^^^^^^^^^^^

warning: missing documentation for a variant
   --> src/core/analytics.rs:248:5
    |
248 |     Executive,
    |     ^^^^^^^^^

warning: missing documentation for a variant
   --> src/core/analytics.rs:249:5
    |
249 |     Operational,
    |     ^^^^^^^^^^^

warning: missing documentation for a variant
   --> src/core/analytics.rs:250:5
    |
250 |     Financial,
    |     ^^^^^^^^^

warning: missing documentation for a variant
   --> src/core/analytics.rs:251:5
    |
251 |     Performance,
    |     ^^^^^^^^^^^

warning: missing documentation for a variant
   --> src/core/analytics.rs:252:5
    |
252 |     Custom,
    |     ^^^^^^

warning: missing documentation for a struct field
   --> src/core/analytics.rs:293:5
    |
293 |     pub period: String,
    |     ^^^^^^^^^^^^^^^^^^

warning: missing documentation for a struct field
   --> src/core/analytics.rs:294:5
    |
294 |     pub metrics: HashMap<String, f64>,
    |     ^^^^^^^^^^^^^^^^^^^^^^^^^^^^^^^^^

warning: missing documentation for a struct field
   --> src/core/analytics.rs:295:5
    |
295 |     pub trends: Vec<TrendInfo>,
    |     ^^^^^^^^^^^^^^^^^^^^^^^^^^

warning: missing documentation for a struct field
   --> src/core/analytics.rs:296:5
    |
296 |     pub insights: Vec<AnalyticsInsight>,
    |     ^^^^^^^^^^^^^^^^^^^^^^^^^^^^^^^^^^^

warning: missing documentation for a struct field
   --> src/core/analytics.rs:302:5
    |
302 |     pub metric: String,
    |     ^^^^^^^^^^^^^^^^^^

warning: missing documentation for a struct field
   --> src/core/analytics.rs:303:5
    |
303 |     pub direction: TrendDirection,
    |     ^^^^^^^^^^^^^^^^^^^^^^^^^^^^^

warning: missing documentation for a struct field
   --> src/core/analytics.rs:304:5
    |
304 |     pub change_percent: f64,
    |     ^^^^^^^^^^^^^^^^^^^^^^^

warning: missing documentation for a struct field
   --> src/core/analytics.rs:305:5
    |
305 |     pub prediction: Option<f64>,
    |     ^^^^^^^^^^^^^^^^^^^^^^^^^^^

warning: missing documentation for a variant
   --> src/core/analytics.rs:311:5
    |
311 |     Up,
    |     ^^

warning: missing documentation for a variant
   --> src/core/analytics.rs:312:5
    |
312 |     Down,
    |     ^^^^

warning: missing documentation for a variant
   --> src/core/analytics.rs:313:5
    |
313 |     Stable,
    |     ^^^^^^

warning: missing documentation for a struct field
   --> src/core/analytics.rs:319:5
    |
319 |     pub category: InsightCategory,
    |     ^^^^^^^^^^^^^^^^^^^^^^^^^^^^^

warning: missing documentation for a struct field
   --> src/core/analytics.rs:320:5
    |
320 |     pub title: String,
    |     ^^^^^^^^^^^^^^^^^

warning: missing documentation for a struct field
   --> src/core/analytics.rs:321:5
    |
321 |     pub description: String,
    |     ^^^^^^^^^^^^^^^^^^^^^^^

warning: missing documentation for a struct field
   --> src/core/analytics.rs:322:5
    |
322 |     pub impact: ImpactLevel,
    |     ^^^^^^^^^^^^^^^^^^^^^^^

warning: missing documentation for a struct field
   --> src/core/analytics.rs:323:5
    |
323 |     pub recommendations: Vec<String>,
    |     ^^^^^^^^^^^^^^^^^^^^^^^^^^^^^^^^

warning: missing documentation for a variant
   --> src/core/analytics.rs:329:5
    |
329 |     Cost,
    |     ^^^^

warning: missing documentation for a variant
   --> src/core/analytics.rs:330:5
    |
330 |     Performance,
    |     ^^^^^^^^^^^

warning: missing documentation for a variant
   --> src/core/analytics.rs:331:5
    |
331 |     Quality,
    |     ^^^^^^^

warning: missing documentation for a variant
   --> src/core/analytics.rs:332:5
    |
332 |     Usage,
    |     ^^^^^

warning: missing documentation for a variant
   --> src/core/analytics.rs:333:5
    |
333 |     Anomaly,
    |     ^^^^^^^

warning: missing documentation for a variant
   --> src/core/analytics.rs:339:5
    |
339 |     Low,
    |     ^^^

warning: missing documentation for a variant
   --> src/core/analytics.rs:340:5
    |
340 |     Medium,
    |     ^^^^^^

warning: missing documentation for a variant
   --> src/core/analytics.rs:341:5
    |
341 |     High,
    |     ^^^^

warning: missing documentation for a variant
   --> src/core/analytics.rs:342:5
    |
342 |     Critical,
    |     ^^^^^^^^

warning: missing documentation for a struct field
   --> src/core/analytics.rs:348:5
    |
348 |     pub title: String,
    |     ^^^^^^^^^^^^^^^^^

warning: missing documentation for a struct field
   --> src/core/analytics.rs:349:5
    |
349 |     pub updated_at: DateTime<Utc>,
    |     ^^^^^^^^^^^^^^^^^^^^^^^^^^^^^

warning: missing documentation for a struct field
   --> src/core/analytics.rs:350:5
    |
350 |     pub widgets: Vec<DashboardWidget>,
    |     ^^^^^^^^^^^^^^^^^^^^^^^^^^^^^^^^^

warning: missing documentation for a struct field
   --> src/core/analytics.rs:356:5
    |
356 |     pub title: String,
    |     ^^^^^^^^^^^^^^^^^

warning: missing documentation for a struct field
   --> src/core/analytics.rs:357:5
    |
357 |     pub widget_type: String,
    |     ^^^^^^^^^^^^^^^^^^^^^^^

warning: missing documentation for a struct field
   --> src/core/analytics.rs:358:5
    |
358 |     pub data: serde_json::Value,
    |     ^^^^^^^^^^^^^^^^^^^^^^^^^^^

warning: missing documentation for a struct field
   --> src/core/memory.rs:178:5
    |
178 |     pub id: String,
    |     ^^^^^^^^^^^^^^

warning: missing documentation for a struct field
   --> src/core/memory.rs:179:5
    |
179 |     pub pattern_type: PatternType,
    |     ^^^^^^^^^^^^^^^^^^^^^^^^^^^^^

warning: missing documentation for a struct field
   --> src/core/memory.rs:180:5
    |
180 |     pub template: String,
    |     ^^^^^^^^^^^^^^^^^^^^

warning: missing documentation for a struct field
   --> src/core/memory.rs:181:5
    |
181 |     pub examples: Vec<String>,
    |     ^^^^^^^^^^^^^^^^^^^^^^^^^

warning: missing documentation for a struct field
   --> src/core/memory.rs:182:5
    |
182 |     pub confidence: f32,
    |     ^^^^^^^^^^^^^^^^^^^

warning: missing documentation for a struct field
   --> src/core/memory.rs:183:5
    |
183 |     pub frequency: usize,
    |     ^^^^^^^^^^^^^^^^^^^^

warning: missing documentation for a struct field
   --> src/core/memory.rs:184:5
    |
184 |     pub last_seen: DateTime<Utc>,
    |     ^^^^^^^^^^^^^^^^^^^^^^^^^^^^

warning: missing documentation for a variant
   --> src/core/memory.rs:190:5
    |
190 |     QuestionAnswer,
    |     ^^^^^^^^^^^^^^

warning: missing documentation for a variant
   --> src/core/memory.rs:191:5
    |
191 |     ProblemSolution,
    |     ^^^^^^^^^^^^^^^

warning: missing documentation for a variant
   --> src/core/memory.rs:192:5
    |
192 |     CommandSequence,
    |     ^^^^^^^^^^^^^^^

warning: missing documentation for a variant
   --> src/core/memory.rs:193:5
    |
193 |     ErrorResolution,
    |     ^^^^^^^^^^^^^^^

warning: missing documentation for a variant
   --> src/core/memory.rs:194:5
    |
194 |     BestPractice,
    |     ^^^^^^^^^^^^

warning: missing documentation for a variant
   --> src/core/memory.rs:195:5
    |
195 |     Workflow,
    |     ^^^^^^^^

warning: missing documentation for a struct field
   --> src/core/memory.rs:249:5
    |
249 |     pub id: String,
    |     ^^^^^^^^^^^^^^

warning: missing documentation for a struct field
   --> src/core/memory.rs:250:5
    |
250 |     pub question: String,
    |     ^^^^^^^^^^^^^^^^^^^^

warning: missing documentation for a struct field
   --> src/core/memory.rs:251:5
    |
251 |     pub answer: String,
    |     ^^^^^^^^^^^^^^^^^^

warning: missing documentation for a struct field
   --> src/core/memory.rs:252:5
    |
252 |     pub similarity_score: f32,
    |     ^^^^^^^^^^^^^^^^^^^^^^^^^

warning: missing documentation for a struct field
   --> src/core/memory.rs:253:5
    |
253 |     pub context: Option<String>,
    |     ^^^^^^^^^^^^^^^^^^^^^^^^^^^

warning: missing documentation for a struct field
   --> src/core/memory.rs:254:5
    |
254 |     pub relationships: Vec<String>,
    |     ^^^^^^^^^^^^^^^^^^^^^^^^^^^^^^

warning: missing documentation for a struct field
   --> src/core/memory.rs:260:5
    |
260 |     pub insight_type: InsightType,
    |     ^^^^^^^^^^^^^^^^^^^^^^^^^^^^^

warning: missing documentation for a struct field
   --> src/core/memory.rs:261:5
    |
261 |     pub description: String,
    |     ^^^^^^^^^^^^^^^^^^^^^^^

warning: missing documentation for a struct field
   --> src/core/memory.rs:262:5
    |
262 |     pub confidence: f32,
    |     ^^^^^^^^^^^^^^^^^^^

warning: missing documentation for a struct field
   --> src/core/memory.rs:263:5
    |
263 |     pub supporting_evidence: Vec<String>,
    |     ^^^^^^^^^^^^^^^^^^^^^^^^^^^^^^^^^^^^

warning: missing documentation for a struct field
   --> src/core/memory.rs:264:5
    |
264 |     pub recommendations: Vec<String>,
    |     ^^^^^^^^^^^^^^^^^^^^^^^^^^^^^^^^

warning: missing documentation for a variant
   --> src/core/memory.rs:270:5
    |
270 |     TrendIdentified,
    |     ^^^^^^^^^^^^^^^

warning: missing documentation for a variant
   --> src/core/memory.rs:271:5
    |
271 |     PatternDiscovered,
    |     ^^^^^^^^^^^^^^^^^

warning: missing documentation for a variant
   --> src/core/memory.rs:272:5
    |
272 |     AnomalyDetected,
    |     ^^^^^^^^^^^^^^^

warning: missing documentation for a variant
   --> src/core/memory.rs:273:5
    |
273 |     KnowledgeGap,
    |     ^^^^^^^^^^^^

warning: missing documentation for a variant
   --> src/core/memory.rs:274:5
    |
274 |     OptimizationOpportunity,
    |     ^^^^^^^^^^^^^^^^^^^^^^^

warning: missing documentation for a type alias
   --> src/core/memory.rs:944:1
    |
944 | pub type MemoryManager = MemorySystem;
    | ^^^^^^^^^^^^^^^^^^^^^^

warning: missing documentation for a struct
  --> src/core/updater.rs:14:1
   |
14 | pub struct ReleaseInfo {
   | ^^^^^^^^^^^^^^^^^^^^^^

warning: missing documentation for a struct field
  --> src/core/updater.rs:15:5
   |
15 |     pub version: String,
   |     ^^^^^^^^^^^^^^^^^^^

warning: missing documentation for a struct field
  --> src/core/updater.rs:16:5
   |
16 |     pub download_url: String,
   |     ^^^^^^^^^^^^^^^^^^^^^^^^

warning: missing documentation for a struct field
  --> src/core/updater.rs:17:5
   |
17 |     pub checksum: String,
   |     ^^^^^^^^^^^^^^^^^^^^

warning: missing documentation for a struct field
  --> src/core/updater.rs:18:5
   |
18 |     pub changelog: String,
   |     ^^^^^^^^^^^^^^^^^^^^^

warning: missing documentation for a struct field
  --> src/core/updater.rs:19:5
   |
19 |     pub release_date: DateTime<Utc>,
   |     ^^^^^^^^^^^^^^^^^^^^^^^^^^^^^^^

warning: missing documentation for a struct field
  --> src/core/updater.rs:20:5
   |
20 |     pub critical: bool,
   |     ^^^^^^^^^^^^^^^^^^

warning: missing documentation for a struct
  --> src/core/updater.rs:24:1
   |
24 | pub struct UpdateInfo {
   | ^^^^^^^^^^^^^^^^^^^^^

warning: missing documentation for a struct field
  --> src/core/updater.rs:25:5
   |
25 |     pub current_version: String,
   |     ^^^^^^^^^^^^^^^^^^^^^^^^^^^

warning: missing documentation for a struct field
  --> src/core/updater.rs:26:5
   |
26 |     pub latest_version: String,
   |     ^^^^^^^^^^^^^^^^^^^^^^^^^^

warning: missing documentation for a struct field
  --> src/core/updater.rs:27:5
   |
27 |     pub update_available: bool,
   |     ^^^^^^^^^^^^^^^^^^^^^^^^^^

warning: missing documentation for a struct field
  --> src/core/updater.rs:28:5
   |
28 |     pub release_info: Option<ReleaseInfo>,
   |     ^^^^^^^^^^^^^^^^^^^^^^^^^^^^^^^^^^^^^

warning: missing documentation for a struct
  --> src/core/updater.rs:32:1
   |
32 | pub struct UpdateConfig {
   | ^^^^^^^^^^^^^^^^^^^^^^^

warning: missing documentation for a struct field
  --> src/core/updater.rs:33:5
   |
33 |     pub auto_check: bool,
   |     ^^^^^^^^^^^^^^^^^^^^

warning: missing documentation for a struct field
  --> src/core/updater.rs:34:5
   |
34 |     pub auto_install: bool,
   |     ^^^^^^^^^^^^^^^^^^^^^^

warning: missing documentation for a struct field
  --> src/core/updater.rs:35:5
   |
35 |     pub check_interval_hours: u64,
   |     ^^^^^^^^^^^^^^^^^^^^^^^^^^^^^

warning: missing documentation for a struct field
  --> src/core/updater.rs:36:5
   |
36 |     pub last_check: Option<DateTime<Utc>>,
   |     ^^^^^^^^^^^^^^^^^^^^^^^^^^^^^^^^^^^^^

warning: missing documentation for a struct field
  --> src/core/updater.rs:37:5
   |
37 |     pub update_channel: UpdateChannel,
   |     ^^^^^^^^^^^^^^^^^^^^^^^^^^^^^^^^^

warning: missing documentation for an enum
  --> src/core/updater.rs:41:1
   |
41 | pub enum UpdateChannel {
   | ^^^^^^^^^^^^^^^^^^^^^^

warning: missing documentation for a variant
  --> src/core/updater.rs:42:5
   |
42 |     Stable,
   |     ^^^^^^

warning: missing documentation for a variant
  --> src/core/updater.rs:43:5
   |
43 |     Beta,
   |     ^^^^

warning: missing documentation for a variant
  --> src/core/updater.rs:44:5
   |
44 |     Nightly,
   |     ^^^^^^^

warning: missing documentation for a struct
  --> src/core/updater.rs:59:1
   |
59 | pub struct AutoUpdater {
   | ^^^^^^^^^^^^^^^^^^^^^^

warning: missing documentation for an associated function
  --> src/core/updater.rs:67:5
   |
67 |     pub fn new() -> Result<Self> {
   |     ^^^^^^^^^^^^^^^^^^^^^^^^^^^^

warning: missing documentation for a method
  --> src/core/updater.rs:90:5
   |
90 |     pub fn with_config(mut self, config: UpdateConfig) -> Self {
   |     ^^^^^^^^^^^^^^^^^^^^^^^^^^^^^^^^^^^^^^^^^^^^^^^^^^^^^^^^^^

warning: missing documentation for a variant
  --> src/core/license.rs:20:5
   |
20 |     Free,
   |     ^^^^

warning: missing documentation for a variant
  --> src/core/license.rs:21:5
   |
21 |     Basic,
   |     ^^^^^

warning: missing documentation for a variant
  --> src/core/license.rs:22:5
   |
22 |     Standard,
   |     ^^^^^^^^

warning: missing documentation for a variant
  --> src/core/license.rs:23:5
   |
23 |     Premium,
   |     ^^^^^^^

warning: missing documentation for a variant
  --> src/core/license.rs:24:5
   |
24 |     Unlimited,
   |     ^^^^^^^^^

warning: missing documentation for a variant
  --> src/core/license.rs:25:5
   |
25 |     Enterprise,
   |     ^^^^^^^^^^

warning: missing documentation for a method
  --> src/core/license.rs:35:5
   |
35 |     pub fn daily_limit(&self) -> u32 {
   |     ^^^^^^^^^^^^^^^^^^^^^^^^^^^^^^^^

warning: missing documentation for a method
  --> src/core/license.rs:46:5
   |
46 |     pub fn monthly_limit(&self) -> u32 {
   |     ^^^^^^^^^^^^^^^^^^^^^^^^^^^^^^^^^^

warning: missing documentation for a struct field
  --> src/core/license.rs:74:5
   |
74 |     pub valid: bool,
   |     ^^^^^^^^^^^^^^^

warning: missing documentation for a struct field
  --> src/core/license.rs:75:5
   |
75 |     pub tier: String,
   |     ^^^^^^^^^^^^^^^^

warning: missing documentation for a struct field
  --> src/core/license.rs:76:5
   |
76 |     pub daily_limit: u32,
   |     ^^^^^^^^^^^^^^^^^^^^

warning: missing documentation for a struct field
  --> src/core/license.rs:77:5
   |
77 |     pub features: Vec<String>,
   |     ^^^^^^^^^^^^^^^^^^^^^^^^^

warning: missing documentation for a struct field
  --> src/core/license.rs:78:5
   |
78 |     pub user_id: String,
   |     ^^^^^^^^^^^^^^^^^^^

warning: missing documentation for a struct field
  --> src/core/license.rs:79:5
   |
79 |     pub email: Option<String>,
   |     ^^^^^^^^^^^^^^^^^^^^^^^^^

warning: missing documentation for a struct field
  --> src/core/license.rs:80:5
   |
80 |     pub expires_at: Option<String>,
   |     ^^^^^^^^^^^^^^^^^^^^^^^^^^^^^^

warning: missing documentation for a struct field
  --> src/core/license.rs:81:5
   |
81 |     pub message: Option<String>,
   |     ^^^^^^^^^^^^^^^^^^^^^^^^^^^

warning: missing documentation for a struct field
  --> src/core/license.rs:82:5
   |
82 |     pub subscription_status: Option<String>,
   |     ^^^^^^^^^^^^^^^^^^^^^^^^^^^^^^^^^^^^^^^

warning: missing documentation for a struct field
  --> src/core/license.rs:83:5
   |
83 |     pub max_devices: Option<u32>,
   |     ^^^^^^^^^^^^^^^^^^^^^^^^^^^^

warning: missing documentation for a struct field
  --> src/core/license.rs:84:5
   |
84 |     pub active_devices: Option<u32>,
   |     ^^^^^^^^^^^^^^^^^^^^^^^^^^^^^^^

warning: missing documentation for a struct field
  --> src/core/license.rs:90:5
   |
90 |     pub key: String,
   |     ^^^^^^^^^^^^^^^

warning: missing documentation for a struct field
  --> src/core/license.rs:91:5
   |
91 |     pub tier: LicenseTier,
   |     ^^^^^^^^^^^^^^^^^^^^^

warning: missing documentation for a struct field
  --> src/core/license.rs:92:5
   |
92 |     pub daily_limit: u32,
   |     ^^^^^^^^^^^^^^^^^^^^

warning: missing documentation for a struct field
  --> src/core/license.rs:93:5
   |
93 |     pub features: Vec<String>,
   |     ^^^^^^^^^^^^^^^^^^^^^^^^^

warning: missing documentation for a struct field
  --> src/core/license.rs:94:5
   |
94 |     pub user_id: String,
   |     ^^^^^^^^^^^^^^^^^^^

warning: missing documentation for a struct field
  --> src/core/license.rs:95:5
   |
95 |     pub email: Option<String>,
   |     ^^^^^^^^^^^^^^^^^^^^^^^^^

warning: missing documentation for a struct field
  --> src/core/license.rs:96:5
   |
96 |     pub expires_at: Option<String>,
   |     ^^^^^^^^^^^^^^^^^^^^^^^^^^^^^^

warning: missing documentation for a struct field
  --> src/core/license.rs:97:5
   |
97 |     pub validated_at: chrono::DateTime<chrono::Utc>,
   |     ^^^^^^^^^^^^^^^^^^^^^^^^^^^^^^^^^^^^^^^^^^^^^^^

warning: missing documentation for a struct field
   --> src/core/license.rs:476:5
    |
476 |     pub has_license: bool,
    |     ^^^^^^^^^^^^^^^^^^^^^

warning: missing documentation for a struct field
   --> src/core/license.rs:477:5
    |
477 |     pub is_valid: bool,
    |     ^^^^^^^^^^^^^^^^^^

warning: missing documentation for a struct field
   --> src/core/license.rs:478:5
    |
478 |     pub tier: LicenseTier,
    |     ^^^^^^^^^^^^^^^^^^^^^

warning: missing documentation for a struct field
   --> src/core/license.rs:479:5
    |
479 |     pub user_id: Option<String>,
    |     ^^^^^^^^^^^^^^^^^^^^^^^^^^^

warning: missing documentation for a struct field
   --> src/core/license.rs:480:5
    |
480 |     pub message: String,
    |     ^^^^^^^^^^^^^^^^^^^

warning: missing documentation for an associated function
   --> src/core/license.rs:489:5
    |
489 |     pub fn new(config_dir: PathBuf) -> Self {
    |     ^^^^^^^^^^^^^^^^^^^^^^^^^^^^^^^^^^^^^^^

warning: missing documentation for a struct field
  --> src/core/usage_tracker.rs:16:5
   |
16 |     pub user_id: String,
   |     ^^^^^^^^^^^^^^^^^^^

warning: missing documentation for a struct field
  --> src/core/usage_tracker.rs:17:5
   |
17 |     pub license_tier: LicenseTier,
   |     ^^^^^^^^^^^^^^^^^^^^^^^^^^^^^

warning: missing documentation for a struct field
  --> src/core/usage_tracker.rs:18:5
   |
18 |     pub daily_limit: u32,
   |     ^^^^^^^^^^^^^^^^^^^^

warning: missing documentation for a struct field
  --> src/core/usage_tracker.rs:19:5
   |
19 |     pub daily_usage: u32,
   |     ^^^^^^^^^^^^^^^^^^^^

warning: missing documentation for a struct field
  --> src/core/usage_tracker.rs:20:5
   |
20 |     pub usage_reset_date: Option<DateTime<Utc>>,
   |     ^^^^^^^^^^^^^^^^^^^^^^^^^^^^^^^^^^^^^^^^^^^

warning: missing documentation for a struct field
  --> src/core/usage_tracker.rs:21:5
   |
21 |     pub trial_active: bool,
   |     ^^^^^^^^^^^^^^^^^^^^^^

warning: missing documentation for a struct field
  --> src/core/usage_tracker.rs:22:5
   |
22 |     pub trial_start_date: Option<DateTime<Utc>>,
   |     ^^^^^^^^^^^^^^^^^^^^^^^^^^^^^^^^^^^^^^^^^^^

warning: missing documentation for a struct field
  --> src/core/usage_tracker.rs:23:5
   |
23 |     pub trial_end_date: Option<DateTime<Utc>>,
   |     ^^^^^^^^^^^^^^^^^^^^^^^^^^^^^^^^^^^^^^^^^

warning: missing documentation for a struct field
  --> src/core/usage_tracker.rs:24:5
   |
24 |     pub trial_days_remaining: i32,
   |     ^^^^^^^^^^^^^^^^^^^^^^^^^^^^^

warning: missing documentation for a struct field
  --> src/core/usage_tracker.rs:25:5
   |
25 |     pub is_unlimited: bool,
   |     ^^^^^^^^^^^^^^^^^^^^^^

warning: missing documentation for a struct field
  --> src/core/usage_tracker.rs:31:5
   |
31 |     pub allowed: bool,
   |     ^^^^^^^^^^^^^^^^^

warning: missing documentation for a struct field
  --> src/core/usage_tracker.rs:32:5
   |
32 |     pub reason: String,
   |     ^^^^^^^^^^^^^^^^^^

warning: missing documentation for a struct field
  --> src/core/usage_tracker.rs:33:5
   |
33 |     pub remaining_conversations: i32,
   |     ^^^^^^^^^^^^^^^^^^^^^^^^^^^^^^^^

warning: missing documentation for a struct field
  --> src/core/usage_tracker.rs:34:5
   |
34 |     pub usage_info: UserUsageInfo,
   |     ^^^^^^^^^^^^^^^^^^^^^^^^^^^^^

warning: missing documentation for a struct field
  --> src/core/usage_tracker.rs:40:5
   |
40 |     pub daily_used: u32,
   |     ^^^^^^^^^^^^^^^^^^^

warning: missing documentation for a struct field
  --> src/core/usage_tracker.rs:41:5
   |
41 |     pub daily_limit: u32,
   |     ^^^^^^^^^^^^^^^^^^^^

warning: missing documentation for a struct field
  --> src/core/usage_tracker.rs:42:5
   |
42 |     pub daily_percentage: f32,
   |     ^^^^^^^^^^^^^^^^^^^^^^^^^

warning: missing documentation for a struct field
  --> src/core/usage_tracker.rs:43:5
   |
43 |     pub remaining_today: i32,
   |     ^^^^^^^^^^^^^^^^^^^^^^^^

warning: missing documentation for a struct field
  --> src/core/usage_tracker.rs:44:5
   |
44 |     pub reset_time: Option<String>,
   |     ^^^^^^^^^^^^^^^^^^^^^^^^^^^^^^

warning: missing documentation for a struct field
  --> src/core/usage_tracker.rs:45:5
   |
45 |     pub status_color: String,
   |     ^^^^^^^^^^^^^^^^^^^^^^^^

warning: missing documentation for a struct field
  --> src/core/usage_tracker.rs:46:5
   |
46 |     pub status_emoji: String,
   |     ^^^^^^^^^^^^^^^^^^^^^^^^

warning: missing documentation for a struct field
  --> src/core/usage_tracker.rs:47:5
   |
47 |     pub status_message: String,
   |     ^^^^^^^^^^^^^^^^^^^^^^^^^^

warning: missing documentation for a struct field
  --> src/core/usage_tracker.rs:48:5
   |
48 |     pub is_trial: bool,
   |     ^^^^^^^^^^^^^^^^^^

warning: missing documentation for a struct field
  --> src/core/usage_tracker.rs:49:5
   |
49 |     pub trial_days_left: Option<i32>,
   |     ^^^^^^^^^^^^^^^^^^^^^^^^^^^^^^^^

warning: missing documentation for a variant
  --> src/core/profiles.rs:16:5
   |
16 |     Speed,
   |     ^^^^^

warning: missing documentation for a variant
  --> src/core/profiles.rs:17:5
   |
17 |     Quality,
   |     ^^^^^^^

warning: missing documentation for a variant
  --> src/core/profiles.rs:18:5
   |
18 |     Cost,
   |     ^^^^

warning: missing documentation for a variant
  --> src/core/profiles.rs:19:5
   |
19 |     Specialized,
   |     ^^^^^^^^^^^

warning: missing documentation for a variant
  --> src/core/profiles.rs:20:5
   |
20 |     Production,
   |     ^^^^^^^^^^

warning: missing documentation for a variant
  --> src/core/profiles.rs:26:5
   |
26 |     Beginner,
   |     ^^^^^^^^

warning: missing documentation for a variant
  --> src/core/profiles.rs:27:5
   |
27 |     Intermediate,
   |     ^^^^^^^^^^^^

warning: missing documentation for a variant
  --> src/core/profiles.rs:28:5
   |
28 |     Advanced,
   |     ^^^^^^^^

warning: missing documentation for a variant
  --> src/core/profiles.rs:29:5
   |
29 |     Expert,
   |     ^^^^^^

warning: missing documentation for a variant
  --> src/core/profiles.rs:35:5
   |
35 |     Fixed,   // Use specific models
   |     ^^^^^

warning: missing documentation for a variant
  --> src/core/profiles.rs:36:5
   |
36 |     Dynamic, // Select based on current rankings
   |     ^^^^^^^

warning: missing documentation for a variant
  --> src/core/profiles.rs:37:5
   |
37 |     Hybrid,  // Mix of fixed and dynamic
   |     ^^^^^^

warning: missing documentation for a variant
  --> src/core/profiles.rs:43:5
   |
43 |     Cost,
   |     ^^^^

warning: missing documentation for a variant
  --> src/core/profiles.rs:44:5
   |
44 |     Performance,
   |     ^^^^^^^^^^^

warning: missing documentation for a variant
  --> src/core/profiles.rs:45:5
   |
45 |     Balanced,
   |     ^^^^^^^^

warning: missing documentation for a variant
  --> src/core/profiles.rs:51:5
   |
51 |     Speed,
   |     ^^^^^

warning: missing documentation for a variant
  --> src/core/profiles.rs:52:5
   |
52 |     Quality,
   |     ^^^^^^^

warning: missing documentation for a variant
  --> src/core/profiles.rs:53:5
   |
53 |     Balanced,
   |     ^^^^^^^^

warning: missing documentation for a variant
  --> src/core/profiles.rs:59:5
   |
59 |     UltraLow,
   |     ^^^^^^^^

warning: missing documentation for a variant
  --> src/core/profiles.rs:60:5
   |
60 |     Low,
   |     ^^^

warning: missing documentation for a variant
  --> src/core/profiles.rs:61:5
   |
61 |     Medium,
   |     ^^^^^^

warning: missing documentation for a variant
  --> src/core/profiles.rs:62:5
   |
62 |     High,
   |     ^^^^

warning: missing documentation for a variant
  --> src/core/profiles.rs:63:5
   |
63 |     Premium,
   |     ^^^^^^^

warning: missing documentation for a variant
  --> src/core/profiles.rs:69:5
   |
69 |     Generator,
   |     ^^^^^^^^^

warning: missing documentation for a variant
  --> src/core/profiles.rs:70:5
   |
70 |     Refiner,
   |     ^^^^^^^

warning: missing documentation for a variant
  --> src/core/profiles.rs:71:5
   |
71 |     Validator,
   |     ^^^^^^^^^

warning: missing documentation for a variant
  --> src/core/profiles.rs:72:5
   |
72 |     Curator,
   |     ^^^^^^^

warning: missing documentation for a struct field
  --> src/core/profiles.rs:78:5
   |
78 |     pub providers: Option<Vec<String>>,
   |     ^^^^^^^^^^^^^^^^^^^^^^^^^^^^^^^^^^

warning: missing documentation for a struct field
  --> src/core/profiles.rs:79:5
   |
79 |     pub ranking_position: Option<String>, // "top-5", "top-10", "cost-efficient", etc.
   |     ^^^^^^^^^^^^^^^^^^^^^^^^^^^^^^^^^^^^

warning: missing documentation for a struct field
  --> src/core/profiles.rs:80:5
   |
80 |     pub context_window: Option<String>,   // "small", "medium", "large", "xl"
   |     ^^^^^^^^^^^^^^^^^^^^^^^^^^^^^^^^^^

warning: missing documentation for a struct field
  --> src/core/profiles.rs:81:5
   |
81 |     pub capabilities: Option<Vec<String>>,
   |     ^^^^^^^^^^^^^^^^^^^^^^^^^^^^^^^^^^^^^

warning: missing documentation for a struct field
  --> src/core/profiles.rs:82:5
   |
82 |     pub cost_range: Option<CostRange>,
   |     ^^^^^^^^^^^^^^^^^^^^^^^^^^^^^^^^^

warning: missing documentation for a struct field
  --> src/core/profiles.rs:83:5
   |
83 |     pub fallback_model: Option<String>, // OpenRouter ID or internal ID as string
   |     ^^^^^^^^^^^^^^^^^^^^^^^^^^^^^^^^^^

warning: missing documentation for a struct field
  --> src/core/profiles.rs:89:5
   |
89 |     pub priority: BudgetPriority,
   |     ^^^^^^^^^^^^^^^^^^^^^^^^^^^^

warning: missing documentation for a struct field
  --> src/core/profiles.rs:90:5
   |
90 |     pub max_cost_per_conversation: Option<f64>,
   |     ^^^^^^^^^^^^^^^^^^^^^^^^^^^^^^^^^^^^^^^^^^

warning: missing documentation for a struct field
  --> src/core/profiles.rs:91:5
   |
91 |     pub preferred_cost_range: CostRange,
   |     ^^^^^^^^^^^^^^^^^^^^^^^^^^^^^^^^^^^

warning: missing documentation for a struct field
  --> src/core/profiles.rs:97:5
   |
97 |     pub priority: PerformancePriority,
   |     ^^^^^^^^^^^^^^^^^^^^^^^^^^^^^^^^^

warning: missing documentation for a struct field
  --> src/core/profiles.rs:98:5
   |
98 |     pub max_latency_ms: Option<u32>,
   |     ^^^^^^^^^^^^^^^^^^^^^^^^^^^^^^^

warning: missing documentation for a struct field
  --> src/core/profiles.rs:99:5
   |
99 |     pub quality_threshold: Option<f64>,
   |     ^^^^^^^^^^^^^^^^^^^^^^^^^^^^^^^^^^

warning: missing documentation for a struct field
   --> src/core/profiles.rs:105:5
    |
105 |     pub generator: f64,
    |     ^^^^^^^^^^^^^^^^^^

warning: missing documentation for a struct field
   --> src/core/profiles.rs:106:5
    |
106 |     pub refiner: f64,
    |     ^^^^^^^^^^^^^^^^

warning: missing documentation for a struct field
   --> src/core/profiles.rs:107:5
    |
107 |     pub validator: f64,
    |     ^^^^^^^^^^^^^^^^^^

warning: missing documentation for a struct field
   --> src/core/profiles.rs:108:5
    |
108 |     pub curator: f64,
    |     ^^^^^^^^^^^^^^^^

warning: missing documentation for a struct field
   --> src/core/profiles.rs:114:5
    |
114 |     pub generator: i64,
    |     ^^^^^^^^^^^^^^^^^^

warning: missing documentation for a struct field
   --> src/core/profiles.rs:115:5
    |
115 |     pub refiner: i64,
    |     ^^^^^^^^^^^^^^^^

warning: missing documentation for a struct field
   --> src/core/profiles.rs:116:5
    |
116 |     pub validator: i64,
    |     ^^^^^^^^^^^^^^^^^^

warning: missing documentation for a struct field
   --> src/core/profiles.rs:117:5
    |
117 |     pub curator: i64,
    |     ^^^^^^^^^^^^^^^^

warning: missing documentation for a struct field
   --> src/core/profiles.rs:123:5
    |
123 |     pub generator: ModelCriteria,
    |     ^^^^^^^^^^^^^^^^^^^^^^^^^^^^

warning: missing documentation for a struct field
   --> src/core/profiles.rs:124:5
    |
124 |     pub refiner: ModelCriteria,
    |     ^^^^^^^^^^^^^^^^^^^^^^^^^^

warning: missing documentation for a struct field
   --> src/core/profiles.rs:125:5
    |
125 |     pub validator: ModelCriteria,
    |     ^^^^^^^^^^^^^^^^^^^^^^^^^^^^

warning: missing documentation for a struct field
   --> src/core/profiles.rs:126:5
    |
126 |     pub curator: ModelCriteria,
    |     ^^^^^^^^^^^^^^^^^^^^^^^^^^

warning: missing documentation for a struct field
   --> src/core/profiles.rs:132:5
    |
132 |     pub id: String,
    |     ^^^^^^^^^^^^^^

warning: missing documentation for a struct field
   --> src/core/profiles.rs:133:5
    |
133 |     pub name: String,
    |     ^^^^^^^^^^^^^^^^

warning: missing documentation for a struct field
   --> src/core/profiles.rs:134:5
    |
134 |     pub description: String,
    |     ^^^^^^^^^^^^^^^^^^^^^^^

warning: missing documentation for a struct field
   --> src/core/profiles.rs:135:5
    |
135 |     pub category: ProfileCategory,
    |     ^^^^^^^^^^^^^^^^^^^^^^^^^^^^^

warning: missing documentation for a struct field
   --> src/core/profiles.rs:136:5
    |
136 |     pub expert_level: ExpertLevel,
    |     ^^^^^^^^^^^^^^^^^^^^^^^^^^^^^

warning: missing documentation for a struct field
   --> src/core/profiles.rs:137:5
    |
137 |     pub selection_strategy: SelectionStrategy,
    |     ^^^^^^^^^^^^^^^^^^^^^^^^^^^^^^^^^^^^^^^^^

warning: missing documentation for a struct field
   --> src/core/profiles.rs:140:5
    |
140 |     pub fixed_models: Option<FixedModels>,
    |     ^^^^^^^^^^^^^^^^^^^^^^^^^^^^^^^^^^^^^

warning: missing documentation for a struct field
   --> src/core/profiles.rs:141:5
    |
141 |     pub selection_criteria: Option<StageSelectionCriteria>,
    |     ^^^^^^^^^^^^^^^^^^^^^^^^^^^^^^^^^^^^^^^^^^^^^^^^^^^^^^

warning: missing documentation for a struct field
   --> src/core/profiles.rs:144:5
    |
144 |     pub temperatures: StageTemperatures,
    |     ^^^^^^^^^^^^^^^^^^^^^^^^^^^^^^^^^^^

warning: missing documentation for a struct field
   --> src/core/profiles.rs:147:5
    |
147 |     pub budget_profile: Option<BudgetProfile>,
    |     ^^^^^^^^^^^^^^^^^^^^^^^^^^^^^^^^^^^^^^^^^

warning: missing documentation for a struct field
   --> src/core/profiles.rs:148:5
    |
148 |     pub performance_profile: Option<PerformanceProfile>,
    |     ^^^^^^^^^^^^^^^^^^^^^^^^^^^^^^^^^^^^^^^^^^^^^^^^^^^

warning: missing documentation for a struct field
   --> src/core/profiles.rs:151:5
    |
151 |     pub use_cases: Vec<String>,
    |     ^^^^^^^^^^^^^^^^^^^^^^^^^^

warning: missing documentation for a struct field
   --> src/core/profiles.rs:152:5
    |
152 |     pub tags: Vec<String>,
    |     ^^^^^^^^^^^^^^^^^^^^^

warning: missing documentation for a struct field
   --> src/core/profiles.rs:158:5
    |
158 |     pub id: i64,
    |     ^^^^^^^^^^^

warning: missing documentation for a struct field
   --> src/core/profiles.rs:159:5
    |
159 |     pub name: String,
    |     ^^^^^^^^^^^^^^^^

warning: missing documentation for a struct field
   --> src/core/profiles.rs:160:5
    |
160 |     pub user_id: Option<String>,
    |     ^^^^^^^^^^^^^^^^^^^^^^^^^^^

warning: missing documentation for a struct field
   --> src/core/profiles.rs:161:5
    |
161 |     pub generator_model_id: i64,
    |     ^^^^^^^^^^^^^^^^^^^^^^^^^^^

warning: missing documentation for a struct field
   --> src/core/profiles.rs:162:5
    |
162 |     pub generator_temperature: f64,
    |     ^^^^^^^^^^^^^^^^^^^^^^^^^^^^^^

warning: missing documentation for a struct field
   --> src/core/profiles.rs:163:5
    |
163 |     pub refiner_model_id: i64,
    |     ^^^^^^^^^^^^^^^^^^^^^^^^^

warning: missing documentation for a struct field
   --> src/core/profiles.rs:164:5
    |
164 |     pub refiner_temperature: f64,
    |     ^^^^^^^^^^^^^^^^^^^^^^^^^^^^

warning: missing documentation for a struct field
   --> src/core/profiles.rs:165:5
    |
165 |     pub validator_model_id: i64,
    |     ^^^^^^^^^^^^^^^^^^^^^^^^^^^

warning: missing documentation for a struct field
   --> src/core/profiles.rs:166:5
    |
166 |     pub validator_temperature: f64,
    |     ^^^^^^^^^^^^^^^^^^^^^^^^^^^^^^

warning: missing documentation for a struct field
   --> src/core/profiles.rs:167:5
    |
167 |     pub curator_model_id: i64,
    |     ^^^^^^^^^^^^^^^^^^^^^^^^^

warning: missing documentation for a struct field
   --> src/core/profiles.rs:168:5
    |
168 |     pub curator_temperature: f64,
    |     ^^^^^^^^^^^^^^^^^^^^^^^^^^^^

warning: missing documentation for a struct field
   --> src/core/profiles.rs:169:5
    |
169 |     pub is_default: bool,
    |     ^^^^^^^^^^^^^^^^^^^^

warning: missing documentation for a struct field
   --> src/core/profiles.rs:170:5
    |
170 |     pub created_at: chrono::DateTime<chrono::Utc>,
    |     ^^^^^^^^^^^^^^^^^^^^^^^^^^^^^^^^^^^^^^^^^^^^^

warning: missing documentation for a struct field
   --> src/core/profiles.rs:171:5
    |
171 |     pub updated_at: chrono::DateTime<chrono::Utc>,
    |     ^^^^^^^^^^^^^^^^^^^^^^^^^^^^^^^^^^^^^^^^^^^^^

warning: missing documentation for a struct
  --> src/core/migrator.rs:16:1
   |
16 | pub struct MigrationPlan {
   | ^^^^^^^^^^^^^^^^^^^^^^^^

warning: missing documentation for a struct field
  --> src/core/migrator.rs:17:5
   |
17 |     pub plan_id: String,
   |     ^^^^^^^^^^^^^^^^^^^

warning: missing documentation for a struct field
  --> src/core/migrator.rs:18:5
   |
18 |     pub source_version: String,
   |     ^^^^^^^^^^^^^^^^^^^^^^^^^^

warning: missing documentation for a struct field
  --> src/core/migrator.rs:19:5
   |
19 |     pub target_version: String,
   |     ^^^^^^^^^^^^^^^^^^^^^^^^^^

warning: missing documentation for a struct field
  --> src/core/migrator.rs:20:5
   |
20 |     pub created_at: DateTime<Utc>,
   |     ^^^^^^^^^^^^^^^^^^^^^^^^^^^^^

warning: missing documentation for a struct field
  --> src/core/migrator.rs:21:5
   |
21 |     pub steps: Vec<MigrationStep>,
   |     ^^^^^^^^^^^^^^^^^^^^^^^^^^^^^

warning: missing documentation for a struct field
  --> src/core/migrator.rs:22:5
   |
22 |     pub validation_checks: Vec<ValidationCheck>,
   |     ^^^^^^^^^^^^^^^^^^^^^^^^^^^^^^^^^^^^^^^^^^^

warning: missing documentation for a struct field
  --> src/core/migrator.rs:23:5
   |
23 |     pub estimated_duration: std::time::Duration,
   |     ^^^^^^^^^^^^^^^^^^^^^^^^^^^^^^^^^^^^^^^^^^^

warning: missing documentation for a struct
  --> src/core/migrator.rs:27:1
   |
27 | pub struct MigrationStep {
   | ^^^^^^^^^^^^^^^^^^^^^^^^

warning: missing documentation for a struct field
  --> src/core/migrator.rs:28:5
   |
28 |     pub step_id: String,
   |     ^^^^^^^^^^^^^^^^^^^

warning: missing documentation for a struct field
  --> src/core/migrator.rs:29:5
   |
29 |     pub description: String,
   |     ^^^^^^^^^^^^^^^^^^^^^^^

warning: missing documentation for a struct field
  --> src/core/migrator.rs:30:5
   |
30 |     pub step_type: MigrationStepType,
   |     ^^^^^^^^^^^^^^^^^^^^^^^^^^^^^^^^

warning: missing documentation for a struct field
  --> src/core/migrator.rs:31:5
   |
31 |     pub dependencies: Vec<String>,
   |     ^^^^^^^^^^^^^^^^^^^^^^^^^^^^^

warning: missing documentation for a struct field
  --> src/core/migrator.rs:32:5
   |
32 |     pub rollback_info: Option<RollbackInfo>,
   |     ^^^^^^^^^^^^^^^^^^^^^^^^^^^^^^^^^^^^^^^

warning: missing documentation for a struct field
  --> src/core/migrator.rs:33:5
   |
33 |     pub completed: bool,
   |     ^^^^^^^^^^^^^^^^^^^

warning: missing documentation for a struct field
  --> src/core/migrator.rs:34:5
   |
34 |     pub started_at: Option<DateTime<Utc>>,
   |     ^^^^^^^^^^^^^^^^^^^^^^^^^^^^^^^^^^^^^

warning: missing documentation for a struct field
  --> src/core/migrator.rs:35:5
   |
35 |     pub completed_at: Option<DateTime<Utc>>,
   |     ^^^^^^^^^^^^^^^^^^^^^^^^^^^^^^^^^^^^^^^

warning: missing documentation for a struct field
  --> src/core/migrator.rs:36:5
   |
36 |     pub error_message: Option<String>,
   |     ^^^^^^^^^^^^^^^^^^^^^^^^^^^^^^^^^

warning: missing documentation for an enum
  --> src/core/migrator.rs:40:1
   |
40 | pub enum MigrationStepType {
   | ^^^^^^^^^^^^^^^^^^^^^^^^^^

warning: missing documentation for a variant
  --> src/core/migrator.rs:41:5
   |
41 |     BackupData,
   |     ^^^^^^^^^^

warning: missing documentation for a variant
  --> src/core/migrator.rs:42:5
   |
42 |     ValidateSource,
   |     ^^^^^^^^^^^^^^

warning: missing documentation for a variant
  --> src/core/migrator.rs:43:5
   |
43 |     ConvertDatabase,
   |     ^^^^^^^^^^^^^^^

warning: missing documentation for a variant
  --> src/core/migrator.rs:44:5
   |
44 |     MigrateConfig,
   |     ^^^^^^^^^^^^^

warning: missing documentation for a variant
  --> src/core/migrator.rs:45:5
   |
45 |     TransferConversations,
   |     ^^^^^^^^^^^^^^^^^^^^^

warning: missing documentation for a variant
  --> src/core/migrator.rs:46:5
   |
46 |     MigrateThemes,
   |     ^^^^^^^^^^^^^

warning: missing documentation for a variant
  --> src/core/migrator.rs:47:5
   |
47 |     ValidateIntegrity,
   |     ^^^^^^^^^^^^^^^^^

warning: missing documentation for a variant
  --> src/core/migrator.rs:48:5
   |
48 |     UpdateReferences,
   |     ^^^^^^^^^^^^^^^^

warning: missing documentation for a variant
  --> src/core/migrator.rs:49:5
   |
49 |     Cleanup,
   |     ^^^^^^^

warning: missing documentation for a struct
  --> src/core/migrator.rs:53:1
   |
53 | pub struct RollbackInfo {
   | ^^^^^^^^^^^^^^^^^^^^^^^

warning: missing documentation for a struct field
  --> src/core/migrator.rs:54:5
   |
54 |     pub backup_path: PathBuf,
   |     ^^^^^^^^^^^^^^^^^^^^^^^^

warning: missing documentation for a struct field
  --> src/core/migrator.rs:55:5
   |
55 |     pub rollback_script: Option<String>,
   |     ^^^^^^^^^^^^^^^^^^^^^^^^^^^^^^^^^^^

warning: missing documentation for a struct field
  --> src/core/migrator.rs:56:5
   |
56 |     pub rollback_data: HashMap<String, serde_json::Value>,
   |     ^^^^^^^^^^^^^^^^^^^^^^^^^^^^^^^^^^^^^^^^^^^^^^^^^^^^^

warning: missing documentation for a struct
  --> src/core/migrator.rs:60:1
   |
60 | pub struct ValidationCheck {
   | ^^^^^^^^^^^^^^^^^^^^^^^^^^

warning: missing documentation for a struct field
  --> src/core/migrator.rs:61:5
   |
61 |     pub check_id: String,
   |     ^^^^^^^^^^^^^^^^^^^^

warning: missing documentation for a struct field
  --> src/core/migrator.rs:62:5
   |
62 |     pub description: String,
   |     ^^^^^^^^^^^^^^^^^^^^^^^

warning: missing documentation for a struct field
  --> src/core/migrator.rs:63:5
   |
63 |     pub check_type: ValidationType,
   |     ^^^^^^^^^^^^^^^^^^^^^^^^^^^^^^

warning: missing documentation for a struct field
  --> src/core/migrator.rs:64:5
   |
64 |     pub expected_result: serde_json::Value,
   |     ^^^^^^^^^^^^^^^^^^^^^^^^^^^^^^^^^^^^^^

warning: missing documentation for a struct field
  --> src/core/migrator.rs:65:5
   |
65 |     pub actual_result: Option<serde_json::Value>,
   |     ^^^^^^^^^^^^^^^^^^^^^^^^^^^^^^^^^^^^^^^^^^^^

warning: missing documentation for a struct field
  --> src/core/migrator.rs:66:5
   |
66 |     pub passed: Option<bool>,
   |     ^^^^^^^^^^^^^^^^^^^^^^^^

warning: missing documentation for a struct field
  --> src/core/migrator.rs:67:5
   |
67 |     pub critical: bool,
   |     ^^^^^^^^^^^^^^^^^^

warning: missing documentation for an enum
  --> src/core/migrator.rs:71:1
   |
71 | pub enum ValidationType {
   | ^^^^^^^^^^^^^^^^^^^^^^^

warning: missing documentation for a variant
  --> src/core/migrator.rs:72:5
   |
72 |     ConversationCount,
   |     ^^^^^^^^^^^^^^^^^

warning: missing documentation for a variant
  --> src/core/migrator.rs:73:5
   |
73 |     ConfigCompatibility,
   |     ^^^^^^^^^^^^^^^^^^^

warning: missing documentation for a variant
  --> src/core/migrator.rs:74:5
   |
74 |     DatabaseSchema,
   |     ^^^^^^^^^^^^^^

warning: missing documentation for a variant
  --> src/core/migrator.rs:75:5
   |
75 |     FileIntegrity,
   |     ^^^^^^^^^^^^^

warning: missing documentation for a variant
  --> src/core/migrator.rs:76:5
   |
76 |     PerformanceBaseline,
   |     ^^^^^^^^^^^^^^^^^^^

warning: missing documentation for a struct
  --> src/core/migrator.rs:80:1
   |
80 | pub struct MigrationResult {
   | ^^^^^^^^^^^^^^^^^^^^^^^^^^

warning: missing documentation for a struct field
  --> src/core/migrator.rs:81:5
   |
81 |     pub plan_id: String,
   |     ^^^^^^^^^^^^^^^^^^^

warning: missing documentation for a struct field
  --> src/core/migrator.rs:82:5
   |
82 |     pub success: bool,
   |     ^^^^^^^^^^^^^^^^^

warning: missing documentation for a struct field
  --> src/core/migrator.rs:83:5
   |
83 |     pub completed_steps: usize,
   |     ^^^^^^^^^^^^^^^^^^^^^^^^^^

warning: missing documentation for a struct field
  --> src/core/migrator.rs:84:5
   |
84 |     pub total_steps: usize,
   |     ^^^^^^^^^^^^^^^^^^^^^^

warning: missing documentation for a struct field
  --> src/core/migrator.rs:85:5
   |
85 |     pub started_at: DateTime<Utc>,
   |     ^^^^^^^^^^^^^^^^^^^^^^^^^^^^^

warning: missing documentation for a struct field
  --> src/core/migrator.rs:86:5
   |
86 |     pub completed_at: Option<DateTime<Utc>>,
   |     ^^^^^^^^^^^^^^^^^^^^^^^^^^^^^^^^^^^^^^^

warning: missing documentation for a struct field
  --> src/core/migrator.rs:87:5
   |
87 |     pub duration: Option<std::time::Duration>,
   |     ^^^^^^^^^^^^^^^^^^^^^^^^^^^^^^^^^^^^^^^^^

warning: missing documentation for a struct field
  --> src/core/migrator.rs:88:5
   |
88 |     pub validation_results: Vec<ValidationCheck>,
   |     ^^^^^^^^^^^^^^^^^^^^^^^^^^^^^^^^^^^^^^^^^^^^

warning: missing documentation for a struct field
  --> src/core/migrator.rs:89:5
   |
89 |     pub error_message: Option<String>,
   |     ^^^^^^^^^^^^^^^^^^^^^^^^^^^^^^^^^

warning: missing documentation for a struct field
  --> src/core/migrator.rs:90:5
   |
90 |     pub rollback_available: bool,
   |     ^^^^^^^^^^^^^^^^^^^^^^^^^^^^

warning: missing documentation for a struct
  --> src/core/migrator.rs:94:1
   |
94 | pub struct TypeScriptHiveData {
   | ^^^^^^^^^^^^^^^^^^^^^^^^^^^^^

warning: missing documentation for a struct field
  --> src/core/migrator.rs:95:5
   |
95 |     pub config_path: PathBuf,
   |     ^^^^^^^^^^^^^^^^^^^^^^^^

warning: missing documentation for a struct field
  --> src/core/migrator.rs:96:5
   |
96 |     pub database_path: PathBuf,
   |     ^^^^^^^^^^^^^^^^^^^^^^^^^^

warning: missing documentation for a struct field
  --> src/core/migrator.rs:97:5
   |
97 |     pub conversations: Vec<LegacyConversation>,
   |     ^^^^^^^^^^^^^^^^^^^^^^^^^^^^^^^^^^^^^^^^^^

warning: missing documentation for a struct field
  --> src/core/migrator.rs:98:5
   |
98 |     pub themes: Vec<LegacyTheme>,
   |     ^^^^^^^^^^^^^^^^^^^^^^^^^^^^

warning: missing documentation for a struct field
  --> src/core/migrator.rs:99:5
   |
99 |     pub config: LegacyConfig,
   |     ^^^^^^^^^^^^^^^^^^^^^^^^

warning: missing documentation for a struct field
   --> src/core/migrator.rs:100:5
    |
100 |     pub metadata: LegacyMetadata,
    |     ^^^^^^^^^^^^^^^^^^^^^^^^^^^^

warning: missing documentation for a struct
   --> src/core/migrator.rs:104:1
    |
104 | pub struct LegacyConversation {
    | ^^^^^^^^^^^^^^^^^^^^^^^^^^^^^

warning: missing documentation for a struct field
   --> src/core/migrator.rs:105:5
    |
105 |     pub id: String,
    |     ^^^^^^^^^^^^^^

warning: missing documentation for a struct field
   --> src/core/migrator.rs:106:5
    |
106 |     pub title: String,
    |     ^^^^^^^^^^^^^^^^^

warning: missing documentation for a struct field
   --> src/core/migrator.rs:107:5
    |
107 |     pub created_at: String, // ISO string in TypeScript
    |     ^^^^^^^^^^^^^^^^^^^^^^

warning: missing documentation for a struct field
   --> src/core/migrator.rs:108:5
    |
108 |     pub updated_at: String,
    |     ^^^^^^^^^^^^^^^^^^^^^^

warning: missing documentation for a struct field
   --> src/core/migrator.rs:109:5
    |
109 |     pub messages: Vec<LegacyMessage>,
    |     ^^^^^^^^^^^^^^^^^^^^^^^^^^^^^^^^

warning: missing documentation for a struct field
   --> src/core/migrator.rs:110:5
    |
110 |     pub metadata: HashMap<String, serde_json::Value>,
    |     ^^^^^^^^^^^^^^^^^^^^^^^^^^^^^^^^^^^^^^^^^^^^^^^^

warning: missing documentation for a struct
   --> src/core/migrator.rs:114:1
    |
114 | pub struct LegacyMessage {
    | ^^^^^^^^^^^^^^^^^^^^^^^^

warning: missing documentation for a struct field
   --> src/core/migrator.rs:115:5
    |
115 |     pub id: String,
    |     ^^^^^^^^^^^^^^

warning: missing documentation for a struct field
   --> src/core/migrator.rs:116:5
    |
116 |     pub role: String, // "user" | "assistant" | "system"
    |     ^^^^^^^^^^^^^^^^

warning: missing documentation for a struct field
   --> src/core/migrator.rs:117:5
    |
117 |     pub content: String,
    |     ^^^^^^^^^^^^^^^^^^^

warning: missing documentation for a struct field
   --> src/core/migrator.rs:118:5
    |
118 |     pub timestamp: String,
    |     ^^^^^^^^^^^^^^^^^^^^^

warning: missing documentation for a struct field
   --> src/core/migrator.rs:119:5
    |
119 |     pub metadata: HashMap<String, serde_json::Value>,
    |     ^^^^^^^^^^^^^^^^^^^^^^^^^^^^^^^^^^^^^^^^^^^^^^^^

warning: missing documentation for a struct
   --> src/core/migrator.rs:123:1
    |
123 | pub struct LegacyTheme {
    | ^^^^^^^^^^^^^^^^^^^^^^

warning: missing documentation for a struct field
   --> src/core/migrator.rs:124:5
    |
124 |     pub id: String,
    |     ^^^^^^^^^^^^^^

warning: missing documentation for a struct field
   --> src/core/migrator.rs:125:5
    |
125 |     pub name: String,
    |     ^^^^^^^^^^^^^^^^

warning: missing documentation for a struct field
   --> src/core/migrator.rs:126:5
    |
126 |     pub description: String,
    |     ^^^^^^^^^^^^^^^^^^^^^^^

warning: missing documentation for a struct field
   --> src/core/migrator.rs:127:5
    |
127 |     pub created_at: String,
    |     ^^^^^^^^^^^^^^^^^^^^^^

warning: missing documentation for a struct field
   --> src/core/migrator.rs:128:5
    |
128 |     pub concepts: Vec<String>,
    |     ^^^^^^^^^^^^^^^^^^^^^^^^^

warning: missing documentation for a struct field
   --> src/core/migrator.rs:129:5
    |
129 |     pub conversation_ids: Vec<String>,
    |     ^^^^^^^^^^^^^^^^^^^^^^^^^^^^^^^^^

warning: missing documentation for a struct
   --> src/core/migrator.rs:133:1
    |
133 | pub struct LegacyConfig {
    | ^^^^^^^^^^^^^^^^^^^^^^^

warning: missing documentation for a struct field
   --> src/core/migrator.rs:134:5
    |
134 |     pub openrouter_api_key: Option<String>,
    |     ^^^^^^^^^^^^^^^^^^^^^^^^^^^^^^^^^^^^^^

warning: missing documentation for a struct field
   --> src/core/migrator.rs:135:5
    |
135 |     pub consensus_profile: String,
    |     ^^^^^^^^^^^^^^^^^^^^^^^^^^^^^

warning: missing documentation for a struct field
   --> src/core/migrator.rs:136:5
    |
136 |     pub default_model: String,
    |     ^^^^^^^^^^^^^^^^^^^^^^^^^

warning: missing documentation for a struct field
   --> src/core/migrator.rs:137:5
    |
137 |     pub cost_limits: HashMap<String, f64>,
    |     ^^^^^^^^^^^^^^^^^^^^^^^^^^^^^^^^^^^^^

warning: missing documentation for a struct field
   --> src/core/migrator.rs:138:5
    |
138 |     pub preferences: HashMap<String, serde_json::Value>,
    |     ^^^^^^^^^^^^^^^^^^^^^^^^^^^^^^^^^^^^^^^^^^^^^^^^^^^

warning: missing documentation for a struct
   --> src/core/migrator.rs:142:1
    |
142 | pub struct LegacyMetadata {
    | ^^^^^^^^^^^^^^^^^^^^^^^^^

warning: missing documentation for a struct field
   --> src/core/migrator.rs:143:5
    |
143 |     pub version: String,
    |     ^^^^^^^^^^^^^^^^^^^

warning: missing documentation for a struct field
   --> src/core/migrator.rs:144:5
    |
144 |     pub install_date: String,
    |     ^^^^^^^^^^^^^^^^^^^^^^^^

warning: missing documentation for a struct field
   --> src/core/migrator.rs:145:5
    |
145 |     pub total_conversations: usize,
    |     ^^^^^^^^^^^^^^^^^^^^^^^^^^^^^^

warning: missing documentation for a struct field
   --> src/core/migrator.rs:146:5
    |
146 |     pub total_messages: usize,
    |     ^^^^^^^^^^^^^^^^^^^^^^^^^

warning: missing documentation for a struct field
   --> src/core/migrator.rs:147:5
    |
147 |     pub total_cost: f64,
    |     ^^^^^^^^^^^^^^^^^^^

warning: missing documentation for a struct
   --> src/core/migrator.rs:150:1
    |
150 | pub struct HiveMigrator {
    | ^^^^^^^^^^^^^^^^^^^^^^^

warning: missing documentation for a struct field
   --> src/core/migrator.rs:151:5
    |
151 |     pub rust_config_dir: PathBuf,
    |     ^^^^^^^^^^^^^^^^^^^^^^^^^^^^

warning: missing documentation for a struct field
   --> src/core/migrator.rs:152:5
    |
152 |     pub typescript_config_dir: Option<PathBuf>,
    |     ^^^^^^^^^^^^^^^^^^^^^^^^^^^^^^^^^^^^^^^^^^

warning: missing documentation for a struct field
   --> src/core/migrator.rs:153:5
    |
153 |     pub backup_dir: PathBuf,
    |     ^^^^^^^^^^^^^^^^^^^^^^^

warning: missing documentation for a struct field
   --> src/core/migrator.rs:154:5
    |
154 |     pub dry_run: bool,
    |     ^^^^^^^^^^^^^^^^^

warning: missing documentation for an associated function
   --> src/core/migrator.rs:158:5
    |
158 |     pub fn new(rust_config_dir: PathBuf, typescript_config_dir: Option<PathBuf>) -> Self {
    |     ^^^^^^^^^^^^^^^^^^^^^^^^^^^^^^^^^^^^^^^^^^^^^^^^^^^^^^^^^^^^^^^^^^^^^^^^^^^^^^^^^^^^

warning: missing documentation for a method
   --> src/core/migrator.rs:169:5
    |
169 |     pub fn with_dry_run(mut self, dry_run: bool) -> Self {
    |     ^^^^^^^^^^^^^^^^^^^^^^^^^^^^^^^^^^^^^^^^^^^^^^^^^^^^

warning: missing documentation for a struct
  --> src/core/uninstaller.rs:12:1
   |
12 | pub struct UninstallPlan {
   | ^^^^^^^^^^^^^^^^^^^^^^^^

warning: missing documentation for a struct field
  --> src/core/uninstaller.rs:13:5
   |
13 |     pub components: Vec<UninstallComponent>,
   |     ^^^^^^^^^^^^^^^^^^^^^^^^^^^^^^^^^^^^^^^

warning: missing documentation for a struct field
  --> src/core/uninstaller.rs:14:5
   |
14 |     pub estimated_space_freed: u64,
   |     ^^^^^^^^^^^^^^^^^^^^^^^^^^^^^^

warning: missing documentation for a struct field
  --> src/core/uninstaller.rs:15:5
   |
15 |     pub backup_recommended: bool,
   |     ^^^^^^^^^^^^^^^^^^^^^^^^^^^^

warning: missing documentation for a struct field
  --> src/core/uninstaller.rs:16:5
   |
16 |     pub requires_admin: bool,
   |     ^^^^^^^^^^^^^^^^^^^^^^^^

warning: missing documentation for a struct
  --> src/core/uninstaller.rs:20:1
   |
20 | pub struct UninstallComponent {
   | ^^^^^^^^^^^^^^^^^^^^^^^^^^^^^

warning: missing documentation for a struct field
  --> src/core/uninstaller.rs:21:5
   |
21 |     pub name: String,
   |     ^^^^^^^^^^^^^^^^

warning: missing documentation for a struct field
  --> src/core/uninstaller.rs:22:5
   |
22 |     pub component_type: ComponentType,
   |     ^^^^^^^^^^^^^^^^^^^^^^^^^^^^^^^^^

warning: missing documentation for a struct field
  --> src/core/uninstaller.rs:23:5
   |
23 |     pub paths: Vec<PathBuf>,
   |     ^^^^^^^^^^^^^^^^^^^^^^^

warning: missing documentation for a struct field
  --> src/core/uninstaller.rs:24:5
   |
24 |     pub size_bytes: u64,
   |     ^^^^^^^^^^^^^^^^^^^

warning: missing documentation for a struct field
  --> src/core/uninstaller.rs:25:5
   |
25 |     pub optional: bool,
   |     ^^^^^^^^^^^^^^^^^^

warning: missing documentation for a struct field
  --> src/core/uninstaller.rs:26:5
   |
26 |     pub description: String,
   |     ^^^^^^^^^^^^^^^^^^^^^^^

warning: missing documentation for an enum
  --> src/core/uninstaller.rs:30:1
   |
30 | pub enum ComponentType {
   | ^^^^^^^^^^^^^^^^^^^^^^

warning: missing documentation for a variant
  --> src/core/uninstaller.rs:31:5
   |
31 |     Binary,
   |     ^^^^^^

warning: missing documentation for a variant
  --> src/core/uninstaller.rs:32:5
   |
32 |     Configuration,
   |     ^^^^^^^^^^^^^

warning: missing documentation for a variant
  --> src/core/uninstaller.rs:33:5
   |
33 |     Database,
   |     ^^^^^^^^

warning: missing documentation for a variant
  --> src/core/uninstaller.rs:34:5
   |
34 |     Cache,
   |     ^^^^^

warning: missing documentation for a variant
  --> src/core/uninstaller.rs:35:5
   |
35 |     Logs,
   |     ^^^^

warning: missing documentation for a variant
  --> src/core/uninstaller.rs:36:5
   |
36 |     ShellCompletions,
   |     ^^^^^^^^^^^^^^^^

warning: missing documentation for a variant
  --> src/core/uninstaller.rs:37:5
   |
37 |     BackupFiles,
   |     ^^^^^^^^^^^

warning: missing documentation for a variant
  --> src/core/uninstaller.rs:38:5
   |
38 |     TempFiles,
   |     ^^^^^^^^^

warning: missing documentation for a struct
  --> src/core/uninstaller.rs:42:1
   |
42 | pub struct UninstallResult {
   | ^^^^^^^^^^^^^^^^^^^^^^^^^^

warning: missing documentation for a struct field
  --> src/core/uninstaller.rs:43:5
   |
43 |     pub success: bool,
   |     ^^^^^^^^^^^^^^^^^

warning: missing documentation for a struct field
  --> src/core/uninstaller.rs:44:5
   |
44 |     pub components_removed: usize,
   |     ^^^^^^^^^^^^^^^^^^^^^^^^^^^^^

warning: missing documentation for a struct field
  --> src/core/uninstaller.rs:45:5
   |
45 |     pub total_components: usize,
   |     ^^^^^^^^^^^^^^^^^^^^^^^^^^^

warning: missing documentation for a struct field
  --> src/core/uninstaller.rs:46:5
   |
46 |     pub space_freed: u64,
   |     ^^^^^^^^^^^^^^^^^^^^

warning: missing documentation for a struct field
  --> src/core/uninstaller.rs:47:5
   |
47 |     pub errors: Vec<String>,
   |     ^^^^^^^^^^^^^^^^^^^^^^^

warning: missing documentation for a struct field
  --> src/core/uninstaller.rs:48:5
   |
48 |     pub warnings: Vec<String>,
   |     ^^^^^^^^^^^^^^^^^^^^^^^^^

warning: missing documentation for a struct
  --> src/core/uninstaller.rs:51:1
   |
51 | pub struct HiveUninstaller {
   | ^^^^^^^^^^^^^^^^^^^^^^^^^^

warning: missing documentation for a struct field
  --> src/core/uninstaller.rs:52:5
   |
52 |     pub dry_run: bool,
   |     ^^^^^^^^^^^^^^^^^

warning: missing documentation for a struct field
  --> src/core/uninstaller.rs:53:5
   |
53 |     pub preserve_config: bool,
   |     ^^^^^^^^^^^^^^^^^^^^^^^^^

warning: missing documentation for a struct field
  --> src/core/uninstaller.rs:54:5
   |
54 |     pub preserve_data: bool,
   |     ^^^^^^^^^^^^^^^^^^^^^^^

warning: missing documentation for a struct field
  --> src/core/uninstaller.rs:55:5
   |
55 |     pub force: bool,
   |     ^^^^^^^^^^^^^^^

warning: missing documentation for an associated function
  --> src/core/uninstaller.rs:70:5
   |
70 |     pub fn new() -> Self {
   |     ^^^^^^^^^^^^^^^^^^^^

warning: missing documentation for a method
  --> src/core/uninstaller.rs:74:5
   |
74 |     pub fn with_dry_run(mut self, dry_run: bool) -> Self {
   |     ^^^^^^^^^^^^^^^^^^^^^^^^^^^^^^^^^^^^^^^^^^^^^^^^^^^^

warning: missing documentation for a method
  --> src/core/uninstaller.rs:79:5
   |
79 |     pub fn preserve_config(mut self, preserve: bool) -> Self {
   |     ^^^^^^^^^^^^^^^^^^^^^^^^^^^^^^^^^^^^^^^^^^^^^^^^^^^^^^^^

warning: missing documentation for a method
  --> src/core/uninstaller.rs:84:5
   |
84 |     pub fn preserve_data(mut self, preserve: bool) -> Self {
   |     ^^^^^^^^^^^^^^^^^^^^^^^^^^^^^^^^^^^^^^^^^^^^^^^^^^^^^^

warning: missing documentation for a method
  --> src/core/uninstaller.rs:89:5
   |
89 |     pub fn force(mut self, force: bool) -> Self {
   |     ^^^^^^^^^^^^^^^^^^^^^^^^^^^^^^^^^^^^^^^^^^^

warning: missing documentation for a struct field
  --> src/core/performance.rs:16:5
   |
16 |     pub startup_time: Duration,
   |     ^^^^^^^^^^^^^^^^^^^^^^^^^^

warning: missing documentation for a struct field
  --> src/core/performance.rs:17:5
   |
17 |     pub memory_usage: u64,
   |     ^^^^^^^^^^^^^^^^^^^^^

warning: missing documentation for a struct field
  --> src/core/performance.rs:18:5
   |
18 |     pub consensus_latency: Duration,
   |     ^^^^^^^^^^^^^^^^^^^^^^^^^^^^^^^

warning: missing documentation for a struct field
  --> src/core/performance.rs:19:5
   |
19 |     pub file_parse_time: Duration,
   |     ^^^^^^^^^^^^^^^^^^^^^^^^^^^^^

warning: missing documentation for a struct field
  --> src/core/performance.rs:20:5
   |
20 |     pub database_latency: Duration,
   |     ^^^^^^^^^^^^^^^^^^^^^^^^^^^^^^

warning: missing documentation for a struct field
  --> src/core/performance.rs:21:5
   |
21 |     pub timestamp: std::time::SystemTime,
   |     ^^^^^^^^^^^^^^^^^^^^^^^^^^^^^^^^^^^^

warning: missing documentation for a struct field
  --> src/core/performance.rs:27:5
   |
27 |     pub startup_time: Duration,      // <25ms (enhanced from 50ms)
   |     ^^^^^^^^^^^^^^^^^^^^^^^^^^

warning: missing documentation for a struct field
  --> src/core/performance.rs:28:5
   |
28 |     pub memory_usage: u64,           // <20MB (enhanced from 25MB)
   |     ^^^^^^^^^^^^^^^^^^^^^

warning: missing documentation for a struct field
  --> src/core/performance.rs:29:5
   |
29 |     pub file_parse_time: Duration,   // <2ms/file (enhanced from 5ms)
   |     ^^^^^^^^^^^^^^^^^^^^^^^^^^^^^

warning: missing documentation for a struct field
  --> src/core/performance.rs:30:5
   |
30 |     pub consensus_latency: Duration, // <300ms (enhanced from 500ms)
   |     ^^^^^^^^^^^^^^^^^^^^^^^^^^^^^^^

warning: missing documentation for a struct field
  --> src/core/performance.rs:31:5
   |
31 |     pub database_latency: Duration,  // <1ms (enhanced from 3ms)
   |     ^^^^^^^^^^^^^^^^^^^^^^^^^^^^^^

warning: missing documentation for an associated function
  --> src/core/performance.rs:54:5
   |
54 |     pub fn new(buffer_size: usize, max_buffers: usize) -> Self {
   |     ^^^^^^^^^^^^^^^^^^^^^^^^^^^^^^^^^^^^^^^^^^^^^^^^^^^^^^^^^^

warning: missing documentation for an associated function
  --> src/core/performance.rs:89:5
   |
89 |     pub fn new() -> Self {
   |     ^^^^^^^^^^^^^^^^^^^^

warning: missing documentation for a struct field
   --> src/core/performance.rs:238:5
    |
238 |     pub sample_count: usize,
    |     ^^^^^^^^^^^^^^^^^^^^^^^

warning: missing documentation for a struct field
   --> src/core/performance.rs:239:5
    |
239 |     pub avg_startup_time: Duration,
    |     ^^^^^^^^^^^^^^^^^^^^^^^^^^^^^^

warning: missing documentation for a struct field
   --> src/core/performance.rs:240:5
    |
240 |     pub avg_memory_usage: u64,
    |     ^^^^^^^^^^^^^^^^^^^^^^^^^

warning: missing documentation for a struct field
   --> src/core/performance.rs:241:5
    |
241 |     pub avg_consensus_latency: Duration,
    |     ^^^^^^^^^^^^^^^^^^^^^^^^^^^^^^^^^^^

warning: missing documentation for a struct field
   --> src/core/performance.rs:242:5
    |
242 |     pub avg_file_parse_time: Duration,
    |     ^^^^^^^^^^^^^^^^^^^^^^^^^^^^^^^^^

warning: missing documentation for a struct field
   --> src/core/performance.rs:243:5
    |
243 |     pub avg_database_latency: Duration,
    |     ^^^^^^^^^^^^^^^^^^^^^^^^^^^^^^^^^^

warning: missing documentation for a struct field
   --> src/core/performance.rs:244:5
    |
244 |     pub targets_met: f64, // Percentage
    |     ^^^^^^^^^^^^^^^^^^^^

warning: missing documentation for an associated function
   --> src/core/performance.rs:268:5
    |
268 |     pub fn new(label: impl Into<String>) -> Self {
    |     ^^^^^^^^^^^^^^^^^^^^^^^^^^^^^^^^^^^^^^^^^^^^

warning: missing documentation for a method
   --> src/core/performance.rs:275:5
    |
275 |     pub fn elapsed(&self) -> Duration {
    |     ^^^^^^^^^^^^^^^^^^^^^^^^^^^^^^^^^

warning: missing documentation for a method
   --> src/core/performance.rs:279:5
    |
279 |     pub fn finish(self) -> Duration {
    |     ^^^^^^^^^^^^^^^^^^^^^^^^^^^^^^^

warning: missing documentation for an associated function
   --> src/core/performance.rs:294:5
    |
294 |     pub fn new(capacity: usize) -> Self {
    |     ^^^^^^^^^^^^^^^^^^^^^^^^^^^^^^^^^^^

warning: missing documentation for a method
   --> src/core/performance.rs:303:5
    |
303 |     pub async fn get(&self, key: &str) -> Option<T> {
    |     ^^^^^^^^^^^^^^^^^^^^^^^^^^^^^^^^^^^^^^^^^^^^^^^

warning: missing documentation for a method
   --> src/core/performance.rs:308:5
    |
308 |     pub async fn put(&self, key: String, value: T) {
    |     ^^^^^^^^^^^^^^^^^^^^^^^^^^^^^^^^^^^^^^^^^^^^^^

warning: missing documentation for a method
   --> src/core/performance.rs:313:5
    |
313 |     pub async fn contains(&self, key: &str) -> bool {
    |     ^^^^^^^^^^^^^^^^^^^^^^^^^^^^^^^^^^^^^^^^^^^^^^^

warning: missing documentation for a method
   --> src/core/performance.rs:318:5
    |
318 |     pub async fn len(&self) -> usize {
    |     ^^^^^^^^^^^^^^^^^^^^^^^^^^^^^^^^

warning: missing documentation for a struct field
  --> src/database/optimize.rs:23:5
   |
23 |     pub enable_connection_pooling: bool,
   |     ^^^^^^^^^^^^^^^^^^^^^^^^^^^^^^^^^^^

warning: missing documentation for a struct field
  --> src/database/optimize.rs:24:5
   |
24 |     pub enable_prepared_statements: bool,
   |     ^^^^^^^^^^^^^^^^^^^^^^^^^^^^^^^^^^^^

warning: missing documentation for a struct field
  --> src/database/optimize.rs:25:5
   |
25 |     pub enable_wal_mode: bool,
   |     ^^^^^^^^^^^^^^^^^^^^^^^^^

warning: missing documentation for a struct field
  --> src/database/optimize.rs:26:5
   |
26 |     pub enable_memory_cache: bool,
   |     ^^^^^^^^^^^^^^^^^^^^^^^^^^^^^

warning: missing documentation for a struct field
  --> src/database/optimize.rs:27:5
   |
27 |     pub pool_size: u32,
   |     ^^^^^^^^^^^^^^^^^^

warning: missing documentation for a struct field
  --> src/database/optimize.rs:28:5
   |
28 |     pub cache_size: usize,
   |     ^^^^^^^^^^^^^^^^^^^^^

warning: missing documentation for a struct field
  --> src/database/optimize.rs:29:5
   |
29 |     pub checkpoint_interval: Duration,
   |     ^^^^^^^^^^^^^^^^^^^^^^^^^^^^^^^^^

warning: missing documentation for a struct field
  --> src/database/optimize.rs:30:5
   |
30 |     pub vacuum_interval: Duration,
   |     ^^^^^^^^^^^^^^^^^^^^^^^^^^^^^

warning: missing documentation for a struct field
  --> src/database/optimize.rs:31:5
   |
31 |     pub pragma_optimizations: bool,
   |     ^^^^^^^^^^^^^^^^^^^^^^^^^^^^^^

warning: missing documentation for a struct field
  --> src/database/optimize.rs:53:5
   |
53 |     pub query_latency: Duration,
   |     ^^^^^^^^^^^^^^^^^^^^^^^^^^^

warning: missing documentation for a struct field
  --> src/database/optimize.rs:54:5
   |
54 |     pub connection_time: Duration,
   |     ^^^^^^^^^^^^^^^^^^^^^^^^^^^^^

warning: missing documentation for a struct field
  --> src/database/optimize.rs:55:5
   |
55 |     pub cache_hit_rate: f64,
   |     ^^^^^^^^^^^^^^^^^^^^^^^

warning: missing documentation for a struct field
  --> src/database/optimize.rs:56:5
   |
56 |     pub active_connections: usize,
   |     ^^^^^^^^^^^^^^^^^^^^^^^^^^^^^

warning: missing documentation for a struct field
  --> src/database/optimize.rs:57:5
   |
57 |     pub total_queries: u64,
   |     ^^^^^^^^^^^^^^^^^^^^^^

warning: missing documentation for a struct field
  --> src/database/optimize.rs:58:5
   |
58 |     pub failed_queries: u64,
   |     ^^^^^^^^^^^^^^^^^^^^^^^

warning: missing documentation for an associated function
  --> src/database/optimize.rs:71:5
   |
71 |     pub async fn new(database_path: &str, config: DatabaseOptimizationConfig) -> Result<Self> {
   |     ^^^^^^^^^^^^^^^^^^^^^^^^^^^^^^^^^^^^^^^^^^^^^^^^^^^^^^^^^^^^^^^^^^^^^^^^^^^^^^^^^^^^^^^^^

warning: missing documentation for an associated function
   --> src/database/optimize.rs:540:5
    |
540 |     pub fn new(pool: Pool<SqliteConnectionManager>) -> Self {
    |     ^^^^^^^^^^^^^^^^^^^^^^^^^^^^^^^^^^^^^^^^^^^^^^^^^^^^^^^

warning: missing documentation for a struct field
   --> src/database/optimize.rs:565:5
    |
565 |     pub total_connections: u32,
    |     ^^^^^^^^^^^^^^^^^^^^^^^^^^

warning: missing documentation for a struct field
   --> src/database/optimize.rs:566:5
    |
566 |     pub idle_connections: u32,
    |     ^^^^^^^^^^^^^^^^^^^^^^^^^

warning: missing documentation for a struct field
   --> src/database/optimize.rs:567:5
    |
567 |     pub connection_latency: Duration,
    |     ^^^^^^^^^^^^^^^^^^^^^^^^^^^^^^^^

warning: missing documentation for a struct field
   --> src/database/optimize.rs:568:5
    |
568 |     pub healthy: bool,
    |     ^^^^^^^^^^^^^^^^^

warning: missing documentation for a module
  --> src/desktop/mod.rs:20:1
   |
20 | pub mod keyboard;
   | ^^^^^^^^^^^^^^^^

warning: missing documentation for a module
  --> src/desktop/mod.rs:25:1
   |
25 | pub mod menu_bar;
   | ^^^^^^^^^^^^^^^^

warning: missing documentation for a struct field
 --> src/desktop/activity_bar.rs:9:5
  |
9 |     pub id: String,
  |     ^^^^^^^^^^^^^^

warning: missing documentation for a struct field
  --> src/desktop/activity_bar.rs:10:5
   |
10 |     pub title: String,
   |     ^^^^^^^^^^^^^^^^^

warning: missing documentation for a struct field
  --> src/desktop/activity_bar.rs:11:5
   |
11 |     pub icon: String,
   |     ^^^^^^^^^^^^^^^^

warning: missing documentation for a struct field
  --> src/desktop/activity_bar.rs:12:5
   |
12 |     pub badge: Option<ActivityBadge>,
   |     ^^^^^^^^^^^^^^^^^^^^^^^^^^^^^^^^

warning: missing documentation for a struct field
  --> src/desktop/activity_bar.rs:13:5
   |
13 |     pub enabled: bool,
   |     ^^^^^^^^^^^^^^^^^

warning: missing documentation for a struct field
  --> src/desktop/activity_bar.rs:19:5
   |
19 |     pub value: String,
   |     ^^^^^^^^^^^^^^^^^

warning: missing documentation for a struct field
  --> src/desktop/activity_bar.rs:20:5
   |
20 |     pub is_number: bool,
   |     ^^^^^^^^^^^^^^^^^^^

warning: missing documentation for a struct field
  --> src/desktop/activity_bar.rs:26:5
   |
26 |     pub items: Vec<ActivityBarItem>,
   |     ^^^^^^^^^^^^^^^^^^^^^^^^^^^^^^^

warning: missing documentation for a struct field
  --> src/desktop/activity_bar.rs:27:5
   |
27 |     pub active_item: Option<String>,
   |     ^^^^^^^^^^^^^^^^^^^^^^^^^^^^^^^

warning: missing documentation for a struct field
  --> src/desktop/activity_bar.rs:28:5
   |
28 |     pub pinned_items: Vec<String>,
   |     ^^^^^^^^^^^^^^^^^^^^^^^^^^^^^

warning: missing documentation for a struct field
  --> src/desktop/activity_bar.rs:29:5
   |
29 |     pub collapsed: bool,
   |     ^^^^^^^^^^^^^^^^^^^

warning: missing documentation for a struct field
  --> src/desktop/ai_ui_events.rs:14:9
   |
14 |         path: PathBuf,
   |         ^^^^^^^^^^^^^

warning: missing documentation for a struct field
  --> src/desktop/ai_ui_events.rs:15:9
   |
15 |         reason: String,
   |         ^^^^^^^^^^^^^^

warning: missing documentation for a struct field
  --> src/desktop/ai_ui_events.rs:20:9
   |
20 |         path: PathBuf,
   |         ^^^^^^^^^^^^^

warning: missing documentation for a struct field
  --> src/desktop/ai_ui_events.rs:25:9
   |
25 |         path: PathBuf,
   |         ^^^^^^^^^^^^^

warning: missing documentation for a struct field
  --> src/desktop/ai_ui_events.rs:26:9
   |
26 |         content: String,
   |         ^^^^^^^^^^^^^^^

warning: missing documentation for a struct field
  --> src/desktop/ai_ui_events.rs:27:9
   |
27 |         open_after_create: bool,
   |         ^^^^^^^^^^^^^^^^^^^^^^^

warning: missing documentation for a struct field
  --> src/desktop/ai_ui_events.rs:35:9
   |
35 |         message: String,
   |         ^^^^^^^^^^^^^^^

warning: missing documentation for a struct field
  --> src/desktop/ai_ui_events.rs:36:9
   |
36 |         message_type: MessageType,
   |         ^^^^^^^^^^^^^^^^^^^^^^^^^

warning: missing documentation for an enum
  --> src/desktop/ai_ui_events.rs:41:1
   |
41 | pub enum MessageType {
   | ^^^^^^^^^^^^^^^^^^^^

warning: missing documentation for a variant
  --> src/desktop/ai_ui_events.rs:42:5
   |
42 |     Info,
   |     ^^^^

warning: missing documentation for a variant
  --> src/desktop/ai_ui_events.rs:43:5
   |
43 |     Success,
   |     ^^^^^^^

warning: missing documentation for a variant
  --> src/desktop/ai_ui_events.rs:44:5
   |
44 |     Warning,
   |     ^^^^^^^

warning: missing documentation for a variant
  --> src/desktop/ai_ui_events.rs:45:5
   |
45 |     Error,
   |     ^^^^^

warning: missing documentation for a module
  --> src/desktop/components/mod.rs:13:1
   |
13 | pub mod test_simple;
   | ^^^^^^^^^^^^^^^^^^^

warning: missing documentation for a module
  --> src/desktop/components/mod.rs:41:1
   |
41 | pub mod common;
   | ^^^^^^^^^^^^^^

warning: missing documentation for a module
  --> src/desktop/components/mod.rs:45:1
   |
45 | pub mod auto_accept_settings;
   | ^^^^^^^^^^^^^^^^^^^^^^^^^^^^

warning: missing documentation for a module
  --> src/desktop/components/mod.rs:46:1
   |
46 | pub mod operation_preview;
   | ^^^^^^^^^^^^^^^^^^^^^^^^^

warning: missing documentation for a module
  --> src/desktop/components/mod.rs:47:1
   |
47 | pub mod approval_interface;
   | ^^^^^^^^^^^^^^^^^^^^^^^^^^

warning: missing documentation for a module
  --> src/desktop/components/mod.rs:48:1
   |
48 | pub mod progress_indicators;
   | ^^^^^^^^^^^^^^^^^^^^^^^^^^^

warning: missing documentation for a module
  --> src/desktop/components/mod.rs:49:1
   |
49 | pub mod notifications;
   | ^^^^^^^^^^^^^^^^^^^^^

warning: missing documentation for a function
 --> src/desktop/components/test_simple.rs:4:1
  |
4 | #[component]
  | ^^^^^^^^^^^^
  |
  = note: this warning originates in the attribute macro `component` (in Nightly builds, run with -Z macro-backtrace for more info)

warning: missing documentation for a variant
 --> src/desktop/components/icon.rs:9:5
  |
9 |     Small,   // 12x12
  |     ^^^^^

warning: missing documentation for a variant
  --> src/desktop/components/icon.rs:10:5
   |
10 |     Medium,  // 16x16 (default)
   |     ^^^^^^

warning: missing documentation for a variant
  --> src/desktop/components/icon.rs:11:5
   |
11 |     Large,   // 20x20
   |     ^^^^^

warning: missing documentation for a variant
  --> src/desktop/components/icon.rs:12:5
   |
12 |     XLarge,  // 24x24
   |     ^^^^^^

warning: function `Icon` should have a snake case name
  --> src/desktop/components/icon.rs:63:8
   |
63 | pub fn Icon(props: IconProps) -> Element {
   |        ^^^^ help: convert the identifier to snake case (notice the capitalization): `icon`
   |
   = note: `#[warn(non_snake_case)]` on by default

warning: function `IconWithLabel` should have a snake case name
   --> src/desktop/components/icon.rs:108:8
    |
108 | pub fn IconWithLabel(props: IconWithLabelProps) -> Element {
    |        ^^^^^^^^^^^^^ help: convert the identifier to snake case: `icon_with_label`

warning: missing documentation for a variant
  --> src/desktop/components/approval_interface.rs:22:5
   |
22 |     ApproveAll,
   |     ^^^^^^^^^^

warning: missing documentation for a variant
  --> src/desktop/components/approval_interface.rs:23:5
   |
23 |     RejectAll,
   |     ^^^^^^^^^

warning: missing documentation for a variant
  --> src/desktop/components/approval_interface.rs:24:5
   |
24 |     ApproveSelected(Vec<usize>),
   |     ^^^^^^^^^^^^^^^

warning: missing documentation for a variant
  --> src/desktop/components/approval_interface.rs:25:5
   |
25 |     RejectSelected(Vec<usize>),
   |     ^^^^^^^^^^^^^^

warning: missing documentation for a variant
  --> src/desktop/components/approval_interface.rs:26:5
   |
26 |     Deferred,
   |     ^^^^^^^^

warning: missing documentation for a struct field
  --> src/desktop/components/progress_indicators.rs:18:5
   |
18 |     pub operation_id: usize,
   |     ^^^^^^^^^^^^^^^^^^^^^^^

warning: missing documentation for a struct field
  --> src/desktop/components/progress_indicators.rs:19:5
   |
19 |     pub status: OperationStatus,
   |     ^^^^^^^^^^^^^^^^^^^^^^^^^^^

warning: missing documentation for a struct field
  --> src/desktop/components/progress_indicators.rs:20:5
   |
20 |     pub started_at: Instant,
   |     ^^^^^^^^^^^^^^^^^^^^^^^

warning: missing documentation for a struct field
  --> src/desktop/components/progress_indicators.rs:21:5
   |
21 |     pub completed_at: Option<Instant>,
   |     ^^^^^^^^^^^^^^^^^^^^^^^^^^^^^^^^^

warning: missing documentation for a struct field
  --> src/desktop/components/progress_indicators.rs:22:5
   |
22 |     pub progress_percentage: f32,
   |     ^^^^^^^^^^^^^^^^^^^^^^^^^^^^

warning: missing documentation for a struct field
  --> src/desktop/components/progress_indicators.rs:23:5
   |
23 |     pub current_step: String,
   |     ^^^^^^^^^^^^^^^^^^^^^^^^

warning: missing documentation for a struct field
  --> src/desktop/components/progress_indicators.rs:24:5
   |
24 |     pub error: Option<String>,
   |     ^^^^^^^^^^^^^^^^^^^^^^^^^

warning: missing documentation for an enum
  --> src/desktop/components/progress_indicators.rs:28:1
   |
28 | pub enum OperationStatus {
   | ^^^^^^^^^^^^^^^^^^^^^^^^

warning: missing documentation for a variant
  --> src/desktop/components/progress_indicators.rs:29:5
   |
29 |     Pending,
   |     ^^^^^^^

warning: missing documentation for a variant
  --> src/desktop/components/progress_indicators.rs:30:5
   |
30 |     Processing,
   |     ^^^^^^^^^^

warning: missing documentation for a variant
  --> src/desktop/components/progress_indicators.rs:31:5
   |
31 |     Executing,
   |     ^^^^^^^^^

warning: missing documentation for a variant
  --> src/desktop/components/progress_indicators.rs:32:5
   |
32 |     Completed,
   |     ^^^^^^^^^

warning: missing documentation for a variant
  --> src/desktop/components/progress_indicators.rs:33:5
   |
33 |     Failed,
   |     ^^^^^^

warning: missing documentation for a variant
  --> src/desktop/components/progress_indicators.rs:34:5
   |
34 |     Skipped,
   |     ^^^^^^^

warning: missing documentation for a variant
  --> src/desktop/components/notifications.rs:18:5
   |
18 |     Success,
   |     ^^^^^^^

warning: missing documentation for a variant
  --> src/desktop/components/notifications.rs:19:5
   |
19 |     Error,
   |     ^^^^^

warning: missing documentation for a variant
  --> src/desktop/components/notifications.rs:20:5
   |
20 |     Warning,
   |     ^^^^^^^

warning: missing documentation for a variant
  --> src/desktop/components/notifications.rs:21:5
   |
21 |     Info,
   |     ^^^^

warning: missing documentation for a variant
  --> src/desktop/components/notifications.rs:22:5
   |
22 |     AutoAccept,
   |     ^^^^^^^^^^

warning: missing documentation for a struct field
  --> src/desktop/components/notifications.rs:28:5
   |
28 |     pub id: usize,
   |     ^^^^^^^^^^^^^

warning: missing documentation for a struct field
  --> src/desktop/components/notifications.rs:29:5
   |
29 |     pub notification_type: NotificationType,
   |     ^^^^^^^^^^^^^^^^^^^^^^^^^^^^^^^^^^^^^^^

warning: missing documentation for a struct field
  --> src/desktop/components/notifications.rs:30:5
   |
30 |     pub title: String,
   |     ^^^^^^^^^^^^^^^^^

warning: missing documentation for a struct field
  --> src/desktop/components/notifications.rs:31:5
   |
31 |     pub message: String,
   |     ^^^^^^^^^^^^^^^^^^^

warning: missing documentation for a struct field
  --> src/desktop/components/notifications.rs:32:5
   |
32 |     pub details: Option<String>,
   |     ^^^^^^^^^^^^^^^^^^^^^^^^^^^

warning: missing documentation for a struct field
  --> src/desktop/components/notifications.rs:33:5
   |
33 |     pub operation: Option<FileOperationWithMetadata>,
   |     ^^^^^^^^^^^^^^^^^^^^^^^^^^^^^^^^^^^^^^^^^^^^^^^^

warning: missing documentation for a struct field
  --> src/desktop/components/notifications.rs:34:5
   |
34 |     pub created_at: Instant,
   |     ^^^^^^^^^^^^^^^^^^^^^^^

warning: missing documentation for a struct field
  --> src/desktop/components/notifications.rs:35:5
   |
35 |     pub duration: Duration,
   |     ^^^^^^^^^^^^^^^^^^^^^^

warning: missing documentation for a struct field
  --> src/desktop/components/notifications.rs:36:5
   |
36 |     pub is_dismissible: bool,
   |     ^^^^^^^^^^^^^^^^^^^^^^^^

warning: missing documentation for a struct field
  --> src/desktop/components/notifications.rs:37:5
   |
37 |     pub action: Option<NotificationAction>,
   |     ^^^^^^^^^^^^^^^^^^^^^^^^^^^^^^^^^^^^^^

warning: missing documentation for a struct
  --> src/desktop/components/notifications.rs:41:1
   |
41 | pub struct NotificationAction {
   | ^^^^^^^^^^^^^^^^^^^^^^^^^^^^^

warning: missing documentation for a struct field
  --> src/desktop/components/notifications.rs:42:5
   |
42 |     pub label: String,
   |     ^^^^^^^^^^^^^^^^^

warning: missing documentation for a struct field
  --> src/desktop/components/notifications.rs:43:5
   |
43 |     pub callback_id: String,
   |     ^^^^^^^^^^^^^^^^^^^^^^^

warning: missing documentation for an enum
  --> src/desktop/components/notifications.rs:66:1
   |
66 | pub enum NotificationPosition {
   | ^^^^^^^^^^^^^^^^^^^^^^^^^^^^^

warning: missing documentation for a variant
  --> src/desktop/components/notifications.rs:67:5
   |
67 |     TopRight,
   |     ^^^^^^^^

warning: missing documentation for a variant
  --> src/desktop/components/notifications.rs:68:5
   |
68 |     TopLeft,
   |     ^^^^^^^

warning: missing documentation for a variant
  --> src/desktop/components/notifications.rs:69:5
   |
69 |     BottomRight,
   |     ^^^^^^^^^^^

warning: missing documentation for a variant
  --> src/desktop/components/notifications.rs:70:5
   |
70 |     BottomLeft,
   |     ^^^^^^^^^^

warning: missing documentation for a method
   --> src/desktop/components/notifications.rs:501:5
    |
501 | /     pub fn add_notification(
502 | |         &self,
503 | |         notification_type: NotificationType,
504 | |         title: String,
...   |
507 | |         operation: Option<FileOperationWithMetadata>,
508 | |     ) {
    | |_____^

warning: missing documentation for a method
   --> src/desktop/components/notifications.rs:549:5
    |
549 |     pub fn add_auto_accept_batch(&self, operations: Vec<FileOperationWithMetadata>) {
    |     ^^^^^^^^^^^^^^^^^^^^^^^^^^^^^^^^^^^^^^^^^^^^^^^^^^^^^^^^^^^^^^^^^^^^^^^^^^^^^^^

warning: missing documentation for a variant
  --> src/desktop/components/inline_operation_display.rs:67:5
   |
67 |     Pending,
   |     ^^^^^^^

warning: missing documentation for a variant
  --> src/desktop/components/inline_operation_display.rs:68:5
   |
68 |     Executing,
   |     ^^^^^^^^^

warning: missing documentation for a variant
  --> src/desktop/components/inline_operation_display.rs:69:5
   |
69 |     Completed,
   |     ^^^^^^^^^

warning: missing documentation for a variant
  --> src/desktop/components/inline_operation_display.rs:70:5
   |
70 |     Failed(String),
   |     ^^^^^^

warning: missing documentation for a variant
  --> src/desktop/components/inline_operation_display.rs:71:5
   |
71 |     Skipped(String),
   |     ^^^^^^^

warning: missing documentation for a variant
  --> src/desktop/consensus_integration.rs:26:5
   |
26 |     ProfileLoaded {
   |     ^^^^^^^^^^^^^

warning: missing documentation for a struct field
  --> src/desktop/consensus_integration.rs:27:9
   |
27 |         profile_name: String,
   |         ^^^^^^^^^^^^^^^^^^^^

warning: missing documentation for a struct field
  --> src/desktop/consensus_integration.rs:28:9
   |
28 |         models: Vec<String>,
   |         ^^^^^^^^^^^^^^^^^^^

warning: missing documentation for a variant
  --> src/desktop/consensus_integration.rs:30:5
   |
30 |     StageStarted {
   |     ^^^^^^^^^^^^

warning: missing documentation for a struct field
  --> src/desktop/consensus_integration.rs:31:9
   |
31 |         stage: ConsensusStage,
   |         ^^^^^^^^^^^^^^^^^^^^^

warning: missing documentation for a struct field
  --> src/desktop/consensus_integration.rs:32:9
   |
32 |         model: String,
   |         ^^^^^^^^^^^^^

warning: missing documentation for a variant
  --> src/desktop/consensus_integration.rs:34:5
   |
34 |     StageProgress {
   |     ^^^^^^^^^^^^^

warning: missing documentation for a struct field
  --> src/desktop/consensus_integration.rs:35:9
   |
35 |         stage: ConsensusStage,
   |         ^^^^^^^^^^^^^^^^^^^^^

warning: missing documentation for a struct field
  --> src/desktop/consensus_integration.rs:36:9
   |
36 |         percentage: u8,
   |         ^^^^^^^^^^^^^^

warning: missing documentation for a struct field
  --> src/desktop/consensus_integration.rs:37:9
   |
37 |         tokens: usize,
   |         ^^^^^^^^^^^^^

warning: missing documentation for a variant
  --> src/desktop/consensus_integration.rs:39:5
   |
39 |     StageCompleted {
   |     ^^^^^^^^^^^^^^

warning: missing documentation for a struct field
  --> src/desktop/consensus_integration.rs:40:9
   |
40 |         stage: ConsensusStage,
   |         ^^^^^^^^^^^^^^^^^^^^^

warning: missing documentation for a struct field
  --> src/desktop/consensus_integration.rs:41:9
   |
41 |         cost: f64,
   |         ^^^^^^^^^

warning: missing documentation for a variant
  --> src/desktop/consensus_integration.rs:43:5
   |
43 |     StageError {
   |     ^^^^^^^^^^

warning: missing documentation for a struct field
  --> src/desktop/consensus_integration.rs:44:9
   |
44 |         stage: ConsensusStage,
   |         ^^^^^^^^^^^^^^^^^^^^^

warning: missing documentation for a struct field
  --> src/desktop/consensus_integration.rs:45:9
   |
45 |         error: String,
   |         ^^^^^^^^^^^^^

warning: missing documentation for a variant
  --> src/desktop/consensus_integration.rs:47:5
   |
47 |     TokenUpdate {
   |     ^^^^^^^^^^^

warning: missing documentation for a struct field
  --> src/desktop/consensus_integration.rs:48:9
   |
48 |         count: usize,
   |         ^^^^^^^^^^^^

warning: missing documentation for a struct field
  --> src/desktop/consensus_integration.rs:49:9
   |
49 |         cost: f64,
   |         ^^^^^^^^^

warning: missing documentation for a variant
  --> src/desktop/consensus_integration.rs:51:5
   |
51 |     StreamingChunk {
   |     ^^^^^^^^^^^^^^

warning: missing documentation for a struct field
  --> src/desktop/consensus_integration.rs:52:9
   |
52 |         stage: ConsensusStage,
   |         ^^^^^^^^^^^^^^^^^^^^^

warning: missing documentation for a struct field
  --> src/desktop/consensus_integration.rs:53:9
   |
53 |         chunk: String,
   |         ^^^^^^^^^^^^^

warning: missing documentation for a struct field
  --> src/desktop/consensus_integration.rs:54:9
   |
54 |         total_content: String,
   |         ^^^^^^^^^^^^^^^^^^^^^

warning: missing documentation for a variant
  --> src/desktop/consensus_integration.rs:56:5
   |
56 |     D1Authorization {
   |     ^^^^^^^^^^^^^^^

warning: missing documentation for a struct field
  --> src/desktop/consensus_integration.rs:57:9
   |
57 |         total_remaining: u32,
   |         ^^^^^^^^^^^^^^^^^^^^

warning: missing documentation for a variant
  --> src/desktop/consensus_integration.rs:59:5
   |
59 |     AnalyticsRefresh, // New event for analytics refresh after consensus completion
   |     ^^^^^^^^^^^^^^^^

warning: missing documentation for a variant
  --> src/desktop/consensus_integration.rs:60:5
   |
60 |     Cancelled { // New event for cancellation
   |     ^^^^^^^^^

warning: missing documentation for a struct field
  --> src/desktop/consensus_integration.rs:61:9
   |
61 |         reason: String,
   |         ^^^^^^^^^^^^^^

warning: missing documentation for a variant
  --> src/desktop/consensus_integration.rs:63:5
   |
63 |     Completed, // Event when consensus completes successfully
   |     ^^^^^^^^^

warning: missing documentation for a variant
  --> src/desktop/consensus_integration.rs:64:5
   |
64 |     OperationsRequireConfirmation { // New event for file operations needing approval
   |     ^^^^^^^^^^^^^^^^^^^^^^^^^^^^^

warning: missing documentation for a struct field
  --> src/desktop/consensus_integration.rs:65:9
   |
65 |         operations: Vec<crate::consensus::ai_operation_parser::FileOperationWithMetadata>,
   |         ^^^^^^^^^^^^^^^^^^^^^^^^^^^^^^^^^^^^^^^^^^^^^^^^^^^^^^^^^^^^^^^^^^^^^^^^^^^^^^^^^

warning: missing documentation for an associated function
  --> src/desktop/consensus_integration.rs:76:5
   |
76 |     pub fn new(event_sender: mpsc::UnboundedSender<ConsensusUIEvent>, auto_accept_enabled: Arc<std::sync::atomic::AtomicBool>) -> Self {
   |     ^^^^^^^^^^^^^^^^^^^^^^^^^^^^^^^^^^^^^^^^^^^^^^^^^^^^^^^^^^^^^^^^^^^^^^^^^^^^^^^^^^^^^^^^^^^^^^^^^^^^^^^^^^^^^^^^^^^^^^^^^^^^^^^^^^

warning: missing documentation for an enum
 --> src/desktop/context_menu.rs:8:1
  |
8 | pub enum ContextMenuAction {
  | ^^^^^^^^^^^^^^^^^^^^^^^^^^

warning: missing documentation for a variant
 --> src/desktop/context_menu.rs:9:5
  |
9 |     NewFile,
  |     ^^^^^^^

warning: missing documentation for a variant
  --> src/desktop/context_menu.rs:10:5
   |
10 |     NewFolder,
   |     ^^^^^^^^^

warning: missing documentation for a variant
  --> src/desktop/context_menu.rs:11:5
   |
11 |     Rename,
   |     ^^^^^^

warning: missing documentation for a variant
  --> src/desktop/context_menu.rs:12:5
   |
12 |     Delete,
   |     ^^^^^^

warning: missing documentation for a variant
  --> src/desktop/context_menu.rs:13:5
   |
13 |     Cut,
   |     ^^^

warning: missing documentation for a variant
  --> src/desktop/context_menu.rs:14:5
   |
14 |     Copy,
   |     ^^^^

warning: missing documentation for a variant
  --> src/desktop/context_menu.rs:15:5
   |
15 |     Paste,
   |     ^^^^^

warning: missing documentation for a variant
  --> src/desktop/context_menu.rs:16:5
   |
16 |     Duplicate,
   |     ^^^^^^^^^

warning: missing documentation for a variant
  --> src/desktop/context_menu.rs:17:5
   |
17 |     OpenInTerminal,
   |     ^^^^^^^^^^^^^^

warning: missing documentation for a variant
  --> src/desktop/context_menu.rs:18:5
   |
18 |     CopyPath,
   |     ^^^^^^^^

warning: missing documentation for a variant
  --> src/desktop/context_menu.rs:19:5
   |
19 |     RevealInFinder,
   |     ^^^^^^^^^^^^^^

warning: missing documentation for a struct
  --> src/desktop/context_menu.rs:23:1
   |
23 | pub struct ContextMenuItem {
   | ^^^^^^^^^^^^^^^^^^^^^^^^^^

warning: missing documentation for a struct field
  --> src/desktop/context_menu.rs:24:5
   |
24 |     pub label: String,
   |     ^^^^^^^^^^^^^^^^^

warning: missing documentation for a struct field
  --> src/desktop/context_menu.rs:25:5
   |
25 |     pub action: Option<ContextMenuAction>,
   |     ^^^^^^^^^^^^^^^^^^^^^^^^^^^^^^^^^^^^^

warning: missing documentation for a struct field
  --> src/desktop/context_menu.rs:26:5
   |
26 |     pub shortcut: Option<String>,
   |     ^^^^^^^^^^^^^^^^^^^^^^^^^^^^

warning: missing documentation for a struct field
  --> src/desktop/context_menu.rs:27:5
   |
27 |     pub enabled: bool,
   |     ^^^^^^^^^^^^^^^^^

warning: missing documentation for a struct field
  --> src/desktop/context_menu.rs:28:5
   |
28 |     pub separator: bool,
   |     ^^^^^^^^^^^^^^^^^^^

warning: missing documentation for an associated function
  --> src/desktop/context_menu.rs:32:5
   |
32 |     pub fn new(label: &str, action: ContextMenuAction) -> Self {
   |     ^^^^^^^^^^^^^^^^^^^^^^^^^^^^^^^^^^^^^^^^^^^^^^^^^^^^^^^^^^

warning: missing documentation for a method
  --> src/desktop/context_menu.rs:42:5
   |
42 |     pub fn with_shortcut(mut self, shortcut: &str) -> Self {
   |     ^^^^^^^^^^^^^^^^^^^^^^^^^^^^^^^^^^^^^^^^^^^^^^^^^^^^^^

warning: missing documentation for a method
  --> src/desktop/context_menu.rs:47:5
   |
47 |     pub fn disabled(mut self) -> Self {
   |     ^^^^^^^^^^^^^^^^^^^^^^^^^^^^^^^^^

warning: missing documentation for an associated function
  --> src/desktop/context_menu.rs:52:5
   |
52 |     pub fn separator() -> Self {
   |     ^^^^^^^^^^^^^^^^^^^^^^^^^^

warning: missing documentation for a struct
  --> src/desktop/context_menu.rs:64:1
   |
64 | pub struct ContextMenuState {
   | ^^^^^^^^^^^^^^^^^^^^^^^^^^^

warning: missing documentation for a struct field
  --> src/desktop/context_menu.rs:65:5
   |
65 |     pub visible: bool,
   |     ^^^^^^^^^^^^^^^^^

warning: missing documentation for a struct field
  --> src/desktop/context_menu.rs:66:5
   |
66 |     pub x: i32,
   |     ^^^^^^^^^^

warning: missing documentation for a struct field
  --> src/desktop/context_menu.rs:67:5
   |
67 |     pub y: i32,
   |     ^^^^^^^^^^

warning: missing documentation for a struct field
  --> src/desktop/context_menu.rs:68:5
   |
68 |     pub target_path: Option<PathBuf>,
   |     ^^^^^^^^^^^^^^^^^^^^^^^^^^^^^^^^

warning: missing documentation for a struct field
  --> src/desktop/context_menu.rs:69:5
   |
69 |     pub is_directory: bool,
   |     ^^^^^^^^^^^^^^^^^^^^^^

warning: missing documentation for a struct field
  --> src/desktop/context_menu.rs:70:5
   |
70 |     pub clipboard: Option<ClipboardItem>,
   |     ^^^^^^^^^^^^^^^^^^^^^^^^^^^^^^^^^^^^

warning: missing documentation for a struct
  --> src/desktop/context_menu.rs:74:1
   |
74 | pub struct ClipboardItem {
   | ^^^^^^^^^^^^^^^^^^^^^^^^

warning: missing documentation for a struct field
  --> src/desktop/context_menu.rs:75:5
   |
75 |     pub path: PathBuf,
   |     ^^^^^^^^^^^^^^^^^

warning: missing documentation for a struct field
  --> src/desktop/context_menu.rs:76:5
   |
76 |     pub is_cut: bool, // true for cut, false for copy
   |     ^^^^^^^^^^^^^^^^

warning: missing documentation for a method
  --> src/desktop/context_menu.rs:93:5
   |
93 |     pub fn show(&mut self, x: i32, y: i32, path: PathBuf, is_directory: bool) {
   |     ^^^^^^^^^^^^^^^^^^^^^^^^^^^^^^^^^^^^^^^^^^^^^^^^^^^^^^^^^^^^^^^^^^^^^^^^^

warning: missing documentation for a method
   --> src/desktop/context_menu.rs:101:5
    |
101 |     pub fn hide(&mut self) {
    |     ^^^^^^^^^^^^^^^^^^^^^^

warning: missing documentation for a method
   --> src/desktop/context_menu.rs:106:5
    |
106 |     pub fn set_clipboard(&mut self, path: PathBuf, is_cut: bool) {
    |     ^^^^^^^^^^^^^^^^^^^^^^^^^^^^^^^^^^^^^^^^^^^^^^^^^^^^^^^^^^^^

warning: missing documentation for a method
   --> src/desktop/context_menu.rs:110:5
    |
110 |     pub fn clear_clipboard(&mut self) {
    |     ^^^^^^^^^^^^^^^^^^^^^^^^^^^^^^^^^

warning: missing documentation for a variant
  --> src/desktop/context_menu_vscode.rs:11:5
   |
11 |     Action {
   |     ^^^^^^

warning: missing documentation for a struct field
  --> src/desktop/context_menu_vscode.rs:12:9
   |
12 |         id: String,
   |         ^^^^^^^^^^

warning: missing documentation for a struct field
  --> src/desktop/context_menu_vscode.rs:13:9
   |
13 |         label: String,
   |         ^^^^^^^^^^^^^

warning: missing documentation for a struct field
  --> src/desktop/context_menu_vscode.rs:14:9
   |
14 |         enabled: bool,
   |         ^^^^^^^^^^^^^

warning: missing documentation for a struct field
  --> src/desktop/context_menu_vscode.rs:15:9
   |
15 |         keybinding: Option<String>,
   |         ^^^^^^^^^^^^^^^^^^^^^^^^^^

warning: missing documentation for a struct field
  --> src/desktop/context_menu_vscode.rs:16:9
   |
16 |         icon: Option<String>,
   |         ^^^^^^^^^^^^^^^^^^^^

warning: missing documentation for a struct field
  --> src/desktop/context_menu_vscode.rs:17:9
   |
17 |         when: Option<String>, // VS Code "when" clause
   |         ^^^^^^^^^^^^^^^^^^^^

warning: missing documentation for a variant
  --> src/desktop/context_menu_vscode.rs:19:5
   |
19 |     Separator,
   |     ^^^^^^^^^

warning: missing documentation for a variant
  --> src/desktop/context_menu_vscode.rs:20:5
   |
20 |     Submenu {
   |     ^^^^^^^

warning: missing documentation for a struct field
  --> src/desktop/context_menu_vscode.rs:21:9
   |
21 |         id: String,
   |         ^^^^^^^^^^

warning: missing documentation for a struct field
  --> src/desktop/context_menu_vscode.rs:22:9
   |
22 |         label: String,
   |         ^^^^^^^^^^^^^

warning: missing documentation for a struct field
  --> src/desktop/context_menu_vscode.rs:23:9
   |
23 |         items: Vec<MenuItem>,
   |         ^^^^^^^^^^^^^^^^^^^^

warning: missing documentation for a struct field
  --> src/desktop/context_menu_vscode.rs:24:9
   |
24 |         icon: Option<String>,
   |         ^^^^^^^^^^^^^^^^^^^^

warning: missing documentation for a variant
  --> src/desktop/context_menu_vscode.rs:26:5
   |
26 |     Checkbox {
   |     ^^^^^^^^

warning: missing documentation for a struct field
  --> src/desktop/context_menu_vscode.rs:27:9
   |
27 |         id: String,
   |         ^^^^^^^^^^

warning: missing documentation for a struct field
  --> src/desktop/context_menu_vscode.rs:28:9
   |
28 |         label: String,
   |         ^^^^^^^^^^^^^

warning: missing documentation for a struct field
  --> src/desktop/context_menu_vscode.rs:29:9
   |
29 |         checked: bool,
   |         ^^^^^^^^^^^^^

warning: missing documentation for a struct field
  --> src/desktop/context_menu_vscode.rs:30:9
   |
30 |         enabled: bool,
   |         ^^^^^^^^^^^^^

warning: missing documentation for a struct field
  --> src/desktop/context_menu_vscode.rs:31:9
   |
31 |         keybinding: Option<String>,
   |         ^^^^^^^^^^^^^^^^^^^^^^^^^^

warning: missing documentation for a variant
  --> src/desktop/context_menu_vscode.rs:38:5
   |
38 |     Navigation,        // New, Open
   |     ^^^^^^^^^^

warning: missing documentation for a variant
  --> src/desktop/context_menu_vscode.rs:39:5
   |
39 |     Modification,      // Edit operations
   |     ^^^^^^^^^^^^

warning: missing documentation for a variant
  --> src/desktop/context_menu_vscode.rs:40:5
   |
40 |     Workspace,         // Workspace operations
   |     ^^^^^^^^^

warning: missing documentation for a variant
  --> src/desktop/context_menu_vscode.rs:41:5
   |
41 |     Compare,           // Compare operations
   |     ^^^^^^^

warning: missing documentation for a variant
  --> src/desktop/context_menu_vscode.rs:42:5
   |
42 |     Search,            // Search operations
   |     ^^^^^^

warning: missing documentation for a variant
  --> src/desktop/context_menu_vscode.rs:43:5
   |
43 |     CutCopyPaste,      // Clipboard operations
   |     ^^^^^^^^^^^^

warning: missing documentation for a variant
  --> src/desktop/context_menu_vscode.rs:44:5
   |
44 |     CopyPath,          // Path operations
   |     ^^^^^^^^

warning: missing documentation for a variant
  --> src/desktop/context_menu_vscode.rs:45:5
   |
45 |     ModificationExtra, // Delete, rename
   |     ^^^^^^^^^^^^^^^^^

warning: missing documentation for a variant
  --> src/desktop/context_menu_vscode.rs:46:5
   |
46 |     Commands,          // Other commands
   |     ^^^^^^^^

warning: missing documentation for a struct field
  --> src/desktop/context_menu_vscode.rs:52:5
   |
52 |     pub path: PathBuf,
   |     ^^^^^^^^^^^^^^^^^

warning: missing documentation for a struct field
  --> src/desktop/context_menu_vscode.rs:53:5
   |
53 |     pub is_directory: bool,
   |     ^^^^^^^^^^^^^^^^^^^^^^

warning: missing documentation for a struct field
  --> src/desktop/context_menu_vscode.rs:54:5
   |
54 |     pub is_readonly: bool,
   |     ^^^^^^^^^^^^^^^^^^^^^

warning: missing documentation for a struct field
  --> src/desktop/context_menu_vscode.rs:55:5
   |
55 |     pub is_root: bool,
   |     ^^^^^^^^^^^^^^^^^

warning: missing documentation for a struct field
  --> src/desktop/context_menu_vscode.rs:56:5
   |
56 |     pub has_selection: bool,
   |     ^^^^^^^^^^^^^^^^^^^^^^^

warning: missing documentation for a struct field
  --> src/desktop/context_menu_vscode.rs:57:5
   |
57 |     pub multiple_selection: bool,
   |     ^^^^^^^^^^^^^^^^^^^^^^^^^^^^

warning: missing documentation for a struct field
  --> src/desktop/context_menu_vscode.rs:58:5
   |
58 |     pub clipboard_has_files: bool,
   |     ^^^^^^^^^^^^^^^^^^^^^^^^^^^^^

warning: missing documentation for a struct field
  --> src/desktop/context_menu_vscode.rs:59:5
   |
59 |     pub is_git_repository: bool,
   |     ^^^^^^^^^^^^^^^^^^^^^^^^^^^

warning: missing documentation for a struct field
  --> src/desktop/context_menu_vscode.rs:65:5
   |
65 |     pub path: PathBuf,
   |     ^^^^^^^^^^^^^^^^^

warning: missing documentation for a struct field
  --> src/desktop/context_menu_vscode.rs:66:5
   |
66 |     pub is_cut: bool,
   |     ^^^^^^^^^^^^^^^^

warning: missing documentation for a struct field
  --> src/desktop/context_menu_vscode.rs:72:5
   |
72 |     pub visible: bool,
   |     ^^^^^^^^^^^^^^^^^

warning: missing documentation for a struct field
  --> src/desktop/context_menu_vscode.rs:73:5
   |
73 |     pub x: i32,
   |     ^^^^^^^^^^

warning: missing documentation for a struct field
  --> src/desktop/context_menu_vscode.rs:74:5
   |
74 |     pub y: i32,
   |     ^^^^^^^^^^

warning: missing documentation for a struct field
  --> src/desktop/context_menu_vscode.rs:75:5
   |
75 |     pub context: Option<FileExplorerContext>,
   |     ^^^^^^^^^^^^^^^^^^^^^^^^^^^^^^^^^^^^^^^^

warning: missing documentation for a struct field
  --> src/desktop/context_menu_vscode.rs:76:5
   |
76 |     pub selected_index: Option<usize>,
   |     ^^^^^^^^^^^^^^^^^^^^^^^^^^^^^^^^^

warning: missing documentation for a struct field
  --> src/desktop/context_menu_vscode.rs:77:5
   |
77 |     pub submenu_open: Option<String>,
   |     ^^^^^^^^^^^^^^^^^^^^^^^^^^^^^^^^

warning: missing documentation for a struct field
  --> src/desktop/context_menu_vscode.rs:78:5
   |
78 |     pub clipboard: Option<ClipboardItem>,
   |     ^^^^^^^^^^^^^^^^^^^^^^^^^^^^^^^^^^^^

warning: missing documentation for a method
  --> src/desktop/context_menu_vscode.rs:96:5
   |
96 |     pub fn show(&mut self, x: i32, y: i32, context: FileExplorerContext) {
   |     ^^^^^^^^^^^^^^^^^^^^^^^^^^^^^^^^^^^^^^^^^^^^^^^^^^^^^^^^^^^^^^^^^^^^

warning: missing documentation for a method
   --> src/desktop/context_menu_vscode.rs:105:5
    |
105 |     pub fn hide(&mut self) {
    |     ^^^^^^^^^^^^^^^^^^^^^^

warning: missing documentation for a method
   --> src/desktop/context_menu_vscode.rs:112:5
    |
112 |     pub fn set_clipboard(&mut self, path: PathBuf, is_cut: bool) {
    |     ^^^^^^^^^^^^^^^^^^^^^^^^^^^^^^^^^^^^^^^^^^^^^^^^^^^^^^^^^^^^

warning: missing documentation for a method
   --> src/desktop/context_menu_vscode.rs:116:5
    |
116 |     pub fn clear_clipboard(&mut self) {
    |     ^^^^^^^^^^^^^^^^^^^^^^^^^^^^^^^^^

warning: missing documentation for a struct field
  --> src/desktop/dialogs/mod.rs:10:5
   |
10 |     pub id: String,  // Changed from i64 to String to match database schema
   |     ^^^^^^^^^^^^^^

warning: missing documentation for a struct field
  --> src/desktop/dialogs/mod.rs:11:5
   |
11 |     pub name: String,
   |     ^^^^^^^^^^^^^^^^

warning: missing documentation for a struct field
  --> src/desktop/dialogs/mod.rs:12:5
   |
12 |     pub is_default: bool,
   |     ^^^^^^^^^^^^^^^^^^^^

warning: missing documentation for a struct field
  --> src/desktop/dialogs/mod.rs:13:5
   |
13 |     pub created_at: String,
   |     ^^^^^^^^^^^^^^^^^^^^^^

warning: missing documentation for a struct field
  --> src/desktop/dialogs/mod.rs:14:5
   |
14 |     pub generator_model: Option<String>,
   |     ^^^^^^^^^^^^^^^^^^^^^^^^^^^^^^^^^^^

warning: missing documentation for a struct field
  --> src/desktop/dialogs/mod.rs:15:5
   |
15 |     pub refiner_model: Option<String>,
   |     ^^^^^^^^^^^^^^^^^^^^^^^^^^^^^^^^^

warning: missing documentation for a struct field
  --> src/desktop/dialogs/mod.rs:16:5
   |
16 |     pub validator_model: Option<String>,
   |     ^^^^^^^^^^^^^^^^^^^^^^^^^^^^^^^^^^^

warning: missing documentation for a struct field
  --> src/desktop/dialogs/mod.rs:17:5
   |
17 |     pub curator_model: Option<String>,
   |     ^^^^^^^^^^^^^^^^^^^^^^^^^^^^^^^^^

warning: missing documentation for an enum
  --> src/desktop/dialogs/mod.rs:21:1
   |
21 | pub enum WelcomeAction {
   | ^^^^^^^^^^^^^^^^^^^^^^

warning: missing documentation for a variant
  --> src/desktop/dialogs/mod.rs:22:5
   |
22 |     OpenFolder,
   |     ^^^^^^^^^^

warning: missing documentation for a variant
  --> src/desktop/dialogs/mod.rs:23:5
   |
23 |     OpenRecent,
   |     ^^^^^^^^^^

warning: missing documentation for a variant
  --> src/desktop/dialogs/mod.rs:24:5
   |
24 |     NewFile,
   |     ^^^^^^^

warning: missing documentation for a struct field
  --> src/desktop/events/types.rs:56:9
   |
56 |         branch: String,
   |         ^^^^^^^^^^^^^^

warning: missing documentation for a struct field
  --> src/desktop/events/types.rs:57:9
   |
57 |         modified_files: Vec<String>,
   |         ^^^^^^^^^^^^^^^^^^^^^^^^^^^

warning: missing documentation for a struct field
  --> src/desktop/events/types.rs:58:9
   |
58 |         staged_files: Vec<String>,
   |         ^^^^^^^^^^^^^^^^^^^^^^^^^

warning: missing documentation for a struct field
  --> src/desktop/events/types.rs:63:9
   |
63 |         target: String,
   |         ^^^^^^^^^^^^^^

warning: missing documentation for a struct field
  --> src/desktop/events/types.rs:64:9
   |
64 |         profile: String,
   |         ^^^^^^^^^^^^^^^

warning: missing documentation for a struct field
  --> src/desktop/events/types.rs:69:9
   |
69 |         success: bool,
   |         ^^^^^^^^^^^^^

warning: missing documentation for a struct field
  --> src/desktop/events/types.rs:70:9
   |
70 |         errors: Vec<String>,
   |         ^^^^^^^^^^^^^^^^^^^

warning: missing documentation for a struct field
  --> src/desktop/events/types.rs:71:9
   |
71 |         warnings: Vec<String>,
   |         ^^^^^^^^^^^^^^^^^^^^^

warning: missing documentation for a struct field
  --> src/desktop/events/types.rs:72:9
   |
72 |         duration_ms: u64,
   |         ^^^^^^^^^^^^^^^^

warning: missing documentation for a struct field
  --> src/desktop/events/types.rs:77:9
   |
77 |         path: PathBuf,
   |         ^^^^^^^^^^^^^

warning: missing documentation for a struct field
  --> src/desktop/events/types.rs:78:9
   |
78 |         change_type: FileChangeType,
   |         ^^^^^^^^^^^^^^^^^^^^^^^^^^^

warning: missing documentation for a struct field
  --> src/desktop/events/types.rs:83:9
   |
83 |         path: PathBuf,
   |         ^^^^^^^^^^^^^

warning: missing documentation for a struct field
  --> src/desktop/events/types.rs:84:9
   |
84 |         name: String,
   |         ^^^^^^^^^^^^

warning: missing documentation for a struct field
  --> src/desktop/events/types.rs:85:9
   |
85 |         remote_url: Option<String>,
   |         ^^^^^^^^^^^^^^^^^^^^^^^^^^

warning: missing documentation for a struct field
  --> src/desktop/events/types.rs:90:9
   |
90 |         added: Vec<Problem>,
   |         ^^^^^^^^^^^^^^^^^^^

warning: missing documentation for a struct field
  --> src/desktop/events/types.rs:91:9
   |
91 |         removed: Vec<Problem>,
   |         ^^^^^^^^^^^^^^^^^^^^^

warning: missing documentation for a struct field
  --> src/desktop/events/types.rs:92:9
   |
92 |         total_count: usize,
   |         ^^^^^^^^^^^^^^^^^^

warning: missing documentation for a struct field
  --> src/desktop/events/types.rs:97:9
   |
97 |         terminal_id: String,
   |         ^^^^^^^^^^^^^^^^^^^

warning: missing documentation for a struct field
  --> src/desktop/events/types.rs:98:9
   |
98 |         data: String,
   |         ^^^^^^^^^^^^

warning: missing documentation for a struct field
   --> src/desktop/events/types.rs:103:9
    |
103 |         stage: ConsensusStage,
    |         ^^^^^^^^^^^^^^^^^^^^^

warning: missing documentation for a struct field
   --> src/desktop/events/types.rs:104:9
    |
104 |         progress: u8,
    |         ^^^^^^^^^^^^

warning: missing documentation for a struct field
   --> src/desktop/events/types.rs:105:9
    |
105 |         message: Option<String>,
    |         ^^^^^^^^^^^^^^^^^^^^^^^

warning: missing documentation for a struct field
   --> src/desktop/events/types.rs:110:9
    |
110 |         component: String,
    |         ^^^^^^^^^^^^^^^^^

warning: missing documentation for a struct field
   --> src/desktop/events/types.rs:111:9
    |
111 |         property: String,
    |         ^^^^^^^^^^^^^^^^

warning: missing documentation for a struct field
   --> src/desktop/events/types.rs:112:9
    |
112 |         value: serde_json::Value,
    |         ^^^^^^^^^^^^^^^^^^^^^^^^

warning: missing documentation for a struct field
   --> src/desktop/events/types.rs:117:9
    |
117 |         section: String,
    |         ^^^^^^^^^^^^^^^

warning: missing documentation for a struct field
   --> src/desktop/events/types.rs:118:9
    |
118 |         key: String,
    |         ^^^^^^^^^^^

warning: missing documentation for a struct field
   --> src/desktop/events/types.rs:119:9
    |
119 |         old_value: Option<serde_json::Value>,
    |         ^^^^^^^^^^^^^^^^^^^^^^^^^^^^^^^^^^^^

warning: missing documentation for a struct field
   --> src/desktop/events/types.rs:120:9
    |
120 |         new_value: serde_json::Value,
    |         ^^^^^^^^^^^^^^^^^^^^^^^^^^^^

warning: missing documentation for a struct field
   --> src/desktop/events/types.rs:125:9
    |
125 |         extension_id: String,
    |         ^^^^^^^^^^^^^^^^^^^^

warning: missing documentation for a struct field
   --> src/desktop/events/types.rs:126:9
    |
126 |         event_name: String,
    |         ^^^^^^^^^^^^^^^^^^

warning: missing documentation for a struct field
   --> src/desktop/events/types.rs:127:9
    |
127 |         data: serde_json::Value,
    |         ^^^^^^^^^^^^^^^^^^^^^^^

warning: missing documentation for a variant
   --> src/desktop/events/types.rs:134:5
    |
134 |     Created,
    |     ^^^^^^^

warning: missing documentation for a variant
   --> src/desktop/events/types.rs:135:5
    |
135 |     Modified,
    |     ^^^^^^^^

warning: missing documentation for a variant
   --> src/desktop/events/types.rs:136:5
    |
136 |     Deleted,
    |     ^^^^^^^

warning: missing documentation for a variant
   --> src/desktop/events/types.rs:137:5
    |
137 |     Renamed { old_path: PathBuf },
    |     ^^^^^^^

warning: missing documentation for a struct field
   --> src/desktop/events/types.rs:137:15
    |
137 |     Renamed { old_path: PathBuf },
    |               ^^^^^^^^^^^^^^^^^

warning: missing documentation for a struct field
   --> src/desktop/events/types.rs:143:5
    |
143 |     pub id: String,
    |     ^^^^^^^^^^^^^^

warning: missing documentation for a struct field
   --> src/desktop/events/types.rs:144:5
    |
144 |     pub severity: ProblemSeverity,
    |     ^^^^^^^^^^^^^^^^^^^^^^^^^^^^^

warning: missing documentation for a struct field
   --> src/desktop/events/types.rs:145:5
    |
145 |     pub source: String,
    |     ^^^^^^^^^^^^^^^^^^

warning: missing documentation for a struct field
   --> src/desktop/events/types.rs:146:5
    |
146 |     pub file_path: PathBuf,
    |     ^^^^^^^^^^^^^^^^^^^^^^

warning: missing documentation for a struct field
   --> src/desktop/events/types.rs:147:5
    |
147 |     pub line: usize,
    |     ^^^^^^^^^^^^^^^

warning: missing documentation for a struct field
   --> src/desktop/events/types.rs:148:5
    |
148 |     pub column: usize,
    |     ^^^^^^^^^^^^^^^^^

warning: missing documentation for a struct field
   --> src/desktop/events/types.rs:149:5
    |
149 |     pub message: String,
    |     ^^^^^^^^^^^^^^^^^^^

warning: missing documentation for a struct field
   --> src/desktop/events/types.rs:150:5
    |
150 |     pub code: Option<String>,
    |     ^^^^^^^^^^^^^^^^^^^^^^^^

warning: missing documentation for a variant
   --> src/desktop/events/types.rs:156:5
    |
156 |     Error,
    |     ^^^^^

warning: missing documentation for a variant
   --> src/desktop/events/types.rs:157:5
    |
157 |     Warning,
    |     ^^^^^^^

warning: missing documentation for a variant
   --> src/desktop/events/types.rs:158:5
    |
158 |     Information,
    |     ^^^^^^^^^^^

warning: missing documentation for a variant
   --> src/desktop/events/types.rs:159:5
    |
159 |     Hint,
    |     ^^^^

warning: missing documentation for a variant
   --> src/desktop/events/types.rs:165:5
    |
165 |     Initializing,
    |     ^^^^^^^^^^^^

warning: missing documentation for a variant
   --> src/desktop/events/types.rs:166:5
    |
166 |     Generating,
    |     ^^^^^^^^^^

warning: missing documentation for a variant
   --> src/desktop/events/types.rs:167:5
    |
167 |     Refining,
    |     ^^^^^^^^

warning: missing documentation for a variant
   --> src/desktop/events/types.rs:168:5
    |
168 |     Validating,
    |     ^^^^^^^^^^

warning: missing documentation for a variant
   --> src/desktop/events/types.rs:169:5
    |
169 |     Curating,
    |     ^^^^^^^^

warning: missing documentation for a variant
   --> src/desktop/events/types.rs:170:5
    |
170 |     Completed,
    |     ^^^^^^^^^

warning: missing documentation for a variant
   --> src/desktop/events/types.rs:171:5
    |
171 |     Failed,
    |     ^^^^^^

warning: missing documentation for a variant
  --> src/desktop/events/legacy.rs:13:5
   |
13 |     FileOpened(PathBuf),
   |     ^^^^^^^^^^

warning: missing documentation for a variant
  --> src/desktop/events/legacy.rs:14:5
   |
14 |     DirectoryToggled(PathBuf),
   |     ^^^^^^^^^^^^^^^^

warning: missing documentation for a variant
  --> src/desktop/events/legacy.rs:15:5
   |
15 |     ProjectLoaded(PathBuf),
   |     ^^^^^^^^^^^^^

warning: missing documentation for a variant
  --> src/desktop/events/legacy.rs:19:5
   |
19 |     ConversationCleared,
   |     ^^^^^^^^^^^^^^^^^^^

warning: missing documentation for a variant
  --> src/desktop/events/legacy.rs:23:5
   |
23 |     ConsensusProgressUpdated {
   |     ^^^^^^^^^^^^^^^^^^^^^^^^

warning: missing documentation for a struct field
  --> src/desktop/events/legacy.rs:24:9
   |
24 |         stage: String,
   |         ^^^^^^^^^^^^^

warning: missing documentation for a struct field
  --> src/desktop/events/legacy.rs:25:9
   |
25 |         progress: u8,
   |         ^^^^^^^^^^^^

warning: missing documentation for a variant
  --> src/desktop/events/legacy.rs:27:5
   |
27 |     ConsensusCompleted,
   |     ^^^^^^^^^^^^^^^^^^

warning: missing documentation for a variant
  --> src/desktop/events/legacy.rs:31:5
   |
31 |     ThemeChanged(String),
   |     ^^^^^^^^^^^^

warning: missing documentation for a variant
  --> src/desktop/events/legacy.rs:35:5
   |
35 |     MenuItemClicked(String),
   |     ^^^^^^^^^^^^^^^

warning: missing documentation for an associated function
   --> src/desktop/events/legacy.rs:135:5
    |
135 |     pub fn new() -> Self {
    |     ^^^^^^^^^^^^^^^^^^^^

warning: missing documentation for an associated function
   --> src/desktop/events/legacy.rs:220:5
    |
220 |     pub fn new() -> Self {
    |     ^^^^^^^^^^^^^^^^^^^^

warning: missing documentation for a variant
  --> src/desktop/explorer_enhanced.rs:11:5
   |
11 |     GitModified,
   |     ^^^^^^^^^^^

warning: missing documentation for a variant
  --> src/desktop/explorer_enhanced.rs:12:5
   |
12 |     GitAdded,
   |     ^^^^^^^^

warning: missing documentation for a variant
  --> src/desktop/explorer_enhanced.rs:13:5
   |
13 |     GitDeleted,
   |     ^^^^^^^^^^

warning: missing documentation for a variant
  --> src/desktop/explorer_enhanced.rs:14:5
   |
14 |     GitIgnored,
   |     ^^^^^^^^^^

warning: missing documentation for a variant
  --> src/desktop/explorer_enhanced.rs:15:5
   |
15 |     GitUntracked,
   |     ^^^^^^^^^^^^

warning: missing documentation for a variant
  --> src/desktop/explorer_enhanced.rs:16:5
   |
16 |     Error(u32),
   |     ^^^^^

warning: missing documentation for a variant
  --> src/desktop/explorer_enhanced.rs:17:5
   |
17 |     Warning(u32),
   |     ^^^^^^^

warning: missing documentation for a struct field
  --> src/desktop/explorer_enhanced.rs:23:5
   |
23 |     pub path: PathBuf,
   |     ^^^^^^^^^^^^^^^^^

warning: missing documentation for a struct field
  --> src/desktop/explorer_enhanced.rs:24:5
   |
24 |     pub name: String,
   |     ^^^^^^^^^^^^^^^^

warning: missing documentation for a struct field
  --> src/desktop/explorer_enhanced.rs:25:5
   |
25 |     pub is_directory: bool,
   |     ^^^^^^^^^^^^^^^^^^^^^^

warning: missing documentation for a struct field
  --> src/desktop/explorer_enhanced.rs:26:5
   |
26 |     pub is_expanded: bool,
   |     ^^^^^^^^^^^^^^^^^^^^^

warning: missing documentation for a struct field
  --> src/desktop/explorer_enhanced.rs:27:5
   |
27 |     pub children: Vec<FileNode>,
   |     ^^^^^^^^^^^^^^^^^^^^^^^^^^^

warning: missing documentation for a struct field
  --> src/desktop/explorer_enhanced.rs:28:5
   |
28 |     pub decorations: Vec<FileDecoration>,
   |     ^^^^^^^^^^^^^^^^^^^^^^^^^^^^^^^^^^^^

warning: missing documentation for a struct field
  --> src/desktop/explorer_enhanced.rs:29:5
   |
29 |     pub is_selected: bool,
   |     ^^^^^^^^^^^^^^^^^^^^^

warning: missing documentation for a struct field
  --> src/desktop/explorer_enhanced.rs:30:5
   |
30 |     pub is_cut: bool, // For cut/paste operations
   |     ^^^^^^^^^^^^^^^^

warning: missing documentation for a struct field
  --> src/desktop/explorer_enhanced.rs:31:5
   |
31 |     pub is_renamed: bool, // For inline rename
   |     ^^^^^^^^^^^^^^^^^^^^

warning: missing documentation for a struct field
  --> src/desktop/explorer_enhanced.rs:37:5
   |
37 |     pub root_path: PathBuf,
   |     ^^^^^^^^^^^^^^^^^^^^^^

warning: missing documentation for a struct field
  --> src/desktop/explorer_enhanced.rs:38:5
   |
38 |     pub file_tree: Vec<FileNode>,
   |     ^^^^^^^^^^^^^^^^^^^^^^^^^^^^

warning: missing documentation for a struct field
  --> src/desktop/explorer_enhanced.rs:39:5
   |
39 |     pub selected_files: Vec<PathBuf>,
   |     ^^^^^^^^^^^^^^^^^^^^^^^^^^^^^^^^

warning: missing documentation for a struct field
  --> src/desktop/explorer_enhanced.rs:40:5
   |
40 |     pub expanded_folders: HashMap<PathBuf, bool>,
   |     ^^^^^^^^^^^^^^^^^^^^^^^^^^^^^^^^^^^^^^^^^^^^

warning: missing documentation for a struct field
  --> src/desktop/explorer_enhanced.rs:41:5
   |
41 |     pub search_query: String,
   |     ^^^^^^^^^^^^^^^^^^^^^^^^

warning: missing documentation for a struct field
  --> src/desktop/explorer_enhanced.rs:42:5
   |
42 |     pub show_hidden_files: bool,
   |     ^^^^^^^^^^^^^^^^^^^^^^^^^^^

warning: missing documentation for a struct field
  --> src/desktop/explorer_enhanced.rs:43:5
   |
43 |     pub sort_by: FileSortOrder,
   |     ^^^^^^^^^^^^^^^^^^^^^^^^^^

warning: missing documentation for a struct field
  --> src/desktop/explorer_enhanced.rs:44:5
   |
44 |     pub folder_first: bool,
   |     ^^^^^^^^^^^^^^^^^^^^^^

warning: missing documentation for a struct field
  --> src/desktop/explorer_enhanced.rs:45:5
   |
45 |     pub compact_folders: bool,
   |     ^^^^^^^^^^^^^^^^^^^^^^^^^

warning: missing documentation for an enum
  --> src/desktop/explorer_enhanced.rs:49:1
   |
49 | pub enum FileSortOrder {
   | ^^^^^^^^^^^^^^^^^^^^^^

warning: missing documentation for a variant
  --> src/desktop/explorer_enhanced.rs:50:5
   |
50 |     Name,
   |     ^^^^

warning: missing documentation for a variant
  --> src/desktop/explorer_enhanced.rs:51:5
   |
51 |     Modified,
   |     ^^^^^^^^

warning: missing documentation for a variant
  --> src/desktop/explorer_enhanced.rs:52:5
   |
52 |     Type,
   |     ^^^^

warning: missing documentation for a variant
  --> src/desktop/explorer_enhanced.rs:53:5
   |
53 |     Size,
   |     ^^^^

warning: missing documentation for a module
 --> src/desktop/keyboard/mod.rs:2:1
  |
2 | pub mod auto_accept_shortcuts;
  | ^^^^^^^^^^^^^^^^^^^^^^^^^^^^^

warning: missing documentation for an associated function
  --> src/desktop/keyboard/auto_accept_shortcuts.rs:22:5
   |
22 | /     pub fn new(
23 | |         current_mode: Signal<AutoAcceptMode>,
24 | |     ) -> Self {
   | |_____________^

warning: missing documentation for a struct
   --> src/desktop/keyboard/auto_accept_shortcuts.rs:332:1
    |
332 | pub struct KeyboardEvent {
    | ^^^^^^^^^^^^^^^^^^^^^^^^

warning: missing documentation for a struct field
   --> src/desktop/keyboard/auto_accept_shortcuts.rs:333:5
    |
333 |     pub key: String,
    |     ^^^^^^^^^^^^^^^

warning: missing documentation for a struct field
   --> src/desktop/keyboard/auto_accept_shortcuts.rs:334:5
    |
334 |     pub shift_key: bool,
    |     ^^^^^^^^^^^^^^^^^^^

warning: missing documentation for a struct field
   --> src/desktop/keyboard/auto_accept_shortcuts.rs:335:5
    |
335 |     pub ctrl_key: bool,
    |     ^^^^^^^^^^^^^^^^^^

warning: missing documentation for a struct field
   --> src/desktop/keyboard/auto_accept_shortcuts.rs:336:5
    |
336 |     pub alt_key: bool,
    |     ^^^^^^^^^^^^^^^^^

warning: missing documentation for a method
   --> src/desktop/keyboard/auto_accept_shortcuts.rs:340:5
    |
340 |     pub fn key(&self) -> &str {
    |     ^^^^^^^^^^^^^^^^^^^^^^^^^

warning: missing documentation for a method
   --> src/desktop/keyboard/auto_accept_shortcuts.rs:344:5
    |
344 |     pub fn shift_key(&self) -> bool {
    |     ^^^^^^^^^^^^^^^^^^^^^^^^^^^^^^^

warning: missing documentation for a method
   --> src/desktop/keyboard/auto_accept_shortcuts.rs:348:5
    |
348 |     pub fn ctrl_key(&self) -> bool {
    |     ^^^^^^^^^^^^^^^^^^^^^^^^^^^^^^

warning: missing documentation for a method
   --> src/desktop/keyboard/auto_accept_shortcuts.rs:352:5
    |
352 |     pub fn alt_key(&self) -> bool {
    |     ^^^^^^^^^^^^^^^^^^^^^^^^^^^^^

warning: missing documentation for a struct field
  --> src/desktop/layout_enhanced.rs:10:5
   |
10 |     pub activity_bar: bool,
   |     ^^^^^^^^^^^^^^^^^^^^^^

warning: missing documentation for a struct field
  --> src/desktop/layout_enhanced.rs:11:5
   |
11 |     pub side_bar: bool,
   |     ^^^^^^^^^^^^^^^^^^

warning: missing documentation for a struct field
  --> src/desktop/layout_enhanced.rs:12:5
   |
12 |     pub panel: bool,
   |     ^^^^^^^^^^^^^^^

warning: missing documentation for a struct field
  --> src/desktop/layout_enhanced.rs:13:5
   |
13 |     pub status_bar: bool,
   |     ^^^^^^^^^^^^^^^^^^^^

warning: missing documentation for a struct field
  --> src/desktop/layout_enhanced.rs:30:5
   |
30 |     pub activity_bar_width: f32,
   |     ^^^^^^^^^^^^^^^^^^^^^^^^^^^

warning: missing documentation for a struct field
  --> src/desktop/layout_enhanced.rs:31:5
   |
31 |     pub side_bar_width: f32,
   |     ^^^^^^^^^^^^^^^^^^^^^^^

warning: missing documentation for a struct field
  --> src/desktop/layout_enhanced.rs:32:5
   |
32 |     pub side_bar_position: SideBarPosition,
   |     ^^^^^^^^^^^^^^^^^^^^^^^^^^^^^^^^^^^^^^

warning: missing documentation for a struct field
  --> src/desktop/layout_enhanced.rs:33:5
   |
33 |     pub panel_height: f32,
   |     ^^^^^^^^^^^^^^^^^^^^^

warning: missing documentation for a struct field
  --> src/desktop/layout_enhanced.rs:34:5
   |
34 |     pub panel_position: PanelPosition,
   |     ^^^^^^^^^^^^^^^^^^^^^^^^^^^^^^^^^

warning: missing documentation for an enum
  --> src/desktop/layout_enhanced.rs:50:1
   |
50 | pub enum SideBarPosition {
   | ^^^^^^^^^^^^^^^^^^^^^^^^

warning: missing documentation for a variant
  --> src/desktop/layout_enhanced.rs:51:5
   |
51 |     Left,
   |     ^^^^

warning: missing documentation for a variant
  --> src/desktop/layout_enhanced.rs:52:5
   |
52 |     Right,
   |     ^^^^^

warning: missing documentation for an enum
  --> src/desktop/layout_enhanced.rs:56:1
   |
56 | pub enum PanelPosition {
   | ^^^^^^^^^^^^^^^^^^^^^^

warning: missing documentation for a variant
  --> src/desktop/layout_enhanced.rs:57:5
   |
57 |     Bottom,
   |     ^^^^^^

warning: missing documentation for a variant
  --> src/desktop/layout_enhanced.rs:58:5
   |
58 |     Right,
   |     ^^^^^

warning: missing documentation for a struct field
  --> src/desktop/layout_enhanced.rs:64:5
   |
64 |     pub visibility: PanelVisibility,
   |     ^^^^^^^^^^^^^^^^^^^^^^^^^^^^^^^

warning: missing documentation for a struct field
  --> src/desktop/layout_enhanced.rs:65:5
   |
65 |     pub dimensions: LayoutDimensions,
   |     ^^^^^^^^^^^^^^^^^^^^^^^^^^^^^^^^

warning: missing documentation for a struct field
  --> src/desktop/layout_enhanced.rs:66:5
   |
66 |     pub is_zen_mode: bool,
   |     ^^^^^^^^^^^^^^^^^^^^^

warning: missing documentation for a struct field
  --> src/desktop/layout_enhanced.rs:67:5
   |
67 |     pub is_fullscreen: bool,
   |     ^^^^^^^^^^^^^^^^^^^^^^^

warning: missing documentation for a struct field
  --> src/desktop/layout_enhanced.rs:68:5
   |
68 |     pub sidebar_content: SidebarContent,
   |     ^^^^^^^^^^^^^^^^^^^^^^^^^^^^^^^^^^^

warning: missing documentation for a struct field
  --> src/desktop/layout_enhanced.rs:69:5
   |
69 |     pub panel_content: PanelContent,
   |     ^^^^^^^^^^^^^^^^^^^^^^^^^^^^^^^

warning: missing documentation for an enum
  --> src/desktop/layout_enhanced.rs:73:1
   |
73 | pub enum SidebarContent {
   | ^^^^^^^^^^^^^^^^^^^^^^^

warning: missing documentation for a variant
  --> src/desktop/layout_enhanced.rs:74:5
   |
74 |     Explorer,
   |     ^^^^^^^^

warning: missing documentation for a variant
  --> src/desktop/layout_enhanced.rs:75:5
   |
75 |     Search,
   |     ^^^^^^

warning: missing documentation for a variant
  --> src/desktop/layout_enhanced.rs:76:5
   |
76 |     SourceControl,
   |     ^^^^^^^^^^^^^

warning: missing documentation for a variant
  --> src/desktop/layout_enhanced.rs:77:5
   |
77 |     Debug,
   |     ^^^^^

warning: missing documentation for a variant
  --> src/desktop/layout_enhanced.rs:78:5
   |
78 |     Extensions,
   |     ^^^^^^^^^^

warning: missing documentation for a variant
  --> src/desktop/layout_enhanced.rs:79:5
   |
79 |     Consensus,
   |     ^^^^^^^^^

warning: missing documentation for a variant
  --> src/desktop/layout_enhanced.rs:80:5
   |
80 |     Models,
   |     ^^^^^^

warning: missing documentation for an enum
  --> src/desktop/layout_enhanced.rs:84:1
   |
84 | pub enum PanelContent {
   | ^^^^^^^^^^^^^^^^^^^^^

warning: missing documentation for a variant
  --> src/desktop/layout_enhanced.rs:85:5
   |
85 |     Terminal,
   |     ^^^^^^^^

warning: missing documentation for a variant
  --> src/desktop/layout_enhanced.rs:86:5
   |
86 |     Problems,
   |     ^^^^^^^^

warning: missing documentation for a variant
  --> src/desktop/layout_enhanced.rs:87:5
   |
87 |     Output,
   |     ^^^^^^

warning: missing documentation for a variant
  --> src/desktop/layout_enhanced.rs:88:5
   |
88 |     DebugConsole,
   |     ^^^^^^^^^^^^

warning: missing documentation for a variant
  --> src/desktop/layout_enhanced.rs:89:5
   |
89 |     ConsensusProgress,
   |     ^^^^^^^^^^^^^^^^^

warning: missing documentation for an enum
   --> src/desktop/layout_enhanced.rs:206:1
    |
206 | pub enum SplitterDirection {
    | ^^^^^^^^^^^^^^^^^^^^^^^^^^

warning: missing documentation for a variant
   --> src/desktop/layout_enhanced.rs:207:5
    |
207 |     Vertical,
    |     ^^^^^^^^

warning: missing documentation for a variant
   --> src/desktop/layout_enhanced.rs:208:5
    |
208 |     Horizontal,
    |     ^^^^^^^^^^

warning: missing documentation for an enum
 --> src/desktop/menu_bar.rs:5:1
  |
5 | pub enum MenuAction {
  | ^^^^^^^^^^^^^^^^^^^

warning: missing documentation for a variant
 --> src/desktop/menu_bar.rs:6:5
  |
6 |     OpenFile,
  |     ^^^^^^^^

warning: missing documentation for a variant
 --> src/desktop/menu_bar.rs:7:5
  |
7 |     OpenFolder,
  |     ^^^^^^^^^^

warning: missing documentation for a variant
 --> src/desktop/menu_bar.rs:8:5
  |
8 |     OpenRecent,
  |     ^^^^^^^^^^

warning: missing documentation for a variant
 --> src/desktop/menu_bar.rs:9:5
  |
9 |     Save,
  |     ^^^^

warning: missing documentation for a variant
  --> src/desktop/menu_bar.rs:10:5
   |
10 |     SaveAs,
   |     ^^^^^^

warning: missing documentation for a variant
  --> src/desktop/menu_bar.rs:11:5
   |
11 |     CloseFolder,
   |     ^^^^^^^^^^^

warning: missing documentation for a variant
  --> src/desktop/menu_bar.rs:12:5
   |
12 |     CommandPalette,
   |     ^^^^^^^^^^^^^^

warning: missing documentation for a variant
  --> src/desktop/menu_bar.rs:13:5
   |
13 |     ChangeTheme,
   |     ^^^^^^^^^^^

warning: missing documentation for a variant
  --> src/desktop/menu_bar.rs:14:5
   |
14 |     Settings,
   |     ^^^^^^^^

warning: missing documentation for a variant
  --> src/desktop/menu_bar.rs:15:5
   |
15 |     Welcome,
   |     ^^^^^^^

warning: missing documentation for a variant
  --> src/desktop/menu_bar.rs:16:5
   |
16 |     Documentation,
   |     ^^^^^^^^^^^^^

warning: missing documentation for a variant
  --> src/desktop/menu_bar.rs:17:5
   |
17 |     CheckForUpdates,
   |     ^^^^^^^^^^^^^^^

warning: missing documentation for a variant
  --> src/desktop/menu_bar.rs:18:5
   |
18 |     About,
   |     ^^^^^

warning: missing documentation for a struct
  --> src/desktop/menu_bar.rs:22:1
   |
22 | pub struct MenuItem {
   | ^^^^^^^^^^^^^^^^^^^

warning: missing documentation for a struct field
  --> src/desktop/menu_bar.rs:23:5
   |
23 |     pub label: String,
   |     ^^^^^^^^^^^^^^^^^

warning: missing documentation for a struct field
  --> src/desktop/menu_bar.rs:24:5
   |
24 |     pub action: Option<MenuAction>,
   |     ^^^^^^^^^^^^^^^^^^^^^^^^^^^^^^

warning: missing documentation for a struct field
  --> src/desktop/menu_bar.rs:25:5
   |
25 |     pub shortcut: Option<String>,
   |     ^^^^^^^^^^^^^^^^^^^^^^^^^^^^

warning: missing documentation for a struct field
  --> src/desktop/menu_bar.rs:26:5
   |
26 |     pub separator: bool,
   |     ^^^^^^^^^^^^^^^^^^^

warning: missing documentation for a struct field
  --> src/desktop/menu_bar.rs:27:5
   |
27 |     pub submenu: Option<Vec<MenuItem>>,
   |     ^^^^^^^^^^^^^^^^^^^^^^^^^^^^^^^^^^

warning: missing documentation for an associated function
  --> src/desktop/menu_bar.rs:31:5
   |
31 |     pub fn new(label: &str, action: MenuAction, shortcut: Option<&str>) -> Self {
   |     ^^^^^^^^^^^^^^^^^^^^^^^^^^^^^^^^^^^^^^^^^^^^^^^^^^^^^^^^^^^^^^^^^^^^^^^^^^^

warning: missing documentation for an associated function
  --> src/desktop/menu_bar.rs:41:5
   |
41 |     pub fn separator() -> Self {
   |     ^^^^^^^^^^^^^^^^^^^^^^^^^^

warning: missing documentation for an associated function
  --> src/desktop/menu_bar.rs:51:5
   |
51 |     pub fn submenu(label: &str, items: Vec<MenuItem>) -> Self {
   |     ^^^^^^^^^^^^^^^^^^^^^^^^^^^^^^^^^^^^^^^^^^^^^^^^^^^^^^^^^

warning: missing documentation for a constant
  --> src/desktop/menu_bar.rs:62:1
   |
62 | pub const MENU_STYLES: &str = r#"
   | ^^^^^^^^^^^^^^^^^^^^^^^^^^^

warning: missing documentation for a struct field
  --> src/desktop/model_browser.rs:14:5
   |
14 |     pub internal_id: i64,
   |     ^^^^^^^^^^^^^^^^^^^^

warning: missing documentation for a struct field
  --> src/desktop/model_browser.rs:15:5
   |
15 |     pub openrouter_id: String,
   |     ^^^^^^^^^^^^^^^^^^^^^^^^^

warning: missing documentation for a struct field
  --> src/desktop/model_browser.rs:16:5
   |
16 |     pub name: String,
   |     ^^^^^^^^^^^^^^^^

warning: missing documentation for a struct field
  --> src/desktop/model_browser.rs:17:5
   |
17 |     pub provider_name: String,
   |     ^^^^^^^^^^^^^^^^^^^^^^^^^

warning: missing documentation for a struct field
  --> src/desktop/model_browser.rs:18:5
   |
18 |     pub description: Option<String>,
   |     ^^^^^^^^^^^^^^^^^^^^^^^^^^^^^^^

warning: missing documentation for a struct field
  --> src/desktop/model_browser.rs:19:5
   |
19 |     pub context_window: Option<i64>,
   |     ^^^^^^^^^^^^^^^^^^^^^^^^^^^^^^^

warning: missing documentation for a struct field
  --> src/desktop/model_browser.rs:20:5
   |
20 |     pub pricing_input: f64,
   |     ^^^^^^^^^^^^^^^^^^^^^^

warning: missing documentation for a struct field
  --> src/desktop/model_browser.rs:21:5
   |
21 |     pub pricing_output: f64,
   |     ^^^^^^^^^^^^^^^^^^^^^^^

warning: missing documentation for a struct field
  --> src/desktop/model_browser.rs:22:5
   |
22 |     pub is_active: bool,
   |     ^^^^^^^^^^^^^^^^^^^

warning: missing documentation for a struct field
  --> src/desktop/model_browser.rs:28:5
   |
28 |     pub stage: &'static str,
   |     ^^^^^^^^^^^^^^^^^^^^^^^

warning: missing documentation for a struct field
  --> src/desktop/model_browser.rs:29:5
   |
29 |     pub purpose: &'static str,
   |     ^^^^^^^^^^^^^^^^^^^^^^^^^

warning: missing documentation for a struct field
  --> src/desktop/model_browser.rs:30:5
   |
30 |     pub best_for: Vec<&'static str>,
   |     ^^^^^^^^^^^^^^^^^^^^^^^^^^^^^^^

warning: missing documentation for a struct field
  --> src/desktop/model_browser.rs:31:5
   |
31 |     pub temperature_range: (f32, f32),
   |     ^^^^^^^^^^^^^^^^^^^^^^^^^^^^^^^^^

warning: missing documentation for a struct field
  --> src/desktop/model_browser.rs:32:5
   |
32 |     pub hints: Vec<&'static str>,
   |     ^^^^^^^^^^^^^^^^^^^^^^^^^^^^

warning: missing documentation for a variant
  --> src/desktop/state.rs:11:5
   |
11 |     Loading,
   |     ^^^^^^^

warning: missing documentation for a variant
  --> src/desktop/state.rs:12:5
   |
12 |     Loaded(ActiveProfileData),
   |     ^^^^^^

warning: missing documentation for a variant
  --> src/desktop/state.rs:13:5
   |
13 |     Error(String),
   |     ^^^^^

warning: missing documentation for a struct field
  --> src/desktop/state.rs:19:5
   |
19 |     pub name: String,
   |     ^^^^^^^^^^^^^^^^

warning: missing documentation for a struct field
  --> src/desktop/state.rs:20:5
   |
20 |     pub generator_model: String,
   |     ^^^^^^^^^^^^^^^^^^^^^^^^^^^

warning: missing documentation for a struct field
  --> src/desktop/state.rs:21:5
   |
21 |     pub refiner_model: String,
   |     ^^^^^^^^^^^^^^^^^^^^^^^^^

warning: missing documentation for a struct field
  --> src/desktop/state.rs:22:5
   |
22 |     pub validator_model: String,
   |     ^^^^^^^^^^^^^^^^^^^^^^^^^^^

warning: missing documentation for a struct field
  --> src/desktop/state.rs:23:5
   |
23 |     pub curator_model: String,
   |     ^^^^^^^^^^^^^^^^^^^^^^^^^

warning: missing documentation for a struct field
  --> src/desktop/state.rs:32:5
   |
32 |     pub is_pushing: bool,
   |     ^^^^^^^^^^^^^^^^^^^^

warning: missing documentation for a struct field
  --> src/desktop/state.rs:33:5
   |
33 |     pub is_pulling: bool,
   |     ^^^^^^^^^^^^^^^^^^^^

warning: missing documentation for a struct field
  --> src/desktop/state.rs:34:5
   |
34 |     pub is_syncing: bool,
   |     ^^^^^^^^^^^^^^^^^^^^

warning: missing documentation for a struct field
  --> src/desktop/state.rs:35:5
   |
35 |     pub operation_status: Option<String>,
   |     ^^^^^^^^^^^^^^^^^^^^^^^^^^^^^^^^^^^^

warning: missing documentation for an associated function
  --> src/desktop/state.rs:39:5
   |
39 |     pub fn new() -> Self {
   |     ^^^^^^^^^^^^^^^^^^^^

warning: missing documentation for a method
  --> src/desktop/state.rs:48:5
   |
48 |     pub fn reset_all(&mut self) {
   |     ^^^^^^^^^^^^^^^^^^^^^^^^^^^

warning: missing documentation for a struct field
  --> src/desktop/state.rs:90:5
   |
90 |     pub license_tier: String,
   |     ^^^^^^^^^^^^^^^^^^^^^^^^

warning: missing documentation for a struct field
  --> src/desktop/state.rs:94:5
   |
94 |     pub daily_conversations_limit: u32,
   |     ^^^^^^^^^^^^^^^^^^^^^^^^^^^^^^^^^^

warning: missing documentation for a struct field
  --> src/desktop/state.rs:95:5
   |
95 |     pub total_conversations_remaining: Option<u32>, // From D1 (includes credits)
   |     ^^^^^^^^^^^^^^^^^^^^^^^^^^^^^^^^^^^^^^^^^^^^^^

warning: missing documentation for a struct field
  --> src/desktop/state.rs:96:5
   |
96 |     pub is_trial_active: bool,
   |     ^^^^^^^^^^^^^^^^^^^^^^^^^

warning: missing documentation for a struct field
  --> src/desktop/state.rs:97:5
   |
97 |     pub trial_days_remaining: Option<i32>,
   |     ^^^^^^^^^^^^^^^^^^^^^^^^^^^^^^^^^^^^^

warning: missing documentation for an associated function
   --> src/desktop/state.rs:125:5
    |
125 |     pub fn new() -> Self {
    |     ^^^^^^^^^^^^^^^^^^^^

warning: missing documentation for a struct field
   --> src/desktop/state.rs:198:5
    |
198 |     pub name: String,
    |     ^^^^^^^^^^^^^^^^

warning: missing documentation for a struct field
   --> src/desktop/state.rs:199:5
    |
199 |     pub path: PathBuf,
    |     ^^^^^^^^^^^^^^^^^

warning: missing documentation for a struct field
   --> src/desktop/state.rs:200:5
    |
200 |     pub root_path: PathBuf, // Add root_path for repository context
    |     ^^^^^^^^^^^^^^^^^^^^^^

warning: missing documentation for a struct field
   --> src/desktop/state.rs:201:5
    |
201 |     pub language: Option<String>,
    |     ^^^^^^^^^^^^^^^^^^^^^^^^^^^^

warning: missing documentation for a struct field
   --> src/desktop/state.rs:202:5
    |
202 |     pub git_status: GitStatus,
    |     ^^^^^^^^^^^^^^^^^^^^^^^^^

warning: missing documentation for a struct field
   --> src/desktop/state.rs:203:5
    |
203 |     pub git_branch: Option<String>,
    |     ^^^^^^^^^^^^^^^^^^^^^^^^^^^^^^

warning: missing documentation for a struct field
   --> src/desktop/state.rs:204:5
    |
204 |     pub file_count: usize,
    |     ^^^^^^^^^^^^^^^^^^^^^

warning: missing documentation for an associated function
   --> src/desktop/state.rs:208:5
    |
208 |     pub async fn from_path(path: PathBuf) -> anyhow::Result<Self> {
    |     ^^^^^^^^^^^^^^^^^^^^^^^^^^^^^^^^^^^^^^^^^^^^^^^^^^^^^^^^^^^^^

warning: missing documentation for a struct field
   --> src/desktop/state.rs:245:5
    |
245 |     pub root_path: Option<PathBuf>,
    |     ^^^^^^^^^^^^^^^^^^^^^^^^^^^^^^

warning: missing documentation for a struct field
   --> src/desktop/state.rs:246:5
    |
246 |     pub expanded_dirs: HashMap<PathBuf, bool>,
    |     ^^^^^^^^^^^^^^^^^^^^^^^^^^^^^^^^^^^^^^^^^

warning: missing documentation for a struct field
   --> src/desktop/state.rs:247:5
    |
247 |     pub selected_file: Option<PathBuf>,
    |     ^^^^^^^^^^^^^^^^^^^^^^^^^^^^^^^^^^

warning: missing documentation for a struct field
   --> src/desktop/state.rs:248:5
    |
248 |     pub selected_directory: Option<PathBuf>, // Track selected directory for repository context
    |     ^^^^^^^^^^^^^^^^^^^^^^^^^^^^^^^^^^^^^^^

warning: missing documentation for a struct field
   --> src/desktop/state.rs:249:5
    |
249 |     pub files: Vec<FileItem>,
    |     ^^^^^^^^^^^^^^^^^^^^^^^^

warning: missing documentation for a struct field
   --> src/desktop/state.rs:250:5
    |
250 |     pub filter: String,
    |     ^^^^^^^^^^^^^^^^^^

warning: missing documentation for a struct field
   --> src/desktop/state.rs:251:5
    |
251 |     pub show_hidden: bool,
    |     ^^^^^^^^^^^^^^^^^^^^^

warning: missing documentation for an associated function
   --> src/desktop/state.rs:255:5
    |
255 |     pub fn new() -> Self {
    |     ^^^^^^^^^^^^^^^^^^^^

warning: missing documentation for a method
   --> src/desktop/state.rs:267:5
    |
267 |     pub async fn refresh(&mut self) -> anyhow::Result<()> {
    |     ^^^^^^^^^^^^^^^^^^^^^^^^^^^^^^^^^^^^^^^^^^^^^^^^^^^^^

warning: missing documentation for a method
   --> src/desktop/state.rs:274:5
    |
274 |     pub fn toggle_directory(&mut self, path: &PathBuf) {
    |     ^^^^^^^^^^^^^^^^^^^^^^^^^^^^^^^^^^^^^^^^^^^^^^^^^^

warning: missing documentation for a method
   --> src/desktop/state.rs:279:5
    |
279 |     pub fn select_file(&mut self, path: PathBuf) {
    |     ^^^^^^^^^^^^^^^^^^^^^^^^^^^^^^^^^^^^^^^^^^^^

warning: missing documentation for a method
   --> src/desktop/state.rs:283:5
    |
283 |     pub fn select_directory(&mut self, path: PathBuf) {
    |     ^^^^^^^^^^^^^^^^^^^^^^^^^^^^^^^^^^^^^^^^^^^^^^^^^

warning: missing documentation for a struct field
   --> src/desktop/state.rs:291:5
    |
291 |     pub path: PathBuf,
    |     ^^^^^^^^^^^^^^^^^

warning: missing documentation for a struct field
   --> src/desktop/state.rs:292:5
    |
292 |     pub name: String,
    |     ^^^^^^^^^^^^^^^^

warning: missing documentation for a struct field
   --> src/desktop/state.rs:293:5
    |
293 |     pub is_directory: bool,
    |     ^^^^^^^^^^^^^^^^^^^^^^

warning: missing documentation for a struct field
   --> src/desktop/state.rs:294:5
    |
294 |     pub is_expanded: bool,
    |     ^^^^^^^^^^^^^^^^^^^^^

warning: missing documentation for a struct field
   --> src/desktop/state.rs:295:5
    |
295 |     pub children: Vec<FileItem>,
    |     ^^^^^^^^^^^^^^^^^^^^^^^^^^^

warning: missing documentation for a struct field
   --> src/desktop/state.rs:296:5
    |
296 |     pub file_type: FileType,
    |     ^^^^^^^^^^^^^^^^^^^^^^^

warning: missing documentation for a struct field
   --> src/desktop/state.rs:297:5
    |
297 |     pub git_status: Option<GitFileStatus>,
    |     ^^^^^^^^^^^^^^^^^^^^^^^^^^^^^^^^^^^^^

warning: missing documentation for a struct field
   --> src/desktop/state.rs:298:5
    |
298 |     pub size: Option<u64>,
    |     ^^^^^^^^^^^^^^^^^^^^^

warning: missing documentation for a struct field
   --> src/desktop/state.rs:299:5
    |
299 |     pub modified: Option<chrono::DateTime<chrono::Utc>>,
    |     ^^^^^^^^^^^^^^^^^^^^^^^^^^^^^^^^^^^^^^^^^^^^^^^^^^^

warning: missing documentation for a struct field
   --> src/desktop/state.rs:300:5
    |
300 |     pub depth: usize,  // NEW: Track nesting depth for proper indentation
    |     ^^^^^^^^^^^^^^^^

warning: missing documentation for a variant
   --> src/desktop/state.rs:325:5
    |
325 |     Rust,
    |     ^^^^

warning: missing documentation for a variant
   --> src/desktop/state.rs:326:5
    |
326 |     TypeScript,
    |     ^^^^^^^^^^

warning: missing documentation for a variant
   --> src/desktop/state.rs:327:5
    |
327 |     JavaScript,
    |     ^^^^^^^^^^

warning: missing documentation for a variant
   --> src/desktop/state.rs:328:5
    |
328 |     Python,
    |     ^^^^^^

warning: missing documentation for a variant
   --> src/desktop/state.rs:329:5
    |
329 |     Go,
    |     ^^

warning: missing documentation for a variant
   --> src/desktop/state.rs:330:5
    |
330 |     Java,
    |     ^^^^

warning: missing documentation for a variant
   --> src/desktop/state.rs:331:5
    |
331 |     CPP,
    |     ^^^

warning: missing documentation for a variant
   --> src/desktop/state.rs:332:5
    |
332 |     C,
    |     ^

warning: missing documentation for a variant
   --> src/desktop/state.rs:333:5
    |
333 |     HTML,
    |     ^^^^

warning: missing documentation for a variant
   --> src/desktop/state.rs:334:5
    |
334 |     CSS,
    |     ^^^

warning: missing documentation for a variant
   --> src/desktop/state.rs:335:5
    |
335 |     JSON,
    |     ^^^^

warning: missing documentation for a variant
   --> src/desktop/state.rs:336:5
    |
336 |     TOML,
    |     ^^^^

warning: missing documentation for a variant
   --> src/desktop/state.rs:337:5
    |
337 |     YAML,
    |     ^^^^

warning: missing documentation for a variant
   --> src/desktop/state.rs:338:5
    |
338 |     XML,
    |     ^^^

warning: missing documentation for a variant
   --> src/desktop/state.rs:339:5
    |
339 |     Markdown,
    |     ^^^^^^^^

warning: missing documentation for a variant
   --> src/desktop/state.rs:340:5
    |
340 |     Text,
    |     ^^^^

warning: missing documentation for a variant
   --> src/desktop/state.rs:341:5
    |
341 |     Shell,
    |     ^^^^^

warning: missing documentation for a variant
   --> src/desktop/state.rs:342:5
    |
342 |     Docker,
    |     ^^^^^^

warning: missing documentation for a variant
   --> src/desktop/state.rs:343:5
    |
343 |     Image,
    |     ^^^^^

warning: missing documentation for a variant
   --> src/desktop/state.rs:344:5
    |
344 |     Binary,
    |     ^^^^^^

warning: missing documentation for a variant
   --> src/desktop/state.rs:345:5
    |
345 |     Directory,
    |     ^^^^^^^^^

warning: missing documentation for a variant
   --> src/desktop/state.rs:346:5
    |
346 |     Unknown,
    |     ^^^^^^^

warning: missing documentation for an associated function
   --> src/desktop/state.rs:350:5
    |
350 |     pub fn from_extension(ext: &str) -> Self {
    |     ^^^^^^^^^^^^^^^^^^^^^^^^^^^^^^^^^^^^^^^^

warning: missing documentation for a method
   --> src/desktop/state.rs:375:5
    |
375 |     pub fn icon(&self) -> &'static str {
    |     ^^^^^^^^^^^^^^^^^^^^^^^^^^^^^^^^^^

warning: missing documentation for a method
   --> src/desktop/state.rs:401:5
    |
401 |     pub fn extension(&self) -> &'static str {
    |     ^^^^^^^^^^^^^^^^^^^^^^^^^^^^^^^^^^^^^^^

warning: missing documentation for a struct field
   --> src/desktop/state.rs:432:5
    |
432 |     pub messages: Vec<ChatMessage>,
    |     ^^^^^^^^^^^^^^^^^^^^^^^^^^^^^^

warning: missing documentation for a struct field
   --> src/desktop/state.rs:433:5
    |
433 |     pub input_text: String,
    |     ^^^^^^^^^^^^^^^^^^^^^^

warning: missing documentation for a struct field
   --> src/desktop/state.rs:434:5
    |
434 |     pub is_processing: bool,
    |     ^^^^^^^^^^^^^^^^^^^^^^^

warning: missing documentation for a struct field
   --> src/desktop/state.rs:435:5
    |
435 |     pub scroll_position: f32,
    |     ^^^^^^^^^^^^^^^^^^^^^^^^

warning: missing documentation for a struct field
   --> src/desktop/state.rs:436:5
    |
436 |     pub selected_message: Option<usize>,
    |     ^^^^^^^^^^^^^^^^^^^^^^^^^^^^^^^^^^^

warning: missing documentation for an associated function
   --> src/desktop/state.rs:440:5
    |
440 |     pub fn new() -> Self {
    |     ^^^^^^^^^^^^^^^^^^^^

warning: missing documentation for a method
   --> src/desktop/state.rs:450:5
    |
450 |     pub fn add_message(&mut self, message: ChatMessage) {
    |     ^^^^^^^^^^^^^^^^^^^^^^^^^^^^^^^^^^^^^^^^^^^^^^^^^^^

warning: missing documentation for a method
   --> src/desktop/state.rs:455:5
    |
455 |     pub fn scroll_to_bottom(&mut self) {
    |     ^^^^^^^^^^^^^^^^^^^^^^^^^^^^^^^^^^

warning: missing documentation for a method
   --> src/desktop/state.rs:459:5
    |
459 |     pub fn clear_input(&mut self) {
    |     ^^^^^^^^^^^^^^^^^^^^^^^^^^^^^

warning: missing documentation for a struct field
   --> src/desktop/state.rs:467:5
    |
467 |     pub id: String,
    |     ^^^^^^^^^^^^^^

warning: missing documentation for a struct field
   --> src/desktop/state.rs:468:5
    |
468 |     pub content: String,
    |     ^^^^^^^^^^^^^^^^^^^

warning: missing documentation for a struct field
   --> src/desktop/state.rs:469:5
    |
469 |     pub message_type: MessageType,
    |     ^^^^^^^^^^^^^^^^^^^^^^^^^^^^^

warning: missing documentation for a struct field
   --> src/desktop/state.rs:470:5
    |
470 |     pub timestamp: chrono::DateTime<chrono::Utc>,
    |     ^^^^^^^^^^^^^^^^^^^^^^^^^^^^^^^^^^^^^^^^^^^^

warning: missing documentation for a struct field
   --> src/desktop/state.rs:471:5
    |
471 |     pub metadata: MessageMetadata,
    |     ^^^^^^^^^^^^^^^^^^^^^^^^^^^^^

warning: missing documentation for an enum
   --> src/desktop/state.rs:485:1
    |
485 | pub enum MessageType {
    | ^^^^^^^^^^^^^^^^^^^^

warning: missing documentation for a variant
   --> src/desktop/state.rs:486:5
    |
486 |     User,
    |     ^^^^

warning: missing documentation for a variant
   --> src/desktop/state.rs:487:5
    |
487 |     Assistant,
    |     ^^^^^^^^^

warning: missing documentation for a variant
   --> src/desktop/state.rs:488:5
    |
488 |     System,
    |     ^^^^^^

warning: missing documentation for a variant
   --> src/desktop/state.rs:489:5
    |
489 |     Error,
    |     ^^^^^

warning: missing documentation for a variant
   --> src/desktop/state.rs:490:5
    |
490 |     Welcome,
    |     ^^^^^^^

warning: missing documentation for a struct
   --> src/desktop/state.rs:494:1
    |
494 | pub struct MessageMetadata {
    | ^^^^^^^^^^^^^^^^^^^^^^^^^^

warning: missing documentation for a struct field
   --> src/desktop/state.rs:495:5
    |
495 |     pub cost: Option<f64>,
    |     ^^^^^^^^^^^^^^^^^^^^^

warning: missing documentation for a struct field
   --> src/desktop/state.rs:496:5
    |
496 |     pub model: Option<String>,
    |     ^^^^^^^^^^^^^^^^^^^^^^^^^

warning: missing documentation for a struct field
   --> src/desktop/state.rs:497:5
    |
497 |     pub processing_time: Option<u64>,
    |     ^^^^^^^^^^^^^^^^^^^^^^^^^^^^^^^^

warning: missing documentation for a struct field
   --> src/desktop/state.rs:498:5
    |
498 |     pub token_count: Option<u32>,
    |     ^^^^^^^^^^^^^^^^^^^^^^^^^^^^

warning: missing documentation for a struct field
   --> src/desktop/state.rs:504:5
    |
504 |     pub is_active: bool,
    |     ^^^^^^^^^^^^^^^^^^^

warning: missing documentation for a struct field
   --> src/desktop/state.rs:505:5
    |
505 |     pub is_running: bool,
    |     ^^^^^^^^^^^^^^^^^^^^

warning: missing documentation for a struct field
   --> src/desktop/state.rs:506:5
    |
506 |     pub current_stage: Option<ConsensusStage>,
    |     ^^^^^^^^^^^^^^^^^^^^^^^^^^^^^^^^^^^^^^^^^

warning: missing documentation for a struct field
   --> src/desktop/state.rs:507:5
    |
507 |     pub progress: ConsensusProgress,
    |     ^^^^^^^^^^^^^^^^^^^^^^^^^^^^^^^

warning: missing documentation for a struct field
   --> src/desktop/state.rs:508:5
    |
508 |     pub stages: Vec<StageInfo>,
    |     ^^^^^^^^^^^^^^^^^^^^^^^^^^

warning: missing documentation for a struct field
   --> src/desktop/state.rs:509:5
    |
509 |     pub total_tokens: usize,
    |     ^^^^^^^^^^^^^^^^^^^^^^^

warning: missing documentation for a struct field
   --> src/desktop/state.rs:510:5
    |
510 |     pub estimated_cost: f64,
    |     ^^^^^^^^^^^^^^^^^^^^^^^

warning: missing documentation for a struct field
   --> src/desktop/state.rs:511:5
    |
511 |     pub streaming_content: String,
    |     ^^^^^^^^^^^^^^^^^^^^^^^^^^^^^

warning: missing documentation for a struct field
   --> src/desktop/state.rs:512:5
    |
512 |     pub raw_streaming_content: String,  // Raw markdown before HTML conversion
    |     ^^^^^^^^^^^^^^^^^^^^^^^^^^^^^^^^^

warning: missing documentation for a struct field
   --> src/desktop/state.rs:513:5
    |
513 |     pub active_profile_name: String,
    |     ^^^^^^^^^^^^^^^^^^^^^^^^^^^^^^^

warning: missing documentation for an associated function
   --> src/desktop/state.rs:517:5
    |
517 |     pub fn new() -> Self {
    |     ^^^^^^^^^^^^^^^^^^^^

warning: missing documentation for a method
   --> src/desktop/state.rs:537:5
    |
537 |     pub fn start_consensus(&mut self) {
    |     ^^^^^^^^^^^^^^^^^^^^^^^^^^^^^^^^^

warning: missing documentation for a method
   --> src/desktop/state.rs:549:5
    |
549 |     pub fn update_progress(&mut self, stage: ConsensusStage, progress: u8) {
    |     ^^^^^^^^^^^^^^^^^^^^^^^^^^^^^^^^^^^^^^^^^^^^^^^^^^^^^^^^^^^^^^^^^^^^^^

warning: missing documentation for a method
   --> src/desktop/state.rs:558:5
    |
558 |     pub fn complete_consensus(&mut self) {
    |     ^^^^^^^^^^^^^^^^^^^^^^^^^^^^^^^^^^^^

warning: missing documentation for a method
   --> src/desktop/state.rs:565:5
    |
565 |     pub fn add_tokens(&mut self, tokens: usize, cost: f64) {
    |     ^^^^^^^^^^^^^^^^^^^^^^^^^^^^^^^^^^^^^^^^^^^^^^^^^^^^^^

warning: missing documentation for a struct
   --> src/desktop/state.rs:575:1
    |
575 | pub struct ConsensusProgress {
    | ^^^^^^^^^^^^^^^^^^^^^^^^^^^^

warning: missing documentation for a struct field
   --> src/desktop/state.rs:576:5
    |
576 |     pub generator: u8,
    |     ^^^^^^^^^^^^^^^^^

warning: missing documentation for a struct field
   --> src/desktop/state.rs:577:5
    |
577 |     pub refiner: u8,
    |     ^^^^^^^^^^^^^^^

warning: missing documentation for a struct field
   --> src/desktop/state.rs:578:5
    |
578 |     pub validator: u8,
    |     ^^^^^^^^^^^^^^^^^

warning: missing documentation for a struct field
   --> src/desktop/state.rs:579:5
    |
579 |     pub curator: u8,
    |     ^^^^^^^^^^^^^^^

warning: missing documentation for a struct
   --> src/desktop/state.rs:583:1
    |
583 | pub struct StageInfo {
    | ^^^^^^^^^^^^^^^^^^^^

warning: missing documentation for a struct field
   --> src/desktop/state.rs:584:5
    |
584 |     pub name: String,
    |     ^^^^^^^^^^^^^^^^

warning: missing documentation for a struct field
   --> src/desktop/state.rs:585:5
    |
585 |     pub model: String,
    |     ^^^^^^^^^^^^^^^^^

warning: missing documentation for a struct field
   --> src/desktop/state.rs:586:5
    |
586 |     pub status: StageStatus,
    |     ^^^^^^^^^^^^^^^^^^^^^^^

warning: missing documentation for a struct field
   --> src/desktop/state.rs:587:5
    |
587 |     pub progress: u8,
    |     ^^^^^^^^^^^^^^^^

warning: missing documentation for a struct field
   --> src/desktop/state.rs:588:5
    |
588 |     pub error_message: Option<String>,
    |     ^^^^^^^^^^^^^^^^^^^^^^^^^^^^^^^^^

warning: missing documentation for an associated function
   --> src/desktop/state.rs:592:5
    |
592 |     pub fn new(name: &str, model: &str) -> Self {
    |     ^^^^^^^^^^^^^^^^^^^^^^^^^^^^^^^^^^^^^^^^^^^

warning: missing documentation for an enum
   --> src/desktop/state.rs:604:1
    |
604 | pub enum StageStatus {
    | ^^^^^^^^^^^^^^^^^^^^

warning: missing documentation for a variant
   --> src/desktop/state.rs:605:5
    |
605 |     Waiting,
    |     ^^^^^^^

warning: missing documentation for a variant
   --> src/desktop/state.rs:606:5
    |
606 |     Running,
    |     ^^^^^^^

warning: missing documentation for a variant
   --> src/desktop/state.rs:607:5
    |
607 |     Completed,
    |     ^^^^^^^^^

warning: missing documentation for a variant
   --> src/desktop/state.rs:608:5
    |
608 |     Error,
    |     ^^^^^

warning: missing documentation for a struct field
   --> src/desktop/state.rs:614:5
    |
614 |     pub theme: Theme,
    |     ^^^^^^^^^^^^^^^^

warning: missing documentation for a struct field
   --> src/desktop/state.rs:615:5
    |
615 |     pub font_size: f32,
    |     ^^^^^^^^^^^^^^^^^^

warning: missing documentation for a struct field
   --> src/desktop/state.rs:616:5
    |
616 |     pub show_line_numbers: bool,
    |     ^^^^^^^^^^^^^^^^^^^^^^^^^^^

warning: missing documentation for a struct field
   --> src/desktop/state.rs:617:5
    |
617 |     pub word_wrap: bool,
    |     ^^^^^^^^^^^^^^^^^^^

warning: missing documentation for a struct field
   --> src/desktop/state.rs:618:5
    |
618 |     pub auto_save: bool,
    |     ^^^^^^^^^^^^^^^^^^^

warning: missing documentation for a struct field
   --> src/desktop/state.rs:619:5
    |
619 |     pub consensus_auto_start: bool,
    |     ^^^^^^^^^^^^^^^^^^^^^^^^^^^^^^

warning: missing documentation for an enum
   --> src/desktop/state.rs:636:1
    |
636 | pub enum Theme {
    | ^^^^^^^^^^^^^^

warning: missing documentation for a variant
   --> src/desktop/state.rs:637:5
    |
637 |     Dark,
    |     ^^^^

warning: missing documentation for a variant
   --> src/desktop/state.rs:638:5
    |
638 |     Light,
    |     ^^^^^

warning: missing documentation for a variant
   --> src/desktop/state.rs:639:5
    |
639 |     HighContrast,
    |     ^^^^^^^^^^^^

warning: missing documentation for a variant
   --> src/desktop/state.rs:645:5
    |
645 |     Connected,
    |     ^^^^^^^^^

warning: missing documentation for a variant
   --> src/desktop/state.rs:646:5
    |
646 |     Connecting,
    |     ^^^^^^^^^^

warning: missing documentation for a variant
   --> src/desktop/state.rs:647:5
    |
647 |     Disconnected,
    |     ^^^^^^^^^^^^

warning: missing documentation for a variant
   --> src/desktop/state.rs:653:5
    |
653 |     NotRepository,
    |     ^^^^^^^^^^^^^

warning: missing documentation for a variant
   --> src/desktop/state.rs:654:5
    |
654 |     Repository { branch: String, has_changes: bool },
    |     ^^^^^^^^^^

warning: missing documentation for a struct field
   --> src/desktop/state.rs:654:18
    |
654 |     Repository { branch: String, has_changes: bool },
    |                  ^^^^^^^^^^^^^^

warning: missing documentation for a struct field
   --> src/desktop/state.rs:654:34
    |
654 |     Repository { branch: String, has_changes: bool },
    |                                  ^^^^^^^^^^^^^^^^^

warning: missing documentation for an enum
   --> src/desktop/state.rs:658:1
    |
658 | pub enum GitFileStatus {
    | ^^^^^^^^^^^^^^^^^^^^^^

warning: missing documentation for a variant
   --> src/desktop/state.rs:659:5
    |
659 |     Untracked,
    |     ^^^^^^^^^

warning: missing documentation for a variant
   --> src/desktop/state.rs:660:5
    |
660 |     Modified,
    |     ^^^^^^^^

warning: missing documentation for a variant
   --> src/desktop/state.rs:661:5
    |
661 |     Added,
    |     ^^^^^

warning: missing documentation for a variant
   --> src/desktop/state.rs:662:5
    |
662 |     Deleted,
    |     ^^^^^^^

warning: missing documentation for a variant
   --> src/desktop/state.rs:663:5
    |
663 |     Renamed,
    |     ^^^^^^^

warning: missing documentation for a variant
   --> src/desktop/state.rs:664:5
    |
664 |     Copied,
    |     ^^^^^^

warning: missing documentation for a variant
   --> src/desktop/state.rs:665:5
    |
665 |     Ignored,
    |     ^^^^^^^

warning: missing documentation for a variant
  --> src/desktop/status_bar_enhanced.rs:10:5
   |
10 |     Left,
   |     ^^^^

warning: missing documentation for a variant
  --> src/desktop/status_bar_enhanced.rs:11:5
   |
11 |     Right,
   |     ^^^^^

warning: missing documentation for a struct field
  --> src/desktop/status_bar_enhanced.rs:16:5
   |
16 |     pub id: String,
   |     ^^^^^^^^^^^^^^

warning: missing documentation for a struct field
  --> src/desktop/status_bar_enhanced.rs:17:5
   |
17 |     pub text: String,
   |     ^^^^^^^^^^^^^^^^

warning: missing documentation for a struct field
  --> src/desktop/status_bar_enhanced.rs:18:5
   |
18 |     pub tooltip: Option<String>,
   |     ^^^^^^^^^^^^^^^^^^^^^^^^^^^

warning: missing documentation for a struct field
  --> src/desktop/status_bar_enhanced.rs:19:5
   |
19 |     pub icon: Option<String>,
   |     ^^^^^^^^^^^^^^^^^^^^^^^^

warning: missing documentation for a struct field
  --> src/desktop/status_bar_enhanced.rs:20:5
   |
20 |     pub alignment: StatusBarAlignment,
   |     ^^^^^^^^^^^^^^^^^^^^^^^^^^^^^^^^^

warning: missing documentation for a struct field
  --> src/desktop/status_bar_enhanced.rs:21:5
   |
21 |     pub priority: i32, // Higher priority items appear first
   |     ^^^^^^^^^^^^^^^^^

warning: missing documentation for a struct field
  --> src/desktop/status_bar_enhanced.rs:22:5
   |
22 |     pub on_click: Option<Box<dyn Fn() + 'static>>,
   |     ^^^^^^^^^^^^^^^^^^^^^^^^^^^^^^^^^^^^^^^^^^^^^

warning: missing documentation for a struct field
  --> src/desktop/status_bar_enhanced.rs:23:5
   |
23 |     pub background_color: Option<String>,
   |     ^^^^^^^^^^^^^^^^^^^^^^^^^^^^^^^^^^^^

warning: missing documentation for a struct field
  --> src/desktop/status_bar_enhanced.rs:24:5
   |
24 |     pub foreground_color: Option<String>,
   |     ^^^^^^^^^^^^^^^^^^^^^^^^^^^^^^^^^^^^

warning: missing documentation for a struct field
  --> src/desktop/status_bar_enhanced.rs:68:5
   |
68 |     pub items: Vec<StatusBarItem>,
   |     ^^^^^^^^^^^^^^^^^^^^^^^^^^^^^

warning: missing documentation for a struct field
  --> src/desktop/status_bar_enhanced.rs:69:5
   |
69 |     pub background_color: Option<String>, // Override background for entire bar
   |     ^^^^^^^^^^^^^^^^^^^^^^^^^^^^^^^^^^^^

warning: missing documentation for a struct field
  --> src/desktop/status_bar_enhanced.rs:70:5
   |
70 |     pub show_feedback: bool,
   |     ^^^^^^^^^^^^^^^^^^^^^^^

warning: missing documentation for a method
   --> src/desktop/status_bar_enhanced.rs:340:5
    |
340 |     pub fn update_item(&mut self, id: &str, text: String) {
    |     ^^^^^^^^^^^^^^^^^^^^^^^^^^^^^^^^^^^^^^^^^^^^^^^^^^^^^

warning: missing documentation for a method
   --> src/desktop/status_bar_enhanced.rs:346:5
    |
346 |     pub fn update_consensus_status(&mut self, status: &str, color: Option<String>) {
    |     ^^^^^^^^^^^^^^^^^^^^^^^^^^^^^^^^^^^^^^^^^^^^^^^^^^^^^^^^^^^^^^^^^^^^^^^^^^^^^^

warning: missing documentation for a method
   --> src/desktop/status_bar_enhanced.rs:353:5
    |
353 |     pub fn update_api_usage(&mut self, cost: f64) {
    |     ^^^^^^^^^^^^^^^^^^^^^^^^^^^^^^^^^^^^^^^^^^^^^

warning: missing documentation for a method
   --> src/desktop/status_bar_enhanced.rs:360:5
    |
360 |     pub fn update_problems(&mut self, errors: u32, warnings: u32) {
    |     ^^^^^^^^^^^^^^^^^^^^^^^^^^^^^^^^^^^^^^^^^^^^^^^^^^^^^^^^^^^^^

warning: missing documentation for a method
   --> src/desktop/status_bar_enhanced.rs:380:5
    |
380 |     pub fn set_remote_status(&mut self) {
    |     ^^^^^^^^^^^^^^^^^^^^^^^^^^^^^^^^^^^

warning: missing documentation for a method
   --> src/desktop/status_bar_enhanced.rs:384:5
    |
384 |     pub fn set_debug_status(&mut self) {
    |     ^^^^^^^^^^^^^^^^^^^^^^^^^^^^^^^^^^

warning: missing documentation for a method
 --> src/desktop/styles/components.rs:9:5
  |
9 |     fn vscode_class(&self) -> &'static str;
  |     ^^^^^^^^^^^^^^^^^^^^^^^^^^^^^^^^^^^^^^^

warning: missing documentation for a variant
  --> src/desktop/styles/components.rs:15:5
   |
15 |     Primary,
   |     ^^^^^^^

warning: missing documentation for a variant
  --> src/desktop/styles/components.rs:16:5
   |
16 |     Secondary,
   |     ^^^^^^^^^

warning: missing documentation for a variant
  --> src/desktop/styles/components.rs:17:5
   |
17 |     Icon,
   |     ^^^^

warning: missing documentation for a variant
  --> src/desktop/styles/components.rs:18:5
   |
18 |     Ghost,
   |     ^^^^^

warning: missing documentation for a variant
  --> src/desktop/styles/components.rs:35:5
   |
35 |     Sidebar,
   |     ^^^^^^^

warning: missing documentation for a variant
  --> src/desktop/styles/components.rs:36:5
   |
36 |     Editor,
   |     ^^^^^^

warning: missing documentation for a variant
  --> src/desktop/styles/components.rs:37:5
   |
37 |     Terminal,
   |     ^^^^^^^^

warning: missing documentation for a variant
  --> src/desktop/styles/components.rs:38:5
   |
38 |     Output,
   |     ^^^^^^

warning: missing documentation for an enum
  --> src/desktop/styles/components.rs:61:1
   |
61 | pub enum IconSize {
   | ^^^^^^^^^^^^^^^^^

warning: missing documentation for a variant
  --> src/desktop/styles/components.rs:62:5
   |
62 |     Small,  // 12px
   |     ^^^^^

warning: missing documentation for a variant
  --> src/desktop/styles/components.rs:63:5
   |
63 |     Medium, // 16px
   |     ^^^^^^

warning: missing documentation for a variant
  --> src/desktop/styles/components.rs:64:5
   |
64 |     Large,  // 20px
   |     ^^^^^

warning: missing documentation for an enum
   --> src/desktop/styles/example.rs:235:1
    |
235 | pub enum StageStatus {
    | ^^^^^^^^^^^^^^^^^^^^

warning: missing documentation for a variant
   --> src/desktop/styles/example.rs:236:5
    |
236 |     Pending,
    |     ^^^^^^^

warning: missing documentation for a variant
   --> src/desktop/styles/example.rs:237:5
    |
237 |     Active,
    |     ^^^^^^

warning: missing documentation for a variant
   --> src/desktop/styles/example.rs:238:5
    |
238 |     Complete,
    |     ^^^^^^^^

warning: missing documentation for an enum
 --> src/desktop/styles/theme.rs:9:1
  |
9 | pub enum Theme {
  | ^^^^^^^^^^^^^^

warning: missing documentation for a variant
  --> src/desktop/styles/theme.rs:10:5
   |
10 |     Dark,
   |     ^^^^

warning: missing documentation for a variant
  --> src/desktop/styles/theme.rs:11:5
   |
11 |     Light,
   |     ^^^^^

warning: missing documentation for a variant
  --> src/desktop/styles/theme.rs:12:5
   |
12 |     HighContrast,
   |     ^^^^^^^^^^^^

warning: missing documentation for a struct field
  --> src/desktop/styles/theme.rs:53:5
   |
53 |     pub background: String,
   |     ^^^^^^^^^^^^^^^^^^^^^^

warning: missing documentation for a struct field
  --> src/desktop/styles/theme.rs:54:5
   |
54 |     pub background_secondary: String,
   |     ^^^^^^^^^^^^^^^^^^^^^^^^^^^^^^^^

warning: missing documentation for a struct field
  --> src/desktop/styles/theme.rs:55:5
   |
55 |     pub text: String,
   |     ^^^^^^^^^^^^^^^^

warning: missing documentation for a struct field
  --> src/desktop/styles/theme.rs:56:5
   |
56 |     pub text_secondary: String,
   |     ^^^^^^^^^^^^^^^^^^^^^^^^^^

warning: missing documentation for a struct field
  --> src/desktop/styles/theme.rs:57:5
   |
57 |     pub primary: String,
   |     ^^^^^^^^^^^^^^^^^^^

warning: missing documentation for a struct field
  --> src/desktop/styles/theme.rs:58:5
   |
58 |     pub success: String,
   |     ^^^^^^^^^^^^^^^^^^^

warning: missing documentation for a struct field
  --> src/desktop/styles/theme.rs:59:5
   |
59 |     pub warning: String,
   |     ^^^^^^^^^^^^^^^^^^^

warning: missing documentation for a struct field
  --> src/desktop/styles/theme.rs:60:5
   |
60 |     pub error: String,
   |     ^^^^^^^^^^^^^^^^^

warning: missing documentation for a struct field
  --> src/desktop/styles/theme.rs:61:5
   |
61 |     pub info: String,
   |     ^^^^^^^^^^^^^^^^

warning: missing documentation for a struct field
  --> src/desktop/styles/theme.rs:62:5
   |
62 |     pub border: String,
   |     ^^^^^^^^^^^^^^^^^^

warning: missing documentation for an associated function
  --> src/desktop/styles/theme.rs:72:5
   |
72 |     pub fn dark_theme() -> Self {
   |     ^^^^^^^^^^^^^^^^^^^^^^^^^^^

warning: missing documentation for an associated function
  --> src/desktop/styles/theme.rs:87:5
   |
87 |     pub fn light_theme() -> Self {
   |     ^^^^^^^^^^^^^^^^^^^^^^^^^^^^

warning: missing documentation for an associated function
   --> src/desktop/styles/theme.rs:102:5
    |
102 |     pub fn high_contrast_theme() -> Self {
    |     ^^^^^^^^^^^^^^^^^^^^^^^^^^^^^^^^^^^^

warning: missing documentation for an associated function
   --> src/desktop/styles/theme.rs:117:5
    |
117 |     pub fn from_theme(theme: Theme) -> Self {
    |     ^^^^^^^^^^^^^^^^^^^^^^^^^^^^^^^^^^^^^^^

warning: missing documentation for a constant
    --> src/desktop/styles/mod.rs:1970:5
     |
1970 |     pub const LIGHT_THEME_OVERRIDES: &str = r#"
     |     ^^^^^^^^^^^^^^^^^^^^^^^^^^^^^^^^^^^^^

warning: missing documentation for a constant
    --> src/desktop/styles/mod.rs:1990:5
     |
1990 |     pub const HIGH_CONTRAST_THEME_OVERRIDES: &str = r#"
     |     ^^^^^^^^^^^^^^^^^^^^^^^^^^^^^^^^^^^^^^^^^^^^^

warning: missing documentation for a variant
  --> src/desktop/problems/problems_panel.rs:18:5
   |
18 |     Error,
   |     ^^^^^

warning: missing documentation for a variant
  --> src/desktop/problems/problems_panel.rs:19:5
   |
19 |     Warning,
   |     ^^^^^^^

warning: missing documentation for a variant
  --> src/desktop/problems/problems_panel.rs:20:5
   |
20 |     Info,
   |     ^^^^

warning: missing documentation for a variant
  --> src/desktop/problems/problems_panel.rs:21:5
   |
21 |     Hint,
   |     ^^^^

warning: missing documentation for a variant
  --> src/desktop/problems/problems_panel.rs:59:5
   |
59 |     Git,
   |     ^^^

warning: missing documentation for a variant
  --> src/desktop/problems/problems_panel.rs:60:5
   |
60 |     Rust,
   |     ^^^^

warning: missing documentation for a variant
  --> src/desktop/problems/problems_panel.rs:61:5
   |
61 |     JavaScript,
   |     ^^^^^^^^^^

warning: missing documentation for a variant
  --> src/desktop/problems/problems_panel.rs:62:5
   |
62 |     TypeScript,
   |     ^^^^^^^^^^

warning: missing documentation for a variant
  --> src/desktop/problems/problems_panel.rs:63:5
   |
63 |     Python,
   |     ^^^^^^

warning: missing documentation for a variant
  --> src/desktop/problems/problems_panel.rs:64:5
   |
64 |     Go,
   |     ^^

warning: missing documentation for a variant
  --> src/desktop/problems/problems_panel.rs:65:5
   |
65 |     Clippy,
   |     ^^^^^^

warning: missing documentation for a variant
  --> src/desktop/problems/problems_panel.rs:66:5
   |
66 |     ESLint,
   |     ^^^^^^

warning: missing documentation for a variant
  --> src/desktop/problems/problems_panel.rs:67:5
   |
67 |     Other(String),
   |     ^^^^^

warning: missing documentation for an enum
   --> src/desktop/terminal.rs:803:1
    |
803 | pub enum LineType {
    | ^^^^^^^^^^^^^^^^^

warning: missing documentation for a variant
   --> src/desktop/terminal.rs:804:5
    |
804 |     Command,
    |     ^^^^^^^

warning: missing documentation for a variant
   --> src/desktop/terminal.rs:805:5
    |
805 |     Output,
    |     ^^^^^^

warning: missing documentation for a variant
   --> src/desktop/terminal.rs:806:5
    |
806 |     Error,
    |     ^^^^^

warning: missing documentation for a variant
   --> src/desktop/terminal.rs:807:5
    |
807 |     Success,
    |     ^^^^^^^

warning: missing documentation for a variant
   --> src/desktop/terminal.rs:808:5
    |
808 |     Prompt,
    |     ^^^^^^

warning: missing documentation for a function
   --> src/desktop/terminal.rs:845:1
    |
845 | pub fn use_terminal_cwd() -> Option<String> {
    | ^^^^^^^^^^^^^^^^^^^^^^^^^^^^^^^^^^^^^^^^^^^

warning: missing documentation for a struct field
  --> src/desktop/terminal_tabs.rs:14:5
   |
14 |     pub id: String,
   |     ^^^^^^^^^^^^^^

warning: missing documentation for a struct field
  --> src/desktop/terminal_tabs.rs:15:5
   |
15 |     pub title: String,
   |     ^^^^^^^^^^^^^^^^^

warning: missing documentation for a struct field
  --> src/desktop/terminal_tabs.rs:16:5
   |
16 |     pub icon: String,
   |     ^^^^^^^^^^^^^^^^

warning: missing documentation for a struct field
  --> src/desktop/terminal_tabs.rs:17:5
   |
17 |     pub is_active: bool,
   |     ^^^^^^^^^^^^^^^^^^^

warning: missing documentation for a struct field
  --> src/desktop/terminal_tabs.rs:18:5
   |
18 |     pub working_directory: String,
   |     ^^^^^^^^^^^^^^^^^^^^^^^^^^^^^

warning: missing documentation for a struct
 --> src/desktop/terminal_cwd_tracker.rs:6:1
  |
6 | pub struct TerminalCwdTracker;
  | ^^^^^^^^^^^^^^^^^^^^^^^^^^^^^

warning: missing documentation for an associated function
 --> src/desktop/terminal_cwd_tracker.rs:9:5
  |
9 |     pub fn new() -> Self {
  |     ^^^^^^^^^^^^^^^^^^^^

warning: missing documentation for a function
  --> src/desktop/terminal_cwd_tracker.rs:14:1
   |
14 | pub fn provide_terminal_cwd_tracker() -> TerminalCwdTracker {
   | ^^^^^^^^^^^^^^^^^^^^^^^^^^^^^^^^^^^^^^^^^^^^^^^^^^^^^^^^^^^

warning: missing documentation for a function
  --> src/desktop/terminal_cwd_tracker.rs:18:1
   |
18 | pub fn use_terminal_cwd_tracker() -> TerminalCwdTracker {
   | ^^^^^^^^^^^^^^^^^^^^^^^^^^^^^^^^^^^^^^^^^^^^^^^^^^^^^^^

warning: missing documentation for a variant
 --> src/desktop/welcome_enhanced.rs:9:5
  |
9 |     Start,
  |     ^^^^^

warning: missing documentation for a variant
  --> src/desktop/welcome_enhanced.rs:10:5
   |
10 |     Recent,
   |     ^^^^^^

warning: missing documentation for a variant
  --> src/desktop/welcome_enhanced.rs:11:5
   |
11 |     Walkthroughs,
   |     ^^^^^^^^^^^^

warning: missing documentation for a variant
  --> src/desktop/welcome_enhanced.rs:12:5
   |
12 |     Help,
   |     ^^^^

warning: missing documentation for a struct field
  --> src/desktop/welcome_enhanced.rs:18:5
   |
18 |     pub active_section: WelcomeSection,
   |     ^^^^^^^^^^^^^^^^^^^^^^^^^^^^^^^^^^

warning: missing documentation for a struct field
  --> src/desktop/welcome_enhanced.rs:19:5
   |
19 |     pub recent_projects: Vec<RecentProject>,
   |     ^^^^^^^^^^^^^^^^^^^^^^^^^^^^^^^^^^^^^^^

warning: missing documentation for a struct field
  --> src/desktop/welcome_enhanced.rs:20:5
   |
20 |     pub walkthroughs_completed: Vec<String>,
   |     ^^^^^^^^^^^^^^^^^^^^^^^^^^^^^^^^^^^^^^^

warning: missing documentation for a struct
  --> src/desktop/welcome_enhanced.rs:24:1
   |
24 | pub struct RecentProject {
   | ^^^^^^^^^^^^^^^^^^^^^^^^

warning: missing documentation for a struct field
  --> src/desktop/welcome_enhanced.rs:25:5
   |
25 |     pub name: String,
   |     ^^^^^^^^^^^^^^^^

warning: missing documentation for a struct field
  --> src/desktop/welcome_enhanced.rs:26:5
   |
26 |     pub path: String,
   |     ^^^^^^^^^^^^^^^^

warning: missing documentation for a struct field
  --> src/desktop/welcome_enhanced.rs:27:5
   |
27 |     pub last_opened: String,
   |     ^^^^^^^^^^^^^^^^^^^^^^^

warning: missing documentation for a variant
   --> src/desktop/resizable_panels.rs:140:5
    |
140 |     Horizontal,
    |     ^^^^^^^^^^

warning: missing documentation for a variant
   --> src/desktop/resizable_panels.rs:141:5
    |
141 |     Vertical,
    |     ^^^^^^^^

warning: missing documentation for a struct
   --> src/desktop/resizable_panels.rs:157:1
    |
157 | pub struct PanelSizes {
    | ^^^^^^^^^^^^^^^^^^^^^

warning: missing documentation for a struct field
   --> src/desktop/resizable_panels.rs:158:5
    |
158 |     pub sidebar_width: f64,
    |     ^^^^^^^^^^^^^^^^^^^^^^

warning: missing documentation for a struct field
   --> src/desktop/resizable_panels.rs:159:5
    |
159 |     pub chat_width: f64,
    |     ^^^^^^^^^^^^^^^^^^^

warning: missing documentation for a struct field
   --> src/desktop/resizable_panels.rs:160:5
    |
160 |     pub terminal_height: f64,
    |     ^^^^^^^^^^^^^^^^^^^^^^^^

warning: missing documentation for a struct
  --> src/desktop/code_editor/buffer.rs:10:1
   |
10 | pub struct TextBuffer {
   | ^^^^^^^^^^^^^^^^^^^^^

warning: missing documentation for an enum
  --> src/desktop/code_editor/buffer.rs:25:1
   |
25 | pub enum TextEdit {
   | ^^^^^^^^^^^^^^^^^

warning: missing documentation for a variant
  --> src/desktop/code_editor/buffer.rs:26:5
   |
26 |     Insert { position: Position, text: String },
   |     ^^^^^^

warning: missing documentation for a struct field
  --> src/desktop/code_editor/buffer.rs:26:14
   |
26 |     Insert { position: Position, text: String },
   |              ^^^^^^^^^^^^^^^^^^

warning: missing documentation for a struct field
  --> src/desktop/code_editor/buffer.rs:26:34
   |
26 |     Insert { position: Position, text: String },
   |                                  ^^^^^^^^^^^^

warning: missing documentation for a variant
  --> src/desktop/code_editor/buffer.rs:27:5
   |
27 |     Delete { range: Range<Position> },
   |     ^^^^^^

warning: missing documentation for a struct field
  --> src/desktop/code_editor/buffer.rs:27:14
   |
27 |     Delete { range: Range<Position> },
   |              ^^^^^^^^^^^^^^^^^^^^^^

warning: missing documentation for a variant
  --> src/desktop/code_editor/buffer.rs:28:5
   |
28 |     Replace { range: Range<Position>, text: String },
   |     ^^^^^^^

warning: missing documentation for a struct field
  --> src/desktop/code_editor/buffer.rs:28:15
   |
28 |     Replace { range: Range<Position>, text: String },
   |               ^^^^^^^^^^^^^^^^^^^^^^

warning: missing documentation for a struct field
  --> src/desktop/code_editor/buffer.rs:28:39
   |
28 |     Replace { range: Range<Position>, text: String },
   |                                       ^^^^^^^^^^^^

warning: missing documentation for a struct
 --> src/desktop/code_editor/cursor.rs:9:1
  |
9 | pub struct Position {
  | ^^^^^^^^^^^^^^^^^^^

warning: missing documentation for a struct field
  --> src/desktop/code_editor/cursor.rs:10:5
   |
10 |     pub line: usize,
   |     ^^^^^^^^^^^^^^^

warning: missing documentation for a struct field
  --> src/desktop/code_editor/cursor.rs:11:5
   |
11 |     pub column: usize,
   |     ^^^^^^^^^^^^^^^^^

warning: missing documentation for an associated function
  --> src/desktop/code_editor/cursor.rs:15:5
   |
15 |     pub fn new(line: usize, column: usize) -> Self {
   |     ^^^^^^^^^^^^^^^^^^^^^^^^^^^^^^^^^^^^^^^^^^^^^^

warning: missing documentation for a method
  --> src/desktop/code_editor/cursor.rs:19:5
   |
19 |     pub fn min(self, other: Self) -> Self {
   |     ^^^^^^^^^^^^^^^^^^^^^^^^^^^^^^^^^^^^^

warning: missing documentation for a method
  --> src/desktop/code_editor/cursor.rs:27:5
   |
27 |     pub fn max(self, other: Self) -> Self {
   |     ^^^^^^^^^^^^^^^^^^^^^^^^^^^^^^^^^^^^^

warning: missing documentation for a struct
  --> src/desktop/code_editor/cursor.rs:37:1
   |
37 | pub struct Selection {
   | ^^^^^^^^^^^^^^^^^^^^

warning: missing documentation for an associated function
  --> src/desktop/code_editor/cursor.rs:46:5
   |
46 |     pub fn new(anchor: Position, active: Position) -> Self {
   |     ^^^^^^^^^^^^^^^^^^^^^^^^^^^^^^^^^^^^^^^^^^^^^^^^^^^^^^

warning: missing documentation for an associated function
  --> src/desktop/code_editor/cursor.rs:50:5
   |
50 |     pub fn single(pos: Position) -> Self {
   |     ^^^^^^^^^^^^^^^^^^^^^^^^^^^^^^^^^^^^

warning: missing documentation for a method
  --> src/desktop/code_editor/cursor.rs:57:5
   |
57 |     pub fn is_empty(&self) -> bool {
   |     ^^^^^^^^^^^^^^^^^^^^^^^^^^^^^^

warning: missing documentation for a method
  --> src/desktop/code_editor/cursor.rs:61:5
   |
61 |     pub fn start(&self) -> Position {
   |     ^^^^^^^^^^^^^^^^^^^^^^^^^^^^^^^

warning: missing documentation for a method
  --> src/desktop/code_editor/cursor.rs:65:5
   |
65 |     pub fn end(&self) -> Position {
   |     ^^^^^^^^^^^^^^^^^^^^^^^^^^^^^

warning: missing documentation for a method
  --> src/desktop/code_editor/cursor.rs:69:5
   |
69 |     pub fn as_char_range(&self, line_to_char: impl Fn(usize, usize) -> usize) -> Range<usize> {
   |     ^^^^^^^^^^^^^^^^^^^^^^^^^^^^^^^^^^^^^^^^^^^^^^^^^^^^^^^^^^^^^^^^^^^^^^^^^^^^^^^^^^^^^^^^^

warning: missing documentation for a struct
  --> src/desktop/code_editor/cursor.rs:77:1
   |
77 | pub struct Cursor {
   | ^^^^^^^^^^^^^^^^^

warning: missing documentation for an associated function
  --> src/desktop/code_editor/cursor.rs:86:5
   |
86 |     pub fn new() -> Self {
   |     ^^^^^^^^^^^^^^^^^^^^

warning: missing documentation for an associated function
  --> src/desktop/code_editor/cursor.rs:93:5
   |
93 |     pub fn single(line: usize, column: usize) -> Self {
   |     ^^^^^^^^^^^^^^^^^^^^^^^^^^^^^^^^^^^^^^^^^^^^^^^^^

warning: missing documentation for a struct
 --> src/desktop/code_editor/highlighting.rs:9:1
  |
9 | pub struct HighlightStyle {
  | ^^^^^^^^^^^^^^^^^^^^^^^^^

warning: missing documentation for a struct field
  --> src/desktop/code_editor/highlighting.rs:10:5
   |
10 |     pub color: String,
   |     ^^^^^^^^^^^^^^^^^

warning: missing documentation for a struct field
  --> src/desktop/code_editor/highlighting.rs:11:5
   |
11 |     pub bold: bool,
   |     ^^^^^^^^^^^^^^

warning: missing documentation for a struct field
  --> src/desktop/code_editor/highlighting.rs:12:5
   |
12 |     pub italic: bool,
   |     ^^^^^^^^^^^^^^^^

warning: missing documentation for a struct field
  --> src/desktop/code_editor/highlighting.rs:13:5
   |
13 |     pub underline: bool,
   |     ^^^^^^^^^^^^^^^^^^^

warning: missing documentation for a struct
  --> src/desktop/code_editor/highlighting.rs:17:1
   |
17 | pub struct Theme {
   | ^^^^^^^^^^^^^^^^

warning: missing documentation for a struct field
  --> src/desktop/code_editor/highlighting.rs:18:5
   |
18 |     pub name: String,
   |     ^^^^^^^^^^^^^^^^

warning: missing documentation for a struct field
  --> src/desktop/code_editor/highlighting.rs:19:5
   |
19 |     pub background: String,
   |     ^^^^^^^^^^^^^^^^^^^^^^

warning: missing documentation for a struct field
  --> src/desktop/code_editor/highlighting.rs:20:5
   |
20 |     pub foreground: String,
   |     ^^^^^^^^^^^^^^^^^^^^^^

warning: missing documentation for a struct field
  --> src/desktop/code_editor/highlighting.rs:21:5
   |
21 |     pub selection: String,
   |     ^^^^^^^^^^^^^^^^^^^^^

warning: missing documentation for a struct field
  --> src/desktop/code_editor/highlighting.rs:22:5
   |
22 |     pub cursor: String,
   |     ^^^^^^^^^^^^^^^^^^

warning: missing documentation for a struct field
  --> src/desktop/code_editor/highlighting.rs:23:5
   |
23 |     pub line_number: String,
   |     ^^^^^^^^^^^^^^^^^^^^^^^

warning: missing documentation for a struct field
  --> src/desktop/code_editor/highlighting.rs:24:5
   |
24 |     pub current_line: String,
   |     ^^^^^^^^^^^^^^^^^^^^^^^^

warning: missing documentation for a struct field
  --> src/desktop/code_editor/highlighting.rs:25:5
   |
25 |     pub styles: HashMap<String, HighlightStyle>,
   |     ^^^^^^^^^^^^^^^^^^^^^^^^^^^^^^^^^^^^^^^^^^^

warning: missing documentation for an associated function
  --> src/desktop/code_editor/highlighting.rs:29:5
   |
29 |     pub fn hivetechs_dark() -> Self {
   |     ^^^^^^^^^^^^^^^^^^^^^^^^^^^^^^^

warning: missing documentation for a struct
   --> src/desktop/code_editor/highlighting.rs:103:1
    |
103 | pub struct HighlightedSpan {
    | ^^^^^^^^^^^^^^^^^^^^^^^^^^

warning: missing documentation for a struct field
   --> src/desktop/code_editor/highlighting.rs:104:5
    |
104 |     pub start: usize,
    |     ^^^^^^^^^^^^^^^^

warning: missing documentation for a struct field
   --> src/desktop/code_editor/highlighting.rs:105:5
    |
105 |     pub end: usize,
    |     ^^^^^^^^^^^^^^

warning: missing documentation for a struct field
   --> src/desktop/code_editor/highlighting.rs:106:5
    |
106 |     pub style: Option<HighlightStyle>,
    |     ^^^^^^^^^^^^^^^^^^^^^^^^^^^^^^^^^

warning: missing documentation for a struct
   --> src/desktop/code_editor/highlighting.rs:109:1
    |
109 | pub struct SyntaxHighlighter {
    | ^^^^^^^^^^^^^^^^^^^^^^^^^^^^

warning: missing documentation for an associated function
   --> src/desktop/code_editor/highlighting.rs:116:5
    |
116 |     pub fn new() -> Self {
    |     ^^^^^^^^^^^^^^^^^^^^

warning: missing documentation for a method
   --> src/desktop/code_editor/highlighting.rs:228:5
    |
228 |     pub fn get_theme(&self) -> &Theme {
    |     ^^^^^^^^^^^^^^^^^^^^^^^^^^^^^^^^^

warning: missing documentation for a method
   --> src/desktop/code_editor/highlighting.rs:232:5
    |
232 |     pub fn set_theme(&mut self, theme: Theme) {
    |     ^^^^^^^^^^^^^^^^^^^^^^^^^^^^^^^^^^^^^^^^^

warning: missing documentation for a struct
  --> src/desktop/code_editor/language.rs:16:1
   |
16 | pub struct LanguageService {
   | ^^^^^^^^^^^^^^^^^^^^^^^^^^

warning: missing documentation for an associated function
  --> src/desktop/code_editor/language.rs:23:5
   |
23 |     pub fn new(language_id: &str) -> Self {
   |     ^^^^^^^^^^^^^^^^^^^^^^^^^^^^^^^^^^^^^

warning: missing documentation for a struct field
   --> src/desktop/code_editor/language.rs:271:5
    |
271 |     pub base_completion: CompletionItem,
    |     ^^^^^^^^^^^^^^^^^^^^^^^^^^^^^^^^^^^

warning: missing documentation for a struct field
   --> src/desktop/code_editor/language.rs:272:5
    |
272 |     pub ai_confidence: f32,
    |     ^^^^^^^^^^^^^^^^^^^^^^

warning: missing documentation for a struct field
   --> src/desktop/code_editor/language.rs:273:5
    |
273 |     pub ai_explanation: Option<String>,
    |     ^^^^^^^^^^^^^^^^^^^^^^^^^^^^^^^^^^

warning: missing documentation for a struct field
   --> src/desktop/code_editor/language.rs:274:5
    |
274 |     pub is_from_consensus: bool,
    |     ^^^^^^^^^^^^^^^^^^^^^^^^^^^

warning: missing documentation for a constant
   --> src/desktop/code_editor/renderer.rs:273:1
    |
273 | pub const EDITOR_STYLES: &str = r#"
    | ^^^^^^^^^^^^^^^^^^^^^^^^^^^^^

warning: missing documentation for a struct
  --> src/desktop/code_editor/git_integration.rs:10:1
   |
10 | pub struct GitChange {
   | ^^^^^^^^^^^^^^^^^^^^

warning: missing documentation for a struct field
  --> src/desktop/code_editor/git_integration.rs:11:5
   |
11 |     pub line_start: usize,
   |     ^^^^^^^^^^^^^^^^^^^^^

warning: missing documentation for a struct field
  --> src/desktop/code_editor/git_integration.rs:12:5
   |
12 |     pub line_end: usize,
   |     ^^^^^^^^^^^^^^^^^^^

warning: missing documentation for a struct field
  --> src/desktop/code_editor/git_integration.rs:13:5
   |
13 |     pub change_type: ChangeType,
   |     ^^^^^^^^^^^^^^^^^^^^^^^^^^^

warning: missing documentation for an enum
  --> src/desktop/code_editor/git_integration.rs:17:1
   |
17 | pub enum ChangeType {
   | ^^^^^^^^^^^^^^^^^^^

warning: missing documentation for a variant
  --> src/desktop/code_editor/git_integration.rs:18:5
   |
18 |     Addition,
   |     ^^^^^^^^

warning: missing documentation for a variant
  --> src/desktop/code_editor/git_integration.rs:19:5
   |
19 |     Deletion,
   |     ^^^^^^^^

warning: missing documentation for a variant
  --> src/desktop/code_editor/git_integration.rs:20:5
   |
20 |     Modification,
   |     ^^^^^^^^^^^^

warning: missing documentation for a struct
  --> src/desktop/code_editor/git_integration.rs:23:1
   |
23 | pub struct GitIntegration {
   | ^^^^^^^^^^^^^^^^^^^^^^^^^

warning: missing documentation for an associated function
  --> src/desktop/code_editor/git_integration.rs:28:5
   |
28 |     pub fn new(workspace_path: &Path) -> Self {
   |     ^^^^^^^^^^^^^^^^^^^^^^^^^^^^^^^^^^^^^^^^^

warning: missing documentation for a struct
   --> src/desktop/code_editor/git_integration.rs:205:1
    |
205 | pub struct InlineDecoration {
    | ^^^^^^^^^^^^^^^^^^^^^^^^^^^

warning: missing documentation for a struct field
   --> src/desktop/code_editor/git_integration.rs:206:5
    |
206 |     pub line: usize,
    |     ^^^^^^^^^^^^^^^

warning: missing documentation for a struct field
   --> src/desktop/code_editor/git_integration.rs:207:5
    |
207 |     pub start_col: usize,
    |     ^^^^^^^^^^^^^^^^^^^^

warning: missing documentation for a struct field
   --> src/desktop/code_editor/git_integration.rs:208:5
    |
208 |     pub end_col: usize,
    |     ^^^^^^^^^^^^^^^^^^

warning: missing documentation for a struct field
   --> src/desktop/code_editor/git_integration.rs:209:5
    |
209 |     pub decoration_type: InlineDecorationType,
    |     ^^^^^^^^^^^^^^^^^^^^^^^^^^^^^^^^^^^^^^^^^

warning: missing documentation for an enum
   --> src/desktop/code_editor/git_integration.rs:213:1
    |
213 | pub enum InlineDecorationType {
    | ^^^^^^^^^^^^^^^^^^^^^^^^^^^^^

warning: missing documentation for a variant
   --> src/desktop/code_editor/git_integration.rs:214:5
    |
214 |     Addition,
    |     ^^^^^^^^

warning: missing documentation for a variant
   --> src/desktop/code_editor/git_integration.rs:215:5
    |
215 |     Deletion,
    |     ^^^^^^^^

warning: missing documentation for a variant
   --> src/desktop/code_editor/git_integration.rs:216:5
    |
216 |     Modification,
    |     ^^^^^^^^^^^^

warning: missing documentation for a method
   --> src/desktop/code_editor/git_integration.rs:220:5
    |
220 |     pub fn css_class(&self) -> &'static str {
    |     ^^^^^^^^^^^^^^^^^^^^^^^^^^^^^^^^^^^^^^^

warning: missing documentation for a method
   --> src/desktop/code_editor/git_integration.rs:228:5
    |
228 |     pub fn background_color(&self) -> &'static str {
    |     ^^^^^^^^^^^^^^^^^^^^^^^^^^^^^^^^^^^^^^^^^^^^^^

warning: missing documentation for a struct
  --> src/desktop/code_editor/completion.rs:10:1
   |
10 | pub struct CompletionState {
   | ^^^^^^^^^^^^^^^^^^^^^^^^^^

warning: missing documentation for a struct field
  --> src/desktop/code_editor/completion.rs:11:5
   |
11 |     pub visible: bool,
   |     ^^^^^^^^^^^^^^^^^

warning: missing documentation for a struct field
  --> src/desktop/code_editor/completion.rs:12:5
   |
12 |     pub items: Vec<CompletionItem>,
   |     ^^^^^^^^^^^^^^^^^^^^^^^^^^^^^^

warning: missing documentation for a struct field
  --> src/desktop/code_editor/completion.rs:13:5
   |
13 |     pub selected_index: usize,
   |     ^^^^^^^^^^^^^^^^^^^^^^^^^

warning: missing documentation for a struct field
  --> src/desktop/code_editor/completion.rs:14:5
   |
14 |     pub filter: String,
   |     ^^^^^^^^^^^^^^^^^^

warning: missing documentation for a struct field
  --> src/desktop/code_editor/completion.rs:15:5
   |
15 |     pub position: CompletionPosition,
   |     ^^^^^^^^^^^^^^^^^^^^^^^^^^^^^^^^

warning: missing documentation for a struct
  --> src/desktop/code_editor/completion.rs:19:1
   |
19 | pub struct CompletionPosition {
   | ^^^^^^^^^^^^^^^^^^^^^^^^^^^^^

warning: missing documentation for a struct field
  --> src/desktop/code_editor/completion.rs:20:5
   |
20 |     pub line: usize,
   |     ^^^^^^^^^^^^^^^

warning: missing documentation for a struct field
  --> src/desktop/code_editor/completion.rs:21:5
   |
21 |     pub column: usize,
   |     ^^^^^^^^^^^^^^^^^

warning: missing documentation for a struct field
  --> src/desktop/code_editor/completion.rs:22:5
   |
22 |     pub x: f32,
   |     ^^^^^^^^^^

warning: missing documentation for a struct field
  --> src/desktop/code_editor/completion.rs:23:5
   |
23 |     pub y: f32,
   |     ^^^^^^^^^^

warning: comparison is useless due to type limits
  --> src/desktop/response_coordinator.rs:17:25
   |
17 |     let has_app_state = app_state.read().chat.messages.len() >= 0; // Simple check to ensure it's valid
   |                         ^^^^^^^^^^^^^^^^^^^^^^^^^^^^^^^^^^^^^^^^^
   |
   = note: `#[warn(unused_comparisons)]` on by default

warning: missing documentation for a struct field
  --> src/desktop/terminal_registry.rs:14:5
   |
14 |     pub id: String,
   |     ^^^^^^^^^^^^^^

warning: missing documentation for a struct field
  --> src/desktop/terminal_registry.rs:15:5
   |
15 |     pub writer: Option<Arc<Mutex<Box<dyn Write + Send>>>>,
   |     ^^^^^^^^^^^^^^^^^^^^^^^^^^^^^^^^^^^^^^^^^^^^^^^^^^^^^

warning: missing documentation for an associated function
  --> src/desktop/terminal_buffer.rs:22:5
   |
22 |     pub fn new() -> Self {
   |     ^^^^^^^^^^^^^^^^^^^^

warning: missing documentation for a struct field
  --> src/desktop/git/mod.rs:51:5
   |
51 |     pub repositories: Signal<Vec<RepositoryInfo>>,
   |     ^^^^^^^^^^^^^^^^^^^^^^^^^^^^^^^^^^^^^^^^^^^^^

warning: missing documentation for a struct field
  --> src/desktop/git/mod.rs:52:5
   |
52 |     pub active_repo: Signal<Option<RepositoryInfo>>,
   |     ^^^^^^^^^^^^^^^^^^^^^^^^^^^^^^^^^^^^^^^^^^^^^^^

warning: missing documentation for a struct field
  --> src/desktop/git/mod.rs:53:5
   |
53 |     pub branch_info: Signal<Option<BranchInfo>>,
   |     ^^^^^^^^^^^^^^^^^^^^^^^^^^^^^^^^^^^^^^^^^^^

warning: missing documentation for a struct field
  --> src/desktop/git/mod.rs:54:5
   |
54 |     pub file_statuses: Signal<HashMap<PathBuf, FileStatus>>,
   |     ^^^^^^^^^^^^^^^^^^^^^^^^^^^^^^^^^^^^^^^^^^^^^^^^^^^^^^^

warning: missing documentation for a struct field
  --> src/desktop/git/mod.rs:55:5
   |
55 |     pub sync_status: Signal<SyncStatus>,
   |     ^^^^^^^^^^^^^^^^^^^^^^^^^^^^^^^^^^^

warning: missing documentation for a struct field
  --> src/desktop/git/repository.rs:16:5
   |
16 |     pub path: PathBuf,
   |     ^^^^^^^^^^^^^^^^^

warning: missing documentation for a struct field
  --> src/desktop/git/repository.rs:17:5
   |
17 |     pub name: String,
   |     ^^^^^^^^^^^^^^^^

warning: missing documentation for a struct field
  --> src/desktop/git/repository.rs:18:5
   |
18 |     pub is_bare: bool,
   |     ^^^^^^^^^^^^^^^^^

warning: missing documentation for a struct field
  --> src/desktop/git/repository.rs:19:5
   |
19 |     pub has_changes: bool,
   |     ^^^^^^^^^^^^^^^^^^^^^

warning: missing documentation for a struct field
  --> src/desktop/git/branch.rs:12:5
   |
12 |     pub name: String,
   |     ^^^^^^^^^^^^^^^^

warning: missing documentation for a struct field
  --> src/desktop/git/branch.rs:13:5
   |
13 |     pub branch_type: BranchType,
   |     ^^^^^^^^^^^^^^^^^^^^^^^^^^^

warning: missing documentation for a struct field
  --> src/desktop/git/branch.rs:14:5
   |
14 |     pub is_current: bool,
   |     ^^^^^^^^^^^^^^^^^^^^

warning: missing documentation for a struct field
  --> src/desktop/git/branch.rs:15:5
   |
15 |     pub upstream: Option<String>,
   |     ^^^^^^^^^^^^^^^^^^^^^^^^^^^^

warning: missing documentation for a struct field
  --> src/desktop/git/branch.rs:16:5
   |
16 |     pub ahead: usize,
   |     ^^^^^^^^^^^^^^^^

warning: missing documentation for a struct field
  --> src/desktop/git/branch.rs:17:5
   |
17 |     pub behind: usize,
   |     ^^^^^^^^^^^^^^^^^

warning: missing documentation for a struct field
  --> src/desktop/git/branch.rs:18:5
   |
18 |     pub last_commit: Option<CommitInfo>,
   |     ^^^^^^^^^^^^^^^^^^^^^^^^^^^^^^^^^^^

warning: missing documentation for a variant
  --> src/desktop/git/branch.rs:24:5
   |
24 |     Local,
   |     ^^^^^

warning: missing documentation for a variant
  --> src/desktop/git/branch.rs:25:5
   |
25 |     Remote,
   |     ^^^^^^

warning: missing documentation for a variant
  --> src/desktop/git/branch.rs:26:5
   |
26 |     Tag,
   |     ^^^

warning: missing documentation for a struct field
  --> src/desktop/git/branch.rs:41:5
   |
41 |     pub hash: String,
   |     ^^^^^^^^^^^^^^^^

warning: missing documentation for a struct field
  --> src/desktop/git/branch.rs:42:5
   |
42 |     pub hash_short: String,
   |     ^^^^^^^^^^^^^^^^^^^^^^

warning: missing documentation for a struct field
  --> src/desktop/git/branch.rs:43:5
   |
43 |     pub message: String,
   |     ^^^^^^^^^^^^^^^^^^^

warning: missing documentation for a struct field
  --> src/desktop/git/branch.rs:44:5
   |
44 |     pub author: String,
   |     ^^^^^^^^^^^^^^^^^^

warning: missing documentation for a struct field
  --> src/desktop/git/branch.rs:45:5
   |
45 |     pub date: DateTime<Utc>,
   |     ^^^^^^^^^^^^^^^^^^^^^^^

warning: missing documentation for a struct field
  --> src/desktop/git/branch.rs:65:5
   |
65 |     pub search_term: String,
   |     ^^^^^^^^^^^^^^^^^^^^^^^

warning: missing documentation for a struct field
  --> src/desktop/git/branch.rs:66:5
   |
66 |     pub show_local: bool,
   |     ^^^^^^^^^^^^^^^^^^^^

warning: missing documentation for a struct field
  --> src/desktop/git/branch.rs:67:5
   |
67 |     pub show_remote: bool,
   |     ^^^^^^^^^^^^^^^^^^^^^

warning: missing documentation for a struct field
  --> src/desktop/git/branch.rs:68:5
   |
68 |     pub show_tags: bool,
   |     ^^^^^^^^^^^^^^^^^^^

warning: missing documentation for a struct field
  --> src/desktop/git/branch.rs:69:5
   |
69 |     pub sort_by: BranchSort,
   |     ^^^^^^^^^^^^^^^^^^^^^^^

warning: missing documentation for a variant
  --> src/desktop/git/branch.rs:87:5
   |
87 |     Name,
   |     ^^^^

warning: missing documentation for a variant
  --> src/desktop/git/branch.rs:88:5
   |
88 |     LastCommit,
   |     ^^^^^^^^^^

warning: missing documentation for a variant
  --> src/desktop/git/branch.rs:89:5
   |
89 |     Ahead,
   |     ^^^^^

warning: missing documentation for a variant
  --> src/desktop/git/branch.rs:90:5
   |
90 |     Behind,
   |     ^^^^^^

warning: missing documentation for a struct field
  --> src/desktop/git/status.rs:11:5
   |
11 |     pub path: PathBuf,
   |     ^^^^^^^^^^^^^^^^^

warning: missing documentation for a struct field
  --> src/desktop/git/status.rs:12:5
   |
12 |     pub status_type: StatusType,
   |     ^^^^^^^^^^^^^^^^^^^^^^^^^^^

warning: missing documentation for a struct field
  --> src/desktop/git/status.rs:13:5
   |
13 |     pub is_staged: bool,
   |     ^^^^^^^^^^^^^^^^^^^

warning: missing documentation for a variant
  --> src/desktop/git/status.rs:19:5
   |
19 |     Modified,
   |     ^^^^^^^^

warning: missing documentation for a variant
  --> src/desktop/git/status.rs:20:5
   |
20 |     Added,
   |     ^^^^^

warning: missing documentation for a variant
  --> src/desktop/git/status.rs:21:5
   |
21 |     Deleted,
   |     ^^^^^^^

warning: missing documentation for a variant
  --> src/desktop/git/status.rs:22:5
   |
22 |     Renamed,
   |     ^^^^^^^

warning: missing documentation for a variant
  --> src/desktop/git/status.rs:23:5
   |
23 |     Copied,
   |     ^^^^^^

warning: missing documentation for a variant
  --> src/desktop/git/status.rs:24:5
   |
24 |     Untracked,
   |     ^^^^^^^^^

warning: missing documentation for a variant
  --> src/desktop/git/status.rs:25:5
   |
25 |     Ignored,
   |     ^^^^^^^

warning: missing documentation for a variant
  --> src/desktop/git/status.rs:26:5
   |
26 |     Conflicted,
   |     ^^^^^^^^^^

warning: missing documentation for a struct field
  --> src/desktop/git/status.rs:82:5
   |
82 |     pub ahead: usize,
   |     ^^^^^^^^^^^^^^^^

warning: missing documentation for a struct field
  --> src/desktop/git/status.rs:83:5
   |
83 |     pub behind: usize,
   |     ^^^^^^^^^^^^^^^^^

warning: missing documentation for a struct field
  --> src/desktop/git/status.rs:84:5
   |
84 |     pub has_upstream: bool,
   |     ^^^^^^^^^^^^^^^^^^^^^^

warning: missing documentation for a struct field
  --> src/desktop/git/status.rs:85:5
   |
85 |     pub is_syncing: bool,
   |     ^^^^^^^^^^^^^^^^^^^^

warning: missing documentation for a variant
  --> src/desktop/git/watcher.rs:21:5
   |
21 |     BranchChanged,
   |     ^^^^^^^^^^^^^

warning: missing documentation for a variant
  --> src/desktop/git/watcher.rs:22:5
   |
22 |     StatusChanged,
   |     ^^^^^^^^^^^^^

warning: missing documentation for a variant
  --> src/desktop/git/watcher.rs:23:5
   |
23 |     RemoteChanged,
   |     ^^^^^^^^^^^^^

warning: missing documentation for a variant
  --> src/desktop/git/watcher.rs:24:5
   |
24 |     ConfigChanged,
   |     ^^^^^^^^^^^^^

warning: missing documentation for a struct field
  --> src/desktop/git/diff.rs:11:5
   |
11 |     pub original_lines: Vec<String>,
   |     ^^^^^^^^^^^^^^^^^^^^^^^^^^^^^^^

warning: missing documentation for a struct field
  --> src/desktop/git/diff.rs:12:5
   |
12 |     pub modified_lines: Vec<String>,
   |     ^^^^^^^^^^^^^^^^^^^^^^^^^^^^^^^

warning: missing documentation for a struct field
  --> src/desktop/git/diff.rs:13:5
   |
13 |     pub hunks: Vec<DiffHunk>,
   |     ^^^^^^^^^^^^^^^^^^^^^^^^

warning: missing documentation for a struct field
  --> src/desktop/git/diff.rs:19:5
   |
19 |     pub original_start: usize,
   |     ^^^^^^^^^^^^^^^^^^^^^^^^^

warning: missing documentation for a struct field
  --> src/desktop/git/diff.rs:20:5
   |
20 |     pub original_count: usize,
   |     ^^^^^^^^^^^^^^^^^^^^^^^^^

warning: missing documentation for a struct field
  --> src/desktop/git/diff.rs:21:5
   |
21 |     pub modified_start: usize,
   |     ^^^^^^^^^^^^^^^^^^^^^^^^^

warning: missing documentation for a struct field
  --> src/desktop/git/diff.rs:22:5
   |
22 |     pub modified_count: usize,
   |     ^^^^^^^^^^^^^^^^^^^^^^^^^

warning: missing documentation for a struct field
  --> src/desktop/git/diff.rs:23:5
   |
23 |     pub lines: Vec<DiffLine>,
   |     ^^^^^^^^^^^^^^^^^^^^^^^^

warning: missing documentation for a variant
  --> src/desktop/git/diff.rs:29:5
   |
29 |     Added,
   |     ^^^^^

warning: missing documentation for a variant
  --> src/desktop/git/diff.rs:30:5
   |
30 |     Deleted,
   |     ^^^^^^^

warning: missing documentation for a variant
  --> src/desktop/git/diff.rs:31:5
   |
31 |     Modified,
   |     ^^^^^^^^

warning: missing documentation for a variant
  --> src/desktop/git/diff.rs:32:5
   |
32 |     Unchanged,
   |     ^^^^^^^^^

warning: missing documentation for a struct field
  --> src/desktop/git/diff.rs:38:5
   |
38 |     pub line_type: DiffLineType,
   |     ^^^^^^^^^^^^^^^^^^^^^^^^^^^

warning: missing documentation for a struct field
  --> src/desktop/git/diff.rs:39:5
   |
39 |     pub original_line_number: Option<usize>,
   |     ^^^^^^^^^^^^^^^^^^^^^^^^^^^^^^^^^^^^^^^

warning: missing documentation for a struct field
  --> src/desktop/git/diff.rs:40:5
   |
40 |     pub modified_line_number: Option<usize>,
   |     ^^^^^^^^^^^^^^^^^^^^^^^^^^^^^^^^^^^^^^^

warning: missing documentation for a struct field
  --> src/desktop/git/diff.rs:41:5
   |
41 |     pub content: String,
   |     ^^^^^^^^^^^^^^^^^^^

warning: missing documentation for a variant
  --> src/desktop/git/diff.rs:47:5
   |
47 |     SideBySide,
   |     ^^^^^^^^^^

warning: missing documentation for a variant
  --> src/desktop/git/diff.rs:48:5
   |
48 |     Inline,
   |     ^^^^^^

warning: missing documentation for a variant
   --> src/desktop/git/operations.rs:520:5
    |
520 |     Stage(PathBuf),
    |     ^^^^^

warning: missing documentation for a variant
   --> src/desktop/git/operations.rs:521:5
    |
521 |     Unstage(PathBuf),
    |     ^^^^^^^

warning: missing documentation for a variant
   --> src/desktop/git/operations.rs:522:5
    |
522 |     StageAll,
    |     ^^^^^^^^

warning: missing documentation for a variant
   --> src/desktop/git/operations.rs:523:5
    |
523 |     UnstageAll,
    |     ^^^^^^^^^^

warning: missing documentation for a variant
   --> src/desktop/git/operations.rs:524:5
    |
524 |     Commit(String),
    |     ^^^^^^

warning: missing documentation for a variant
   --> src/desktop/git/operations.rs:525:5
    |
525 |     Push,
    |     ^^^^

warning: missing documentation for a variant
   --> src/desktop/git/operations.rs:526:5
    |
526 |     Pull,
    |     ^^^^

warning: missing documentation for a variant
   --> src/desktop/git/operations.rs:527:5
    |
527 |     Fetch,
    |     ^^^^^

warning: missing documentation for a variant
   --> src/desktop/git/operations.rs:528:5
    |
528 |     Sync, // Pull then Push (VS Code style)
    |     ^^^^

warning: missing documentation for a variant
   --> src/desktop/git/operations.rs:529:5
    |
529 |     DiscardChanges(PathBuf),
    |     ^^^^^^^^^^^^^^

warning: missing documentation for a struct field
   --> src/desktop/git/operations.rs:538:5
    |
538 |     pub operation: String,
    |     ^^^^^^^^^^^^^^^^^^^^^

warning: missing documentation for a struct field
   --> src/desktop/git/operations.rs:539:5
    |
539 |     pub current: usize,
    |     ^^^^^^^^^^^^^^^^^^

warning: missing documentation for a struct field
   --> src/desktop/git/operations.rs:540:5
    |
540 |     pub total: usize,
    |     ^^^^^^^^^^^^^^^^

warning: missing documentation for a struct field
   --> src/desktop/git/operations.rs:541:5
    |
541 |     pub message: String,
    |     ^^^^^^^^^^^^^^^^^^^

warning: missing documentation for a struct field
   --> src/desktop/git/operations.rs:542:5
    |
542 |     pub bytes_transferred: Option<usize>,
    |     ^^^^^^^^^^^^^^^^^^^^^^^^^^^^^^^^^^^^

warning: missing documentation for an associated function
   --> src/desktop/git/operations.rs:552:5
    |
552 |     pub fn new() -> Self {
    |     ^^^^^^^^^^^^^^^^^^^^

warning: missing documentation for a method
   --> src/desktop/git/operations.rs:558:5
    |
558 |     pub fn cancel(&self) {
    |     ^^^^^^^^^^^^^^^^^^^^

warning: missing documentation for a method
   --> src/desktop/git/operations.rs:562:5
    |
562 |     pub fn is_cancelled(&self) -> bool {
    |     ^^^^^^^^^^^^^^^^^^^^^^^^^^^^^^^^^^

warning: missing documentation for a struct field
   --> src/desktop/git/operations.rs:570:5
    |
570 |     pub operation: GitOperation,
    |     ^^^^^^^^^^^^^^^^^^^^^^^^^^^

warning: missing documentation for a struct field
   --> src/desktop/git/operations.rs:571:5
    |
571 |     pub success: bool,
    |     ^^^^^^^^^^^^^^^^^

warning: missing documentation for a struct field
   --> src/desktop/git/operations.rs:572:5
    |
572 |     pub message: String,
    |     ^^^^^^^^^^^^^^^^^^^

warning: missing documentation for a variant
  --> src/desktop/git/toolbar.rs:14:5
   |
14 |     Idle,
   |     ^^^^

warning: missing documentation for a variant
  --> src/desktop/git/toolbar.rs:15:5
   |
15 |     Running(GitOperation, String),
   |     ^^^^^^^

warning: missing documentation for a variant
  --> src/desktop/git/toolbar.rs:16:5
   |
16 |     Success(String),
   |     ^^^^^^^

warning: missing documentation for a variant
  --> src/desktop/git/toolbar.rs:17:5
   |
17 |     Error(String),
   |     ^^^^^

warning: missing documentation for a struct field
  --> src/desktop/git/toolbar.rs:33:5
   |
33 |     pub is_pulling: Signal<bool>,
   |     ^^^^^^^^^^^^^^^^^^^^^^^^^^^^

warning: missing documentation for a struct field
  --> src/desktop/git/toolbar.rs:34:5
   |
34 |     pub is_syncing: Signal<bool>,
   |     ^^^^^^^^^^^^^^^^^^^^^^^^^^^^

warning: missing documentation for a struct field
  --> src/desktop/git/toolbar.rs:35:5
   |
35 |     pub operation_status: Signal<Option<String>>,
   |     ^^^^^^^^^^^^^^^^^^^^^^^^^^^^^^^^^^^^^^^^^^^^

warning: missing documentation for a struct field
  --> src/desktop/git/repository_selector.rs:16:5
   |
16 |     pub path: PathBuf,
   |     ^^^^^^^^^^^^^^^^^

warning: missing documentation for a struct field
  --> src/desktop/git/repository_selector.rs:17:5
   |
17 |     pub name: String,
   |     ^^^^^^^^^^^^^^^^

warning: missing documentation for a struct field
  --> src/desktop/git/repository_selector.rs:18:5
   |
18 |     pub current_branch: Option<String>,
   |     ^^^^^^^^^^^^^^^^^^^^^^^^^^^^^^^^^^

warning: missing documentation for a struct field
  --> src/desktop/git/repository_selector.rs:19:5
   |
19 |     pub status: RepositoryStatus,
   |     ^^^^^^^^^^^^^^^^^^^^^^^^^^^^

warning: missing documentation for a struct field
  --> src/desktop/git/repository_selector.rs:20:5
   |
20 |     pub upstream_status: Option<UpstreamStatus>,
   |     ^^^^^^^^^^^^^^^^^^^^^^^^^^^^^^^^^^^^^^^^^^^

warning: missing documentation for a variant
  --> src/desktop/git/repository_selector.rs:26:5
   |
26 |     Clean,
   |     ^^^^^

warning: missing documentation for a variant
  --> src/desktop/git/repository_selector.rs:27:5
   |
27 |     HasChanges,
   |     ^^^^^^^^^^

warning: missing documentation for a variant
  --> src/desktop/git/repository_selector.rs:28:5
   |
28 |     HasConflicts,
   |     ^^^^^^^^^^^^

warning: missing documentation for a variant
  --> src/desktop/git/repository_selector.rs:29:5
   |
29 |     NotRepository,
   |     ^^^^^^^^^^^^^

warning: missing documentation for a variant
  --> src/desktop/git/repository_selector.rs:30:5
   |
30 |     Error(String),
   |     ^^^^^

warning: missing documentation for a struct field
  --> src/desktop/git/repository_selector.rs:36:5
   |
36 |     pub ahead: usize,
   |     ^^^^^^^^^^^^^^^^

warning: missing documentation for a struct field
  --> src/desktop/git/repository_selector.rs:37:5
   |
37 |     pub behind: usize,
   |     ^^^^^^^^^^^^^^^^^

warning: missing documentation for a struct field
  --> src/desktop/git/repository_selector.rs:38:5
   |
38 |     pub has_upstream: bool,
   |     ^^^^^^^^^^^^^^^^^^^^^^

warning: missing documentation for a struct field
   --> src/desktop/git/repository_selector.rs:132:5
    |
132 |     pub repositories: Vec<RepositoryInfo>,
    |     ^^^^^^^^^^^^^^^^^^^^^^^^^^^^^^^^^^^^^

warning: missing documentation for a struct field
   --> src/desktop/git/repository_selector.rs:133:5
    |
133 |     pub current_repo_index: Option<usize>,
    |     ^^^^^^^^^^^^^^^^^^^^^^^^^^^^^^^^^^^^^

warning: missing documentation for a struct field
   --> src/desktop/git/repository_selector.rs:134:5
    |
134 |     pub is_expanded: bool,
    |     ^^^^^^^^^^^^^^^^^^^^^

warning: unused `std::result::Result` that must be used
  --> src/desktop/git/multi_repo_manager.rs:88:13
   |
88 |             git_state.refresh_status(&repo_path).await;
   |             ^^^^^^^^^^^^^^^^^^^^^^^^^^^^^^^^^^^^^^^^^^
   |
   = note: this `Result` may be an `Err` variant, which should be handled
   = note: `#[warn(unused_must_use)]` on by default
help: use `let _ = ...` to ignore the resulting value
   |
88 |             let _ = git_state.refresh_status(&repo_path).await;
   |             +++++++

warning: unused `std::result::Result` that must be used
   --> src/desktop/git/multi_repo_manager.rs:121:9
    |
121 |         git_state.refresh_status(&repo_path).await;
    |         ^^^^^^^^^^^^^^^^^^^^^^^^^^^^^^^^^^^^^^^^^^
    |
    = note: this `Result` may be an `Err` variant, which should be handled
help: use `let _ = ...` to ignore the resulting value
    |
121 |         let _ = git_state.refresh_status(&repo_path).await;
    |         +++++++

warning: unused `std::result::Result` that must be used
   --> src/desktop/git/multi_repo_manager.rs:165:17
    |
165 |                 git_state.refresh_status(&repo_path).await;
    |                 ^^^^^^^^^^^^^^^^^^^^^^^^^^^^^^^^^^^^^^^^^^
    |
    = note: this `Result` may be an `Err` variant, which should be handled
help: use `let _ = ...` to ignore the resulting value
    |
165 |                 let _ = git_state.refresh_status(&repo_path).await;
    |                 +++++++

warning: unused `std::result::Result` that must be used
   --> src/desktop/git/multi_repo_manager.rs:235:13
    |
235 |             git_state.refresh_status(repo_path).await;
    |             ^^^^^^^^^^^^^^^^^^^^^^^^^^^^^^^^^^^^^^^^^
    |
    = note: this `Result` may be an `Err` variant, which should be handled
help: use `let _ = ...` to ignore the resulting value
    |
235 |             let _ = git_state.refresh_status(repo_path).await;
    |             +++++++

warning: missing documentation for a struct field
   --> src/desktop/git/multi_repo_manager.rs:265:5
    |
265 |     pub total_repos: usize,
    |     ^^^^^^^^^^^^^^^^^^^^^^

warning: missing documentation for a struct field
   --> src/desktop/git/multi_repo_manager.rs:266:5
    |
266 |     pub clean_repos: usize,
    |     ^^^^^^^^^^^^^^^^^^^^^^

warning: missing documentation for a struct field
   --> src/desktop/git/multi_repo_manager.rs:267:5
    |
267 |     pub repos_with_changes: usize,
    |     ^^^^^^^^^^^^^^^^^^^^^^^^^^^^^

warning: missing documentation for a struct field
   --> src/desktop/git/multi_repo_manager.rs:268:5
    |
268 |     pub repos_with_conflicts: usize,
    |     ^^^^^^^^^^^^^^^^^^^^^^^^^^^^^^^

warning: missing documentation for a struct field
   --> src/desktop/git/multi_repo_manager.rs:269:5
    |
269 |     pub repos_needing_sync: usize,
    |     ^^^^^^^^^^^^^^^^^^^^^^^^^^^^^

warning: missing documentation for a struct field
   --> src/desktop/git/multi_repo_manager.rs:270:5
    |
270 |     pub invalid_repos: usize,
    |     ^^^^^^^^^^^^^^^^^^^^^^^^

warning: missing documentation for a struct field
   --> src/desktop/git/multi_repo_manager.rs:271:5
    |
271 |     pub error_repos: usize,
    |     ^^^^^^^^^^^^^^^^^^^^^^

warning: missing documentation for a struct field
  --> src/desktop/workspace/mod.rs:60:5
   |
60 |     pub start_line: usize,
   |     ^^^^^^^^^^^^^^^^^^^^^

warning: missing documentation for a struct field
  --> src/desktop/workspace/mod.rs:61:5
   |
61 |     pub start_column: usize,
   |     ^^^^^^^^^^^^^^^^^^^^^^^

warning: missing documentation for a struct field
  --> src/desktop/workspace/mod.rs:62:5
   |
62 |     pub end_line: usize,
   |     ^^^^^^^^^^^^^^^^^^^

warning: missing documentation for a struct field
  --> src/desktop/workspace/mod.rs:63:5
   |
63 |     pub end_column: usize,
   |     ^^^^^^^^^^^^^^^^^^^^^

warning: missing documentation for a variant
   --> src/hooks/mod.rs:378:5
    |
378 |     Low,
    |     ^^^

warning: missing documentation for a variant
   --> src/hooks/mod.rs:379:5
    |
379 |     Normal,
    |     ^^^^^^

warning: missing documentation for a variant
   --> src/hooks/mod.rs:380:5
    |
380 |     High,
    |     ^^^^

warning: missing documentation for a variant
   --> src/hooks/mod.rs:381:5
    |
381 |     Critical,
    |     ^^^^^^^^

warning: missing documentation for a variant
  --> src/hooks/approval.rs:15:5
   |
15 |     Pending,
   |     ^^^^^^^

warning: missing documentation for a variant
  --> src/hooks/approval.rs:16:5
   |
16 |     Approved,
   |     ^^^^^^^^

warning: missing documentation for a variant
  --> src/hooks/approval.rs:17:5
   |
17 |     Denied,
   |     ^^^^^^

warning: missing documentation for a variant
  --> src/hooks/approval.rs:18:5
   |
18 |     Expired,
   |     ^^^^^^^

warning: missing documentation for a variant
  --> src/hooks/approval.rs:19:5
   |
19 |     Cancelled,
   |     ^^^^^^^^^

warning: missing documentation for a struct field
  --> src/hooks/approval.rs:25:5
   |
25 |     pub id: String,
   |     ^^^^^^^^^^^^^^

warning: missing documentation for a struct field
  --> src/hooks/approval.rs:26:5
   |
26 |     pub hook_id: HookId,
   |     ^^^^^^^^^^^^^^^^^^^

warning: missing documentation for a struct field
  --> src/hooks/approval.rs:27:5
   |
27 |     pub execution_id: String,
   |     ^^^^^^^^^^^^^^^^^^^^^^^^

warning: missing documentation for a struct field
  --> src/hooks/approval.rs:28:5
   |
28 |     pub approvers: Vec<String>,
   |     ^^^^^^^^^^^^^^^^^^^^^^^^^^

warning: missing documentation for a struct field
  --> src/hooks/approval.rs:29:5
   |
29 |     pub message: String,
   |     ^^^^^^^^^^^^^^^^^^^

warning: missing documentation for a struct field
  --> src/hooks/approval.rs:30:5
   |
30 |     pub created_at: DateTime<Utc>,
   |     ^^^^^^^^^^^^^^^^^^^^^^^^^^^^^

warning: missing documentation for a struct field
  --> src/hooks/approval.rs:31:5
   |
31 |     pub expires_at: DateTime<Utc>,
   |     ^^^^^^^^^^^^^^^^^^^^^^^^^^^^^

warning: missing documentation for a struct field
  --> src/hooks/approval.rs:32:5
   |
32 |     pub status: ApprovalStatus,
   |     ^^^^^^^^^^^^^^^^^^^^^^^^^^

warning: missing documentation for a struct field
  --> src/hooks/approval.rs:38:5
   |
38 |     pub request_id: String,
   |     ^^^^^^^^^^^^^^^^^^^^^^

warning: missing documentation for a struct field
  --> src/hooks/approval.rs:39:5
   |
39 |     pub approver: String,
   |     ^^^^^^^^^^^^^^^^^^^^

warning: missing documentation for a struct field
  --> src/hooks/approval.rs:40:5
   |
40 |     pub approved: bool,
   |     ^^^^^^^^^^^^^^^^^^

warning: missing documentation for a struct field
  --> src/hooks/approval.rs:41:5
   |
41 |     pub comment: Option<String>,
   |     ^^^^^^^^^^^^^^^^^^^^^^^^^^^

warning: missing documentation for a struct field
  --> src/hooks/approval.rs:42:5
   |
42 |     pub responded_at: DateTime<Utc>,
   |     ^^^^^^^^^^^^^^^^^^^^^^^^^^^^^^^

warning: missing documentation for a struct field
  --> src/hooks/approval.rs:48:5
   |
48 |     pub request: ApprovalRequest,
   |     ^^^^^^^^^^^^^^^^^^^^^^^^^^^^

warning: missing documentation for a struct field
  --> src/hooks/approval.rs:49:5
   |
49 |     pub urgency: NotificationUrgency,
   |     ^^^^^^^^^^^^^^^^^^^^^^^^^^^^^^^^

warning: missing documentation for an enum
  --> src/hooks/approval.rs:53:1
   |
53 | pub enum NotificationUrgency {
   | ^^^^^^^^^^^^^^^^^^^^^^^^^^^^

warning: missing documentation for a variant
  --> src/hooks/approval.rs:54:5
   |
54 |     Low,
   |     ^^^

warning: missing documentation for a variant
  --> src/hooks/approval.rs:55:5
   |
55 |     Normal,
   |     ^^^^^^

warning: missing documentation for a variant
  --> src/hooks/approval.rs:56:5
   |
56 |     High,
   |     ^^^^

warning: missing documentation for a variant
  --> src/hooks/approval.rs:57:5
   |
57 |     Critical,
   |     ^^^^^^^^

warning: missing documentation for an associated function
  --> src/hooks/approval.rs:69:5
   |
69 |     pub fn new() -> Self {
   |     ^^^^^^^^^^^^^^^^^^^^

warning: missing documentation for a struct field
   --> src/hooks/approval.rs:298:5
    |
298 |     pub total_requests: usize,
    |     ^^^^^^^^^^^^^^^^^^^^^^^^^

warning: missing documentation for a struct field
   --> src/hooks/approval.rs:299:5
    |
299 |     pub pending_requests: usize,
    |     ^^^^^^^^^^^^^^^^^^^^^^^^^^^

warning: missing documentation for a struct field
   --> src/hooks/approval.rs:300:5
    |
300 |     pub approved_requests: usize,
    |     ^^^^^^^^^^^^^^^^^^^^^^^^^^^^

warning: missing documentation for a struct field
   --> src/hooks/approval.rs:301:5
    |
301 |     pub denied_requests: usize,
    |     ^^^^^^^^^^^^^^^^^^^^^^^^^^

warning: missing documentation for a struct field
   --> src/hooks/approval.rs:302:5
    |
302 |     pub expired_requests: usize,
    |     ^^^^^^^^^^^^^^^^^^^^^^^^^^^

warning: missing documentation for a struct field
   --> src/hooks/approval.rs:303:5
    |
303 |     pub cancelled_requests: usize,
    |     ^^^^^^^^^^^^^^^^^^^^^^^^^^^^^

warning: missing documentation for a struct field
   --> src/hooks/approval.rs:309:5
    |
309 |     pub require_all_approvers: bool,
    |     ^^^^^^^^^^^^^^^^^^^^^^^^^^^^^^^

warning: missing documentation for a struct field
   --> src/hooks/approval.rs:310:5
    |
310 |     pub minimum_approvals: usize,
    |     ^^^^^^^^^^^^^^^^^^^^^^^^^^^^

warning: missing documentation for a struct field
   --> src/hooks/approval.rs:311:5
    |
311 |     pub allow_self_approval: bool,
    |     ^^^^^^^^^^^^^^^^^^^^^^^^^^^^^

warning: missing documentation for a struct field
   --> src/hooks/approval.rs:312:5
    |
312 |     pub auto_approve_trusted_hooks: bool,
    |     ^^^^^^^^^^^^^^^^^^^^^^^^^^^^^^^^^^^^

warning: missing documentation for a struct field
   --> src/hooks/approval.rs:313:5
    |
313 |     pub escalation_timeout_minutes: Option<u32>,
    |     ^^^^^^^^^^^^^^^^^^^^^^^^^^^^^^^^^^^^^^^^^^^

warning: missing documentation for an associated function
   --> src/hooks/approval.rs:334:5
    |
334 |     pub fn new(receiver: Arc<RwLock<mpsc::Receiver<ApprovalNotification>>>) -> Self {
    |     ^^^^^^^^^^^^^^^^^^^^^^^^^^^^^^^^^^^^^^^^^^^^^^^^^^^^^^^^^^^^^^^^^^^^^^^^^^^^^^^

warning: missing documentation for a struct
  --> src/hooks/approval_workflow.rs:47:1
   |
47 | pub struct AutoApprovalConfig {
   | ^^^^^^^^^^^^^^^^^^^^^^^^^^^^^

warning: missing documentation for a struct
  --> src/hooks/approval_workflow.rs:65:1
   |
65 | pub struct NotificationConfig {
   | ^^^^^^^^^^^^^^^^^^^^^^^^^^^^^

warning: missing documentation for a struct
  --> src/hooks/approval_workflow.rs:83:1
   |
83 | pub struct EscalationConfig {
   | ^^^^^^^^^^^^^^^^^^^^^^^^^^^

warning: missing documentation for a struct
  --> src/hooks/approval_workflow.rs:98:1
   |
98 | pub struct EscalationLevel {
   | ^^^^^^^^^^^^^^^^^^^^^^^^^^

warning: missing documentation for a struct field
  --> src/hooks/approval_workflow.rs:99:5
   |
99 |     pub level: u32,
   |     ^^^^^^^^^^^^^^

warning: missing documentation for a struct field
   --> src/hooks/approval_workflow.rs:100:5
    |
100 |     pub timeout_seconds: u64,
    |     ^^^^^^^^^^^^^^^^^^^^^^^^

warning: missing documentation for a struct field
   --> src/hooks/approval_workflow.rs:101:5
    |
101 |     pub approvers: Vec<String>,
    |     ^^^^^^^^^^^^^^^^^^^^^^^^^^

warning: missing documentation for a struct field
   --> src/hooks/approval_workflow.rs:102:5
    |
102 |     pub notification_channels: Vec<NotificationChannel>,
    |     ^^^^^^^^^^^^^^^^^^^^^^^^^^^^^^^^^^^^^^^^^^^^^^^^^^^

warning: missing documentation for an enum
   --> src/hooks/approval_workflow.rs:106:1
    |
106 | pub enum NotificationChannel {
    | ^^^^^^^^^^^^^^^^^^^^^^^^^^^^

warning: missing documentation for a variant
   --> src/hooks/approval_workflow.rs:107:5
    |
107 |     Email {
    |     ^^^^^

warning: missing documentation for a struct field
   --> src/hooks/approval_workflow.rs:108:9
    |
108 |         recipients: Vec<String>,
    |         ^^^^^^^^^^^^^^^^^^^^^^^

warning: missing documentation for a variant
   --> src/hooks/approval_workflow.rs:110:5
    |
110 |     Slack {
    |     ^^^^^

warning: missing documentation for a struct field
   --> src/hooks/approval_workflow.rs:111:9
    |
111 |         webhook_url: String,
    |         ^^^^^^^^^^^^^^^^^^^

warning: missing documentation for a struct field
   --> src/hooks/approval_workflow.rs:112:9
    |
112 |         channel: String,
    |         ^^^^^^^^^^^^^^^

warning: missing documentation for a variant
   --> src/hooks/approval_workflow.rs:114:5
    |
114 |     Teams {
    |     ^^^^^

warning: missing documentation for a struct field
   --> src/hooks/approval_workflow.rs:115:9
    |
115 |         webhook_url: String,
    |         ^^^^^^^^^^^^^^^^^^^

warning: missing documentation for a variant
   --> src/hooks/approval_workflow.rs:117:5
    |
117 |     Discord {
    |     ^^^^^^^

warning: missing documentation for a struct field
   --> src/hooks/approval_workflow.rs:118:9
    |
118 |         webhook_url: String,
    |         ^^^^^^^^^^^^^^^^^^^

warning: missing documentation for a struct field
   --> src/hooks/approval_workflow.rs:119:9
    |
119 |         channel_id: String,
    |         ^^^^^^^^^^^^^^^^^^

warning: missing documentation for a variant
   --> src/hooks/approval_workflow.rs:121:5
    |
121 |     Console,
    |     ^^^^^^^

warning: missing documentation for a variant
   --> src/hooks/approval_workflow.rs:122:5
    |
122 |     Log,
    |     ^^^

warning: missing documentation for a struct field
   --> src/hooks/approval_workflow.rs:128:5
    |
128 |     pub id: String,
    |     ^^^^^^^^^^^^^^

warning: missing documentation for a struct field
   --> src/hooks/approval_workflow.rs:129:5
    |
129 |     pub hook_id: HookId,
    |     ^^^^^^^^^^^^^^^^^^^

warning: missing documentation for a struct field
   --> src/hooks/approval_workflow.rs:130:5
    |
130 |     pub request_type: String,
    |     ^^^^^^^^^^^^^^^^^^^^^^^^

warning: missing documentation for a struct field
   --> src/hooks/approval_workflow.rs:131:5
    |
131 |     pub description: String,
    |     ^^^^^^^^^^^^^^^^^^^^^^^

warning: missing documentation for a struct field
   --> src/hooks/approval_workflow.rs:132:5
    |
132 |     pub requested_by: String,
    |     ^^^^^^^^^^^^^^^^^^^^^^^^

warning: missing documentation for a struct field
   --> src/hooks/approval_workflow.rs:133:5
    |
133 |     pub created_at: chrono::DateTime<chrono::Utc>,
    |     ^^^^^^^^^^^^^^^^^^^^^^^^^^^^^^^^^^^^^^^^^^^^^

warning: missing documentation for a struct field
   --> src/hooks/approval_workflow.rs:134:5
    |
134 |     pub expires_at: Option<chrono::DateTime<chrono::Utc>>,
    |     ^^^^^^^^^^^^^^^^^^^^^^^^^^^^^^^^^^^^^^^^^^^^^^^^^^^^^

warning: missing documentation for a struct field
   --> src/hooks/approval_workflow.rs:135:5
    |
135 |     pub metadata: HashMap<String, serde_json::Value>,
    |     ^^^^^^^^^^^^^^^^^^^^^^^^^^^^^^^^^^^^^^^^^^^^^^^^

warning: missing documentation for a struct field
   --> src/hooks/approval_workflow.rs:136:5
    |
136 |     pub priority: ApprovalPriority,
    |     ^^^^^^^^^^^^^^^^^^^^^^^^^^^^^^

warning: missing documentation for a struct field
   --> src/hooks/approval_workflow.rs:137:5
    |
137 |     pub required_approvers: Vec<String>,
    |     ^^^^^^^^^^^^^^^^^^^^^^^^^^^^^^^^^^^

warning: missing documentation for a struct field
   --> src/hooks/approval_workflow.rs:138:5
    |
138 |     pub received_approvals: Vec<ApprovalDecision>,
    |     ^^^^^^^^^^^^^^^^^^^^^^^^^^^^^^^^^^^^^^^^^^^^^

warning: missing documentation for a struct field
   --> src/hooks/approval_workflow.rs:139:5
    |
139 |     pub current_escalation_level: u32,
    |     ^^^^^^^^^^^^^^^^^^^^^^^^^^^^^^^^^

warning: missing documentation for a struct field
   --> src/hooks/approval_workflow.rs:140:5
    |
140 |     pub notification_count: u32,
    |     ^^^^^^^^^^^^^^^^^^^^^^^^^^^

warning: missing documentation for a struct field
   --> src/hooks/approval_workflow.rs:141:5
    |
141 |     pub last_notification_at: Option<chrono::DateTime<chrono::Utc>>,
    |     ^^^^^^^^^^^^^^^^^^^^^^^^^^^^^^^^^^^^^^^^^^^^^^^^^^^^^^^^^^^^^^^

warning: missing documentation for a struct field
   --> src/hooks/approval_workflow.rs:147:5
    |
147 |     pub approver: String,
    |     ^^^^^^^^^^^^^^^^^^^^

warning: missing documentation for a struct field
   --> src/hooks/approval_workflow.rs:148:5
    |
148 |     pub decision: ApprovalStatus,
    |     ^^^^^^^^^^^^^^^^^^^^^^^^^^^^

warning: missing documentation for a struct field
   --> src/hooks/approval_workflow.rs:149:5
    |
149 |     pub reason: Option<String>,
    |     ^^^^^^^^^^^^^^^^^^^^^^^^^^

warning: missing documentation for a struct field
   --> src/hooks/approval_workflow.rs:150:5
    |
150 |     pub timestamp: chrono::DateTime<chrono::Utc>,
    |     ^^^^^^^^^^^^^^^^^^^^^^^^^^^^^^^^^^^^^^^^^^^^

warning: missing documentation for a struct field
   --> src/hooks/approval_workflow.rs:151:5
    |
151 |     pub metadata: HashMap<String, serde_json::Value>,
    |     ^^^^^^^^^^^^^^^^^^^^^^^^^^^^^^^^^^^^^^^^^^^^^^^^

warning: missing documentation for a variant
   --> src/hooks/approval_workflow.rs:157:5
    |
157 |     Pending,
    |     ^^^^^^^

warning: missing documentation for a variant
   --> src/hooks/approval_workflow.rs:158:5
    |
158 |     Approved,
    |     ^^^^^^^^

warning: missing documentation for a variant
   --> src/hooks/approval_workflow.rs:159:5
    |
159 |     Rejected,
    |     ^^^^^^^^

warning: missing documentation for a variant
   --> src/hooks/approval_workflow.rs:160:5
    |
160 |     Expired,
    |     ^^^^^^^

warning: missing documentation for a variant
   --> src/hooks/approval_workflow.rs:161:5
    |
161 |     Escalated,
    |     ^^^^^^^^^

warning: missing documentation for a variant
   --> src/hooks/approval_workflow.rs:162:5
    |
162 |     AutoApproved,
    |     ^^^^^^^^^^^^

warning: missing documentation for a variant
   --> src/hooks/approval_workflow.rs:168:5
    |
168 |     Low,
    |     ^^^

warning: missing documentation for a variant
   --> src/hooks/approval_workflow.rs:169:5
    |
169 |     Normal,
    |     ^^^^^^

warning: missing documentation for a variant
   --> src/hooks/approval_workflow.rs:170:5
    |
170 |     Medium,
    |     ^^^^^^

warning: missing documentation for a variant
   --> src/hooks/approval_workflow.rs:171:5
    |
171 |     High,
    |     ^^^^

warning: missing documentation for a variant
   --> src/hooks/approval_workflow.rs:172:5
    |
172 |     Critical,
    |     ^^^^^^^^

warning: missing documentation for a variant
   --> src/hooks/approval_workflow.rs:173:5
    |
173 |     Emergency,
    |     ^^^^^^^^^

warning: missing documentation for a struct field
   --> src/hooks/approval_workflow.rs:179:5
    |
179 |     pub request: ApprovalRequest,
    |     ^^^^^^^^^^^^^^^^^^^^^^^^^^^^

warning: missing documentation for a struct field
   --> src/hooks/approval_workflow.rs:180:5
    |
180 |     pub final_status: ApprovalStatus,
    |     ^^^^^^^^^^^^^^^^^^^^^^^^^^^^^^^^

warning: missing documentation for a struct field
   --> src/hooks/approval_workflow.rs:181:5
    |
181 |     pub completed_at: chrono::DateTime<chrono::Utc>,
    |     ^^^^^^^^^^^^^^^^^^^^^^^^^^^^^^^^^^^^^^^^^^^^^^^

warning: missing documentation for a struct field
   --> src/hooks/approval_workflow.rs:182:5
    |
182 |     pub total_duration_seconds: u64,
    |     ^^^^^^^^^^^^^^^^^^^^^^^^^^^^^^^

warning: missing documentation for a struct field
   --> src/hooks/approval_workflow.rs:183:5
    |
183 |     pub escalation_count: u32,
    |     ^^^^^^^^^^^^^^^^^^^^^^^^^

warning: missing documentation for a struct field
   --> src/hooks/approval_workflow.rs:184:5
    |
184 |     pub notification_count: u32,
    |     ^^^^^^^^^^^^^^^^^^^^^^^^^^^

warning: missing documentation for a struct field
   --> src/hooks/approval_workflow.rs:190:5
    |
190 |     pub id: String,
    |     ^^^^^^^^^^^^^^

warning: missing documentation for a struct field
   --> src/hooks/approval_workflow.rs:191:5
    |
191 |     pub name: String,
    |     ^^^^^^^^^^^^^^^^

warning: missing documentation for a struct field
   --> src/hooks/approval_workflow.rs:192:5
    |
192 |     pub description: String,
    |     ^^^^^^^^^^^^^^^^^^^^^^^

warning: missing documentation for a struct field
   --> src/hooks/approval_workflow.rs:193:5
    |
193 |     pub conditions: Vec<ApprovalCondition>,
    |     ^^^^^^^^^^^^^^^^^^^^^^^^^^^^^^^^^^^^^^

warning: missing documentation for a struct field
   --> src/hooks/approval_workflow.rs:194:5
    |
194 |     pub required_approvers: Vec<String>,
    |     ^^^^^^^^^^^^^^^^^^^^^^^^^^^^^^^^^^^

warning: missing documentation for a struct field
   --> src/hooks/approval_workflow.rs:195:5
    |
195 |     pub auto_approval_allowed: bool,
    |     ^^^^^^^^^^^^^^^^^^^^^^^^^^^^^^^

warning: missing documentation for a struct field
   --> src/hooks/approval_workflow.rs:196:5
    |
196 |     pub priority: ApprovalPriority,
    |     ^^^^^^^^^^^^^^^^^^^^^^^^^^^^^^

warning: missing documentation for a struct field
   --> src/hooks/approval_workflow.rs:197:5
    |
197 |     pub timeout_seconds: Option<u64>,
    |     ^^^^^^^^^^^^^^^^^^^^^^^^^^^^^^^^

warning: missing documentation for a struct field
   --> src/hooks/approval_workflow.rs:198:5
    |
198 |     pub escalation_enabled: bool,
    |     ^^^^^^^^^^^^^^^^^^^^^^^^^^^^

warning: missing documentation for a struct field
   --> src/hooks/approval_workflow.rs:204:5
    |
204 |     pub field: String,
    |     ^^^^^^^^^^^^^^^^^

warning: missing documentation for a struct field
   --> src/hooks/approval_workflow.rs:205:5
    |
205 |     pub operator: ConditionOperator,
    |     ^^^^^^^^^^^^^^^^^^^^^^^^^^^^^^^

warning: missing documentation for a struct field
   --> src/hooks/approval_workflow.rs:206:5
    |
206 |     pub value: serde_json::Value,
    |     ^^^^^^^^^^^^^^^^^^^^^^^^^^^^

warning: missing documentation for an enum
   --> src/hooks/approval_workflow.rs:210:1
    |
210 | pub enum ConditionOperator {
    | ^^^^^^^^^^^^^^^^^^^^^^^^^^

warning: missing documentation for a variant
   --> src/hooks/approval_workflow.rs:211:5
    |
211 |     Equals,
    |     ^^^^^^

warning: missing documentation for a variant
   --> src/hooks/approval_workflow.rs:212:5
    |
212 |     NotEquals,
    |     ^^^^^^^^^

warning: missing documentation for a variant
   --> src/hooks/approval_workflow.rs:213:5
    |
213 |     GreaterThan,
    |     ^^^^^^^^^^^

warning: missing documentation for a variant
   --> src/hooks/approval_workflow.rs:214:5
    |
214 |     LessThan,
    |     ^^^^^^^^

warning: missing documentation for a variant
   --> src/hooks/approval_workflow.rs:215:5
    |
215 |     GreaterThanOrEqual,
    |     ^^^^^^^^^^^^^^^^^^

warning: missing documentation for a variant
   --> src/hooks/approval_workflow.rs:216:5
    |
216 |     LessThanOrEqual,
    |     ^^^^^^^^^^^^^^^

warning: missing documentation for a variant
   --> src/hooks/approval_workflow.rs:217:5
    |
217 |     Contains,
    |     ^^^^^^^^

warning: missing documentation for a variant
   --> src/hooks/approval_workflow.rs:218:5
    |
218 |     StartsWith,
    |     ^^^^^^^^^^

warning: missing documentation for a variant
   --> src/hooks/approval_workflow.rs:219:5
    |
219 |     EndsWith,
    |     ^^^^^^^^

warning: missing documentation for a variant
   --> src/hooks/approval_workflow.rs:220:5
    |
220 |     Matches, // Regex
    |     ^^^^^^^

warning: missing documentation for a method
   --> src/hooks/approval_workflow.rs:225:5
    |
225 |     fn send_notification(&self, request: &ApprovalRequest, message: &str) -> Result<()>;
    |     ^^^^^^^^^^^^^^^^^^^^^^^^^^^^^^^^^^^^^^^^^^^^^^^^^^^^^^^^^^^^^^^^^^^^^^^^^^^^^^^^^^^^

warning: missing documentation for a method
   --> src/hooks/approval_workflow.rs:226:5
    |
226 |     fn get_channel_type(&self) -> &'static str;
    |     ^^^^^^^^^^^^^^^^^^^^^^^^^^^^^^^^^^^^^^^^^^^

warning: missing documentation for a struct field
    --> src/hooks/approval_workflow.rs:1111:5
     |
1111 |     pub final_status: ApprovalStatus,
     |     ^^^^^^^^^^^^^^^^^^^^^^^^^^^^^^^^

warning: missing documentation for a struct field
    --> src/hooks/approval_workflow.rs:1112:5
     |
1112 |     pub approved: bool,
     |     ^^^^^^^^^^^^^^^^^^

warning: missing documentation for a struct field
    --> src/hooks/approval_workflow.rs:1113:5
     |
1113 |     pub message: String,
     |     ^^^^^^^^^^^^^^^^^^^

warning: missing documentation for a struct field
    --> src/hooks/approval_workflow.rs:1114:5
     |
1114 |     pub remaining_approvers: Vec<String>,
     |     ^^^^^^^^^^^^^^^^^^^^^^^^^^^^^^^^^^^^

warning: missing documentation for a struct field
    --> src/hooks/approval_workflow.rs:1120:5
     |
1120 |     pub total_pending: usize,
     |     ^^^^^^^^^^^^^^^^^^^^^^^^

warning: missing documentation for a struct field
    --> src/hooks/approval_workflow.rs:1121:5
     |
1121 |     pub total_completed: usize,
     |     ^^^^^^^^^^^^^^^^^^^^^^^^^^

warning: missing documentation for a struct field
    --> src/hooks/approval_workflow.rs:1122:5
     |
1122 |     pub stats_by_type: HashMap<String, usize>,
     |     ^^^^^^^^^^^^^^^^^^^^^^^^^^^^^^^^^^^^^^^^^

warning: missing documentation for a struct field
    --> src/hooks/approval_workflow.rs:1123:5
     |
1123 |     pub stats_by_status: HashMap<ApprovalStatus, usize>,
     |     ^^^^^^^^^^^^^^^^^^^^^^^^^^^^^^^^^^^^^^^^^^^^^^^^^^^

warning: missing documentation for a struct field
    --> src/hooks/approval_workflow.rs:1124:5
     |
1124 |     pub average_completion_time_seconds: f64,
     |     ^^^^^^^^^^^^^^^^^^^^^^^^^^^^^^^^^^^^^^^^

warning: missing documentation for a variant
  --> src/hooks/audit.rs:17:5
   |
17 |     HookRegistered {
   |     ^^^^^^^^^^^^^^

warning: missing documentation for a struct field
  --> src/hooks/audit.rs:18:9
   |
18 |         hook_id: HookId,
   |         ^^^^^^^^^^^^^^^

warning: missing documentation for a struct field
  --> src/hooks/audit.rs:19:9
   |
19 |         hook_name: String,
   |         ^^^^^^^^^^^^^^^^^

warning: missing documentation for a variant
  --> src/hooks/audit.rs:21:5
   |
21 |     HookRemoved {
   |     ^^^^^^^^^^^

warning: missing documentation for a struct field
  --> src/hooks/audit.rs:22:9
   |
22 |         hook_id: HookId,
   |         ^^^^^^^^^^^^^^^

warning: missing documentation for a variant
  --> src/hooks/audit.rs:24:5
   |
24 |     HookModified {
   |     ^^^^^^^^^^^^

warning: missing documentation for a struct field
  --> src/hooks/audit.rs:25:9
   |
25 |         hook_id: HookId,
   |         ^^^^^^^^^^^^^^^

warning: missing documentation for a struct field
  --> src/hooks/audit.rs:26:9
   |
26 |         changes: Vec<String>,
   |         ^^^^^^^^^^^^^^^^^^^^

warning: missing documentation for a variant
  --> src/hooks/audit.rs:28:5
   |
28 |     ExecutionStarted {
   |     ^^^^^^^^^^^^^^^^

warning: missing documentation for a struct field
  --> src/hooks/audit.rs:29:9
   |
29 |         hook_id: HookId,
   |         ^^^^^^^^^^^^^^^

warning: missing documentation for a struct field
  --> src/hooks/audit.rs:30:9
   |
30 |         execution_id: String,
   |         ^^^^^^^^^^^^^^^^^^^^

warning: missing documentation for a struct field
  --> src/hooks/audit.rs:31:9
   |
31 |         event_type: String,
   |         ^^^^^^^^^^^^^^^^^^

warning: missing documentation for a variant
  --> src/hooks/audit.rs:33:5
   |
33 |     ExecutionCompleted {
   |     ^^^^^^^^^^^^^^^^^^

warning: missing documentation for a struct field
  --> src/hooks/audit.rs:34:9
   |
34 |         hook_id: HookId,
   |         ^^^^^^^^^^^^^^^

warning: missing documentation for a struct field
  --> src/hooks/audit.rs:35:9
   |
35 |         execution_id: String,
   |         ^^^^^^^^^^^^^^^^^^^^

warning: missing documentation for a struct field
  --> src/hooks/audit.rs:36:9
   |
36 |         success: bool,
   |         ^^^^^^^^^^^^^

warning: missing documentation for a struct field
  --> src/hooks/audit.rs:37:9
   |
37 |         duration_ms: u64,
   |         ^^^^^^^^^^^^^^^^

warning: missing documentation for a variant
  --> src/hooks/audit.rs:39:5
   |
39 |     ExecutionFailed {
   |     ^^^^^^^^^^^^^^^

warning: missing documentation for a struct field
  --> src/hooks/audit.rs:40:9
   |
40 |         hook_id: HookId,
   |         ^^^^^^^^^^^^^^^

warning: missing documentation for a struct field
  --> src/hooks/audit.rs:41:9
   |
41 |         execution_id: String,
   |         ^^^^^^^^^^^^^^^^^^^^

warning: missing documentation for a struct field
  --> src/hooks/audit.rs:42:9
   |
42 |         error: String,
   |         ^^^^^^^^^^^^^

warning: missing documentation for a variant
  --> src/hooks/audit.rs:44:5
   |
44 |     ExecutionSkipped {
   |     ^^^^^^^^^^^^^^^^

warning: missing documentation for a struct field
  --> src/hooks/audit.rs:45:9
   |
45 |         hook_id: HookId,
   |         ^^^^^^^^^^^^^^^

warning: missing documentation for a struct field
  --> src/hooks/audit.rs:46:9
   |
46 |         execution_id: String,
   |         ^^^^^^^^^^^^^^^^^^^^

warning: missing documentation for a struct field
  --> src/hooks/audit.rs:47:9
   |
47 |         reason: String,
   |         ^^^^^^^^^^^^^^

warning: missing documentation for a variant
  --> src/hooks/audit.rs:49:5
   |
49 |     ExecutionDenied {
   |     ^^^^^^^^^^^^^^^

warning: missing documentation for a struct field
  --> src/hooks/audit.rs:50:9
   |
50 |         hook_id: HookId,
   |         ^^^^^^^^^^^^^^^

warning: missing documentation for a struct field
  --> src/hooks/audit.rs:51:9
   |
51 |         execution_id: String,
   |         ^^^^^^^^^^^^^^^^^^^^

warning: missing documentation for a struct field
  --> src/hooks/audit.rs:52:9
   |
52 |         reason: String,
   |         ^^^^^^^^^^^^^^

warning: missing documentation for a variant
  --> src/hooks/audit.rs:54:5
   |
54 |     SecurityViolation {
   |     ^^^^^^^^^^^^^^^^^

warning: missing documentation for a struct field
  --> src/hooks/audit.rs:55:9
   |
55 |         hook_id: HookId,
   |         ^^^^^^^^^^^^^^^

warning: missing documentation for a struct field
  --> src/hooks/audit.rs:56:9
   |
56 |         violation: String,
   |         ^^^^^^^^^^^^^^^^^

warning: missing documentation for a variant
  --> src/hooks/audit.rs:58:5
   |
58 |     ApprovalRequested {
   |     ^^^^^^^^^^^^^^^^^

warning: missing documentation for a struct field
  --> src/hooks/audit.rs:59:9
   |
59 |         hook_id: HookId,
   |         ^^^^^^^^^^^^^^^

warning: missing documentation for a struct field
  --> src/hooks/audit.rs:60:9
   |
60 |         execution_id: String,
   |         ^^^^^^^^^^^^^^^^^^^^

warning: missing documentation for a struct field
  --> src/hooks/audit.rs:61:9
   |
61 |         approvers: Vec<String>,
   |         ^^^^^^^^^^^^^^^^^^^^^^

warning: missing documentation for a variant
  --> src/hooks/audit.rs:63:5
   |
63 |     ApprovalGranted {
   |     ^^^^^^^^^^^^^^^

warning: missing documentation for a struct field
  --> src/hooks/audit.rs:64:9
   |
64 |         hook_id: HookId,
   |         ^^^^^^^^^^^^^^^

warning: missing documentation for a struct field
  --> src/hooks/audit.rs:65:9
   |
65 |         execution_id: String,
   |         ^^^^^^^^^^^^^^^^^^^^

warning: missing documentation for a struct field
  --> src/hooks/audit.rs:66:9
   |
66 |         approver: String,
   |         ^^^^^^^^^^^^^^^^

warning: missing documentation for a variant
  --> src/hooks/audit.rs:68:5
   |
68 |     ApprovalDenied {
   |     ^^^^^^^^^^^^^^

warning: missing documentation for a struct field
  --> src/hooks/audit.rs:69:9
   |
69 |         hook_id: HookId,
   |         ^^^^^^^^^^^^^^^

warning: missing documentation for a struct field
  --> src/hooks/audit.rs:70:9
   |
70 |         execution_id: String,
   |         ^^^^^^^^^^^^^^^^^^^^

warning: missing documentation for a struct field
  --> src/hooks/audit.rs:71:9
   |
71 |         approver: String,
   |         ^^^^^^^^^^^^^^^^

warning: missing documentation for a variant
  --> src/hooks/audit.rs:73:5
   |
73 |     ApprovalDecisionMade {
   |     ^^^^^^^^^^^^^^^^^^^^

warning: missing documentation for a struct field
  --> src/hooks/audit.rs:74:9
   |
74 |         hook_id: HookId,
   |         ^^^^^^^^^^^^^^^

warning: missing documentation for a struct field
  --> src/hooks/audit.rs:75:9
   |
75 |         execution_id: String,
   |         ^^^^^^^^^^^^^^^^^^^^

warning: missing documentation for a struct field
  --> src/hooks/audit.rs:76:9
   |
76 |         decision: String,
   |         ^^^^^^^^^^^^^^^^

warning: missing documentation for a variant
  --> src/hooks/audit.rs:78:5
   |
78 |     ApprovalCancelled {
   |     ^^^^^^^^^^^^^^^^^

warning: missing documentation for a struct field
  --> src/hooks/audit.rs:79:9
   |
79 |         hook_id: HookId,
   |         ^^^^^^^^^^^^^^^

warning: missing documentation for a struct field
  --> src/hooks/audit.rs:80:9
   |
80 |         execution_id: String,
   |         ^^^^^^^^^^^^^^^^^^^^

warning: missing documentation for a struct field
  --> src/hooks/audit.rs:81:9
   |
81 |         reason: String,
   |         ^^^^^^^^^^^^^^

warning: missing documentation for a variant
  --> src/hooks/audit.rs:83:5
   |
83 |     ApprovalAutoApproved {
   |     ^^^^^^^^^^^^^^^^^^^^

warning: missing documentation for a struct field
  --> src/hooks/audit.rs:84:9
   |
84 |         hook_id: HookId,
   |         ^^^^^^^^^^^^^^^

warning: missing documentation for a struct field
  --> src/hooks/audit.rs:85:9
   |
85 |         execution_id: String,
   |         ^^^^^^^^^^^^^^^^^^^^

warning: missing documentation for a struct field
  --> src/hooks/audit.rs:86:9
   |
86 |         reason: String,
   |         ^^^^^^^^^^^^^^

warning: missing documentation for a variant
  --> src/hooks/audit.rs:88:5
   |
88 |     ApprovalCompleted {
   |     ^^^^^^^^^^^^^^^^^

warning: missing documentation for a struct field
  --> src/hooks/audit.rs:89:9
   |
89 |         hook_id: HookId,
   |         ^^^^^^^^^^^^^^^

warning: missing documentation for a struct field
  --> src/hooks/audit.rs:90:9
   |
90 |         execution_id: String,
   |         ^^^^^^^^^^^^^^^^^^^^

warning: missing documentation for a struct field
  --> src/hooks/audit.rs:91:9
   |
91 |         result: String,
   |         ^^^^^^^^^^^^^^

warning: missing documentation for a variant
  --> src/hooks/audit.rs:93:5
   |
93 |     QualityGateAdded {
   |     ^^^^^^^^^^^^^^^^

warning: missing documentation for a struct field
  --> src/hooks/audit.rs:94:9
   |
94 |         hook_id: HookId,
   |         ^^^^^^^^^^^^^^^

warning: missing documentation for a struct field
  --> src/hooks/audit.rs:95:9
   |
95 |         gate_name: String,
   |         ^^^^^^^^^^^^^^^^^

warning: missing documentation for a variant
  --> src/hooks/audit.rs:97:5
   |
97 |     QualityGateRemoved {
   |     ^^^^^^^^^^^^^^^^^^

warning: missing documentation for a struct field
  --> src/hooks/audit.rs:98:9
   |
98 |         hook_id: HookId,
   |         ^^^^^^^^^^^^^^^

warning: missing documentation for a struct field
  --> src/hooks/audit.rs:99:9
   |
99 |         gate_name: String,
   |         ^^^^^^^^^^^^^^^^^

warning: missing documentation for a variant
   --> src/hooks/audit.rs:101:5
    |
101 |     BudgetCreated {
    |     ^^^^^^^^^^^^^

warning: missing documentation for a struct field
   --> src/hooks/audit.rs:102:9
    |
102 |         hook_id: HookId,
    |         ^^^^^^^^^^^^^^^

warning: missing documentation for a struct field
   --> src/hooks/audit.rs:103:9
    |
103 |         budget_name: String,
    |         ^^^^^^^^^^^^^^^^^^^

warning: missing documentation for a struct field
   --> src/hooks/audit.rs:104:9
    |
104 |         amount: String,
    |         ^^^^^^^^^^^^^^

warning: missing documentation for a variant
   --> src/hooks/audit.rs:106:5
    |
106 |     AllHooksCleared {
    |     ^^^^^^^^^^^^^^^

warning: missing documentation for a struct field
   --> src/hooks/audit.rs:107:9
    |
107 |         count: usize,
    |         ^^^^^^^^^^^^

warning: missing documentation for a struct field
   --> src/hooks/audit.rs:114:5
    |
114 |     pub id: String,
    |     ^^^^^^^^^^^^^^

warning: missing documentation for a struct field
   --> src/hooks/audit.rs:115:5
    |
115 |     pub timestamp: DateTime<Utc>,
    |     ^^^^^^^^^^^^^^^^^^^^^^^^^^^^

warning: missing documentation for a struct field
   --> src/hooks/audit.rs:116:5
    |
116 |     pub event: AuditEventType,
    |     ^^^^^^^^^^^^^^^^^^^^^^^^^

warning: missing documentation for a struct field
   --> src/hooks/audit.rs:117:5
    |
117 |     pub user_id: Option<String>,
    |     ^^^^^^^^^^^^^^^^^^^^^^^^^^^

warning: missing documentation for a struct field
   --> src/hooks/audit.rs:118:5
    |
118 |     pub session_id: Option<String>,
    |     ^^^^^^^^^^^^^^^^^^^^^^^^^^^^^^

warning: missing documentation for a struct field
   --> src/hooks/audit.rs:119:5
    |
119 |     pub context: serde_json::Map<String, serde_json::Value>,
    |     ^^^^^^^^^^^^^^^^^^^^^^^^^^^^^^^^^^^^^^^^^^^^^^^^^^^^^^^

warning: missing documentation for an associated function
   --> src/hooks/audit.rs:123:5
    |
123 |     pub fn new(event: AuditEventType) -> Self {
    |     ^^^^^^^^^^^^^^^^^^^^^^^^^^^^^^^^^^^^^^^^^

warning: missing documentation for a method
   --> src/hooks/audit.rs:134:5
    |
134 |     pub fn with_context(mut self, key: impl Into<String>, value: impl Serialize) -> Self {
    |     ^^^^^^^^^^^^^^^^^^^^^^^^^^^^^^^^^^^^^^^^^^^^^^^^^^^^^^^^^^^^^^^^^^^^^^^^^^^^^^^^^^^^

warning: missing documentation for an associated function
   --> src/hooks/audit.rs:151:5
    |
151 |     pub async fn new(log_path: PathBuf) -> Result<Self> {
    |     ^^^^^^^^^^^^^^^^^^^^^^^^^^^^^^^^^^^^^^^^^^^^^^^^^^^

warning: missing documentation for a struct field
   --> src/hooks/audit.rs:410:5
    |
410 |     pub hook_id: Option<HookId>,
    |     ^^^^^^^^^^^^^^^^^^^^^^^^^^^

warning: missing documentation for a struct field
   --> src/hooks/audit.rs:411:5
    |
411 |     pub event_types: Option<Vec<String>>,
    |     ^^^^^^^^^^^^^^^^^^^^^^^^^^^^^^^^^^^^

warning: missing documentation for a struct field
   --> src/hooks/audit.rs:412:5
    |
412 |     pub start_time: Option<DateTime<Utc>>,
    |     ^^^^^^^^^^^^^^^^^^^^^^^^^^^^^^^^^^^^^

warning: missing documentation for a struct field
   --> src/hooks/audit.rs:413:5
    |
413 |     pub end_time: Option<DateTime<Utc>>,
    |     ^^^^^^^^^^^^^^^^^^^^^^^^^^^^^^^^^^^

warning: missing documentation for a struct field
   --> src/hooks/audit.rs:414:5
    |
414 |     pub user_id: Option<String>,
    |     ^^^^^^^^^^^^^^^^^^^^^^^^^^^

warning: missing documentation for a struct field
   --> src/hooks/audit.rs:415:5
    |
415 |     pub success_only: bool,
    |     ^^^^^^^^^^^^^^^^^^^^^^

warning: missing documentation for an associated function
   --> src/hooks/audit.rs:419:5
    |
419 |     pub fn new() -> Self {
    |     ^^^^^^^^^^^^^^^^^^^^

warning: missing documentation for a method
   --> src/hooks/audit.rs:430:5
    |
430 |     pub fn with_hook_id(mut self, hook_id: HookId) -> Self {
    |     ^^^^^^^^^^^^^^^^^^^^^^^^^^^^^^^^^^^^^^^^^^^^^^^^^^^^^^

warning: missing documentation for a method
   --> src/hooks/audit.rs:435:5
    |
435 |     pub fn with_time_range(mut self, start: DateTime<Utc>, end: DateTime<Utc>) -> Self {
    |     ^^^^^^^^^^^^^^^^^^^^^^^^^^^^^^^^^^^^^^^^^^^^^^^^^^^^^^^^^^^^^^^^^^^^^^^^^^^^^^^^^^

warning: missing documentation for a struct field
   --> src/hooks/audit.rs:515:5
    |
515 |     pub total_events: usize,
    |     ^^^^^^^^^^^^^^^^^^^^^^^

warning: missing documentation for a struct field
   --> src/hooks/audit.rs:516:5
    |
516 |     pub successful_executions: usize,
    |     ^^^^^^^^^^^^^^^^^^^^^^^^^^^^^^^^

warning: missing documentation for a struct field
   --> src/hooks/audit.rs:517:5
    |
517 |     pub failed_executions: usize,
    |     ^^^^^^^^^^^^^^^^^^^^^^^^^^^^

warning: missing documentation for a struct field
   --> src/hooks/audit.rs:518:5
    |
518 |     pub security_violations: usize,
    |     ^^^^^^^^^^^^^^^^^^^^^^^^^^^^^^

warning: missing documentation for a struct field
   --> src/hooks/audit.rs:519:5
    |
519 |     pub most_active_hooks: Vec<(HookId, usize)>,
    |     ^^^^^^^^^^^^^^^^^^^^^^^^^^^^^^^^^^^^^^^^^^^

warning: missing documentation for a struct field
   --> src/hooks/audit.rs:520:5
    |
520 |     pub time_range: (DateTime<Utc>, DateTime<Utc>),
    |     ^^^^^^^^^^^^^^^^^^^^^^^^^^^^^^^^^^^^^^^^^^^^^^

warning: missing documentation for an associated function
   --> src/hooks/audit.rs:524:5
    |
524 |     pub async fn generate(logger: &HookAuditLogger, days: u32) -> Result<Self> {
    |     ^^^^^^^^^^^^^^^^^^^^^^^^^^^^^^^^^^^^^^^^^^^^^^^^^^^^^^^^^^^^^^^^^^^^^^^^^^

warning: missing documentation for a struct field
  --> src/hooks/conditions.rs:17:9
   |
17 |         pattern: String,
   |         ^^^^^^^^^^^^^^^

warning: missing documentation for a struct field
  --> src/hooks/conditions.rs:19:9
   |
19 |         negate: bool,
   |         ^^^^^^^^^^^^

warning: missing documentation for a struct field
  --> src/hooks/conditions.rs:25:9
   |
25 |         constraint: SizeConstraint,
   |         ^^^^^^^^^^^^^^^^^^^^^^^^^^

warning: missing documentation for a struct field
  --> src/hooks/conditions.rs:30:9
   |
30 |         name: String,
   |         ^^^^^^^^^^^^

warning: missing documentation for a struct field
  --> src/hooks/conditions.rs:32:9
   |
32 |         value: Option<String>,
   |         ^^^^^^^^^^^^^^^^^^^^^

warning: missing documentation for a struct field
  --> src/hooks/conditions.rs:34:9
   |
34 |         exists: bool,
   |         ^^^^^^^^^^^^

warning: missing documentation for a struct field
  --> src/hooks/conditions.rs:39:9
   |
39 |         key: String,
   |         ^^^^^^^^^^^

warning: missing documentation for a struct field
  --> src/hooks/conditions.rs:40:9
   |
40 |         operator: ComparisonOperator,
   |         ^^^^^^^^^^^^^^^^^^^^^^^^^^^^

warning: missing documentation for a struct field
  --> src/hooks/conditions.rs:41:9
   |
41 |         value: Value,
   |         ^^^^^^^^^^^^

warning: missing documentation for a struct field
  --> src/hooks/conditions.rs:46:9
   |
46 |         start_time: Option<String>, // HH:MM format
   |         ^^^^^^^^^^^^^^^^^^^^^^^^^^

warning: missing documentation for a struct field
  --> src/hooks/conditions.rs:47:9
   |
47 |         end_time: Option<String>,   // HH:MM format
   |         ^^^^^^^^^^^^^^^^^^^^^^^^

warning: missing documentation for a struct field
  --> src/hooks/conditions.rs:48:9
   |
48 |         days: Option<Vec<String>>,  // ["monday", "tuesday", ...]
   |         ^^^^^^^^^^^^^^^^^^^^^^^^^

warning: missing documentation for a struct field
  --> src/hooks/conditions.rs:49:9
   |
49 |         timezone: Option<String>,   // e.g., "America/New_York"
   |         ^^^^^^^^^^^^^^^^^^^^^^^^

warning: missing documentation for a struct field
  --> src/hooks/conditions.rs:55:9
   |
55 |         has_file: Option<String>,
   |         ^^^^^^^^^^^^^^^^^^^^^^^^

warning: missing documentation for a struct field
  --> src/hooks/conditions.rs:57:9
   |
57 |         branch_pattern: Option<String>,
   |         ^^^^^^^^^^^^^^^^^^^^^^^^^^^^^^

warning: missing documentation for a struct field
  --> src/hooks/conditions.rs:59:9
   |
59 |         is_clean: Option<bool>,
   |         ^^^^^^^^^^^^^^^^^^^^^^

warning: missing documentation for a struct field
  --> src/hooks/conditions.rs:64:9
   |
64 |         max_cost: f64,
   |         ^^^^^^^^^^^^^

warning: missing documentation for a struct field
  --> src/hooks/conditions.rs:65:9
   |
65 |         currency: String,
   |         ^^^^^^^^^^^^^^^^

warning: missing documentation for a struct field
  --> src/hooks/conditions.rs:70:9
   |
70 |         expression: String, // Simple expression language
   |         ^^^^^^^^^^^^^^^^^^

warning: missing documentation for a struct field
  --> src/hooks/conditions.rs:75:9
   |
75 |         conditions: Vec<HookCondition>,
   |         ^^^^^^^^^^^^^^^^^^^^^^^^^^^^^^

warning: missing documentation for a variant
  --> src/hooks/conditions.rs:77:5
   |
77 |     Or {
   |     ^^

warning: missing documentation for a struct field
  --> src/hooks/conditions.rs:78:9
   |
78 |         conditions: Vec<HookCondition>,
   |         ^^^^^^^^^^^^^^^^^^^^^^^^^^^^^^

warning: missing documentation for a variant
  --> src/hooks/conditions.rs:80:5
   |
80 |     Not {
   |     ^^^

warning: missing documentation for a struct field
  --> src/hooks/conditions.rs:81:9
   |
81 |         condition: Box<HookCondition>,
   |         ^^^^^^^^^^^^^^^^^^^^^^^^^^^^^

warning: missing documentation for a variant
  --> src/hooks/conditions.rs:89:5
   |
89 |     LessThan { size: String },
   |     ^^^^^^^^

warning: missing documentation for a struct field
  --> src/hooks/conditions.rs:89:16
   |
89 |     LessThan { size: String },
   |                ^^^^^^^^^^^^

warning: missing documentation for a variant
  --> src/hooks/conditions.rs:90:5
   |
90 |     GreaterThan { size: String },
   |     ^^^^^^^^^^^

warning: missing documentation for a struct field
  --> src/hooks/conditions.rs:90:19
   |
90 |     GreaterThan { size: String },
   |                   ^^^^^^^^^^^^

warning: missing documentation for a variant
  --> src/hooks/conditions.rs:91:5
   |
91 |     Between { min: String, max: String },
   |     ^^^^^^^

warning: missing documentation for a struct field
  --> src/hooks/conditions.rs:91:15
   |
91 |     Between { min: String, max: String },
   |               ^^^^^^^^^^^

warning: missing documentation for a struct field
  --> src/hooks/conditions.rs:91:28
   |
91 |     Between { min: String, max: String },
   |                            ^^^^^^^^^^^

warning: missing documentation for a variant
  --> src/hooks/conditions.rs:98:5
   |
98 |     Equals,
   |     ^^^^^^

warning: missing documentation for a variant
  --> src/hooks/conditions.rs:99:5
   |
99 |     NotEquals,
   |     ^^^^^^^^^

warning: missing documentation for a variant
   --> src/hooks/conditions.rs:100:5
    |
100 |     Contains,
    |     ^^^^^^^^

warning: missing documentation for a variant
   --> src/hooks/conditions.rs:101:5
    |
101 |     StartsWith,
    |     ^^^^^^^^^^

warning: missing documentation for a variant
   --> src/hooks/conditions.rs:102:5
    |
102 |     EndsWith,
    |     ^^^^^^^^

warning: missing documentation for a variant
   --> src/hooks/conditions.rs:103:5
    |
103 |     GreaterThan,
    |     ^^^^^^^^^^^

warning: missing documentation for a variant
   --> src/hooks/conditions.rs:104:5
    |
104 |     LessThan,
    |     ^^^^^^^^

warning: missing documentation for a variant
   --> src/hooks/conditions.rs:105:5
    |
105 |     GreaterOrEqual,
    |     ^^^^^^^^^^^^^^

warning: missing documentation for a variant
   --> src/hooks/conditions.rs:106:5
    |
106 |     LessOrEqual,
    |     ^^^^^^^^^^^

warning: missing documentation for a variant
   --> src/hooks/conditions.rs:107:5
    |
107 |     Matches, // Regex match
    |     ^^^^^^^

warning: missing documentation for an associated function
   --> src/hooks/conditions.rs:116:5
    |
116 |     pub fn new() -> Self {
    |     ^^^^^^^^^^^^^^^^^^^^

warning: missing documentation for a struct field
  --> src/hooks/config.rs:14:5
   |
14 |     pub name: String,
   |     ^^^^^^^^^^^^^^^^

warning: missing documentation for a struct field
  --> src/hooks/config.rs:16:5
   |
16 |     pub description: Option<String>,
   |     ^^^^^^^^^^^^^^^^^^^^^^^^^^^^^^^

warning: missing documentation for a struct field
  --> src/hooks/config.rs:17:5
   |
17 |     pub events: Vec<String>,
   |     ^^^^^^^^^^^^^^^^^^^^^^^

warning: missing documentation for a struct field
  --> src/hooks/config.rs:19:5
   |
19 |     pub conditions: serde_json::Value,
   |     ^^^^^^^^^^^^^^^^^^^^^^^^^^^^^^^^^

warning: missing documentation for a struct field
  --> src/hooks/config.rs:20:5
   |
20 |     pub actions: Vec<serde_json::Value>,
   |     ^^^^^^^^^^^^^^^^^^^^^^^^^^^^^^^^^^^

warning: missing documentation for a struct field
  --> src/hooks/config.rs:22:5
   |
22 |     pub priority: HookPriority,
   |     ^^^^^^^^^^^^^^^^^^^^^^^^^^

warning: missing documentation for a struct field
  --> src/hooks/config.rs:24:5
   |
24 |     pub enabled: bool,
   |     ^^^^^^^^^^^^^^^^^

warning: missing documentation for a struct field
  --> src/hooks/config.rs:26:5
   |
26 |     pub security: SecurityPolicy,
   |     ^^^^^^^^^^^^^^^^^^^^^^^^^^^^

warning: missing documentation for a struct field
  --> src/hooks/config.rs:28:5
   |
28 |     pub metadata: HookConfigMetadata,
   |     ^^^^^^^^^^^^^^^^^^^^^^^^^^^^^^^^

warning: missing documentation for a struct field
  --> src/hooks/config.rs:39:5
   |
39 |     pub author: Option<String>,
   |     ^^^^^^^^^^^^^^^^^^^^^^^^^^

warning: missing documentation for a struct field
  --> src/hooks/config.rs:41:5
   |
41 |     pub version: String,
   |     ^^^^^^^^^^^^^^^^^^^

warning: missing documentation for a struct field
  --> src/hooks/config.rs:43:5
   |
43 |     pub tags: Vec<String>,
   |     ^^^^^^^^^^^^^^^^^^^^^

warning: missing documentation for a struct field
  --> src/hooks/config.rs:45:5
   |
45 |     pub source: Option<String>,
   |     ^^^^^^^^^^^^^^^^^^^^^^^^^^

warning: missing documentation for an associated function
  --> src/hooks/config.rs:58:5
   |
58 |     pub fn new(security_validator: Arc<HookSecurityValidator>) -> Self {
   |     ^^^^^^^^^^^^^^^^^^^^^^^^^^^^^^^^^^^^^^^^^^^^^^^^^^^^^^^^^^^^^^^^^^

warning: missing documentation for a struct
  --> src/hooks/consensus_integration.rs:64:1
   |
64 | pub struct QualityGatesConfig {
   | ^^^^^^^^^^^^^^^^^^^^^^^^^^^^^

warning: missing documentation for a struct
  --> src/hooks/consensus_integration.rs:82:1
   |
82 | pub struct PerformanceMonitoringConfig {
   | ^^^^^^^^^^^^^^^^^^^^^^^^^^^^^^^^^^^^^^

warning: missing documentation for a struct
  --> src/hooks/consensus_integration.rs:97:1
   |
97 | pub struct EnterpriseConfig {
   | ^^^^^^^^^^^^^^^^^^^^^^^^^^^

warning: missing documentation for a struct
   --> src/hooks/consensus_integration.rs:115:1
    |
115 | pub struct ComplianceConfig {
    | ^^^^^^^^^^^^^^^^^^^^^^^^^^^

warning: missing documentation for an enum
   --> src/hooks/consensus_integration.rs:130:1
    |
130 | pub enum QualityCheckType {
    | ^^^^^^^^^^^^^^^^^^^^^^^^^

warning: missing documentation for a struct
   --> src/hooks/consensus_integration.rs:151:1
    |
151 | pub struct PerformanceThresholds {
    | ^^^^^^^^^^^^^^^^^^^^^^^^^^^^^^^^

warning: missing documentation for a struct
   --> src/hooks/consensus_integration.rs:175:1
    |
175 | pub struct CostThresholds {
    | ^^^^^^^^^^^^^^^^^^^^^^^^^

warning: missing documentation for a struct field
   --> src/hooks/consensus_integration.rs:176:5
    |
176 |     pub stage_warning: f64,
    |     ^^^^^^^^^^^^^^^^^^^^^^

warning: missing documentation for a struct field
   --> src/hooks/consensus_integration.rs:177:5
    |
177 |     pub stage_critical: f64,
    |     ^^^^^^^^^^^^^^^^^^^^^^^

warning: missing documentation for a struct field
   --> src/hooks/consensus_integration.rs:178:5
    |
178 |     pub total_warning: f64,
    |     ^^^^^^^^^^^^^^^^^^^^^^

warning: missing documentation for a struct field
   --> src/hooks/consensus_integration.rs:179:5
    |
179 |     pub total_critical: f64,
    |     ^^^^^^^^^^^^^^^^^^^^^^^

warning: missing documentation for a struct field
   --> src/hooks/consensus_integration.rs:180:5
    |
180 |     pub budget_limit: f64,
    |     ^^^^^^^^^^^^^^^^^^^^^

warning: missing documentation for a struct
   --> src/hooks/consensus_integration.rs:193:1
    |
193 | pub struct QualityGateFailure {
    | ^^^^^^^^^^^^^^^^^^^^^^^^^^^^^

warning: missing documentation for a struct field
   --> src/hooks/consensus_integration.rs:194:5
    |
194 |     pub stage: String,
    |     ^^^^^^^^^^^^^^^^^

warning: missing documentation for a struct field
   --> src/hooks/consensus_integration.rs:195:5
    |
195 |     pub check_type: QualityCheckType,
    |     ^^^^^^^^^^^^^^^^^^^^^^^^^^^^^^^^

warning: missing documentation for a struct field
   --> src/hooks/consensus_integration.rs:196:5
    |
196 |     pub actual_value: f64,
    |     ^^^^^^^^^^^^^^^^^^^^^

warning: missing documentation for a struct field
   --> src/hooks/consensus_integration.rs:197:5
    |
197 |     pub threshold: f64,
    |     ^^^^^^^^^^^^^^^^^^

warning: missing documentation for a struct field
   --> src/hooks/consensus_integration.rs:198:5
    |
198 |     pub timestamp: chrono::DateTime<chrono::Utc>,
    |     ^^^^^^^^^^^^^^^^^^^^^^^^^^^^^^^^^^^^^^^^^^^^

warning: missing documentation for a struct field
   --> src/hooks/consensus_integration.rs:199:5
    |
199 |     pub action_taken: QualityGateAction,
    |     ^^^^^^^^^^^^^^^^^^^^^^^^^^^^^^^^^^^

warning: missing documentation for an enum
   --> src/hooks/consensus_integration.rs:203:1
    |
203 | pub enum QualityGateAction {
    | ^^^^^^^^^^^^^^^^^^^^^^^^^^

warning: missing documentation for a struct
   --> src/hooks/consensus_integration.rs:227:1
    |
227 | pub struct PerformanceAlert {
    | ^^^^^^^^^^^^^^^^^^^^^^^^^^^

warning: missing documentation for a struct field
   --> src/hooks/consensus_integration.rs:228:5
    |
228 |     pub alert_type: PerformanceAlertType,
    |     ^^^^^^^^^^^^^^^^^^^^^^^^^^^^^^^^^^^^

warning: missing documentation for a struct field
   --> src/hooks/consensus_integration.rs:229:5
    |
229 |     pub stage: String,
    |     ^^^^^^^^^^^^^^^^^

warning: missing documentation for a struct field
   --> src/hooks/consensus_integration.rs:230:5
    |
230 |     pub value: f64,
    |     ^^^^^^^^^^^^^^

warning: missing documentation for a struct field
   --> src/hooks/consensus_integration.rs:231:5
    |
231 |     pub threshold: f64,
    |     ^^^^^^^^^^^^^^^^^^

warning: missing documentation for a struct field
   --> src/hooks/consensus_integration.rs:232:5
    |
232 |     pub timestamp: chrono::DateTime<chrono::Utc>,
    |     ^^^^^^^^^^^^^^^^^^^^^^^^^^^^^^^^^^^^^^^^^^^^

warning: missing documentation for a struct field
   --> src/hooks/consensus_integration.rs:233:5
    |
233 |     pub resolved: bool,
    |     ^^^^^^^^^^^^^^^^^^

warning: missing documentation for an enum
   --> src/hooks/consensus_integration.rs:237:1
    |
237 | pub enum PerformanceAlertType {
    | ^^^^^^^^^^^^^^^^^^^^^^^^^^^^^

warning: missing documentation for a variant
   --> src/hooks/consensus_integration.rs:238:5
    |
238 |     SlowStage,
    |     ^^^^^^^^^

warning: missing documentation for a variant
   --> src/hooks/consensus_integration.rs:239:5
    |
239 |     HighMemoryUsage,
    |     ^^^^^^^^^^^^^^^

warning: missing documentation for a variant
   --> src/hooks/consensus_integration.rs:240:5
    |
240 |     HighErrorRate,
    |     ^^^^^^^^^^^^^

warning: missing documentation for a variant
   --> src/hooks/consensus_integration.rs:241:5
    |
241 |     ResourceExhaustion,
    |     ^^^^^^^^^^^^^^^^^^

warning: missing documentation for a struct field
    --> src/hooks/consensus_integration.rs:1085:5
     |
1085 |     pub proceed: bool,
     |     ^^^^^^^^^^^^^^^^^

warning: missing documentation for a struct field
    --> src/hooks/consensus_integration.rs:1086:5
     |
1086 |     pub approval_required: Option<ApprovalRequest>,
     |     ^^^^^^^^^^^^^^^^^^^^^^^^^^^^^^^^^^^^^^^^^^^^^^

warning: missing documentation for a struct field
    --> src/hooks/consensus_integration.rs:1087:5
     |
1087 |     pub warnings: Vec<String>,
     |     ^^^^^^^^^^^^^^^^^^^^^^^^^

warning: missing documentation for a struct field
    --> src/hooks/consensus_integration.rs:1088:5
     |
1088 |     pub modifications: HashMap<String, serde_json::Value>,
     |     ^^^^^^^^^^^^^^^^^^^^^^^^^^^^^^^^^^^^^^^^^^^^^^^^^^^^^

warning: missing documentation for a struct field
    --> src/hooks/consensus_integration.rs:1094:5
     |
1094 |     pub passed: bool,
     |     ^^^^^^^^^^^^^^^^

warning: missing documentation for a struct field
    --> src/hooks/consensus_integration.rs:1095:5
     |
1095 |     pub can_continue: bool,
     |     ^^^^^^^^^^^^^^^^^^^^^^

warning: missing documentation for a struct field
    --> src/hooks/consensus_integration.rs:1096:5
     |
1096 |     pub warnings: Vec<String>,
     |     ^^^^^^^^^^^^^^^^^^^^^^^^^

warning: missing documentation for a struct field
    --> src/hooks/consensus_integration.rs:1097:5
     |
1097 |     pub failed_checks: Vec<QualityGateFailure>,
     |     ^^^^^^^^^^^^^^^^^^^^^^^^^^^^^^^^^^^^^^^^^^

warning: missing documentation for a struct field
    --> src/hooks/consensus_integration.rs:1098:5
     |
1098 |     pub approval_required: Option<ApprovalRequest>,
     |     ^^^^^^^^^^^^^^^^^^^^^^^^^^^^^^^^^^^^^^^^^^^^^^

warning: missing documentation for a struct field
    --> src/hooks/consensus_integration.rs:1104:5
     |
1104 |     pub stage_costs: HashMap<String, f64>,
     |     ^^^^^^^^^^^^^^^^^^^^^^^^^^^^^^^^^^^^^

warning: missing documentation for a struct field
    --> src/hooks/consensus_integration.rs:1105:5
     |
1105 |     pub total_cost: f64,
     |     ^^^^^^^^^^^^^^^^^^^

warning: missing documentation for a struct field
    --> src/hooks/consensus_integration.rs:1106:5
     |
1106 |     pub thresholds: CostThresholds,
     |     ^^^^^^^^^^^^^^^^^^^^^^^^^^^^^^

warning: missing documentation for a struct field
    --> src/hooks/consensus_integration.rs:1107:5
     |
1107 |     pub pending_approvals: usize,
     |     ^^^^^^^^^^^^^^^^^^^^^^^^^^^^

warning: missing documentation for a struct field
    --> src/hooks/consensus_integration.rs:1113:5
     |
1113 |     pub quality_scores: HashMap<String, f64>,
     |     ^^^^^^^^^^^^^^^^^^^^^^^^^^^^^^^^^^^^^^^^

warning: missing documentation for a struct field
    --> src/hooks/consensus_integration.rs:1114:5
     |
1114 |     pub error_counts: HashMap<String, u32>,
     |     ^^^^^^^^^^^^^^^^^^^^^^^^^^^^^^^^^^^^^^

warning: missing documentation for a struct field
    --> src/hooks/consensus_integration.rs:1115:5
     |
1115 |     pub retry_counts: HashMap<String, u32>,
     |     ^^^^^^^^^^^^^^^^^^^^^^^^^^^^^^^^^^^^^^

warning: missing documentation for a struct field
    --> src/hooks/consensus_integration.rs:1116:5
     |
1116 |     pub failed_gates: Vec<QualityGateFailure>,
     |     ^^^^^^^^^^^^^^^^^^^^^^^^^^^^^^^^^^^^^^^^^

warning: missing documentation for a struct field
    --> src/hooks/consensus_integration.rs:1117:5
     |
1117 |     pub config: QualityGatesConfig,
     |     ^^^^^^^^^^^^^^^^^^^^^^^^^^^^^^

warning: missing documentation for a struct field
    --> src/hooks/consensus_integration.rs:1123:5
     |
1123 |     pub stage_durations: HashMap<String, Vec<f64>>,
     |     ^^^^^^^^^^^^^^^^^^^^^^^^^^^^^^^^^^^^^^^^^^^^^^

warning: missing documentation for a struct field
    --> src/hooks/consensus_integration.rs:1124:5
     |
1124 |     pub memory_usage: HashMap<String, Vec<u64>>,
     |     ^^^^^^^^^^^^^^^^^^^^^^^^^^^^^^^^^^^^^^^^^^^

warning: missing documentation for a struct field
    --> src/hooks/consensus_integration.rs:1125:5
     |
1125 |     pub error_rates: HashMap<String, f64>,
     |     ^^^^^^^^^^^^^^^^^^^^^^^^^^^^^^^^^^^^^

warning: missing documentation for a struct field
    --> src/hooks/consensus_integration.rs:1126:5
     |
1126 |     pub active_alerts: Vec<PerformanceAlert>,
     |     ^^^^^^^^^^^^^^^^^^^^^^^^^^^^^^^^^^^^^^^^

warning: missing documentation for a struct field
    --> src/hooks/consensus_integration.rs:1127:5
     |
1127 |     pub total_alerts: usize,
     |     ^^^^^^^^^^^^^^^^^^^^^^^

warning: missing documentation for an enum
  --> src/hooks/cost_control.rs:59:1
   |
59 | pub enum CostTrackingGranularity {
   | ^^^^^^^^^^^^^^^^^^^^^^^^^^^^^^^^

warning: missing documentation for a struct
  --> src/hooks/cost_control.rs:77:1
   |
77 | pub struct CostAlertConfig {
   | ^^^^^^^^^^^^^^^^^^^^^^^^^^

warning: missing documentation for a struct
  --> src/hooks/cost_control.rs:95:1
   |
95 | pub struct CostApprovalConfig {
   | ^^^^^^^^^^^^^^^^^^^^^^^^^^^^^

warning: missing documentation for a struct
   --> src/hooks/cost_control.rs:113:1
    |
113 | pub struct CostOptimizationConfig {
    | ^^^^^^^^^^^^^^^^^^^^^^^^^^^^^^^^^

warning: missing documentation for an enum
   --> src/hooks/cost_control.rs:128:1
    |
128 | pub enum BudgetEnforcementLevel {
    | ^^^^^^^^^^^^^^^^^^^^^^^^^^^^^^^

warning: missing documentation for a struct
   --> src/hooks/cost_control.rs:143:1
    |
143 | pub struct CostEstimationConfig {
    | ^^^^^^^^^^^^^^^^^^^^^^^^^^^^^^^

warning: missing documentation for an enum
   --> src/hooks/cost_control.rs:161:1
    |
161 | pub enum AlertChannel {
    | ^^^^^^^^^^^^^^^^^^^^^

warning: missing documentation for a variant
   --> src/hooks/cost_control.rs:162:5
    |
162 |     Console,
    |     ^^^^^^^

warning: missing documentation for a variant
   --> src/hooks/cost_control.rs:163:5
    |
163 |     Log,
    |     ^^^

warning: missing documentation for a variant
   --> src/hooks/cost_control.rs:164:5
    |
164 |     Email {
    |     ^^^^^

warning: missing documentation for a struct field
   --> src/hooks/cost_control.rs:165:9
    |
165 |         recipients: Vec<String>,
    |         ^^^^^^^^^^^^^^^^^^^^^^^

warning: missing documentation for a variant
   --> src/hooks/cost_control.rs:167:5
    |
167 |     Webhook {
    |     ^^^^^^^

warning: missing documentation for a struct field
   --> src/hooks/cost_control.rs:168:9
    |
168 |         url: String,
    |         ^^^^^^^^^^^

warning: missing documentation for a struct field
   --> src/hooks/cost_control.rs:169:9
    |
169 |         headers: Option<HashMap<String, String>>,
    |         ^^^^^^^^^^^^^^^^^^^^^^^^^^^^^^^^^^^^^^^^

warning: missing documentation for a variant
   --> src/hooks/cost_control.rs:171:5
    |
171 |     Slack {
    |     ^^^^^

warning: missing documentation for a struct field
   --> src/hooks/cost_control.rs:172:9
    |
172 |         webhook_url: String,
    |         ^^^^^^^^^^^^^^^^^^^

warning: missing documentation for a struct field
   --> src/hooks/cost_control.rs:173:9
    |
173 |         channel: String,
    |         ^^^^^^^^^^^^^^^

warning: missing documentation for a struct
   --> src/hooks/cost_control.rs:178:1
    |
178 | pub struct AlertRateLimiting {
    | ^^^^^^^^^^^^^^^^^^^^^^^^^^^^

warning: missing documentation for a struct
   --> src/hooks/cost_control.rs:190:1
    |
190 | pub struct AlertEscalationConfig {
    | ^^^^^^^^^^^^^^^^^^^^^^^^^^^^^^^^

warning: missing documentation for a struct
   --> src/hooks/cost_control.rs:202:1
    |
202 | pub struct EscalationLevel {
    | ^^^^^^^^^^^^^^^^^^^^^^^^^^

warning: missing documentation for a struct field
   --> src/hooks/cost_control.rs:203:5
    |
203 |     pub level: u32,
    |     ^^^^^^^^^^^^^^

warning: missing documentation for a struct field
   --> src/hooks/cost_control.rs:204:5
    |
204 |     pub channels: Vec<AlertChannel>,
    |     ^^^^^^^^^^^^^^^^^^^^^^^^^^^^^^^

warning: missing documentation for a struct field
   --> src/hooks/cost_control.rs:205:5
    |
205 |     pub required_acknowledgment: bool,
    |     ^^^^^^^^^^^^^^^^^^^^^^^^^^^^^^^^^

warning: missing documentation for a struct field
   --> src/hooks/cost_control.rs:206:5
    |
206 |     pub auto_escalate_after_seconds: Option<u64>,
    |     ^^^^^^^^^^^^^^^^^^^^^^^^^^^^^^^^^^^^^^^^^^^^

warning: missing documentation for a struct
   --> src/hooks/cost_control.rs:210:1
    |
210 | pub struct AutoApprovalRule {
    | ^^^^^^^^^^^^^^^^^^^^^^^^^^^

warning: missing documentation for a struct field
   --> src/hooks/cost_control.rs:211:5
    |
211 |     pub id: String,
    |     ^^^^^^^^^^^^^^

warning: missing documentation for a struct field
   --> src/hooks/cost_control.rs:212:5
    |
212 |     pub name: String,
    |     ^^^^^^^^^^^^^^^^

warning: missing documentation for a struct field
   --> src/hooks/cost_control.rs:213:5
    |
213 |     pub description: String,
    |     ^^^^^^^^^^^^^^^^^^^^^^^

warning: missing documentation for a struct field
   --> src/hooks/cost_control.rs:214:5
    |
214 |     pub conditions: Vec<ApprovalCondition>,
    |     ^^^^^^^^^^^^^^^^^^^^^^^^^^^^^^^^^^^^^^

warning: missing documentation for a struct field
   --> src/hooks/cost_control.rs:215:5
    |
215 |     pub max_auto_approve_amount: f64,
    |     ^^^^^^^^^^^^^^^^^^^^^^^^^^^^^^^^

warning: missing documentation for a struct field
   --> src/hooks/cost_control.rs:216:5
    |
216 |     pub daily_limit: Option<f64>,
    |     ^^^^^^^^^^^^^^^^^^^^^^^^^^^^

warning: missing documentation for a struct field
   --> src/hooks/cost_control.rs:217:5
    |
217 |     pub enabled: bool,
    |     ^^^^^^^^^^^^^^^^^

warning: missing documentation for a struct
   --> src/hooks/cost_control.rs:221:1
    |
221 | pub struct ApprovalCondition {
    | ^^^^^^^^^^^^^^^^^^^^^^^^^^^^

warning: missing documentation for a struct field
   --> src/hooks/cost_control.rs:222:5
    |
222 |     pub field: String,
    |     ^^^^^^^^^^^^^^^^^

warning: missing documentation for a struct field
   --> src/hooks/cost_control.rs:223:5
    |
223 |     pub operator: ConditionOperator,
    |     ^^^^^^^^^^^^^^^^^^^^^^^^^^^^^^^

warning: missing documentation for a struct field
   --> src/hooks/cost_control.rs:224:5
    |
224 |     pub value: serde_json::Value,
    |     ^^^^^^^^^^^^^^^^^^^^^^^^^^^^

warning: missing documentation for an enum
   --> src/hooks/cost_control.rs:228:1
    |
228 | pub enum ConditionOperator {
    | ^^^^^^^^^^^^^^^^^^^^^^^^^^

warning: missing documentation for a variant
   --> src/hooks/cost_control.rs:229:5
    |
229 |     Equals,
    |     ^^^^^^

warning: missing documentation for a variant
   --> src/hooks/cost_control.rs:230:5
    |
230 |     LessThan,
    |     ^^^^^^^^

warning: missing documentation for a variant
   --> src/hooks/cost_control.rs:231:5
    |
231 |     LessThanOrEqual,
    |     ^^^^^^^^^^^^^^^

warning: missing documentation for a variant
   --> src/hooks/cost_control.rs:232:5
    |
232 |     GreaterThan,
    |     ^^^^^^^^^^^

warning: missing documentation for a variant
   --> src/hooks/cost_control.rs:233:5
    |
233 |     GreaterThanOrEqual,
    |     ^^^^^^^^^^^^^^^^^^

warning: missing documentation for a variant
   --> src/hooks/cost_control.rs:234:5
    |
234 |     Contains,
    |     ^^^^^^^^

warning: missing documentation for a variant
   --> src/hooks/cost_control.rs:235:5
    |
235 |     In,
    |     ^^

warning: missing documentation for a variant
   --> src/hooks/cost_control.rs:236:5
    |
236 |     NotIn,
    |     ^^^^^

warning: missing documentation for a struct
   --> src/hooks/cost_control.rs:240:1
    |
240 | pub struct OptimizationStrategy {
    | ^^^^^^^^^^^^^^^^^^^^^^^^^^^^^^^

warning: missing documentation for a struct field
   --> src/hooks/cost_control.rs:241:5
    |
241 |     pub id: String,
    |     ^^^^^^^^^^^^^^

warning: missing documentation for a struct field
   --> src/hooks/cost_control.rs:242:5
    |
242 |     pub name: String,
    |     ^^^^^^^^^^^^^^^^

warning: missing documentation for a struct field
   --> src/hooks/cost_control.rs:243:5
    |
243 |     pub description: String,
    |     ^^^^^^^^^^^^^^^^^^^^^^^

warning: missing documentation for a struct field
   --> src/hooks/cost_control.rs:244:5
    |
244 |     pub optimization_type: OptimizationType,
    |     ^^^^^^^^^^^^^^^^^^^^^^^^^^^^^^^^^^^^^^^

warning: missing documentation for a struct field
   --> src/hooks/cost_control.rs:245:5
    |
245 |     pub potential_savings: f64, // Estimated savings as a percentage
    |     ^^^^^^^^^^^^^^^^^^^^^^^^^^

warning: missing documentation for a struct field
   --> src/hooks/cost_control.rs:246:5
    |
246 |     pub implementation_effort: OptimizationEffort,
    |     ^^^^^^^^^^^^^^^^^^^^^^^^^^^^^^^^^^^^^^^^^^^^^

warning: missing documentation for a struct field
   --> src/hooks/cost_control.rs:247:5
    |
247 |     pub enabled: bool,
    |     ^^^^^^^^^^^^^^^^^

warning: missing documentation for an enum
   --> src/hooks/cost_control.rs:251:1
    |
251 | pub enum OptimizationType {
    | ^^^^^^^^^^^^^^^^^^^^^^^^^

warning: missing documentation for a struct field
   --> src/hooks/cost_control.rs:268:14
    |
268 |     Custom { strategy_name: String },
    |              ^^^^^^^^^^^^^^^^^^^^^

warning: missing documentation for an enum
   --> src/hooks/cost_control.rs:272:1
    |
272 | pub enum OptimizationEffort {
    | ^^^^^^^^^^^^^^^^^^^^^^^^^^^

warning: missing documentation for a variant
   --> src/hooks/cost_control.rs:273:5
    |
273 |     Low,
    |     ^^^

warning: missing documentation for a variant
   --> src/hooks/cost_control.rs:274:5
    |
274 |     Medium,
    |     ^^^^^^

warning: missing documentation for a variant
   --> src/hooks/cost_control.rs:275:5
    |
275 |     High,
    |     ^^^^

warning: missing documentation for a struct
   --> src/hooks/cost_control.rs:279:1
    |
279 | pub struct EfficiencyTargets {
    | ^^^^^^^^^^^^^^^^^^^^^^^^^^^^

warning: missing documentation for a struct
   --> src/hooks/cost_control.rs:294:1
    |
294 | pub struct ModelSelectionConfig {
    | ^^^^^^^^^^^^^^^^^^^^^^^^^^^^^^^

warning: missing documentation for a struct
   --> src/hooks/cost_control.rs:309:1
    |
309 | pub struct ModelCostFactor {
    | ^^^^^^^^^^^^^^^^^^^^^^^^^^

warning: missing documentation for a struct field
   --> src/hooks/cost_control.rs:326:5
    |
326 |     pub id: String,
    |     ^^^^^^^^^^^^^^

warning: missing documentation for a struct field
   --> src/hooks/cost_control.rs:327:5
    |
327 |     pub name: String,
    |     ^^^^^^^^^^^^^^^^

warning: missing documentation for a struct field
   --> src/hooks/cost_control.rs:328:5
    |
328 |     pub description: String,
    |     ^^^^^^^^^^^^^^^^^^^^^^^

warning: missing documentation for a struct field
   --> src/hooks/cost_control.rs:329:5
    |
329 |     pub amount: f64,
    |     ^^^^^^^^^^^^^^^

warning: missing documentation for a struct field
   --> src/hooks/cost_control.rs:330:5
    |
330 |     pub period: BudgetPeriod,
    |     ^^^^^^^^^^^^^^^^^^^^^^^^

warning: missing documentation for a struct field
   --> src/hooks/cost_control.rs:331:5
    |
331 |     pub scope: BudgetScope,
    |     ^^^^^^^^^^^^^^^^^^^^^^

warning: missing documentation for a struct field
   --> src/hooks/cost_control.rs:332:5
    |
332 |     pub start_date: chrono::DateTime<chrono::Utc>,
    |     ^^^^^^^^^^^^^^^^^^^^^^^^^^^^^^^^^^^^^^^^^^^^^

warning: missing documentation for a struct field
   --> src/hooks/cost_control.rs:333:5
    |
333 |     pub end_date: chrono::DateTime<chrono::Utc>,
    |     ^^^^^^^^^^^^^^^^^^^^^^^^^^^^^^^^^^^^^^^^^^^

warning: missing documentation for a struct field
   --> src/hooks/cost_control.rs:334:5
    |
334 |     pub current_usage: f64,
    |     ^^^^^^^^^^^^^^^^^^^^^^

warning: missing documentation for a struct field
   --> src/hooks/cost_control.rs:335:5
    |
335 |     pub alerts_sent: u32,
    |     ^^^^^^^^^^^^^^^^^^^^

warning: missing documentation for a struct field
   --> src/hooks/cost_control.rs:336:5
    |
336 |     pub status: BudgetStatus,
    |     ^^^^^^^^^^^^^^^^^^^^^^^^

warning: missing documentation for a struct field
   --> src/hooks/cost_control.rs:337:5
    |
337 |     pub created_by: String,
    |     ^^^^^^^^^^^^^^^^^^^^^^

warning: missing documentation for a struct field
   --> src/hooks/cost_control.rs:338:5
    |
338 |     pub tags: Vec<String>,
    |     ^^^^^^^^^^^^^^^^^^^^^

warning: missing documentation for an enum
   --> src/hooks/cost_control.rs:342:1
    |
342 | pub enum BudgetPeriod {
    | ^^^^^^^^^^^^^^^^^^^^^

warning: missing documentation for a variant
   --> src/hooks/cost_control.rs:343:5
    |
343 |     Daily,
    |     ^^^^^

warning: missing documentation for a variant
   --> src/hooks/cost_control.rs:344:5
    |
344 |     Weekly,
    |     ^^^^^^

warning: missing documentation for a variant
   --> src/hooks/cost_control.rs:345:5
    |
345 |     Monthly,
    |     ^^^^^^^

warning: missing documentation for a variant
   --> src/hooks/cost_control.rs:346:5
    |
346 |     Quarterly,
    |     ^^^^^^^^^

warning: missing documentation for a variant
   --> src/hooks/cost_control.rs:347:5
    |
347 |     Yearly,
    |     ^^^^^^

warning: missing documentation for a variant
   --> src/hooks/cost_control.rs:348:5
    |
348 |     Custom { duration_days: u32 },
    |     ^^^^^^

warning: missing documentation for a struct field
   --> src/hooks/cost_control.rs:348:14
    |
348 |     Custom { duration_days: u32 },
    |              ^^^^^^^^^^^^^^^^^^

warning: missing documentation for an enum
   --> src/hooks/cost_control.rs:352:1
    |
352 | pub enum BudgetScope {
    | ^^^^^^^^^^^^^^^^^^^^

warning: missing documentation for a struct field
   --> src/hooks/cost_control.rs:357:12
    |
357 |     User { user_id: String },
    |            ^^^^^^^^^^^^^^^

warning: missing documentation for a struct field
   --> src/hooks/cost_control.rs:360:15
    |
360 |     Project { project_id: String },
    |               ^^^^^^^^^^^^^^^^^^

warning: missing documentation for a struct field
   --> src/hooks/cost_control.rs:363:13
    |
363 |     Model { model_name: String },
    |             ^^^^^^^^^^^^^^^^^^

warning: missing documentation for a struct field
   --> src/hooks/cost_control.rs:366:13
    |
366 |     Stage { stage: Stage },
    |             ^^^^^^^^^^^^

warning: missing documentation for a struct field
   --> src/hooks/cost_control.rs:369:14
    |
369 |     Custom { conditions: Vec<BudgetCondition> },
    |              ^^^^^^^^^^^^^^^^^^^^^^^^^^^^^^^^

warning: missing documentation for a struct
   --> src/hooks/cost_control.rs:373:1
    |
373 | pub struct BudgetCondition {
    | ^^^^^^^^^^^^^^^^^^^^^^^^^^

warning: missing documentation for a struct field
   --> src/hooks/cost_control.rs:374:5
    |
374 |     pub field: String,
    |     ^^^^^^^^^^^^^^^^^

warning: missing documentation for a struct field
   --> src/hooks/cost_control.rs:375:5
    |
375 |     pub operator: ConditionOperator,
    |     ^^^^^^^^^^^^^^^^^^^^^^^^^^^^^^^

warning: missing documentation for a struct field
   --> src/hooks/cost_control.rs:376:5
    |
376 |     pub value: serde_json::Value,
    |     ^^^^^^^^^^^^^^^^^^^^^^^^^^^^

warning: missing documentation for an enum
   --> src/hooks/cost_control.rs:380:1
    |
380 | pub enum BudgetStatus {
    | ^^^^^^^^^^^^^^^^^^^^^

warning: missing documentation for a variant
   --> src/hooks/cost_control.rs:381:5
    |
381 |     Active,
    |     ^^^^^^

warning: missing documentation for a variant
   --> src/hooks/cost_control.rs:382:5
    |
382 |     Exceeded,
    |     ^^^^^^^^

warning: missing documentation for a variant
   --> src/hooks/cost_control.rs:383:5
    |
383 |     Suspended,
    |     ^^^^^^^^^

warning: missing documentation for a variant
   --> src/hooks/cost_control.rs:384:5
    |
384 |     Expired,
    |     ^^^^^^^

warning: missing documentation for a struct field
   --> src/hooks/cost_control.rs:390:5
    |
390 |     pub id: String,
    |     ^^^^^^^^^^^^^^

warning: missing documentation for a struct field
   --> src/hooks/cost_control.rs:391:5
    |
391 |     pub name: String,
    |     ^^^^^^^^^^^^^^^^

warning: missing documentation for a struct field
   --> src/hooks/cost_control.rs:392:5
    |
392 |     pub description: String,
    |     ^^^^^^^^^^^^^^^^^^^^^^^

warning: missing documentation for a struct field
   --> src/hooks/cost_control.rs:393:5
    |
393 |     pub threshold_type: ThresholdType,
    |     ^^^^^^^^^^^^^^^^^^^^^^^^^^^^^^^^^

warning: missing documentation for a struct field
   --> src/hooks/cost_control.rs:394:5
    |
394 |     pub amount: f64,
    |     ^^^^^^^^^^^^^^^

warning: missing documentation for a struct field
   --> src/hooks/cost_control.rs:395:5
    |
395 |     pub period: Option<ThresholdPeriod>,
    |     ^^^^^^^^^^^^^^^^^^^^^^^^^^^^^^^^^^^

warning: missing documentation for a struct field
   --> src/hooks/cost_control.rs:396:5
    |
396 |     pub action: ThresholdAction,
    |     ^^^^^^^^^^^^^^^^^^^^^^^^^^^

warning: missing documentation for a struct field
   --> src/hooks/cost_control.rs:397:5
    |
397 |     pub enabled: bool,
    |     ^^^^^^^^^^^^^^^^^

warning: missing documentation for a struct field
   --> src/hooks/cost_control.rs:398:5
    |
398 |     pub scope: ThresholdScope,
    |     ^^^^^^^^^^^^^^^^^^^^^^^^^

warning: missing documentation for an enum
   --> src/hooks/cost_control.rs:402:1
    |
402 | pub enum ThresholdType {
    | ^^^^^^^^^^^^^^^^^^^^^^

warning: missing documentation for an enum
   --> src/hooks/cost_control.rs:417:1
    |
417 | pub enum ThresholdPeriod {
    | ^^^^^^^^^^^^^^^^^^^^^^^^

warning: missing documentation for a variant
   --> src/hooks/cost_control.rs:418:5
    |
418 |     PerOperation,
    |     ^^^^^^^^^^^^

warning: missing documentation for a variant
   --> src/hooks/cost_control.rs:419:5
    |
419 |     PerHour,
    |     ^^^^^^^

warning: missing documentation for a variant
   --> src/hooks/cost_control.rs:420:5
    |
420 |     PerDay,
    |     ^^^^^^

warning: missing documentation for a variant
   --> src/hooks/cost_control.rs:421:5
    |
421 |     PerWeek,
    |     ^^^^^^^

warning: missing documentation for a variant
   --> src/hooks/cost_control.rs:422:5
    |
422 |     PerMonth,
    |     ^^^^^^^^

warning: missing documentation for an enum
   --> src/hooks/cost_control.rs:426:1
    |
426 | pub enum ThresholdAction {
    | ^^^^^^^^^^^^^^^^^^^^^^^^

warning: missing documentation for a struct field
   --> src/hooks/cost_control.rs:443:14
    |
443 |     Custom { action_id: String },
    |              ^^^^^^^^^^^^^^^^^

warning: missing documentation for an enum
   --> src/hooks/cost_control.rs:447:1
    |
447 | pub enum ThresholdScope {
    | ^^^^^^^^^^^^^^^^^^^^^^^

warning: missing documentation for a variant
   --> src/hooks/cost_control.rs:448:5
    |
448 |     Global,
    |     ^^^^^^

warning: missing documentation for a variant
   --> src/hooks/cost_control.rs:449:5
    |
449 |     PerUser,
    |     ^^^^^^^

warning: missing documentation for a variant
   --> src/hooks/cost_control.rs:450:5
    |
450 |     PerProject,
    |     ^^^^^^^^^^

warning: missing documentation for a variant
   --> src/hooks/cost_control.rs:451:5
    |
451 |     PerModel,
    |     ^^^^^^^^

warning: missing documentation for a variant
   --> src/hooks/cost_control.rs:452:5
    |
452 |     PerStage,
    |     ^^^^^^^^

warning: missing documentation for a struct
   --> src/hooks/cost_control.rs:481:1
    |
481 | pub struct CostDataPoint {
    | ^^^^^^^^^^^^^^^^^^^^^^^^

warning: missing documentation for a struct field
   --> src/hooks/cost_control.rs:482:5
    |
482 |     pub timestamp: chrono::DateTime<chrono::Utc>,
    |     ^^^^^^^^^^^^^^^^^^^^^^^^^^^^^^^^^^^^^^^^^^^^

warning: missing documentation for a struct field
   --> src/hooks/cost_control.rs:483:5
    |
483 |     pub cost: f64,
    |     ^^^^^^^^^^^^^

warning: missing documentation for a struct field
   --> src/hooks/cost_control.rs:484:5
    |
484 |     pub operation_type: String,
    |     ^^^^^^^^^^^^^^^^^^^^^^^^^^

warning: missing documentation for a struct field
   --> src/hooks/cost_control.rs:485:5
    |
485 |     pub model: String,
    |     ^^^^^^^^^^^^^^^^^

warning: missing documentation for a struct field
   --> src/hooks/cost_control.rs:486:5
    |
486 |     pub stage: String,
    |     ^^^^^^^^^^^^^^^^^

warning: missing documentation for a struct field
   --> src/hooks/cost_control.rs:487:5
    |
487 |     pub tokens_used: u32,
    |     ^^^^^^^^^^^^^^^^^^^^

warning: missing documentation for a struct field
   --> src/hooks/cost_control.rs:488:5
    |
488 |     pub quality_score: f64,
    |     ^^^^^^^^^^^^^^^^^^^^^^

warning: missing documentation for a struct
   --> src/hooks/cost_control.rs:492:1
    |
492 | pub struct EfficiencyMetrics {
    | ^^^^^^^^^^^^^^^^^^^^^^^^^^^^

warning: missing documentation for a struct field
   --> src/hooks/cost_control.rs:493:5
    |
493 |     pub average_cost_per_token: f64,
    |     ^^^^^^^^^^^^^^^^^^^^^^^^^^^^^^^

warning: missing documentation for a struct field
   --> src/hooks/cost_control.rs:494:5
    |
494 |     pub average_cost_per_operation: f64,
    |     ^^^^^^^^^^^^^^^^^^^^^^^^^^^^^^^^^^^

warning: missing documentation for a struct field
   --> src/hooks/cost_control.rs:495:5
    |
495 |     pub average_cost_per_quality_point: f64,
    |     ^^^^^^^^^^^^^^^^^^^^^^^^^^^^^^^^^^^^^^^

warning: missing documentation for a struct field
   --> src/hooks/cost_control.rs:496:5
    |
496 |     pub cost_efficiency_trend: EfficiencyTrend,
    |     ^^^^^^^^^^^^^^^^^^^^^^^^^^^^^^^^^^^^^^^^^^

warning: missing documentation for a struct field
   --> src/hooks/cost_control.rs:497:5
    |
497 |     pub model_efficiency_rankings: Vec<ModelEfficiency>,
    |     ^^^^^^^^^^^^^^^^^^^^^^^^^^^^^^^^^^^^^^^^^^^^^^^^^^^

warning: missing documentation for a struct
   --> src/hooks/cost_control.rs:501:1
    |
501 | pub struct ModelEfficiency {
    | ^^^^^^^^^^^^^^^^^^^^^^^^^^

warning: missing documentation for a struct field
   --> src/hooks/cost_control.rs:502:5
    |
502 |     pub model_name: String,
    |     ^^^^^^^^^^^^^^^^^^^^^^

warning: missing documentation for a struct field
   --> src/hooks/cost_control.rs:503:5
    |
503 |     pub cost_efficiency_score: f64,
    |     ^^^^^^^^^^^^^^^^^^^^^^^^^^^^^^

warning: missing documentation for a struct field
   --> src/hooks/cost_control.rs:504:5
    |
504 |     pub quality_efficiency_score: f64,
    |     ^^^^^^^^^^^^^^^^^^^^^^^^^^^^^^^^^

warning: missing documentation for a struct field
   --> src/hooks/cost_control.rs:505:5
    |
505 |     pub overall_efficiency_score: f64,
    |     ^^^^^^^^^^^^^^^^^^^^^^^^^^^^^^^^^

warning: missing documentation for a struct field
   --> src/hooks/cost_control.rs:506:5
    |
506 |     pub usage_count: u32,
    |     ^^^^^^^^^^^^^^^^^^^^

warning: missing documentation for a struct field
   --> src/hooks/cost_control.rs:507:5
    |
507 |     pub total_cost: f64,
    |     ^^^^^^^^^^^^^^^^^^^

warning: missing documentation for a struct field
   --> src/hooks/cost_control.rs:508:5
    |
508 |     pub average_quality: f64,
    |     ^^^^^^^^^^^^^^^^^^^^^^^^

warning: missing documentation for an enum
   --> src/hooks/cost_control.rs:512:1
    |
512 | pub enum EfficiencyTrend {
    | ^^^^^^^^^^^^^^^^^^^^^^^^

warning: missing documentation for a variant
   --> src/hooks/cost_control.rs:514:5
    |
514 |     Stable,
    |     ^^^^^^

warning: missing documentation for a variant
   --> src/hooks/cost_control.rs:515:5
    |
515 |     Improving,
    |     ^^^^^^^^^

warning: missing documentation for a variant
   --> src/hooks/cost_control.rs:516:5
    |
516 |     Declining,
    |     ^^^^^^^^^

warning: missing documentation for a struct field
   --> src/hooks/cost_control.rs:522:5
    |
522 |     pub id: String,
    |     ^^^^^^^^^^^^^^

warning: missing documentation for a struct field
   --> src/hooks/cost_control.rs:523:5
    |
523 |     pub alert_type: CostAlertType,
    |     ^^^^^^^^^^^^^^^^^^^^^^^^^^^^^

warning: missing documentation for a struct field
   --> src/hooks/cost_control.rs:524:5
    |
524 |     pub severity: AlertSeverity,
    |     ^^^^^^^^^^^^^^^^^^^^^^^^^^^

warning: missing documentation for a struct field
   --> src/hooks/cost_control.rs:525:5
    |
525 |     pub message: String,
    |     ^^^^^^^^^^^^^^^^^^^

warning: missing documentation for a struct field
   --> src/hooks/cost_control.rs:526:5
    |
526 |     pub cost_amount: f64,
    |     ^^^^^^^^^^^^^^^^^^^^

warning: missing documentation for a struct field
   --> src/hooks/cost_control.rs:527:5
    |
527 |     pub threshold_amount: Option<f64>,
    |     ^^^^^^^^^^^^^^^^^^^^^^^^^^^^^^^^^

warning: missing documentation for a struct field
   --> src/hooks/cost_control.rs:528:5
    |
528 |     pub budget_id: Option<String>,
    |     ^^^^^^^^^^^^^^^^^^^^^^^^^^^^^

warning: missing documentation for a struct field
   --> src/hooks/cost_control.rs:529:5
    |
529 |     pub scope: String,
    |     ^^^^^^^^^^^^^^^^^

warning: missing documentation for a struct field
   --> src/hooks/cost_control.rs:530:5
    |
530 |     pub timestamp: chrono::DateTime<chrono::Utc>,
    |     ^^^^^^^^^^^^^^^^^^^^^^^^^^^^^^^^^^^^^^^^^^^^

warning: missing documentation for a struct field
   --> src/hooks/cost_control.rs:531:5
    |
531 |     pub acknowledged: bool,
    |     ^^^^^^^^^^^^^^^^^^^^^^

warning: missing documentation for a struct field
   --> src/hooks/cost_control.rs:532:5
    |
532 |     pub acknowledged_by: Option<String>,
    |     ^^^^^^^^^^^^^^^^^^^^^^^^^^^^^^^^^^^

warning: missing documentation for a struct field
   --> src/hooks/cost_control.rs:533:5
    |
533 |     pub acknowledged_at: Option<chrono::DateTime<chrono::Utc>>,
    |     ^^^^^^^^^^^^^^^^^^^^^^^^^^^^^^^^^^^^^^^^^^^^^^^^^^^^^^^^^^

warning: missing documentation for a struct field
   --> src/hooks/cost_control.rs:534:5
    |
534 |     pub escalation_level: u32,
    |     ^^^^^^^^^^^^^^^^^^^^^^^^^

warning: missing documentation for a struct field
   --> src/hooks/cost_control.rs:535:5
    |
535 |     pub metadata: HashMap<String, serde_json::Value>,
    |     ^^^^^^^^^^^^^^^^^^^^^^^^^^^^^^^^^^^^^^^^^^^^^^^^

warning: missing documentation for an enum
   --> src/hooks/cost_control.rs:539:1
    |
539 | pub enum CostAlertType {
    | ^^^^^^^^^^^^^^^^^^^^^^

warning: missing documentation for an enum
   --> src/hooks/cost_control.rs:563:1
    |
563 | pub enum AlertSeverity {
    | ^^^^^^^^^^^^^^^^^^^^^^

warning: missing documentation for a variant
   --> src/hooks/cost_control.rs:564:5
    |
564 |     Info,
    |     ^^^^

warning: missing documentation for a variant
   --> src/hooks/cost_control.rs:565:5
    |
565 |     Warning,
    |     ^^^^^^^

warning: missing documentation for a variant
   --> src/hooks/cost_control.rs:566:5
    |
566 |     Error,
    |     ^^^^^

warning: missing documentation for a variant
   --> src/hooks/cost_control.rs:567:5
    |
567 |     Critical,
    |     ^^^^^^^^

warning: missing documentation for a struct field
    --> src/hooks/cost_control.rs:1489:5
     |
1489 |     pub user_id: Option<String>,
     |     ^^^^^^^^^^^^^^^^^^^^^^^^^^^

warning: missing documentation for a struct field
    --> src/hooks/cost_control.rs:1490:5
     |
1490 |     pub project_id: Option<String>,
     |     ^^^^^^^^^^^^^^^^^^^^^^^^^^^^^^

warning: missing documentation for a struct field
    --> src/hooks/cost_control.rs:1491:5
     |
1491 |     pub conversation_id: String,
     |     ^^^^^^^^^^^^^^^^^^^^^^^^^^^

warning: missing documentation for a struct field
    --> src/hooks/cost_control.rs:1492:5
     |
1492 |     pub question_complexity: f64, // 0.0 - 1.0
     |     ^^^^^^^^^^^^^^^^^^^^^^^^^^^^

warning: missing documentation for a struct field
    --> src/hooks/cost_control.rs:1493:5
     |
1493 |     pub expected_quality: f64,    // 0.0 - 1.0
     |     ^^^^^^^^^^^^^^^^^^^^^^^^^

warning: missing documentation for a struct field
    --> src/hooks/cost_control.rs:1494:5
     |
1494 |     pub priority: String,
     |     ^^^^^^^^^^^^^^^^^^^^

warning: missing documentation for a struct field
    --> src/hooks/cost_control.rs:1500:5
     |
1500 |     pub estimated_cost: f64,
     |     ^^^^^^^^^^^^^^^^^^^^^^^

warning: missing documentation for a struct field
    --> src/hooks/cost_control.rs:1501:5
     |
1501 |     pub confidence: f64, // 0.0 - 1.0
     |     ^^^^^^^^^^^^^^^^^^^

warning: missing documentation for a struct field
    --> src/hooks/cost_control.rs:1502:5
     |
1502 |     pub factors: HashMap<String, f64>,
     |     ^^^^^^^^^^^^^^^^^^^^^^^^^^^^^^^^^

warning: missing documentation for a struct field
    --> src/hooks/cost_control.rs:1503:5
     |
1503 |     pub recommendations: Vec<String>,
     |     ^^^^^^^^^^^^^^^^^^^^^^^^^^^^^^^^

warning: missing documentation for a struct field
    --> src/hooks/cost_control.rs:1509:5
     |
1509 |     pub approval_type: CostApprovalType,
     |     ^^^^^^^^^^^^^^^^^^^^^^^^^^^^^^^^^^^

warning: missing documentation for a struct field
    --> src/hooks/cost_control.rs:1510:5
     |
1510 |     pub estimated_cost: f64,
     |     ^^^^^^^^^^^^^^^^^^^^^^^

warning: missing documentation for a struct field
    --> src/hooks/cost_control.rs:1511:5
     |
1511 |     pub threshold: f64,
     |     ^^^^^^^^^^^^^^^^^^

warning: missing documentation for a struct field
    --> src/hooks/cost_control.rs:1512:5
     |
1512 |     pub reason: String,
     |     ^^^^^^^^^^^^^^^^^^

warning: missing documentation for a struct field
    --> src/hooks/cost_control.rs:1513:5
     |
1513 |     pub required_approvers: Vec<String>,
     |     ^^^^^^^^^^^^^^^^^^^^^^^^^^^^^^^^^^^

warning: missing documentation for a struct field
    --> src/hooks/cost_control.rs:1514:5
     |
1514 |     pub timeout_seconds: u64,
     |     ^^^^^^^^^^^^^^^^^^^^^^^^

warning: missing documentation for an enum
    --> src/hooks/cost_control.rs:1518:1
     |
1518 | pub enum CostApprovalType {
     | ^^^^^^^^^^^^^^^^^^^^^^^^^

warning: missing documentation for a variant
    --> src/hooks/cost_control.rs:1519:5
     |
1519 |     Standard,
     |     ^^^^^^^^

warning: missing documentation for a variant
    --> src/hooks/cost_control.rs:1520:5
     |
1520 |     Emergency,
     |     ^^^^^^^^^

warning: missing documentation for a struct field
    --> src/hooks/cost_control.rs:1526:5
     |
1526 |     pub budget_id: String,
     |     ^^^^^^^^^^^^^^^^^^^^^

warning: missing documentation for a struct field
    --> src/hooks/cost_control.rs:1527:5
     |
1527 |     pub previous_usage: f64,
     |     ^^^^^^^^^^^^^^^^^^^^^^^

warning: missing documentation for a struct field
    --> src/hooks/cost_control.rs:1528:5
     |
1528 |     pub new_usage: f64,
     |     ^^^^^^^^^^^^^^^^^^

warning: missing documentation for a struct field
    --> src/hooks/cost_control.rs:1529:5
     |
1529 |     pub usage_percentage: f64,
     |     ^^^^^^^^^^^^^^^^^^^^^^^^^

warning: missing documentation for a struct field
    --> src/hooks/cost_control.rs:1530:5
     |
1530 |     pub status: BudgetStatus,
     |     ^^^^^^^^^^^^^^^^^^^^^^^^

warning: missing documentation for a struct field
    --> src/hooks/cost_control.rs:1531:5
     |
1531 |     pub alerts_triggered: Vec<CostAlert>,
     |     ^^^^^^^^^^^^^^^^^^^^^^^^^^^^^^^^^^^^

warning: missing documentation for a struct field
    --> src/hooks/cost_control.rs:1537:5
     |
1537 |     pub period_cost: f64,
     |     ^^^^^^^^^^^^^^^^^^^^

warning: missing documentation for a struct field
    --> src/hooks/cost_control.rs:1538:5
     |
1538 |     pub total_budget: f64,
     |     ^^^^^^^^^^^^^^^^^^^^^

warning: missing documentation for a struct field
    --> src/hooks/cost_control.rs:1539:5
     |
1539 |     pub total_usage: f64,
     |     ^^^^^^^^^^^^^^^^^^^^

warning: missing documentation for a struct field
    --> src/hooks/cost_control.rs:1540:5
     |
1540 |     pub budget_utilization: f64,
     |     ^^^^^^^^^^^^^^^^^^^^^^^^^^^

warning: missing documentation for a struct field
    --> src/hooks/cost_control.rs:1541:5
     |
1541 |     pub costs_by_model: HashMap<String, f64>,
     |     ^^^^^^^^^^^^^^^^^^^^^^^^^^^^^^^^^^^^^^^^

warning: missing documentation for a struct field
    --> src/hooks/cost_control.rs:1542:5
     |
1542 |     pub costs_by_stage: HashMap<String, f64>,
     |     ^^^^^^^^^^^^^^^^^^^^^^^^^^^^^^^^^^^^^^^^

warning: missing documentation for a struct field
    --> src/hooks/cost_control.rs:1543:5
     |
1543 |     pub efficiency_metrics: EfficiencyMetrics,
     |     ^^^^^^^^^^^^^^^^^^^^^^^^^^^^^^^^^^^^^^^^^

warning: missing documentation for a struct field
    --> src/hooks/cost_control.rs:1544:5
     |
1544 |     pub active_budgets: usize,
     |     ^^^^^^^^^^^^^^^^^^^^^^^^^

warning: missing documentation for a struct field
    --> src/hooks/cost_control.rs:1545:5
     |
1545 |     pub exceeded_budgets: usize,
     |     ^^^^^^^^^^^^^^^^^^^^^^^^^^^

warning: missing documentation for a struct field
    --> src/hooks/cost_control.rs:1551:5
     |
1551 |     pub id: String,
     |     ^^^^^^^^^^^^^^

warning: missing documentation for a struct field
    --> src/hooks/cost_control.rs:1552:5
     |
1552 |     pub recommendation_type: OptimizationType,
     |     ^^^^^^^^^^^^^^^^^^^^^^^^^^^^^^^^^^^^^^^^^

warning: missing documentation for a struct field
    --> src/hooks/cost_control.rs:1553:5
     |
1553 |     pub title: String,
     |     ^^^^^^^^^^^^^^^^^

warning: missing documentation for a struct field
    --> src/hooks/cost_control.rs:1554:5
     |
1554 |     pub description: String,
     |     ^^^^^^^^^^^^^^^^^^^^^^^

warning: missing documentation for a struct field
    --> src/hooks/cost_control.rs:1555:5
     |
1555 |     pub potential_savings: f64, // Percentage
     |     ^^^^^^^^^^^^^^^^^^^^^^^^^^

warning: missing documentation for a struct field
    --> src/hooks/cost_control.rs:1556:5
     |
1556 |     pub implementation_effort: OptimizationEffort,
     |     ^^^^^^^^^^^^^^^^^^^^^^^^^^^^^^^^^^^^^^^^^^^^^

warning: missing documentation for a struct field
    --> src/hooks/cost_control.rs:1557:5
     |
1557 |     pub priority: RecommendationPriority,
     |     ^^^^^^^^^^^^^^^^^^^^^^^^^^^^^^^^^^^^

warning: missing documentation for a struct field
    --> src/hooks/cost_control.rs:1558:5
     |
1558 |     pub estimated_impact: EstimatedImpact,
     |     ^^^^^^^^^^^^^^^^^^^^^^^^^^^^^^^^^^^^^

warning: missing documentation for an enum
    --> src/hooks/cost_control.rs:1562:1
     |
1562 | pub enum RecommendationPriority {
     | ^^^^^^^^^^^^^^^^^^^^^^^^^^^^^^^

warning: missing documentation for a variant
    --> src/hooks/cost_control.rs:1563:5
     |
1563 |     Low,
     |     ^^^

warning: missing documentation for a variant
    --> src/hooks/cost_control.rs:1564:5
     |
1564 |     Medium,
     |     ^^^^^^

warning: missing documentation for a variant
    --> src/hooks/cost_control.rs:1565:5
     |
1565 |     High,
     |     ^^^^

warning: missing documentation for a variant
    --> src/hooks/cost_control.rs:1566:5
     |
1566 |     Critical,
     |     ^^^^^^^^

warning: missing documentation for a struct
    --> src/hooks/cost_control.rs:1570:1
     |
1570 | pub struct EstimatedImpact {
     | ^^^^^^^^^^^^^^^^^^^^^^^^^^

warning: missing documentation for a struct field
    --> src/hooks/cost_control.rs:1571:5
     |
1571 |     pub cost_reduction: f64, // Dollar amount
     |     ^^^^^^^^^^^^^^^^^^^^^^^

warning: missing documentation for a struct field
    --> src/hooks/cost_control.rs:1572:5
     |
1572 |     pub quality_impact: f64, // -1.0 to 1.0 (negative = reduction)
     |     ^^^^^^^^^^^^^^^^^^^^^^^

warning: missing documentation for a struct field
    --> src/hooks/cost_control.rs:1573:5
     |
1573 |     pub implementation_time_days: u32,
     |     ^^^^^^^^^^^^^^^^^^^^^^^^^^^^^^^^^

warning: missing documentation for a struct field
   --> src/hooks/dispatcher.rs:135:5
    |
135 |     pub events_received: u64,
    |     ^^^^^^^^^^^^^^^^^^^^^^^^

warning: missing documentation for a struct field
   --> src/hooks/dispatcher.rs:136:5
    |
136 |     pub events_processed: u64,
    |     ^^^^^^^^^^^^^^^^^^^^^^^^^

warning: missing documentation for a struct field
   --> src/hooks/dispatcher.rs:137:5
    |
137 |     pub events_dropped: u64,
    |     ^^^^^^^^^^^^^^^^^^^^^^^

warning: missing documentation for a struct field
   --> src/hooks/dispatcher.rs:138:5
    |
138 |     pub events_expired: u64,
    |     ^^^^^^^^^^^^^^^^^^^^^^^

warning: missing documentation for a struct field
   --> src/hooks/dispatcher.rs:139:5
    |
139 |     pub queue_sizes: HashMap<String, usize>,
    |     ^^^^^^^^^^^^^^^^^^^^^^^^^^^^^^^^^^^^^^^

warning: missing documentation for a struct field
   --> src/hooks/dispatcher.rs:140:5
    |
140 |     pub processing_times: HashMap<String, f64>,
    |     ^^^^^^^^^^^^^^^^^^^^^^^^^^^^^^^^^^^^^^^^^^

warning: missing documentation for a variant
  --> src/hooks/events.rs:18:5
   |
18 |     BeforeConsensus,
   |     ^^^^^^^^^^^^^^^

warning: missing documentation for a variant
  --> src/hooks/events.rs:19:5
   |
19 |     AfterConsensus,
   |     ^^^^^^^^^^^^^^

warning: missing documentation for a variant
  --> src/hooks/events.rs:20:5
   |
20 |     BeforeGeneratorStage,
   |     ^^^^^^^^^^^^^^^^^^^^

warning: missing documentation for a variant
  --> src/hooks/events.rs:21:5
   |
21 |     AfterGeneratorStage,
   |     ^^^^^^^^^^^^^^^^^^^

warning: missing documentation for a variant
  --> src/hooks/events.rs:22:5
   |
22 |     BeforeRefinerStage,
   |     ^^^^^^^^^^^^^^^^^^

warning: missing documentation for a variant
  --> src/hooks/events.rs:23:5
   |
23 |     AfterRefinerStage,
   |     ^^^^^^^^^^^^^^^^^

warning: missing documentation for a variant
  --> src/hooks/events.rs:24:5
   |
24 |     BeforeValidatorStage,
   |     ^^^^^^^^^^^^^^^^^^^^

warning: missing documentation for a variant
  --> src/hooks/events.rs:25:5
   |
25 |     AfterValidatorStage,
   |     ^^^^^^^^^^^^^^^^^^^

warning: missing documentation for a variant
  --> src/hooks/events.rs:26:5
   |
26 |     BeforeCuratorStage,
   |     ^^^^^^^^^^^^^^^^^^

warning: missing documentation for a variant
  --> src/hooks/events.rs:27:5
   |
27 |     AfterCuratorStage,
   |     ^^^^^^^^^^^^^^^^^

warning: missing documentation for a variant
  --> src/hooks/events.rs:28:5
   |
28 |     ConsensusError,
   |     ^^^^^^^^^^^^^^

warning: missing documentation for a variant
  --> src/hooks/events.rs:31:5
   |
31 |     BeforeCodeModification,
   |     ^^^^^^^^^^^^^^^^^^^^^^

warning: missing documentation for a variant
  --> src/hooks/events.rs:32:5
   |
32 |     AfterCodeModification,
   |     ^^^^^^^^^^^^^^^^^^^^^

warning: missing documentation for a variant
  --> src/hooks/events.rs:33:5
   |
33 |     BeforeFileWrite,
   |     ^^^^^^^^^^^^^^^

warning: missing documentation for a variant
  --> src/hooks/events.rs:34:5
   |
34 |     AfterFileWrite,
   |     ^^^^^^^^^^^^^^

warning: missing documentation for a variant
  --> src/hooks/events.rs:35:5
   |
35 |     BeforeFileDelete,
   |     ^^^^^^^^^^^^^^^^

warning: missing documentation for a variant
  --> src/hooks/events.rs:36:5
   |
36 |     AfterFileDelete,
   |     ^^^^^^^^^^^^^^^

warning: missing documentation for a variant
  --> src/hooks/events.rs:39:5
   |
39 |     BeforeAnalysis,
   |     ^^^^^^^^^^^^^^

warning: missing documentation for a variant
  --> src/hooks/events.rs:40:5
   |
40 |     AfterAnalysis,
   |     ^^^^^^^^^^^^^

warning: missing documentation for a variant
  --> src/hooks/events.rs:41:5
   |
41 |     AnalysisComplete,
   |     ^^^^^^^^^^^^^^^^

warning: missing documentation for a variant
  --> src/hooks/events.rs:42:5
   |
42 |     QualityGateCheck,
   |     ^^^^^^^^^^^^^^^^

warning: missing documentation for a variant
  --> src/hooks/events.rs:45:5
   |
45 |     CostThresholdReached,
   |     ^^^^^^^^^^^^^^^^^^^^

warning: missing documentation for a variant
  --> src/hooks/events.rs:46:5
   |
46 |     BudgetExceeded,
   |     ^^^^^^^^^^^^^^

warning: missing documentation for a variant
  --> src/hooks/events.rs:47:5
   |
47 |     CostEstimateAvailable,
   |     ^^^^^^^^^^^^^^^^^^^^^

warning: missing documentation for a variant
  --> src/hooks/events.rs:50:5
   |
50 |     BeforeIndexing,
   |     ^^^^^^^^^^^^^^

warning: missing documentation for a variant
  --> src/hooks/events.rs:51:5
   |
51 |     AfterIndexing,
   |     ^^^^^^^^^^^^^

warning: missing documentation for a variant
  --> src/hooks/events.rs:52:5
   |
52 |     RepositoryChanged,
   |     ^^^^^^^^^^^^^^^^^

warning: missing documentation for a variant
  --> src/hooks/events.rs:53:5
   |
53 |     DependencyChanged,
   |     ^^^^^^^^^^^^^^^^^

warning: missing documentation for a variant
  --> src/hooks/events.rs:56:5
   |
56 |     SecurityCheckFailed,
   |     ^^^^^^^^^^^^^^^^^^^

warning: missing documentation for a variant
  --> src/hooks/events.rs:57:5
   |
57 |     UntrustedPathAccess,
   |     ^^^^^^^^^^^^^^^^^^^

warning: missing documentation for a variant
  --> src/hooks/events.rs:58:5
   |
58 |     PermissionDenied,
   |     ^^^^^^^^^^^^^^^^

warning: missing documentation for a variant
  --> src/hooks/events.rs:61:5
   |
61 |     PlanCreated,
   |     ^^^^^^^^^^^

warning: missing documentation for a variant
  --> src/hooks/events.rs:62:5
   |
62 |     TaskCreated,
   |     ^^^^^^^^^^^

warning: missing documentation for a variant
  --> src/hooks/events.rs:63:5
   |
63 |     TaskCompleted,
   |     ^^^^^^^^^^^^^

warning: missing documentation for a variant
  --> src/hooks/events.rs:64:5
   |
64 |     RiskIdentified,
   |     ^^^^^^^^^^^^^^

warning: missing documentation for a variant
  --> src/hooks/events.rs:65:5
   |
65 |     TimelineUpdated,
   |     ^^^^^^^^^^^^^^^

warning: missing documentation for a variant
  --> src/hooks/events.rs:66:5
   |
66 |     PlanExecutionStarted,
   |     ^^^^^^^^^^^^^^^^^^^^

warning: missing documentation for a variant
  --> src/hooks/events.rs:67:5
   |
67 |     PlanExecutionCompleted,
   |     ^^^^^^^^^^^^^^^^^^^^^^

warning: missing documentation for a variant
  --> src/hooks/events.rs:70:5
   |
70 |     ConversationStored,
   |     ^^^^^^^^^^^^^^^^^^

warning: missing documentation for a variant
  --> src/hooks/events.rs:71:5
   |
71 |     PatternDetected,
   |     ^^^^^^^^^^^^^^^

warning: missing documentation for a variant
  --> src/hooks/events.rs:72:5
   |
72 |     MemoryEvictionOccurred,
   |     ^^^^^^^^^^^^^^^^^^^^^^

warning: missing documentation for a variant
  --> src/hooks/events.rs:73:5
   |
73 |     ThematicClusterCreated,
   |     ^^^^^^^^^^^^^^^^^^^^^^

warning: missing documentation for a variant
  --> src/hooks/events.rs:74:5
   |
74 |     ContextRetrieved,
   |     ^^^^^^^^^^^^^^^^

warning: missing documentation for a variant
  --> src/hooks/events.rs:77:5
   |
77 |     ThresholdExceeded,
   |     ^^^^^^^^^^^^^^^^^

warning: missing documentation for a variant
  --> src/hooks/events.rs:78:5
   |
78 |     AnomalyDetected,
   |     ^^^^^^^^^^^^^^^

warning: missing documentation for a variant
  --> src/hooks/events.rs:79:5
   |
79 |     ReportGenerated,
   |     ^^^^^^^^^^^^^^^

warning: missing documentation for a variant
  --> src/hooks/events.rs:80:5
   |
80 |     DashboardUpdated,
   |     ^^^^^^^^^^^^^^^^

warning: missing documentation for a variant
  --> src/hooks/events.rs:81:5
   |
81 |     MetricCalculated,
   |     ^^^^^^^^^^^^^^^^

warning: missing documentation for a variant
  --> src/hooks/events.rs:84:5
   |
84 |     Custom(String),
   |     ^^^^^^

warning: missing documentation for a struct field
  --> src/hooks/events.rs:90:5
   |
90 |     pub event_type: EventType,
   |     ^^^^^^^^^^^^^^^^^^^^^^^^^

warning: missing documentation for a struct field
  --> src/hooks/events.rs:91:5
   |
91 |     pub timestamp: chrono::DateTime<chrono::Utc>,
   |     ^^^^^^^^^^^^^^^^^^^^^^^^^^^^^^^^^^^^^^^^^^^^

warning: missing documentation for a struct field
  --> src/hooks/events.rs:92:5
   |
92 |     pub source: EventSource,
   |     ^^^^^^^^^^^^^^^^^^^^^^^

warning: missing documentation for a struct field
  --> src/hooks/events.rs:93:5
   |
93 |     pub context: HashMap<String, Value>,
   |     ^^^^^^^^^^^^^^^^^^^^^^^^^^^^^^^^^^^

warning: missing documentation for a struct field
  --> src/hooks/events.rs:94:5
   |
94 |     pub metadata: EventMetadata,
   |     ^^^^^^^^^^^^^^^^^^^^^^^^^^^

warning: missing documentation for an associated function
  --> src/hooks/events.rs:98:5
   |
98 |     pub fn new(event_type: EventType, source: EventSource) -> Self {
   |     ^^^^^^^^^^^^^^^^^^^^^^^^^^^^^^^^^^^^^^^^^^^^^^^^^^^^^^^^^^^^^^

warning: missing documentation for a method
   --> src/hooks/events.rs:108:5
    |
108 |     pub fn with_context(mut self, key: impl Into<String>, value: impl Serialize) -> Self {
    |     ^^^^^^^^^^^^^^^^^^^^^^^^^^^^^^^^^^^^^^^^^^^^^^^^^^^^^^^^^^^^^^^^^^^^^^^^^^^^^^^^^^^^

warning: missing documentation for a method
   --> src/hooks/events.rs:116:5
    |
116 |     pub fn with_metadata(mut self, metadata: EventMetadata) -> Self {
    |     ^^^^^^^^^^^^^^^^^^^^^^^^^^^^^^^^^^^^^^^^^^^^^^^^^^^^^^^^^^^^^^^

warning: missing documentation for a variant
   --> src/hooks/events.rs:126:5
    |
126 |     CLI { command: String },
    |     ^^^

warning: missing documentation for a struct field
   --> src/hooks/events.rs:126:11
    |
126 |     CLI { command: String },
    |           ^^^^^^^^^^^^^^^

warning: missing documentation for a variant
   --> src/hooks/events.rs:127:5
    |
127 |     Consensus { stage: String },
    |     ^^^^^^^^^

warning: missing documentation for a struct field
   --> src/hooks/events.rs:127:17
    |
127 |     Consensus { stage: String },
    |                 ^^^^^^^^^^^^^

warning: missing documentation for a variant
   --> src/hooks/events.rs:128:5
    |
128 |     FileSystem { path: PathBuf },
    |     ^^^^^^^^^^

warning: missing documentation for a struct field
   --> src/hooks/events.rs:128:18
    |
128 |     FileSystem { path: PathBuf },
    |                  ^^^^^^^^^^^^^

warning: missing documentation for a variant
   --> src/hooks/events.rs:129:5
    |
129 |     Analysis { target: PathBuf },
    |     ^^^^^^^^

warning: missing documentation for a struct field
   --> src/hooks/events.rs:129:16
    |
129 |     Analysis { target: PathBuf },
    |                ^^^^^^^^^^^^^^^

warning: missing documentation for a variant
   --> src/hooks/events.rs:130:5
    |
130 |     User { id: String },
    |     ^^^^

warning: missing documentation for a struct field
   --> src/hooks/events.rs:130:12
    |
130 |     User { id: String },
    |            ^^^^^^^^^^

warning: missing documentation for a variant
   --> src/hooks/events.rs:131:5
    |
131 |     System,
    |     ^^^^^^

warning: missing documentation for a struct field
   --> src/hooks/events.rs:137:5
    |
137 |     pub correlation_id: Option<String>,
    |     ^^^^^^^^^^^^^^^^^^^^^^^^^^^^^^^^^^

warning: missing documentation for a struct field
   --> src/hooks/events.rs:138:5
    |
138 |     pub user_id: Option<String>,
    |     ^^^^^^^^^^^^^^^^^^^^^^^^^^^

warning: missing documentation for a struct field
   --> src/hooks/events.rs:139:5
    |
139 |     pub session_id: Option<String>,
    |     ^^^^^^^^^^^^^^^^^^^^^^^^^^^^^^

warning: missing documentation for a struct field
   --> src/hooks/events.rs:140:5
    |
140 |     pub priority: Option<i32>,
    |     ^^^^^^^^^^^^^^^^^^^^^^^^^

warning: missing documentation for a struct field
   --> src/hooks/events.rs:141:5
    |
141 |     pub tags: Vec<String>,
    |     ^^^^^^^^^^^^^^^^^^^^^

warning: missing documentation for an associated function
   --> src/hooks/events.rs:184:5
    |
184 |     pub fn new(registry: Arc<RwLock<HookRegistry>>, executor: Arc<HookExecutor>) -> Self {
    |     ^^^^^^^^^^^^^^^^^^^^^^^^^^^^^^^^^^^^^^^^^^^^^^^^^^^^^^^^^^^^^^^^^^^^^^^^^^^^^^^^^^^^

warning: missing documentation for an associated function
   --> src/hooks/events.rs:423:5
    |
423 |     pub fn new(event_type: EventType, source: EventSource) -> Self {
    |     ^^^^^^^^^^^^^^^^^^^^^^^^^^^^^^^^^^^^^^^^^^^^^^^^^^^^^^^^^^^^^^

warning: missing documentation for a method
   --> src/hooks/events.rs:432:5
    |
432 |     pub fn with_context(mut self, key: impl Into<String>, value: impl Serialize) -> Self {
    |     ^^^^^^^^^^^^^^^^^^^^^^^^^^^^^^^^^^^^^^^^^^^^^^^^^^^^^^^^^^^^^^^^^^^^^^^^^^^^^^^^^^^^

warning: missing documentation for a method
   --> src/hooks/events.rs:440:5
    |
440 |     pub fn with_correlation_id(mut self, id: impl Into<String>) -> Self {
    |     ^^^^^^^^^^^^^^^^^^^^^^^^^^^^^^^^^^^^^^^^^^^^^^^^^^^^^^^^^^^^^^^^^^^

warning: missing documentation for a method
   --> src/hooks/events.rs:445:5
    |
445 |     pub fn with_user_id(mut self, id: impl Into<String>) -> Self {
    |     ^^^^^^^^^^^^^^^^^^^^^^^^^^^^^^^^^^^^^^^^^^^^^^^^^^^^^^^^^^^^

warning: missing documentation for a method
   --> src/hooks/events.rs:450:5
    |
450 |     pub fn with_tags(mut self, tags: Vec<String>) -> Self {
    |     ^^^^^^^^^^^^^^^^^^^^^^^^^^^^^^^^^^^^^^^^^^^^^^^^^^^^^

warning: missing documentation for a method
   --> src/hooks/events.rs:455:5
    |
455 |     pub fn build(self) -> HookEvent {
    |     ^^^^^^^^^^^^^^^^^^^^^^^^^^^^^^^

warning: missing documentation for a struct field
  --> src/hooks/execution.rs:22:5
   |
22 |     pub hook_id: HookId,
   |     ^^^^^^^^^^^^^^^^^^^

warning: missing documentation for a struct field
  --> src/hooks/execution.rs:23:5
   |
23 |     pub event: HookEvent,
   |     ^^^^^^^^^^^^^^^^^^^^

warning: missing documentation for a struct field
  --> src/hooks/execution.rs:24:5
   |
24 |     pub variables: HashMap<String, Value>,
   |     ^^^^^^^^^^^^^^^^^^^^^^^^^^^^^^^^^^^^^

warning: missing documentation for a struct field
  --> src/hooks/execution.rs:25:5
   |
25 |     pub execution_id: String,
   |     ^^^^^^^^^^^^^^^^^^^^^^^^

warning: missing documentation for a struct field
  --> src/hooks/execution.rs:26:5
   |
26 |     pub dry_run: bool,
   |     ^^^^^^^^^^^^^^^^^

warning: missing documentation for an associated function
  --> src/hooks/execution.rs:30:5
   |
30 |     pub fn from_event(event: &HookEvent) -> Result<Self> {
   |     ^^^^^^^^^^^^^^^^^^^^^^^^^^^^^^^^^^^^^^^^^^^^^^^^^^^^

warning: missing documentation for a method
  --> src/hooks/execution.rs:57:5
   |
57 |     pub fn get_variable(&self, key: &str) -> Option<&Value> {
   |     ^^^^^^^^^^^^^^^^^^^^^^^^^^^^^^^^^^^^^^^^^^^^^^^^^^^^^^^

warning: missing documentation for a method
  --> src/hooks/execution.rs:61:5
   |
61 |     pub fn set_variable(&mut self, key: String, value: Value) {
   |     ^^^^^^^^^^^^^^^^^^^^^^^^^^^^^^^^^^^^^^^^^^^^^^^^^^^^^^^^^

warning: missing documentation for a struct field
  --> src/hooks/execution.rs:69:5
   |
69 |     pub hook_id: HookId,
   |     ^^^^^^^^^^^^^^^^^^^

warning: missing documentation for a struct field
  --> src/hooks/execution.rs:70:5
   |
70 |     pub execution_id: String,
   |     ^^^^^^^^^^^^^^^^^^^^^^^^

warning: missing documentation for a struct field
  --> src/hooks/execution.rs:71:5
   |
71 |     pub success: bool,
   |     ^^^^^^^^^^^^^^^^^

warning: missing documentation for a struct field
  --> src/hooks/execution.rs:72:5
   |
72 |     pub actions_executed: Vec<ActionResult>,
   |     ^^^^^^^^^^^^^^^^^^^^^^^^^^^^^^^^^^^^^^^

warning: missing documentation for a struct field
  --> src/hooks/execution.rs:73:5
   |
73 |     pub duration_ms: u64,
   |     ^^^^^^^^^^^^^^^^^^^^

warning: missing documentation for a struct field
  --> src/hooks/execution.rs:74:5
   |
74 |     pub error: Option<String>,
   |     ^^^^^^^^^^^^^^^^^^^^^^^^^

warning: missing documentation for a struct field
  --> src/hooks/execution.rs:80:5
   |
80 |     pub action_type: String,
   |     ^^^^^^^^^^^^^^^^^^^^^^^

warning: missing documentation for a struct field
  --> src/hooks/execution.rs:81:5
   |
81 |     pub success: bool,
   |     ^^^^^^^^^^^^^^^^^

warning: missing documentation for a struct field
  --> src/hooks/execution.rs:82:5
   |
82 |     pub output: Option<String>,
   |     ^^^^^^^^^^^^^^^^^^^^^^^^^^

warning: missing documentation for a struct field
  --> src/hooks/execution.rs:83:5
   |
83 |     pub error: Option<String>,
   |     ^^^^^^^^^^^^^^^^^^^^^^^^^

warning: missing documentation for a struct field
  --> src/hooks/execution.rs:84:5
   |
84 |     pub duration_ms: u64,
   |     ^^^^^^^^^^^^^^^^^^^^

warning: missing documentation for an associated function
   --> src/hooks/execution.rs:96:5
    |
96  | /     pub fn new(
97  | |         security_validator: Arc<HookSecurityValidator>,
98  | |         audit_logger: Arc<HookAuditLogger>,
99  | |         approval_workflow: Arc<ApprovalWorkflow>,
100 | |     ) -> Self {
    | |_____________^

warning: missing documentation for a struct
  --> src/hooks/quality_gates.rs:58:1
   |
58 | pub struct QualityMetricsConfig {
   | ^^^^^^^^^^^^^^^^^^^^^^^^^^^^^^^

warning: missing documentation for a struct
  --> src/hooks/quality_gates.rs:73:1
   |
73 | pub struct QualityWeights {
   | ^^^^^^^^^^^^^^^^^^^^^^^^^

warning: missing documentation for a struct
  --> src/hooks/quality_gates.rs:91:1
   |
91 | pub struct PerformanceThresholds {
   | ^^^^^^^^^^^^^^^^^^^^^^^^^^^^^^^^

warning: missing documentation for a struct
   --> src/hooks/quality_gates.rs:109:1
    |
109 | pub struct ContentQualityConfig {
    | ^^^^^^^^^^^^^^^^^^^^^^^^^^^^^^^

warning: missing documentation for a struct
   --> src/hooks/quality_gates.rs:130:1
    |
130 | pub struct LanguageDetectionConfig {
    | ^^^^^^^^^^^^^^^^^^^^^^^^^^^^^^^^^^

warning: missing documentation for a struct
   --> src/hooks/quality_gates.rs:142:1
    |
142 | pub struct ContentSafetyConfig {
    | ^^^^^^^^^^^^^^^^^^^^^^^^^^^^^^

warning: missing documentation for an enum
   --> src/hooks/quality_gates.rs:157:1
    |
157 | pub enum SafetyCategory {
    | ^^^^^^^^^^^^^^^^^^^^^^^

warning: missing documentation for an enum
   --> src/hooks/quality_gates.rs:181:1
    |
181 | pub enum SafetyViolationAction {
    | ^^^^^^^^^^^^^^^^^^^^^^^^^^^^^^

warning: missing documentation for a struct
   --> src/hooks/quality_gates.rs:196:1
    |
196 | pub struct SafetyRule {
    | ^^^^^^^^^^^^^^^^^^^^^

warning: missing documentation for a struct field
   --> src/hooks/quality_gates.rs:197:5
    |
197 |     pub id: String,
    |     ^^^^^^^^^^^^^^

warning: missing documentation for a struct field
   --> src/hooks/quality_gates.rs:198:5
    |
198 |     pub name: String,
    |     ^^^^^^^^^^^^^^^^

warning: missing documentation for a struct field
   --> src/hooks/quality_gates.rs:199:5
    |
199 |     pub pattern: String, // Regex pattern
    |     ^^^^^^^^^^^^^^^^^^^

warning: missing documentation for a struct field
   --> src/hooks/quality_gates.rs:200:5
    |
200 |     pub category: SafetyCategory,
    |     ^^^^^^^^^^^^^^^^^^^^^^^^^^^^

warning: missing documentation for a struct field
   --> src/hooks/quality_gates.rs:201:5
    |
201 |     pub action: SafetyViolationAction,
    |     ^^^^^^^^^^^^^^^^^^^^^^^^^^^^^^^^^

warning: missing documentation for a struct field
   --> src/hooks/quality_gates.rs:202:5
    |
202 |     pub severity: SafetySeverity,
    |     ^^^^^^^^^^^^^^^^^^^^^^^^^^^^

warning: missing documentation for an enum
   --> src/hooks/quality_gates.rs:206:1
    |
206 | pub enum SafetySeverity {
    | ^^^^^^^^^^^^^^^^^^^^^^^

warning: missing documentation for a variant
   --> src/hooks/quality_gates.rs:207:5
    |
207 |     Low,
    |     ^^^

warning: missing documentation for a variant
   --> src/hooks/quality_gates.rs:208:5
    |
208 |     Medium,
    |     ^^^^^^

warning: missing documentation for a variant
   --> src/hooks/quality_gates.rs:209:5
    |
209 |     High,
    |     ^^^^

warning: missing documentation for a variant
   --> src/hooks/quality_gates.rs:210:5
    |
210 |     Critical,
    |     ^^^^^^^^

warning: missing documentation for a struct
   --> src/hooks/quality_gates.rs:214:1
    |
214 | pub struct ModelQualityAdjustment {
    | ^^^^^^^^^^^^^^^^^^^^^^^^^^^^^^^^^

warning: missing documentation for a struct
   --> src/hooks/quality_gates.rs:229:1
    |
229 | pub struct PerformanceExpectation {
    | ^^^^^^^^^^^^^^^^^^^^^^^^^^^^^^^^^

warning: missing documentation for a struct
   --> src/hooks/quality_gates.rs:241:1
    |
241 | pub struct RemediationConfig {
    | ^^^^^^^^^^^^^^^^^^^^^^^^^^^^

warning: missing documentation for a struct
   --> src/hooks/quality_gates.rs:256:1
    |
256 | pub struct RemediationStrategy {
    | ^^^^^^^^^^^^^^^^^^^^^^^^^^^^^^

warning: missing documentation for a struct field
   --> src/hooks/quality_gates.rs:257:5
    |
257 |     pub id: String,
    |     ^^^^^^^^^^^^^^

warning: missing documentation for a struct field
   --> src/hooks/quality_gates.rs:258:5
    |
258 |     pub name: String,
    |     ^^^^^^^^^^^^^^^^

warning: missing documentation for a struct field
   --> src/hooks/quality_gates.rs:259:5
    |
259 |     pub applicable_failures: Vec<QualityFailureType>,
    |     ^^^^^^^^^^^^^^^^^^^^^^^^^^^^^^^^^^^^^^^^^^^^^^^^

warning: missing documentation for a struct field
   --> src/hooks/quality_gates.rs:260:5
    |
260 |     pub action: RemediationAction,
    |     ^^^^^^^^^^^^^^^^^^^^^^^^^^^^^

warning: missing documentation for a struct field
   --> src/hooks/quality_gates.rs:261:5
    |
261 |     pub priority: u32,
    |     ^^^^^^^^^^^^^^^^^

warning: missing documentation for a struct field
   --> src/hooks/quality_gates.rs:262:5
    |
262 |     pub success_rate: f64, // Historical success rate
    |     ^^^^^^^^^^^^^^^^^^^^^

warning: missing documentation for an enum
   --> src/hooks/quality_gates.rs:266:1
    |
266 | pub enum RemediationAction {
    | ^^^^^^^^^^^^^^^^^^^^^^^^^^

warning: missing documentation for a struct field
   --> src/hooks/quality_gates.rs:272:9
    |
272 |         parameter_adjustments: HashMap<String, serde_json::Value>,
    |         ^^^^^^^^^^^^^^^^^^^^^^^^^^^^^^^^^^^^^^^^^^^^^^^^^^^^^^^^^

warning: missing documentation for a struct field
   --> src/hooks/quality_gates.rs:276:19
    |
276 |     SwitchModel { target_model: String },
    |                   ^^^^^^^^^^^^^^^^^^^^

warning: missing documentation for a struct field
   --> src/hooks/quality_gates.rs:280:9
    |
280 |         adjustment_type: PromptAdjustmentType,
    |         ^^^^^^^^^^^^^^^^^^^^^^^^^^^^^^^^^^^^^

warning: missing documentation for a struct field
   --> src/hooks/quality_gates.rs:287:19
    |
287 |     UseFallback { fallback_response: String },
    |                   ^^^^^^^^^^^^^^^^^^^^^^^^^

warning: missing documentation for an enum
   --> src/hooks/quality_gates.rs:291:1
    |
291 | pub enum PromptAdjustmentType {
    | ^^^^^^^^^^^^^^^^^^^^^^^^^^^^^

warning: missing documentation for an enum
   --> src/hooks/quality_gates.rs:309:1
    |
309 | pub enum BackoffStrategy {
    | ^^^^^^^^^^^^^^^^^^^^^^^^

warning: missing documentation for a struct field
   --> src/hooks/quality_gates.rs:311:14
    |
311 |     Linear { delay_seconds: u64 },
    |              ^^^^^^^^^^^^^^^^^^

warning: missing documentation for a struct field
   --> src/hooks/quality_gates.rs:315:9
    |
315 |         base_delay_seconds: u64,
    |         ^^^^^^^^^^^^^^^^^^^^^^^

warning: missing documentation for a struct field
   --> src/hooks/quality_gates.rs:316:9
    |
316 |         multiplier: f64,
    |         ^^^^^^^^^^^^^^^

warning: missing documentation for a struct field
   --> src/hooks/quality_gates.rs:320:13
    |
320 |     Fixed { delays_seconds: Vec<u64> },
    |             ^^^^^^^^^^^^^^^^^^^^^^^^

warning: missing documentation for a struct
   --> src/hooks/quality_gates.rs:324:1
    |
324 | pub struct QualityNotificationConfig {
    | ^^^^^^^^^^^^^^^^^^^^^^^^^^^^^^^^^^^^

warning: missing documentation for an enum
   --> src/hooks/quality_gates.rs:339:1
    |
339 | pub enum NotificationChannel {
    | ^^^^^^^^^^^^^^^^^^^^^^^^^^^^

warning: missing documentation for a variant
   --> src/hooks/quality_gates.rs:340:5
    |
340 |     Console,
    |     ^^^^^^^

warning: missing documentation for a variant
   --> src/hooks/quality_gates.rs:341:5
    |
341 |     Log,
    |     ^^^

warning: missing documentation for a variant
   --> src/hooks/quality_gates.rs:342:5
    |
342 |     Email { recipients: Vec<String> },
    |     ^^^^^

warning: missing documentation for a struct field
   --> src/hooks/quality_gates.rs:342:13
    |
342 |     Email { recipients: Vec<String> },
    |             ^^^^^^^^^^^^^^^^^^^^^^^

warning: missing documentation for a variant
   --> src/hooks/quality_gates.rs:343:5
    |
343 |     Webhook { url: String },
    |     ^^^^^^^

warning: missing documentation for a struct field
   --> src/hooks/quality_gates.rs:343:15
    |
343 |     Webhook { url: String },
    |               ^^^^^^^^^^^

warning: missing documentation for a struct field
   --> src/hooks/quality_gates.rs:349:5
    |
349 |     pub id: String,
    |     ^^^^^^^^^^^^^^

warning: missing documentation for a struct field
   --> src/hooks/quality_gates.rs:350:5
    |
350 |     pub name: String,
    |     ^^^^^^^^^^^^^^^^

warning: missing documentation for a struct field
   --> src/hooks/quality_gates.rs:351:5
    |
351 |     pub description: String,
    |     ^^^^^^^^^^^^^^^^^^^^^^^

warning: missing documentation for a struct field
   --> src/hooks/quality_gates.rs:352:5
    |
352 |     pub stage: Option<Stage>, // None means applies to all stages
    |     ^^^^^^^^^^^^^^^^^^^^^^^^

warning: missing documentation for a struct field
   --> src/hooks/quality_gates.rs:353:5
    |
353 |     pub criteria: Vec<QualityCriterion>,
    |     ^^^^^^^^^^^^^^^^^^^^^^^^^^^^^^^^^^^

warning: missing documentation for a struct field
   --> src/hooks/quality_gates.rs:354:5
    |
354 |     pub failure_action: QualityGateAction,
    |     ^^^^^^^^^^^^^^^^^^^^^^^^^^^^^^^^^^^^^

warning: missing documentation for a struct field
   --> src/hooks/quality_gates.rs:355:5
    |
355 |     pub enabled: bool,
    |     ^^^^^^^^^^^^^^^^^

warning: missing documentation for a struct field
   --> src/hooks/quality_gates.rs:356:5
    |
356 |     pub priority: u32, // Higher numbers = higher priority
    |     ^^^^^^^^^^^^^^^^^

warning: missing documentation for a struct field
   --> src/hooks/quality_gates.rs:357:5
    |
357 |     pub tags: Vec<String>,
    |     ^^^^^^^^^^^^^^^^^^^^^

warning: missing documentation for a struct field
   --> src/hooks/quality_gates.rs:363:5
    |
363 |     pub id: String,
    |     ^^^^^^^^^^^^^^

warning: missing documentation for a struct field
   --> src/hooks/quality_gates.rs:364:5
    |
364 |     pub name: String,
    |     ^^^^^^^^^^^^^^^^

warning: missing documentation for a struct field
   --> src/hooks/quality_gates.rs:365:5
    |
365 |     pub metric: QualityMetric,
    |     ^^^^^^^^^^^^^^^^^^^^^^^^^

warning: missing documentation for a struct field
   --> src/hooks/quality_gates.rs:366:5
    |
366 |     pub threshold: QualityThreshold,
    |     ^^^^^^^^^^^^^^^^^^^^^^^^^^^^^^^

warning: missing documentation for a struct field
   --> src/hooks/quality_gates.rs:367:5
    |
367 |     pub weight: f64,    // Importance weight
    |     ^^^^^^^^^^^^^^^

warning: missing documentation for a struct field
   --> src/hooks/quality_gates.rs:368:5
    |
368 |     pub required: bool, // If true, failure blocks execution
    |     ^^^^^^^^^^^^^^^^^^

warning: missing documentation for a struct field
   --> src/hooks/quality_gates.rs:411:23
    |
411 |     KeywordPresence { keywords: Vec<String> },
    |                       ^^^^^^^^^^^^^^^^^^^^^

warning: missing documentation for a struct field
   --> src/hooks/quality_gates.rs:415:9
    |
415 |         name: String,
    |         ^^^^^^^^^^^^

warning: missing documentation for a struct field
   --> src/hooks/quality_gates.rs:416:9
    |
416 |         evaluator: String, // Function name or script
    |         ^^^^^^^^^^^^^^^^^

warning: missing documentation for a struct field
   --> src/hooks/quality_gates.rs:423:5
    |
423 |     pub min_value: Option<f64>,
    |     ^^^^^^^^^^^^^^^^^^^^^^^^^^

warning: missing documentation for a struct field
   --> src/hooks/quality_gates.rs:424:5
    |
424 |     pub max_value: Option<f64>,
    |     ^^^^^^^^^^^^^^^^^^^^^^^^^^

warning: missing documentation for a struct field
   --> src/hooks/quality_gates.rs:425:5
    |
425 |     pub target_value: Option<f64>,
    |     ^^^^^^^^^^^^^^^^^^^^^^^^^^^^^

warning: missing documentation for a struct field
   --> src/hooks/quality_gates.rs:426:5
    |
426 |     pub tolerance: Option<f64>, // Allowed deviation from target
    |     ^^^^^^^^^^^^^^^^^^^^^^^^^^

warning: missing documentation for a struct field
   --> src/hooks/quality_gates.rs:448:14
    |
448 |     Custom { action_id: String },
    |              ^^^^^^^^^^^^^^^^^

warning: missing documentation for a struct field
   --> src/hooks/quality_gates.rs:454:5
    |
454 |     pub id: String,
    |     ^^^^^^^^^^^^^^

warning: missing documentation for a struct field
   --> src/hooks/quality_gates.rs:455:5
    |
455 |     pub gate_id: String,
    |     ^^^^^^^^^^^^^^^^^^^

warning: missing documentation for a struct field
   --> src/hooks/quality_gates.rs:456:5
    |
456 |     pub criterion_id: String,
    |     ^^^^^^^^^^^^^^^^^^^^^^^^

warning: missing documentation for a struct field
   --> src/hooks/quality_gates.rs:457:5
    |
457 |     pub stage: Stage,
    |     ^^^^^^^^^^^^^^^^

warning: missing documentation for a struct field
   --> src/hooks/quality_gates.rs:458:5
    |
458 |     pub violation_type: QualityFailureType,
    |     ^^^^^^^^^^^^^^^^^^^^^^^^^^^^^^^^^^^^^^

warning: missing documentation for a struct field
   --> src/hooks/quality_gates.rs:459:5
    |
459 |     pub severity: QualityViolationSeverity,
    |     ^^^^^^^^^^^^^^^^^^^^^^^^^^^^^^^^^^^^^^

warning: missing documentation for a struct field
   --> src/hooks/quality_gates.rs:460:5
    |
460 |     pub actual_value: f64,
    |     ^^^^^^^^^^^^^^^^^^^^^

warning: missing documentation for a struct field
   --> src/hooks/quality_gates.rs:461:5
    |
461 |     pub expected_value: f64,
    |     ^^^^^^^^^^^^^^^^^^^^^^^

warning: missing documentation for a struct field
   --> src/hooks/quality_gates.rs:462:5
    |
462 |     pub timestamp: chrono::DateTime<chrono::Utc>,
    |     ^^^^^^^^^^^^^^^^^^^^^^^^^^^^^^^^^^^^^^^^^^^^

warning: missing documentation for a struct field
   --> src/hooks/quality_gates.rs:463:5
    |
463 |     pub conversation_id: String,
    |     ^^^^^^^^^^^^^^^^^^^^^^^^^^^

warning: missing documentation for a struct field
   --> src/hooks/quality_gates.rs:464:5
    |
464 |     pub stage_id: String,
    |     ^^^^^^^^^^^^^^^^^^^^

warning: missing documentation for a struct field
   --> src/hooks/quality_gates.rs:465:5
    |
465 |     pub remediation_attempted: bool,
    |     ^^^^^^^^^^^^^^^^^^^^^^^^^^^^^^^

warning: missing documentation for a struct field
   --> src/hooks/quality_gates.rs:466:5
    |
466 |     pub remediation_successful: Option<bool>,
    |     ^^^^^^^^^^^^^^^^^^^^^^^^^^^^^^^^^^^^^^^^

warning: missing documentation for a struct field
   --> src/hooks/quality_gates.rs:467:5
    |
467 |     pub action_taken: QualityGateAction,
    |     ^^^^^^^^^^^^^^^^^^^^^^^^^^^^^^^^^^^

warning: missing documentation for a struct field
   --> src/hooks/quality_gates.rs:468:5
    |
468 |     pub metadata: HashMap<String, serde_json::Value>,
    |     ^^^^^^^^^^^^^^^^^^^^^^^^^^^^^^^^^^^^^^^^^^^^^^^^

warning: missing documentation for an enum
   --> src/hooks/quality_gates.rs:472:1
    |
472 | pub enum QualityFailureType {
    | ^^^^^^^^^^^^^^^^^^^^^^^^^^^

warning: missing documentation for a struct field
   --> src/hooks/quality_gates.rs:492:14
    |
492 |     Custom { failure_type: String },
    |              ^^^^^^^^^^^^^^^^^^^^

warning: missing documentation for an enum
   --> src/hooks/quality_gates.rs:496:1
    |
496 | pub enum QualityViolationSeverity {
    | ^^^^^^^^^^^^^^^^^^^^^^^^^^^^^^^^^

warning: missing documentation for a variant
   --> src/hooks/quality_gates.rs:497:5
    |
497 |     Info,
    |     ^^^^

warning: missing documentation for a variant
   --> src/hooks/quality_gates.rs:498:5
    |
498 |     Warning,
    |     ^^^^^^^

warning: missing documentation for a variant
   --> src/hooks/quality_gates.rs:499:5
    |
499 |     Error,
    |     ^^^^^

warning: missing documentation for a variant
   --> src/hooks/quality_gates.rs:500:5
    |
500 |     Critical,
    |     ^^^^^^^^

warning: missing documentation for a struct
   --> src/hooks/quality_gates.rs:523:1
    |
523 | pub struct PerformanceMetric {
    | ^^^^^^^^^^^^^^^^^^^^^^^^^^^^

warning: missing documentation for a struct field
   --> src/hooks/quality_gates.rs:524:5
    |
524 |     pub response_time: f64,
    |     ^^^^^^^^^^^^^^^^^^^^^^

warning: missing documentation for a struct field
   --> src/hooks/quality_gates.rs:525:5
    |
525 |     pub token_usage: u32,
    |     ^^^^^^^^^^^^^^^^^^^^

warning: missing documentation for a struct field
   --> src/hooks/quality_gates.rs:526:5
    |
526 |     pub cost: f64,
    |     ^^^^^^^^^^^^^

warning: missing documentation for a struct field
   --> src/hooks/quality_gates.rs:527:5
    |
527 |     pub error_count: u32,
    |     ^^^^^^^^^^^^^^^^^^^^

warning: missing documentation for a struct field
   --> src/hooks/quality_gates.rs:528:5
    |
528 |     pub timestamp: chrono::DateTime<chrono::Utc>,
    |     ^^^^^^^^^^^^^^^^^^^^^^^^^^^^^^^^^^^^^^^^^^^^

warning: missing documentation for a struct
   --> src/hooks/quality_gates.rs:532:1
    |
532 | pub struct QualityTrend {
    | ^^^^^^^^^^^^^^^^^^^^^^^

warning: missing documentation for a struct field
   --> src/hooks/quality_gates.rs:533:5
    |
533 |     pub current_average: f64,
    |     ^^^^^^^^^^^^^^^^^^^^^^^^

warning: missing documentation for a struct field
   --> src/hooks/quality_gates.rs:534:5
    |
534 |     pub trend_direction: TrendDirection,
    |     ^^^^^^^^^^^^^^^^^^^^^^^^^^^^^^^^^^^

warning: missing documentation for a struct field
   --> src/hooks/quality_gates.rs:535:5
    |
535 |     pub trend_strength: f64, // 0.0 - 1.0
    |     ^^^^^^^^^^^^^^^^^^^^^^^

warning: missing documentation for a struct field
   --> src/hooks/quality_gates.rs:536:5
    |
536 |     pub data_points: Vec<(chrono::DateTime<chrono::Utc>, f64)>,
    |     ^^^^^^^^^^^^^^^^^^^^^^^^^^^^^^^^^^^^^^^^^^^^^^^^^^^^^^^^^^

warning: missing documentation for an enum
   --> src/hooks/quality_gates.rs:540:1
    |
540 | pub enum TrendDirection {
    | ^^^^^^^^^^^^^^^^^^^^^^^

warning: missing documentation for a variant
   --> src/hooks/quality_gates.rs:542:5
    |
542 |     Stable,
    |     ^^^^^^

warning: missing documentation for a variant
   --> src/hooks/quality_gates.rs:543:5
    |
543 |     Improving,
    |     ^^^^^^^^^

warning: missing documentation for a variant
   --> src/hooks/quality_gates.rs:544:5
    |
544 |     Declining,
    |     ^^^^^^^^^

warning: missing documentation for a struct field
    --> src/hooks/quality_gates.rs:1755:5
     |
1755 |     pub passed: bool,
     |     ^^^^^^^^^^^^^^^^

warning: missing documentation for a struct field
    --> src/hooks/quality_gates.rs:1756:5
     |
1756 |     pub violations: Vec<QualityViolation>,
     |     ^^^^^^^^^^^^^^^^^^^^^^^^^^^^^^^^^^^^^

warning: missing documentation for a struct field
    --> src/hooks/quality_gates.rs:1757:5
     |
1757 |     pub overall_score: f64,
     |     ^^^^^^^^^^^^^^^^^^^^^^

warning: missing documentation for a struct field
    --> src/hooks/quality_gates.rs:1758:5
     |
1758 |     pub stage_scores: HashMap<String, f64>,
     |     ^^^^^^^^^^^^^^^^^^^^^^^^^^^^^^^^^^^^^^

warning: missing documentation for a struct field
    --> src/hooks/quality_gates.rs:1759:5
     |
1759 |     pub actions_required: Vec<QualityActionRequired>,
     |     ^^^^^^^^^^^^^^^^^^^^^^^^^^^^^^^^^^^^^^^^^^^^^^^^

warning: missing documentation for a struct field
    --> src/hooks/quality_gates.rs:1760:5
     |
1760 |     pub remediation_suggestions: Vec<RemediationSuggestion>,
     |     ^^^^^^^^^^^^^^^^^^^^^^^^^^^^^^^^^^^^^^^^^^^^^^^^^^^^^^^

warning: missing documentation for a variant
    --> src/hooks/quality_gates.rs:1766:5
     |
1766 |     Block {
     |     ^^^^^

warning: missing documentation for a struct field
    --> src/hooks/quality_gates.rs:1767:9
     |
1767 |         gate_id: String,
     |         ^^^^^^^^^^^^^^^

warning: missing documentation for a struct field
    --> src/hooks/quality_gates.rs:1768:9
     |
1768 |         reason: String,
     |         ^^^^^^^^^^^^^^

warning: missing documentation for a variant
    --> src/hooks/quality_gates.rs:1770:5
     |
1770 |     Warn {
     |     ^^^^

warning: missing documentation for a struct field
    --> src/hooks/quality_gates.rs:1771:9
     |
1771 |         message: String,
     |         ^^^^^^^^^^^^^^^

warning: missing documentation for a variant
    --> src/hooks/quality_gates.rs:1773:5
     |
1773 |     RequestApproval {
     |     ^^^^^^^^^^^^^^^

warning: missing documentation for a struct field
    --> src/hooks/quality_gates.rs:1774:9
     |
1774 |         approval_request: ApprovalRequest,
     |         ^^^^^^^^^^^^^^^^^^^^^^^^^^^^^^^^^

warning: missing documentation for a variant
    --> src/hooks/quality_gates.rs:1776:5
     |
1776 |     Remediate {
     |     ^^^^^^^^^

warning: missing documentation for a struct field
    --> src/hooks/quality_gates.rs:1777:9
     |
1777 |         strategies: Vec<RemediationSuggestion>,
     |         ^^^^^^^^^^^^^^^^^^^^^^^^^^^^^^^^^^^^^^

warning: missing documentation for a variant
    --> src/hooks/quality_gates.rs:1779:5
     |
1779 |     Custom {
     |     ^^^^^^

warning: missing documentation for a struct field
    --> src/hooks/quality_gates.rs:1780:9
     |
1780 |         action_id: String,
     |         ^^^^^^^^^^^^^^^^^

warning: missing documentation for a struct field
    --> src/hooks/quality_gates.rs:1781:9
     |
1781 |         gate_id: String,
     |         ^^^^^^^^^^^^^^^

warning: missing documentation for a struct field
    --> src/hooks/quality_gates.rs:1788:5
     |
1788 |     pub id: String,
     |     ^^^^^^^^^^^^^^

warning: missing documentation for a struct field
    --> src/hooks/quality_gates.rs:1789:5
     |
1789 |     pub strategy_id: String,
     |     ^^^^^^^^^^^^^^^^^^^^^^^

warning: missing documentation for a struct field
    --> src/hooks/quality_gates.rs:1790:5
     |
1790 |     pub strategy_name: String,
     |     ^^^^^^^^^^^^^^^^^^^^^^^^^

warning: missing documentation for a struct field
    --> src/hooks/quality_gates.rs:1791:5
     |
1791 |     pub violation_id: String,
     |     ^^^^^^^^^^^^^^^^^^^^^^^^

warning: missing documentation for a struct field
    --> src/hooks/quality_gates.rs:1792:5
     |
1792 |     pub action: RemediationAction,
     |     ^^^^^^^^^^^^^^^^^^^^^^^^^^^^^

warning: missing documentation for a struct field
    --> src/hooks/quality_gates.rs:1793:5
     |
1793 |     pub success_probability: f64,
     |     ^^^^^^^^^^^^^^^^^^^^^^^^^^^^

warning: missing documentation for a struct field
    --> src/hooks/quality_gates.rs:1794:5
     |
1794 |     pub estimated_effort: RemediationEffort,
     |     ^^^^^^^^^^^^^^^^^^^^^^^^^^^^^^^^^^^^^^^

warning: missing documentation for a struct field
    --> src/hooks/quality_gates.rs:1795:5
     |
1795 |     pub priority: u32,
     |     ^^^^^^^^^^^^^^^^^

warning: missing documentation for an enum
    --> src/hooks/quality_gates.rs:1799:1
     |
1799 | pub enum RemediationEffort {
     | ^^^^^^^^^^^^^^^^^^^^^^^^^^

warning: missing documentation for a variant
    --> src/hooks/quality_gates.rs:1800:5
     |
1800 |     Low,
     |     ^^^

warning: missing documentation for a variant
    --> src/hooks/quality_gates.rs:1801:5
     |
1801 |     Medium,
     |     ^^^^^^

warning: missing documentation for a variant
    --> src/hooks/quality_gates.rs:1802:5
     |
1802 |     High,
     |     ^^^^

warning: missing documentation for a struct field
    --> src/hooks/quality_gates.rs:1828:5
     |
1828 |     pub total_violations: usize,
     |     ^^^^^^^^^^^^^^^^^^^^^^^^^^^

warning: missing documentation for a struct field
    --> src/hooks/quality_gates.rs:1829:5
     |
1829 |     pub violations_by_type: HashMap<String, usize>,
     |     ^^^^^^^^^^^^^^^^^^^^^^^^^^^^^^^^^^^^^^^^^^^^^^

warning: missing documentation for a struct field
    --> src/hooks/quality_gates.rs:1830:5
     |
1830 |     pub violations_by_severity: HashMap<QualityViolationSeverity, usize>,
     |     ^^^^^^^^^^^^^^^^^^^^^^^^^^^^^^^^^^^^^^^^^^^^^^^^^^^^^^^^^^^^^^^^^^^^

warning: missing documentation for a struct field
    --> src/hooks/quality_gates.rs:1831:5
     |
1831 |     pub quality_trend: QualityTrend,
     |     ^^^^^^^^^^^^^^^^^^^^^^^^^^^^^^^

warning: missing documentation for a struct field
    --> src/hooks/quality_gates.rs:1832:5
     |
1832 |     pub average_scores_by_stage: HashMap<String, f64>,
     |     ^^^^^^^^^^^^^^^^^^^^^^^^^^^^^^^^^^^^^^^^^^^^^^^^^

warning: missing documentation for a struct field
  --> src/hooks/rbac.rs:13:5
   |
13 |     pub name: String,
   |     ^^^^^^^^^^^^^^^^

warning: missing documentation for a struct field
  --> src/hooks/rbac.rs:14:5
   |
14 |     pub description: String,
   |     ^^^^^^^^^^^^^^^^^^^^^^^

warning: missing documentation for a struct field
  --> src/hooks/rbac.rs:15:5
   |
15 |     pub permissions: HashSet<Permission>,
   |     ^^^^^^^^^^^^^^^^^^^^^^^^^^^^^^^^^^^^

warning: missing documentation for a struct field
  --> src/hooks/rbac.rs:16:5
   |
16 |     pub inherits: Vec<String>, // Roles this role inherits from
   |     ^^^^^^^^^^^^^^^^^^^^^^^^^

warning: missing documentation for a variant
  --> src/hooks/rbac.rs:24:5
   |
24 |     CreateHook,
   |     ^^^^^^^^^^

warning: missing documentation for a variant
  --> src/hooks/rbac.rs:25:5
   |
25 |     DeleteHook,
   |     ^^^^^^^^^^

warning: missing documentation for a variant
  --> src/hooks/rbac.rs:26:5
   |
26 |     ModifyHook,
   |     ^^^^^^^^^^

warning: missing documentation for a variant
  --> src/hooks/rbac.rs:27:5
   |
27 |     EnableHook,
   |     ^^^^^^^^^^

warning: missing documentation for a variant
  --> src/hooks/rbac.rs:28:5
   |
28 |     DisableHook,
   |     ^^^^^^^^^^^

warning: missing documentation for a variant
  --> src/hooks/rbac.rs:29:5
   |
29 |     ViewHook,
   |     ^^^^^^^^

warning: missing documentation for a variant
  --> src/hooks/rbac.rs:32:5
   |
32 |     ExecuteHook,
   |     ^^^^^^^^^^^

warning: missing documentation for a variant
  --> src/hooks/rbac.rs:33:5
   |
33 |     ApproveHookExecution,
   |     ^^^^^^^^^^^^^^^^^^^^

warning: missing documentation for a variant
  --> src/hooks/rbac.rs:34:5
   |
34 |     DenyHookExecution,
   |     ^^^^^^^^^^^^^^^^^

warning: missing documentation for a variant
  --> src/hooks/rbac.rs:37:5
   |
37 |     ManageSecurity,
   |     ^^^^^^^^^^^^^^

warning: missing documentation for a variant
  --> src/hooks/rbac.rs:38:5
   |
38 |     ViewAuditLogs,
   |     ^^^^^^^^^^^^^

warning: missing documentation for a variant
  --> src/hooks/rbac.rs:39:5
   |
39 |     ManageApprovals,
   |     ^^^^^^^^^^^^^^^

warning: missing documentation for a variant
  --> src/hooks/rbac.rs:42:5
   |
42 |     ManageUsers,
   |     ^^^^^^^^^^^

warning: missing documentation for a variant
  --> src/hooks/rbac.rs:43:5
   |
43 |     ManageRoles,
   |     ^^^^^^^^^^^

warning: missing documentation for a variant
  --> src/hooks/rbac.rs:44:5
   |
44 |     ManageTeams,
   |     ^^^^^^^^^^^

warning: missing documentation for a variant
  --> src/hooks/rbac.rs:47:5
   |
47 |     SystemAdmin,
   |     ^^^^^^^^^^^

warning: missing documentation for a variant
  --> src/hooks/rbac.rs:50:5
   |
50 |     Custom(String),
   |     ^^^^^^

warning: missing documentation for a method
  --> src/hooks/rbac.rs:54:5
   |
54 |     pub fn as_str(&self) -> &str {
   |     ^^^^^^^^^^^^^^^^^^^^^^^^^^^^

warning: missing documentation for a struct field
  --> src/hooks/rbac.rs:80:5
   |
80 |     pub id: String,
   |     ^^^^^^^^^^^^^^

warning: missing documentation for a struct field
  --> src/hooks/rbac.rs:81:5
   |
81 |     pub name: String,
   |     ^^^^^^^^^^^^^^^^

warning: missing documentation for a struct field
  --> src/hooks/rbac.rs:82:5
   |
82 |     pub email: Option<String>,
   |     ^^^^^^^^^^^^^^^^^^^^^^^^^

warning: missing documentation for a struct field
  --> src/hooks/rbac.rs:83:5
   |
83 |     pub roles: HashSet<String>,
   |     ^^^^^^^^^^^^^^^^^^^^^^^^^^

warning: missing documentation for a struct field
  --> src/hooks/rbac.rs:84:5
   |
84 |     pub teams: HashSet<String>,
   |     ^^^^^^^^^^^^^^^^^^^^^^^^^^

warning: missing documentation for a struct field
  --> src/hooks/rbac.rs:85:5
   |
85 |     pub direct_permissions: HashSet<Permission>,
   |     ^^^^^^^^^^^^^^^^^^^^^^^^^^^^^^^^^^^^^^^^^^^

warning: missing documentation for a struct field
  --> src/hooks/rbac.rs:86:5
   |
86 |     pub active: bool,
   |     ^^^^^^^^^^^^^^^^

warning: missing documentation for a struct field
  --> src/hooks/rbac.rs:87:5
   |
87 |     pub created_at: chrono::DateTime<chrono::Utc>,
   |     ^^^^^^^^^^^^^^^^^^^^^^^^^^^^^^^^^^^^^^^^^^^^^

warning: missing documentation for a struct field
  --> src/hooks/rbac.rs:93:5
   |
93 |     pub name: String,
   |     ^^^^^^^^^^^^^^^^

warning: missing documentation for a struct field
  --> src/hooks/rbac.rs:94:5
   |
94 |     pub description: String,
   |     ^^^^^^^^^^^^^^^^^^^^^^^

warning: missing documentation for a struct field
  --> src/hooks/rbac.rs:95:5
   |
95 |     pub roles: HashSet<String>,
   |     ^^^^^^^^^^^^^^^^^^^^^^^^^^

warning: missing documentation for a struct field
  --> src/hooks/rbac.rs:96:5
   |
96 |     pub members: HashSet<String>,
   |     ^^^^^^^^^^^^^^^^^^^^^^^^^^^^

warning: missing documentation for a struct field
  --> src/hooks/rbac.rs:97:5
   |
97 |     pub hook_access: HookAccess,
   |     ^^^^^^^^^^^^^^^^^^^^^^^^^^^

warning: missing documentation for a struct field
   --> src/hooks/rbac.rs:103:5
    |
103 |     pub allowed_hooks: HashSet<HookId>,
    |     ^^^^^^^^^^^^^^^^^^^^^^^^^^^^^^^^^^

warning: missing documentation for a struct field
   --> src/hooks/rbac.rs:104:5
    |
104 |     pub denied_hooks: HashSet<HookId>,
    |     ^^^^^^^^^^^^^^^^^^^^^^^^^^^^^^^^^

warning: missing documentation for a struct field
   --> src/hooks/rbac.rs:105:5
    |
105 |     pub hook_patterns: Vec<String>, // Glob patterns for hook names
    |     ^^^^^^^^^^^^^^^^^^^^^^^^^^^^^^

warning: missing documentation for an associated function
   --> src/hooks/rbac.rs:126:5
    |
126 |     pub fn new() -> Self {
    |     ^^^^^^^^^^^^^^^^^^^^

warning: missing documentation for a struct field
   --> src/hooks/rbac.rs:553:5
    |
553 |     pub total_users: usize,
    |     ^^^^^^^^^^^^^^^^^^^^^^

warning: missing documentation for a struct field
   --> src/hooks/rbac.rs:554:5
    |
554 |     pub active_users: usize,
    |     ^^^^^^^^^^^^^^^^^^^^^^^

warning: missing documentation for a struct field
   --> src/hooks/rbac.rs:555:5
    |
555 |     pub total_roles: usize,
    |     ^^^^^^^^^^^^^^^^^^^^^^

warning: missing documentation for a struct field
   --> src/hooks/rbac.rs:556:5
    |
556 |     pub total_teams: usize,
    |     ^^^^^^^^^^^^^^^^^^^^^^

warning: missing documentation for a struct field
   --> src/hooks/rbac.rs:557:5
    |
557 |     pub users_with_teams: usize,
    |     ^^^^^^^^^^^^^^^^^^^^^^^^^^^

warning: missing documentation for a struct field
   --> src/hooks/rbac.rs:558:5
    |
558 |     pub users_with_roles: usize,
    |     ^^^^^^^^^^^^^^^^^^^^^^^^^^^

warning: missing documentation for an associated function
  --> src/hooks/registry.rs:18:5
   |
18 |     pub fn new() -> Self {
   |     ^^^^^^^^^^^^^^^^^^^^

warning: missing documentation for an associated function
  --> src/hooks/registry.rs:22:5
   |
22 |     pub fn from_name(name: &str) -> Self {
   |     ^^^^^^^^^^^^^^^^^^^^^^^^^^^^^^^^^^^^

warning: missing documentation for a struct field
  --> src/hooks/registry.rs:40:5
   |
40 |     pub id: HookId,
   |     ^^^^^^^^^^^^^^

warning: missing documentation for a struct field
  --> src/hooks/registry.rs:41:5
   |
41 |     pub name: String,
   |     ^^^^^^^^^^^^^^^^

warning: missing documentation for a struct field
  --> src/hooks/registry.rs:42:5
   |
42 |     pub description: Option<String>,
   |     ^^^^^^^^^^^^^^^^^^^^^^^^^^^^^^^

warning: missing documentation for a struct field
  --> src/hooks/registry.rs:43:5
   |
43 |     pub events: Vec<EventType>,
   |     ^^^^^^^^^^^^^^^^^^^^^^^^^^

warning: missing documentation for a struct field
  --> src/hooks/registry.rs:44:5
   |
44 |     pub conditions: Vec<HookCondition>,
   |     ^^^^^^^^^^^^^^^^^^^^^^^^^^^^^^^^^^

warning: missing documentation for a struct field
  --> src/hooks/registry.rs:45:5
   |
45 |     pub actions: Vec<HookAction>,
   |     ^^^^^^^^^^^^^^^^^^^^^^^^^^^^

warning: missing documentation for a struct field
  --> src/hooks/registry.rs:46:5
   |
46 |     pub priority: HookPriority,
   |     ^^^^^^^^^^^^^^^^^^^^^^^^^^

warning: missing documentation for a struct field
  --> src/hooks/registry.rs:47:5
   |
47 |     pub enabled: bool,
   |     ^^^^^^^^^^^^^^^^^

warning: missing documentation for a struct field
  --> src/hooks/registry.rs:48:5
   |
48 |     pub security: SecurityPolicy,
   |     ^^^^^^^^^^^^^^^^^^^^^^^^^^^^

warning: missing documentation for a struct field
  --> src/hooks/registry.rs:49:5
   |
49 |     pub metadata: HookMetadata,
   |     ^^^^^^^^^^^^^^^^^^^^^^^^^^

warning: missing documentation for a variant
  --> src/hooks/registry.rs:56:5
   |
56 |     Command {
   |     ^^^^^^^

warning: missing documentation for a struct field
  --> src/hooks/registry.rs:57:9
   |
57 |         command: String,
   |         ^^^^^^^^^^^^^^^

warning: missing documentation for a struct field
  --> src/hooks/registry.rs:58:9
   |
58 |         args: Vec<String>,
   |         ^^^^^^^^^^^^^^^^^

warning: missing documentation for a struct field
  --> src/hooks/registry.rs:60:9
   |
60 |         environment: HashMap<String, String>,
   |         ^^^^^^^^^^^^^^^^^^^^^^^^^^^^^^^^^^^^

warning: missing documentation for a variant
  --> src/hooks/registry.rs:62:5
   |
62 |     Script {
   |     ^^^^^^

warning: missing documentation for a struct field
  --> src/hooks/registry.rs:63:9
   |
63 |         language: String,
   |         ^^^^^^^^^^^^^^^^

warning: missing documentation for a struct field
  --> src/hooks/registry.rs:64:9
   |
64 |         content: String,
   |         ^^^^^^^^^^^^^^^

warning: missing documentation for a variant
  --> src/hooks/registry.rs:66:5
   |
66 |     HttpRequest {
   |     ^^^^^^^^^^^

warning: missing documentation for a struct field
  --> src/hooks/registry.rs:67:9
   |
67 |         url: String,
   |         ^^^^^^^^^^^

warning: missing documentation for a struct field
  --> src/hooks/registry.rs:68:9
   |
68 |         method: String,
   |         ^^^^^^^^^^^^^^

warning: missing documentation for a struct field
  --> src/hooks/registry.rs:70:9
   |
70 |         headers: HashMap<String, String>,
   |         ^^^^^^^^^^^^^^^^^^^^^^^^^^^^^^^^

warning: missing documentation for a struct field
  --> src/hooks/registry.rs:72:9
   |
72 |         body: Option<String>,
   |         ^^^^^^^^^^^^^^^^^^^^

warning: missing documentation for a variant
  --> src/hooks/registry.rs:74:5
   |
74 |     Notification {
   |     ^^^^^^^^^^^^

warning: missing documentation for a struct field
  --> src/hooks/registry.rs:75:9
   |
75 |         channel: NotificationChannel,
   |         ^^^^^^^^^^^^^^^^^^^^^^^^^^^^

warning: missing documentation for a struct field
  --> src/hooks/registry.rs:76:9
   |
76 |         message: String,
   |         ^^^^^^^^^^^^^^^

warning: missing documentation for a struct field
  --> src/hooks/registry.rs:78:9
   |
78 |         template: Option<String>,
   |         ^^^^^^^^^^^^^^^^^^^^^^^^

warning: missing documentation for a variant
  --> src/hooks/registry.rs:80:5
   |
80 |     ApprovalRequest {
   |     ^^^^^^^^^^^^^^^

warning: missing documentation for a struct field
  --> src/hooks/registry.rs:81:9
   |
81 |         approvers: Vec<String>,
   |         ^^^^^^^^^^^^^^^^^^^^^^

warning: missing documentation for a struct field
  --> src/hooks/registry.rs:82:9
   |
82 |         message: String,
   |         ^^^^^^^^^^^^^^^

warning: missing documentation for a struct field
  --> src/hooks/registry.rs:83:9
   |
83 |         timeout_minutes: u32,
   |         ^^^^^^^^^^^^^^^^^^^^

warning: missing documentation for a variant
  --> src/hooks/registry.rs:85:5
   |
85 |     ModifyContext {
   |     ^^^^^^^^^^^^^

warning: missing documentation for a struct field
  --> src/hooks/registry.rs:86:9
   |
86 |         operation: ContextOperation,
   |         ^^^^^^^^^^^^^^^^^^^^^^^^^^^

warning: missing documentation for a struct field
  --> src/hooks/registry.rs:87:9
   |
87 |         key: String,
   |         ^^^^^^^^^^^

warning: missing documentation for a struct field
  --> src/hooks/registry.rs:88:9
   |
88 |         value: serde_json::Value,
   |         ^^^^^^^^^^^^^^^^^^^^^^^^

warning: missing documentation for a variant
  --> src/hooks/registry.rs:96:5
   |
96 |     Email,
   |     ^^^^^

warning: missing documentation for a variant
  --> src/hooks/registry.rs:97:5
   |
97 |     Slack,
   |     ^^^^^

warning: missing documentation for a variant
  --> src/hooks/registry.rs:98:5
   |
98 |     Webhook,
   |     ^^^^^^^

warning: missing documentation for a variant
  --> src/hooks/registry.rs:99:5
   |
99 |     Terminal,
   |     ^^^^^^^^

warning: missing documentation for a variant
   --> src/hooks/registry.rs:106:5
    |
106 |     Set,
    |     ^^^

warning: missing documentation for a variant
   --> src/hooks/registry.rs:107:5
    |
107 |     Append,
    |     ^^^^^^

warning: missing documentation for a variant
   --> src/hooks/registry.rs:108:5
    |
108 |     Remove,
    |     ^^^^^^

warning: missing documentation for a variant
   --> src/hooks/registry.rs:109:5
    |
109 |     Merge,
    |     ^^^^^

warning: missing documentation for a struct field
   --> src/hooks/registry.rs:115:5
    |
115 |     pub author: Option<String>,
    |     ^^^^^^^^^^^^^^^^^^^^^^^^^^

warning: missing documentation for a struct field
   --> src/hooks/registry.rs:116:5
    |
116 |     pub version: String,
    |     ^^^^^^^^^^^^^^^^^^^

warning: missing documentation for a struct field
   --> src/hooks/registry.rs:117:5
    |
117 |     pub created_at: chrono::DateTime<chrono::Utc>,
    |     ^^^^^^^^^^^^^^^^^^^^^^^^^^^^^^^^^^^^^^^^^^^^^

warning: missing documentation for a struct field
   --> src/hooks/registry.rs:118:5
    |
118 |     pub updated_at: chrono::DateTime<chrono::Utc>,
    |     ^^^^^^^^^^^^^^^^^^^^^^^^^^^^^^^^^^^^^^^^^^^^^

warning: missing documentation for a struct field
   --> src/hooks/registry.rs:119:5
    |
119 |     pub tags: HashSet<String>,
    |     ^^^^^^^^^^^^^^^^^^^^^^^^^

warning: missing documentation for a struct field
   --> src/hooks/registry.rs:120:5
    |
120 |     pub source: Option<String>,
    |     ^^^^^^^^^^^^^^^^^^^^^^^^^^

warning: missing documentation for an associated function
   --> src/hooks/registry.rs:145:5
    |
145 |     pub fn new() -> Self {
    |     ^^^^^^^^^^^^^^^^^^^^

warning: missing documentation for a struct field
   --> src/hooks/registry.rs:289:5
    |
289 |     pub total_hooks: usize,
    |     ^^^^^^^^^^^^^^^^^^^^^^

warning: missing documentation for a struct field
   --> src/hooks/registry.rs:290:5
    |
290 |     pub enabled_hooks: usize,
    |     ^^^^^^^^^^^^^^^^^^^^^^^^

warning: missing documentation for a struct field
   --> src/hooks/registry.rs:291:5
    |
291 |     pub events_monitored: usize,
    |     ^^^^^^^^^^^^^^^^^^^^^^^^^^^

warning: missing documentation for a struct field
   --> src/hooks/registry.rs:292:5
    |
292 |     pub unique_tags: usize,
    |     ^^^^^^^^^^^^^^^^^^^^^^

warning: missing documentation for a struct field
  --> src/hooks/security.rs:14:5
   |
14 |     pub require_approval: bool,
   |     ^^^^^^^^^^^^^^^^^^^^^^^^^^

warning: missing documentation for a struct field
  --> src/hooks/security.rs:17:5
   |
17 |     pub approval_message: Option<String>,
   |     ^^^^^^^^^^^^^^^^^^^^^^^^^^^^^^^^^^^^

warning: missing documentation for a struct field
  --> src/hooks/security.rs:20:5
   |
20 |     pub allowed_commands: Vec<String>,
   |     ^^^^^^^^^^^^^^^^^^^^^^^^^^^^^^^^^

warning: missing documentation for a struct field
  --> src/hooks/security.rs:23:5
   |
23 |     pub allowed_domains: Vec<String>,
   |     ^^^^^^^^^^^^^^^^^^^^^^^^^^^^^^^^

warning: missing documentation for a struct field
  --> src/hooks/security.rs:26:5
   |
26 |     pub blocked_domains: Vec<String>,
   |     ^^^^^^^^^^^^^^^^^^^^^^^^^^^^^^^^

warning: missing documentation for a struct field
  --> src/hooks/security.rs:29:5
   |
29 |     pub allowed_script_languages: Vec<String>,
   |     ^^^^^^^^^^^^^^^^^^^^^^^^^^^^^^^^^^^^^^^^^

warning: missing documentation for a struct field
  --> src/hooks/security.rs:32:5
   |
32 |     pub max_execution_time: u64, // seconds
   |     ^^^^^^^^^^^^^^^^^^^^^^^^^^^

warning: missing documentation for a struct field
  --> src/hooks/security.rs:35:5
   |
35 |     pub stop_on_error: bool,
   |     ^^^^^^^^^^^^^^^^^^^^^^^

warning: missing documentation for a struct field
  --> src/hooks/security.rs:38:5
   |
38 |     pub sandbox_mode: bool,
   |     ^^^^^^^^^^^^^^^^^^^^^^

warning: missing documentation for a struct field
  --> src/hooks/security.rs:41:5
   |
41 |     pub allow_network: bool,
   |     ^^^^^^^^^^^^^^^^^^^^^^^

warning: missing documentation for a struct field
  --> src/hooks/security.rs:44:5
   |
44 |     pub allow_file_system: bool,
   |     ^^^^^^^^^^^^^^^^^^^^^^^^^^^

warning: missing documentation for a struct field
  --> src/hooks/security.rs:47:5
   |
47 |     pub max_memory_mb: Option<u64>,
   |     ^^^^^^^^^^^^^^^^^^^^^^^^^^^^^^

warning: missing documentation for a struct field
  --> src/hooks/security.rs:50:5
   |
50 |     pub required_permissions: Vec<String>,
   |     ^^^^^^^^^^^^^^^^^^^^^^^^^^^^^^^^^^^^^

warning: missing documentation for an associated function
   --> src/hooks/security.rs:112:5
    |
112 |     pub fn new() -> Result<Self> {
    |     ^^^^^^^^^^^^^^^^^^^^^^^^^^^^

warning: missing documentation for a struct field
   --> src/hooks/security.rs:418:5
    |
418 |     pub user_id: Option<String>,
    |     ^^^^^^^^^^^^^^^^^^^^^^^^^^^

warning: missing documentation for a struct field
   --> src/hooks/security.rs:419:5
    |
419 |     pub session_id: String,
    |     ^^^^^^^^^^^^^^^^^^^^^^

warning: missing documentation for a struct field
   --> src/hooks/security.rs:420:5
    |
420 |     pub permissions: HashSet<String>,
    |     ^^^^^^^^^^^^^^^^^^^^^^^^^^^^^^^^

warning: missing documentation for a struct field
   --> src/hooks/security.rs:421:5
    |
421 |     pub trusted_paths: HashSet<String>,
    |     ^^^^^^^^^^^^^^^^^^^^^^^^^^^^^^^^^^

warning: missing documentation for a method
   --> src/hooks/security.rs:425:5
    |
425 |     pub fn has_permission(&self, permission: &str) -> bool {
    |     ^^^^^^^^^^^^^^^^^^^^^^^^^^^^^^^^^^^^^^^^^^^^^^^^^^^^^^

warning: missing documentation for a method
   --> src/hooks/security.rs:429:5
    |
429 |     pub fn is_path_trusted(&self, path: &str) -> bool {
    |     ^^^^^^^^^^^^^^^^^^^^^^^^^^^^^^^^^^^^^^^^^^^^^^^^^

warning: missing documentation for a struct
  --> src/ide/ai_helper_broker.rs:36:1
   |
36 | pub struct RepositoryInfo {
   | ^^^^^^^^^^^^^^^^^^^^^^^^^

warning: missing documentation for a struct field
  --> src/ide/ai_helper_broker.rs:37:5
   |
37 |     pub path: PathBuf,
   |     ^^^^^^^^^^^^^^^^^

warning: missing documentation for a struct field
  --> src/ide/ai_helper_broker.rs:38:5
   |
38 |     pub name: String,
   |     ^^^^^^^^^^^^^^^^

warning: missing documentation for a struct field
  --> src/ide/ai_helper_broker.rs:39:5
   |
39 |     pub files: Vec<PathBuf>,
   |     ^^^^^^^^^^^^^^^^^^^^^^^

warning: missing documentation for a struct field
  --> src/ide/ai_helper_broker.rs:40:5
   |
40 |     pub selected_file: Option<PathBuf>,
   |     ^^^^^^^^^^^^^^^^^^^^^^^^^^^^^^^^^^

warning: missing documentation for a struct field
   --> src/ide/ai_helper_broker.rs:186:5
    |
186 |     pub original_query: String,
    |     ^^^^^^^^^^^^^^^^^^^^^^^^^^

warning: missing documentation for a struct field
   --> src/ide/ai_helper_broker.rs:187:5
    |
187 |     pub repository_context: Option<String>,
    |     ^^^^^^^^^^^^^^^^^^^^^^^^^^^^^^^^^^^^^^

warning: missing documentation for a struct field
   --> src/ide/ai_helper_broker.rs:188:5
    |
188 |     pub selected_file_context: Option<String>,
    |     ^^^^^^^^^^^^^^^^^^^^^^^^^^^^^^^^^^^^^^^^^

warning: missing documentation for a struct field
   --> src/ide/ai_helper_broker.rs:189:5
    |
189 |     pub ai_understanding: String,
    |     ^^^^^^^^^^^^^^^^^^^^^^^^^^^^

warning: missing documentation for a struct field
   --> src/ide/ai_helper_broker.rs:190:5
    |
190 |     pub confidence: f32,
    |     ^^^^^^^^^^^^^^^^^^^

warning: missing documentation for a struct field
   --> src/ide/ai_helper_broker.rs:191:5
    |
191 |     pub suggested_files: Vec<String>,
    |     ^^^^^^^^^^^^^^^^^^^^^^^^^^^^^^^^

warning: missing documentation for a struct field
   --> src/install/mod.rs:323:5
    |
323 |     pub is_installed: bool,
    |     ^^^^^^^^^^^^^^^^^^^^^^

warning: missing documentation for a struct field
   --> src/install/mod.rs:324:5
    |
324 |     pub version: String,
    |     ^^^^^^^^^^^^^^^^^^^

warning: missing documentation for a struct field
   --> src/install/mod.rs:325:5
    |
325 |     pub install_dir: PathBuf,
    |     ^^^^^^^^^^^^^^^^^^^^^^^^

warning: missing documentation for a struct field
   --> src/install/mod.rs:326:5
    |
326 |     pub config_dir: PathBuf,
    |     ^^^^^^^^^^^^^^^^^^^^^^^

warning: missing documentation for a struct field
   --> src/install/mod.rs:327:5
    |
327 |     pub cache_dir: PathBuf,
    |     ^^^^^^^^^^^^^^^^^^^^^^

warning: missing documentation for a struct field
   --> src/install/mod.rs:328:5
    |
328 |     pub method: InstallMethod,
    |     ^^^^^^^^^^^^^^^^^^^^^^^^^

warning: missing documentation for a struct field
   --> src/install/mod.rs:329:5
    |
329 |     pub installed_at: chrono::DateTime<chrono::Utc>,
    |     ^^^^^^^^^^^^^^^^^^^^^^^^^^^^^^^^^^^^^^^^^^^^^^^

warning: missing documentation for a struct field
   --> src/install/mod.rs:330:5
    |
330 |     pub completions: Vec<String>,
    |     ^^^^^^^^^^^^^^^^^^^^^^^^^^^^

warning: missing documentation for a struct field
   --> src/install/mod.rs:331:5
    |
331 |     pub auto_update: bool,
    |     ^^^^^^^^^^^^^^^^^^^^^

warning: missing documentation for a struct field
   --> src/install/binary.rs:276:5
    |
276 |     pub installed: bool,
    |     ^^^^^^^^^^^^^^^^^^^

warning: missing documentation for a struct field
   --> src/install/binary.rs:277:5
    |
277 |     pub size: u64,
    |     ^^^^^^^^^^^^^

warning: missing documentation for a struct field
   --> src/install/binary.rs:278:5
    |
278 |     pub version: Option<String>,
    |     ^^^^^^^^^^^^^^^^^^^^^^^^^^^

warning: missing documentation for a struct field
   --> src/install/binary.rs:279:5
    |
279 |     pub last_used: Option<std::time::SystemTime>,
    |     ^^^^^^^^^^^^^^^^^^^^^^^^^^^^^^^^^^^^^^^^^^^^

warning: missing documentation for an associated function
   --> src/install/binary.rs:291:5
    |
291 |     pub fn new(binary_path: PathBuf) -> Self {
    |     ^^^^^^^^^^^^^^^^^^^^^^^^^^^^^^^^^^^^^^^^

warning: missing documentation for a method
   --> src/install/binary.rs:300:5
    |
300 |     pub fn with_completions(mut self, include: bool) -> Self {
    |     ^^^^^^^^^^^^^^^^^^^^^^^^^^^^^^^^^^^^^^^^^^^^^^^^^^^^^^^^

warning: missing documentation for a method
   --> src/install/binary.rs:305:5
    |
305 |     pub fn with_config(mut self, include: bool) -> Self {
    |     ^^^^^^^^^^^^^^^^^^^^^^^^^^^^^^^^^^^^^^^^^^^^^^^^^^^

warning: missing documentation for a method
   --> src/install/binary.rs:310:5
    |
310 |     pub async fn build(&self, output_path: &PathBuf) -> Result<()> {
    |     ^^^^^^^^^^^^^^^^^^^^^^^^^^^^^^^^^^^^^^^^^^^^^^^^^^^^^^^^^^^^^^

warning: missing documentation for a struct field
   --> src/install/completions.rs:376:5
    |
376 |     pub bash: String,
    |     ^^^^^^^^^^^^^^^^

warning: missing documentation for a struct field
   --> src/install/completions.rs:377:5
    |
377 |     pub zsh: String,
    |     ^^^^^^^^^^^^^^^

warning: missing documentation for a struct field
   --> src/install/completions.rs:378:5
    |
378 |     pub fish: String,
    |     ^^^^^^^^^^^^^^^^

warning: missing documentation for a struct field
   --> src/install/completions.rs:379:5
    |
379 |     pub powershell: String,
    |     ^^^^^^^^^^^^^^^^^^^^^^

warning: missing documentation for a struct field
  --> src/install/npm.rs:58:5
   |
58 |     pub repo_type: String,
   |     ^^^^^^^^^^^^^^^^^^^^^

warning: missing documentation for a struct field
  --> src/install/npm.rs:59:5
   |
59 |     pub url: String,
   |     ^^^^^^^^^^^^^^^

warning: missing documentation for a struct field
  --> src/install/npm.rs:65:5
   |
65 |     pub name: String,
   |     ^^^^^^^^^^^^^^^^

warning: missing documentation for a struct field
  --> src/install/npm.rs:66:5
   |
66 |     pub email: String,
   |     ^^^^^^^^^^^^^^^^^

warning: missing documentation for a struct field
  --> src/install/npm.rs:67:5
   |
67 |     pub url: String,
   |     ^^^^^^^^^^^^^^^

warning: missing documentation for a struct field
  --> src/install/npm.rs:73:5
   |
73 |     pub node: String,
   |     ^^^^^^^^^^^^^^^^

warning: missing documentation for a struct field
  --> src/install/npm.rs:74:5
   |
74 |     pub npm: String,
   |     ^^^^^^^^^^^^^^^

warning: missing documentation for a struct field
   --> src/install/npm.rs:642:5
    |
642 |     pub name: String,
    |     ^^^^^^^^^^^^^^^^

warning: missing documentation for a struct field
   --> src/install/npm.rs:643:5
    |
643 |     pub version: String,
    |     ^^^^^^^^^^^^^^^^^^^

warning: missing documentation for a struct field
   --> src/install/npm.rs:644:5
    |
644 |     pub description: String,
    |     ^^^^^^^^^^^^^^^^^^^^^^^

warning: missing documentation for a struct field
   --> src/install/npm.rs:645:5
    |
645 |     pub binary_size: u64,
    |     ^^^^^^^^^^^^^^^^^^^^

warning: missing documentation for a struct field
   --> src/install/npm.rs:646:5
    |
646 |     pub package_size: u64,
    |     ^^^^^^^^^^^^^^^^^^^^^

warning: missing documentation for a struct field
   --> src/install/npm.rs:647:5
    |
647 |     pub created_at: Option<std::time::SystemTime>,
    |     ^^^^^^^^^^^^^^^^^^^^^^^^^^^^^^^^^^^^^^^^^^^^^

warning: missing documentation for a struct field
  --> src/install/updater.rs:88:9
   |
88 |         current_version: String,
   |         ^^^^^^^^^^^^^^^^^^^^^^^

warning: missing documentation for a struct field
  --> src/install/updater.rs:89:9
   |
89 |         latest_version: String,
   |         ^^^^^^^^^^^^^^^^^^^^^^

warning: missing documentation for a struct field
  --> src/install/updater.rs:90:9
   |
90 |         release_info: ReleaseInfo,
   |         ^^^^^^^^^^^^^^^^^^^^^^^^^

warning: missing documentation for a struct field
  --> src/install/updater.rs:93:16
   |
93 |     Updating { progress: f32, status: String },
   |                ^^^^^^^^^^^^^

warning: missing documentation for a struct field
  --> src/install/updater.rs:93:31
   |
93 |     Updating { progress: f32, status: String },
   |                               ^^^^^^^^^^^^^^

warning: missing documentation for a struct field
  --> src/install/updater.rs:96:9
   |
96 |         old_version: String,
   |         ^^^^^^^^^^^^^^^^^^^

warning: missing documentation for a struct field
  --> src/install/updater.rs:97:9
   |
97 |         new_version: String,
   |         ^^^^^^^^^^^^^^^^^^^

warning: missing documentation for a struct field
   --> src/install/updater.rs:100:14
    |
100 |     Failed { error: String },
    |              ^^^^^^^^^^^^^

warning: missing documentation for a struct field
   --> src/install/validation.rs:119:16
    |
119 |     Checksum { file_path: String },
    |                ^^^^^^^^^^^^^^^^^

warning: missing documentation for a struct field
   --> src/install/validation.rs:121:15
    |
121 |     Command { command: String, args: Vec<String> },
    |               ^^^^^^^^^^^^^^^

warning: missing documentation for a struct field
   --> src/install/validation.rs:121:32
    |
121 |     Command { command: String, args: Vec<String> },
    |                                ^^^^^^^^^^^^^^^^^

warning: missing documentation for a struct field
   --> src/install/validation.rs:123:19
    |
123 |     Environment { variable: String },
    |                   ^^^^^^^^^^^^^^^^

warning: missing documentation for a struct field
   --> src/install/validation.rs:125:15
    |
125 |     Network { host: String, port: u16 },
    |               ^^^^^^^^^^^^

warning: missing documentation for a struct field
   --> src/install/validation.rs:125:29
    |
125 |     Network { host: String, port: u16 },
    |                             ^^^^^^^^^

warning: missing documentation for a struct field
  --> src/integration/mcp/performance.rs:27:5
   |
27 |     pub cache_enabled: bool,
   |     ^^^^^^^^^^^^^^^^^^^^^^^

warning: missing documentation for a struct field
  --> src/integration/mcp/performance.rs:28:5
   |
28 |     pub cache_max_size: usize,
   |     ^^^^^^^^^^^^^^^^^^^^^^^^^

warning: missing documentation for a struct field
  --> src/integration/mcp/performance.rs:29:5
   |
29 |     pub cache_ttl_seconds: u64,
   |     ^^^^^^^^^^^^^^^^^^^^^^^^^^

warning: missing documentation for a struct field
  --> src/integration/mcp/performance.rs:30:5
   |
30 |     pub connection_pool_size: usize,
   |     ^^^^^^^^^^^^^^^^^^^^^^^^^^^^^^^

warning: missing documentation for a struct field
  --> src/integration/mcp/performance.rs:31:5
   |
31 |     pub request_timeout_seconds: u64,
   |     ^^^^^^^^^^^^^^^^^^^^^^^^^^^^^^^^

warning: missing documentation for a struct field
  --> src/integration/mcp/performance.rs:32:5
   |
32 |     pub enable_compression: bool,
   |     ^^^^^^^^^^^^^^^^^^^^^^^^^^^^

warning: missing documentation for a struct field
  --> src/integration/mcp/performance.rs:33:5
   |
33 |     pub parallel_tool_execution: bool,
   |     ^^^^^^^^^^^^^^^^^^^^^^^^^^^^^^^^^

warning: missing documentation for a struct field
  --> src/integration/mcp/performance.rs:34:5
   |
34 |     pub max_concurrent_tools: usize,
   |     ^^^^^^^^^^^^^^^^^^^^^^^^^^^^^^^

warning: missing documentation for a struct field
  --> src/integration/mcp/performance.rs:35:5
   |
35 |     pub enable_result_streaming: bool,
   |     ^^^^^^^^^^^^^^^^^^^^^^^^^^^^^^^^^

warning: missing documentation for a struct field
  --> src/integration/mcp/performance.rs:36:5
   |
36 |     pub metrics_collection_interval_seconds: u64,
   |     ^^^^^^^^^^^^^^^^^^^^^^^^^^^^^^^^^^^^^^^^^^^^

warning: missing documentation for a struct field
  --> src/integration/mcp/performance.rs:50:5
   |
50 |     pub result: serde_json::Value,
   |     ^^^^^^^^^^^^^^^^^^^^^^^^^^^^^

warning: missing documentation for a struct field
  --> src/integration/mcp/performance.rs:51:5
   |
51 |     pub cached_at: Instant,
   |     ^^^^^^^^^^^^^^^^^^^^^^

warning: missing documentation for a struct field
  --> src/integration/mcp/performance.rs:52:5
   |
52 |     pub ttl: Duration,
   |     ^^^^^^^^^^^^^^^^^

warning: missing documentation for a struct field
  --> src/integration/mcp/performance.rs:53:5
   |
53 |     pub access_count: u64,
   |     ^^^^^^^^^^^^^^^^^^^^^

warning: missing documentation for a struct field
  --> src/integration/mcp/performance.rs:54:5
   |
54 |     pub cache_key: String,
   |     ^^^^^^^^^^^^^^^^^^^^^

warning: missing documentation for a struct field
  --> src/integration/mcp/performance.rs:68:5
   |
68 |     pub id: String,
   |     ^^^^^^^^^^^^^^

warning: missing documentation for a struct field
  --> src/integration/mcp/performance.rs:69:5
   |
69 |     pub created_at: Instant,
   |     ^^^^^^^^^^^^^^^^^^^^^^^

warning: missing documentation for a struct field
  --> src/integration/mcp/performance.rs:70:5
   |
70 |     pub last_used: Instant,
   |     ^^^^^^^^^^^^^^^^^^^^^^

warning: missing documentation for a struct field
  --> src/integration/mcp/performance.rs:71:5
   |
71 |     pub use_count: u64,
   |     ^^^^^^^^^^^^^^^^^^

warning: missing documentation for a struct field
  --> src/integration/mcp/performance.rs:72:5
   |
72 |     pub is_healthy: bool,
   |     ^^^^^^^^^^^^^^^^^^^^

warning: missing documentation for a struct field
  --> src/integration/mcp/performance.rs:73:5
   |
73 |     pub client_info: Option<ClientInfo>,
   |     ^^^^^^^^^^^^^^^^^^^^^^^^^^^^^^^^^^^

warning: missing documentation for a struct field
  --> src/integration/mcp/performance.rs:79:5
   |
79 |     pub client_id: String,
   |     ^^^^^^^^^^^^^^^^^^^^^

warning: missing documentation for a struct field
  --> src/integration/mcp/performance.rs:80:5
   |
80 |     pub client_type: String,
   |     ^^^^^^^^^^^^^^^^^^^^^^^

warning: missing documentation for a struct field
  --> src/integration/mcp/performance.rs:81:5
   |
81 |     pub version: String,
   |     ^^^^^^^^^^^^^^^^^^^

warning: missing documentation for a struct field
  --> src/integration/mcp/performance.rs:82:5
   |
82 |     pub capabilities: Vec<String>,
   |     ^^^^^^^^^^^^^^^^^^^^^^^^^^^^^

warning: missing documentation for a struct field
  --> src/integration/mcp/performance.rs:88:5
   |
88 |     pub max_connections: usize,
   |     ^^^^^^^^^^^^^^^^^^^^^^^^^^

warning: missing documentation for a struct field
  --> src/integration/mcp/performance.rs:89:5
   |
89 |     pub min_idle_connections: usize,
   |     ^^^^^^^^^^^^^^^^^^^^^^^^^^^^^^^

warning: missing documentation for a struct field
  --> src/integration/mcp/performance.rs:90:5
   |
90 |     pub max_idle_time_seconds: u64,
   |     ^^^^^^^^^^^^^^^^^^^^^^^^^^^^^^

warning: missing documentation for a struct field
  --> src/integration/mcp/performance.rs:91:5
   |
91 |     pub connection_timeout_seconds: u64,
   |     ^^^^^^^^^^^^^^^^^^^^^^^^^^^^^^^^^^^

warning: missing documentation for a struct field
  --> src/integration/mcp/performance.rs:92:5
   |
92 |     pub health_check_interval_seconds: u64,
   |     ^^^^^^^^^^^^^^^^^^^^^^^^^^^^^^^^^^^^^^

warning: missing documentation for a struct field
  --> src/integration/mcp/performance.rs:93:5
   |
93 |     pub retry_attempts: u32,
   |     ^^^^^^^^^^^^^^^^^^^^^^^

warning: missing documentation for a struct field
  --> src/integration/mcp/performance.rs:94:5
   |
94 |     pub retry_delay_ms: u64,
   |     ^^^^^^^^^^^^^^^^^^^^^^^

warning: missing documentation for a struct field
   --> src/integration/mcp/performance.rs:100:5
    |
100 |     pub total_connections: usize,
    |     ^^^^^^^^^^^^^^^^^^^^^^^^^^^^

warning: missing documentation for a struct field
   --> src/integration/mcp/performance.rs:101:5
    |
101 |     pub active_connections: usize,
    |     ^^^^^^^^^^^^^^^^^^^^^^^^^^^^^

warning: missing documentation for a struct field
   --> src/integration/mcp/performance.rs:102:5
    |
102 |     pub idle_connections: usize,
    |     ^^^^^^^^^^^^^^^^^^^^^^^^^^^

warning: missing documentation for a struct field
   --> src/integration/mcp/performance.rs:103:5
    |
103 |     pub failed_connections: u64,
    |     ^^^^^^^^^^^^^^^^^^^^^^^^^^^

warning: missing documentation for a struct field
   --> src/integration/mcp/performance.rs:104:5
    |
104 |     pub connection_errors: u64,
    |     ^^^^^^^^^^^^^^^^^^^^^^^^^^

warning: missing documentation for a struct field
   --> src/integration/mcp/performance.rs:105:5
    |
105 |     pub average_connection_time_ms: f64,
    |     ^^^^^^^^^^^^^^^^^^^^^^^^^^^^^^^^^^^

warning: missing documentation for a struct field
   --> src/integration/mcp/performance.rs:106:5
    |
106 |     pub peak_connections: usize,
    |     ^^^^^^^^^^^^^^^^^^^^^^^^^^^

warning: missing documentation for a struct field
   --> src/integration/mcp/performance.rs:112:5
    |
112 |     pub total_requests: u64,
    |     ^^^^^^^^^^^^^^^^^^^^^^^

warning: missing documentation for a struct field
   --> src/integration/mcp/performance.rs:113:5
    |
113 |     pub successful_requests: u64,
    |     ^^^^^^^^^^^^^^^^^^^^^^^^^^^^

warning: missing documentation for a struct field
   --> src/integration/mcp/performance.rs:114:5
    |
114 |     pub failed_requests: u64,
    |     ^^^^^^^^^^^^^^^^^^^^^^^^

warning: missing documentation for a struct field
   --> src/integration/mcp/performance.rs:115:5
    |
115 |     pub average_response_time_ms: f64,
    |     ^^^^^^^^^^^^^^^^^^^^^^^^^^^^^^^^^

warning: missing documentation for a struct field
   --> src/integration/mcp/performance.rs:116:5
    |
116 |     pub min_response_time_ms: f64,
    |     ^^^^^^^^^^^^^^^^^^^^^^^^^^^^^

warning: missing documentation for a struct field
   --> src/integration/mcp/performance.rs:117:5
    |
117 |     pub max_response_time_ms: f64,
    |     ^^^^^^^^^^^^^^^^^^^^^^^^^^^^^

warning: missing documentation for a struct field
   --> src/integration/mcp/performance.rs:118:5
    |
118 |     pub cache_hit_rate: f64,
    |     ^^^^^^^^^^^^^^^^^^^^^^^

warning: missing documentation for a struct field
   --> src/integration/mcp/performance.rs:119:5
    |
119 |     pub compression_ratio: f64,
    |     ^^^^^^^^^^^^^^^^^^^^^^^^^^

warning: missing documentation for a struct field
   --> src/integration/mcp/performance.rs:120:5
    |
120 |     pub throughput_requests_per_second: f64,
    |     ^^^^^^^^^^^^^^^^^^^^^^^^^^^^^^^^^^^^^^^

warning: missing documentation for a struct field
   --> src/integration/mcp/performance.rs:121:5
    |
121 |     pub memory_usage_mb: f64,
    |     ^^^^^^^^^^^^^^^^^^^^^^^^

warning: missing documentation for a struct field
   --> src/integration/mcp/performance.rs:122:5
    |
122 |     pub active_tool_executions: u64,
    |     ^^^^^^^^^^^^^^^^^^^^^^^^^^^^^^^

warning: missing documentation for a struct field
   --> src/integration/mcp/performance.rs:123:5
    |
123 |     pub queued_requests: u64,
    |     ^^^^^^^^^^^^^^^^^^^^^^^^

warning: missing documentation for a struct field
   --> src/integration/mcp/performance.rs:129:5
    |
129 |     pub request_id: String,
    |     ^^^^^^^^^^^^^^^^^^^^^^

warning: missing documentation for a struct field
   --> src/integration/mcp/performance.rs:130:5
    |
130 |     pub start_time: Instant,
    |     ^^^^^^^^^^^^^^^^^^^^^^^

warning: missing documentation for a struct field
   --> src/integration/mcp/performance.rs:131:5
    |
131 |     pub tool_name: String,
    |     ^^^^^^^^^^^^^^^^^^^^^

warning: missing documentation for a struct field
   --> src/integration/mcp/performance.rs:132:5
    |
132 |     pub cache_hit: bool,
    |     ^^^^^^^^^^^^^^^^^^^

warning: missing documentation for a struct field
   --> src/integration/mcp/performance.rs:133:5
    |
133 |     pub compressed: bool,
    |     ^^^^^^^^^^^^^^^^^^^^

warning: missing documentation for a struct field
   --> src/integration/mcp/performance.rs:654:5
    |
654 |     pub hit_count: u64,
    |     ^^^^^^^^^^^^^^^^^^

warning: missing documentation for a struct field
   --> src/integration/mcp/performance.rs:655:5
    |
655 |     pub miss_count: u64,
    |     ^^^^^^^^^^^^^^^^^^^

warning: missing documentation for a struct field
   --> src/integration/mcp/performance.rs:656:5
    |
656 |     pub eviction_count: u64,
    |     ^^^^^^^^^^^^^^^^^^^^^^^

warning: missing documentation for a struct field
   --> src/integration/mcp/performance.rs:657:5
    |
657 |     pub hit_rate: f64,
    |     ^^^^^^^^^^^^^^^^^

warning: missing documentation for a struct field
   --> src/integration/mcp/performance.rs:658:5
    |
658 |     pub current_size: usize,
    |     ^^^^^^^^^^^^^^^^^^^^^^^

warning: missing documentation for a struct field
   --> src/integration/mcp/performance.rs:659:5
    |
659 |     pub max_size: usize,
    |     ^^^^^^^^^^^^^^^^^^^

warning: missing documentation for a struct field
  --> src/integration/mcp/prompts.rs:19:5
   |
19 |     pub id: String,
   |     ^^^^^^^^^^^^^^

warning: missing documentation for a struct field
  --> src/integration/mcp/prompts.rs:20:5
   |
20 |     pub name: String,
   |     ^^^^^^^^^^^^^^^^

warning: missing documentation for a struct field
  --> src/integration/mcp/prompts.rs:21:5
   |
21 |     pub description: String,
   |     ^^^^^^^^^^^^^^^^^^^^^^^

warning: missing documentation for a struct field
  --> src/integration/mcp/prompts.rs:22:5
   |
22 |     pub template: String,
   |     ^^^^^^^^^^^^^^^^^^^^

warning: missing documentation for a struct field
  --> src/integration/mcp/prompts.rs:23:5
   |
23 |     pub required_params: Vec<String>,
   |     ^^^^^^^^^^^^^^^^^^^^^^^^^^^^^^^^

warning: missing documentation for a struct field
  --> src/integration/mcp/prompts.rs:24:5
   |
24 |     pub optional_params: Vec<String>,
   |     ^^^^^^^^^^^^^^^^^^^^^^^^^^^^^^^^

warning: missing documentation for a struct field
  --> src/integration/mcp/prompts.rs:25:5
   |
25 |     pub language_specific: bool,
   |     ^^^^^^^^^^^^^^^^^^^^^^^^^^^

warning: missing documentation for a struct field
  --> src/integration/mcp/prompts.rs:26:5
   |
26 |     pub context_aware: bool,
   |     ^^^^^^^^^^^^^^^^^^^^^^^

warning: missing documentation for a method
  --> src/integration/mcp/prompts.rs:31:5
   |
31 |     fn inject_context(&self, prompt: &str, context: &PromptContext) -> Result<String>;
   |     ^^^^^^^^^^^^^^^^^^^^^^^^^^^^^^^^^^^^^^^^^^^^^^^^^^^^^^^^^^^^^^^^^^^^^^^^^^^^^^^^^^

warning: missing documentation for a method
  --> src/integration/mcp/prompts.rs:32:5
   |
32 |     fn get_name(&self) -> &str;
   |     ^^^^^^^^^^^^^^^^^^^^^^^^^^^

warning: missing documentation for a struct field
  --> src/integration/mcp/prompts.rs:38:5
   |
38 |     pub language: Option<String>,
   |     ^^^^^^^^^^^^^^^^^^^^^^^^^^^^

warning: missing documentation for a struct field
  --> src/integration/mcp/prompts.rs:39:5
   |
39 |     pub project_path: Option<String>,
   |     ^^^^^^^^^^^^^^^^^^^^^^^^^^^^^^^^

warning: missing documentation for a struct field
  --> src/integration/mcp/prompts.rs:40:5
   |
40 |     pub user_preferences: HashMap<String, Value>,
   |     ^^^^^^^^^^^^^^^^^^^^^^^^^^^^^^^^^^^^^^^^^^^^

warning: missing documentation for a struct field
  --> src/integration/mcp/prompts.rs:41:5
   |
41 |     pub timestamp: DateTime<Utc>,
   |     ^^^^^^^^^^^^^^^^^^^^^^^^^^^^

warning: missing documentation for a struct field
  --> src/integration/mcp/prompts.rs:42:5
   |
42 |     pub session_id: String,
   |     ^^^^^^^^^^^^^^^^^^^^^^

warning: missing documentation for a struct field
  --> src/integration/mcp/prompts.rs:43:5
   |
43 |     pub tool_name: String,
   |     ^^^^^^^^^^^^^^^^^^^^^

warning: missing documentation for a struct field
  --> src/integration/mcp/prompts.rs:44:5
   |
44 |     pub additional_context: HashMap<String, Value>,
   |     ^^^^^^^^^^^^^^^^^^^^^^^^^^^^^^^^^^^^^^^^^^^^^^

warning: missing documentation for a struct field
  --> src/integration/mcp/protocol.rs:14:5
   |
14 |     pub jsonrpc: String,
   |     ^^^^^^^^^^^^^^^^^^^

warning: missing documentation for a struct field
  --> src/integration/mcp/protocol.rs:15:5
   |
15 |     pub id: Option<serde_json::Value>,
   |     ^^^^^^^^^^^^^^^^^^^^^^^^^^^^^^^^^

warning: missing documentation for a struct field
  --> src/integration/mcp/protocol.rs:17:5
   |
17 |     pub content: McpMessageContent,
   |     ^^^^^^^^^^^^^^^^^^^^^^^^^^^^^^

warning: missing documentation for a variant
  --> src/integration/mcp/protocol.rs:24:5
   |
24 |     Request(McpRequest),
   |     ^^^^^^^

warning: missing documentation for a variant
  --> src/integration/mcp/protocol.rs:25:5
   |
25 |     Response(McpResponse),
   |     ^^^^^^^^

warning: missing documentation for a variant
  --> src/integration/mcp/protocol.rs:26:5
   |
26 |     Notification(McpNotification),
   |     ^^^^^^^^^^^^

warning: missing documentation for a struct field
  --> src/integration/mcp/protocol.rs:32:5
   |
32 |     pub method: String,
   |     ^^^^^^^^^^^^^^^^^^

warning: missing documentation for a struct field
  --> src/integration/mcp/protocol.rs:34:5
   |
34 |     pub params: serde_json::Value,
   |     ^^^^^^^^^^^^^^^^^^^^^^^^^^^^^

warning: missing documentation for a variant
  --> src/integration/mcp/protocol.rs:41:5
   |
41 |     Success { result: serde_json::Value },
   |     ^^^^^^^

warning: missing documentation for a struct field
  --> src/integration/mcp/protocol.rs:41:15
   |
41 |     Success { result: serde_json::Value },
   |               ^^^^^^^^^^^^^^^^^^^^^^^^^

warning: missing documentation for a variant
  --> src/integration/mcp/protocol.rs:42:5
   |
42 |     Error { error: McpError },
   |     ^^^^^

warning: missing documentation for a struct field
  --> src/integration/mcp/protocol.rs:42:13
   |
42 |     Error { error: McpError },
   |             ^^^^^^^^^^^^^^^

warning: missing documentation for a struct field
  --> src/integration/mcp/protocol.rs:48:5
   |
48 |     pub method: String,
   |     ^^^^^^^^^^^^^^^^^^

warning: missing documentation for a struct field
  --> src/integration/mcp/protocol.rs:50:5
   |
50 |     pub params: serde_json::Value,
   |     ^^^^^^^^^^^^^^^^^^^^^^^^^^^^^

warning: missing documentation for a struct field
  --> src/integration/mcp/protocol.rs:56:5
   |
56 |     pub code: i32,
   |     ^^^^^^^^^^^^^

warning: missing documentation for a struct field
  --> src/integration/mcp/protocol.rs:57:5
   |
57 |     pub message: String,
   |     ^^^^^^^^^^^^^^^^^^^

warning: missing documentation for a struct field
  --> src/integration/mcp/protocol.rs:59:5
   |
59 |     pub data: Option<serde_json::Value>,
   |     ^^^^^^^^^^^^^^^^^^^^^^^^^^^^^^^^^^^

warning: missing documentation for a struct field
  --> src/integration/mcp/protocol.rs:66:5
   |
66 |     pub experimental: Option<HashMap<String, serde_json::Value>>,
   |     ^^^^^^^^^^^^^^^^^^^^^^^^^^^^^^^^^^^^^^^^^^^^^^^^^^^^^^^^^^^^

warning: missing documentation for a struct field
  --> src/integration/mcp/protocol.rs:73:5
   |
73 |     pub logging: Option<McpCapability>,
   |     ^^^^^^^^^^^^^^^^^^^^^^^^^^^^^^^^^^

warning: missing documentation for a struct field
  --> src/integration/mcp/protocol.rs:75:5
   |
75 |     pub prompts: Option<McpCapability>,
   |     ^^^^^^^^^^^^^^^^^^^^^^^^^^^^^^^^^^

warning: missing documentation for a struct field
  --> src/integration/mcp/protocol.rs:77:5
   |
77 |     pub resources: Option<McpCapability>,
   |     ^^^^^^^^^^^^^^^^^^^^^^^^^^^^^^^^^^^^

warning: missing documentation for a struct field
  --> src/integration/mcp/protocol.rs:79:5
   |
79 |     pub tools: Option<McpCapability>,
   |     ^^^^^^^^^^^^^^^^^^^^^^^^^^^^^^^^

warning: missing documentation for a struct field
  --> src/integration/mcp/protocol.rs:86:5
   |
86 |     pub protocol_version: String,
   |     ^^^^^^^^^^^^^^^^^^^^^^^^^^^^

warning: missing documentation for a struct field
  --> src/integration/mcp/protocol.rs:87:5
   |
87 |     pub capabilities: ClientCapabilities,
   |     ^^^^^^^^^^^^^^^^^^^^^^^^^^^^^^^^^^^^

warning: missing documentation for a struct field
  --> src/integration/mcp/protocol.rs:89:5
   |
89 |     pub client_info: ClientInfo,
   |     ^^^^^^^^^^^^^^^^^^^^^^^^^^^

warning: missing documentation for a struct field
  --> src/integration/mcp/protocol.rs:96:5
   |
96 |     pub experimental: Option<HashMap<String, serde_json::Value>>,
   |     ^^^^^^^^^^^^^^^^^^^^^^^^^^^^^^^^^^^^^^^^^^^^^^^^^^^^^^^^^^^^

warning: missing documentation for a struct field
  --> src/integration/mcp/protocol.rs:98:5
   |
98 |     pub sampling: Option<McpCapability>,
   |     ^^^^^^^^^^^^^^^^^^^^^^^^^^^^^^^^^^^

warning: missing documentation for a struct field
   --> src/integration/mcp/protocol.rs:104:5
    |
104 |     pub name: String,
    |     ^^^^^^^^^^^^^^^^

warning: missing documentation for a struct field
   --> src/integration/mcp/protocol.rs:105:5
    |
105 |     pub version: String,
    |     ^^^^^^^^^^^^^^^^^^^

warning: missing documentation for a struct field
   --> src/integration/mcp/protocol.rs:112:5
    |
112 |     pub protocol_version: String,
    |     ^^^^^^^^^^^^^^^^^^^^^^^^^^^^

warning: missing documentation for a struct field
   --> src/integration/mcp/protocol.rs:113:5
    |
113 |     pub capabilities: ServerCapabilities,
    |     ^^^^^^^^^^^^^^^^^^^^^^^^^^^^^^^^^^^^

warning: missing documentation for a struct field
   --> src/integration/mcp/protocol.rs:115:5
    |
115 |     pub server_info: ServerInfo,
    |     ^^^^^^^^^^^^^^^^^^^^^^^^^^^

warning: missing documentation for a struct field
   --> src/integration/mcp/protocol.rs:121:5
    |
121 |     pub name: String,
    |     ^^^^^^^^^^^^^^^^

warning: missing documentation for a struct field
   --> src/integration/mcp/protocol.rs:122:5
    |
122 |     pub version: String,
    |     ^^^^^^^^^^^^^^^^^^^

warning: missing documentation for a struct field
   --> src/integration/mcp/protocol.rs:128:5
    |
128 |     pub name: String,
    |     ^^^^^^^^^^^^^^^^

warning: missing documentation for a struct field
   --> src/integration/mcp/protocol.rs:129:5
    |
129 |     pub description: String,
    |     ^^^^^^^^^^^^^^^^^^^^^^^

warning: missing documentation for a struct field
   --> src/integration/mcp/protocol.rs:131:5
    |
131 |     pub input_schema: serde_json::Value,
    |     ^^^^^^^^^^^^^^^^^^^^^^^^^^^^^^^^^^^

warning: missing documentation for a struct field
   --> src/integration/mcp/protocol.rs:137:5
    |
137 |     pub tools: Vec<Tool>,
    |     ^^^^^^^^^^^^^^^^^^^^

warning: missing documentation for a struct field
   --> src/integration/mcp/protocol.rs:143:5
    |
143 |     pub name: String,
    |     ^^^^^^^^^^^^^^^^

warning: missing documentation for a struct field
   --> src/integration/mcp/protocol.rs:145:5
    |
145 |     pub arguments: serde_json::Value,
    |     ^^^^^^^^^^^^^^^^^^^^^^^^^^^^^^^^

warning: missing documentation for a struct field
   --> src/integration/mcp/protocol.rs:151:5
    |
151 |     pub content: Vec<ToolContent>,
    |     ^^^^^^^^^^^^^^^^^^^^^^^^^^^^^

warning: missing documentation for a struct field
   --> src/integration/mcp/protocol.rs:153:5
    |
153 |     pub is_error: Option<bool>,
    |     ^^^^^^^^^^^^^^^^^^^^^^^^^^

warning: missing documentation for a variant
   --> src/integration/mcp/protocol.rs:161:5
    |
161 |     Text { text: String },
    |     ^^^^

warning: missing documentation for a struct field
   --> src/integration/mcp/protocol.rs:161:12
    |
161 |     Text { text: String },
    |            ^^^^^^^^^^^^

warning: missing documentation for a variant
   --> src/integration/mcp/protocol.rs:163:5
    |
163 |     Image {
    |     ^^^^^

warning: missing documentation for a struct field
   --> src/integration/mcp/protocol.rs:164:9
    |
164 |         data: String,
    |         ^^^^^^^^^^^^

warning: missing documentation for a struct field
   --> src/integration/mcp/protocol.rs:166:9
    |
166 |         mime_type: String,
    |         ^^^^^^^^^^^^^^^^^

warning: missing documentation for a struct field
   --> src/integration/mcp/protocol.rs:173:5
    |
173 |     pub uri: String,
    |     ^^^^^^^^^^^^^^^

warning: missing documentation for a struct field
   --> src/integration/mcp/protocol.rs:174:5
    |
174 |     pub name: String,
    |     ^^^^^^^^^^^^^^^^

warning: missing documentation for a struct field
   --> src/integration/mcp/protocol.rs:176:5
    |
176 |     pub description: Option<String>,
    |     ^^^^^^^^^^^^^^^^^^^^^^^^^^^^^^^

warning: missing documentation for a struct field
   --> src/integration/mcp/protocol.rs:178:5
    |
178 |     pub mime_type: Option<String>,
    |     ^^^^^^^^^^^^^^^^^^^^^^^^^^^^^

warning: missing documentation for a struct field
   --> src/integration/mcp/protocol.rs:184:5
    |
184 |     pub resources: Vec<Resource>,
    |     ^^^^^^^^^^^^^^^^^^^^^^^^^^^^

warning: missing documentation for a struct field
   --> src/integration/mcp/protocol.rs:190:5
    |
190 |     pub uri: String,
    |     ^^^^^^^^^^^^^^^

warning: missing documentation for a struct field
   --> src/integration/mcp/protocol.rs:192:5
    |
192 |     pub mime_type: String,
    |     ^^^^^^^^^^^^^^^^^^^^^

warning: missing documentation for a struct field
   --> src/integration/mcp/protocol.rs:194:5
    |
194 |     pub content: ResourceData,
    |     ^^^^^^^^^^^^^^^^^^^^^^^^^

warning: missing documentation for a variant
   --> src/integration/mcp/protocol.rs:202:5
    |
202 |     Text { text: String },
    |     ^^^^

warning: missing documentation for a struct field
   --> src/integration/mcp/protocol.rs:202:12
    |
202 |     Text { text: String },
    |            ^^^^^^^^^^^^

warning: missing documentation for a variant
   --> src/integration/mcp/protocol.rs:204:5
    |
204 |     Blob { blob: String },
    |     ^^^^

warning: missing documentation for a struct field
   --> src/integration/mcp/protocol.rs:204:12
    |
204 |     Blob { blob: String },
    |            ^^^^^^^^^^^^

warning: missing documentation for a struct field
   --> src/integration/mcp/protocol.rs:210:5
    |
210 |     pub contents: Vec<ResourceContent>,
    |     ^^^^^^^^^^^^^^^^^^^^^^^^^^^^^^^^^^

warning: missing documentation for a struct field
  --> src/integration/mcp/sampling.rs:24:5
   |
24 |     pub max_concurrent_samples: usize,
   |     ^^^^^^^^^^^^^^^^^^^^^^^^^^^^^^^^^

warning: missing documentation for a struct field
  --> src/integration/mcp/sampling.rs:25:5
   |
25 |     pub default_timeout_seconds: u64,
   |     ^^^^^^^^^^^^^^^^^^^^^^^^^^^^^^^^

warning: missing documentation for a struct field
  --> src/integration/mcp/sampling.rs:26:5
   |
26 |     pub progress_update_interval_ms: u64,
   |     ^^^^^^^^^^^^^^^^^^^^^^^^^^^^^^^^^^^^

warning: missing documentation for a struct field
  --> src/integration/mcp/sampling.rs:27:5
   |
27 |     pub enable_streaming: bool,
   |     ^^^^^^^^^^^^^^^^^^^^^^^^^^

warning: missing documentation for a struct field
  --> src/integration/mcp/sampling.rs:28:5
   |
28 |     pub max_tokens: Option<u32>,
   |     ^^^^^^^^^^^^^^^^^^^^^^^^^^^

warning: missing documentation for a struct field
  --> src/integration/mcp/sampling.rs:29:5
   |
29 |     pub temperature: Option<f32>,
   |     ^^^^^^^^^^^^^^^^^^^^^^^^^^^^

warning: missing documentation for a struct field
  --> src/integration/mcp/sampling.rs:35:5
   |
35 |     pub id: String,
   |     ^^^^^^^^^^^^^^

warning: missing documentation for a struct field
  --> src/integration/mcp/sampling.rs:36:5
   |
36 |     pub request: SampleRequest,
   |     ^^^^^^^^^^^^^^^^^^^^^^^^^^

warning: missing documentation for a struct field
  --> src/integration/mcp/sampling.rs:37:5
   |
37 |     pub status: SampleStatus,
   |     ^^^^^^^^^^^^^^^^^^^^^^^^

warning: missing documentation for a struct field
  --> src/integration/mcp/sampling.rs:38:5
   |
38 |     pub created_at: DateTime<Utc>,
   |     ^^^^^^^^^^^^^^^^^^^^^^^^^^^^^

warning: missing documentation for a struct field
  --> src/integration/mcp/sampling.rs:39:5
   |
39 |     pub updated_at: DateTime<Utc>,
   |     ^^^^^^^^^^^^^^^^^^^^^^^^^^^^^

warning: missing documentation for a struct field
  --> src/integration/mcp/sampling.rs:40:5
   |
40 |     pub progress: SampleProgress,
   |     ^^^^^^^^^^^^^^^^^^^^^^^^^^^^

warning: missing documentation for a struct field
  --> src/integration/mcp/sampling.rs:41:5
   |
41 |     pub result: Option<SampleResult>,
   |     ^^^^^^^^^^^^^^^^^^^^^^^^^^^^^^^^

warning: missing documentation for a struct field
  --> src/integration/mcp/sampling.rs:42:5
   |
42 |     pub error: Option<String>,
   |     ^^^^^^^^^^^^^^^^^^^^^^^^^

warning: missing documentation for a struct field
  --> src/integration/mcp/sampling.rs:48:5
   |
48 |     pub method: String,
   |     ^^^^^^^^^^^^^^^^^^

warning: missing documentation for a struct field
  --> src/integration/mcp/sampling.rs:49:5
   |
49 |     pub prompt: String,
   |     ^^^^^^^^^^^^^^^^^^

warning: missing documentation for a struct field
  --> src/integration/mcp/sampling.rs:50:5
   |
50 |     pub arguments: HashMap<String, serde_json::Value>,
   |     ^^^^^^^^^^^^^^^^^^^^^^^^^^^^^^^^^^^^^^^^^^^^^^^^^

warning: missing documentation for a struct field
  --> src/integration/mcp/sampling.rs:51:5
   |
51 |     pub include_context: Option<String>,
   |     ^^^^^^^^^^^^^^^^^^^^^^^^^^^^^^^^^^^

warning: missing documentation for a struct field
  --> src/integration/mcp/sampling.rs:52:5
   |
52 |     pub max_tokens: Option<u32>,
   |     ^^^^^^^^^^^^^^^^^^^^^^^^^^^

warning: missing documentation for a struct field
  --> src/integration/mcp/sampling.rs:53:5
   |
53 |     pub temperature: Option<f32>,
   |     ^^^^^^^^^^^^^^^^^^^^^^^^^^^^

warning: missing documentation for a struct field
  --> src/integration/mcp/sampling.rs:54:5
   |
54 |     pub top_p: Option<f32>,
   |     ^^^^^^^^^^^^^^^^^^^^^^

warning: missing documentation for a struct field
  --> src/integration/mcp/sampling.rs:55:5
   |
55 |     pub stop_sequences: Option<Vec<String>>,
   |     ^^^^^^^^^^^^^^^^^^^^^^^^^^^^^^^^^^^^^^^

warning: missing documentation for a struct field
  --> src/integration/mcp/sampling.rs:56:5
   |
56 |     pub stream: Option<bool>,
   |     ^^^^^^^^^^^^^^^^^^^^^^^^

warning: missing documentation for a variant
  --> src/integration/mcp/sampling.rs:62:5
   |
62 |     Queued,
   |     ^^^^^^

warning: missing documentation for a variant
  --> src/integration/mcp/sampling.rs:63:5
   |
63 |     Running,
   |     ^^^^^^^

warning: missing documentation for a variant
  --> src/integration/mcp/sampling.rs:64:5
   |
64 |     Completed,
   |     ^^^^^^^^^

warning: missing documentation for a variant
  --> src/integration/mcp/sampling.rs:65:5
   |
65 |     Failed,
   |     ^^^^^^

warning: missing documentation for a variant
  --> src/integration/mcp/sampling.rs:66:5
   |
66 |     Cancelled,
   |     ^^^^^^^^^

warning: missing documentation for a struct field
  --> src/integration/mcp/sampling.rs:72:5
   |
72 |     pub stage: String,
   |     ^^^^^^^^^^^^^^^^^

warning: missing documentation for a struct field
  --> src/integration/mcp/sampling.rs:73:5
   |
73 |     pub percentage: f32,
   |     ^^^^^^^^^^^^^^^^^^^

warning: missing documentation for a struct field
  --> src/integration/mcp/sampling.rs:74:5
   |
74 |     pub tokens_generated: u32,
   |     ^^^^^^^^^^^^^^^^^^^^^^^^^

warning: missing documentation for a struct field
  --> src/integration/mcp/sampling.rs:75:5
   |
75 |     pub estimated_completion: Option<DateTime<Utc>>,
   |     ^^^^^^^^^^^^^^^^^^^^^^^^^^^^^^^^^^^^^^^^^^^^^^^

warning: missing documentation for a struct field
  --> src/integration/mcp/sampling.rs:76:5
   |
76 |     pub current_operation: String,
   |     ^^^^^^^^^^^^^^^^^^^^^^^^^^^^^

warning: missing documentation for a struct field
  --> src/integration/mcp/sampling.rs:77:5
   |
77 |     pub metrics: SampleMetrics,
   |     ^^^^^^^^^^^^^^^^^^^^^^^^^^

warning: missing documentation for a struct field
  --> src/integration/mcp/sampling.rs:83:5
   |
83 |     pub tokens_per_second: f32,
   |     ^^^^^^^^^^^^^^^^^^^^^^^^^^

warning: missing documentation for a struct field
  --> src/integration/mcp/sampling.rs:84:5
   |
84 |     pub total_tokens: u32,
   |     ^^^^^^^^^^^^^^^^^^^^^

warning: missing documentation for a struct field
  --> src/integration/mcp/sampling.rs:85:5
   |
85 |     pub input_tokens: u32,
   |     ^^^^^^^^^^^^^^^^^^^^^

warning: missing documentation for a struct field
  --> src/integration/mcp/sampling.rs:86:5
   |
86 |     pub output_tokens: u32,
   |     ^^^^^^^^^^^^^^^^^^^^^^

warning: missing documentation for a struct field
  --> src/integration/mcp/sampling.rs:87:5
   |
87 |     pub processing_time_ms: u64,
   |     ^^^^^^^^^^^^^^^^^^^^^^^^^^^

warning: missing documentation for a struct field
  --> src/integration/mcp/sampling.rs:88:5
   |
88 |     pub model_latency_ms: u64,
   |     ^^^^^^^^^^^^^^^^^^^^^^^^^

warning: missing documentation for a struct field
  --> src/integration/mcp/sampling.rs:89:5
   |
89 |     pub queue_time_ms: u64,
   |     ^^^^^^^^^^^^^^^^^^^^^^

warning: missing documentation for a struct field
  --> src/integration/mcp/sampling.rs:95:5
   |
95 |     pub text: String,
   |     ^^^^^^^^^^^^^^^^

warning: missing documentation for a struct field
  --> src/integration/mcp/sampling.rs:96:5
   |
96 |     pub finish_reason: String,
   |     ^^^^^^^^^^^^^^^^^^^^^^^^^

warning: missing documentation for a struct field
  --> src/integration/mcp/sampling.rs:97:5
   |
97 |     pub usage: TokenUsage,
   |     ^^^^^^^^^^^^^^^^^^^^^

warning: missing documentation for a struct field
  --> src/integration/mcp/sampling.rs:98:5
   |
98 |     pub model_info: ModelInfo,
   |     ^^^^^^^^^^^^^^^^^^^^^^^^^

warning: missing documentation for a struct field
  --> src/integration/mcp/sampling.rs:99:5
   |
99 |     pub processing_stats: ProcessingStats,
   |     ^^^^^^^^^^^^^^^^^^^^^^^^^^^^^^^^^^^^^

warning: missing documentation for a struct field
   --> src/integration/mcp/sampling.rs:105:5
    |
105 |     pub prompt_tokens: u32,
    |     ^^^^^^^^^^^^^^^^^^^^^^

warning: missing documentation for a struct field
   --> src/integration/mcp/sampling.rs:106:5
    |
106 |     pub completion_tokens: u32,
    |     ^^^^^^^^^^^^^^^^^^^^^^^^^^

warning: missing documentation for a struct field
   --> src/integration/mcp/sampling.rs:107:5
    |
107 |     pub total_tokens: u32,
    |     ^^^^^^^^^^^^^^^^^^^^^

warning: missing documentation for a struct field
   --> src/integration/mcp/sampling.rs:113:5
    |
113 |     pub model_name: String,
    |     ^^^^^^^^^^^^^^^^^^^^^^

warning: missing documentation for a struct field
   --> src/integration/mcp/sampling.rs:114:5
    |
114 |     pub model_version: String,
    |     ^^^^^^^^^^^^^^^^^^^^^^^^^

warning: missing documentation for a struct field
   --> src/integration/mcp/sampling.rs:115:5
    |
115 |     pub provider: String,
    |     ^^^^^^^^^^^^^^^^^^^^

warning: missing documentation for a struct field
   --> src/integration/mcp/sampling.rs:116:5
    |
116 |     pub capabilities: Vec<String>,
    |     ^^^^^^^^^^^^^^^^^^^^^^^^^^^^^

warning: missing documentation for a struct field
   --> src/integration/mcp/sampling.rs:122:5
    |
122 |     pub total_time_ms: u64,
    |     ^^^^^^^^^^^^^^^^^^^^^^

warning: missing documentation for a struct field
   --> src/integration/mcp/sampling.rs:123:5
    |
123 |     pub queue_time_ms: u64,
    |     ^^^^^^^^^^^^^^^^^^^^^^

warning: missing documentation for a struct field
   --> src/integration/mcp/sampling.rs:124:5
    |
124 |     pub processing_time_ms: u64,
    |     ^^^^^^^^^^^^^^^^^^^^^^^^^^^

warning: missing documentation for a struct field
   --> src/integration/mcp/sampling.rs:125:5
    |
125 |     pub consensus_stages: u32,
    |     ^^^^^^^^^^^^^^^^^^^^^^^^^

warning: missing documentation for a struct field
   --> src/integration/mcp/sampling.rs:126:5
    |
126 |     pub models_used: Vec<String>,
    |     ^^^^^^^^^^^^^^^^^^^^^^^^^^^^

warning: missing documentation for a struct field
   --> src/integration/mcp/sampling.rs:439:5
    |
439 |     pub total_sessions: usize,
    |     ^^^^^^^^^^^^^^^^^^^^^^^^^

warning: missing documentation for a struct field
   --> src/integration/mcp/sampling.rs:440:5
    |
440 |     pub queued: usize,
    |     ^^^^^^^^^^^^^^^^^

warning: missing documentation for a struct field
   --> src/integration/mcp/sampling.rs:441:5
    |
441 |     pub running: usize,
    |     ^^^^^^^^^^^^^^^^^^

warning: missing documentation for a struct field
   --> src/integration/mcp/sampling.rs:442:5
    |
442 |     pub completed: usize,
    |     ^^^^^^^^^^^^^^^^^^^^

warning: missing documentation for a struct field
   --> src/integration/mcp/sampling.rs:443:5
    |
443 |     pub failed: usize,
    |     ^^^^^^^^^^^^^^^^^

warning: missing documentation for a struct field
   --> src/integration/mcp/sampling.rs:444:5
    |
444 |     pub cancelled: usize,
    |     ^^^^^^^^^^^^^^^^^^^^

warning: missing documentation for a struct field
   --> src/integration/mcp/sampling.rs:445:5
    |
445 |     pub average_processing_time_ms: f64,
    |     ^^^^^^^^^^^^^^^^^^^^^^^^^^^^^^^^^^^

warning: missing documentation for a struct field
   --> src/integration/mcp/sampling.rs:446:5
    |
446 |     pub total_tokens_processed: u32,
    |     ^^^^^^^^^^^^^^^^^^^^^^^^^^^^^^^

warning: missing documentation for a struct field
   --> src/integration/mcp/sampling.rs:447:5
    |
447 |     pub tokens_per_second_avg: f32,
    |     ^^^^^^^^^^^^^^^^^^^^^^^^^^^^^^

warning: missing documentation for a struct field
  --> src/integration/mcp/subscriptions.rs:29:5
   |
29 |     pub id: String,
   |     ^^^^^^^^^^^^^^

warning: missing documentation for a struct field
  --> src/integration/mcp/subscriptions.rs:30:5
   |
30 |     pub client_id: String,
   |     ^^^^^^^^^^^^^^^^^^^^^

warning: missing documentation for a struct field
  --> src/integration/mcp/subscriptions.rs:31:5
   |
31 |     pub resource_type: ResourceType,
   |     ^^^^^^^^^^^^^^^^^^^^^^^^^^^^^^^

warning: missing documentation for a struct field
  --> src/integration/mcp/subscriptions.rs:32:5
   |
32 |     pub resource_path: String,
   |     ^^^^^^^^^^^^^^^^^^^^^^^^^

warning: missing documentation for a struct field
  --> src/integration/mcp/subscriptions.rs:33:5
   |
33 |     pub filters: SubscriptionFilters,
   |     ^^^^^^^^^^^^^^^^^^^^^^^^^^^^^^^^

warning: missing documentation for a struct field
  --> src/integration/mcp/subscriptions.rs:34:5
   |
34 |     pub created_at: DateTime<Utc>,
   |     ^^^^^^^^^^^^^^^^^^^^^^^^^^^^^

warning: missing documentation for a struct field
  --> src/integration/mcp/subscriptions.rs:35:5
   |
35 |     pub last_update: DateTime<Utc>,
   |     ^^^^^^^^^^^^^^^^^^^^^^^^^^^^^^

warning: missing documentation for a struct field
  --> src/integration/mcp/subscriptions.rs:36:5
   |
36 |     pub update_count: u64,
   |     ^^^^^^^^^^^^^^^^^^^^^

warning: missing documentation for a struct field
  --> src/integration/mcp/subscriptions.rs:37:5
   |
37 |     pub status: SubscriptionStatus,
   |     ^^^^^^^^^^^^^^^^^^^^^^^^^^^^^^

warning: missing documentation for a struct field
  --> src/integration/mcp/subscriptions.rs:43:5
   |
43 |     pub client_id: String,
   |     ^^^^^^^^^^^^^^^^^^^^^

warning: missing documentation for a struct field
  --> src/integration/mcp/subscriptions.rs:44:5
   |
44 |     pub subscription_ids: HashSet<String>,
   |     ^^^^^^^^^^^^^^^^^^^^^^^^^^^^^^^^^^^^^

warning: missing documentation for a struct field
  --> src/integration/mcp/subscriptions.rs:45:5
   |
45 |     pub event_sender: mpsc::UnboundedSender<SubscriptionEvent>,
   |     ^^^^^^^^^^^^^^^^^^^^^^^^^^^^^^^^^^^^^^^^^^^^^^^^^^^^^^^^^^

warning: missing documentation for a struct field
  --> src/integration/mcp/subscriptions.rs:46:5
   |
46 |     pub connected_at: DateTime<Utc>,
   |     ^^^^^^^^^^^^^^^^^^^^^^^^^^^^^^^

warning: missing documentation for a struct field
  --> src/integration/mcp/subscriptions.rs:47:5
   |
47 |     pub last_activity: DateTime<Utc>,
   |     ^^^^^^^^^^^^^^^^^^^^^^^^^^^^^^^^

warning: missing documentation for a variant
  --> src/integration/mcp/subscriptions.rs:53:5
   |
53 |     File,
   |     ^^^^

warning: missing documentation for a variant
  --> src/integration/mcp/subscriptions.rs:54:5
   |
54 |     Directory,
   |     ^^^^^^^^^

warning: missing documentation for a variant
  --> src/integration/mcp/subscriptions.rs:55:5
   |
55 |     Analysis,
   |     ^^^^^^^^

warning: missing documentation for a variant
  --> src/integration/mcp/subscriptions.rs:56:5
   |
56 |     Memory,
   |     ^^^^^^

warning: missing documentation for a variant
  --> src/integration/mcp/subscriptions.rs:57:5
   |
57 |     Configuration,
   |     ^^^^^^^^^^^^^

warning: missing documentation for a variant
  --> src/integration/mcp/subscriptions.rs:58:5
   |
58 |     Repository,
   |     ^^^^^^^^^^

warning: missing documentation for a variant
  --> src/integration/mcp/subscriptions.rs:59:5
   |
59 |     Custom(String),
   |     ^^^^^^

warning: missing documentation for a struct field
  --> src/integration/mcp/subscriptions.rs:65:5
   |
65 |     pub file_extensions: Option<HashSet<String>>,
   |     ^^^^^^^^^^^^^^^^^^^^^^^^^^^^^^^^^^^^^^^^^^^^

warning: missing documentation for a struct field
  --> src/integration/mcp/subscriptions.rs:66:5
   |
66 |     pub path_patterns: Option<Vec<String>>,
   |     ^^^^^^^^^^^^^^^^^^^^^^^^^^^^^^^^^^^^^^

warning: missing documentation for a struct field
  --> src/integration/mcp/subscriptions.rs:67:5
   |
67 |     pub event_types: Option<HashSet<SubscriptionEventType>>,
   |     ^^^^^^^^^^^^^^^^^^^^^^^^^^^^^^^^^^^^^^^^^^^^^^^^^^^^^^^

warning: missing documentation for a struct field
  --> src/integration/mcp/subscriptions.rs:68:5
   |
68 |     pub min_file_size: Option<u64>,
   |     ^^^^^^^^^^^^^^^^^^^^^^^^^^^^^^

warning: missing documentation for a struct field
  --> src/integration/mcp/subscriptions.rs:69:5
   |
69 |     pub max_file_size: Option<u64>,
   |     ^^^^^^^^^^^^^^^^^^^^^^^^^^^^^^

warning: missing documentation for a struct field
  --> src/integration/mcp/subscriptions.rs:70:5
   |
70 |     pub debounce_ms: Option<u64>,
   |     ^^^^^^^^^^^^^^^^^^^^^^^^^^^^

warning: missing documentation for a variant
  --> src/integration/mcp/subscriptions.rs:76:5
   |
76 |     Active,
   |     ^^^^^^

warning: missing documentation for a variant
  --> src/integration/mcp/subscriptions.rs:77:5
   |
77 |     Paused,
   |     ^^^^^^

warning: missing documentation for a variant
  --> src/integration/mcp/subscriptions.rs:78:5
   |
78 |     Error(String),
   |     ^^^^^

warning: missing documentation for a variant
  --> src/integration/mcp/subscriptions.rs:84:5
   |
84 |     FileCreated,
   |     ^^^^^^^^^^^

warning: missing documentation for a variant
  --> src/integration/mcp/subscriptions.rs:85:5
   |
85 |     FileModified,
   |     ^^^^^^^^^^^^

warning: missing documentation for a variant
  --> src/integration/mcp/subscriptions.rs:86:5
   |
86 |     FileDeleted,
   |     ^^^^^^^^^^^

warning: missing documentation for a variant
  --> src/integration/mcp/subscriptions.rs:87:5
   |
87 |     FileRenamed,
   |     ^^^^^^^^^^^

warning: missing documentation for a variant
  --> src/integration/mcp/subscriptions.rs:88:5
   |
88 |     DirectoryCreated,
   |     ^^^^^^^^^^^^^^^^

warning: missing documentation for a variant
  --> src/integration/mcp/subscriptions.rs:89:5
   |
89 |     DirectoryDeleted,
   |     ^^^^^^^^^^^^^^^^

warning: missing documentation for a variant
  --> src/integration/mcp/subscriptions.rs:90:5
   |
90 |     AnalysisUpdated,
   |     ^^^^^^^^^^^^^^^

warning: missing documentation for a variant
  --> src/integration/mcp/subscriptions.rs:91:5
   |
91 |     MemoryUpdated,
   |     ^^^^^^^^^^^^^

warning: missing documentation for a variant
  --> src/integration/mcp/subscriptions.rs:92:5
   |
92 |     ConfigurationChanged,
   |     ^^^^^^^^^^^^^^^^^^^^

warning: missing documentation for a variant
  --> src/integration/mcp/subscriptions.rs:93:5
   |
93 |     RepositoryChanged,
   |     ^^^^^^^^^^^^^^^^^

warning: missing documentation for a variant
  --> src/integration/mcp/subscriptions.rs:94:5
   |
94 |     Custom(String),
   |     ^^^^^^

warning: missing documentation for a struct field
   --> src/integration/mcp/subscriptions.rs:100:5
    |
100 |     pub id: String,
    |     ^^^^^^^^^^^^^^

warning: missing documentation for a struct field
   --> src/integration/mcp/subscriptions.rs:101:5
    |
101 |     pub subscription_id: String,
    |     ^^^^^^^^^^^^^^^^^^^^^^^^^^^

warning: missing documentation for a struct field
   --> src/integration/mcp/subscriptions.rs:102:5
    |
102 |     pub resource_type: ResourceType,
    |     ^^^^^^^^^^^^^^^^^^^^^^^^^^^^^^^

warning: missing documentation for a struct field
   --> src/integration/mcp/subscriptions.rs:103:5
    |
103 |     pub event_type: SubscriptionEventType,
    |     ^^^^^^^^^^^^^^^^^^^^^^^^^^^^^^^^^^^^^

warning: missing documentation for a struct field
   --> src/integration/mcp/subscriptions.rs:104:5
    |
104 |     pub resource_path: String,
    |     ^^^^^^^^^^^^^^^^^^^^^^^^^

warning: missing documentation for a struct field
   --> src/integration/mcp/subscriptions.rs:105:5
    |
105 |     pub timestamp: DateTime<Utc>,
    |     ^^^^^^^^^^^^^^^^^^^^^^^^^^^^

warning: missing documentation for a struct field
   --> src/integration/mcp/subscriptions.rs:106:5
    |
106 |     pub data: Option<serde_json::Value>,
    |     ^^^^^^^^^^^^^^^^^^^^^^^^^^^^^^^^^^^

warning: missing documentation for a struct field
   --> src/integration/mcp/subscriptions.rs:107:5
    |
107 |     pub metadata: SubscriptionEventMetadata,
    |     ^^^^^^^^^^^^^^^^^^^^^^^^^^^^^^^^^^^^^^^

warning: missing documentation for a struct field
   --> src/integration/mcp/subscriptions.rs:113:5
    |
113 |     pub file_size: Option<u64>,
    |     ^^^^^^^^^^^^^^^^^^^^^^^^^^

warning: missing documentation for a struct field
   --> src/integration/mcp/subscriptions.rs:114:5
    |
114 |     pub file_extension: Option<String>,
    |     ^^^^^^^^^^^^^^^^^^^^^^^^^^^^^^^^^^

warning: missing documentation for a struct field
   --> src/integration/mcp/subscriptions.rs:115:5
    |
115 |     pub checksum: Option<String>,
    |     ^^^^^^^^^^^^^^^^^^^^^^^^^^^^

warning: missing documentation for a struct field
   --> src/integration/mcp/subscriptions.rs:116:5
    |
116 |     pub previous_checksum: Option<String>,
    |     ^^^^^^^^^^^^^^^^^^^^^^^^^^^^^^^^^^^^^

warning: missing documentation for a struct field
   --> src/integration/mcp/subscriptions.rs:117:5
    |
117 |     pub change_type: Option<String>,
    |     ^^^^^^^^^^^^^^^^^^^^^^^^^^^^^^^

warning: missing documentation for a struct field
   --> src/integration/mcp/subscriptions.rs:118:5
    |
118 |     pub affected_lines: Option<Vec<u32>>,
    |     ^^^^^^^^^^^^^^^^^^^^^^^^^^^^^^^^^^^^

warning: missing documentation for a struct field
   --> src/integration/mcp/subscriptions.rs:124:5
    |
124 |     pub resource_type: ResourceType,
    |     ^^^^^^^^^^^^^^^^^^^^^^^^^^^^^^^

warning: missing documentation for a struct field
   --> src/integration/mcp/subscriptions.rs:125:5
    |
125 |     pub resource_path: String,
    |     ^^^^^^^^^^^^^^^^^^^^^^^^^

warning: missing documentation for a struct field
   --> src/integration/mcp/subscriptions.rs:126:5
    |
126 |     pub filters: Option<SubscriptionFilters>,
    |     ^^^^^^^^^^^^^^^^^^^^^^^^^^^^^^^^^^^^^^^^

warning: missing documentation for a struct field
   --> src/integration/mcp/subscriptions.rs:127:5
    |
127 |     pub client_id: String,
    |     ^^^^^^^^^^^^^^^^^^^^^

warning: missing documentation for a struct field
   --> src/integration/mcp/subscriptions.rs:133:5
    |
133 |     pub subscription_id: String,
    |     ^^^^^^^^^^^^^^^^^^^^^^^^^^^

warning: missing documentation for a struct field
   --> src/integration/mcp/subscriptions.rs:134:5
    |
134 |     pub status: String,
    |     ^^^^^^^^^^^^^^^^^^

warning: missing documentation for a struct field
   --> src/integration/mcp/subscriptions.rs:135:5
    |
135 |     pub message: String,
    |     ^^^^^^^^^^^^^^^^^^^

warning: missing documentation for a struct field
   --> src/integration/mcp/subscriptions.rs:642:5
    |
642 |     pub total_subscriptions: usize,
    |     ^^^^^^^^^^^^^^^^^^^^^^^^^^^^^^

warning: missing documentation for a struct field
   --> src/integration/mcp/subscriptions.rs:643:5
    |
643 |     pub active_subscriptions: usize,
    |     ^^^^^^^^^^^^^^^^^^^^^^^^^^^^^^^

warning: missing documentation for a struct field
   --> src/integration/mcp/subscriptions.rs:644:5
    |
644 |     pub paused_subscriptions: usize,
    |     ^^^^^^^^^^^^^^^^^^^^^^^^^^^^^^^

warning: missing documentation for a struct field
   --> src/integration/mcp/subscriptions.rs:645:5
    |
645 |     pub error_subscriptions: usize,
    |     ^^^^^^^^^^^^^^^^^^^^^^^^^^^^^^

warning: missing documentation for a struct field
   --> src/integration/mcp/subscriptions.rs:646:5
    |
646 |     pub total_clients: usize,
    |     ^^^^^^^^^^^^^^^^^^^^^^^^

warning: missing documentation for a struct field
   --> src/integration/mcp/subscriptions.rs:647:5
    |
647 |     pub subscription_types: HashMap<String, usize>,
    |     ^^^^^^^^^^^^^^^^^^^^^^^^^^^^^^^^^^^^^^^^^^^^^^

warning: missing documentation for a struct field
   --> src/integration/mcp/subscriptions.rs:648:5
    |
648 |     pub average_subscriptions_per_client: f64,
    |     ^^^^^^^^^^^^^^^^^^^^^^^^^^^^^^^^^^^^^^^^^

warning: missing documentation for a variant
  --> src/interactive_tui.rs:33:5
   |
33 |     Input,     // F1 or default - input/messages area
   |     ^^^^^

warning: missing documentation for a variant
  --> src/interactive_tui.rs:34:5
   |
34 |     Explorer,  // F2 - file explorer (future)
   |     ^^^^^^^^

warning: missing documentation for a variant
  --> src/interactive_tui.rs:35:5
   |
35 |     Consensus, // F3 - consensus progress panel
   |     ^^^^^^^^^

warning: missing documentation for a variant
  --> src/interactive_tui.rs:36:5
   |
36 |     Terminal,  // F4 - terminal panel (future)
   |     ^^^^^^^^

warning: missing documentation for a struct
  --> src/interactive_tui.rs:45:1
   |
45 | pub struct InteractiveTui {
   | ^^^^^^^^^^^^^^^^^^^^^^^^^

warning: missing documentation for a struct
  --> src/interactive_tui.rs:68:1
   |
68 | pub struct Message {
   | ^^^^^^^^^^^^^^^^^^

warning: missing documentation for a struct field
  --> src/interactive_tui.rs:69:5
   |
69 |     pub content: String,
   |     ^^^^^^^^^^^^^^^^^^^

warning: missing documentation for a struct field
  --> src/interactive_tui.rs:70:5
   |
70 |     pub message_type: MessageType,
   |     ^^^^^^^^^^^^^^^^^^^^^^^^^^^^^

warning: missing documentation for a struct field
  --> src/interactive_tui.rs:71:5
   |
71 |     pub timestamp: chrono::DateTime<chrono::Utc>,
   |     ^^^^^^^^^^^^^^^^^^^^^^^^^^^^^^^^^^^^^^^^^^^^

warning: missing documentation for an enum
  --> src/interactive_tui.rs:75:1
   |
75 | pub enum MessageType {
   | ^^^^^^^^^^^^^^^^^^^^

warning: missing documentation for a variant
  --> src/interactive_tui.rs:76:5
   |
76 |     Welcome,
   |     ^^^^^^^

warning: missing documentation for a variant
  --> src/interactive_tui.rs:77:5
   |
77 |     UserInput,
   |     ^^^^^^^^^

warning: missing documentation for a variant
  --> src/interactive_tui.rs:78:5
   |
78 |     SystemResponse,
   |     ^^^^^^^^^^^^^^

warning: missing documentation for a variant
  --> src/interactive_tui.rs:79:5
   |
79 |     ConsensusProgress,
   |     ^^^^^^^^^^^^^^^^^

warning: missing documentation for a variant
  --> src/interactive_tui.rs:80:5
   |
80 |     Error,
   |     ^^^^^

warning: missing documentation for a variant
  --> src/interactive_tui.rs:81:5
   |
81 |     Help,
   |     ^^^^

warning: missing documentation for a variant
  --> src/interactive_tui.rs:82:5
   |
82 |     Status,
   |     ^^^^^^

warning: missing documentation for a variant
  --> src/interactive_tui.rs:83:5
   |
83 |     Info,
   |     ^^^^

warning: missing documentation for a struct
  --> src/interactive_tui.rs:87:1
   |
87 | pub struct StatusLine {
   | ^^^^^^^^^^^^^^^^^^^^^

warning: missing documentation for a struct field
  --> src/interactive_tui.rs:88:5
   |
88 |     pub context_remaining: u8,
   |     ^^^^^^^^^^^^^^^^^^^^^^^^^

warning: missing documentation for a struct field
  --> src/interactive_tui.rs:89:5
   |
89 |     pub auto_accept_edits: bool,
   |     ^^^^^^^^^^^^^^^^^^^^^^^^^^^

warning: missing documentation for a struct field
  --> src/interactive_tui.rs:90:5
   |
90 |     pub current_mode: String,
   |     ^^^^^^^^^^^^^^^^^^^^^^^^

warning: missing documentation for a struct field
  --> src/interactive_tui.rs:96:5
   |
96 |     pub generator: StageProgress,
   |     ^^^^^^^^^^^^^^^^^^^^^^^^^^^^

warning: missing documentation for a struct field
  --> src/interactive_tui.rs:97:5
   |
97 |     pub refiner: StageProgress,
   |     ^^^^^^^^^^^^^^^^^^^^^^^^^^

warning: missing documentation for a struct field
  --> src/interactive_tui.rs:98:5
   |
98 |     pub validator: StageProgress,
   |     ^^^^^^^^^^^^^^^^^^^^^^^^^^^^

warning: missing documentation for a struct field
  --> src/interactive_tui.rs:99:5
   |
99 |     pub curator: StageProgress,
   |     ^^^^^^^^^^^^^^^^^^^^^^^^^^

warning: missing documentation for a struct field
   --> src/interactive_tui.rs:100:5
    |
100 |     pub is_active: bool,
    |     ^^^^^^^^^^^^^^^^^^^

warning: missing documentation for a struct
   --> src/interactive_tui.rs:104:1
    |
104 | pub struct StageProgress {
    | ^^^^^^^^^^^^^^^^^^^^^^^^

warning: missing documentation for a struct field
   --> src/interactive_tui.rs:105:5
    |
105 |     pub name: String,
    |     ^^^^^^^^^^^^^^^^

warning: missing documentation for a struct field
   --> src/interactive_tui.rs:106:5
    |
106 |     pub model: String,
    |     ^^^^^^^^^^^^^^^^^

warning: missing documentation for a struct field
   --> src/interactive_tui.rs:107:5
    |
107 |     pub progress: u16, // 0-100
    |     ^^^^^^^^^^^^^^^^^

warning: missing documentation for a struct field
   --> src/interactive_tui.rs:108:5
    |
108 |     pub status: StageStatus,
    |     ^^^^^^^^^^^^^^^^^^^^^^^

warning: missing documentation for an enum
   --> src/interactive_tui.rs:112:1
    |
112 | pub enum StageStatus {
    | ^^^^^^^^^^^^^^^^^^^^

warning: missing documentation for a variant
   --> src/interactive_tui.rs:113:5
    |
113 |     Waiting,
    |     ^^^^^^^

warning: missing documentation for a variant
   --> src/interactive_tui.rs:114:5
    |
114 |     Running,
    |     ^^^^^^^

warning: missing documentation for a variant
   --> src/interactive_tui.rs:115:5
    |
115 |     Completed,
    |     ^^^^^^^^^

warning: missing documentation for a variant
   --> src/interactive_tui.rs:116:5
    |
116 |     Error,
    |     ^^^^^

warning: missing documentation for an associated function
   --> src/interactive_tui.rs:120:5
    |
120 |     pub async fn new() -> Result<Self> {
    |     ^^^^^^^^^^^^^^^^^^^^^^^^^^^^^^^^^^

warning: missing documentation for a method
   --> src/interactive_tui.rs:204:5
    |
204 |     pub async fn run(&mut self) -> Result<()> {
    |     ^^^^^^^^^^^^^^^^^^^^^^^^^^^^^^^^^^^^^^^^^

warning: missing documentation for a variant
   --> src/memory/analytics.rs:685:5
    |
685 |     Increasing,
    |     ^^^^^^^^^^

warning: missing documentation for a variant
   --> src/memory/analytics.rs:686:5
    |
686 |     Stable,
    |     ^^^^^^

warning: missing documentation for a variant
   --> src/memory/analytics.rs:687:5
    |
687 |     Decreasing,
    |     ^^^^^^^^^^

warning: missing documentation for a variant
   --> src/memory/analytics.rs:727:5
    |
727 |     QualityDrop,
    |     ^^^^^^^^^^^

warning: missing documentation for a variant
   --> src/memory/analytics.rs:728:5
    |
728 |     AccessSpike,
    |     ^^^^^^^^^^^

warning: missing documentation for a variant
   --> src/memory/analytics.rs:729:5
    |
729 |     PerformanceIssue,
    |     ^^^^^^^^^^^^^^^^

warning: missing documentation for a variant
   --> src/memory/analytics.rs:730:5
    |
730 |     DataCorruption,
    |     ^^^^^^^^^^^^^^

warning: missing documentation for a variant
   --> src/memory/analytics.rs:736:5
    |
736 |     Low,
    |     ^^^

warning: missing documentation for a variant
   --> src/memory/analytics.rs:737:5
    |
737 |     Medium,
    |     ^^^^^^

warning: missing documentation for a variant
   --> src/memory/analytics.rs:738:5
    |
738 |     High,
    |     ^^^^

warning: missing documentation for a variant
   --> src/memory/analytics.rs:739:5
    |
739 |     Critical,
    |     ^^^^^^^^

warning: missing documentation for a function
   --> src/memory/embeddings.rs:446:1
    |
446 | pub fn cosine_similarity(a: &[f32], b: &[f32]) -> f32 {
    | ^^^^^^^^^^^^^^^^^^^^^^^^^^^^^^^^^^^^^^^^^^^^^^^^^^^^^

warning: missing documentation for a variant
  --> src/memory/thematic_clustering.rs:21:5
   |
21 |     FollowUp,
   |     ^^^^^^^^

warning: missing documentation for a variant
  --> src/memory/thematic_clustering.rs:22:5
   |
22 |     Clarification,
   |     ^^^^^^^^^^^^^

warning: missing documentation for a variant
  --> src/memory/thematic_clustering.rs:23:5
   |
23 |     ListReference,
   |     ^^^^^^^^^^^^^

warning: missing documentation for a variant
  --> src/memory/thematic_clustering.rs:24:5
   |
24 |     Continuation,
   |     ^^^^^^^^^^^^

warning: missing documentation for a struct field
  --> src/memory/thematic_clustering.rs:41:5
   |
41 |     pub child_conversation_id: String,
   |     ^^^^^^^^^^^^^^^^^^^^^^^^^^^^^^^^^

warning: missing documentation for a struct field
  --> src/memory/thematic_clustering.rs:42:5
   |
42 |     pub parent_conversation_id: String,
   |     ^^^^^^^^^^^^^^^^^^^^^^^^^^^^^^^^^^

warning: missing documentation for a struct field
  --> src/memory/thematic_clustering.rs:43:5
   |
43 |     pub thread_type: ThreadType,
   |     ^^^^^^^^^^^^^^^^^^^^^^^^^^^

warning: missing documentation for a struct field
  --> src/memory/thematic_clustering.rs:44:5
   |
44 |     pub reference_text: Option<String>,
   |     ^^^^^^^^^^^^^^^^^^^^^^^^^^^^^^^^^^

warning: missing documentation for a struct field
  --> src/memory/thematic_clustering.rs:45:5
   |
45 |     pub confidence_score: f64,
   |     ^^^^^^^^^^^^^^^^^^^^^^^^^

warning: missing documentation for a struct field
  --> src/memory/thematic_clustering.rs:51:5
   |
51 |     pub keyword_score: f64, // Up to 3 points for important keywords
   |     ^^^^^^^^^^^^^^^^^^^^^^

warning: missing documentation for a struct field
  --> src/memory/thematic_clustering.rs:52:5
   |
52 |     pub length_score: f64,  // Up to 2 points for longer messages
   |     ^^^^^^^^^^^^^^^^^^^^^

warning: missing documentation for a struct field
  --> src/memory/thematic_clustering.rs:53:5
   |
53 |     pub recency_score: f64, // Up to 3 points for recent messages
   |     ^^^^^^^^^^^^^^^^^^^^^^

warning: missing documentation for a struct field
  --> src/memory/thematic_clustering.rs:54:5
   |
54 |     pub role_score: f64,    // 1 point for user messages
   |     ^^^^^^^^^^^^^^^^^^^

warning: missing documentation for a struct field
  --> src/memory/thematic_clustering.rs:55:5
   |
55 |     pub total_score: f64,
   |     ^^^^^^^^^^^^^^^^^^^^

warning: missing documentation for a struct field
  --> src/memory/thematic_clustering.rs:61:5
   |
61 |     pub conversation_id: String,
   |     ^^^^^^^^^^^^^^^^^^^^^^^^^^^

warning: missing documentation for a struct field
  --> src/memory/thematic_clustering.rs:62:5
   |
62 |     pub question: String,
   |     ^^^^^^^^^^^^^^^^^^^^

warning: missing documentation for a struct field
  --> src/memory/thematic_clustering.rs:63:5
   |
63 |     pub curator_output: String,
   |     ^^^^^^^^^^^^^^^^^^^^^^^^^^

warning: missing documentation for a struct field
  --> src/memory/thematic_clustering.rs:64:5
   |
64 |     pub topics: Vec<String>,
   |     ^^^^^^^^^^^^^^^^^^^^^^^

warning: missing documentation for a struct field
  --> src/memory/thematic_clustering.rs:65:5
   |
65 |     pub confidence_score: f64,
   |     ^^^^^^^^^^^^^^^^^^^^^^^^^

warning: missing documentation for a struct field
  --> src/memory/thematic_clustering.rs:66:5
   |
66 |     pub created_at: DateTime<Utc>,
   |     ^^^^^^^^^^^^^^^^^^^^^^^^^^^^^

warning: missing documentation for a struct field
  --> src/memory/topic_extraction.rs:19:5
   |
19 |     pub related: Vec<String>,
   |     ^^^^^^^^^^^^^^^^^^^^^^^^

warning: missing documentation for a struct field
  --> src/memory/topic_extraction.rs:20:5
   |
20 |     pub subtopics: HashMap<String, Vec<String>>,
   |     ^^^^^^^^^^^^^^^^^^^^^^^^^^^^^^^^^^^^^^^^^^^

warning: missing documentation for a struct field
  --> src/migration/mod.rs:25:5
   |
25 |     pub phase: MigrationPhase,
   |     ^^^^^^^^^^^^^^^^^^^^^^^^^

warning: missing documentation for a struct field
  --> src/migration/mod.rs:26:5
   |
26 |     pub progress: f32,
   |     ^^^^^^^^^^^^^^^^^

warning: missing documentation for a struct field
  --> src/migration/mod.rs:27:5
   |
27 |     pub message: String,
   |     ^^^^^^^^^^^^^^^^^^^

warning: missing documentation for a struct field
  --> src/migration/mod.rs:28:5
   |
28 |     pub errors: Vec<String>,
   |     ^^^^^^^^^^^^^^^^^^^^^^^

warning: missing documentation for a struct field
  --> src/migration/mod.rs:29:5
   |
29 |     pub warnings: Vec<String>,
   |     ^^^^^^^^^^^^^^^^^^^^^^^^^

warning: missing documentation for a variant
  --> src/migration/mod.rs:35:5
   |
35 |     NotStarted,
   |     ^^^^^^^^^^

warning: missing documentation for a variant
  --> src/migration/mod.rs:36:5
   |
36 |     Analyzing,
   |     ^^^^^^^^^

warning: missing documentation for a variant
  --> src/migration/mod.rs:37:5
   |
37 |     ConfigMigration,
   |     ^^^^^^^^^^^^^^^

warning: missing documentation for a variant
  --> src/migration/mod.rs:38:5
   |
38 |     DatabaseMigration,
   |     ^^^^^^^^^^^^^^^^^

warning: missing documentation for a variant
  --> src/migration/mod.rs:39:5
   |
39 |     Validation,
   |     ^^^^^^^^^^

warning: missing documentation for a variant
  --> src/migration/mod.rs:40:5
   |
40 |     Completed,
   |     ^^^^^^^^^

warning: missing documentation for a variant
  --> src/migration/mod.rs:41:5
   |
41 |     Failed,
   |     ^^^^^^

warning: missing documentation for a variant
  --> src/migration/mod.rs:42:5
   |
42 |     RolledBack,
   |     ^^^^^^^^^^

warning: missing documentation for a struct field
  --> src/migration/mod.rs:48:5
   |
48 |     pub source_path: PathBuf,
   |     ^^^^^^^^^^^^^^^^^^^^^^^^

warning: missing documentation for a struct field
  --> src/migration/mod.rs:49:5
   |
49 |     pub backup_path: Option<PathBuf>,
   |     ^^^^^^^^^^^^^^^^^^^^^^^^^^^^^^^^

warning: missing documentation for a struct field
  --> src/migration/mod.rs:50:5
   |
50 |     pub preserve_original: bool,
   |     ^^^^^^^^^^^^^^^^^^^^^^^^^^^

warning: missing documentation for a struct field
  --> src/migration/mod.rs:51:5
   |
51 |     pub validation_level: ValidationLevel,
   |     ^^^^^^^^^^^^^^^^^^^^^^^^^^^^^^^^^^^^^

warning: missing documentation for a struct field
  --> src/migration/mod.rs:52:5
   |
52 |     pub migration_type: MigrationType,
   |     ^^^^^^^^^^^^^^^^^^^^^^^^^^^^^^^^^

warning: missing documentation for a variant
  --> src/migration/mod.rs:58:5
   |
58 |     Basic,
   |     ^^^^^

warning: missing documentation for a variant
  --> src/migration/mod.rs:59:5
   |
59 |     Standard,
   |     ^^^^^^^^

warning: missing documentation for a variant
  --> src/migration/mod.rs:60:5
   |
60 |     Strict,
   |     ^^^^^^

warning: missing documentation for a variant
  --> src/migration/mod.rs:61:5
   |
61 |     Paranoid,
   |     ^^^^^^^^

warning: missing documentation for a variant
  --> src/migration/mod.rs:67:5
   |
67 |     Fresh,    // No existing TypeScript installation
   |     ^^^^^

warning: missing documentation for a variant
  --> src/migration/mod.rs:68:5
   |
68 |     Upgrade,  // Convert existing TypeScript to Rust
   |     ^^^^^^^

warning: missing documentation for a variant
  --> src/migration/mod.rs:69:5
   |
69 |     Parallel, // Run both versions temporarily
   |     ^^^^^^^^

warning: missing documentation for a variant
  --> src/migration/mod.rs:70:5
   |
70 |     Staged,   // Gradual feature-by-feature migration
   |     ^^^^^^

warning: missing documentation for a struct field
   --> src/migration/mod.rs:199:5
    |
199 |     pub analysis: analyzer::TypeScriptAnalysis,
    |     ^^^^^^^^^^^^^^^^^^^^^^^^^^^^^^^^^^^^^^^^^^

warning: missing documentation for a struct field
   --> src/migration/mod.rs:200:5
    |
200 |     pub config_changes: config::ConfigChanges,
    |     ^^^^^^^^^^^^^^^^^^^^^^^^^^^^^^^^^^^^^^^^^

warning: missing documentation for a struct field
   --> src/migration/mod.rs:201:5
    |
201 |     pub database_changes: database::DatabaseChanges,
    |     ^^^^^^^^^^^^^^^^^^^^^^^^^^^^^^^^^^^^^^^^^^^^^^^

warning: missing documentation for a struct field
   --> src/migration/mod.rs:202:5
    |
202 |     pub estimated_duration: std::time::Duration,
    |     ^^^^^^^^^^^^^^^^^^^^^^^^^^^^^^^^^^^^^^^^^^^

warning: missing documentation for a struct field
   --> src/migration/mod.rs:203:5
    |
203 |     pub risks: Vec<String>,
    |     ^^^^^^^^^^^^^^^^^^^^^^

warning: missing documentation for a struct field
  --> src/migration/analyzer.rs:15:5
   |
15 |     pub installation_path: PathBuf,
   |     ^^^^^^^^^^^^^^^^^^^^^^^^^^^^^^

warning: missing documentation for a struct field
  --> src/migration/analyzer.rs:16:5
   |
16 |     pub version: Option<String>,
   |     ^^^^^^^^^^^^^^^^^^^^^^^^^^^

warning: missing documentation for a struct field
  --> src/migration/analyzer.rs:17:5
   |
17 |     pub config_files: Vec<ConfigFile>,
   |     ^^^^^^^^^^^^^^^^^^^^^^^^^^^^^^^^^

warning: missing documentation for a struct field
  --> src/migration/analyzer.rs:18:5
   |
18 |     pub database_info: DatabaseInfo,
   |     ^^^^^^^^^^^^^^^^^^^^^^^^^^^^^^^

warning: missing documentation for a struct field
  --> src/migration/analyzer.rs:19:5
   |
19 |     pub usage_stats: UsageStats,
   |     ^^^^^^^^^^^^^^^^^^^^^^^^^^^

warning: missing documentation for a struct field
  --> src/migration/analyzer.rs:20:5
   |
20 |     pub custom_profiles: Vec<ConsensusProfile>,
   |     ^^^^^^^^^^^^^^^^^^^^^^^^^^^^^^^^^^^^^^^^^^

warning: missing documentation for a struct field
  --> src/migration/analyzer.rs:21:5
   |
21 |     pub issues: Vec<AnalysisIssue>,
   |     ^^^^^^^^^^^^^^^^^^^^^^^^^^^^^^

warning: missing documentation for a struct field
  --> src/migration/analyzer.rs:22:5
   |
22 |     pub compatibility: CompatibilityAssessment,
   |     ^^^^^^^^^^^^^^^^^^^^^^^^^^^^^^^^^^^^^^^^^^

warning: missing documentation for a struct field
  --> src/migration/analyzer.rs:28:5
   |
28 |     pub path: PathBuf,
   |     ^^^^^^^^^^^^^^^^^

warning: missing documentation for a struct field
  --> src/migration/analyzer.rs:29:5
   |
29 |     pub file_type: ConfigFileType,
   |     ^^^^^^^^^^^^^^^^^^^^^^^^^^^^^

warning: missing documentation for a struct field
  --> src/migration/analyzer.rs:30:5
   |
30 |     pub size: u64,
   |     ^^^^^^^^^^^^^

warning: missing documentation for a struct field
  --> src/migration/analyzer.rs:31:5
   |
31 |     pub valid: bool,
   |     ^^^^^^^^^^^^^^^

warning: missing documentation for a struct field
  --> src/migration/analyzer.rs:32:5
   |
32 |     pub settings: HashMap<String, serde_json::Value>,
   |     ^^^^^^^^^^^^^^^^^^^^^^^^^^^^^^^^^^^^^^^^^^^^^^^^

warning: missing documentation for a variant
  --> src/migration/analyzer.rs:38:5
   |
38 |     MainConfig,    // ~/.hive/config.json
   |     ^^^^^^^^^^

warning: missing documentation for a variant
  --> src/migration/analyzer.rs:39:5
   |
39 |     UserSettings,  // User-specific settings
   |     ^^^^^^^^^^^^

warning: missing documentation for a variant
  --> src/migration/analyzer.rs:40:5
   |
40 |     ModelProfiles, // Custom model configurations
   |     ^^^^^^^^^^^^^

warning: missing documentation for a variant
  --> src/migration/analyzer.rs:41:5
   |
41 |     ApiKeys,       // API key storage
   |     ^^^^^^^

warning: missing documentation for a variant
  --> src/migration/analyzer.rs:42:5
   |
42 |     Unknown,
   |     ^^^^^^^

warning: missing documentation for a struct field
  --> src/migration/analyzer.rs:48:5
   |
48 |     pub path: PathBuf,
   |     ^^^^^^^^^^^^^^^^^

warning: missing documentation for a struct field
  --> src/migration/analyzer.rs:49:5
   |
49 |     pub size: u64,
   |     ^^^^^^^^^^^^^

warning: missing documentation for a struct field
  --> src/migration/analyzer.rs:50:5
   |
50 |     pub conversation_count: u64,
   |     ^^^^^^^^^^^^^^^^^^^^^^^^^^^

warning: missing documentation for a struct field
  --> src/migration/analyzer.rs:51:5
   |
51 |     pub message_count: u64,
   |     ^^^^^^^^^^^^^^^^^^^^^^

warning: missing documentation for a struct field
  --> src/migration/analyzer.rs:52:5
   |
52 |     pub schema_version: Option<String>,
   |     ^^^^^^^^^^^^^^^^^^^^^^^^^^^^^^^^^^

warning: missing documentation for a struct field
  --> src/migration/analyzer.rs:53:5
   |
53 |     pub last_backup: Option<chrono::DateTime<chrono::Utc>>,
   |     ^^^^^^^^^^^^^^^^^^^^^^^^^^^^^^^^^^^^^^^^^^^^^^^^^^^^^^

warning: missing documentation for a struct field
  --> src/migration/analyzer.rs:54:5
   |
54 |     pub integrity_check: bool,
   |     ^^^^^^^^^^^^^^^^^^^^^^^^^

warning: missing documentation for a struct field
  --> src/migration/analyzer.rs:55:5
   |
55 |     pub clusters: Vec<ThematicCluster>,
   |     ^^^^^^^^^^^^^^^^^^^^^^^^^^^^^^^^^^

warning: missing documentation for a struct field
  --> src/migration/analyzer.rs:61:5
   |
61 |     pub id: String,
   |     ^^^^^^^^^^^^^^

warning: missing documentation for a struct field
  --> src/migration/analyzer.rs:62:5
   |
62 |     pub theme: String,
   |     ^^^^^^^^^^^^^^^^^

warning: missing documentation for a struct field
  --> src/migration/analyzer.rs:63:5
   |
63 |     pub conversation_count: u32,
   |     ^^^^^^^^^^^^^^^^^^^^^^^^^^^

warning: missing documentation for a struct field
  --> src/migration/analyzer.rs:64:5
   |
64 |     pub created_at: chrono::DateTime<chrono::Utc>,
   |     ^^^^^^^^^^^^^^^^^^^^^^^^^^^^^^^^^^^^^^^^^^^^^

warning: missing documentation for a struct field
  --> src/migration/analyzer.rs:65:5
   |
65 |     pub last_activity: chrono::DateTime<chrono::Utc>,
   |     ^^^^^^^^^^^^^^^^^^^^^^^^^^^^^^^^^^^^^^^^^^^^^^^^

warning: missing documentation for a struct field
  --> src/migration/analyzer.rs:71:5
   |
71 |     pub total_conversations: u64,
   |     ^^^^^^^^^^^^^^^^^^^^^^^^^^^^

warning: missing documentation for a struct field
  --> src/migration/analyzer.rs:72:5
   |
72 |     pub average_messages_per_conversation: f64,
   |     ^^^^^^^^^^^^^^^^^^^^^^^^^^^^^^^^^^^^^^^^^^

warning: missing documentation for a struct field
  --> src/migration/analyzer.rs:73:5
   |
73 |     pub most_used_models: Vec<ModelUsage>,
   |     ^^^^^^^^^^^^^^^^^^^^^^^^^^^^^^^^^^^^^

warning: missing documentation for a struct field
  --> src/migration/analyzer.rs:74:5
   |
74 |     pub daily_usage_pattern: HashMap<String, u32>,
   |     ^^^^^^^^^^^^^^^^^^^^^^^^^^^^^^^^^^^^^^^^^^^^^

warning: missing documentation for a struct field
  --> src/migration/analyzer.rs:75:5
   |
75 |     pub feature_usage: HashMap<String, u32>,
   |     ^^^^^^^^^^^^^^^^^^^^^^^^^^^^^^^^^^^^^^^

warning: missing documentation for a struct field
  --> src/migration/analyzer.rs:76:5
   |
76 |     pub last_activity: Option<chrono::DateTime<chrono::Utc>>,
   |     ^^^^^^^^^^^^^^^^^^^^^^^^^^^^^^^^^^^^^^^^^^^^^^^^^^^^^^^^

warning: missing documentation for a struct field
  --> src/migration/analyzer.rs:82:5
   |
82 |     pub model_name: String,
   |     ^^^^^^^^^^^^^^^^^^^^^^

warning: missing documentation for a struct field
  --> src/migration/analyzer.rs:83:5
   |
83 |     pub usage_count: u32,
   |     ^^^^^^^^^^^^^^^^^^^^

warning: missing documentation for a struct field
  --> src/migration/analyzer.rs:84:5
   |
84 |     pub last_used: chrono::DateTime<chrono::Utc>,
   |     ^^^^^^^^^^^^^^^^^^^^^^^^^^^^^^^^^^^^^^^^^^^^

warning: missing documentation for a struct field
  --> src/migration/analyzer.rs:85:5
   |
85 |     pub average_cost: f64,
   |     ^^^^^^^^^^^^^^^^^^^^^

warning: missing documentation for a struct field
  --> src/migration/analyzer.rs:91:5
   |
91 |     pub name: String,
   |     ^^^^^^^^^^^^^^^^

warning: missing documentation for a struct field
  --> src/migration/analyzer.rs:92:5
   |
92 |     pub description: String,
   |     ^^^^^^^^^^^^^^^^^^^^^^^

warning: missing documentation for a struct field
  --> src/migration/analyzer.rs:93:5
   |
93 |     pub models: HashMap<String, String>, // stage -> model
   |     ^^^^^^^^^^^^^^^^^^^^^^^^^^^^^^^^^^^

warning: missing documentation for a struct field
  --> src/migration/analyzer.rs:94:5
   |
94 |     pub custom_prompts: HashMap<String, String>,
   |     ^^^^^^^^^^^^^^^^^^^^^^^^^^^^^^^^^^^^^^^^^^^

warning: missing documentation for a struct field
  --> src/migration/analyzer.rs:95:5
   |
95 |     pub created_at: chrono::DateTime<chrono::Utc>,
   |     ^^^^^^^^^^^^^^^^^^^^^^^^^^^^^^^^^^^^^^^^^^^^^

warning: missing documentation for a struct field
  --> src/migration/analyzer.rs:96:5
   |
96 |     pub usage_count: u32,
   |     ^^^^^^^^^^^^^^^^^^^^

warning: missing documentation for a struct field
   --> src/migration/analyzer.rs:102:5
    |
102 |     pub severity: IssueSeverity,
    |     ^^^^^^^^^^^^^^^^^^^^^^^^^^^

warning: missing documentation for a struct field
   --> src/migration/analyzer.rs:103:5
    |
103 |     pub category: IssueCategory,
    |     ^^^^^^^^^^^^^^^^^^^^^^^^^^^

warning: missing documentation for a struct field
   --> src/migration/analyzer.rs:104:5
    |
104 |     pub description: String,
    |     ^^^^^^^^^^^^^^^^^^^^^^^

warning: missing documentation for a struct field
   --> src/migration/analyzer.rs:105:5
    |
105 |     pub recommendation: String,
    |     ^^^^^^^^^^^^^^^^^^^^^^^^^^

warning: missing documentation for a struct field
   --> src/migration/analyzer.rs:106:5
    |
106 |     pub blocking: bool,
    |     ^^^^^^^^^^^^^^^^^^

warning: missing documentation for a variant
   --> src/migration/analyzer.rs:112:5
    |
112 |     Info,
    |     ^^^^

warning: missing documentation for a variant
   --> src/migration/analyzer.rs:113:5
    |
113 |     Warning,
    |     ^^^^^^^

warning: missing documentation for a variant
   --> src/migration/analyzer.rs:114:5
    |
114 |     Error,
    |     ^^^^^

warning: missing documentation for a variant
   --> src/migration/analyzer.rs:115:5
    |
115 |     Critical,
    |     ^^^^^^^^

warning: missing documentation for a variant
   --> src/migration/analyzer.rs:121:5
    |
121 |     Configuration,
    |     ^^^^^^^^^^^^^

warning: missing documentation for a variant
   --> src/migration/analyzer.rs:122:5
    |
122 |     Database,
    |     ^^^^^^^^

warning: missing documentation for a variant
   --> src/migration/analyzer.rs:123:5
    |
123 |     Permissions,
    |     ^^^^^^^^^^^

warning: missing documentation for a variant
   --> src/migration/analyzer.rs:124:5
    |
124 |     Dependencies,
    |     ^^^^^^^^^^^^

warning: missing documentation for a variant
   --> src/migration/analyzer.rs:125:5
    |
125 |     Compatibility,
    |     ^^^^^^^^^^^^^

warning: missing documentation for a variant
   --> src/migration/analyzer.rs:126:5
    |
126 |     Performance,
    |     ^^^^^^^^^^^

warning: missing documentation for a struct field
   --> src/migration/analyzer.rs:132:5
    |
132 |     pub overall_score: f32, // 0.0 to 1.0
    |     ^^^^^^^^^^^^^^^^^^^^^^

warning: missing documentation for a struct field
   --> src/migration/analyzer.rs:133:5
    |
133 |     pub config_compatibility: f32,
    |     ^^^^^^^^^^^^^^^^^^^^^^^^^^^^^

warning: missing documentation for a struct field
   --> src/migration/analyzer.rs:134:5
    |
134 |     pub database_compatibility: f32,
    |     ^^^^^^^^^^^^^^^^^^^^^^^^^^^^^^^

warning: missing documentation for a struct field
   --> src/migration/analyzer.rs:135:5
    |
135 |     pub feature_compatibility: f32,
    |     ^^^^^^^^^^^^^^^^^^^^^^^^^^^^^^

warning: missing documentation for a struct field
   --> src/migration/analyzer.rs:136:5
    |
136 |     pub migration_complexity: MigrationComplexity,
    |     ^^^^^^^^^^^^^^^^^^^^^^^^^^^^^^^^^^^^^^^^^^^^^

warning: missing documentation for a struct field
   --> src/migration/analyzer.rs:137:5
    |
137 |     pub recommended_approach: String,
    |     ^^^^^^^^^^^^^^^^^^^^^^^^^^^^^^^^

warning: missing documentation for a variant
   --> src/migration/analyzer.rs:143:5
    |
143 |     Simple,   // Direct migration possible
    |     ^^^^^^

warning: missing documentation for a variant
   --> src/migration/analyzer.rs:144:5
    |
144 |     Moderate, // Some manual intervention needed
    |     ^^^^^^^^

warning: missing documentation for a variant
   --> src/migration/analyzer.rs:145:5
    |
145 |     Complex,  // Significant customization required
    |     ^^^^^^^

warning: missing documentation for a variant
   --> src/migration/analyzer.rs:146:5
    |
146 |     Expert,   // Requires expert knowledge
    |     ^^^^^^

warning: missing documentation for a struct field
  --> src/migration/config.rs:19:5
   |
19 |     pub source_configs: Vec<ConfigTransformation>,
   |     ^^^^^^^^^^^^^^^^^^^^^^^^^^^^^^^^^^^^^^^^^^^^^

warning: missing documentation for a struct field
  --> src/migration/config.rs:20:5
   |
20 |     pub target_config: PathBuf,
   |     ^^^^^^^^^^^^^^^^^^^^^^^^^^

warning: missing documentation for a struct field
  --> src/migration/config.rs:21:5
   |
21 |     pub preserved_settings: HashMap<String, serde_json::Value>,
   |     ^^^^^^^^^^^^^^^^^^^^^^^^^^^^^^^^^^^^^^^^^^^^^^^^^^^^^^^^^^

warning: missing documentation for a struct field
  --> src/migration/config.rs:22:5
   |
22 |     pub new_settings: HashMap<String, serde_json::Value>,
   |     ^^^^^^^^^^^^^^^^^^^^^^^^^^^^^^^^^^^^^^^^^^^^^^^^^^^^

warning: missing documentation for a struct field
  --> src/migration/config.rs:23:5
   |
23 |     pub deprecated_settings: Vec<String>,
   |     ^^^^^^^^^^^^^^^^^^^^^^^^^^^^^^^^^^^^

warning: missing documentation for a struct field
  --> src/migration/config.rs:24:5
   |
24 |     pub warnings: Vec<String>,
   |     ^^^^^^^^^^^^^^^^^^^^^^^^^

warning: missing documentation for a struct field
  --> src/migration/config.rs:30:5
   |
30 |     pub source_path: PathBuf,
   |     ^^^^^^^^^^^^^^^^^^^^^^^^

warning: missing documentation for a struct field
  --> src/migration/config.rs:31:5
   |
31 |     pub source_format: ConfigFormat,
   |     ^^^^^^^^^^^^^^^^^^^^^^^^^^^^^^^

warning: missing documentation for a struct field
  --> src/migration/config.rs:32:5
   |
32 |     pub target_section: String,
   |     ^^^^^^^^^^^^^^^^^^^^^^^^^^

warning: missing documentation for a struct field
  --> src/migration/config.rs:33:5
   |
33 |     pub changes: Vec<ConfigChange>,
   |     ^^^^^^^^^^^^^^^^^^^^^^^^^^^^^^

warning: missing documentation for a variant
  --> src/migration/config.rs:39:5
   |
39 |     Json,
   |     ^^^^

warning: missing documentation for a variant
  --> src/migration/config.rs:40:5
   |
40 |     Toml,
   |     ^^^^

warning: missing documentation for a variant
  --> src/migration/config.rs:41:5
   |
41 |     Yaml,
   |     ^^^^

warning: missing documentation for a variant
  --> src/migration/config.rs:42:5
   |
42 |     Properties,
   |     ^^^^^^^^^^

warning: missing documentation for a struct field
  --> src/migration/config.rs:48:5
   |
48 |     pub key: String,
   |     ^^^^^^^^^^^^^^^

warning: missing documentation for a struct field
  --> src/migration/config.rs:49:5
   |
49 |     pub old_value: Option<serde_json::Value>,
   |     ^^^^^^^^^^^^^^^^^^^^^^^^^^^^^^^^^^^^^^^^

warning: missing documentation for a struct field
  --> src/migration/config.rs:50:5
   |
50 |     pub new_value: serde_json::Value,
   |     ^^^^^^^^^^^^^^^^^^^^^^^^^^^^^^^^

warning: missing documentation for a struct field
  --> src/migration/config.rs:51:5
   |
51 |     pub action: ChangeAction,
   |     ^^^^^^^^^^^^^^^^^^^^^^^^

warning: missing documentation for a struct field
  --> src/migration/config.rs:52:5
   |
52 |     pub notes: Option<String>,
   |     ^^^^^^^^^^^^^^^^^^^^^^^^^

warning: missing documentation for a variant
  --> src/migration/config.rs:58:5
   |
58 |     Preserve,  // Keep value as-is
   |     ^^^^^^^^

warning: missing documentation for a variant
  --> src/migration/config.rs:59:5
   |
59 |     Transform, // Convert to new format
   |     ^^^^^^^^^

warning: missing documentation for a variant
  --> src/migration/config.rs:60:5
   |
60 |     Rename,    // Change key name
   |     ^^^^^^

warning: missing documentation for a variant
  --> src/migration/config.rs:61:5
   |
61 |     Default,   // Use default value
   |     ^^^^^^^

warning: missing documentation for a variant
  --> src/migration/config.rs:62:5
   |
62 |     Deprecate, // Remove deprecated setting
   |     ^^^^^^^^^

warning: missing documentation for a struct
 --> src/migration/database.rs:9:1
  |
9 | pub struct Database;
  | ^^^^^^^^^^^^^^^^^^^

warning: missing documentation for an associated function
  --> src/migration/database.rs:12:5
   |
12 |     pub async fn new(_path: &PathBuf) -> Result<Self, HiveError> {
   |     ^^^^^^^^^^^^^^^^^^^^^^^^^^^^^^^^^^^^^^^^^^^^^^^^^^^^^^^^^^^^

warning: missing documentation for a struct
  --> src/migration/database.rs:18:1
   |
18 | pub struct SqlitePool;
   | ^^^^^^^^^^^^^^^^^^^^^

warning: missing documentation for an associated function
  --> src/migration/database.rs:21:5
   |
21 |     pub async fn connect(_url: &str) -> Result<Self, HiveError> {
   |     ^^^^^^^^^^^^^^^^^^^^^^^^^^^^^^^^^^^^^^^^^^^^^^^^^^^^^^^^^^^

warning: missing documentation for a struct
  --> src/migration/database.rs:27:1
   |
27 | pub struct Query;
   | ^^^^^^^^^^^^^^^^

warning: missing documentation for a function
  --> src/migration/database.rs:29:1
   |
29 | pub fn query(_sql: &str) -> Query {
   | ^^^^^^^^^^^^^^^^^^^^^^^^^^^^^^^^^

warning: missing documentation for a method
  --> src/migration/database.rs:34:5
   |
34 |     pub async fn fetch_all(self, _pool: &SqlitePool) -> Result<Vec<MockRow>, HiveError> {
   |     ^^^^^^^^^^^^^^^^^^^^^^^^^^^^^^^^^^^^^^^^^^^^^^^^^^^^^^^^^^^^^^^^^^^^^^^^^^^^^^^^^^^

warning: missing documentation for a method
  --> src/migration/database.rs:38:5
   |
38 |     pub async fn fetch_one(self, _pool: &SqlitePool) -> Result<MockRow, HiveError> {
   |     ^^^^^^^^^^^^^^^^^^^^^^^^^^^^^^^^^^^^^^^^^^^^^^^^^^^^^^^^^^^^^^^^^^^^^^^^^^^^^^

warning: missing documentation for a function
  --> src/migration/database.rs:43:1
   |
43 | pub fn query_scalar<T>(_sql: &str) -> QueryScalar<T> {
   | ^^^^^^^^^^^^^^^^^^^^^^^^^^^^^^^^^^^^^^^^^^^^^^^^^^^^

warning: missing documentation for a struct
  --> src/migration/database.rs:49:1
   |
49 | pub struct QueryScalar<T> {
   | ^^^^^^^^^^^^^^^^^^^^^^^^^

warning: missing documentation for a method
  --> src/migration/database.rs:57:5
   |
57 |     pub async fn fetch_one(self, _pool: &SqlitePool) -> Result<T, HiveError> {
   |     ^^^^^^^^^^^^^^^^^^^^^^^^^^^^^^^^^^^^^^^^^^^^^^^^^^^^^^^^^^^^^^^^^^^^^^^^

warning: missing documentation for a trait
  --> src/migration/database.rs:63:1
   |
63 | pub trait Row {
   | ^^^^^^^^^^^^^

warning: missing documentation for a method
  --> src/migration/database.rs:64:5
   |
64 | /     fn get<T>(&self, _column: &str) -> T
65 | |     where
66 | |         T: Default,
   | |___________________^

warning: missing documentation for a struct
  --> src/migration/database.rs:72:1
   |
72 | pub struct MockRow;
   | ^^^^^^^^^^^^^^^^^^

warning: missing documentation for a struct field
  --> src/migration/database.rs:85:5
   |
85 |     pub source_database: PathBuf,
   |     ^^^^^^^^^^^^^^^^^^^^^^^^^^^^

warning: missing documentation for a struct field
  --> src/migration/database.rs:86:5
   |
86 |     pub target_database: PathBuf,
   |     ^^^^^^^^^^^^^^^^^^^^^^^^^^^^

warning: missing documentation for a struct field
  --> src/migration/database.rs:87:5
   |
87 |     pub schema_changes: Vec<SchemaChange>,
   |     ^^^^^^^^^^^^^^^^^^^^^^^^^^^^^^^^^^^^^

warning: missing documentation for a struct field
  --> src/migration/database.rs:88:5
   |
88 |     pub data_migration: DataMigrationPlan,
   |     ^^^^^^^^^^^^^^^^^^^^^^^^^^^^^^^^^^^^^

warning: missing documentation for a struct field
  --> src/migration/database.rs:89:5
   |
89 |     pub estimated_size: u64,
   |     ^^^^^^^^^^^^^^^^^^^^^^^

warning: missing documentation for a struct field
  --> src/migration/database.rs:90:5
   |
90 |     pub estimated_duration: std::time::Duration,
   |     ^^^^^^^^^^^^^^^^^^^^^^^^^^^^^^^^^^^^^^^^^^^

warning: missing documentation for a struct field
  --> src/migration/database.rs:91:5
   |
91 |     pub risks: Vec<String>,
   |     ^^^^^^^^^^^^^^^^^^^^^^

warning: missing documentation for a struct field
  --> src/migration/database.rs:97:5
   |
97 |     pub table_name: String,
   |     ^^^^^^^^^^^^^^^^^^^^^^

warning: missing documentation for a struct field
  --> src/migration/database.rs:98:5
   |
98 |     pub change_type: SchemaChangeType,
   |     ^^^^^^^^^^^^^^^^^^^^^^^^^^^^^^^^^

warning: missing documentation for a struct field
  --> src/migration/database.rs:99:5
   |
99 |     pub old_schema: Option<String>,
   |     ^^^^^^^^^^^^^^^^^^^^^^^^^^^^^^

warning: missing documentation for a struct field
   --> src/migration/database.rs:100:5
    |
100 |     pub new_schema: String,
    |     ^^^^^^^^^^^^^^^^^^^^^^

warning: missing documentation for a struct field
   --> src/migration/database.rs:101:5
    |
101 |     pub migration_sql: String,
    |     ^^^^^^^^^^^^^^^^^^^^^^^^^

warning: missing documentation for a struct field
   --> src/migration/database.rs:102:5
    |
102 |     pub data_preservation: DataPreservationLevel,
    |     ^^^^^^^^^^^^^^^^^^^^^^^^^^^^^^^^^^^^^^^^^^^^

warning: missing documentation for a variant
   --> src/migration/database.rs:108:5
    |
108 |     TableRename,
    |     ^^^^^^^^^^^

warning: missing documentation for a variant
   --> src/migration/database.rs:109:5
    |
109 |     ColumnAdd,
    |     ^^^^^^^^^

warning: missing documentation for a variant
   --> src/migration/database.rs:110:5
    |
110 |     ColumnRename,
    |     ^^^^^^^^^^^^

warning: missing documentation for a variant
   --> src/migration/database.rs:111:5
    |
111 |     ColumnTypeChange,
    |     ^^^^^^^^^^^^^^^^

warning: missing documentation for a variant
   --> src/migration/database.rs:112:5
    |
112 |     IndexAdd,
    |     ^^^^^^^^

warning: missing documentation for a variant
   --> src/migration/database.rs:113:5
    |
113 |     ConstraintAdd,
    |     ^^^^^^^^^^^^^

warning: missing documentation for a variant
   --> src/migration/database.rs:114:5
    |
114 |     DataTransform,
    |     ^^^^^^^^^^^^^

warning: missing documentation for a variant
   --> src/migration/database.rs:120:5
    |
120 |     Complete,    // 100% data preserved
    |     ^^^^^^^^

warning: missing documentation for a variant
   --> src/migration/database.rs:121:5
    |
121 |     Transformed, // Data converted but preserved
    |     ^^^^^^^^^^^

warning: missing documentation for a variant
   --> src/migration/database.rs:122:5
    |
122 |     Partial,     // Some data may be lost
    |     ^^^^^^^

warning: missing documentation for a variant
   --> src/migration/database.rs:123:5
    |
123 |     Manual,      // Requires manual intervention
    |     ^^^^^^

warning: missing documentation for a struct field
   --> src/migration/database.rs:129:5
    |
129 |     pub tables: Vec<TableMigration>,
    |     ^^^^^^^^^^^^^^^^^^^^^^^^^^^^^^^

warning: missing documentation for a struct field
   --> src/migration/database.rs:130:5
    |
130 |     pub total_rows: u64,
    |     ^^^^^^^^^^^^^^^^^^^

warning: missing documentation for a struct field
   --> src/migration/database.rs:131:5
    |
131 |     pub estimated_transfer_time: std::time::Duration,
    |     ^^^^^^^^^^^^^^^^^^^^^^^^^^^^^^^^^^^^^^^^^^^^^^^^

warning: missing documentation for a struct field
   --> src/migration/database.rs:132:5
    |
132 |     pub batch_size: u32,
    |     ^^^^^^^^^^^^^^^^^^^

warning: missing documentation for a struct field
   --> src/migration/database.rs:133:5
    |
133 |     pub validation_points: Vec<String>,
    |     ^^^^^^^^^^^^^^^^^^^^^^^^^^^^^^^^^^

warning: missing documentation for a struct field
   --> src/migration/database.rs:139:5
    |
139 |     pub source_table: String,
    |     ^^^^^^^^^^^^^^^^^^^^^^^^

warning: missing documentation for a struct field
   --> src/migration/database.rs:140:5
    |
140 |     pub target_table: String,
    |     ^^^^^^^^^^^^^^^^^^^^^^^^

warning: missing documentation for a struct field
   --> src/migration/database.rs:141:5
    |
141 |     pub row_count: u64,
    |     ^^^^^^^^^^^^^^^^^^

warning: missing documentation for a struct field
   --> src/migration/database.rs:142:5
    |
142 |     pub transformations: Vec<DataTransformation>,
    |     ^^^^^^^^^^^^^^^^^^^^^^^^^^^^^^^^^^^^^^^^^^^^

warning: missing documentation for a struct field
   --> src/migration/database.rs:143:5
    |
143 |     pub dependencies: Vec<String>,
    |     ^^^^^^^^^^^^^^^^^^^^^^^^^^^^^

warning: missing documentation for a struct field
   --> src/migration/database.rs:144:5
    |
144 |     pub validation_queries: Vec<String>,
    |     ^^^^^^^^^^^^^^^^^^^^^^^^^^^^^^^^^^^

warning: missing documentation for a struct field
   --> src/migration/database.rs:150:5
    |
150 |     pub source_column: String,
    |     ^^^^^^^^^^^^^^^^^^^^^^^^^

warning: missing documentation for a struct field
   --> src/migration/database.rs:151:5
    |
151 |     pub target_column: String,
    |     ^^^^^^^^^^^^^^^^^^^^^^^^^

warning: missing documentation for a struct field
   --> src/migration/database.rs:152:5
    |
152 |     pub transformation_type: TransformationType,
    |     ^^^^^^^^^^^^^^^^^^^^^^^^^^^^^^^^^^^^^^^^^^^

warning: missing documentation for a struct field
   --> src/migration/database.rs:153:5
    |
153 |     pub transformation_logic: String,
    |     ^^^^^^^^^^^^^^^^^^^^^^^^^^^^^^^^

warning: missing documentation for a struct field
   --> src/migration/database.rs:154:5
    |
154 |     pub fallback_value: Option<String>,
    |     ^^^^^^^^^^^^^^^^^^^^^^^^^^^^^^^^^^

warning: missing documentation for a variant
   --> src/migration/database.rs:160:5
    |
160 |     DirectCopy,     // Copy value as-is
    |     ^^^^^^^^^^

warning: missing documentation for a variant
   --> src/migration/database.rs:161:5
    |
161 |     TypeConversion, // Convert data type
    |     ^^^^^^^^^^^^^^

warning: missing documentation for a variant
   --> src/migration/database.rs:162:5
    |
162 |     JsonParsing,    // Parse JSON strings
    |     ^^^^^^^^^^^

warning: missing documentation for a variant
   --> src/migration/database.rs:163:5
    |
163 |     Concatenation,  // Combine multiple columns
    |     ^^^^^^^^^^^^^

warning: missing documentation for a variant
   --> src/migration/database.rs:164:5
    |
164 |     Extraction,     // Extract part of a value
    |     ^^^^^^^^^^

warning: missing documentation for a variant
   --> src/migration/database.rs:165:5
    |
165 |     Default,        // Use default value
    |     ^^^^^^^

warning: missing documentation for a struct field
  --> src/migration/database_impl.rs:28:5
   |
28 |     pub conversations_migrated: u64,
   |     ^^^^^^^^^^^^^^^^^^^^^^^^^^^^^^^

warning: missing documentation for a struct field
  --> src/migration/database_impl.rs:29:5
   |
29 |     pub messages_migrated: u64,
   |     ^^^^^^^^^^^^^^^^^^^^^^^^^^

warning: missing documentation for a struct field
  --> src/migration/database_impl.rs:30:5
   |
30 |     pub stage_outputs_migrated: u64,
   |     ^^^^^^^^^^^^^^^^^^^^^^^^^^^^^^^

warning: missing documentation for a struct field
  --> src/migration/database_impl.rs:31:5
   |
31 |     pub knowledge_entries_migrated: u64,
   |     ^^^^^^^^^^^^^^^^^^^^^^^^^^^^^^^^^^^

warning: missing documentation for a struct field
  --> src/migration/database_impl.rs:32:5
   |
32 |     pub topics_migrated: u64,
   |     ^^^^^^^^^^^^^^^^^^^^^^^^

warning: missing documentation for a struct field
  --> src/migration/database_impl.rs:33:5
   |
33 |     pub keywords_migrated: u64,
   |     ^^^^^^^^^^^^^^^^^^^^^^^^^^

warning: missing documentation for a struct field
  --> src/migration/database_impl.rs:34:5
   |
34 |     pub total_rows_migrated: u64,
   |     ^^^^^^^^^^^^^^^^^^^^^^^^^^^^

warning: missing documentation for a struct field
  --> src/migration/database_impl.rs:35:5
   |
35 |     pub migration_start_time: Option<DateTime<Utc>>,
   |     ^^^^^^^^^^^^^^^^^^^^^^^^^^^^^^^^^^^^^^^^^^^^^^^

warning: missing documentation for a struct field
  --> src/migration/database_impl.rs:36:5
   |
36 |     pub migration_end_time: Option<DateTime<Utc>>,
   |     ^^^^^^^^^^^^^^^^^^^^^^^^^^^^^^^^^^^^^^^^^^^^^

warning: missing documentation for a struct field
  --> src/migration/database_impl.rs:37:5
   |
37 |     pub errors_encountered: u32,
   |     ^^^^^^^^^^^^^^^^^^^^^^^^^^^

warning: missing documentation for a struct field
  --> src/migration/database_impl.rs:38:5
   |
38 |     pub warnings_generated: u32,
   |     ^^^^^^^^^^^^^^^^^^^^^^^^^^^

warning: missing documentation for a struct field
  --> src/migration/database_impl.rs:39:5
   |
39 |     pub performance_metrics: PerformanceMetrics,
   |     ^^^^^^^^^^^^^^^^^^^^^^^^^^^^^^^^^^^^^^^^^^^

warning: missing documentation for a struct field
  --> src/migration/database_impl.rs:45:5
   |
45 |     pub total_processing_time_ms: u64,
   |     ^^^^^^^^^^^^^^^^^^^^^^^^^^^^^^^^^

warning: missing documentation for a struct field
  --> src/migration/database_impl.rs:46:5
   |
46 |     pub average_row_processing_time_ms: f64,
   |     ^^^^^^^^^^^^^^^^^^^^^^^^^^^^^^^^^^^^^^^

warning: missing documentation for a struct field
  --> src/migration/database_impl.rs:47:5
   |
47 |     pub peak_memory_usage_mb: u64,
   |     ^^^^^^^^^^^^^^^^^^^^^^^^^^^^^

warning: missing documentation for a struct field
  --> src/migration/database_impl.rs:48:5
   |
48 |     pub database_read_time_ms: u64,
   |     ^^^^^^^^^^^^^^^^^^^^^^^^^^^^^^

warning: missing documentation for a struct field
  --> src/migration/database_impl.rs:49:5
   |
49 |     pub database_write_time_ms: u64,
   |     ^^^^^^^^^^^^^^^^^^^^^^^^^^^^^^^

warning: missing documentation for a struct field
  --> src/migration/database_impl.rs:50:5
   |
50 |     pub validation_time_ms: u64,
   |     ^^^^^^^^^^^^^^^^^^^^^^^^^^^

warning: missing documentation for a struct field
  --> src/migration/database_impl.rs:51:5
   |
51 |     pub batch_processing_rate_rows_per_sec: f64,
   |     ^^^^^^^^^^^^^^^^^^^^^^^^^^^^^^^^^^^^^^^^^^^

warning: missing documentation for a struct field
  --> src/migration/database_impl.rs:57:5
   |
57 |     pub id: String,
   |     ^^^^^^^^^^^^^^

warning: missing documentation for a struct field
  --> src/migration/database_impl.rs:58:5
   |
58 |     pub question: String,
   |     ^^^^^^^^^^^^^^^^^^^^

warning: missing documentation for a struct field
  --> src/migration/database_impl.rs:59:5
   |
59 |     pub final_answer: String,
   |     ^^^^^^^^^^^^^^^^^^^^^^^^

warning: missing documentation for a struct field
  --> src/migration/database_impl.rs:60:5
   |
60 |     pub source_of_truth: String,
   |     ^^^^^^^^^^^^^^^^^^^^^^^^^^^

warning: missing documentation for a struct field
  --> src/migration/database_impl.rs:61:5
   |
61 |     pub conversation_context: Option<String>,
   |     ^^^^^^^^^^^^^^^^^^^^^^^^^^^^^^^^^^^^^^^^

warning: missing documentation for a struct field
  --> src/migration/database_impl.rs:62:5
   |
62 |     pub profile_id: Option<String>,
   |     ^^^^^^^^^^^^^^^^^^^^^^^^^^^^^^

warning: missing documentation for a struct field
  --> src/migration/database_impl.rs:63:5
   |
63 |     pub created_at: String,
   |     ^^^^^^^^^^^^^^^^^^^^^^

warning: missing documentation for a struct field
  --> src/migration/database_impl.rs:64:5
   |
64 |     pub last_updated: String,
   |     ^^^^^^^^^^^^^^^^^^^^^^^^

warning: missing documentation for a struct field
  --> src/migration/database_impl.rs:70:5
   |
70 |     pub id: String,
   |     ^^^^^^^^^^^^^^

warning: missing documentation for a struct field
  --> src/migration/database_impl.rs:71:5
   |
71 |     pub conversation_id: String,
   |     ^^^^^^^^^^^^^^^^^^^^^^^^^^^

warning: missing documentation for a struct field
  --> src/migration/database_impl.rs:72:5
   |
72 |     pub stage_name: String,
   |     ^^^^^^^^^^^^^^^^^^^^^^

warning: missing documentation for a struct field
  --> src/migration/database_impl.rs:73:5
   |
73 |     pub stage_number: i32,
   |     ^^^^^^^^^^^^^^^^^^^^^

warning: missing documentation for a struct field
  --> src/migration/database_impl.rs:74:5
   |
74 |     pub provider: String,
   |     ^^^^^^^^^^^^^^^^^^^^

warning: missing documentation for a struct field
  --> src/migration/database_impl.rs:75:5
   |
75 |     pub model: String,
   |     ^^^^^^^^^^^^^^^^^

warning: missing documentation for a struct field
  --> src/migration/database_impl.rs:76:5
   |
76 |     pub full_output: String,
   |     ^^^^^^^^^^^^^^^^^^^^^^^

warning: missing documentation for a struct field
  --> src/migration/database_impl.rs:77:5
   |
77 |     pub character_count: i32,
   |     ^^^^^^^^^^^^^^^^^^^^^^^^

warning: missing documentation for a struct field
  --> src/migration/database_impl.rs:78:5
   |
78 |     pub word_count: i32,
   |     ^^^^^^^^^^^^^^^^^^^

warning: missing documentation for a struct field
  --> src/migration/database_impl.rs:79:5
   |
79 |     pub temperature: Option<f64>,
   |     ^^^^^^^^^^^^^^^^^^^^^^^^^^^^

warning: missing documentation for a struct field
  --> src/migration/database_impl.rs:80:5
   |
80 |     pub processing_time_ms: Option<i32>,
   |     ^^^^^^^^^^^^^^^^^^^^^^^^^^^^^^^^^^^

warning: missing documentation for a struct field
  --> src/migration/database_impl.rs:81:5
   |
81 |     pub tokens_used: Option<i32>,
   |     ^^^^^^^^^^^^^^^^^^^^^^^^^^^^

warning: missing documentation for a struct field
  --> src/migration/database_impl.rs:82:5
   |
82 |     pub created_at: String,
   |     ^^^^^^^^^^^^^^^^^^^^^^

warning: missing documentation for a struct field
  --> src/migration/database_impl.rs:88:5
   |
88 |     pub id: String,
   |     ^^^^^^^^^^^^^^

warning: missing documentation for a struct field
  --> src/migration/database_impl.rs:89:5
   |
89 |     pub conversation_id: String,
   |     ^^^^^^^^^^^^^^^^^^^^^^^^^^^

warning: missing documentation for a struct field
  --> src/migration/database_impl.rs:90:5
   |
90 |     pub curator_content: String,
   |     ^^^^^^^^^^^^^^^^^^^^^^^^^^^

warning: missing documentation for a struct field
  --> src/migration/database_impl.rs:91:5
   |
91 |     pub topics: String,   // JSON array
   |     ^^^^^^^^^^^^^^^^^^

warning: missing documentation for a struct field
  --> src/migration/database_impl.rs:92:5
   |
92 |     pub keywords: String, // JSON array
   |     ^^^^^^^^^^^^^^^^^^^^

warning: missing documentation for a struct field
  --> src/migration/database_impl.rs:93:5
   |
93 |     pub semantic_embedding: Option<Vec<u8>>,
   |     ^^^^^^^^^^^^^^^^^^^^^^^^^^^^^^^^^^^^^^^

warning: missing documentation for a struct field
  --> src/migration/database_impl.rs:94:5
   |
94 |     pub is_source_of_truth: i32,
   |     ^^^^^^^^^^^^^^^^^^^^^^^^^^^

warning: missing documentation for a struct field
  --> src/migration/database_impl.rs:95:5
   |
95 |     pub relevance_score: Option<f64>,
   |     ^^^^^^^^^^^^^^^^^^^^^^^^^^^^^^^^

warning: missing documentation for a struct field
  --> src/migration/database_impl.rs:96:5
   |
96 |     pub created_at: String,
   |     ^^^^^^^^^^^^^^^^^^^^^^

warning: missing documentation for a struct field
   --> src/migration/database_impl.rs:102:5
    |
102 |     pub batch_size: u32,
    |     ^^^^^^^^^^^^^^^^^^^

warning: missing documentation for a struct field
   --> src/migration/database_impl.rs:103:5
    |
103 |     pub parallel_batches: u32,
    |     ^^^^^^^^^^^^^^^^^^^^^^^^^

warning: missing documentation for a struct field
   --> src/migration/database_impl.rs:104:5
    |
104 |     pub memory_limit_mb: u32,
    |     ^^^^^^^^^^^^^^^^^^^^^^^^

warning: missing documentation for a struct field
   --> src/migration/database_impl.rs:105:5
    |
105 |     pub progress_callback: Option<fn(f64, &str)>,
    |     ^^^^^^^^^^^^^^^^^^^^^^^^^^^^^^^^^^^^^^^^^^^^

warning: missing documentation for a struct field
  --> src/migration/guide.rs:15:5
   |
15 |     pub scenario: MigrationScenario,
   |     ^^^^^^^^^^^^^^^^^^^^^^^^^^^^^^^

warning: missing documentation for a struct field
  --> src/migration/guide.rs:16:5
   |
16 |     pub recommended_approach: MigrationApproach,
   |     ^^^^^^^^^^^^^^^^^^^^^^^^^^^^^^^^^^^^^^^^^^^

warning: missing documentation for a struct field
  --> src/migration/guide.rs:17:5
   |
17 |     pub preparation_steps: Vec<PreparationStep>,
   |     ^^^^^^^^^^^^^^^^^^^^^^^^^^^^^^^^^^^^^^^^^^^

warning: missing documentation for a struct field
  --> src/migration/guide.rs:18:5
   |
18 |     pub migration_steps: Vec<MigrationStep>,
   |     ^^^^^^^^^^^^^^^^^^^^^^^^^^^^^^^^^^^^^^^

warning: missing documentation for a struct field
  --> src/migration/guide.rs:19:5
   |
19 |     pub post_migration_steps: Vec<PostMigrationStep>,
   |     ^^^^^^^^^^^^^^^^^^^^^^^^^^^^^^^^^^^^^^^^^^^^^^^^

warning: missing documentation for a struct field
  --> src/migration/guide.rs:20:5
   |
20 |     pub troubleshooting: Vec<TroubleshootingTip>,
   |     ^^^^^^^^^^^^^^^^^^^^^^^^^^^^^^^^^^^^^^^^^^^^

warning: missing documentation for a struct field
  --> src/migration/guide.rs:21:5
   |
21 |     pub estimated_timeline: Timeline,
   |     ^^^^^^^^^^^^^^^^^^^^^^^^^^^^^^^^

warning: missing documentation for a struct field
  --> src/migration/guide.rs:22:5
   |
22 |     pub risk_assessment: RiskAssessment,
   |     ^^^^^^^^^^^^^^^^^^^^^^^^^^^^^^^^^^^

warning: missing documentation for a variant
  --> src/migration/guide.rs:28:5
   |
28 |     FirstTimeUser,
   |     ^^^^^^^^^^^^^

warning: missing documentation for a variant
  --> src/migration/guide.rs:29:5
   |
29 |     ExistingLightUser,
   |     ^^^^^^^^^^^^^^^^^

warning: missing documentation for a variant
  --> src/migration/guide.rs:30:5
   |
30 |     ExistingHeavyUser,
   |     ^^^^^^^^^^^^^^^^^

warning: missing documentation for a variant
  --> src/migration/guide.rs:31:5
   |
31 |     EnterpriseUser,
   |     ^^^^^^^^^^^^^^

warning: missing documentation for a variant
  --> src/migration/guide.rs:32:5
   |
32 |     DeveloperUser,
   |     ^^^^^^^^^^^^^

warning: missing documentation for a variant
  --> src/migration/guide.rs:33:5
   |
33 |     TeamMigration,
   |     ^^^^^^^^^^^^^

warning: missing documentation for a variant
  --> src/migration/guide.rs:39:5
   |
39 |     QuickMigration,    // Fast, automated migration
   |     ^^^^^^^^^^^^^^

warning: missing documentation for a variant
  --> src/migration/guide.rs:40:5
   |
40 |     SafeMigration,     // Conservative, step-by-step
   |     ^^^^^^^^^^^^^

warning: missing documentation for a variant
  --> src/migration/guide.rs:41:5
   |
41 |     ParallelMigration, // Run both versions temporarily
   |     ^^^^^^^^^^^^^^^^^

warning: missing documentation for a variant
  --> src/migration/guide.rs:42:5
   |
42 |     StagedMigration,   // Gradual feature migration
   |     ^^^^^^^^^^^^^^^

warning: missing documentation for a variant
  --> src/migration/guide.rs:43:5
   |
43 |     CustomMigration,   // Tailored approach
   |     ^^^^^^^^^^^^^^^

warning: missing documentation for a struct field
  --> src/migration/guide.rs:49:5
   |
49 |     pub step_number: u32,
   |     ^^^^^^^^^^^^^^^^^^^^

warning: missing documentation for a struct field
  --> src/migration/guide.rs:50:5
   |
50 |     pub title: String,
   |     ^^^^^^^^^^^^^^^^^

warning: missing documentation for a struct field
  --> src/migration/guide.rs:51:5
   |
51 |     pub description: String,
   |     ^^^^^^^^^^^^^^^^^^^^^^^

warning: missing documentation for a struct field
  --> src/migration/guide.rs:52:5
   |
52 |     pub commands: Vec<String>,
   |     ^^^^^^^^^^^^^^^^^^^^^^^^^

warning: missing documentation for a struct field
  --> src/migration/guide.rs:53:5
   |
53 |     pub expected_outcome: String,
   |     ^^^^^^^^^^^^^^^^^^^^^^^^^^^^

warning: missing documentation for a struct field
  --> src/migration/guide.rs:54:5
   |
54 |     pub troubleshooting: Option<String>,
   |     ^^^^^^^^^^^^^^^^^^^^^^^^^^^^^^^^^^^

warning: missing documentation for a struct field
  --> src/migration/guide.rs:55:5
   |
55 |     pub estimated_time: std::time::Duration,
   |     ^^^^^^^^^^^^^^^^^^^^^^^^^^^^^^^^^^^^^^^

warning: missing documentation for a struct field
  --> src/migration/guide.rs:56:5
   |
56 |     pub required: bool,
   |     ^^^^^^^^^^^^^^^^^^

warning: missing documentation for a struct field
  --> src/migration/guide.rs:62:5
   |
62 |     pub step_number: u32,
   |     ^^^^^^^^^^^^^^^^^^^^

warning: missing documentation for a struct field
  --> src/migration/guide.rs:63:5
   |
63 |     pub phase: String,
   |     ^^^^^^^^^^^^^^^^^

warning: missing documentation for a struct field
  --> src/migration/guide.rs:64:5
   |
64 |     pub title: String,
   |     ^^^^^^^^^^^^^^^^^

warning: missing documentation for a struct field
  --> src/migration/guide.rs:65:5
   |
65 |     pub description: String,
   |     ^^^^^^^^^^^^^^^^^^^^^^^

warning: missing documentation for a struct field
  --> src/migration/guide.rs:66:5
   |
66 |     pub commands: Vec<String>,
   |     ^^^^^^^^^^^^^^^^^^^^^^^^^

warning: missing documentation for a struct field
  --> src/migration/guide.rs:67:5
   |
67 |     pub verification: Vec<String>,
   |     ^^^^^^^^^^^^^^^^^^^^^^^^^^^^^

warning: missing documentation for a struct field
  --> src/migration/guide.rs:68:5
   |
68 |     pub rollback_info: Option<String>,
   |     ^^^^^^^^^^^^^^^^^^^^^^^^^^^^^^^^^

warning: missing documentation for a struct field
  --> src/migration/guide.rs:69:5
   |
69 |     pub estimated_time: std::time::Duration,
   |     ^^^^^^^^^^^^^^^^^^^^^^^^^^^^^^^^^^^^^^^

warning: missing documentation for a struct field
  --> src/migration/guide.rs:70:5
   |
70 |     pub dependencies: Vec<u32>,
   |     ^^^^^^^^^^^^^^^^^^^^^^^^^^

warning: missing documentation for a struct field
  --> src/migration/guide.rs:76:5
   |
76 |     pub step_number: u32,
   |     ^^^^^^^^^^^^^^^^^^^^

warning: missing documentation for a struct field
  --> src/migration/guide.rs:77:5
   |
77 |     pub title: String,
   |     ^^^^^^^^^^^^^^^^^

warning: missing documentation for a struct field
  --> src/migration/guide.rs:78:5
   |
78 |     pub description: String,
   |     ^^^^^^^^^^^^^^^^^^^^^^^

warning: missing documentation for a struct field
  --> src/migration/guide.rs:79:5
   |
79 |     pub commands: Vec<String>,
   |     ^^^^^^^^^^^^^^^^^^^^^^^^^

warning: missing documentation for a struct field
  --> src/migration/guide.rs:80:5
   |
80 |     pub verification: Vec<String>,
   |     ^^^^^^^^^^^^^^^^^^^^^^^^^^^^^

warning: missing documentation for a struct field
  --> src/migration/guide.rs:81:5
   |
81 |     pub optional: bool,
   |     ^^^^^^^^^^^^^^^^^^

warning: missing documentation for a struct field
  --> src/migration/guide.rs:82:5
   |
82 |     pub benefits: String,
   |     ^^^^^^^^^^^^^^^^^^^^

warning: missing documentation for a struct field
  --> src/migration/guide.rs:88:5
   |
88 |     pub issue: String,
   |     ^^^^^^^^^^^^^^^^^

warning: missing documentation for a struct field
  --> src/migration/guide.rs:89:5
   |
89 |     pub symptoms: Vec<String>,
   |     ^^^^^^^^^^^^^^^^^^^^^^^^^

warning: missing documentation for a struct field
  --> src/migration/guide.rs:90:5
   |
90 |     pub solutions: Vec<String>,
   |     ^^^^^^^^^^^^^^^^^^^^^^^^^^

warning: missing documentation for a struct field
  --> src/migration/guide.rs:91:5
   |
91 |     pub prevention: Option<String>,
   |     ^^^^^^^^^^^^^^^^^^^^^^^^^^^^^^

warning: missing documentation for a struct field
  --> src/migration/guide.rs:92:5
   |
92 |     pub severity: TroubleshootingSeverity,
   |     ^^^^^^^^^^^^^^^^^^^^^^^^^^^^^^^^^^^^^

warning: missing documentation for a variant
  --> src/migration/guide.rs:98:5
   |
98 |     Critical,
   |     ^^^^^^^^

warning: missing documentation for a variant
  --> src/migration/guide.rs:99:5
   |
99 |     High,
   |     ^^^^

warning: missing documentation for a variant
   --> src/migration/guide.rs:100:5
    |
100 |     Medium,
    |     ^^^^^^

warning: missing documentation for a variant
   --> src/migration/guide.rs:101:5
    |
101 |     Low,
    |     ^^^

warning: missing documentation for a variant
   --> src/migration/guide.rs:102:5
    |
102 |     Info,
    |     ^^^^

warning: missing documentation for a struct field
   --> src/migration/guide.rs:108:5
    |
108 |     pub preparation_time: std::time::Duration,
    |     ^^^^^^^^^^^^^^^^^^^^^^^^^^^^^^^^^^^^^^^^^

warning: missing documentation for a struct field
   --> src/migration/guide.rs:109:5
    |
109 |     pub migration_time: std::time::Duration,
    |     ^^^^^^^^^^^^^^^^^^^^^^^^^^^^^^^^^^^^^^^

warning: missing documentation for a struct field
   --> src/migration/guide.rs:110:5
    |
110 |     pub verification_time: std::time::Duration,
    |     ^^^^^^^^^^^^^^^^^^^^^^^^^^^^^^^^^^^^^^^^^^

warning: missing documentation for a struct field
   --> src/migration/guide.rs:111:5
    |
111 |     pub total_time: std::time::Duration,
    |     ^^^^^^^^^^^^^^^^^^^^^^^^^^^^^^^^^^^

warning: missing documentation for a struct field
   --> src/migration/guide.rs:112:5
    |
112 |     pub milestones: Vec<Milestone>,
    |     ^^^^^^^^^^^^^^^^^^^^^^^^^^^^^^

warning: missing documentation for a struct field
   --> src/migration/guide.rs:118:5
    |
118 |     pub name: String,
    |     ^^^^^^^^^^^^^^^^

warning: missing documentation for a struct field
   --> src/migration/guide.rs:119:5
    |
119 |     pub description: String,
    |     ^^^^^^^^^^^^^^^^^^^^^^^

warning: missing documentation for a struct field
   --> src/migration/guide.rs:120:5
    |
120 |     pub completion_criteria: Vec<String>,
    |     ^^^^^^^^^^^^^^^^^^^^^^^^^^^^^^^^^^^^

warning: missing documentation for a struct field
   --> src/migration/guide.rs:121:5
    |
121 |     pub estimated_completion: std::time::Duration,
    |     ^^^^^^^^^^^^^^^^^^^^^^^^^^^^^^^^^^^^^^^^^^^^^

warning: missing documentation for a struct field
   --> src/migration/guide.rs:127:5
    |
127 |     pub overall_risk: RiskLevel,
    |     ^^^^^^^^^^^^^^^^^^^^^^^^^^^

warning: missing documentation for a struct field
   --> src/migration/guide.rs:128:5
    |
128 |     pub risks: Vec<IdentifiedRisk>,
    |     ^^^^^^^^^^^^^^^^^^^^^^^^^^^^^^

warning: missing documentation for a struct field
   --> src/migration/guide.rs:129:5
    |
129 |     pub mitigation_strategies: Vec<MitigationStrategy>,
    |     ^^^^^^^^^^^^^^^^^^^^^^^^^^^^^^^^^^^^^^^^^^^^^^^^^^

warning: missing documentation for a struct field
   --> src/migration/guide.rs:130:5
    |
130 |     pub contingency_plans: Vec<ContingencyPlan>,
    |     ^^^^^^^^^^^^^^^^^^^^^^^^^^^^^^^^^^^^^^^^^^^

warning: missing documentation for a variant
   --> src/migration/guide.rs:136:5
    |
136 |     Low,
    |     ^^^

warning: missing documentation for a variant
   --> src/migration/guide.rs:137:5
    |
137 |     Medium,
    |     ^^^^^^

warning: missing documentation for a variant
   --> src/migration/guide.rs:138:5
    |
138 |     High,
    |     ^^^^

warning: missing documentation for a variant
   --> src/migration/guide.rs:139:5
    |
139 |     Critical,
    |     ^^^^^^^^

warning: missing documentation for a struct field
   --> src/migration/guide.rs:145:5
    |
145 |     pub risk_type: RiskType,
    |     ^^^^^^^^^^^^^^^^^^^^^^^

warning: missing documentation for a struct field
   --> src/migration/guide.rs:146:5
    |
146 |     pub description: String,
    |     ^^^^^^^^^^^^^^^^^^^^^^^

warning: missing documentation for a struct field
   --> src/migration/guide.rs:147:5
    |
147 |     pub probability: f32,
    |     ^^^^^^^^^^^^^^^^^^^^

warning: missing documentation for a struct field
   --> src/migration/guide.rs:148:5
    |
148 |     pub impact: RiskImpact,
    |     ^^^^^^^^^^^^^^^^^^^^^^

warning: missing documentation for a struct field
   --> src/migration/guide.rs:149:5
    |
149 |     pub mitigation: String,
    |     ^^^^^^^^^^^^^^^^^^^^^^

warning: missing documentation for a variant
   --> src/migration/guide.rs:155:5
    |
155 |     DataLoss,
    |     ^^^^^^^^

warning: missing documentation for a variant
   --> src/migration/guide.rs:156:5
    |
156 |     ServiceDowntime,
    |     ^^^^^^^^^^^^^^^

warning: missing documentation for a variant
   --> src/migration/guide.rs:157:5
    |
157 |     ConfigurationLoss,
    |     ^^^^^^^^^^^^^^^^^

warning: missing documentation for a variant
   --> src/migration/guide.rs:158:5
    |
158 |     PerformanceDegradation,
    |     ^^^^^^^^^^^^^^^^^^^^^^

warning: missing documentation for a variant
   --> src/migration/guide.rs:159:5
    |
159 |     CompatibilityIssue,
    |     ^^^^^^^^^^^^^^^^^^

warning: missing documentation for a variant
   --> src/migration/guide.rs:160:5
    |
160 |     UserExperience,
    |     ^^^^^^^^^^^^^^

warning: missing documentation for a variant
   --> src/migration/guide.rs:166:5
    |
166 |     Minimal,
    |     ^^^^^^^

warning: missing documentation for a variant
   --> src/migration/guide.rs:167:5
    |
167 |     Low,
    |     ^^^

warning: missing documentation for a variant
   --> src/migration/guide.rs:168:5
    |
168 |     Medium,
    |     ^^^^^^

warning: missing documentation for a variant
   --> src/migration/guide.rs:169:5
    |
169 |     High,
    |     ^^^^

warning: missing documentation for a variant
   --> src/migration/guide.rs:170:5
    |
170 |     Severe,
    |     ^^^^^^

warning: missing documentation for a struct field
   --> src/migration/guide.rs:176:5
    |
176 |     pub strategy_name: String,
    |     ^^^^^^^^^^^^^^^^^^^^^^^^^

warning: missing documentation for a struct field
   --> src/migration/guide.rs:177:5
    |
177 |     pub description: String,
    |     ^^^^^^^^^^^^^^^^^^^^^^^

warning: missing documentation for a struct field
   --> src/migration/guide.rs:178:5
    |
178 |     pub implementation_steps: Vec<String>,
    |     ^^^^^^^^^^^^^^^^^^^^^^^^^^^^^^^^^^^^^

warning: missing documentation for a struct field
   --> src/migration/guide.rs:179:5
    |
179 |     pub effectiveness: f32,
    |     ^^^^^^^^^^^^^^^^^^^^^^

warning: missing documentation for a struct field
   --> src/migration/guide.rs:185:5
    |
185 |     pub scenario: String,
    |     ^^^^^^^^^^^^^^^^^^^^

warning: missing documentation for a struct field
   --> src/migration/guide.rs:186:5
    |
186 |     pub trigger_conditions: Vec<String>,
    |     ^^^^^^^^^^^^^^^^^^^^^^^^^^^^^^^^^^^

warning: missing documentation for a struct field
   --> src/migration/guide.rs:187:5
    |
187 |     pub response_steps: Vec<String>,
    |     ^^^^^^^^^^^^^^^^^^^^^^^^^^^^^^^

warning: missing documentation for a struct field
   --> src/migration/guide.rs:188:5
    |
188 |     pub recovery_time: std::time::Duration,
    |     ^^^^^^^^^^^^^^^^^^^^^^^^^^^^^^^^^^^^^^

warning: missing documentation for a struct field
  --> src/migration/live_test.rs:21:5
   |
21 |     pub typescript_installation_path: PathBuf,
   |     ^^^^^^^^^^^^^^^^^^^^^^^^^^^^^^^^^^^^^^^^^

warning: missing documentation for a struct field
  --> src/migration/live_test.rs:22:5
   |
22 |     pub test_database_size: TestDatabaseSize,
   |     ^^^^^^^^^^^^^^^^^^^^^^^^^^^^^^^^^^^^^^^^

warning: missing documentation for a struct field
  --> src/migration/live_test.rs:23:5
   |
23 |     pub validation_level: ValidationLevel,
   |     ^^^^^^^^^^^^^^^^^^^^^^^^^^^^^^^^^^^^^

warning: missing documentation for a struct field
  --> src/migration/live_test.rs:24:5
   |
24 |     pub timeout_minutes: u32,
   |     ^^^^^^^^^^^^^^^^^^^^^^^^

warning: missing documentation for a struct field
  --> src/migration/live_test.rs:25:5
   |
25 |     pub enable_performance_profiling: bool,
   |     ^^^^^^^^^^^^^^^^^^^^^^^^^^^^^^^^^^^^^^

warning: missing documentation for a struct field
  --> src/migration/live_test.rs:26:5
   |
26 |     pub create_backup: bool,
   |     ^^^^^^^^^^^^^^^^^^^^^^^

warning: missing documentation for a struct field
  --> src/migration/live_test.rs:27:5
   |
27 |     pub test_scenarios: Vec<TestScenario>,
   |     ^^^^^^^^^^^^^^^^^^^^^^^^^^^^^^^^^^^^^

warning: missing documentation for a variant
  --> src/migration/live_test.rs:33:5
   |
33 |     Small,       // <100 conversations
   |     ^^^^^

warning: missing documentation for a variant
  --> src/migration/live_test.rs:34:5
   |
34 |     Medium,      // 100-1000 conversations
   |     ^^^^^^

warning: missing documentation for a variant
  --> src/migration/live_test.rs:35:5
   |
35 |     Large,       // 1000-10000 conversations
   |     ^^^^^

warning: missing documentation for a variant
  --> src/migration/live_test.rs:36:5
   |
36 |     XLarge,      // >10000 conversations
   |     ^^^^^^

warning: missing documentation for a variant
  --> src/migration/live_test.rs:37:5
   |
37 |     Custom(u64), // Specific conversation count
   |     ^^^^^^

warning: missing documentation for a variant
  --> src/migration/live_test.rs:43:5
   |
43 |     BasicMigration,
   |     ^^^^^^^^^^^^^^

warning: missing documentation for a variant
  --> src/migration/live_test.rs:44:5
   |
44 |     PerformanceStress,
   |     ^^^^^^^^^^^^^^^^^

warning: missing documentation for a variant
  --> src/migration/live_test.rs:45:5
   |
45 |     DataIntegrity,
   |     ^^^^^^^^^^^^^

warning: missing documentation for a variant
  --> src/migration/live_test.rs:46:5
   |
46 |     LargeFileHandling,
   |     ^^^^^^^^^^^^^^^^^

warning: missing documentation for a variant
  --> src/migration/live_test.rs:47:5
   |
47 |     CorruptedDataRecovery,
   |     ^^^^^^^^^^^^^^^^^^^^^

warning: missing documentation for a variant
  --> src/migration/live_test.rs:48:5
   |
48 |     PartialMigrationRecovery,
   |     ^^^^^^^^^^^^^^^^^^^^^^^^

warning: missing documentation for a variant
  --> src/migration/live_test.rs:49:5
   |
49 |     ConcurrentAccess,
   |     ^^^^^^^^^^^^^^^^

warning: missing documentation for a variant
  --> src/migration/live_test.rs:50:5
   |
50 |     MemoryPressure,
   |     ^^^^^^^^^^^^^^

warning: missing documentation for a struct field
  --> src/migration/live_test.rs:56:5
   |
56 |     pub test_id: String,
   |     ^^^^^^^^^^^^^^^^^^^

warning: missing documentation for a struct field
  --> src/migration/live_test.rs:57:5
   |
57 |     pub config: LiveTestConfig,
   |     ^^^^^^^^^^^^^^^^^^^^^^^^^^

warning: missing documentation for a struct field
  --> src/migration/live_test.rs:58:5
   |
58 |     pub started_at: chrono::DateTime<chrono::Utc>,
   |     ^^^^^^^^^^^^^^^^^^^^^^^^^^^^^^^^^^^^^^^^^^^^^

warning: missing documentation for a struct field
  --> src/migration/live_test.rs:59:5
   |
59 |     pub completed_at: Option<chrono::DateTime<chrono::Utc>>,
   |     ^^^^^^^^^^^^^^^^^^^^^^^^^^^^^^^^^^^^^^^^^^^^^^^^^^^^^^^

warning: missing documentation for a struct field
  --> src/migration/live_test.rs:60:5
   |
60 |     pub status: TestStatus,
   |     ^^^^^^^^^^^^^^^^^^^^^^

warning: missing documentation for a struct field
  --> src/migration/live_test.rs:61:5
   |
61 |     pub migration_stats: Option<MigrationStats>,
   |     ^^^^^^^^^^^^^^^^^^^^^^^^^^^^^^^^^^^^^^^^^^^

warning: missing documentation for a struct field
  --> src/migration/live_test.rs:62:5
   |
62 |     pub performance_metrics: PerformanceTestMetrics,
   |     ^^^^^^^^^^^^^^^^^^^^^^^^^^^^^^^^^^^^^^^^^^^^^^^

warning: missing documentation for a struct field
  --> src/migration/live_test.rs:63:5
   |
63 |     pub validation_results: ValidationResults,
   |     ^^^^^^^^^^^^^^^^^^^^^^^^^^^^^^^^^^^^^^^^^

warning: missing documentation for a struct field
  --> src/migration/live_test.rs:64:5
   |
64 |     pub errors: Vec<String>,
   |     ^^^^^^^^^^^^^^^^^^^^^^^

warning: missing documentation for a struct field
  --> src/migration/live_test.rs:65:5
   |
65 |     pub warnings: Vec<String>,
   |     ^^^^^^^^^^^^^^^^^^^^^^^^^

warning: missing documentation for a struct field
  --> src/migration/live_test.rs:66:5
   |
66 |     pub recommendations: Vec<String>,
   |     ^^^^^^^^^^^^^^^^^^^^^^^^^^^^^^^^

warning: missing documentation for a variant
  --> src/migration/live_test.rs:72:5
   |
72 |     NotStarted,
   |     ^^^^^^^^^^

warning: missing documentation for a variant
  --> src/migration/live_test.rs:73:5
   |
73 |     Running,
   |     ^^^^^^^

warning: missing documentation for a variant
  --> src/migration/live_test.rs:74:5
   |
74 |     Completed,
   |     ^^^^^^^^^

warning: missing documentation for a variant
  --> src/migration/live_test.rs:75:5
   |
75 |     Failed,
   |     ^^^^^^

warning: missing documentation for a variant
  --> src/migration/live_test.rs:76:5
   |
76 |     TimedOut,
   |     ^^^^^^^^

warning: missing documentation for a variant
  --> src/migration/live_test.rs:77:5
   |
77 |     Cancelled,
   |     ^^^^^^^^^

warning: missing documentation for a struct field
  --> src/migration/live_test.rs:83:5
   |
83 |     pub total_test_duration_ms: u64,
   |     ^^^^^^^^^^^^^^^^^^^^^^^^^^^^^^^

warning: missing documentation for a struct field
  --> src/migration/live_test.rs:84:5
   |
84 |     pub migration_duration_ms: u64,
   |     ^^^^^^^^^^^^^^^^^^^^^^^^^^^^^^

warning: missing documentation for a struct field
  --> src/migration/live_test.rs:85:5
   |
85 |     pub validation_duration_ms: u64,
   |     ^^^^^^^^^^^^^^^^^^^^^^^^^^^^^^^

warning: missing documentation for a struct field
  --> src/migration/live_test.rs:86:5
   |
86 |     pub peak_memory_usage_mb: u64,
   |     ^^^^^^^^^^^^^^^^^^^^^^^^^^^^^

warning: missing documentation for a struct field
  --> src/migration/live_test.rs:87:5
   |
87 |     pub peak_cpu_usage_percent: f64,
   |     ^^^^^^^^^^^^^^^^^^^^^^^^^^^^^^^

warning: missing documentation for a struct field
  --> src/migration/live_test.rs:88:5
   |
88 |     pub disk_io_read_mb: u64,
   |     ^^^^^^^^^^^^^^^^^^^^^^^^

warning: missing documentation for a struct field
  --> src/migration/live_test.rs:89:5
   |
89 |     pub disk_io_write_mb: u64,
   |     ^^^^^^^^^^^^^^^^^^^^^^^^^

warning: missing documentation for a struct field
  --> src/migration/live_test.rs:90:5
   |
90 |     pub database_file_size_before_mb: u64,
   |     ^^^^^^^^^^^^^^^^^^^^^^^^^^^^^^^^^^^^^

warning: missing documentation for a struct field
  --> src/migration/live_test.rs:91:5
   |
91 |     pub database_file_size_after_mb: u64,
   |     ^^^^^^^^^^^^^^^^^^^^^^^^^^^^^^^^^^^^

warning: missing documentation for a struct field
  --> src/migration/live_test.rs:92:5
   |
92 |     pub throughput_rows_per_second: f64,
   |     ^^^^^^^^^^^^^^^^^^^^^^^^^^^^^^^^^^^

warning: missing documentation for a struct field
  --> src/migration/live_test.rs:93:5
   |
93 |     pub performance_improvement_factor: f64,
   |     ^^^^^^^^^^^^^^^^^^^^^^^^^^^^^^^^^^^^^^^

warning: missing documentation for a struct field
  --> src/migration/live_test.rs:99:5
   |
99 |     pub row_count_validation_passed: bool,
   |     ^^^^^^^^^^^^^^^^^^^^^^^^^^^^^^^^^^^^^

warning: missing documentation for a struct field
   --> src/migration/live_test.rs:100:5
    |
100 |     pub data_integrity_validation_passed: bool,
    |     ^^^^^^^^^^^^^^^^^^^^^^^^^^^^^^^^^^^^^^^^^^

warning: missing documentation for a struct field
   --> src/migration/live_test.rs:101:5
    |
101 |     pub schema_validation_passed: bool,
    |     ^^^^^^^^^^^^^^^^^^^^^^^^^^^^^^^^^^

warning: missing documentation for a struct field
   --> src/migration/live_test.rs:102:5
    |
102 |     pub performance_validation_passed: bool,
    |     ^^^^^^^^^^^^^^^^^^^^^^^^^^^^^^^^^^^^^^^

warning: missing documentation for a struct field
   --> src/migration/live_test.rs:103:5
    |
103 |     pub functional_validation_passed: bool,
    |     ^^^^^^^^^^^^^^^^^^^^^^^^^^^^^^^^^^^^^^

warning: missing documentation for a struct field
   --> src/migration/live_test.rs:104:5
    |
104 |     pub regression_tests_passed: bool,
    |     ^^^^^^^^^^^^^^^^^^^^^^^^^^^^^^^^^

warning: missing documentation for a struct field
   --> src/migration/live_test.rs:105:5
    |
105 |     pub sample_conversations_validated: u32,
    |     ^^^^^^^^^^^^^^^^^^^^^^^^^^^^^^^^^^^^^^^

warning: missing documentation for a struct field
   --> src/migration/live_test.rs:106:5
    |
106 |     pub validation_errors: Vec<String>,
    |     ^^^^^^^^^^^^^^^^^^^^^^^^^^^^^^^^^^

warning: missing documentation for a struct field
   --> src/migration/live_test.rs:107:5
    |
107 |     pub validation_warnings: Vec<String>,
    |     ^^^^^^^^^^^^^^^^^^^^^^^^^^^^^^^^^^^^

warning: missing documentation for a struct field
  --> src/migration/performance.rs:19:5
   |
19 |     pub enable_parallel_processing: bool,
   |     ^^^^^^^^^^^^^^^^^^^^^^^^^^^^^^^^^^^^

warning: missing documentation for a struct field
  --> src/migration/performance.rs:20:5
   |
20 |     pub enable_memory_mapping: bool,
   |     ^^^^^^^^^^^^^^^^^^^^^^^^^^^^^^^

warning: missing documentation for a struct field
  --> src/migration/performance.rs:21:5
   |
21 |     pub enable_batch_optimization: bool,
   |     ^^^^^^^^^^^^^^^^^^^^^^^^^^^^^^^^^^^

warning: missing documentation for a struct field
  --> src/migration/performance.rs:22:5
   |
22 |     pub enable_connection_pooling: bool,
   |     ^^^^^^^^^^^^^^^^^^^^^^^^^^^^^^^^^^^

warning: missing documentation for a struct field
  --> src/migration/performance.rs:23:5
   |
23 |     pub enable_compression: bool,
   |     ^^^^^^^^^^^^^^^^^^^^^^^^^^^^

warning: missing documentation for a struct field
  --> src/migration/performance.rs:24:5
   |
24 |     pub enable_streaming: bool,
   |     ^^^^^^^^^^^^^^^^^^^^^^^^^^

warning: missing documentation for a struct field
  --> src/migration/performance.rs:25:5
   |
25 |     pub target_performance_factor: f64, // Target improvement over TypeScript
   |     ^^^^^^^^^^^^^^^^^^^^^^^^^^^^^^^^^^

warning: missing documentation for a struct field
  --> src/migration/performance.rs:26:5
   |
26 |     pub memory_limit_mb: u32,
   |     ^^^^^^^^^^^^^^^^^^^^^^^^

warning: missing documentation for a struct field
  --> src/migration/performance.rs:27:5
   |
27 |     pub cpu_cores_to_use: u32,
   |     ^^^^^^^^^^^^^^^^^^^^^^^^^

warning: missing documentation for a struct field
  --> src/migration/performance.rs:28:5
   |
28 |     pub disk_io_optimization: DiskIOStrategy,
   |     ^^^^^^^^^^^^^^^^^^^^^^^^^^^^^^^^^^^^^^^^

warning: missing documentation for a struct field
  --> src/migration/performance.rs:29:5
   |
29 |     pub batch_strategy: BatchStrategy,
   |     ^^^^^^^^^^^^^^^^^^^^^^^^^^^^^^^^^

warning: missing documentation for a variant
  --> src/migration/performance.rs:35:5
   |
35 |     Sequential,   // Process data sequentially
   |     ^^^^^^^^^^

warning: missing documentation for a variant
  --> src/migration/performance.rs:36:5
   |
36 |     Parallel,     // Parallel read/write operations
   |     ^^^^^^^^

warning: missing documentation for a variant
  --> src/migration/performance.rs:37:5
   |
37 |     MemoryMapped, // Use memory-mapped files
   |     ^^^^^^^^^^^^

warning: missing documentation for a variant
  --> src/migration/performance.rs:38:5
   |
38 |     Streaming,    // Stream processing
   |     ^^^^^^^^^

warning: missing documentation for a variant
  --> src/migration/performance.rs:39:5
   |
39 |     Adaptive,     // Adapt strategy based on data size
   |     ^^^^^^^^

warning: missing documentation for a variant
  --> src/migration/performance.rs:45:5
   |
45 |     FixedSize(u32),   // Fixed batch size
   |     ^^^^^^^^^

warning: missing documentation for a variant
  --> src/migration/performance.rs:46:5
   |
46 |     MemoryBased(u32), // Based on memory usage
   |     ^^^^^^^^^^^

warning: missing documentation for a variant
  --> src/migration/performance.rs:47:5
   |
47 |     AdaptiveSize,     // Adapt based on performance
   |     ^^^^^^^^^^^^

warning: missing documentation for a variant
  --> src/migration/performance.rs:48:5
   |
48 |     CPUBased,         // Based on CPU utilization
   |     ^^^^^^^^

warning: missing documentation for a variant
  --> src/migration/performance.rs:49:5
   |
49 |     HybridOptimal,    // Optimal hybrid approach
   |     ^^^^^^^^^^^^^

warning: missing documentation for a struct field
  --> src/migration/performance.rs:55:5
   |
55 |     pub start_time: Option<std::time::SystemTime>,
   |     ^^^^^^^^^^^^^^^^^^^^^^^^^^^^^^^^^^^^^^^^^^^^^

warning: missing documentation for a struct field
  --> src/migration/performance.rs:56:5
   |
56 |     pub operations_completed: AtomicU64,
   |     ^^^^^^^^^^^^^^^^^^^^^^^^^^^^^^^^^^^

warning: missing documentation for a struct field
  --> src/migration/performance.rs:57:5
   |
57 |     pub bytes_processed: AtomicU64,
   |     ^^^^^^^^^^^^^^^^^^^^^^^^^^^^^^

warning: missing documentation for a struct field
  --> src/migration/performance.rs:58:5
   |
58 |     pub current_memory_usage_mb: AtomicU64,
   |     ^^^^^^^^^^^^^^^^^^^^^^^^^^^^^^^^^^^^^^

warning: missing documentation for a struct field
  --> src/migration/performance.rs:59:5
   |
59 |     pub peak_memory_usage_mb: AtomicU64,
   |     ^^^^^^^^^^^^^^^^^^^^^^^^^^^^^^^^^^^

warning: missing documentation for a struct field
  --> src/migration/performance.rs:60:5
   |
60 |     pub cpu_usage_percent: AtomicU64,
   |     ^^^^^^^^^^^^^^^^^^^^^^^^^^^^^^^^

warning: missing documentation for a struct field
  --> src/migration/performance.rs:61:5
   |
61 |     pub disk_read_mb_per_sec: AtomicU64,
   |     ^^^^^^^^^^^^^^^^^^^^^^^^^^^^^^^^^^^

warning: missing documentation for a struct field
  --> src/migration/performance.rs:62:5
   |
62 |     pub disk_write_mb_per_sec: AtomicU64,
   |     ^^^^^^^^^^^^^^^^^^^^^^^^^^^^^^^^^^^^

warning: missing documentation for a struct field
  --> src/migration/performance.rs:63:5
   |
63 |     pub operations_per_second: AtomicU64,
   |     ^^^^^^^^^^^^^^^^^^^^^^^^^^^^^^^^^^^^

warning: missing documentation for a struct field
  --> src/migration/performance.rs:64:5
   |
64 |     pub error_count: AtomicU64,
   |     ^^^^^^^^^^^^^^^^^^^^^^^^^^

warning: missing documentation for a struct field
  --> src/migration/performance.rs:65:5
   |
65 |     pub is_monitoring: AtomicBool,
   |     ^^^^^^^^^^^^^^^^^^^^^^^^^^^^^

warning: missing documentation for a struct field
  --> src/migration/performance.rs:71:5
   |
71 |     pub performance_improvement_factor: f64,
   |     ^^^^^^^^^^^^^^^^^^^^^^^^^^^^^^^^^^^^^^^

warning: missing documentation for a struct field
  --> src/migration/performance.rs:72:5
   |
72 |     pub memory_efficiency_score: f64,
   |     ^^^^^^^^^^^^^^^^^^^^^^^^^^^^^^^^

warning: missing documentation for a struct field
  --> src/migration/performance.rs:73:5
   |
73 |     pub cpu_utilization_score: f64,
   |     ^^^^^^^^^^^^^^^^^^^^^^^^^^^^^^

warning: missing documentation for a struct field
  --> src/migration/performance.rs:74:5
   |
74 |     pub disk_io_efficiency_score: f64,
   |     ^^^^^^^^^^^^^^^^^^^^^^^^^^^^^^^^^

warning: missing documentation for a struct field
  --> src/migration/performance.rs:75:5
   |
75 |     pub overall_optimization_score: f64,
   |     ^^^^^^^^^^^^^^^^^^^^^^^^^^^^^^^^^^^

warning: missing documentation for a struct field
  --> src/migration/performance.rs:76:5
   |
76 |     pub bottlenecks_identified: Vec<PerformanceBottleneck>,
   |     ^^^^^^^^^^^^^^^^^^^^^^^^^^^^^^^^^^^^^^^^^^^^^^^^^^^^^^

warning: missing documentation for a struct field
  --> src/migration/performance.rs:77:5
   |
77 |     pub recommendations: Vec<OptimizationRecommendation>,
   |     ^^^^^^^^^^^^^^^^^^^^^^^^^^^^^^^^^^^^^^^^^^^^^^^^^^^^

warning: missing documentation for a struct field
  --> src/migration/performance.rs:78:5
   |
78 |     pub benchmark_comparison: BenchmarkComparison,
   |     ^^^^^^^^^^^^^^^^^^^^^^^^^^^^^^^^^^^^^^^^^^^^^

warning: missing documentation for a struct field
  --> src/migration/performance.rs:84:5
   |
84 |     pub bottleneck_type: BottleneckType,
   |     ^^^^^^^^^^^^^^^^^^^^^^^^^^^^^^^^^^^

warning: missing documentation for a struct field
  --> src/migration/performance.rs:85:5
   |
85 |     pub severity: BottleneckSeverity,
   |     ^^^^^^^^^^^^^^^^^^^^^^^^^^^^^^^^

warning: missing documentation for a struct field
  --> src/migration/performance.rs:86:5
   |
86 |     pub description: String,
   |     ^^^^^^^^^^^^^^^^^^^^^^^

warning: missing documentation for a struct field
  --> src/migration/performance.rs:87:5
   |
87 |     pub impact_on_performance: f64,
   |     ^^^^^^^^^^^^^^^^^^^^^^^^^^^^^^

warning: missing documentation for a struct field
  --> src/migration/performance.rs:88:5
   |
88 |     pub suggested_solution: String,
   |     ^^^^^^^^^^^^^^^^^^^^^^^^^^^^^^

warning: missing documentation for a variant
  --> src/migration/performance.rs:94:5
   |
94 |     Memory,
   |     ^^^^^^

warning: missing documentation for a variant
  --> src/migration/performance.rs:95:5
   |
95 |     CPU,
   |     ^^^

warning: missing documentation for a variant
  --> src/migration/performance.rs:96:5
   |
96 |     DiskIO,
   |     ^^^^^^

warning: missing documentation for a variant
  --> src/migration/performance.rs:97:5
   |
97 |     Database,
   |     ^^^^^^^^

warning: missing documentation for a variant
  --> src/migration/performance.rs:98:5
   |
98 |     Network,
   |     ^^^^^^^

warning: missing documentation for a variant
  --> src/migration/performance.rs:99:5
   |
99 |     Algorithm,
   |     ^^^^^^^^^

warning: missing documentation for a variant
   --> src/migration/performance.rs:100:5
    |
100 |     Concurrency,
    |     ^^^^^^^^^^^

warning: missing documentation for a variant
   --> src/migration/performance.rs:106:5
    |
106 |     Low,
    |     ^^^

warning: missing documentation for a variant
   --> src/migration/performance.rs:107:5
    |
107 |     Medium,
    |     ^^^^^^

warning: missing documentation for a variant
   --> src/migration/performance.rs:108:5
    |
108 |     High,
    |     ^^^^

warning: missing documentation for a variant
   --> src/migration/performance.rs:109:5
    |
109 |     Critical,
    |     ^^^^^^^^

warning: missing documentation for a struct field
   --> src/migration/performance.rs:115:5
    |
115 |     pub category: OptimizationCategory,
    |     ^^^^^^^^^^^^^^^^^^^^^^^^^^^^^^^^^^

warning: missing documentation for a struct field
   --> src/migration/performance.rs:116:5
    |
116 |     pub priority: RecommendationPriority,
    |     ^^^^^^^^^^^^^^^^^^^^^^^^^^^^^^^^^^^^

warning: missing documentation for a struct field
   --> src/migration/performance.rs:117:5
    |
117 |     pub description: String,
    |     ^^^^^^^^^^^^^^^^^^^^^^^

warning: missing documentation for a struct field
   --> src/migration/performance.rs:118:5
    |
118 |     pub expected_improvement: f64,
    |     ^^^^^^^^^^^^^^^^^^^^^^^^^^^^^

warning: missing documentation for a struct field
   --> src/migration/performance.rs:119:5
    |
119 |     pub implementation_effort: ImplementationEffort,
    |     ^^^^^^^^^^^^^^^^^^^^^^^^^^^^^^^^^^^^^^^^^^^^^^^

warning: missing documentation for a variant
   --> src/migration/performance.rs:125:5
    |
125 |     BatchSize,
    |     ^^^^^^^^^

warning: missing documentation for a variant
   --> src/migration/performance.rs:126:5
    |
126 |     MemoryUsage,
    |     ^^^^^^^^^^^

warning: missing documentation for a variant
   --> src/migration/performance.rs:127:5
    |
127 |     ParallelProcessing,
    |     ^^^^^^^^^^^^^^^^^^

warning: missing documentation for a variant
   --> src/migration/performance.rs:128:5
    |
128 |     DatabaseConnections,
    |     ^^^^^^^^^^^^^^^^^^^

warning: missing documentation for a variant
   --> src/migration/performance.rs:129:5
    |
129 |     CompressionStrategy,
    |     ^^^^^^^^^^^^^^^^^^^

warning: missing documentation for a variant
   --> src/migration/performance.rs:130:5
    |
130 |     CachingStrategy,
    |     ^^^^^^^^^^^^^^^

warning: missing documentation for a variant
   --> src/migration/performance.rs:131:5
    |
131 |     AlgorithmOptimization,
    |     ^^^^^^^^^^^^^^^^^^^^^

warning: missing documentation for a variant
   --> src/migration/performance.rs:137:5
    |
137 |     Low,
    |     ^^^

warning: missing documentation for a variant
   --> src/migration/performance.rs:138:5
    |
138 |     Medium,
    |     ^^^^^^

warning: missing documentation for a variant
   --> src/migration/performance.rs:139:5
    |
139 |     High,
    |     ^^^^

warning: missing documentation for a variant
   --> src/migration/performance.rs:140:5
    |
140 |     Critical,
    |     ^^^^^^^^

warning: missing documentation for a variant
   --> src/migration/performance.rs:146:5
    |
146 |     Minimal, // Configuration change
    |     ^^^^^^^

warning: missing documentation for a variant
   --> src/migration/performance.rs:147:5
    |
147 |     Low,     // Small code changes
    |     ^^^

warning: missing documentation for a variant
   --> src/migration/performance.rs:148:5
    |
148 |     Medium,  // Moderate refactoring
    |     ^^^^^^

warning: missing documentation for a variant
   --> src/migration/performance.rs:149:5
    |
149 |     High,    // Significant changes
    |     ^^^^

warning: missing documentation for a variant
   --> src/migration/performance.rs:150:5
    |
150 |     Major,   // Architecture changes
    |     ^^^^^

warning: missing documentation for a struct field
   --> src/migration/performance.rs:156:5
    |
156 |     pub typescript_baseline_ms: u64,
    |     ^^^^^^^^^^^^^^^^^^^^^^^^^^^^^^^

warning: missing documentation for a struct field
   --> src/migration/performance.rs:157:5
    |
157 |     pub rust_optimized_ms: u64,
    |     ^^^^^^^^^^^^^^^^^^^^^^^^^^

warning: missing documentation for a struct field
   --> src/migration/performance.rs:158:5
    |
158 |     pub improvement_factor: f64,
    |     ^^^^^^^^^^^^^^^^^^^^^^^^^^^

warning: missing documentation for a struct field
   --> src/migration/performance.rs:159:5
    |
159 |     pub memory_comparison: MemoryComparison,
    |     ^^^^^^^^^^^^^^^^^^^^^^^^^^^^^^^^^^^^^^^

warning: missing documentation for a struct field
   --> src/migration/performance.rs:160:5
    |
160 |     pub cpu_comparison: CPUComparison,
    |     ^^^^^^^^^^^^^^^^^^^^^^^^^^^^^^^^^

warning: missing documentation for a struct field
   --> src/migration/performance.rs:161:5
    |
161 |     pub meets_target_performance: bool,
    |     ^^^^^^^^^^^^^^^^^^^^^^^^^^^^^^^^^^

warning: missing documentation for a struct field
   --> src/migration/performance.rs:167:5
    |
167 |     pub typescript_peak_mb: u64,
    |     ^^^^^^^^^^^^^^^^^^^^^^^^^^^

warning: missing documentation for a struct field
   --> src/migration/performance.rs:168:5
    |
168 |     pub rust_peak_mb: u64,
    |     ^^^^^^^^^^^^^^^^^^^^^

warning: missing documentation for a struct field
   --> src/migration/performance.rs:169:5
    |
169 |     pub memory_efficiency_improvement: f64,
    |     ^^^^^^^^^^^^^^^^^^^^^^^^^^^^^^^^^^^^^^

warning: missing documentation for a struct field
   --> src/migration/performance.rs:175:5
    |
175 |     pub typescript_avg_cpu_percent: f64,
    |     ^^^^^^^^^^^^^^^^^^^^^^^^^^^^^^^^^^^

warning: missing documentation for a struct field
   --> src/migration/performance.rs:176:5
    |
176 |     pub rust_avg_cpu_percent: f64,
    |     ^^^^^^^^^^^^^^^^^^^^^^^^^^^^^

warning: missing documentation for a struct field
   --> src/migration/performance.rs:177:5
    |
177 |     pub cpu_efficiency_improvement: f64,
    |     ^^^^^^^^^^^^^^^^^^^^^^^^^^^^^^^^^^^

warning: missing documentation for a struct field
  --> src/migration/rollback.rs:17:5
   |
17 |     pub success: bool,
   |     ^^^^^^^^^^^^^^^^^

warning: missing documentation for a struct field
  --> src/migration/rollback.rs:18:5
   |
18 |     pub phase: RollbackPhase,
   |     ^^^^^^^^^^^^^^^^^^^^^^^^

warning: missing documentation for a struct field
  --> src/migration/rollback.rs:19:5
   |
19 |     pub operations: Vec<RollbackOperation>,
   |     ^^^^^^^^^^^^^^^^^^^^^^^^^^^^^^^^^^^^^^

warning: missing documentation for a struct field
  --> src/migration/rollback.rs:20:5
   |
20 |     pub restored_files: Vec<PathBuf>,
   |     ^^^^^^^^^^^^^^^^^^^^^^^^^^^^^^^^

warning: missing documentation for a struct field
  --> src/migration/rollback.rs:21:5
   |
21 |     pub errors: Vec<String>,
   |     ^^^^^^^^^^^^^^^^^^^^^^^

warning: missing documentation for a struct field
  --> src/migration/rollback.rs:22:5
   |
22 |     pub warnings: Vec<String>,
   |     ^^^^^^^^^^^^^^^^^^^^^^^^^

warning: missing documentation for a struct field
  --> src/migration/rollback.rs:23:5
   |
23 |     pub duration: std::time::Duration,
   |     ^^^^^^^^^^^^^^^^^^^^^^^^^^^^^^^^^

warning: missing documentation for a variant
  --> src/migration/rollback.rs:29:5
   |
29 |     Preparing,
   |     ^^^^^^^^^

warning: missing documentation for a variant
  --> src/migration/rollback.rs:30:5
   |
30 |     RestoringDatabase,
   |     ^^^^^^^^^^^^^^^^^

warning: missing documentation for a variant
  --> src/migration/rollback.rs:31:5
   |
31 |     RestoringConfiguration,
   |     ^^^^^^^^^^^^^^^^^^^^^^

warning: missing documentation for a variant
  --> src/migration/rollback.rs:32:5
   |
32 |     RestoringFiles,
   |     ^^^^^^^^^^^^^^

warning: missing documentation for a variant
  --> src/migration/rollback.rs:33:5
   |
33 |     CleaningUp,
   |     ^^^^^^^^^^

warning: missing documentation for a variant
  --> src/migration/rollback.rs:34:5
   |
34 |     Completed,
   |     ^^^^^^^^^

warning: missing documentation for a variant
  --> src/migration/rollback.rs:35:5
   |
35 |     Failed,
   |     ^^^^^^

warning: missing documentation for a struct field
  --> src/migration/rollback.rs:41:5
   |
41 |     pub operation_type: RollbackOperationType,
   |     ^^^^^^^^^^^^^^^^^^^^^^^^^^^^^^^^^^^^^^^^^

warning: missing documentation for a struct field
  --> src/migration/rollback.rs:42:5
   |
42 |     pub source_path: PathBuf,
   |     ^^^^^^^^^^^^^^^^^^^^^^^^

warning: missing documentation for a struct field
  --> src/migration/rollback.rs:43:5
   |
43 |     pub target_path: PathBuf,
   |     ^^^^^^^^^^^^^^^^^^^^^^^^

warning: missing documentation for a struct field
  --> src/migration/rollback.rs:44:5
   |
44 |     pub status: OperationStatus,
   |     ^^^^^^^^^^^^^^^^^^^^^^^^^^^

warning: missing documentation for a struct field
  --> src/migration/rollback.rs:45:5
   |
45 |     pub details: String,
   |     ^^^^^^^^^^^^^^^^^^^

warning: missing documentation for a struct field
  --> src/migration/rollback.rs:46:5
   |
46 |     pub timestamp: DateTime<Utc>,
   |     ^^^^^^^^^^^^^^^^^^^^^^^^^^^^

warning: missing documentation for a variant
  --> src/migration/rollback.rs:52:5
   |
52 |     FileRestore,
   |     ^^^^^^^^^^^

warning: missing documentation for a variant
  --> src/migration/rollback.rs:53:5
   |
53 |     DatabaseRestore,
   |     ^^^^^^^^^^^^^^^

warning: missing documentation for a variant
  --> src/migration/rollback.rs:54:5
   |
54 |     ConfigurationRestore,
   |     ^^^^^^^^^^^^^^^^^^^^

warning: missing documentation for a variant
  --> src/migration/rollback.rs:55:5
   |
55 |     DirectoryRemoval,
   |     ^^^^^^^^^^^^^^^^

warning: missing documentation for a variant
  --> src/migration/rollback.rs:56:5
   |
56 |     PermissionRestore,
   |     ^^^^^^^^^^^^^^^^^

warning: missing documentation for a variant
  --> src/migration/rollback.rs:57:5
   |
57 |     SymlinkRestore,
   |     ^^^^^^^^^^^^^^

warning: missing documentation for a variant
  --> src/migration/rollback.rs:63:5
   |
63 |     Pending,
   |     ^^^^^^^

warning: missing documentation for a variant
  --> src/migration/rollback.rs:64:5
   |
64 |     InProgress,
   |     ^^^^^^^^^^

warning: missing documentation for a variant
  --> src/migration/rollback.rs:65:5
   |
65 |     Completed,
   |     ^^^^^^^^^

warning: missing documentation for a variant
  --> src/migration/rollback.rs:66:5
   |
66 |     Failed,
   |     ^^^^^^

warning: missing documentation for a variant
  --> src/migration/rollback.rs:67:5
   |
67 |     Skipped,
   |     ^^^^^^^

warning: missing documentation for a struct field
  --> src/migration/rollback.rs:73:5
   |
73 |     pub migration_id: String,
   |     ^^^^^^^^^^^^^^^^^^^^^^^^

warning: missing documentation for a struct field
  --> src/migration/rollback.rs:74:5
   |
74 |     pub created_at: DateTime<Utc>,
   |     ^^^^^^^^^^^^^^^^^^^^^^^^^^^^^

warning: missing documentation for a struct field
  --> src/migration/rollback.rs:75:5
   |
75 |     pub backup_locations: HashMap<String, PathBuf>,
   |     ^^^^^^^^^^^^^^^^^^^^^^^^^^^^^^^^^^^^^^^^^^^^^^

warning: missing documentation for a struct field
  --> src/migration/rollback.rs:76:5
   |
76 |     pub original_permissions: HashMap<PathBuf, u32>,
   |     ^^^^^^^^^^^^^^^^^^^^^^^^^^^^^^^^^^^^^^^^^^^^^^^

warning: missing documentation for a struct field
  --> src/migration/rollback.rs:77:5
   |
77 |     pub operations: Vec<PlannedRollbackOperation>,
   |     ^^^^^^^^^^^^^^^^^^^^^^^^^^^^^^^^^^^^^^^^^^^^^

warning: missing documentation for a struct field
  --> src/migration/rollback.rs:78:5
   |
78 |     pub dependencies: Vec<RollbackDependency>,
   |     ^^^^^^^^^^^^^^^^^^^^^^^^^^^^^^^^^^^^^^^^^

warning: missing documentation for a struct field
  --> src/migration/rollback.rs:79:5
   |
79 |     pub verification_steps: Vec<VerificationStep>,
   |     ^^^^^^^^^^^^^^^^^^^^^^^^^^^^^^^^^^^^^^^^^^^^^

warning: missing documentation for a struct field
  --> src/migration/rollback.rs:85:5
   |
85 |     pub id: String,
   |     ^^^^^^^^^^^^^^

warning: missing documentation for a struct field
  --> src/migration/rollback.rs:86:5
   |
86 |     pub operation_type: RollbackOperationType,
   |     ^^^^^^^^^^^^^^^^^^^^^^^^^^^^^^^^^^^^^^^^^

warning: missing documentation for a struct field
  --> src/migration/rollback.rs:87:5
   |
87 |     pub priority: u32,
   |     ^^^^^^^^^^^^^^^^^

warning: missing documentation for a struct field
  --> src/migration/rollback.rs:88:5
   |
88 |     pub backup_path: PathBuf,
   |     ^^^^^^^^^^^^^^^^^^^^^^^^

warning: missing documentation for a struct field
  --> src/migration/rollback.rs:89:5
   |
89 |     pub restore_path: PathBuf,
   |     ^^^^^^^^^^^^^^^^^^^^^^^^^

warning: missing documentation for a struct field
  --> src/migration/rollback.rs:90:5
   |
90 |     pub preconditions: Vec<String>,
   |     ^^^^^^^^^^^^^^^^^^^^^^^^^^^^^^

warning: missing documentation for a struct field
  --> src/migration/rollback.rs:91:5
   |
91 |     pub postconditions: Vec<String>,
   |     ^^^^^^^^^^^^^^^^^^^^^^^^^^^^^^^

warning: missing documentation for a struct field
  --> src/migration/rollback.rs:97:5
   |
97 |     pub operation_id: String,
   |     ^^^^^^^^^^^^^^^^^^^^^^^^

warning: missing documentation for a struct field
  --> src/migration/rollback.rs:98:5
   |
98 |     pub depends_on: String,
   |     ^^^^^^^^^^^^^^^^^^^^^^

warning: missing documentation for a struct field
  --> src/migration/rollback.rs:99:5
   |
99 |     pub dependency_type: DependencyType,
   |     ^^^^^^^^^^^^^^^^^^^^^^^^^^^^^^^^^^^

warning: missing documentation for a variant
   --> src/migration/rollback.rs:105:5
    |
105 |     MustCompleteBefore,
    |     ^^^^^^^^^^^^^^^^^^

warning: missing documentation for a variant
   --> src/migration/rollback.rs:106:5
    |
106 |     MustCompleteAfter,
    |     ^^^^^^^^^^^^^^^^^

warning: missing documentation for a variant
   --> src/migration/rollback.rs:107:5
    |
107 |     ConditionalDependency,
    |     ^^^^^^^^^^^^^^^^^^^^^

warning: missing documentation for a struct field
   --> src/migration/rollback.rs:113:5
    |
113 |     pub name: String,
    |     ^^^^^^^^^^^^^^^^

warning: missing documentation for a struct field
   --> src/migration/rollback.rs:114:5
    |
114 |     pub description: String,
    |     ^^^^^^^^^^^^^^^^^^^^^^^

warning: missing documentation for a struct field
   --> src/migration/rollback.rs:115:5
    |
115 |     pub verification_type: VerificationType,
    |     ^^^^^^^^^^^^^^^^^^^^^^^^^^^^^^^^^^^^^^^

warning: missing documentation for a struct field
   --> src/migration/rollback.rs:116:5
    |
116 |     pub expected_result: String,
    |     ^^^^^^^^^^^^^^^^^^^^^^^^^^^

warning: missing documentation for a variant
   --> src/migration/rollback.rs:122:5
    |
122 |     FileExists,
    |     ^^^^^^^^^^

warning: missing documentation for a variant
   --> src/migration/rollback.rs:123:5
    |
123 |     FileContentsMatch,
    |     ^^^^^^^^^^^^^^^^^

warning: missing documentation for a variant
   --> src/migration/rollback.rs:124:5
    |
124 |     DatabaseAccessible,
    |     ^^^^^^^^^^^^^^^^^^

warning: missing documentation for a variant
   --> src/migration/rollback.rs:125:5
    |
125 |     ConfigurationValid,
    |     ^^^^^^^^^^^^^^^^^^

warning: missing documentation for a variant
   --> src/migration/rollback.rs:126:5
    |
126 |     PermissionsCorrect,
    |     ^^^^^^^^^^^^^^^^^^

warning: missing documentation for a struct field
  --> src/migration/ui.rs:31:5
   |
31 |     pub enable_progress_bars: bool,
   |     ^^^^^^^^^^^^^^^^^^^^^^^^^^^^^^

warning: missing documentation for a struct field
  --> src/migration/ui.rs:32:5
   |
32 |     pub enable_colors: bool,
   |     ^^^^^^^^^^^^^^^^^^^^^^^

warning: missing documentation for a struct field
  --> src/migration/ui.rs:33:5
   |
33 |     pub enable_animations: bool,
   |     ^^^^^^^^^^^^^^^^^^^^^^^^^^^

warning: missing documentation for a struct field
  --> src/migration/ui.rs:34:5
   |
34 |     pub enable_detailed_logging: bool,
   |     ^^^^^^^^^^^^^^^^^^^^^^^^^^^^^^^^^

warning: missing documentation for a struct field
  --> src/migration/ui.rs:35:5
   |
35 |     pub enable_interactive_mode: bool,
   |     ^^^^^^^^^^^^^^^^^^^^^^^^^^^^^^^^^

warning: missing documentation for a struct field
  --> src/migration/ui.rs:36:5
   |
36 |     pub auto_scroll: bool,
   |     ^^^^^^^^^^^^^^^^^^^^^

warning: missing documentation for a struct field
  --> src/migration/ui.rs:37:5
   |
37 |     pub refresh_rate_ms: u64,
   |     ^^^^^^^^^^^^^^^^^^^^^^^^

warning: missing documentation for a struct field
  --> src/migration/ui.rs:38:5
   |
38 |     pub theme: UITheme,
   |     ^^^^^^^^^^^^^^^^^^

warning: missing documentation for a variant
  --> src/migration/ui.rs:44:5
   |
44 |     Default,
   |     ^^^^^^^

warning: missing documentation for a variant
  --> src/migration/ui.rs:45:5
   |
45 |     Dark,
   |     ^^^^

warning: missing documentation for a variant
  --> src/migration/ui.rs:46:5
   |
46 |     Light,
   |     ^^^^^

warning: missing documentation for a variant
  --> src/migration/ui.rs:47:5
   |
47 |     Professional,
   |     ^^^^^^^^^^^^

warning: missing documentation for a variant
  --> src/migration/ui.rs:48:5
   |
48 |     Minimal,
   |     ^^^^^^^

warning: missing documentation for a variant
  --> src/migration/ui.rs:65:5
   |
65 |     Welcome,
   |     ^^^^^^^

warning: missing documentation for a variant
  --> src/migration/ui.rs:66:5
   |
66 |     SourceSelection,
   |     ^^^^^^^^^^^^^^^

warning: missing documentation for a variant
  --> src/migration/ui.rs:67:5
   |
67 |     MigrationTypeSelection,
   |     ^^^^^^^^^^^^^^^^^^^^^^

warning: missing documentation for a variant
  --> src/migration/ui.rs:68:5
   |
68 |     ValidationLevelSelection,
   |     ^^^^^^^^^^^^^^^^^^^^^^^^

warning: missing documentation for a variant
  --> src/migration/ui.rs:69:5
   |
69 |     AdvancedOptions,
   |     ^^^^^^^^^^^^^^^

warning: missing documentation for a variant
  --> src/migration/ui.rs:70:5
   |
70 |     PreMigrationCheck,
   |     ^^^^^^^^^^^^^^^^^

warning: missing documentation for a variant
  --> src/migration/ui.rs:71:5
   |
71 |     MigrationExecution,
   |     ^^^^^^^^^^^^^^^^^^

warning: missing documentation for a variant
  --> src/migration/ui.rs:72:5
   |
72 |     PostMigrationValidation,
   |     ^^^^^^^^^^^^^^^^^^^^^^^

warning: missing documentation for a variant
  --> src/migration/ui.rs:73:5
   |
73 |     CompletionSummary,
   |     ^^^^^^^^^^^^^^^^^

warning: missing documentation for a struct field
  --> src/migration/ui.rs:79:5
   |
79 |     pub source_path: Option<std::path::PathBuf>,
   |     ^^^^^^^^^^^^^^^^^^^^^^^^^^^^^^^^^^^^^^^^^^^

warning: missing documentation for a struct field
  --> src/migration/ui.rs:80:5
   |
80 |     pub backup_path: Option<std::path::PathBuf>,
   |     ^^^^^^^^^^^^^^^^^^^^^^^^^^^^^^^^^^^^^^^^^^^

warning: missing documentation for a struct field
  --> src/migration/ui.rs:81:5
   |
81 |     pub migration_type: Option<MigrationType>,
   |     ^^^^^^^^^^^^^^^^^^^^^^^^^^^^^^^^^^^^^^^^^

warning: missing documentation for a struct field
  --> src/migration/ui.rs:82:5
   |
82 |     pub validation_level: Option<ValidationLevel>,
   |     ^^^^^^^^^^^^^^^^^^^^^^^^^^^^^^^^^^^^^^^^^^^^^

warning: missing documentation for a struct field
  --> src/migration/ui.rs:83:5
   |
83 |     pub preserve_original: bool,
   |     ^^^^^^^^^^^^^^^^^^^^^^^^^^^

warning: missing documentation for a struct field
  --> src/migration/ui.rs:84:5
   |
84 |     pub enable_compression: bool,
   |     ^^^^^^^^^^^^^^^^^^^^^^^^^^^^

warning: missing documentation for a struct field
  --> src/migration/ui.rs:85:5
   |
85 |     pub batch_size: Option<u32>,
   |     ^^^^^^^^^^^^^^^^^^^^^^^^^^^

warning: missing documentation for a struct field
  --> src/migration/ui.rs:86:5
   |
86 |     pub parallel_processing: bool,
   |     ^^^^^^^^^^^^^^^^^^^^^^^^^^^^^

warning: missing documentation for a struct field
  --> src/migration/ui.rs:92:5
   |
92 |     pub phase: MigrationPhase,
   |     ^^^^^^^^^^^^^^^^^^^^^^^^^

warning: missing documentation for a struct field
  --> src/migration/ui.rs:93:5
   |
93 |     pub phase_progress: f64,
   |     ^^^^^^^^^^^^^^^^^^^^^^^

warning: missing documentation for a struct field
  --> src/migration/ui.rs:94:5
   |
94 |     pub overall_progress: f64,
   |     ^^^^^^^^^^^^^^^^^^^^^^^^^

warning: missing documentation for a struct field
  --> src/migration/ui.rs:95:5
   |
95 |     pub current_operation: String,
   |     ^^^^^^^^^^^^^^^^^^^^^^^^^^^^^

warning: missing documentation for a struct field
  --> src/migration/ui.rs:96:5
   |
96 |     pub rows_processed: u64,
   |     ^^^^^^^^^^^^^^^^^^^^^^^

warning: missing documentation for a struct field
  --> src/migration/ui.rs:97:5
   |
97 |     pub total_rows: u64,
   |     ^^^^^^^^^^^^^^^^^^^

warning: missing documentation for a struct field
  --> src/migration/ui.rs:98:5
   |
98 |     pub estimated_time_remaining: Option<Duration>,
   |     ^^^^^^^^^^^^^^^^^^^^^^^^^^^^^^^^^^^^^^^^^^^^^^

warning: missing documentation for a struct field
  --> src/migration/ui.rs:99:5
   |
99 |     pub speed_rows_per_sec: f64,
   |     ^^^^^^^^^^^^^^^^^^^^^^^^^^^

warning: missing documentation for a struct field
   --> src/migration/ui.rs:116:5
    |
116 |     pub timestamp: chrono::DateTime<chrono::Utc>,
    |     ^^^^^^^^^^^^^^^^^^^^^^^^^^^^^^^^^^^^^^^^^^^^

warning: missing documentation for a struct field
   --> src/migration/ui.rs:117:5
    |
117 |     pub level: MessageLevel,
    |     ^^^^^^^^^^^^^^^^^^^^^^^

warning: missing documentation for a struct field
   --> src/migration/ui.rs:118:5
    |
118 |     pub message: String,
    |     ^^^^^^^^^^^^^^^^^^^

warning: missing documentation for a struct field
   --> src/migration/ui.rs:119:5
    |
119 |     pub details: Option<String>,
    |     ^^^^^^^^^^^^^^^^^^^^^^^^^^^

warning: missing documentation for a variant
   --> src/migration/ui.rs:125:5
    |
125 |     Info,
    |     ^^^^

warning: missing documentation for a variant
   --> src/migration/ui.rs:126:5
    |
126 |     Success,
    |     ^^^^^^^

warning: missing documentation for a variant
   --> src/migration/ui.rs:127:5
    |
127 |     Warning,
    |     ^^^^^^^

warning: missing documentation for a variant
   --> src/migration/ui.rs:128:5
    |
128 |     Error,
    |     ^^^^^

warning: missing documentation for a variant
   --> src/migration/ui.rs:129:5
    |
129 |     Debug,
    |     ^^^^^

warning: missing documentation for a struct field
  --> src/migration/validation_suite.rs:18:5
   |
18 |     pub validation_level: ValidationLevel,
   |     ^^^^^^^^^^^^^^^^^^^^^^^^^^^^^^^^^^^^^

warning: missing documentation for a struct field
  --> src/migration/validation_suite.rs:19:5
   |
19 |     pub enable_performance_validation: bool,
   |     ^^^^^^^^^^^^^^^^^^^^^^^^^^^^^^^^^^^^^^^

warning: missing documentation for a struct field
  --> src/migration/validation_suite.rs:20:5
   |
20 |     pub enable_data_integrity_validation: bool,
   |     ^^^^^^^^^^^^^^^^^^^^^^^^^^^^^^^^^^^^^^^^^^

warning: missing documentation for a struct field
  --> src/migration/validation_suite.rs:21:5
   |
21 |     pub enable_schema_validation: bool,
   |     ^^^^^^^^^^^^^^^^^^^^^^^^^^^^^^^^^^

warning: missing documentation for a struct field
  --> src/migration/validation_suite.rs:22:5
   |
22 |     pub enable_functional_validation: bool,
   |     ^^^^^^^^^^^^^^^^^^^^^^^^^^^^^^^^^^^^^^

warning: missing documentation for a struct field
  --> src/migration/validation_suite.rs:23:5
   |
23 |     pub enable_regression_testing: bool,
   |     ^^^^^^^^^^^^^^^^^^^^^^^^^^^^^^^^^^^

warning: missing documentation for a struct field
  --> src/migration/validation_suite.rs:24:5
   |
24 |     pub sample_size_percentage: f64,
   |     ^^^^^^^^^^^^^^^^^^^^^^^^^^^^^^^

warning: missing documentation for a struct field
  --> src/migration/validation_suite.rs:25:5
   |
25 |     pub performance_threshold_factor: f64,
   |     ^^^^^^^^^^^^^^^^^^^^^^^^^^^^^^^^^^^^^

warning: missing documentation for a struct field
  --> src/migration/validation_suite.rs:26:5
   |
26 |     pub timeout_minutes: u32,
   |     ^^^^^^^^^^^^^^^^^^^^^^^^

warning: missing documentation for a struct field
  --> src/migration/validation_suite.rs:27:5
   |
27 |     pub parallel_validation: bool,
   |     ^^^^^^^^^^^^^^^^^^^^^^^^^^^^^

warning: missing documentation for a struct field
  --> src/migration/validation_suite.rs:33:5
   |
33 |     pub overall_status: ValidationStatus,
   |     ^^^^^^^^^^^^^^^^^^^^^^^^^^^^^^^^^^^^

warning: missing documentation for a struct field
  --> src/migration/validation_suite.rs:34:5
   |
34 |     pub validation_start_time: chrono::DateTime<chrono::Utc>,
   |     ^^^^^^^^^^^^^^^^^^^^^^^^^^^^^^^^^^^^^^^^^^^^^^^^^^^^^^^^

warning: missing documentation for a struct field
  --> src/migration/validation_suite.rs:35:5
   |
35 |     pub validation_end_time: Option<chrono::DateTime<chrono::Utc>>,
   |     ^^^^^^^^^^^^^^^^^^^^^^^^^^^^^^^^^^^^^^^^^^^^^^^^^^^^^^^^^^^^^^

warning: missing documentation for a struct field
  --> src/migration/validation_suite.rs:36:5
   |
36 |     pub total_tests_run: u32,
   |     ^^^^^^^^^^^^^^^^^^^^^^^^

warning: missing documentation for a struct field
  --> src/migration/validation_suite.rs:37:5
   |
37 |     pub tests_passed: u32,
   |     ^^^^^^^^^^^^^^^^^^^^^

warning: missing documentation for a struct field
  --> src/migration/validation_suite.rs:38:5
   |
38 |     pub tests_failed: u32,
   |     ^^^^^^^^^^^^^^^^^^^^^

warning: missing documentation for a struct field
  --> src/migration/validation_suite.rs:39:5
   |
39 |     pub tests_skipped: u32,
   |     ^^^^^^^^^^^^^^^^^^^^^^

warning: missing documentation for a struct field
  --> src/migration/validation_suite.rs:40:5
   |
40 |     pub critical_failures: u32,
   |     ^^^^^^^^^^^^^^^^^^^^^^^^^^

warning: missing documentation for a struct field
  --> src/migration/validation_suite.rs:41:5
   |
41 |     pub validation_categories: HashMap<ValidationCategory, CategoryResults>,
   |     ^^^^^^^^^^^^^^^^^^^^^^^^^^^^^^^^^^^^^^^^^^^^^^^^^^^^^^^^^^^^^^^^^^^^^^^

warning: missing documentation for a struct field
  --> src/migration/validation_suite.rs:42:5
   |
42 |     pub performance_metrics: ValidationPerformanceMetrics,
   |     ^^^^^^^^^^^^^^^^^^^^^^^^^^^^^^^^^^^^^^^^^^^^^^^^^^^^^

warning: missing documentation for a struct field
  --> src/migration/validation_suite.rs:43:5
   |
43 |     pub data_integrity_report: DataIntegrityReport,
   |     ^^^^^^^^^^^^^^^^^^^^^^^^^^^^^^^^^^^^^^^^^^^^^^

warning: missing documentation for a struct field
  --> src/migration/validation_suite.rs:44:5
   |
44 |     pub schema_compatibility_report: SchemaCompatibilityReport,
   |     ^^^^^^^^^^^^^^^^^^^^^^^^^^^^^^^^^^^^^^^^^^^^^^^^^^^^^^^^^^

warning: missing documentation for a struct field
  --> src/migration/validation_suite.rs:45:5
   |
45 |     pub functional_test_report: FunctionalTestReport,
   |     ^^^^^^^^^^^^^^^^^^^^^^^^^^^^^^^^^^^^^^^^^^^^^^^^

warning: missing documentation for a struct field
  --> src/migration/validation_suite.rs:46:5
   |
46 |     pub regression_test_report: RegressionTestReport,
   |     ^^^^^^^^^^^^^^^^^^^^^^^^^^^^^^^^^^^^^^^^^^^^^^^^

warning: missing documentation for a struct field
  --> src/migration/validation_suite.rs:47:5
   |
47 |     pub recommendations: Vec<ValidationRecommendation>,
   |     ^^^^^^^^^^^^^^^^^^^^^^^^^^^^^^^^^^^^^^^^^^^^^^^^^^

warning: missing documentation for a struct field
  --> src/migration/validation_suite.rs:48:5
   |
48 |     pub detailed_errors: Vec<ValidationError>,
   |     ^^^^^^^^^^^^^^^^^^^^^^^^^^^^^^^^^^^^^^^^^

warning: missing documentation for a variant
  --> src/migration/validation_suite.rs:54:5
   |
54 |     NotStarted,
   |     ^^^^^^^^^^

warning: missing documentation for a variant
  --> src/migration/validation_suite.rs:55:5
   |
55 |     InProgress,
   |     ^^^^^^^^^^

warning: missing documentation for a variant
  --> src/migration/validation_suite.rs:56:5
   |
56 |     Passed,
   |     ^^^^^^

warning: missing documentation for a variant
  --> src/migration/validation_suite.rs:57:5
   |
57 |     PassedWithWarnings,
   |     ^^^^^^^^^^^^^^^^^^

warning: missing documentation for a variant
  --> src/migration/validation_suite.rs:58:5
   |
58 |     Failed,
   |     ^^^^^^

warning: missing documentation for a variant
  --> src/migration/validation_suite.rs:59:5
   |
59 |     Cancelled,
   |     ^^^^^^^^^

warning: missing documentation for a variant
  --> src/migration/validation_suite.rs:65:5
   |
65 |     DataIntegrity,
   |     ^^^^^^^^^^^^^

warning: missing documentation for a variant
  --> src/migration/validation_suite.rs:66:5
   |
66 |     PerformanceValidation,
   |     ^^^^^^^^^^^^^^^^^^^^^

warning: missing documentation for a variant
  --> src/migration/validation_suite.rs:67:5
   |
67 |     SchemaCompatibility,
   |     ^^^^^^^^^^^^^^^^^^^

warning: missing documentation for a variant
  --> src/migration/validation_suite.rs:68:5
   |
68 |     FunctionalTesting,
   |     ^^^^^^^^^^^^^^^^^

warning: missing documentation for a variant
  --> src/migration/validation_suite.rs:69:5
   |
69 |     RegressionTesting,
   |     ^^^^^^^^^^^^^^^^^

warning: missing documentation for a variant
  --> src/migration/validation_suite.rs:70:5
   |
70 |     SecurityValidation,
   |     ^^^^^^^^^^^^^^^^^^

warning: missing documentation for a variant
  --> src/migration/validation_suite.rs:71:5
   |
71 |     ConfigurationValidation,
   |     ^^^^^^^^^^^^^^^^^^^^^^^

warning: missing documentation for a struct field
  --> src/migration/validation_suite.rs:77:5
   |
77 |     pub status: ValidationStatus,
   |     ^^^^^^^^^^^^^^^^^^^^^^^^^^^^

warning: missing documentation for a struct field
  --> src/migration/validation_suite.rs:78:5
   |
78 |     pub tests_run: u32,
   |     ^^^^^^^^^^^^^^^^^^

warning: missing documentation for a struct field
  --> src/migration/validation_suite.rs:79:5
   |
79 |     pub tests_passed: u32,
   |     ^^^^^^^^^^^^^^^^^^^^^

warning: missing documentation for a struct field
  --> src/migration/validation_suite.rs:80:5
   |
80 |     pub tests_failed: u32,
   |     ^^^^^^^^^^^^^^^^^^^^^

warning: missing documentation for a struct field
  --> src/migration/validation_suite.rs:81:5
   |
81 |     pub execution_time_ms: u64,
   |     ^^^^^^^^^^^^^^^^^^^^^^^^^^

warning: missing documentation for a struct field
  --> src/migration/validation_suite.rs:82:5
   |
82 |     pub details: String,
   |     ^^^^^^^^^^^^^^^^^^^

warning: missing documentation for a struct field
  --> src/migration/validation_suite.rs:83:5
   |
83 |     pub critical_issues: Vec<String>,
   |     ^^^^^^^^^^^^^^^^^^^^^^^^^^^^^^^^

warning: missing documentation for a struct field
  --> src/migration/validation_suite.rs:84:5
   |
84 |     pub warnings: Vec<String>,
   |     ^^^^^^^^^^^^^^^^^^^^^^^^^

warning: missing documentation for a struct field
  --> src/migration/validation_suite.rs:90:5
   |
90 |     pub total_validation_time_ms: u64,
   |     ^^^^^^^^^^^^^^^^^^^^^^^^^^^^^^^^^

warning: missing documentation for a struct field
  --> src/migration/validation_suite.rs:91:5
   |
91 |     pub data_sampling_time_ms: u64,
   |     ^^^^^^^^^^^^^^^^^^^^^^^^^^^^^^

warning: missing documentation for a struct field
  --> src/migration/validation_suite.rs:92:5
   |
92 |     pub query_performance_time_ms: u64,
   |     ^^^^^^^^^^^^^^^^^^^^^^^^^^^^^^^^^^

warning: missing documentation for a struct field
  --> src/migration/validation_suite.rs:93:5
   |
93 |     pub schema_validation_time_ms: u64,
   |     ^^^^^^^^^^^^^^^^^^^^^^^^^^^^^^^^^^

warning: missing documentation for a struct field
  --> src/migration/validation_suite.rs:94:5
   |
94 |     pub functional_test_time_ms: u64,
   |     ^^^^^^^^^^^^^^^^^^^^^^^^^^^^^^^^

warning: missing documentation for a struct field
  --> src/migration/validation_suite.rs:95:5
   |
95 |     pub average_query_response_ms: f64,
   |     ^^^^^^^^^^^^^^^^^^^^^^^^^^^^^^^^^^

warning: missing documentation for a struct field
  --> src/migration/validation_suite.rs:96:5
   |
96 |     pub throughput_queries_per_second: f64,
   |     ^^^^^^^^^^^^^^^^^^^^^^^^^^^^^^^^^^^^^^

warning: missing documentation for a struct field
  --> src/migration/validation_suite.rs:97:5
   |
97 |     pub memory_usage_during_validation_mb: u64,
   |     ^^^^^^^^^^^^^^^^^^^^^^^^^^^^^^^^^^^^^^^^^^

warning: missing documentation for a struct field
  --> src/migration/validation_suite.rs:98:5
   |
98 |     pub performance_improvement_verified: bool,
   |     ^^^^^^^^^^^^^^^^^^^^^^^^^^^^^^^^^^^^^^^^^^

warning: missing documentation for a struct field
   --> src/migration/validation_suite.rs:104:5
    |
104 |     pub row_count_matches: bool,
    |     ^^^^^^^^^^^^^^^^^^^^^^^^^^^

warning: missing documentation for a struct field
   --> src/migration/validation_suite.rs:105:5
    |
105 |     pub content_hash_matches: u32,
    |     ^^^^^^^^^^^^^^^^^^^^^^^^^^^^^

warning: missing documentation for a struct field
   --> src/migration/validation_suite.rs:106:5
    |
106 |     pub content_hash_mismatches: u32,
    |     ^^^^^^^^^^^^^^^^^^^^^^^^^^^^^^^^

warning: missing documentation for a struct field
   --> src/migration/validation_suite.rs:107:5
    |
107 |     pub sample_conversations_validated: u32,
    |     ^^^^^^^^^^^^^^^^^^^^^^^^^^^^^^^^^^^^^^^

warning: missing documentation for a struct field
   --> src/migration/validation_suite.rs:108:5
    |
108 |     pub data_type_consistency_errors: u32,
    |     ^^^^^^^^^^^^^^^^^^^^^^^^^^^^^^^^^^^^^

warning: missing documentation for a struct field
   --> src/migration/validation_suite.rs:109:5
    |
109 |     pub foreign_key_integrity_errors: u32,
    |     ^^^^^^^^^^^^^^^^^^^^^^^^^^^^^^^^^^^^^

warning: missing documentation for a struct field
   --> src/migration/validation_suite.rs:110:5
    |
110 |     pub null_value_consistency_errors: u32,
    |     ^^^^^^^^^^^^^^^^^^^^^^^^^^^^^^^^^^^^^^

warning: missing documentation for a struct field
   --> src/migration/validation_suite.rs:111:5
    |
111 |     pub encoding_issues: u32,
    |     ^^^^^^^^^^^^^^^^^^^^^^^^

warning: missing documentation for a struct field
   --> src/migration/validation_suite.rs:112:5
    |
112 |     pub timestamp_format_errors: u32,
    |     ^^^^^^^^^^^^^^^^^^^^^^^^^^^^^^^^

warning: missing documentation for a struct field
   --> src/migration/validation_suite.rs:113:5
    |
113 |     pub detailed_mismatches: Vec<DataMismatch>,
    |     ^^^^^^^^^^^^^^^^^^^^^^^^^^^^^^^^^^^^^^^^^^

warning: missing documentation for a struct field
   --> src/migration/validation_suite.rs:119:5
    |
119 |     pub schema_version_compatible: bool,
    |     ^^^^^^^^^^^^^^^^^^^^^^^^^^^^^^^^^^^

warning: missing documentation for a struct field
   --> src/migration/validation_suite.rs:120:5
    |
120 |     pub table_structure_matches: u32,
    |     ^^^^^^^^^^^^^^^^^^^^^^^^^^^^^^^^

warning: missing documentation for a struct field
   --> src/migration/validation_suite.rs:121:5
    |
121 |     pub table_structure_differences: u32,
    |     ^^^^^^^^^^^^^^^^^^^^^^^^^^^^^^^^^^^^

warning: missing documentation for a struct field
   --> src/migration/validation_suite.rs:122:5
    |
122 |     pub index_compatibility: u32,
    |     ^^^^^^^^^^^^^^^^^^^^^^^^^^^^

warning: missing documentation for a struct field
   --> src/migration/validation_suite.rs:123:5
    |
123 |     pub constraint_compatibility: u32,
    |     ^^^^^^^^^^^^^^^^^^^^^^^^^^^^^^^^^

warning: missing documentation for a struct field
   --> src/migration/validation_suite.rs:124:5
    |
124 |     pub trigger_compatibility: u32,
    |     ^^^^^^^^^^^^^^^^^^^^^^^^^^^^^^

warning: missing documentation for a struct field
   --> src/migration/validation_suite.rs:125:5
    |
125 |     pub view_compatibility: u32,
    |     ^^^^^^^^^^^^^^^^^^^^^^^^^^^

warning: missing documentation for a struct field
   --> src/migration/validation_suite.rs:126:5
    |
126 |     pub missing_tables: Vec<String>,
    |     ^^^^^^^^^^^^^^^^^^^^^^^^^^^^^^^

warning: missing documentation for a struct field
   --> src/migration/validation_suite.rs:127:5
    |
127 |     pub extra_tables: Vec<String>,
    |     ^^^^^^^^^^^^^^^^^^^^^^^^^^^^^

warning: missing documentation for a struct field
   --> src/migration/validation_suite.rs:128:5
    |
128 |     pub column_differences: Vec<ColumnDifference>,
    |     ^^^^^^^^^^^^^^^^^^^^^^^^^^^^^^^^^^^^^^^^^^^^^

warning: missing documentation for a struct field
   --> src/migration/validation_suite.rs:134:5
    |
134 |     pub basic_queries_working: bool,
    |     ^^^^^^^^^^^^^^^^^^^^^^^^^^^^^^^

warning: missing documentation for a struct field
   --> src/migration/validation_suite.rs:135:5
    |
135 |     pub search_functionality_working: bool,
    |     ^^^^^^^^^^^^^^^^^^^^^^^^^^^^^^^^^^^^^^

warning: missing documentation for a struct field
   --> src/migration/validation_suite.rs:136:5
    |
136 |     pub insertion_functionality_working: bool,
    |     ^^^^^^^^^^^^^^^^^^^^^^^^^^^^^^^^^^^^^^^^^

warning: missing documentation for a struct field
   --> src/migration/validation_suite.rs:137:5
    |
137 |     pub update_functionality_working: bool,
    |     ^^^^^^^^^^^^^^^^^^^^^^^^^^^^^^^^^^^^^^

warning: missing documentation for a struct field
   --> src/migration/validation_suite.rs:138:5
    |
138 |     pub deletion_functionality_working: bool,
    |     ^^^^^^^^^^^^^^^^^^^^^^^^^^^^^^^^^^^^^^^^

warning: missing documentation for a struct field
   --> src/migration/validation_suite.rs:139:5
    |
139 |     pub transaction_support_working: bool,
    |     ^^^^^^^^^^^^^^^^^^^^^^^^^^^^^^^^^^^^^

warning: missing documentation for a struct field
   --> src/migration/validation_suite.rs:140:5
    |
140 |     pub concurrent_access_working: bool,
    |     ^^^^^^^^^^^^^^^^^^^^^^^^^^^^^^^^^^^

warning: missing documentation for a struct field
   --> src/migration/validation_suite.rs:141:5
    |
141 |     pub backup_restore_working: bool,
    |     ^^^^^^^^^^^^^^^^^^^^^^^^^^^^^^^^

warning: missing documentation for a struct field
   --> src/migration/validation_suite.rs:142:5
    |
142 |     pub api_compatibility_tests_passed: u32,
    |     ^^^^^^^^^^^^^^^^^^^^^^^^^^^^^^^^^^^^^^^

warning: missing documentation for a struct field
   --> src/migration/validation_suite.rs:143:5
    |
143 |     pub api_compatibility_tests_failed: u32,
    |     ^^^^^^^^^^^^^^^^^^^^^^^^^^^^^^^^^^^^^^^

warning: missing documentation for a struct field
   --> src/migration/validation_suite.rs:149:5
    |
149 |     pub typescript_feature_parity: bool,
    |     ^^^^^^^^^^^^^^^^^^^^^^^^^^^^^^^^^^^

warning: missing documentation for a struct field
   --> src/migration/validation_suite.rs:150:5
    |
150 |     pub consensus_engine_compatibility: bool,
    |     ^^^^^^^^^^^^^^^^^^^^^^^^^^^^^^^^^^^^^^^^

warning: missing documentation for a struct field
   --> src/migration/validation_suite.rs:151:5
    |
151 |     pub memory_system_compatibility: bool,
    |     ^^^^^^^^^^^^^^^^^^^^^^^^^^^^^^^^^^^^^

warning: missing documentation for a struct field
   --> src/migration/validation_suite.rs:152:5
    |
152 |     pub configuration_compatibility: bool,
    |     ^^^^^^^^^^^^^^^^^^^^^^^^^^^^^^^^^^^^^

warning: missing documentation for a struct field
   --> src/migration/validation_suite.rs:153:5
    |
153 |     pub cli_command_compatibility: bool,
    |     ^^^^^^^^^^^^^^^^^^^^^^^^^^^^^^^^^^^

warning: missing documentation for a struct field
   --> src/migration/validation_suite.rs:154:5
    |
154 |     pub performance_regression_detected: bool,
    |     ^^^^^^^^^^^^^^^^^^^^^^^^^^^^^^^^^^^^^^^^^

warning: missing documentation for a struct field
   --> src/migration/validation_suite.rs:155:5
    |
155 |     pub compatibility_score_percentage: f64,
    |     ^^^^^^^^^^^^^^^^^^^^^^^^^^^^^^^^^^^^^^^

warning: missing documentation for a struct field
   --> src/migration/validation_suite.rs:156:5
    |
156 |     pub feature_gaps: Vec<String>,
    |     ^^^^^^^^^^^^^^^^^^^^^^^^^^^^^

warning: missing documentation for a struct field
   --> src/migration/validation_suite.rs:162:5
    |
162 |     pub table_name: String,
    |     ^^^^^^^^^^^^^^^^^^^^^^

warning: missing documentation for a struct field
   --> src/migration/validation_suite.rs:163:5
    |
163 |     pub row_identifier: String,
    |     ^^^^^^^^^^^^^^^^^^^^^^^^^^

warning: missing documentation for a struct field
   --> src/migration/validation_suite.rs:164:5
    |
164 |     pub column_name: String,
    |     ^^^^^^^^^^^^^^^^^^^^^^^

warning: missing documentation for a struct field
   --> src/migration/validation_suite.rs:165:5
    |
165 |     pub source_value: String,
    |     ^^^^^^^^^^^^^^^^^^^^^^^^

warning: missing documentation for a struct field
   --> src/migration/validation_suite.rs:166:5
    |
166 |     pub target_value: String,
    |     ^^^^^^^^^^^^^^^^^^^^^^^^

warning: missing documentation for a struct field
   --> src/migration/validation_suite.rs:167:5
    |
167 |     pub mismatch_type: MismatchType,
    |     ^^^^^^^^^^^^^^^^^^^^^^^^^^^^^^^

warning: missing documentation for a variant
   --> src/migration/validation_suite.rs:173:5
    |
173 |     ValueDifference,
    |     ^^^^^^^^^^^^^^^

warning: missing documentation for a variant
   --> src/migration/validation_suite.rs:174:5
    |
174 |     TypeDifference,
    |     ^^^^^^^^^^^^^^

warning: missing documentation for a variant
   --> src/migration/validation_suite.rs:175:5
    |
175 |     EncodingDifference,
    |     ^^^^^^^^^^^^^^^^^^

warning: missing documentation for a variant
   --> src/migration/validation_suite.rs:176:5
    |
176 |     NullMismatch,
    |     ^^^^^^^^^^^^

warning: missing documentation for a variant
   --> src/migration/validation_suite.rs:177:5
    |
177 |     FormatDifference,
    |     ^^^^^^^^^^^^^^^^

warning: missing documentation for a struct field
   --> src/migration/validation_suite.rs:183:5
    |
183 |     pub table_name: String,
    |     ^^^^^^^^^^^^^^^^^^^^^^

warning: missing documentation for a struct field
   --> src/migration/validation_suite.rs:184:5
    |
184 |     pub column_name: String,
    |     ^^^^^^^^^^^^^^^^^^^^^^^

warning: missing documentation for a struct field
   --> src/migration/validation_suite.rs:185:5
    |
185 |     pub source_type: String,
    |     ^^^^^^^^^^^^^^^^^^^^^^^

warning: missing documentation for a struct field
   --> src/migration/validation_suite.rs:186:5
    |
186 |     pub target_type: String,
    |     ^^^^^^^^^^^^^^^^^^^^^^^

warning: missing documentation for a struct field
   --> src/migration/validation_suite.rs:187:5
    |
187 |     pub difference_type: ColumnDifferenceType,
    |     ^^^^^^^^^^^^^^^^^^^^^^^^^^^^^^^^^^^^^^^^^

warning: missing documentation for a variant
   --> src/migration/validation_suite.rs:193:5
    |
193 |     TypeChange,
    |     ^^^^^^^^^^

warning: missing documentation for a variant
   --> src/migration/validation_suite.rs:194:5
    |
194 |     NullabilityChange,
    |     ^^^^^^^^^^^^^^^^^

warning: missing documentation for a variant
   --> src/migration/validation_suite.rs:195:5
    |
195 |     DefaultValueChange,
    |     ^^^^^^^^^^^^^^^^^^

warning: missing documentation for a variant
   --> src/migration/validation_suite.rs:196:5
    |
196 |     Missing,
    |     ^^^^^^^

warning: missing documentation for a variant
   --> src/migration/validation_suite.rs:197:5
    |
197 |     Added,
    |     ^^^^^

warning: missing documentation for a struct field
   --> src/migration/validation_suite.rs:203:5
    |
203 |     pub category: ValidationCategory,
    |     ^^^^^^^^^^^^^^^^^^^^^^^^^^^^^^^^

warning: missing documentation for a struct field
   --> src/migration/validation_suite.rs:204:5
    |
204 |     pub severity: ErrorSeverity,
    |     ^^^^^^^^^^^^^^^^^^^^^^^^^^^

warning: missing documentation for a struct field
   --> src/migration/validation_suite.rs:205:5
    |
205 |     pub error_code: String,
    |     ^^^^^^^^^^^^^^^^^^^^^^

warning: missing documentation for a struct field
   --> src/migration/validation_suite.rs:206:5
    |
206 |     pub message: String,
    |     ^^^^^^^^^^^^^^^^^^^

warning: missing documentation for a struct field
   --> src/migration/validation_suite.rs:207:5
    |
207 |     pub details: Option<String>,
    |     ^^^^^^^^^^^^^^^^^^^^^^^^^^^

warning: missing documentation for a struct field
   --> src/migration/validation_suite.rs:208:5
    |
208 |     pub suggested_fix: Option<String>,
    |     ^^^^^^^^^^^^^^^^^^^^^^^^^^^^^^^^^

warning: missing documentation for a struct field
   --> src/migration/validation_suite.rs:209:5
    |
209 |     pub affected_tables: Vec<String>,
    |     ^^^^^^^^^^^^^^^^^^^^^^^^^^^^^^^^

warning: missing documentation for a variant
   --> src/migration/validation_suite.rs:215:5
    |
215 |     Info,
    |     ^^^^

warning: missing documentation for a variant
   --> src/migration/validation_suite.rs:216:5
    |
216 |     Warning,
    |     ^^^^^^^

warning: missing documentation for a variant
   --> src/migration/validation_suite.rs:217:5
    |
217 |     Error,
    |     ^^^^^

warning: missing documentation for a variant
   --> src/migration/validation_suite.rs:218:5
    |
218 |     Critical,
    |     ^^^^^^^^

warning: missing documentation for a struct field
   --> src/migration/validation_suite.rs:224:5
    |
224 |     pub category: ValidationCategory,
    |     ^^^^^^^^^^^^^^^^^^^^^^^^^^^^^^^^

warning: missing documentation for a struct field
   --> src/migration/validation_suite.rs:225:5
    |
225 |     pub priority: RecommendationPriority,
    |     ^^^^^^^^^^^^^^^^^^^^^^^^^^^^^^^^^^^^

warning: missing documentation for a struct field
   --> src/migration/validation_suite.rs:226:5
    |
226 |     pub title: String,
    |     ^^^^^^^^^^^^^^^^^

warning: missing documentation for a struct field
   --> src/migration/validation_suite.rs:227:5
    |
227 |     pub description: String,
    |     ^^^^^^^^^^^^^^^^^^^^^^^

warning: missing documentation for a struct field
   --> src/migration/validation_suite.rs:228:5
    |
228 |     pub action_required: bool,
    |     ^^^^^^^^^^^^^^^^^^^^^^^^^

warning: missing documentation for a struct field
   --> src/migration/validation_suite.rs:229:5
    |
229 |     pub estimated_fix_time: Option<Duration>,
    |     ^^^^^^^^^^^^^^^^^^^^^^^^^^^^^^^^^^^^^^^^

warning: missing documentation for a variant
   --> src/migration/validation_suite.rs:235:5
    |
235 |     Low,
    |     ^^^

warning: missing documentation for a variant
   --> src/migration/validation_suite.rs:236:5
    |
236 |     Medium,
    |     ^^^^^^

warning: missing documentation for a variant
   --> src/migration/validation_suite.rs:237:5
    |
237 |     High,
    |     ^^^^

warning: missing documentation for a variant
   --> src/migration/validation_suite.rs:238:5
    |
238 |     Critical,
    |     ^^^^^^^^

warning: missing documentation for a struct field
  --> src/migration/validator.rs:19:5
   |
19 |     pub overall_status: ValidationStatus,
   |     ^^^^^^^^^^^^^^^^^^^^^^^^^^^^^^^^^^^^

warning: missing documentation for a struct field
  --> src/migration/validator.rs:20:5
   |
20 |     pub checks: Vec<ValidationCheck>,
   |     ^^^^^^^^^^^^^^^^^^^^^^^^^^^^^^^^

warning: missing documentation for a struct field
  --> src/migration/validator.rs:21:5
   |
21 |     pub performance_metrics: PerformanceMetrics,
   |     ^^^^^^^^^^^^^^^^^^^^^^^^^^^^^^^^^^^^^^^^^^^

warning: missing documentation for a struct field
  --> src/migration/validator.rs:22:5
   |
22 |     pub data_integrity: DataIntegrityReport,
   |     ^^^^^^^^^^^^^^^^^^^^^^^^^^^^^^^^^^^^^^^

warning: missing documentation for a struct field
  --> src/migration/validator.rs:23:5
   |
23 |     pub recommendations: Vec<String>,
   |     ^^^^^^^^^^^^^^^^^^^^^^^^^^^^^^^^

warning: missing documentation for a struct field
  --> src/migration/validator.rs:24:5
   |
24 |     pub warnings: Vec<String>,
   |     ^^^^^^^^^^^^^^^^^^^^^^^^^

warning: missing documentation for a struct field
  --> src/migration/validator.rs:25:5
   |
25 |     pub errors: Vec<String>,
   |     ^^^^^^^^^^^^^^^^^^^^^^^

warning: missing documentation for a variant
  --> src/migration/validator.rs:31:5
   |
31 |     Passed,
   |     ^^^^^^

warning: missing documentation for a variant
  --> src/migration/validator.rs:32:5
   |
32 |     PassedWithWarnings,
   |     ^^^^^^^^^^^^^^^^^^

warning: missing documentation for a variant
  --> src/migration/validator.rs:33:5
   |
33 |     Failed,
   |     ^^^^^^

warning: missing documentation for a variant
  --> src/migration/validator.rs:34:5
   |
34 |     Incomplete,
   |     ^^^^^^^^^^

warning: missing documentation for a struct field
  --> src/migration/validator.rs:40:5
   |
40 |     pub name: String,
   |     ^^^^^^^^^^^^^^^^

warning: missing documentation for a struct field
  --> src/migration/validator.rs:41:5
   |
41 |     pub category: ValidationCategory,
   |     ^^^^^^^^^^^^^^^^^^^^^^^^^^^^^^^^

warning: missing documentation for a struct field
  --> src/migration/validator.rs:42:5
   |
42 |     pub status: ValidationCheckStatus,
   |     ^^^^^^^^^^^^^^^^^^^^^^^^^^^^^^^^^

warning: missing documentation for a struct field
  --> src/migration/validator.rs:43:5
   |
43 |     pub description: String,
   |     ^^^^^^^^^^^^^^^^^^^^^^^

warning: missing documentation for a struct field
  --> src/migration/validator.rs:44:5
   |
44 |     pub expected: String,
   |     ^^^^^^^^^^^^^^^^^^^^

warning: missing documentation for a struct field
  --> src/migration/validator.rs:45:5
   |
45 |     pub actual: String,
   |     ^^^^^^^^^^^^^^^^^^

warning: missing documentation for a struct field
  --> src/migration/validator.rs:46:5
   |
46 |     pub severity: ValidationSeverity,
   |     ^^^^^^^^^^^^^^^^^^^^^^^^^^^^^^^^

warning: missing documentation for a struct field
  --> src/migration/validator.rs:47:5
   |
47 |     pub details: Option<String>,
   |     ^^^^^^^^^^^^^^^^^^^^^^^^^^^

warning: missing documentation for a variant
  --> src/migration/validator.rs:53:5
   |
53 |     DataCount,
   |     ^^^^^^^^^

warning: missing documentation for a variant
  --> src/migration/validator.rs:54:5
   |
54 |     DataIntegrity,
   |     ^^^^^^^^^^^^^

warning: missing documentation for a variant
  --> src/migration/validator.rs:55:5
   |
55 |     Schema,
   |     ^^^^^^

warning: missing documentation for a variant
  --> src/migration/validator.rs:56:5
   |
56 |     Performance,
   |     ^^^^^^^^^^^

warning: missing documentation for a variant
  --> src/migration/validator.rs:57:5
   |
57 |     Configuration,
   |     ^^^^^^^^^^^^^

warning: missing documentation for a variant
  --> src/migration/validator.rs:58:5
   |
58 |     Functionality,
   |     ^^^^^^^^^^^^^

warning: missing documentation for a variant
  --> src/migration/validator.rs:59:5
   |
59 |     Security,
   |     ^^^^^^^^

warning: missing documentation for a variant
  --> src/migration/validator.rs:65:5
   |
65 |     Passed,
   |     ^^^^^^

warning: missing documentation for a variant
  --> src/migration/validator.rs:66:5
   |
66 |     Failed,
   |     ^^^^^^

warning: missing documentation for a variant
  --> src/migration/validator.rs:67:5
   |
67 |     Warning,
   |     ^^^^^^^

warning: missing documentation for a variant
  --> src/migration/validator.rs:68:5
   |
68 |     Skipped,
   |     ^^^^^^^

warning: missing documentation for a variant
  --> src/migration/validator.rs:74:5
   |
74 |     Critical,
   |     ^^^^^^^^

warning: missing documentation for a variant
  --> src/migration/validator.rs:75:5
   |
75 |     High,
   |     ^^^^

warning: missing documentation for a variant
  --> src/migration/validator.rs:76:5
   |
76 |     Medium,
   |     ^^^^^^

warning: missing documentation for a variant
  --> src/migration/validator.rs:77:5
   |
77 |     Low,
   |     ^^^

warning: missing documentation for a variant
  --> src/migration/validator.rs:78:5
   |
78 |     Info,
   |     ^^^^

warning: missing documentation for a struct field
  --> src/migration/validator.rs:84:5
   |
84 |     pub migration_duration: std::time::Duration,
   |     ^^^^^^^^^^^^^^^^^^^^^^^^^^^^^^^^^^^^^^^^^^^

warning: missing documentation for a struct field
  --> src/migration/validator.rs:85:5
   |
85 |     pub data_transfer_rate: f64,                    // MB/s
   |     ^^^^^^^^^^^^^^^^^^^^^^^^^^^

warning: missing documentation for a struct field
  --> src/migration/validator.rs:86:5
   |
86 |     pub query_response_times: HashMap<String, f64>, // ms
   |     ^^^^^^^^^^^^^^^^^^^^^^^^^^^^^^^^^^^^^^^^^^^^^^

warning: missing documentation for a struct field
  --> src/migration/validator.rs:87:5
   |
87 |     pub memory_usage: u64,                          // bytes
   |     ^^^^^^^^^^^^^^^^^^^^^

warning: missing documentation for a struct field
  --> src/migration/validator.rs:88:5
   |
88 |     pub disk_usage: u64,                            // bytes
   |     ^^^^^^^^^^^^^^^^^^^

warning: missing documentation for a struct field
  --> src/migration/validator.rs:89:5
   |
89 |     pub cpu_usage_percent: f32,
   |     ^^^^^^^^^^^^^^^^^^^^^^^^^^

warning: missing documentation for a struct field
  --> src/migration/validator.rs:95:5
   |
95 |     pub row_count_verification: HashMap<String, CountComparison>,
   |     ^^^^^^^^^^^^^^^^^^^^^^^^^^^^^^^^^^^^^^^^^^^^^^^^^^^^^^^^^^^^

warning: missing documentation for a struct field
  --> src/migration/validator.rs:96:5
   |
96 |     pub checksum_verification: HashMap<String, ChecksumComparison>,
   |     ^^^^^^^^^^^^^^^^^^^^^^^^^^^^^^^^^^^^^^^^^^^^^^^^^^^^^^^^^^^^^^

warning: missing documentation for a struct field
  --> src/migration/validator.rs:97:5
   |
97 |     pub foreign_key_integrity: Vec<ForeignKeyCheck>,
   |     ^^^^^^^^^^^^^^^^^^^^^^^^^^^^^^^^^^^^^^^^^^^^^^^

warning: missing documentation for a struct field
  --> src/migration/validator.rs:98:5
   |
98 |     pub data_type_validation: Vec<DataTypeCheck>,
   |     ^^^^^^^^^^^^^^^^^^^^^^^^^^^^^^^^^^^^^^^^^^^^

warning: missing documentation for a struct field
  --> src/migration/validator.rs:99:5
   |
99 |     pub constraint_validation: Vec<ConstraintCheck>,
   |     ^^^^^^^^^^^^^^^^^^^^^^^^^^^^^^^^^^^^^^^^^^^^^^^

warning: missing documentation for a struct field
   --> src/migration/validator.rs:105:5
    |
105 |     pub source_count: u64,
    |     ^^^^^^^^^^^^^^^^^^^^^

warning: missing documentation for a struct field
   --> src/migration/validator.rs:106:5
    |
106 |     pub target_count: u64,
    |     ^^^^^^^^^^^^^^^^^^^^^

warning: missing documentation for a struct field
   --> src/migration/validator.rs:107:5
    |
107 |     pub matches: bool,
    |     ^^^^^^^^^^^^^^^^^

warning: missing documentation for a struct field
   --> src/migration/validator.rs:108:5
    |
108 |     pub difference: i64,
    |     ^^^^^^^^^^^^^^^^^^^

warning: missing documentation for a struct field
   --> src/migration/validator.rs:114:5
    |
114 |     pub source_checksum: String,
    |     ^^^^^^^^^^^^^^^^^^^^^^^^^^^

warning: missing documentation for a struct field
   --> src/migration/validator.rs:115:5
    |
115 |     pub target_checksum: String,
    |     ^^^^^^^^^^^^^^^^^^^^^^^^^^^

warning: missing documentation for a struct field
   --> src/migration/validator.rs:116:5
    |
116 |     pub matches: bool,
    |     ^^^^^^^^^^^^^^^^^

warning: missing documentation for a struct field
   --> src/migration/validator.rs:117:5
    |
117 |     pub algorithm: String,
    |     ^^^^^^^^^^^^^^^^^^^^^

warning: missing documentation for a struct field
   --> src/migration/validator.rs:123:5
    |
123 |     pub table: String,
    |     ^^^^^^^^^^^^^^^^^

warning: missing documentation for a struct field
   --> src/migration/validator.rs:124:5
    |
124 |     pub column: String,
    |     ^^^^^^^^^^^^^^^^^^

warning: missing documentation for a struct field
   --> src/migration/validator.rs:125:5
    |
125 |     pub referenced_table: String,
    |     ^^^^^^^^^^^^^^^^^^^^^^^^^^^^

warning: missing documentation for a struct field
   --> src/migration/validator.rs:126:5
    |
126 |     pub orphaned_records: u64,
    |     ^^^^^^^^^^^^^^^^^^^^^^^^^

warning: missing documentation for a struct field
   --> src/migration/validator.rs:127:5
    |
127 |     pub integrity_preserved: bool,
    |     ^^^^^^^^^^^^^^^^^^^^^^^^^^^^^

warning: missing documentation for a struct field
   --> src/migration/validator.rs:133:5
    |
133 |     pub table: String,
    |     ^^^^^^^^^^^^^^^^^

warning: missing documentation for a struct field
   --> src/migration/validator.rs:134:5
    |
134 |     pub column: String,
    |     ^^^^^^^^^^^^^^^^^^

warning: missing documentation for a struct field
   --> src/migration/validator.rs:135:5
    |
135 |     pub expected_type: String,
    |     ^^^^^^^^^^^^^^^^^^^^^^^^^

warning: missing documentation for a struct field
   --> src/migration/validator.rs:136:5
    |
136 |     pub actual_type: String,
    |     ^^^^^^^^^^^^^^^^^^^^^^^

warning: missing documentation for a struct field
   --> src/migration/validator.rs:137:5
    |
137 |     pub valid: bool,
    |     ^^^^^^^^^^^^^^^

warning: missing documentation for a struct field
   --> src/migration/validator.rs:138:5
    |
138 |     pub conversion_errors: u64,
    |     ^^^^^^^^^^^^^^^^^^^^^^^^^^

warning: missing documentation for a struct field
   --> src/migration/validator.rs:144:5
    |
144 |     pub table: String,
    |     ^^^^^^^^^^^^^^^^^

warning: missing documentation for a struct field
   --> src/migration/validator.rs:145:5
    |
145 |     pub constraint_name: String,
    |     ^^^^^^^^^^^^^^^^^^^^^^^^^^^

warning: missing documentation for a struct field
   --> src/migration/validator.rs:146:5
    |
146 |     pub constraint_type: String,
    |     ^^^^^^^^^^^^^^^^^^^^^^^^^^^

warning: missing documentation for a struct field
   --> src/migration/validator.rs:147:5
    |
147 |     pub violations: u64,
    |     ^^^^^^^^^^^^^^^^^^^

warning: missing documentation for a struct field
   --> src/migration/validator.rs:148:5
    |
148 |     pub valid: bool,
    |     ^^^^^^^^^^^^^^^

warning: missing documentation for a struct field
   --> src/modes/mod.rs:239:5
    |
239 |     pub recommended_mode: ModeType,
    |     ^^^^^^^^^^^^^^^^^^^^^^^^^^^^^^

warning: missing documentation for a struct field
   --> src/modes/mod.rs:240:5
    |
240 |     pub confidence: f32,
    |     ^^^^^^^^^^^^^^^^^^^

warning: missing documentation for a struct field
   --> src/modes/mod.rs:241:5
    |
241 |     pub reasoning: String,
    |     ^^^^^^^^^^^^^^^^^^^^^

warning: missing documentation for a struct field
   --> src/modes/mod.rs:242:5
    |
242 |     pub alternatives: Vec<(ModeType, f32)>,
    |     ^^^^^^^^^^^^^^^^^^^^^^^^^^^^^^^^^^^^^^

warning: missing documentation for a struct field
   --> src/modes/mod.rs:243:5
    |
243 |     pub user_preference_weight: f32,
    |     ^^^^^^^^^^^^^^^^^^^^^^^^^^^^^^^

warning: missing documentation for a struct field
   --> src/modes/mod.rs:249:5
    |
249 |     pub total_detections: usize,
    |     ^^^^^^^^^^^^^^^^^^^^^^^^^^^

warning: missing documentation for a struct field
   --> src/modes/mod.rs:250:5
    |
250 |     pub total_switches: usize,
    |     ^^^^^^^^^^^^^^^^^^^^^^^^^

warning: missing documentation for a struct field
   --> src/modes/mod.rs:251:5
    |
251 |     pub mode_accuracy: f32,
    |     ^^^^^^^^^^^^^^^^^^^^^^

warning: missing documentation for a struct field
   --> src/modes/mod.rs:252:5
    |
252 |     pub preference_influence: f32,
    |     ^^^^^^^^^^^^^^^^^^^^^^^^^^^^^

warning: missing documentation for a struct field
   --> src/modes/mod.rs:253:5
    |
253 |     pub top_patterns: Vec<(String, usize)>,
    |     ^^^^^^^^^^^^^^^^^^^^^^^^^^^^^^^^^^^^^^

warning: missing documentation for a struct field
   --> src/modes/mod.rs:254:5
    |
254 |     pub mode_distribution: std::collections::HashMap<ModeType, usize>,
    |     ^^^^^^^^^^^^^^^^^^^^^^^^^^^^^^^^^^^^^^^^^^^^^^^^^^^^^^^^^^^^^^^^^

warning: missing documentation for a struct field
   --> src/modes/mod.rs:260:5
    |
260 |     pub auto_switch: bool,
    |     ^^^^^^^^^^^^^^^^^^^^^

warning: missing documentation for a struct field
   --> src/modes/mod.rs:261:5
    |
261 |     pub learning_enabled: bool,
    |     ^^^^^^^^^^^^^^^^^^^^^^^^^^

warning: missing documentation for a struct field
   --> src/modes/mod.rs:262:5
    |
262 |     pub visualization_enabled: bool,
    |     ^^^^^^^^^^^^^^^^^^^^^^^^^^^^^^^

warning: missing documentation for a struct field
   --> src/modes/mod.rs:263:5
    |
263 |     pub context_preservation: ContextPreservationLevel,
    |     ^^^^^^^^^^^^^^^^^^^^^^^^^^^^^^^^^^^^^^^^^^^^^^^^^^

warning: missing documentation for a struct field
   --> src/modes/mod.rs:264:5
    |
264 |     pub confidence_threshold: f32,
    |     ^^^^^^^^^^^^^^^^^^^^^^^^^^^^^

warning: missing documentation for a variant
   --> src/modes/mod.rs:270:5
    |
270 |     Minimal,
    |     ^^^^^^^

warning: missing documentation for a variant
   --> src/modes/mod.rs:271:5
    |
271 |     Standard,
    |     ^^^^^^^^

warning: missing documentation for a variant
   --> src/modes/mod.rs:272:5
    |
272 |     Full,
    |     ^^^^

warning: missing documentation for a struct field
  --> src/modes/context.rs:69:5
   |
69 |     pub mode: ModeType,
   |     ^^^^^^^^^^^^^^^^^^

warning: missing documentation for a struct field
  --> src/modes/context.rs:70:5
   |
70 |     pub created_at: DateTime<Utc>,
   |     ^^^^^^^^^^^^^^^^^^^^^^^^^^^^^

warning: missing documentation for a struct field
  --> src/modes/context.rs:71:5
   |
71 |     pub last_modified: DateTime<Utc>,
   |     ^^^^^^^^^^^^^^^^^^^^^^^^^^^^^^^^

warning: missing documentation for a struct field
  --> src/modes/context.rs:72:5
   |
72 |     pub data: ContextData,
   |     ^^^^^^^^^^^^^^^^^^^^^

warning: missing documentation for a struct field
  --> src/modes/context.rs:73:5
   |
73 |     pub metadata: ContextMetadata,
   |     ^^^^^^^^^^^^^^^^^^^^^^^^^^^^^

warning: missing documentation for a struct field
  --> src/modes/context.rs:79:5
   |
79 |     pub active_tasks: Vec<ActiveTask>,
   |     ^^^^^^^^^^^^^^^^^^^^^^^^^^^^^^^^^

warning: missing documentation for a struct field
  --> src/modes/context.rs:80:5
   |
80 |     pub user_state: UserState,
   |     ^^^^^^^^^^^^^^^^^^^^^^^^^

warning: missing documentation for a struct field
  --> src/modes/context.rs:81:5
   |
81 |     pub workspace: WorkspaceState,
   |     ^^^^^^^^^^^^^^^^^^^^^^^^^^^^^

warning: missing documentation for a struct field
  --> src/modes/context.rs:82:5
   |
82 |     pub cache: HashMap<String, serde_json::Value>,
   |     ^^^^^^^^^^^^^^^^^^^^^^^^^^^^^^^^^^^^^^^^^^^^^

warning: missing documentation for a struct field
  --> src/modes/context.rs:88:5
   |
88 |     pub version: String,
   |     ^^^^^^^^^^^^^^^^^^^

warning: missing documentation for a struct field
  --> src/modes/context.rs:89:5
   |
89 |     pub source_mode: ModeType,
   |     ^^^^^^^^^^^^^^^^^^^^^^^^^

warning: missing documentation for a struct field
  --> src/modes/context.rs:90:5
   |
90 |     pub tags: Vec<String>,
   |     ^^^^^^^^^^^^^^^^^^^^^

warning: missing documentation for a struct field
  --> src/modes/context.rs:91:5
   |
91 |     pub importance: ImportanceLevel,
   |     ^^^^^^^^^^^^^^^^^^^^^^^^^^^^^^^

warning: missing documentation for a struct field
  --> src/modes/context.rs:97:5
   |
97 |     pub id: String,
   |     ^^^^^^^^^^^^^^

warning: missing documentation for a struct field
  --> src/modes/context.rs:98:5
   |
98 |     pub title: String,
   |     ^^^^^^^^^^^^^^^^^

warning: missing documentation for a struct field
  --> src/modes/context.rs:99:5
   |
99 |     pub progress: f32,
   |     ^^^^^^^^^^^^^^^^^

warning: missing documentation for a struct field
   --> src/modes/context.rs:100:5
    |
100 |     pub priority: TaskPriority,
    |     ^^^^^^^^^^^^^^^^^^^^^^^^^^

warning: missing documentation for a struct field
   --> src/modes/context.rs:101:5
    |
101 |     pub data: HashMap<String, serde_json::Value>,
    |     ^^^^^^^^^^^^^^^^^^^^^^^^^^^^^^^^^^^^^^^^^^^^

warning: missing documentation for a struct field
   --> src/modes/context.rs:107:5
    |
107 |     pub current_focus: String,
    |     ^^^^^^^^^^^^^^^^^^^^^^^^^

warning: missing documentation for a struct field
   --> src/modes/context.rs:108:5
    |
108 |     pub recent_actions: Vec<RecentAction>,
    |     ^^^^^^^^^^^^^^^^^^^^^^^^^^^^^^^^^^^^^

warning: missing documentation for a struct field
   --> src/modes/context.rs:109:5
    |
109 |     pub preferences: HashMap<String, String>,
    |     ^^^^^^^^^^^^^^^^^^^^^^^^^^^^^^^^^^^^^^^^

warning: missing documentation for a struct field
   --> src/modes/context.rs:110:5
    |
110 |     pub session_id: String,
    |     ^^^^^^^^^^^^^^^^^^^^^^

warning: missing documentation for a struct field
   --> src/modes/context.rs:116:5
    |
116 |     pub open_files: Vec<String>,
    |     ^^^^^^^^^^^^^^^^^^^^^^^^^^^

warning: missing documentation for a struct field
   --> src/modes/context.rs:117:5
    |
117 |     pub cursor_positions: HashMap<String, CursorPosition>,
    |     ^^^^^^^^^^^^^^^^^^^^^^^^^^^^^^^^^^^^^^^^^^^^^^^^^^^^^

warning: missing documentation for a struct field
   --> src/modes/context.rs:118:5
    |
118 |     pub unsaved_changes: HashMap<String, String>,
    |     ^^^^^^^^^^^^^^^^^^^^^^^^^^^^^^^^^^^^^^^^^^^^

warning: missing documentation for a struct field
   --> src/modes/context.rs:119:5
    |
119 |     pub terminal_history: Vec<String>,
    |     ^^^^^^^^^^^^^^^^^^^^^^^^^^^^^^^^^

warning: missing documentation for a struct field
   --> src/modes/context.rs:125:5
    |
125 |     pub action: String,
    |     ^^^^^^^^^^^^^^^^^^

warning: missing documentation for a struct field
   --> src/modes/context.rs:126:5
    |
126 |     pub timestamp: DateTime<Utc>,
    |     ^^^^^^^^^^^^^^^^^^^^^^^^^^^^

warning: missing documentation for a struct field
   --> src/modes/context.rs:127:5
    |
127 |     pub context: String,
    |     ^^^^^^^^^^^^^^^^^^^

warning: missing documentation for a struct field
   --> src/modes/context.rs:133:5
    |
133 |     pub line: usize,
    |     ^^^^^^^^^^^^^^^

warning: missing documentation for a struct field
   --> src/modes/context.rs:134:5
    |
134 |     pub column: usize,
    |     ^^^^^^^^^^^^^^^^^

warning: missing documentation for a variant
   --> src/modes/context.rs:140:5
    |
140 |     Critical,
    |     ^^^^^^^^

warning: missing documentation for a variant
   --> src/modes/context.rs:141:5
    |
141 |     High,
    |     ^^^^

warning: missing documentation for a variant
   --> src/modes/context.rs:142:5
    |
142 |     Medium,
    |     ^^^^^^

warning: missing documentation for a variant
   --> src/modes/context.rs:143:5
    |
143 |     Low,
    |     ^^^

warning: missing documentation for a variant
   --> src/modes/context.rs:149:5
    |
149 |     Essential,
    |     ^^^^^^^^^

warning: missing documentation for a variant
   --> src/modes/context.rs:150:5
    |
150 |     Important,
    |     ^^^^^^^^^

warning: missing documentation for a variant
   --> src/modes/context.rs:151:5
    |
151 |     Standard,
    |     ^^^^^^^^

warning: missing documentation for a variant
   --> src/modes/context.rs:152:5
    |
152 |     Optional,
    |     ^^^^^^^^

warning: missing documentation for a struct field
   --> src/modes/context.rs:158:5
    |
158 |     pub id: String,
    |     ^^^^^^^^^^^^^^

warning: missing documentation for a struct field
   --> src/modes/context.rs:159:5
    |
159 |     pub mode: ModeType,
    |     ^^^^^^^^^^^^^^^^^^

warning: missing documentation for a struct field
   --> src/modes/context.rs:160:5
    |
160 |     pub timestamp: DateTime<Utc>,
    |     ^^^^^^^^^^^^^^^^^^^^^^^^^^^^

warning: missing documentation for a struct field
   --> src/modes/context.rs:161:5
    |
161 |     pub data: ContextData,
    |     ^^^^^^^^^^^^^^^^^^^^^

warning: missing documentation for a struct field
   --> src/modes/context.rs:162:5
    |
162 |     pub metadata: SnapshotMetadata,
    |     ^^^^^^^^^^^^^^^^^^^^^^^^^^^^^^

warning: missing documentation for a struct field
   --> src/modes/context.rs:170:5
    |
170 |     pub reason: String,
    |     ^^^^^^^^^^^^^^^^^^

warning: missing documentation for a struct field
   --> src/modes/context.rs:171:5
    |
171 |     pub auto_generated: bool,
    |     ^^^^^^^^^^^^^^^^^^^^^^^^

warning: missing documentation for a struct field
   --> src/modes/context.rs:172:5
    |
172 |     pub expiry: Option<DateTime<Utc>>,
    |     ^^^^^^^^^^^^^^^^^^^^^^^^^^^^^^^^^

warning: missing documentation for a struct field
   --> src/modes/context.rs:173:5
    |
173 |     pub size_bytes: usize,
    |     ^^^^^^^^^^^^^^^^^^^^^

warning: missing documentation for a struct field
   --> src/modes/context.rs:634:5
    |
634 |     pub active_contexts: usize,
    |     ^^^^^^^^^^^^^^^^^^^^^^^^^^

warning: missing documentation for a struct field
   --> src/modes/context.rs:635:5
    |
635 |     pub total_snapshots: usize,
    |     ^^^^^^^^^^^^^^^^^^^^^^^^^^

warning: missing documentation for a struct field
   --> src/modes/context.rs:636:5
    |
636 |     pub total_size_bytes: usize,
    |     ^^^^^^^^^^^^^^^^^^^^^^^^^^^

warning: missing documentation for a struct field
   --> src/modes/context.rs:637:5
    |
637 |     pub operations_count: usize,
    |     ^^^^^^^^^^^^^^^^^^^^^^^^^^^

warning: missing documentation for a struct field
   --> src/modes/context.rs:638:5
    |
638 |     pub modes_with_context: Vec<ModeType>,
    |     ^^^^^^^^^^^^^^^^^^^^^^^^^^^^^^^^^^^^^

warning: missing documentation for a struct field
  --> src/modes/detector.rs:74:5
   |
74 |     pub primary_mode: ModeType,
   |     ^^^^^^^^^^^^^^^^^^^^^^^^^^

warning: missing documentation for a struct field
  --> src/modes/detector.rs:75:5
   |
75 |     pub confidence: f32,
   |     ^^^^^^^^^^^^^^^^^^^

warning: missing documentation for a struct field
  --> src/modes/detector.rs:76:5
   |
76 |     pub scores: HashMap<ModeType, f32>,
   |     ^^^^^^^^^^^^^^^^^^^^^^^^^^^^^^^^^^

warning: missing documentation for a struct field
  --> src/modes/detector.rs:77:5
   |
77 |     pub reasoning: Vec<String>,
   |     ^^^^^^^^^^^^^^^^^^^^^^^^^^

warning: missing documentation for a struct field
  --> src/modes/detector.rs:78:5
   |
78 |     pub alternatives: Vec<(ModeType, f32)>,
   |     ^^^^^^^^^^^^^^^^^^^^^^^^^^^^^^^^^^^^^^

warning: missing documentation for a struct field
  --> src/modes/detector.rs:79:5
   |
79 |     pub consensus_insights: ConsensusInsights,
   |     ^^^^^^^^^^^^^^^^^^^^^^^^^^^^^^^^^^^^^^^^^

warning: missing documentation for a struct field
  --> src/modes/detector.rs:80:5
   |
80 |     pub preference_influence: f32,
   |     ^^^^^^^^^^^^^^^^^^^^^^^^^^^^^

warning: missing documentation for a struct field
  --> src/modes/detector.rs:86:5
   |
86 |     pub task_complexity: String,
   |     ^^^^^^^^^^^^^^^^^^^^^^^^^^^

warning: missing documentation for a struct field
  --> src/modes/detector.rs:87:5
   |
87 |     pub recommended_approach: String,
   |     ^^^^^^^^^^^^^^^^^^^^^^^^^^^^^^^^

warning: missing documentation for a struct field
  --> src/modes/detector.rs:88:5
   |
88 |     pub potential_challenges: Vec<String>,
   |     ^^^^^^^^^^^^^^^^^^^^^^^^^^^^^^^^^^^^^

warning: missing documentation for a struct field
  --> src/modes/detector.rs:89:5
   |
89 |     pub success_factors: Vec<String>,
   |     ^^^^^^^^^^^^^^^^^^^^^^^^^^^^^^^^

warning: missing documentation for a struct field
  --> src/modes/hybrid.rs:81:5
   |
81 |     pub id: String,
   |     ^^^^^^^^^^^^^^

warning: missing documentation for a struct field
  --> src/modes/hybrid.rs:82:5
   |
82 |     pub description: String,
   |     ^^^^^^^^^^^^^^^^^^^^^^^

warning: missing documentation for a struct field
  --> src/modes/hybrid.rs:83:5
   |
83 |     pub segments: Vec<TaskSegment>,
   |     ^^^^^^^^^^^^^^^^^^^^^^^^^^^^^^

warning: missing documentation for a struct field
  --> src/modes/hybrid.rs:84:5
   |
84 |     pub overall_complexity: f32,
   |     ^^^^^^^^^^^^^^^^^^^^^^^^^^^

warning: missing documentation for a struct field
  --> src/modes/hybrid.rs:85:5
   |
85 |     pub estimated_duration: std::time::Duration,
   |     ^^^^^^^^^^^^^^^^^^^^^^^^^^^^^^^^^^^^^^^^^^^

warning: missing documentation for a struct field
  --> src/modes/hybrid.rs:86:5
   |
86 |     pub mode_transitions: Vec<ModeTransition>,
   |     ^^^^^^^^^^^^^^^^^^^^^^^^^^^^^^^^^^^^^^^^^

warning: missing documentation for a struct field
  --> src/modes/hybrid.rs:92:5
   |
92 |     pub id: String,
   |     ^^^^^^^^^^^^^^

warning: missing documentation for a struct field
  --> src/modes/hybrid.rs:93:5
   |
93 |     pub description: String,
   |     ^^^^^^^^^^^^^^^^^^^^^^^

warning: missing documentation for a struct field
  --> src/modes/hybrid.rs:94:5
   |
94 |     pub mode: ModeType,
   |     ^^^^^^^^^^^^^^^^^^

warning: missing documentation for a struct field
  --> src/modes/hybrid.rs:95:5
   |
95 |     pub complexity: f32,
   |     ^^^^^^^^^^^^^^^^^^^

warning: missing documentation for a struct field
  --> src/modes/hybrid.rs:96:5
   |
96 |     pub dependencies: Vec<String>,
   |     ^^^^^^^^^^^^^^^^^^^^^^^^^^^^^

warning: missing documentation for a struct field
  --> src/modes/hybrid.rs:97:5
   |
97 |     pub estimated_duration: std::time::Duration,
   |     ^^^^^^^^^^^^^^^^^^^^^^^^^^^^^^^^^^^^^^^^^^^

warning: missing documentation for a struct field
  --> src/modes/hybrid.rs:98:5
   |
98 |     pub can_parallelize: bool,
   |     ^^^^^^^^^^^^^^^^^^^^^^^^^

warning: missing documentation for a struct field
   --> src/modes/hybrid.rs:104:5
    |
104 |     pub from_segment: String,
    |     ^^^^^^^^^^^^^^^^^^^^^^^^

warning: missing documentation for a struct field
   --> src/modes/hybrid.rs:105:5
    |
105 |     pub to_segment: String,
    |     ^^^^^^^^^^^^^^^^^^^^^^

warning: missing documentation for a struct field
   --> src/modes/hybrid.rs:106:5
    |
106 |     pub from_mode: ModeType,
    |     ^^^^^^^^^^^^^^^^^^^^^^^

warning: missing documentation for a struct field
   --> src/modes/hybrid.rs:107:5
    |
107 |     pub to_mode: ModeType,
    |     ^^^^^^^^^^^^^^^^^^^^^

warning: missing documentation for a struct field
   --> src/modes/hybrid.rs:108:5
    |
108 |     pub transition_reason: String,
    |     ^^^^^^^^^^^^^^^^^^^^^^^^^^^^^

warning: missing documentation for a struct field
   --> src/modes/hybrid.rs:125:5
    |
125 |     pub task_id: String,
    |     ^^^^^^^^^^^^^^^^^^^

warning: missing documentation for a struct field
   --> src/modes/hybrid.rs:126:5
    |
126 |     pub success: bool,
    |     ^^^^^^^^^^^^^^^^^

warning: missing documentation for a struct field
   --> src/modes/hybrid.rs:127:5
    |
127 |     pub segments_completed: usize,
    |     ^^^^^^^^^^^^^^^^^^^^^^^^^^^^^

warning: missing documentation for a struct field
   --> src/modes/hybrid.rs:128:5
    |
128 |     pub mode_switches: usize,
    |     ^^^^^^^^^^^^^^^^^^^^^^^^

warning: missing documentation for a struct field
   --> src/modes/hybrid.rs:129:5
    |
129 |     pub total_duration: std::time::Duration,
    |     ^^^^^^^^^^^^^^^^^^^^^^^^^^^^^^^^^^^^^^^

warning: missing documentation for a struct field
   --> src/modes/hybrid.rs:130:5
    |
130 |     pub mode_durations: HashMap<ModeType, std::time::Duration>,
    |     ^^^^^^^^^^^^^^^^^^^^^^^^^^^^^^^^^^^^^^^^^^^^^^^^^^^^^^^^^^

warning: missing documentation for a struct field
   --> src/modes/hybrid.rs:131:5
    |
131 |     pub insights: ExecutionInsights,
    |     ^^^^^^^^^^^^^^^^^^^^^^^^^^^^^^^

warning: missing documentation for a struct field
   --> src/modes/hybrid.rs:137:5
    |
137 |     pub optimal_mode_sequence: Vec<ModeType>,
    |     ^^^^^^^^^^^^^^^^^^^^^^^^^^^^^^^^^^^^^^^^

warning: missing documentation for a struct field
   --> src/modes/hybrid.rs:138:5
    |
138 |     pub bottlenecks: Vec<String>,
    |     ^^^^^^^^^^^^^^^^^^^^^^^^^^^^

warning: missing documentation for a struct field
   --> src/modes/hybrid.rs:139:5
    |
139 |     pub efficiency_score: f32,
    |     ^^^^^^^^^^^^^^^^^^^^^^^^^

warning: missing documentation for a struct field
   --> src/modes/hybrid.rs:140:5
    |
140 |     pub recommendations: Vec<String>,
    |     ^^^^^^^^^^^^^^^^^^^^^^^^^^^^^^^^

warning: missing documentation for a struct field
   --> src/modes/hybrid.rs:737:5
    |
737 |     pub total_tasks: usize,
    |     ^^^^^^^^^^^^^^^^^^^^^^

warning: missing documentation for a struct field
   --> src/modes/hybrid.rs:738:5
    |
738 |     pub average_progress: f32,
    |     ^^^^^^^^^^^^^^^^^^^^^^^^^

warning: missing documentation for a struct field
   --> src/modes/hybrid.rs:739:5
    |
739 |     pub mode_distribution: HashMap<ModeType, usize>,
    |     ^^^^^^^^^^^^^^^^^^^^^^^^^^^^^^^^^^^^^^^^^^^^^^^

warning: missing documentation for a struct field
   --> src/modes/hybrid.rs:740:5
    |
740 |     pub average_mode_switches: f32,
    |     ^^^^^^^^^^^^^^^^^^^^^^^^^^^^^^

warning: missing documentation for a struct field
  --> src/modes/preferences.rs:95:5
   |
95 |     pub base_preferences: BasePreferences,
   |     ^^^^^^^^^^^^^^^^^^^^^^^^^^^^^^^^^^^^^

warning: missing documentation for a struct field
  --> src/modes/preferences.rs:96:5
   |
96 |     pub learning_enabled: bool,
   |     ^^^^^^^^^^^^^^^^^^^^^^^^^^

warning: missing documentation for a struct field
  --> src/modes/preferences.rs:97:5
   |
97 |     pub adaptation_rate: f32,
   |     ^^^^^^^^^^^^^^^^^^^^^^^^

warning: missing documentation for a struct field
  --> src/modes/preferences.rs:98:5
   |
98 |     pub confidence_weights: ConfidenceWeights,
   |     ^^^^^^^^^^^^^^^^^^^^^^^^^^^^^^^^^^^^^^^^^

warning: missing documentation for a struct field
  --> src/modes/preferences.rs:99:5
   |
99 |     pub mode_biases: HashMap<ModeType, f32>,
   |     ^^^^^^^^^^^^^^^^^^^^^^^^^^^^^^^^^^^^^^^

warning: missing documentation for a struct field
   --> src/modes/preferences.rs:105:5
    |
105 |     pub historical: f32,
    |     ^^^^^^^^^^^^^^^^^^^

warning: missing documentation for a struct field
   --> src/modes/preferences.rs:106:5
    |
106 |     pub contextual: f32,
    |     ^^^^^^^^^^^^^^^^^^^

warning: missing documentation for a struct field
   --> src/modes/preferences.rs:107:5
    |
107 |     pub temporal: f32,
    |     ^^^^^^^^^^^^^^^^^

warning: missing documentation for a struct field
   --> src/modes/preferences.rs:108:5
    |
108 |     pub success_rate: f32,
    |     ^^^^^^^^^^^^^^^^^^^^^

warning: missing documentation for a struct field
   --> src/modes/preferences.rs:114:5
    |
114 |     pub total_detections: usize,
    |     ^^^^^^^^^^^^^^^^^^^^^^^^^^^

warning: missing documentation for a struct field
   --> src/modes/preferences.rs:115:5
    |
115 |     pub total_switches: usize,
    |     ^^^^^^^^^^^^^^^^^^^^^^^^^

warning: missing documentation for a struct field
   --> src/modes/preferences.rs:116:5
    |
116 |     pub detection_history: Vec<DetectionRecord>,
    |     ^^^^^^^^^^^^^^^^^^^^^^^^^^^^^^^^^^^^^^^^^^^

warning: missing documentation for a struct field
   --> src/modes/preferences.rs:117:5
    |
117 |     pub switch_history: Vec<SwitchRecord>,
    |     ^^^^^^^^^^^^^^^^^^^^^^^^^^^^^^^^^^^^^

warning: missing documentation for a struct field
   --> src/modes/preferences.rs:118:5
    |
118 |     pub pattern_cache: HashMap<String, Pattern>,
    |     ^^^^^^^^^^^^^^^^^^^^^^^^^^^^^^^^^^^^^^^^^^^

warning: missing documentation for a struct field
   --> src/modes/preferences.rs:124:5
    |
124 |     pub query: String,
    |     ^^^^^^^^^^^^^^^^^

warning: missing documentation for a struct field
   --> src/modes/preferences.rs:125:5
    |
125 |     pub detected_mode: ModeType,
    |     ^^^^^^^^^^^^^^^^^^^^^^^^^^^

warning: missing documentation for a struct field
   --> src/modes/preferences.rs:126:5
    |
126 |     pub actual_mode: Option<ModeType>,
    |     ^^^^^^^^^^^^^^^^^^^^^^^^^^^^^^^^^

warning: missing documentation for a struct field
   --> src/modes/preferences.rs:127:5
    |
127 |     pub confidence: f32,
    |     ^^^^^^^^^^^^^^^^^^^

warning: missing documentation for a struct field
   --> src/modes/preferences.rs:128:5
    |
128 |     pub timestamp: DateTime<Utc>,
    |     ^^^^^^^^^^^^^^^^^^^^^^^^^^^^

warning: missing documentation for a struct field
   --> src/modes/preferences.rs:129:5
    |
129 |     pub context_hash: String,
    |     ^^^^^^^^^^^^^^^^^^^^^^^^

warning: missing documentation for a struct field
   --> src/modes/preferences.rs:135:5
    |
135 |     pub from_mode: ModeType,
    |     ^^^^^^^^^^^^^^^^^^^^^^^

warning: missing documentation for a struct field
   --> src/modes/preferences.rs:136:5
    |
136 |     pub to_mode: ModeType,
    |     ^^^^^^^^^^^^^^^^^^^^^

warning: missing documentation for a struct field
   --> src/modes/preferences.rs:137:5
    |
137 |     pub success: bool,
    |     ^^^^^^^^^^^^^^^^^

warning: missing documentation for a struct field
   --> src/modes/preferences.rs:138:5
    |
138 |     pub duration: std::time::Duration,
    |     ^^^^^^^^^^^^^^^^^^^^^^^^^^^^^^^^^

warning: missing documentation for a struct field
   --> src/modes/preferences.rs:139:5
    |
139 |     pub timestamp: DateTime<Utc>,
    |     ^^^^^^^^^^^^^^^^^^^^^^^^^^^^

warning: missing documentation for a struct field
   --> src/modes/preferences.rs:140:5
    |
140 |     pub user_initiated: bool,
    |     ^^^^^^^^^^^^^^^^^^^^^^^^

warning: missing documentation for a struct field
   --> src/modes/preferences.rs:146:5
    |
146 |     pub pattern_type: PatternType,
    |     ^^^^^^^^^^^^^^^^^^^^^^^^^^^^^

warning: missing documentation for a struct field
   --> src/modes/preferences.rs:147:5
    |
147 |     pub confidence: f32,
    |     ^^^^^^^^^^^^^^^^^^^

warning: missing documentation for a struct field
   --> src/modes/preferences.rs:148:5
    |
148 |     pub occurrences: usize,
    |     ^^^^^^^^^^^^^^^^^^^^^^

warning: missing documentation for a struct field
   --> src/modes/preferences.rs:149:5
    |
149 |     pub last_seen: DateTime<Utc>,
    |     ^^^^^^^^^^^^^^^^^^^^^^^^^^^^

warning: missing documentation for a struct field
   --> src/modes/preferences.rs:150:5
    |
150 |     pub data: PatternData,
    |     ^^^^^^^^^^^^^^^^^^^^^

warning: missing documentation for a variant
   --> src/modes/preferences.rs:156:5
    |
156 |     QueryMode,
    |     ^^^^^^^^^

warning: missing documentation for a variant
   --> src/modes/preferences.rs:157:5
    |
157 |     SwitchSequence,
    |     ^^^^^^^^^^^^^^

warning: missing documentation for a variant
   --> src/modes/preferences.rs:158:5
    |
158 |     TimeBasedMode,
    |     ^^^^^^^^^^^^^

warning: missing documentation for a variant
   --> src/modes/preferences.rs:159:5
    |
159 |     ContextualMode,
    |     ^^^^^^^^^^^^^^

warning: missing documentation for a variant
   --> src/modes/preferences.rs:165:5
    |
165 |     QueryMode {
    |     ^^^^^^^^^

warning: missing documentation for a struct field
   --> src/modes/preferences.rs:166:9
    |
166 |         query_pattern: String,
    |         ^^^^^^^^^^^^^^^^^^^^^

warning: missing documentation for a struct field
   --> src/modes/preferences.rs:167:9
    |
167 |         preferred_mode: ModeType,
    |         ^^^^^^^^^^^^^^^^^^^^^^^^

warning: missing documentation for a variant
   --> src/modes/preferences.rs:169:5
    |
169 |     SwitchSequence {
    |     ^^^^^^^^^^^^^^

warning: missing documentation for a struct field
   --> src/modes/preferences.rs:170:9
    |
170 |         sequence: Vec<ModeType>,
    |         ^^^^^^^^^^^^^^^^^^^^^^^

warning: missing documentation for a struct field
   --> src/modes/preferences.rs:171:9
    |
171 |         frequency: f32,
    |         ^^^^^^^^^^^^^^

warning: missing documentation for a variant
   --> src/modes/preferences.rs:173:5
    |
173 |     TimeBasedMode {
    |     ^^^^^^^^^^^^^

warning: missing documentation for a struct field
   --> src/modes/preferences.rs:174:9
    |
174 |         hour_range: (u32, u32),
    |         ^^^^^^^^^^^^^^^^^^^^^^

warning: missing documentation for a struct field
   --> src/modes/preferences.rs:175:9
    |
175 |         preferred_mode: ModeType,
    |         ^^^^^^^^^^^^^^^^^^^^^^^^

warning: missing documentation for a variant
   --> src/modes/preferences.rs:177:5
    |
177 |     ContextualMode {
    |     ^^^^^^^^^^^^^^

warning: missing documentation for a struct field
   --> src/modes/preferences.rs:178:9
    |
178 |         context_features: Vec<String>,
    |         ^^^^^^^^^^^^^^^^^^^^^^^^^^^^^

warning: missing documentation for a struct field
   --> src/modes/preferences.rs:179:9
    |
179 |         mode_affinity: HashMap<ModeType, f32>,
    |         ^^^^^^^^^^^^^^^^^^^^^^^^^^^^^^^^^^^^^

warning: missing documentation for a struct field
  --> src/modes/switcher.rs:77:5
   |
77 |     pub success: bool,
   |     ^^^^^^^^^^^^^^^^^

warning: missing documentation for a struct field
  --> src/modes/switcher.rs:78:5
   |
78 |     pub from_mode: ModeType,
   |     ^^^^^^^^^^^^^^^^^^^^^^^

warning: missing documentation for a struct field
  --> src/modes/switcher.rs:79:5
   |
79 |     pub to_mode: ModeType,
   |     ^^^^^^^^^^^^^^^^^^^^^

warning: missing documentation for a struct field
  --> src/modes/switcher.rs:80:5
   |
80 |     pub duration: std::time::Duration,
   |     ^^^^^^^^^^^^^^^^^^^^^^^^^^^^^^^^^

warning: missing documentation for a struct field
  --> src/modes/switcher.rs:81:5
   |
81 |     pub context_transformation: ContextTransformation,
   |     ^^^^^^^^^^^^^^^^^^^^^^^^^^^^^^^^^^^^^^^^^^^^^^^^^

warning: missing documentation for a struct field
  --> src/modes/switcher.rs:82:5
   |
82 |     pub warnings: Vec<String>,
   |     ^^^^^^^^^^^^^^^^^^^^^^^^^

warning: missing documentation for a struct field
  --> src/modes/switcher.rs:83:5
   |
83 |     pub recommendations: Vec<String>,
   |     ^^^^^^^^^^^^^^^^^^^^^^^^^^^^^^^^

warning: missing documentation for a struct field
  --> src/modes/switcher.rs:84:5
   |
84 |     pub rollback_available: bool,
   |     ^^^^^^^^^^^^^^^^^^^^^^^^^^^^

warning: missing documentation for a struct field
  --> src/modes/switcher.rs:90:5
   |
90 |     pub items_preserved: usize,
   |     ^^^^^^^^^^^^^^^^^^^^^^^^^^

warning: missing documentation for a struct field
  --> src/modes/switcher.rs:91:5
   |
91 |     pub items_transformed: usize,
   |     ^^^^^^^^^^^^^^^^^^^^^^^^^^^^

warning: missing documentation for a struct field
  --> src/modes/switcher.rs:92:5
   |
92 |     pub items_dropped: usize,
   |     ^^^^^^^^^^^^^^^^^^^^^^^^

warning: missing documentation for a struct field
  --> src/modes/switcher.rs:93:5
   |
93 |     pub transformation_quality: f32,
   |     ^^^^^^^^^^^^^^^^^^^^^^^^^^^^^^^

warning: missing documentation for a struct field
  --> src/modes/switcher.rs:94:5
   |
94 |     pub details: Vec<TransformationDetail>,
   |     ^^^^^^^^^^^^^^^^^^^^^^^^^^^^^^^^^^^^^^

warning: missing documentation for a struct field
   --> src/modes/switcher.rs:100:5
    |
100 |     pub item_type: String,
    |     ^^^^^^^^^^^^^^^^^^^^^

warning: missing documentation for a struct field
   --> src/modes/switcher.rs:101:5
    |
101 |     pub action: TransformationAction,
    |     ^^^^^^^^^^^^^^^^^^^^^^^^^^^^^^^^

warning: missing documentation for a struct field
   --> src/modes/switcher.rs:102:5
    |
102 |     pub reason: String,
    |     ^^^^^^^^^^^^^^^^^^

warning: missing documentation for a variant
   --> src/modes/switcher.rs:108:5
    |
108 |     Preserved,
    |     ^^^^^^^^^

warning: missing documentation for a variant
   --> src/modes/switcher.rs:109:5
    |
109 |     Transformed,
    |     ^^^^^^^^^^^

warning: missing documentation for a variant
   --> src/modes/switcher.rs:110:5
    |
110 |     Dropped,
    |     ^^^^^^^

warning: missing documentation for a variant
   --> src/modes/switcher.rs:111:5
    |
111 |     Enhanced,
    |     ^^^^^^^^

warning: missing documentation for a struct field
   --> src/modes/switcher.rs:863:5
    |
863 |     pub total_transitions: usize,
    |     ^^^^^^^^^^^^^^^^^^^^^^^^^^^^

warning: missing documentation for a struct field
   --> src/modes/switcher.rs:864:5
    |
864 |     pub success_rate: f32,
    |     ^^^^^^^^^^^^^^^^^^^^^

warning: missing documentation for a struct field
   --> src/modes/switcher.rs:865:5
    |
865 |     pub average_duration: std::time::Duration,
    |     ^^^^^^^^^^^^^^^^^^^^^^^^^^^^^^^^^^^^^^^^^

warning: missing documentation for a struct field
   --> src/modes/switcher.rs:866:5
    |
866 |     pub mode_preferences: HashMap<ModeType, f32>,
    |     ^^^^^^^^^^^^^^^^^^^^^^^^^^^^^^^^^^^^^^^^^^^^

warning: missing documentation for a struct field
   --> src/modes/switcher.rs:867:5
    |
867 |     pub common_paths: Vec<(Vec<ModeType>, usize)>,
    |     ^^^^^^^^^^^^^^^^^^^^^^^^^^^^^^^^^^^^^^^^^^^^^

warning: missing documentation for a struct field
  --> src/modes/visualization.rs:26:5
   |
26 |     pub current_mode: ModeType,
   |     ^^^^^^^^^^^^^^^^^^^^^^^^^^

warning: missing documentation for a struct field
  --> src/modes/visualization.rs:27:5
   |
27 |     pub confidence: f32,
   |     ^^^^^^^^^^^^^^^^^^^

warning: missing documentation for a struct field
  --> src/modes/visualization.rs:28:5
   |
28 |     pub active_duration: std::time::Duration,
   |     ^^^^^^^^^^^^^^^^^^^^^^^^^^^^^^^^^^^^^^^^

warning: missing documentation for a struct field
  --> src/modes/visualization.rs:29:5
   |
29 |     pub last_switch: Option<DateTime<Utc>>,
   |     ^^^^^^^^^^^^^^^^^^^^^^^^^^^^^^^^^^^^^^

warning: missing documentation for a struct field
  --> src/modes/visualization.rs:30:5
   |
30 |     pub context_items: usize,
   |     ^^^^^^^^^^^^^^^^^^^^^^^^

warning: missing documentation for a struct field
  --> src/modes/visualization.rs:31:5
   |
31 |     pub health: HealthStatus,
   |     ^^^^^^^^^^^^^^^^^^^^^^^^

warning: missing documentation for a variant
  --> src/modes/visualization.rs:37:5
   |
37 |     Excellent,
   |     ^^^^^^^^^

warning: missing documentation for a variant
  --> src/modes/visualization.rs:38:5
   |
38 |     Good,
   |     ^^^^

warning: missing documentation for a variant
  --> src/modes/visualization.rs:39:5
   |
39 |     Warning,
   |     ^^^^^^^

warning: missing documentation for a variant
  --> src/modes/visualization.rs:40:5
   |
40 |     Critical,
   |     ^^^^^^^^

warning: missing documentation for a struct field
   --> src/modes/visualization.rs:491:5
    |
491 |     pub enable_animations: bool,
    |     ^^^^^^^^^^^^^^^^^^^^^^^^^^^

warning: missing documentation for a struct field
   --> src/modes/visualization.rs:492:5
    |
492 |     pub show_confidence_bar: bool,
    |     ^^^^^^^^^^^^^^^^^^^^^^^^^^^^^

warning: missing documentation for a struct field
   --> src/modes/visualization.rs:493:5
    |
493 |     pub show_health_status: bool,
    |     ^^^^^^^^^^^^^^^^^^^^^^^^^^^^

warning: missing documentation for a struct field
   --> src/modes/visualization.rs:494:5
    |
494 |     pub history_size: usize,
    |     ^^^^^^^^^^^^^^^^^^^^^^^

warning: missing documentation for a struct field
   --> src/modes/visualization.rs:495:5
    |
495 |     pub update_interval: std::time::Duration,
    |     ^^^^^^^^^^^^^^^^^^^^^^^^^^^^^^^^^^^^^^^^

warning: missing documentation for a struct field
   --> src/planning/mod.rs:315:5
    |
315 |     pub plan_id: String,
    |     ^^^^^^^^^^^^^^^^^^^

warning: missing documentation for a struct field
   --> src/planning/mod.rs:316:5
    |
316 |     pub executed_tasks: usize,
    |     ^^^^^^^^^^^^^^^^^^^^^^^^^

warning: missing documentation for a struct field
   --> src/planning/mod.rs:317:5
    |
317 |     pub failed_tasks: Vec<Task>,
    |     ^^^^^^^^^^^^^^^^^^^^^^^^^^^

warning: missing documentation for a struct field
   --> src/planning/mod.rs:318:5
    |
318 |     pub duration: std::time::Duration,
    |     ^^^^^^^^^^^^^^^^^^^^^^^^^^^^^^^^^

warning: missing documentation for a struct field
   --> src/planning/mod.rs:319:5
    |
319 |     pub mode: ModeType,
    |     ^^^^^^^^^^^^^^^^^^

warning: missing documentation for a struct field
   --> src/planning/mod.rs:325:5
    |
325 |     pub task_id: String,
    |     ^^^^^^^^^^^^^^^^^^^

warning: missing documentation for a struct field
   --> src/planning/mod.rs:326:5
    |
326 |     pub success: bool,
    |     ^^^^^^^^^^^^^^^^^

warning: missing documentation for a struct field
   --> src/planning/mod.rs:327:5
    |
327 |     pub output: String,
    |     ^^^^^^^^^^^^^^^^^^

warning: missing documentation for a struct field
   --> src/planning/mod.rs:328:5
    |
328 |     pub duration: std::time::Duration,
    |     ^^^^^^^^^^^^^^^^^^^^^^^^^^^^^^^^^

warning: missing documentation for a struct field
   --> src/planning/mod.rs:329:5
    |
329 |     pub timestamp: DateTime<Utc>,
    |     ^^^^^^^^^^^^^^^^^^^^^^^^^^^^

warning: missing documentation for a struct field
   --> src/planning/mod.rs:335:5
    |
335 |     pub mode: ModeType,
    |     ^^^^^^^^^^^^^^^^^^

warning: missing documentation for a struct field
   --> src/planning/mod.rs:336:5
    |
336 |     pub confidence: f32,
    |     ^^^^^^^^^^^^^^^^^^^

warning: missing documentation for a struct field
   --> src/planning/mod.rs:337:5
    |
337 |     pub explanation: String,
    |     ^^^^^^^^^^^^^^^^^^^^^^^

warning: missing documentation for a struct field
   --> src/planning/mod.rs:338:5
    |
338 |     pub alternatives: Vec<(ModeType, f32)>,
    |     ^^^^^^^^^^^^^^^^^^^^^^^^^^^^^^^^^^^^^^

warning: missing documentation for a struct field
  --> src/planning/collaborative.rs:21:5
   |
21 |     pub id: String,
   |     ^^^^^^^^^^^^^^

warning: missing documentation for a struct field
  --> src/planning/collaborative.rs:22:5
   |
22 |     pub plan_id: String,
   |     ^^^^^^^^^^^^^^^^^^^

warning: missing documentation for a struct field
  --> src/planning/collaborative.rs:23:5
   |
23 |     pub participants: Vec<Participant>,
   |     ^^^^^^^^^^^^^^^^^^^^^^^^^^^^^^^^^^

warning: missing documentation for a struct field
  --> src/planning/collaborative.rs:24:5
   |
24 |     pub assignments: HashMap<String, Assignment>,
   |     ^^^^^^^^^^^^^^^^^^^^^^^^^^^^^^^^^^^^^^^^^^^^

warning: missing documentation for a struct field
  --> src/planning/collaborative.rs:25:5
   |
25 |     pub conflicts: Vec<Conflict>,
   |     ^^^^^^^^^^^^^^^^^^^^^^^^^^^^

warning: missing documentation for a struct field
  --> src/planning/collaborative.rs:26:5
   |
26 |     pub comments: Vec<Comment>,
   |     ^^^^^^^^^^^^^^^^^^^^^^^^^^

warning: missing documentation for a struct field
  --> src/planning/collaborative.rs:27:5
   |
27 |     pub votes: HashMap<String, Vec<Vote>>,
   |     ^^^^^^^^^^^^^^^^^^^^^^^^^^^^^^^^^^^^^

warning: missing documentation for a struct field
  --> src/planning/collaborative.rs:28:5
   |
28 |     pub created_at: DateTime<Utc>,
   |     ^^^^^^^^^^^^^^^^^^^^^^^^^^^^^

warning: missing documentation for a struct field
  --> src/planning/collaborative.rs:29:5
   |
29 |     pub updated_at: DateTime<Utc>,
   |     ^^^^^^^^^^^^^^^^^^^^^^^^^^^^^

warning: missing documentation for a struct field
  --> src/planning/collaborative.rs:35:5
   |
35 |     pub id: String,
   |     ^^^^^^^^^^^^^^

warning: missing documentation for a struct field
  --> src/planning/collaborative.rs:36:5
   |
36 |     pub name: String,
   |     ^^^^^^^^^^^^^^^^

warning: missing documentation for a struct field
  --> src/planning/collaborative.rs:37:5
   |
37 |     pub role: TeamRole,
   |     ^^^^^^^^^^^^^^^^^^

warning: missing documentation for a struct field
  --> src/planning/collaborative.rs:38:5
   |
38 |     pub skills: Vec<String>,
   |     ^^^^^^^^^^^^^^^^^^^^^^^

warning: missing documentation for a struct field
  --> src/planning/collaborative.rs:39:5
   |
39 |     pub availability: Availability,
   |     ^^^^^^^^^^^^^^^^^^^^^^^^^^^^^^

warning: missing documentation for a struct field
  --> src/planning/collaborative.rs:40:5
   |
40 |     pub workload: f32, // Current workload percentage
   |     ^^^^^^^^^^^^^^^^^

warning: missing documentation for a variant
  --> src/planning/collaborative.rs:46:5
   |
46 |     Lead,
   |     ^^^^

warning: missing documentation for a variant
  --> src/planning/collaborative.rs:47:5
   |
47 |     Developer,
   |     ^^^^^^^^^

warning: missing documentation for a variant
  --> src/planning/collaborative.rs:48:5
   |
48 |     Designer,
   |     ^^^^^^^^

warning: missing documentation for a variant
  --> src/planning/collaborative.rs:49:5
   |
49 |     Tester,
   |     ^^^^^^

warning: missing documentation for a variant
  --> src/planning/collaborative.rs:50:5
   |
50 |     Reviewer,
   |     ^^^^^^^^

warning: missing documentation for a variant
  --> src/planning/collaborative.rs:51:5
   |
51 |     Observer,
   |     ^^^^^^^^

warning: missing documentation for a struct field
  --> src/planning/collaborative.rs:57:5
   |
57 |     pub hours_per_day: f32,
   |     ^^^^^^^^^^^^^^^^^^^^^^

warning: missing documentation for a struct field
  --> src/planning/collaborative.rs:58:5
   |
58 |     pub days_available: Vec<chrono::Weekday>,
   |     ^^^^^^^^^^^^^^^^^^^^^^^^^^^^^^^^^^^^^^^^

warning: missing documentation for a struct field
  --> src/planning/collaborative.rs:59:5
   |
59 |     pub unavailable_dates: Vec<DateTime<Utc>>,
   |     ^^^^^^^^^^^^^^^^^^^^^^^^^^^^^^^^^^^^^^^^^

warning: missing documentation for a struct field
  --> src/planning/collaborative.rs:65:5
   |
65 |     pub task_id: String,
   |     ^^^^^^^^^^^^^^^^^^^

warning: missing documentation for a struct field
  --> src/planning/collaborative.rs:66:5
   |
66 |     pub assignee_id: String,
   |     ^^^^^^^^^^^^^^^^^^^^^^^

warning: missing documentation for a struct field
  --> src/planning/collaborative.rs:67:5
   |
67 |     pub assigned_by: String,
   |     ^^^^^^^^^^^^^^^^^^^^^^^

warning: missing documentation for a struct field
  --> src/planning/collaborative.rs:68:5
   |
68 |     pub assigned_at: DateTime<Utc>,
   |     ^^^^^^^^^^^^^^^^^^^^^^^^^^^^^^

warning: missing documentation for a struct field
  --> src/planning/collaborative.rs:69:5
   |
69 |     pub estimated_effort: f32, // Hours
   |     ^^^^^^^^^^^^^^^^^^^^^^^^^

warning: missing documentation for a struct field
  --> src/planning/collaborative.rs:70:5
   |
70 |     pub status: AssignmentStatus,
   |     ^^^^^^^^^^^^^^^^^^^^^^^^^^^^

warning: missing documentation for a struct field
  --> src/planning/collaborative.rs:71:5
   |
71 |     pub notes: String,
   |     ^^^^^^^^^^^^^^^^^

warning: missing documentation for an enum
  --> src/planning/collaborative.rs:75:1
   |
75 | pub enum AssignmentStatus {
   | ^^^^^^^^^^^^^^^^^^^^^^^^^

warning: missing documentation for a variant
  --> src/planning/collaborative.rs:76:5
   |
76 |     Proposed,
   |     ^^^^^^^^

warning: missing documentation for a variant
  --> src/planning/collaborative.rs:77:5
   |
77 |     Accepted,
   |     ^^^^^^^^

warning: missing documentation for a variant
  --> src/planning/collaborative.rs:78:5
   |
78 |     Declined,
   |     ^^^^^^^^

warning: missing documentation for a variant
  --> src/planning/collaborative.rs:79:5
   |
79 |     InProgress,
   |     ^^^^^^^^^^

warning: missing documentation for a variant
  --> src/planning/collaborative.rs:80:5
   |
80 |     Completed,
   |     ^^^^^^^^^

warning: missing documentation for a struct field
  --> src/planning/collaborative.rs:86:5
   |
86 |     pub id: String,
   |     ^^^^^^^^^^^^^^

warning: missing documentation for a struct field
  --> src/planning/collaborative.rs:87:5
   |
87 |     pub conflict_type: ConflictType,
   |     ^^^^^^^^^^^^^^^^^^^^^^^^^^^^^^^

warning: missing documentation for a struct field
  --> src/planning/collaborative.rs:88:5
   |
88 |     pub affected_items: Vec<String>,
   |     ^^^^^^^^^^^^^^^^^^^^^^^^^^^^^^^

warning: missing documentation for a struct field
  --> src/planning/collaborative.rs:89:5
   |
89 |     pub description: String,
   |     ^^^^^^^^^^^^^^^^^^^^^^^

warning: missing documentation for a struct field
  --> src/planning/collaborative.rs:90:5
   |
90 |     pub severity: ConflictSeverity,
   |     ^^^^^^^^^^^^^^^^^^^^^^^^^^^^^^

warning: missing documentation for a struct field
  --> src/planning/collaborative.rs:91:5
   |
91 |     pub resolution_options: Vec<ResolutionOption>,
   |     ^^^^^^^^^^^^^^^^^^^^^^^^^^^^^^^^^^^^^^^^^^^^^

warning: missing documentation for a struct field
  --> src/planning/collaborative.rs:92:5
   |
92 |     pub resolved: bool,
   |     ^^^^^^^^^^^^^^^^^^

warning: missing documentation for an enum
  --> src/planning/collaborative.rs:96:1
   |
96 | pub enum ConflictType {
   | ^^^^^^^^^^^^^^^^^^^^^

warning: missing documentation for a variant
  --> src/planning/collaborative.rs:97:5
   |
97 |     ResourceOverload,
   |     ^^^^^^^^^^^^^^^^

warning: missing documentation for a variant
  --> src/planning/collaborative.rs:98:5
   |
98 |     ScheduleConflict,
   |     ^^^^^^^^^^^^^^^^

warning: missing documentation for a variant
  --> src/planning/collaborative.rs:99:5
   |
99 |     SkillMismatch,
   |     ^^^^^^^^^^^^^

warning: missing documentation for a variant
   --> src/planning/collaborative.rs:100:5
    |
100 |     DependencyIssue,
    |     ^^^^^^^^^^^^^^^

warning: missing documentation for a variant
   --> src/planning/collaborative.rs:101:5
    |
101 |     PriorityDisagreement,
    |     ^^^^^^^^^^^^^^^^^^^^

warning: missing documentation for an enum
   --> src/planning/collaborative.rs:105:1
    |
105 | pub enum ConflictSeverity {
    | ^^^^^^^^^^^^^^^^^^^^^^^^^

warning: missing documentation for a variant
   --> src/planning/collaborative.rs:106:5
    |
106 |     Critical,
    |     ^^^^^^^^

warning: missing documentation for a variant
   --> src/planning/collaborative.rs:107:5
    |
107 |     High,
    |     ^^^^

warning: missing documentation for a variant
   --> src/planning/collaborative.rs:108:5
    |
108 |     Medium,
    |     ^^^^^^

warning: missing documentation for a variant
   --> src/planning/collaborative.rs:109:5
    |
109 |     Low,
    |     ^^^

warning: missing documentation for a struct field
   --> src/planning/collaborative.rs:115:5
    |
115 |     pub id: String,
    |     ^^^^^^^^^^^^^^

warning: missing documentation for a struct field
   --> src/planning/collaborative.rs:116:5
    |
116 |     pub description: String,
    |     ^^^^^^^^^^^^^^^^^^^^^^^

warning: missing documentation for a struct field
   --> src/planning/collaborative.rs:117:5
    |
117 |     pub impact: String,
    |     ^^^^^^^^^^^^^^^^^^

warning: missing documentation for a struct field
   --> src/planning/collaborative.rs:118:5
    |
118 |     pub effort: f32,
    |     ^^^^^^^^^^^^^^^

warning: missing documentation for a struct field
   --> src/planning/collaborative.rs:124:5
    |
124 |     pub id: String,
    |     ^^^^^^^^^^^^^^

warning: missing documentation for a struct field
   --> src/planning/collaborative.rs:125:5
    |
125 |     pub author_id: String,
    |     ^^^^^^^^^^^^^^^^^^^^^

warning: missing documentation for a struct field
   --> src/planning/collaborative.rs:126:5
    |
126 |     pub target_id: String, // Task, assignment, or plan ID
    |     ^^^^^^^^^^^^^^^^^^^^^

warning: missing documentation for a struct field
   --> src/planning/collaborative.rs:127:5
    |
127 |     pub target_type: CommentTarget,
    |     ^^^^^^^^^^^^^^^^^^^^^^^^^^^^^^

warning: missing documentation for a struct field
   --> src/planning/collaborative.rs:128:5
    |
128 |     pub content: String,
    |     ^^^^^^^^^^^^^^^^^^^

warning: missing documentation for a struct field
   --> src/planning/collaborative.rs:129:5
    |
129 |     pub created_at: DateTime<Utc>,
    |     ^^^^^^^^^^^^^^^^^^^^^^^^^^^^^

warning: missing documentation for a struct field
   --> src/planning/collaborative.rs:130:5
    |
130 |     pub parent_id: Option<String>, // For threaded comments
    |     ^^^^^^^^^^^^^^^^^^^^^^^^^^^^^

warning: missing documentation for an enum
   --> src/planning/collaborative.rs:134:1
    |
134 | pub enum CommentTarget {
    | ^^^^^^^^^^^^^^^^^^^^^^

warning: missing documentation for a variant
   --> src/planning/collaborative.rs:135:5
    |
135 |     Plan,
    |     ^^^^

warning: missing documentation for a variant
   --> src/planning/collaborative.rs:136:5
    |
136 |     Task,
    |     ^^^^

warning: missing documentation for a variant
   --> src/planning/collaborative.rs:137:5
    |
137 |     Assignment,
    |     ^^^^^^^^^^

warning: missing documentation for a variant
   --> src/planning/collaborative.rs:138:5
    |
138 |     Risk,
    |     ^^^^

warning: missing documentation for a variant
   --> src/planning/collaborative.rs:139:5
    |
139 |     Conflict,
    |     ^^^^^^^^

warning: missing documentation for a struct field
   --> src/planning/collaborative.rs:145:5
    |
145 |     pub voter_id: String,
    |     ^^^^^^^^^^^^^^^^^^^^

warning: missing documentation for a struct field
   --> src/planning/collaborative.rs:146:5
    |
146 |     pub vote_type: VoteType,
    |     ^^^^^^^^^^^^^^^^^^^^^^^

warning: missing documentation for a struct field
   --> src/planning/collaborative.rs:147:5
    |
147 |     pub reason: Option<String>,
    |     ^^^^^^^^^^^^^^^^^^^^^^^^^^

warning: missing documentation for a struct field
   --> src/planning/collaborative.rs:148:5
    |
148 |     pub timestamp: DateTime<Utc>,
    |     ^^^^^^^^^^^^^^^^^^^^^^^^^^^^

warning: missing documentation for an enum
   --> src/planning/collaborative.rs:152:1
    |
152 | pub enum VoteType {
    | ^^^^^^^^^^^^^^^^^

warning: missing documentation for a variant
   --> src/planning/collaborative.rs:153:5
    |
153 |     Approve,
    |     ^^^^^^^

warning: missing documentation for a variant
   --> src/planning/collaborative.rs:154:5
    |
154 |     Reject,
    |     ^^^^^^

warning: missing documentation for a variant
   --> src/planning/collaborative.rs:155:5
    |
155 |     Abstain,
    |     ^^^^^^^

warning: missing documentation for an associated function
   --> src/planning/collaborative.rs:159:5
    |
159 |     pub fn new() -> Self {
    |     ^^^^^^^^^^^^^^^^^^^^

warning: missing documentation for a variant
   --> src/planning/collaborative.rs:645:5
    |
645 |     NoVotes,
    |     ^^^^^^^

warning: missing documentation for a variant
   --> src/planning/collaborative.rs:646:5
    |
646 |     StrongConsensus,
    |     ^^^^^^^^^^^^^^^

warning: missing documentation for a variant
   --> src/planning/collaborative.rs:647:5
    |
647 |     WeakConsensus,
    |     ^^^^^^^^^^^^^

warning: missing documentation for a variant
   --> src/planning/collaborative.rs:648:5
    |
648 |     NoConsensus,
    |     ^^^^^^^^^^^

warning: missing documentation for a variant
   --> src/planning/collaborative.rs:649:5
    |
649 |     Rejected,
    |     ^^^^^^^^

warning: missing documentation for an associated function
  --> src/planning/decomposer.rs:26:5
   |
26 |     pub fn new() -> Self {
   |     ^^^^^^^^^^^^^^^^^^^^

warning: missing documentation for an associated function
  --> src/planning/dependency_resolver.rs:18:5
   |
18 |     pub fn new() -> Self {
   |     ^^^^^^^^^^^^^^^^^^^^

warning: missing documentation for a struct field
   --> src/planning/dependency_resolver.rs:404:5
    |
404 |     pub task_id: String,
    |     ^^^^^^^^^^^^^^^^^^^

warning: missing documentation for a struct field
   --> src/planning/dependency_resolver.rs:405:5
    |
405 |     pub issue_type: IssueType,
    |     ^^^^^^^^^^^^^^^^^^^^^^^^^

warning: missing documentation for a struct field
   --> src/planning/dependency_resolver.rs:406:5
    |
406 |     pub description: String,
    |     ^^^^^^^^^^^^^^^^^^^^^^^

warning: missing documentation for a struct field
   --> src/planning/dependency_resolver.rs:407:5
    |
407 |     pub severity: IssueSeverity,
    |     ^^^^^^^^^^^^^^^^^^^^^^^^^^^

warning: missing documentation for an enum
   --> src/planning/dependency_resolver.rs:411:1
    |
411 | pub enum IssueType {
    | ^^^^^^^^^^^^^^^^^^

warning: missing documentation for a variant
   --> src/planning/dependency_resolver.rs:412:5
    |
412 |     MissingDependency,
    |     ^^^^^^^^^^^^^^^^^

warning: missing documentation for a variant
   --> src/planning/dependency_resolver.rs:413:5
    |
413 |     SelfDependency,
    |     ^^^^^^^^^^^^^^

warning: missing documentation for a variant
   --> src/planning/dependency_resolver.rs:414:5
    |
414 |     CircularDependency,
    |     ^^^^^^^^^^^^^^^^^^

warning: missing documentation for a variant
   --> src/planning/dependency_resolver.rs:415:5
    |
415 |     RedundantDependency,
    |     ^^^^^^^^^^^^^^^^^^^

warning: missing documentation for an enum
   --> src/planning/dependency_resolver.rs:419:1
    |
419 | pub enum IssueSeverity {
    | ^^^^^^^^^^^^^^^^^^^^^^

warning: missing documentation for a variant
   --> src/planning/dependency_resolver.rs:420:5
    |
420 |     Error,
    |     ^^^^^

warning: missing documentation for a variant
   --> src/planning/dependency_resolver.rs:421:5
    |
421 |     Warning,
    |     ^^^^^^^

warning: missing documentation for a variant
   --> src/planning/dependency_resolver.rs:422:5
    |
422 |     Info,
    |     ^^^^

warning: missing documentation for a struct field
  --> src/planning/integration.rs:16:5
   |
16 |     pub project_structure: ProjectStructure,
   |     ^^^^^^^^^^^^^^^^^^^^^^^^^^^^^^^^^^^^^^^

warning: missing documentation for a struct field
  --> src/planning/integration.rs:17:5
   |
17 |     pub code_metrics: CodeMetrics,
   |     ^^^^^^^^^^^^^^^^^^^^^^^^^^^^^

warning: missing documentation for a struct field
  --> src/planning/integration.rs:18:5
   |
18 |     pub dependencies: DependencyInfo,
   |     ^^^^^^^^^^^^^^^^^^^^^^^^^^^^^^^^

warning: missing documentation for a struct field
  --> src/planning/integration.rs:19:5
   |
19 |     pub quality_indicators: QualityIndicators,
   |     ^^^^^^^^^^^^^^^^^^^^^^^^^^^^^^^^^^^^^^^^^

warning: missing documentation for a struct field
  --> src/planning/integration.rs:20:5
   |
20 |     pub team_patterns: TeamPatterns,
   |     ^^^^^^^^^^^^^^^^^^^^^^^^^^^^^^^

warning: missing documentation for a struct field
  --> src/planning/integration.rs:26:5
   |
26 |     pub root_path: PathBuf,
   |     ^^^^^^^^^^^^^^^^^^^^^^

warning: missing documentation for a struct field
  --> src/planning/integration.rs:27:5
   |
27 |     pub source_directories: Vec<PathBuf>,
   |     ^^^^^^^^^^^^^^^^^^^^^^^^^^^^^^^^^^^^

warning: missing documentation for a struct field
  --> src/planning/integration.rs:28:5
   |
28 |     pub test_directories: Vec<PathBuf>,
   |     ^^^^^^^^^^^^^^^^^^^^^^^^^^^^^^^^^^

warning: missing documentation for a struct field
  --> src/planning/integration.rs:29:5
   |
29 |     pub documentation_paths: Vec<PathBuf>,
   |     ^^^^^^^^^^^^^^^^^^^^^^^^^^^^^^^^^^^^^

warning: missing documentation for a struct field
  --> src/planning/integration.rs:30:5
   |
30 |     pub configuration_files: Vec<PathBuf>,
   |     ^^^^^^^^^^^^^^^^^^^^^^^^^^^^^^^^^^^^^

warning: missing documentation for a struct field
  --> src/planning/integration.rs:31:5
   |
31 |     pub total_files: usize,
   |     ^^^^^^^^^^^^^^^^^^^^^^

warning: missing documentation for a struct field
  --> src/planning/integration.rs:32:5
   |
32 |     pub languages: HashMap<String, LanguageStats>,
   |     ^^^^^^^^^^^^^^^^^^^^^^^^^^^^^^^^^^^^^^^^^^^^^

warning: missing documentation for a struct field
  --> src/planning/integration.rs:38:5
   |
38 |     pub file_count: usize,
   |     ^^^^^^^^^^^^^^^^^^^^^

warning: missing documentation for a struct field
  --> src/planning/integration.rs:39:5
   |
39 |     pub line_count: usize,
   |     ^^^^^^^^^^^^^^^^^^^^^

warning: missing documentation for a struct field
  --> src/planning/integration.rs:40:5
   |
40 |     pub percentage: f32,
   |     ^^^^^^^^^^^^^^^^^^^

warning: missing documentation for a struct field
  --> src/planning/integration.rs:46:5
   |
46 |     pub total_lines: usize,
   |     ^^^^^^^^^^^^^^^^^^^^^^

warning: missing documentation for a struct field
  --> src/planning/integration.rs:47:5
   |
47 |     pub code_lines: usize,
   |     ^^^^^^^^^^^^^^^^^^^^^

warning: missing documentation for a struct field
  --> src/planning/integration.rs:48:5
   |
48 |     pub comment_lines: usize,
   |     ^^^^^^^^^^^^^^^^^^^^^^^^

warning: missing documentation for a struct field
  --> src/planning/integration.rs:49:5
   |
49 |     pub complexity_score: f32,
   |     ^^^^^^^^^^^^^^^^^^^^^^^^^

warning: missing documentation for a struct field
  --> src/planning/integration.rs:50:5
   |
50 |     pub test_coverage: Option<f32>,
   |     ^^^^^^^^^^^^^^^^^^^^^^^^^^^^^^

warning: missing documentation for a struct field
  --> src/planning/integration.rs:51:5
   |
51 |     pub technical_debt: TechnicalDebt,
   |     ^^^^^^^^^^^^^^^^^^^^^^^^^^^^^^^^^

warning: missing documentation for a struct field
  --> src/planning/integration.rs:57:5
   |
57 |     pub score: f32,
   |     ^^^^^^^^^^^^^^

warning: missing documentation for a struct field
  --> src/planning/integration.rs:58:5
   |
58 |     pub hotspots: Vec<CodeHotspot>,
   |     ^^^^^^^^^^^^^^^^^^^^^^^^^^^^^^

warning: missing documentation for a struct field
  --> src/planning/integration.rs:59:5
   |
59 |     pub refactoring_candidates: Vec<RefactoringCandidate>,
   |     ^^^^^^^^^^^^^^^^^^^^^^^^^^^^^^^^^^^^^^^^^^^^^^^^^^^^^

warning: missing documentation for a struct field
  --> src/planning/integration.rs:65:5
   |
65 |     pub file_path: PathBuf,
   |     ^^^^^^^^^^^^^^^^^^^^^^

warning: missing documentation for a struct field
  --> src/planning/integration.rs:66:5
   |
66 |     pub change_frequency: f32,
   |     ^^^^^^^^^^^^^^^^^^^^^^^^^

warning: missing documentation for a struct field
  --> src/planning/integration.rs:67:5
   |
67 |     pub complexity: f32,
   |     ^^^^^^^^^^^^^^^^^^^

warning: missing documentation for a struct field
  --> src/planning/integration.rs:68:5
   |
68 |     pub coupled_files: Vec<PathBuf>,
   |     ^^^^^^^^^^^^^^^^^^^^^^^^^^^^^^^

warning: missing documentation for a struct field
  --> src/planning/integration.rs:74:5
   |
74 |     pub file_path: PathBuf,
   |     ^^^^^^^^^^^^^^^^^^^^^^

warning: missing documentation for a struct field
  --> src/planning/integration.rs:75:5
   |
75 |     pub reason: String,
   |     ^^^^^^^^^^^^^^^^^^

warning: missing documentation for a struct field
  --> src/planning/integration.rs:76:5
   |
76 |     pub priority: Priority,
   |     ^^^^^^^^^^^^^^^^^^^^^^

warning: missing documentation for a struct field
  --> src/planning/integration.rs:77:5
   |
77 |     pub estimated_effort: chrono::Duration,
   |     ^^^^^^^^^^^^^^^^^^^^^^^^^^^^^^^^^^^^^^

warning: missing documentation for a struct field
  --> src/planning/integration.rs:83:5
   |
83 |     pub external_dependencies: Vec<ExternalDependency>,
   |     ^^^^^^^^^^^^^^^^^^^^^^^^^^^^^^^^^^^^^^^^^^^^^^^^^^

warning: missing documentation for a struct field
  --> src/planning/integration.rs:84:5
   |
84 |     pub internal_modules: Vec<InternalModule>,
   |     ^^^^^^^^^^^^^^^^^^^^^^^^^^^^^^^^^^^^^^^^^

warning: missing documentation for a struct field
  --> src/planning/integration.rs:85:5
   |
85 |     pub circular_dependencies: Vec<CircularDependency>,
   |     ^^^^^^^^^^^^^^^^^^^^^^^^^^^^^^^^^^^^^^^^^^^^^^^^^^

warning: missing documentation for a struct field
  --> src/planning/integration.rs:86:5
   |
86 |     pub dependency_health: f32,
   |     ^^^^^^^^^^^^^^^^^^^^^^^^^^

warning: missing documentation for a struct field
  --> src/planning/integration.rs:92:5
   |
92 |     pub name: String,
   |     ^^^^^^^^^^^^^^^^

warning: missing documentation for a struct field
  --> src/planning/integration.rs:93:5
   |
93 |     pub version: String,
   |     ^^^^^^^^^^^^^^^^^^^

warning: missing documentation for a struct field
  --> src/planning/integration.rs:94:5
   |
94 |     pub is_outdated: bool,
   |     ^^^^^^^^^^^^^^^^^^^^^

warning: missing documentation for a struct field
  --> src/planning/integration.rs:95:5
   |
95 |     pub security_issues: Vec<SecurityIssue>,
   |     ^^^^^^^^^^^^^^^^^^^^^^^^^^^^^^^^^^^^^^^

warning: missing documentation for a struct field
  --> src/planning/integration.rs:96:5
   |
96 |     pub license: String,
   |     ^^^^^^^^^^^^^^^^^^^

warning: missing documentation for a struct field
   --> src/planning/integration.rs:102:5
    |
102 |     pub severity: String,
    |     ^^^^^^^^^^^^^^^^^^^^

warning: missing documentation for a struct field
   --> src/planning/integration.rs:103:5
    |
103 |     pub description: String,
    |     ^^^^^^^^^^^^^^^^^^^^^^^

warning: missing documentation for a struct field
   --> src/planning/integration.rs:104:5
    |
104 |     pub cve: Option<String>,
    |     ^^^^^^^^^^^^^^^^^^^^^^^

warning: missing documentation for a struct field
   --> src/planning/integration.rs:110:5
    |
110 |     pub name: String,
    |     ^^^^^^^^^^^^^^^^

warning: missing documentation for a struct field
   --> src/planning/integration.rs:111:5
    |
111 |     pub path: PathBuf,
    |     ^^^^^^^^^^^^^^^^^

warning: missing documentation for a struct field
   --> src/planning/integration.rs:112:5
    |
112 |     pub cohesion_score: f32,
    |     ^^^^^^^^^^^^^^^^^^^^^^^

warning: missing documentation for a struct field
   --> src/planning/integration.rs:113:5
    |
113 |     pub coupling_score: f32,
    |     ^^^^^^^^^^^^^^^^^^^^^^^

warning: missing documentation for a struct field
   --> src/planning/integration.rs:114:5
    |
114 |     pub size: usize,
    |     ^^^^^^^^^^^^^^^

warning: missing documentation for a struct field
   --> src/planning/integration.rs:120:5
    |
120 |     pub modules: Vec<String>,
    |     ^^^^^^^^^^^^^^^^^^^^^^^^

warning: missing documentation for a struct field
   --> src/planning/integration.rs:121:5
    |
121 |     pub severity: RiskSeverity,
    |     ^^^^^^^^^^^^^^^^^^^^^^^^^^

warning: missing documentation for a struct field
   --> src/planning/integration.rs:127:5
    |
127 |     pub code_quality_score: f32,
    |     ^^^^^^^^^^^^^^^^^^^^^^^^^^^

warning: missing documentation for a struct field
   --> src/planning/integration.rs:128:5
    |
128 |     pub documentation_coverage: f32,
    |     ^^^^^^^^^^^^^^^^^^^^^^^^^^^^^^^

warning: missing documentation for a struct field
   --> src/planning/integration.rs:129:5
    |
129 |     pub test_quality: TestQuality,
    |     ^^^^^^^^^^^^^^^^^^^^^^^^^^^^^

warning: missing documentation for a struct field
   --> src/planning/integration.rs:130:5
    |
130 |     pub maintainability_index: f32,
    |     ^^^^^^^^^^^^^^^^^^^^^^^^^^^^^^

warning: missing documentation for a struct field
   --> src/planning/integration.rs:131:5
    |
131 |     pub security_score: f32,
    |     ^^^^^^^^^^^^^^^^^^^^^^^

warning: missing documentation for a struct field
   --> src/planning/integration.rs:137:5
    |
137 |     pub coverage: f32,
    |     ^^^^^^^^^^^^^^^^^

warning: missing documentation for a struct field
   --> src/planning/integration.rs:138:5
    |
138 |     pub test_count: usize,
    |     ^^^^^^^^^^^^^^^^^^^^^

warning: missing documentation for a struct field
   --> src/planning/integration.rs:139:5
    |
139 |     pub test_success_rate: f32,
    |     ^^^^^^^^^^^^^^^^^^^^^^^^^^

warning: missing documentation for a struct field
   --> src/planning/integration.rs:140:5
    |
140 |     pub test_execution_time: chrono::Duration,
    |     ^^^^^^^^^^^^^^^^^^^^^^^^^^^^^^^^^^^^^^^^^

warning: missing documentation for a struct field
   --> src/planning/integration.rs:146:5
    |
146 |     pub commit_frequency: f32,
    |     ^^^^^^^^^^^^^^^^^^^^^^^^^

warning: missing documentation for a struct field
   --> src/planning/integration.rs:147:5
    |
147 |     pub average_pr_size: usize,
    |     ^^^^^^^^^^^^^^^^^^^^^^^^^^

warning: missing documentation for a struct field
   --> src/planning/integration.rs:148:5
    |
148 |     pub code_review_time: chrono::Duration,
    |     ^^^^^^^^^^^^^^^^^^^^^^^^^^^^^^^^^^^^^^

warning: missing documentation for a struct field
   --> src/planning/integration.rs:149:5
    |
149 |     pub common_work_hours: Vec<u8>,
    |     ^^^^^^^^^^^^^^^^^^^^^^^^^^^^^^

warning: missing documentation for a struct field
   --> src/planning/integration.rs:150:5
    |
150 |     pub collaboration_score: f32,
    |     ^^^^^^^^^^^^^^^^^^^^^^^^^^^^

warning: missing documentation for a struct field
   --> src/planning/integration.rs:615:5
    |
615 |     pub relevant_files: Vec<PathBuf>,
    |     ^^^^^^^^^^^^^^^^^^^^^^^^^^^^^^^^

warning: missing documentation for a struct field
   --> src/planning/integration.rs:616:5
    |
616 |     pub related_modules: Vec<String>,
    |     ^^^^^^^^^^^^^^^^^^^^^^^^^^^^^^^^

warning: missing documentation for a struct field
   --> src/planning/integration.rs:617:5
    |
617 |     pub potential_impacts: Vec<Impact>,
    |     ^^^^^^^^^^^^^^^^^^^^^^^^^^^^^^^^^^

warning: missing documentation for a struct field
   --> src/planning/integration.rs:618:5
    |
618 |     pub existing_patterns: Vec<Pattern>,
    |     ^^^^^^^^^^^^^^^^^^^^^^^^^^^^^^^^^^^

warning: missing documentation for a struct field
   --> src/planning/integration.rs:619:5
    |
619 |     pub suggested_approach: String,
    |     ^^^^^^^^^^^^^^^^^^^^^^^^^^^^^^

warning: missing documentation for a struct field
   --> src/planning/integration.rs:625:5
    |
625 |     pub description: String,
    |     ^^^^^^^^^^^^^^^^^^^^^^^

warning: missing documentation for a struct field
   --> src/planning/integration.rs:626:5
    |
626 |     pub severity: ImpactSeverity,
    |     ^^^^^^^^^^^^^^^^^^^^^^^^^^^^

warning: missing documentation for a struct field
   --> src/planning/integration.rs:627:5
    |
627 |     pub affected_areas: Vec<String>,
    |     ^^^^^^^^^^^^^^^^^^^^^^^^^^^^^^^

warning: missing documentation for a variant
   --> src/planning/integration.rs:633:5
    |
633 |     High,
    |     ^^^^

warning: missing documentation for a variant
   --> src/planning/integration.rs:634:5
    |
634 |     Medium,
    |     ^^^^^^

warning: missing documentation for a variant
   --> src/planning/integration.rs:635:5
    |
635 |     Low,
    |     ^^^

warning: missing documentation for a struct field
   --> src/planning/integration.rs:641:5
    |
641 |     pub name: String,
    |     ^^^^^^^^^^^^^^^^

warning: missing documentation for a struct field
   --> src/planning/integration.rs:642:5
    |
642 |     pub description: String,
    |     ^^^^^^^^^^^^^^^^^^^^^^^

warning: missing documentation for a struct field
   --> src/planning/integration.rs:643:5
    |
643 |     pub examples: Vec<String>,
    |     ^^^^^^^^^^^^^^^^^^^^^^^^^

warning: missing documentation for a struct field
  --> src/planning/mode_detector.rs:37:5
   |
37 |     pub primary_mode: ModeType,
   |     ^^^^^^^^^^^^^^^^^^^^^^^^^^

warning: missing documentation for a struct field
  --> src/planning/mode_detector.rs:38:5
   |
38 |     pub confidence: f32,
   |     ^^^^^^^^^^^^^^^^^^^

warning: missing documentation for a struct field
  --> src/planning/mode_detector.rs:39:5
   |
39 |     pub scores: HashMap<ModeType, f32>,
   |     ^^^^^^^^^^^^^^^^^^^^^^^^^^^^^^^^^^

warning: missing documentation for a struct field
  --> src/planning/mode_detector.rs:40:5
   |
40 |     pub reasoning: Vec<String>,
   |     ^^^^^^^^^^^^^^^^^^^^^^^^^^

warning: missing documentation for an associated function
  --> src/planning/mode_detector.rs:44:5
   |
44 |     pub fn new() -> Self {
   |     ^^^^^^^^^^^^^^^^^^^^

warning: missing documentation for a struct field
  --> src/planning/mode_switcher.rs:34:5
   |
34 |     pub mode: ModeType,
   |     ^^^^^^^^^^^^^^^^^^

warning: missing documentation for a struct field
  --> src/planning/mode_switcher.rs:35:5
   |
35 |     pub active_tasks: Vec<String>,
   |     ^^^^^^^^^^^^^^^^^^^^^^^^^^^^^

warning: missing documentation for a struct field
  --> src/planning/mode_switcher.rs:36:5
   |
36 |     pub cached_data: HashMap<String, serde_json::Value>,
   |     ^^^^^^^^^^^^^^^^^^^^^^^^^^^^^^^^^^^^^^^^^^^^^^^^^^^

warning: missing documentation for a struct field
  --> src/planning/mode_switcher.rs:37:5
   |
37 |     pub user_state: UserState,
   |     ^^^^^^^^^^^^^^^^^^^^^^^^^

warning: missing documentation for a struct field
  --> src/planning/mode_switcher.rs:38:5
   |
38 |     pub session_history: Vec<ModeAction>,
   |     ^^^^^^^^^^^^^^^^^^^^^^^^^^^^^^^^^^^^

warning: missing documentation for a struct field
  --> src/planning/mode_switcher.rs:44:5
   |
44 |     pub focus_area: String,
   |     ^^^^^^^^^^^^^^^^^^^^^^

warning: missing documentation for a struct field
  --> src/planning/mode_switcher.rs:45:5
   |
45 |     pub completion_percentage: f32,
   |     ^^^^^^^^^^^^^^^^^^^^^^^^^^^^^^

warning: missing documentation for a struct field
  --> src/planning/mode_switcher.rs:46:5
   |
46 |     pub last_action: Option<ModeAction>,
   |     ^^^^^^^^^^^^^^^^^^^^^^^^^^^^^^^^^^^

warning: missing documentation for a struct field
  --> src/planning/mode_switcher.rs:47:5
   |
47 |     pub preferences: ModePreferences,
   |     ^^^^^^^^^^^^^^^^^^^^^^^^^^^^^^^^

warning: missing documentation for a struct field
  --> src/planning/mode_switcher.rs:53:5
   |
53 |     pub auto_save_interval: std::time::Duration,
   |     ^^^^^^^^^^^^^^^^^^^^^^^^^^^^^^^^^^^^^^^^^^^

warning: missing documentation for a struct field
  --> src/planning/mode_switcher.rs:54:5
   |
54 |     pub prompt_style: PromptStyle,
   |     ^^^^^^^^^^^^^^^^^^^^^^^^^^^^^

warning: missing documentation for a struct field
  --> src/planning/mode_switcher.rs:55:5
   |
55 |     pub output_verbosity: OutputVerbosity,
   |     ^^^^^^^^^^^^^^^^^^^^^^^^^^^^^^^^^^^^^

warning: missing documentation for a variant
  --> src/planning/mode_switcher.rs:61:5
   |
61 |     Concise,
   |     ^^^^^^^

warning: missing documentation for a variant
  --> src/planning/mode_switcher.rs:62:5
   |
62 |     Standard,
   |     ^^^^^^^^

warning: missing documentation for a variant
  --> src/planning/mode_switcher.rs:63:5
   |
63 |     Detailed,
   |     ^^^^^^^^

warning: missing documentation for a variant
  --> src/planning/mode_switcher.rs:64:5
   |
64 |     Interactive,
   |     ^^^^^^^^^^^

warning: missing documentation for a variant
  --> src/planning/mode_switcher.rs:65:5
   |
65 |     Guided,
   |     ^^^^^^

warning: missing documentation for a variant
  --> src/planning/mode_switcher.rs:71:5
   |
71 |     Minimal,
   |     ^^^^^^^

warning: missing documentation for a variant
  --> src/planning/mode_switcher.rs:72:5
   |
72 |     Standard,
   |     ^^^^^^^^

warning: missing documentation for a variant
  --> src/planning/mode_switcher.rs:73:5
   |
73 |     Verbose,
   |     ^^^^^^^

warning: missing documentation for a variant
  --> src/planning/mode_switcher.rs:74:5
   |
74 |     Debug,
   |     ^^^^^

warning: missing documentation for a struct field
  --> src/planning/mode_switcher.rs:80:5
   |
80 |     pub action_type: ActionType,
   |     ^^^^^^^^^^^^^^^^^^^^^^^^^^^

warning: missing documentation for a struct field
  --> src/planning/mode_switcher.rs:81:5
   |
81 |     pub description: String,
   |     ^^^^^^^^^^^^^^^^^^^^^^^

warning: missing documentation for a struct field
  --> src/planning/mode_switcher.rs:82:5
   |
82 |     pub timestamp: DateTime<Utc>,
   |     ^^^^^^^^^^^^^^^^^^^^^^^^^^^^

warning: missing documentation for a struct field
  --> src/planning/mode_switcher.rs:83:5
   |
83 |     pub parameters: HashMap<String, serde_json::Value>,
   |     ^^^^^^^^^^^^^^^^^^^^^^^^^^^^^^^^^^^^^^^^^^^^^^^^^^

warning: missing documentation for a variant
  --> src/planning/mode_switcher.rs:89:5
   |
89 |     Query,
   |     ^^^^^

warning: missing documentation for a variant
  --> src/planning/mode_switcher.rs:90:5
   |
90 |     TaskCreation,
   |     ^^^^^^^^^^^^

warning: missing documentation for a variant
  --> src/planning/mode_switcher.rs:91:5
   |
91 |     TaskExecution,
   |     ^^^^^^^^^^^^^

warning: missing documentation for a variant
  --> src/planning/mode_switcher.rs:92:5
   |
92 |     Analysis,
   |     ^^^^^^^^

warning: missing documentation for a variant
  --> src/planning/mode_switcher.rs:93:5
   |
93 |     Planning,
   |     ^^^^^^^^

warning: missing documentation for a variant
  --> src/planning/mode_switcher.rs:94:5
   |
94 |     ModeSwitch,
   |     ^^^^^^^^^^

warning: missing documentation for a struct field
   --> src/planning/mode_switcher.rs:100:5
    |
100 |     pub essential_data: HashMap<String, serde_json::Value>,
    |     ^^^^^^^^^^^^^^^^^^^^^^^^^^^^^^^^^^^^^^^^^^^^^^^^^^^^^^

warning: missing documentation for a struct field
   --> src/planning/mode_switcher.rs:101:5
    |
101 |     pub task_states: HashMap<String, TaskState>,
    |     ^^^^^^^^^^^^^^^^^^^^^^^^^^^^^^^^^^^^^^^^^^^

warning: missing documentation for a struct field
   --> src/planning/mode_switcher.rs:102:5
    |
102 |     pub user_progress: f32,
    |     ^^^^^^^^^^^^^^^^^^^^^^

warning: missing documentation for a struct field
   --> src/planning/mode_switcher.rs:103:5
    |
103 |     pub breadcrumbs: Vec<String>,
    |     ^^^^^^^^^^^^^^^^^^^^^^^^^^^^

warning: missing documentation for a struct field
   --> src/planning/mode_switcher.rs:109:5
    |
109 |     pub task_id: String,
    |     ^^^^^^^^^^^^^^^^^^^

warning: missing documentation for a struct field
   --> src/planning/mode_switcher.rs:110:5
    |
110 |     pub progress: f32,
    |     ^^^^^^^^^^^^^^^^^

warning: missing documentation for a struct field
   --> src/planning/mode_switcher.rs:111:5
    |
111 |     pub current_step: String,
    |     ^^^^^^^^^^^^^^^^^^^^^^^^

warning: missing documentation for a struct field
   --> src/planning/mode_switcher.rs:112:5
    |
112 |     pub notes: Vec<String>,
    |     ^^^^^^^^^^^^^^^^^^^^^^

warning: missing documentation for a struct field
   --> src/planning/mode_switcher.rs:118:5
    |
118 |     pub success: bool,
    |     ^^^^^^^^^^^^^^^^^

warning: missing documentation for a struct field
   --> src/planning/mode_switcher.rs:119:5
    |
119 |     pub from_mode: ModeType,
    |     ^^^^^^^^^^^^^^^^^^^^^^^

warning: missing documentation for a struct field
   --> src/planning/mode_switcher.rs:120:5
    |
120 |     pub to_mode: ModeType,
    |     ^^^^^^^^^^^^^^^^^^^^^

warning: missing documentation for a struct field
   --> src/planning/mode_switcher.rs:121:5
    |
121 |     pub preserved_context: Option<PreservedContext>,
    |     ^^^^^^^^^^^^^^^^^^^^^^^^^^^^^^^^^^^^^^^^^^^^^^^

warning: missing documentation for a struct field
   --> src/planning/mode_switcher.rs:122:5
    |
122 |     pub warnings: Vec<String>,
    |     ^^^^^^^^^^^^^^^^^^^^^^^^^

warning: missing documentation for a struct field
   --> src/planning/mode_switcher.rs:123:5
    |
123 |     pub recommendations: Vec<String>,
    |     ^^^^^^^^^^^^^^^^^^^^^^^^^^^^^^^^

warning: missing documentation for an associated function
   --> src/planning/mode_switcher.rs:127:5
    |
127 |     pub fn new() -> Self {
    |     ^^^^^^^^^^^^^^^^^^^^

warning: missing documentation for an associated function
  --> src/planning/risk_analyzer.rs:49:5
   |
49 |     pub fn new() -> Self {
   |     ^^^^^^^^^^^^^^^^^^^^

warning: missing documentation for an associated function
  --> src/planning/timeline.rs:36:5
   |
36 |     pub fn new() -> Self {
   |     ^^^^^^^^^^^^^^^^^^^^

warning: missing documentation for a struct field
  --> src/planning/types.rs:11:5
   |
11 |     pub id: String,
   |     ^^^^^^^^^^^^^^

warning: missing documentation for a struct field
  --> src/planning/types.rs:12:5
   |
12 |     pub title: String,
   |     ^^^^^^^^^^^^^^^^^

warning: missing documentation for a struct field
  --> src/planning/types.rs:13:5
   |
13 |     pub description: String,
   |     ^^^^^^^^^^^^^^^^^^^^^^^

warning: missing documentation for a struct field
  --> src/planning/types.rs:14:5
   |
14 |     pub mode: ModeType,
   |     ^^^^^^^^^^^^^^^^^^

warning: missing documentation for a struct field
  --> src/planning/types.rs:15:5
   |
15 |     pub tasks: Vec<Task>,
   |     ^^^^^^^^^^^^^^^^^^^^

warning: missing documentation for a struct field
  --> src/planning/types.rs:16:5
   |
16 |     pub risks: Vec<Risk>,
   |     ^^^^^^^^^^^^^^^^^^^^

warning: missing documentation for a struct field
  --> src/planning/types.rs:17:5
   |
17 |     pub dependencies: DependencyGraph,
   |     ^^^^^^^^^^^^^^^^^^^^^^^^^^^^^^^^^

warning: missing documentation for a struct field
  --> src/planning/types.rs:18:5
   |
18 |     pub timeline: Timeline,
   |     ^^^^^^^^^^^^^^^^^^^^^^

warning: missing documentation for a struct field
  --> src/planning/types.rs:19:5
   |
19 |     pub created_at: DateTime<Utc>,
   |     ^^^^^^^^^^^^^^^^^^^^^^^^^^^^^

warning: missing documentation for a struct field
  --> src/planning/types.rs:20:5
   |
20 |     pub updated_at: DateTime<Utc>,
   |     ^^^^^^^^^^^^^^^^^^^^^^^^^^^^^

warning: missing documentation for a struct field
  --> src/planning/types.rs:21:5
   |
21 |     pub context: PlanningContext,
   |     ^^^^^^^^^^^^^^^^^^^^^^^^^^^^

warning: missing documentation for a struct field
  --> src/planning/types.rs:22:5
   |
22 |     pub metadata: HashMap<String, serde_json::Value>,
   |     ^^^^^^^^^^^^^^^^^^^^^^^^^^^^^^^^^^^^^^^^^^^^^^^^

warning: missing documentation for a struct field
  --> src/planning/types.rs:28:5
   |
28 |     pub id: String,
   |     ^^^^^^^^^^^^^^

warning: missing documentation for a struct field
  --> src/planning/types.rs:29:5
   |
29 |     pub title: String,
   |     ^^^^^^^^^^^^^^^^^

warning: missing documentation for a struct field
  --> src/planning/types.rs:30:5
   |
30 |     pub description: String,
   |     ^^^^^^^^^^^^^^^^^^^^^^^

warning: missing documentation for a struct field
  --> src/planning/types.rs:31:5
   |
31 |     pub task_type: TaskType,
   |     ^^^^^^^^^^^^^^^^^^^^^^^

warning: missing documentation for a struct field
  --> src/planning/types.rs:32:5
   |
32 |     pub priority: Priority,
   |     ^^^^^^^^^^^^^^^^^^^^^^

warning: missing documentation for a struct field
  --> src/planning/types.rs:33:5
   |
33 |     pub estimated_duration: Duration,
   |     ^^^^^^^^^^^^^^^^^^^^^^^^^^^^^^^^

warning: missing documentation for a struct field
  --> src/planning/types.rs:34:5
   |
34 |     pub dependencies: Vec<String>, // Task IDs this depends on
   |     ^^^^^^^^^^^^^^^^^^^^^^^^^^^^^

warning: missing documentation for a struct field
  --> src/planning/types.rs:35:5
   |
35 |     pub required_skills: Vec<String>,
   |     ^^^^^^^^^^^^^^^^^^^^^^^^^^^^^^^^

warning: missing documentation for a struct field
  --> src/planning/types.rs:36:5
   |
36 |     pub resources: Vec<Resource>,
   |     ^^^^^^^^^^^^^^^^^^^^^^^^^^^^

warning: missing documentation for a struct field
  --> src/planning/types.rs:37:5
   |
37 |     pub acceptance_criteria: Vec<String>,
   |     ^^^^^^^^^^^^^^^^^^^^^^^^^^^^^^^^^^^^

warning: missing documentation for a struct field
  --> src/planning/types.rs:38:5
   |
38 |     pub subtasks: Vec<Task>, // For nested task structures
   |     ^^^^^^^^^^^^^^^^^^^^^^^

warning: missing documentation for a variant
  --> src/planning/types.rs:44:5
   |
44 |     Implementation,
   |     ^^^^^^^^^^^^^^

warning: missing documentation for a variant
  --> src/planning/types.rs:45:5
   |
45 |     Testing,
   |     ^^^^^^^

warning: missing documentation for a variant
  --> src/planning/types.rs:46:5
   |
46 |     Documentation,
   |     ^^^^^^^^^^^^^

warning: missing documentation for a variant
  --> src/planning/types.rs:47:5
   |
47 |     Review,
   |     ^^^^^^

warning: missing documentation for a variant
  --> src/planning/types.rs:48:5
   |
48 |     Deployment,
   |     ^^^^^^^^^^

warning: missing documentation for a variant
  --> src/planning/types.rs:49:5
   |
49 |     Research,
   |     ^^^^^^^^

warning: missing documentation for a variant
  --> src/planning/types.rs:50:5
   |
50 |     Design,
   |     ^^^^^^

warning: missing documentation for a variant
  --> src/planning/types.rs:51:5
   |
51 |     Refactoring,
   |     ^^^^^^^^^^^

warning: missing documentation for a variant
  --> src/planning/types.rs:52:5
   |
52 |     BugFix,
   |     ^^^^^^

warning: missing documentation for a variant
  --> src/planning/types.rs:53:5
   |
53 |     Configuration,
   |     ^^^^^^^^^^^^^

warning: missing documentation for a variant
  --> src/planning/types.rs:59:5
   |
59 |     Critical,
   |     ^^^^^^^^

warning: missing documentation for a variant
  --> src/planning/types.rs:60:5
   |
60 |     High,
   |     ^^^^

warning: missing documentation for a variant
  --> src/planning/types.rs:61:5
   |
61 |     Medium,
   |     ^^^^^^

warning: missing documentation for a variant
  --> src/planning/types.rs:62:5
   |
62 |     Low,
   |     ^^^

warning: missing documentation for a struct field
  --> src/planning/types.rs:68:5
   |
68 |     pub id: String,
   |     ^^^^^^^^^^^^^^

warning: missing documentation for a struct field
  --> src/planning/types.rs:69:5
   |
69 |     pub title: String,
   |     ^^^^^^^^^^^^^^^^^

warning: missing documentation for a struct field
  --> src/planning/types.rs:70:5
   |
70 |     pub description: String,
   |     ^^^^^^^^^^^^^^^^^^^^^^^

warning: missing documentation for a struct field
  --> src/planning/types.rs:71:5
   |
71 |     pub severity: RiskSeverity,
   |     ^^^^^^^^^^^^^^^^^^^^^^^^^^

warning: missing documentation for a struct field
  --> src/planning/types.rs:72:5
   |
72 |     pub probability: f32, // 0.0 to 1.0
   |     ^^^^^^^^^^^^^^^^^^^^

warning: missing documentation for a struct field
  --> src/planning/types.rs:73:5
   |
73 |     pub impact: RiskImpact,
   |     ^^^^^^^^^^^^^^^^^^^^^^

warning: missing documentation for a struct field
  --> src/planning/types.rs:74:5
   |
74 |     pub mitigation_strategies: Vec<MitigationStrategy>,
   |     ^^^^^^^^^^^^^^^^^^^^^^^^^^^^^^^^^^^^^^^^^^^^^^^^^^

warning: missing documentation for a struct field
  --> src/planning/types.rs:75:5
   |
75 |     pub affected_tasks: Vec<String>, // Task IDs
   |     ^^^^^^^^^^^^^^^^^^^^^^^^^^^^^^^

warning: missing documentation for a variant
  --> src/planning/types.rs:81:5
   |
81 |     Critical,
   |     ^^^^^^^^

warning: missing documentation for a variant
  --> src/planning/types.rs:82:5
   |
82 |     High,
   |     ^^^^

warning: missing documentation for a variant
  --> src/planning/types.rs:83:5
   |
83 |     Medium,
   |     ^^^^^^

warning: missing documentation for a variant
  --> src/planning/types.rs:84:5
   |
84 |     Low,
   |     ^^^

warning: missing documentation for a struct field
  --> src/planning/types.rs:90:5
   |
90 |     pub timeline_impact: Duration,
   |     ^^^^^^^^^^^^^^^^^^^^^^^^^^^^^

warning: missing documentation for a struct field
  --> src/planning/types.rs:91:5
   |
91 |     pub cost_impact: f64,
   |     ^^^^^^^^^^^^^^^^^^^^

warning: missing documentation for a struct field
  --> src/planning/types.rs:92:5
   |
92 |     pub quality_impact: QualityImpact,
   |     ^^^^^^^^^^^^^^^^^^^^^^^^^^^^^^^^^

warning: missing documentation for a struct field
  --> src/planning/types.rs:93:5
   |
93 |     pub scope_impact: ScopeImpact,
   |     ^^^^^^^^^^^^^^^^^^^^^^^^^^^^^

warning: missing documentation for a variant
  --> src/planning/types.rs:99:5
   |
99 |     Severe,
   |     ^^^^^^

warning: missing documentation for a variant
   --> src/planning/types.rs:100:5
    |
100 |     Significant,
    |     ^^^^^^^^^^^

warning: missing documentation for a variant
   --> src/planning/types.rs:101:5
    |
101 |     Moderate,
    |     ^^^^^^^^

warning: missing documentation for a variant
   --> src/planning/types.rs:102:5
    |
102 |     Minor,
    |     ^^^^^

warning: missing documentation for a variant
   --> src/planning/types.rs:103:5
    |
103 |     Negligible,
    |     ^^^^^^^^^^

warning: missing documentation for a variant
   --> src/planning/types.rs:109:5
    |
109 |     Major,
    |     ^^^^^

warning: missing documentation for a variant
   --> src/planning/types.rs:110:5
    |
110 |     Moderate,
    |     ^^^^^^^^

warning: missing documentation for a variant
   --> src/planning/types.rs:111:5
    |
111 |     Minor,
    |     ^^^^^

warning: missing documentation for a variant
   --> src/planning/types.rs:112:5
    |
112 |     None,
    |     ^^^^

warning: missing documentation for a struct field
   --> src/planning/types.rs:118:5
    |
118 |     pub id: String,
    |     ^^^^^^^^^^^^^^

warning: missing documentation for a struct field
   --> src/planning/types.rs:119:5
    |
119 |     pub description: String,
    |     ^^^^^^^^^^^^^^^^^^^^^^^

warning: missing documentation for a struct field
   --> src/planning/types.rs:120:5
    |
120 |     pub effectiveness: f32, // 0.0 to 1.0
    |     ^^^^^^^^^^^^^^^^^^^^^^

warning: missing documentation for a struct field
   --> src/planning/types.rs:121:5
    |
121 |     pub cost: f64,
    |     ^^^^^^^^^^^^^

warning: missing documentation for a struct field
   --> src/planning/types.rs:122:5
    |
122 |     pub implementation_time: Duration,
    |     ^^^^^^^^^^^^^^^^^^^^^^^^^^^^^^^^^

warning: missing documentation for a struct field
   --> src/planning/types.rs:128:5
    |
128 |     pub from_task: String,
    |     ^^^^^^^^^^^^^^^^^^^^^

warning: missing documentation for a struct field
   --> src/planning/types.rs:129:5
    |
129 |     pub to_task: String,
    |     ^^^^^^^^^^^^^^^^^^^

warning: missing documentation for a struct field
   --> src/planning/types.rs:130:5
    |
130 |     pub dependency_type: DependencyType,
    |     ^^^^^^^^^^^^^^^^^^^^^^^^^^^^^^^^^^^

warning: missing documentation for a struct field
   --> src/planning/types.rs:131:5
    |
131 |     pub lag_time: Option<Duration>,
    |     ^^^^^^^^^^^^^^^^^^^^^^^^^^^^^^

warning: missing documentation for a variant
   --> src/planning/types.rs:137:5
    |
137 |     FinishToStart,  // Task B can't start until Task A finishes
    |     ^^^^^^^^^^^^^

warning: missing documentation for a variant
   --> src/planning/types.rs:138:5
    |
138 |     StartToStart,   // Task B can't start until Task A starts
    |     ^^^^^^^^^^^^

warning: missing documentation for a variant
   --> src/planning/types.rs:139:5
    |
139 |     FinishToFinish, // Task B can't finish until Task A finishes
    |     ^^^^^^^^^^^^^^

warning: missing documentation for a variant
   --> src/planning/types.rs:140:5
    |
140 |     StartToFinish,  // Task B can't finish until Task A starts
    |     ^^^^^^^^^^^^^

warning: missing documentation for a struct field
   --> src/planning/types.rs:146:5
    |
146 |     pub nodes: HashMap<String, Task>,
    |     ^^^^^^^^^^^^^^^^^^^^^^^^^^^^^^^^

warning: missing documentation for a struct field
   --> src/planning/types.rs:147:5
    |
147 |     pub edges: Vec<Dependency>,
    |     ^^^^^^^^^^^^^^^^^^^^^^^^^^

warning: missing documentation for a struct field
   --> src/planning/types.rs:148:5
    |
148 |     pub critical_path: Vec<String>, // Task IDs in critical path
    |     ^^^^^^^^^^^^^^^^^^^^^^^^^^^^^^

warning: missing documentation for a struct field
   --> src/planning/types.rs:154:5
    |
154 |     pub start_date: DateTime<Utc>,
    |     ^^^^^^^^^^^^^^^^^^^^^^^^^^^^^

warning: missing documentation for a struct field
   --> src/planning/types.rs:155:5
    |
155 |     pub end_date: DateTime<Utc>,
    |     ^^^^^^^^^^^^^^^^^^^^^^^^^^^

warning: missing documentation for a struct field
   --> src/planning/types.rs:156:5
    |
156 |     pub total_duration: Duration,
    |     ^^^^^^^^^^^^^^^^^^^^^^^^^^^^

warning: missing documentation for a struct field
   --> src/planning/types.rs:157:5
    |
157 |     pub milestones: Vec<Milestone>,
    |     ^^^^^^^^^^^^^^^^^^^^^^^^^^^^^^

warning: missing documentation for a struct field
   --> src/planning/types.rs:158:5
    |
158 |     pub task_schedules: HashMap<String, TaskSchedule>,
    |     ^^^^^^^^^^^^^^^^^^^^^^^^^^^^^^^^^^^^^^^^^^^^^^^^^

warning: missing documentation for a struct field
   --> src/planning/types.rs:164:5
    |
164 |     pub id: String,
    |     ^^^^^^^^^^^^^^

warning: missing documentation for a struct field
   --> src/planning/types.rs:165:5
    |
165 |     pub name: String,
    |     ^^^^^^^^^^^^^^^^

warning: missing documentation for a struct field
   --> src/planning/types.rs:166:5
    |
166 |     pub date: DateTime<Utc>,
    |     ^^^^^^^^^^^^^^^^^^^^^^^

warning: missing documentation for a struct field
   --> src/planning/types.rs:167:5
    |
167 |     pub tasks: Vec<String>, // Task IDs that must be completed
    |     ^^^^^^^^^^^^^^^^^^^^^^

warning: missing documentation for a struct field
   --> src/planning/types.rs:168:5
    |
168 |     pub deliverables: Vec<String>,
    |     ^^^^^^^^^^^^^^^^^^^^^^^^^^^^^

warning: missing documentation for a struct field
   --> src/planning/types.rs:174:5
    |
174 |     pub task_id: String,
    |     ^^^^^^^^^^^^^^^^^^^

warning: missing documentation for a struct field
   --> src/planning/types.rs:175:5
    |
175 |     pub planned_start: DateTime<Utc>,
    |     ^^^^^^^^^^^^^^^^^^^^^^^^^^^^^^^^

warning: missing documentation for a struct field
   --> src/planning/types.rs:176:5
    |
176 |     pub planned_end: DateTime<Utc>,
    |     ^^^^^^^^^^^^^^^^^^^^^^^^^^^^^^

warning: missing documentation for a struct field
   --> src/planning/types.rs:177:5
    |
177 |     pub actual_start: Option<DateTime<Utc>>,
    |     ^^^^^^^^^^^^^^^^^^^^^^^^^^^^^^^^^^^^^^^

warning: missing documentation for a struct field
   --> src/planning/types.rs:178:5
    |
178 |     pub actual_end: Option<DateTime<Utc>>,
    |     ^^^^^^^^^^^^^^^^^^^^^^^^^^^^^^^^^^^^^

warning: missing documentation for a struct field
   --> src/planning/types.rs:179:5
    |
179 |     pub progress: f32, // 0.0 to 1.0
    |     ^^^^^^^^^^^^^^^^^

warning: missing documentation for a struct field
   --> src/planning/types.rs:185:5
    |
185 |     pub resource_type: ResourceType,
    |     ^^^^^^^^^^^^^^^^^^^^^^^^^^^^^^^

warning: missing documentation for a struct field
   --> src/planning/types.rs:186:5
    |
186 |     pub name: String,
    |     ^^^^^^^^^^^^^^^^

warning: missing documentation for a struct field
   --> src/planning/types.rs:187:5
    |
187 |     pub quantity: f64,
    |     ^^^^^^^^^^^^^^^^^

warning: missing documentation for a struct field
   --> src/planning/types.rs:188:5
    |
188 |     pub availability: ResourceAvailability,
    |     ^^^^^^^^^^^^^^^^^^^^^^^^^^^^^^^^^^^^^^

warning: missing documentation for a variant
   --> src/planning/types.rs:194:5
    |
194 |     Human,
    |     ^^^^^

warning: missing documentation for a variant
   --> src/planning/types.rs:195:5
    |
195 |     Tool,
    |     ^^^^

warning: missing documentation for a variant
   --> src/planning/types.rs:196:5
    |
196 |     Service,
    |     ^^^^^^^

warning: missing documentation for a variant
   --> src/planning/types.rs:197:5
    |
197 |     Infrastructure,
    |     ^^^^^^^^^^^^^^

warning: missing documentation for a variant
   --> src/planning/types.rs:198:5
    |
198 |     Data,
    |     ^^^^

warning: missing documentation for a variant
   --> src/planning/types.rs:199:5
    |
199 |     Documentation,
    |     ^^^^^^^^^^^^^

warning: missing documentation for a variant
   --> src/planning/types.rs:205:5
    |
205 |     Available,
    |     ^^^^^^^^^

warning: missing documentation for a variant
   --> src/planning/types.rs:206:5
    |
206 |     Limited,
    |     ^^^^^^^

warning: missing documentation for a variant
   --> src/planning/types.rs:207:5
    |
207 |     RequiresApproval,
    |     ^^^^^^^^^^^^^^^^

warning: missing documentation for a variant
   --> src/planning/types.rs:208:5
    |
208 |     NotAvailable,
    |     ^^^^^^^^^^^^

warning: missing documentation for a variant
   --> src/planning/types.rs:214:5
    |
214 |     Planning,  // Focus on creating comprehensive plans
    |     ^^^^^^^^

warning: missing documentation for a variant
   --> src/planning/types.rs:215:5
    |
215 |     Execution, // Focus on implementing and coding
    |     ^^^^^^^^^

warning: missing documentation for a variant
   --> src/planning/types.rs:216:5
    |
216 |     Hybrid,    // Balance between planning and execution
    |     ^^^^^^

warning: missing documentation for a variant
   --> src/planning/types.rs:217:5
    |
217 |     Analysis,  // Focus on understanding existing code
    |     ^^^^^^^^

warning: missing documentation for a variant
   --> src/planning/types.rs:218:5
    |
218 |     Learning,  // Adaptive mode that learns preferences
    |     ^^^^^^^^

warning: missing documentation for a struct field
   --> src/planning/types.rs:224:5
    |
224 |     pub project_type: ProjectType,
    |     ^^^^^^^^^^^^^^^^^^^^^^^^^^^^^

warning: missing documentation for a struct field
   --> src/planning/types.rs:225:5
    |
225 |     pub team_size: usize,
    |     ^^^^^^^^^^^^^^^^^^^^

warning: missing documentation for a struct field
   --> src/planning/types.rs:226:5
    |
226 |     pub experience_level: ExperienceLevel,
    |     ^^^^^^^^^^^^^^^^^^^^^^^^^^^^^^^^^^^^^

warning: missing documentation for a struct field
   --> src/planning/types.rs:227:5
    |
227 |     pub time_constraints: Option<Duration>,
    |     ^^^^^^^^^^^^^^^^^^^^^^^^^^^^^^^^^^^^^^

warning: missing documentation for a struct field
   --> src/planning/types.rs:228:5
    |
228 |     pub budget_constraints: Option<f64>,
    |     ^^^^^^^^^^^^^^^^^^^^^^^^^^^^^^^^^^^

warning: missing documentation for a struct field
   --> src/planning/types.rs:229:5
    |
229 |     pub technology_stack: Vec<String>,
    |     ^^^^^^^^^^^^^^^^^^^^^^^^^^^^^^^^^

warning: missing documentation for a struct field
   --> src/planning/types.rs:230:5
    |
230 |     pub existing_codebase: bool,
    |     ^^^^^^^^^^^^^^^^^^^^^^^^^^^

warning: missing documentation for a struct field
   --> src/planning/types.rs:231:5
    |
231 |     pub repository_path: Option<String>,
    |     ^^^^^^^^^^^^^^^^^^^^^^^^^^^^^^^^^^^

warning: missing documentation for a struct field
   --> src/planning/types.rs:232:5
    |
232 |     pub user_preferences: UserPreferences,
    |     ^^^^^^^^^^^^^^^^^^^^^^^^^^^^^^^^^^^^^

warning: missing documentation for a variant
   --> src/planning/types.rs:238:5
    |
238 |     WebApplication,
    |     ^^^^^^^^^^^^^^

warning: missing documentation for a variant
   --> src/planning/types.rs:239:5
    |
239 |     MobileApp,
    |     ^^^^^^^^^

warning: missing documentation for a variant
   --> src/planning/types.rs:240:5
    |
240 |     DesktopApplication,
    |     ^^^^^^^^^^^^^^^^^^

warning: missing documentation for a variant
   --> src/planning/types.rs:241:5
    |
241 |     Library,
    |     ^^^^^^^

warning: missing documentation for a variant
   --> src/planning/types.rs:242:5
    |
242 |     API,
    |     ^^^

warning: missing documentation for a variant
   --> src/planning/types.rs:243:5
    |
243 |     Microservice,
    |     ^^^^^^^^^^^^

warning: missing documentation for a variant
   --> src/planning/types.rs:244:5
    |
244 |     DataPipeline,
    |     ^^^^^^^^^^^^

warning: missing documentation for a variant
   --> src/planning/types.rs:245:5
    |
245 |     MachineLearning,
    |     ^^^^^^^^^^^^^^^

warning: missing documentation for a variant
   --> src/planning/types.rs:246:5
    |
246 |     Infrastructure,
    |     ^^^^^^^^^^^^^^

warning: missing documentation for a variant
   --> src/planning/types.rs:247:5
    |
247 |     Other(String),
    |     ^^^^^

warning: missing documentation for a variant
   --> src/planning/types.rs:253:5
    |
253 |     Beginner,
    |     ^^^^^^^^

warning: missing documentation for a variant
   --> src/planning/types.rs:254:5
    |
254 |     Intermediate,
    |     ^^^^^^^^^^^^

warning: missing documentation for a variant
   --> src/planning/types.rs:255:5
    |
255 |     Advanced,
    |     ^^^^^^^^

warning: missing documentation for a variant
   --> src/planning/types.rs:256:5
    |
256 |     Expert,
    |     ^^^^^^

warning: missing documentation for a struct field
   --> src/planning/types.rs:262:5
    |
262 |     pub preferred_mode: ModeType,
    |     ^^^^^^^^^^^^^^^^^^^^^^^^^^^^

warning: missing documentation for a struct field
   --> src/planning/types.rs:263:5
    |
263 |     pub detail_level: DetailLevel,
    |     ^^^^^^^^^^^^^^^^^^^^^^^^^^^^^

warning: missing documentation for a struct field
   --> src/planning/types.rs:264:5
    |
264 |     pub risk_tolerance: RiskTolerance,
    |     ^^^^^^^^^^^^^^^^^^^^^^^^^^^^^^^^^

warning: missing documentation for a struct field
   --> src/planning/types.rs:265:5
    |
265 |     pub automation_level: AutomationLevel,
    |     ^^^^^^^^^^^^^^^^^^^^^^^^^^^^^^^^^^^^^

warning: missing documentation for a struct field
   --> src/planning/types.rs:266:5
    |
266 |     pub collaboration_style: CollaborationStyle,
    |     ^^^^^^^^^^^^^^^^^^^^^^^^^^^^^^^^^^^^^^^^^^^

warning: missing documentation for a struct field
   --> src/planning/types.rs:267:5
    |
267 |     pub preference_strength: f32,
    |     ^^^^^^^^^^^^^^^^^^^^^^^^^^^^

warning: missing documentation for a variant
   --> src/planning/types.rs:273:5
    |
273 |     High,   // Very detailed, step-by-step
    |     ^^^^

warning: missing documentation for a variant
   --> src/planning/types.rs:274:5
    |
274 |     Medium, // Balanced detail
    |     ^^^^^^

warning: missing documentation for a variant
   --> src/planning/types.rs:275:5
    |
275 |     Low,    // High-level overview
    |     ^^^

warning: missing documentation for a variant
   --> src/planning/types.rs:281:5
    |
281 |     Conservative, // Minimize all risks
    |     ^^^^^^^^^^^^

warning: missing documentation for a variant
   --> src/planning/types.rs:282:5
    |
282 |     Balanced,     // Balance risk vs reward
    |     ^^^^^^^^

warning: missing documentation for a variant
   --> src/planning/types.rs:283:5
    |
283 |     Aggressive,   // Accept higher risks for faster delivery
    |     ^^^^^^^^^^

warning: missing documentation for a variant
   --> src/planning/types.rs:289:5
    |
289 |     Full,   // Automate everything possible
    |     ^^^^

warning: missing documentation for a variant
   --> src/planning/types.rs:290:5
    |
290 |     Guided, // Automate with user confirmation
    |     ^^^^^^

warning: missing documentation for a variant
   --> src/planning/types.rs:291:5
    |
291 |     Manual, // User controls all decisions
    |     ^^^^^^

warning: missing documentation for a variant
   --> src/planning/types.rs:297:5
    |
297 |     Solo, // Working alone
    |     ^^^^

warning: missing documentation for a variant
   --> src/planning/types.rs:298:5
    |
298 |     PairProgramming,
    |     ^^^^^^^^^^^^^^^

warning: missing documentation for a variant
   --> src/planning/types.rs:299:5
    |
299 |     SmallTeam,   // 2-5 people
    |     ^^^^^^^^^

warning: missing documentation for a variant
   --> src/planning/types.rs:300:5
    |
300 |     LargeTeam,   // 6+ people
    |     ^^^^^^^^^

warning: missing documentation for a variant
   --> src/planning/types.rs:301:5
    |
301 |     Distributed, // Remote team
    |     ^^^^^^^^^^^

warning: missing documentation for a module
 --> src/providers/openrouter/mod.rs:6:1
  |
6 | pub mod cost;
  | ^^^^^^^^^^^^

warning: missing documentation for a module
 --> src/providers/openrouter/mod.rs:7:1
  |
7 | pub mod models;
  | ^^^^^^^^^^^^^^

warning: missing documentation for a module
 --> src/providers/openrouter/mod.rs:8:1
  |
8 | pub mod performance;
  | ^^^^^^^^^^^^^^^^^^^

warning: missing documentation for a module
 --> src/providers/openrouter/mod.rs:9:1
  |
9 | pub mod streaming;
  | ^^^^^^^^^^^^^^^^^

warning: missing documentation for a struct field
  --> src/providers/openrouter/client.rs:24:5
   |
24 |     pub role: MessageRole,
   |     ^^^^^^^^^^^^^^^^^^^^^

warning: missing documentation for a struct field
  --> src/providers/openrouter/client.rs:25:5
   |
25 |     pub content: String,
   |     ^^^^^^^^^^^^^^^^^^^

warning: missing documentation for a variant
  --> src/providers/openrouter/client.rs:32:5
   |
32 |     User,
   |     ^^^^

warning: missing documentation for a variant
  --> src/providers/openrouter/client.rs:33:5
   |
33 |     Assistant,
   |     ^^^^^^^^^

warning: missing documentation for a variant
  --> src/providers/openrouter/client.rs:34:5
   |
34 |     System,
   |     ^^^^^^

warning: missing documentation for a struct field
  --> src/providers/openrouter/client.rs:40:5
   |
40 |     pub model: String,
   |     ^^^^^^^^^^^^^^^^^

warning: missing documentation for a struct field
  --> src/providers/openrouter/client.rs:41:5
   |
41 |     pub messages: Vec<OpenRouterMessage>,
   |     ^^^^^^^^^^^^^^^^^^^^^^^^^^^^^^^^^^^^

warning: missing documentation for a struct field
  --> src/providers/openrouter/client.rs:43:5
   |
43 |     pub temperature: Option<f32>,
   |     ^^^^^^^^^^^^^^^^^^^^^^^^^^^^

warning: missing documentation for a struct field
  --> src/providers/openrouter/client.rs:45:5
   |
45 |     pub max_tokens: Option<u32>,
   |     ^^^^^^^^^^^^^^^^^^^^^^^^^^^

warning: missing documentation for a struct field
  --> src/providers/openrouter/client.rs:47:5
   |
47 |     pub stream: Option<bool>,
   |     ^^^^^^^^^^^^^^^^^^^^^^^^

warning: missing documentation for a struct field
  --> src/providers/openrouter/client.rs:49:5
   |
49 |     pub top_p: Option<f32>,
   |     ^^^^^^^^^^^^^^^^^^^^^^

warning: missing documentation for a struct field
  --> src/providers/openrouter/client.rs:51:5
   |
51 |     pub frequency_penalty: Option<f32>,
   |     ^^^^^^^^^^^^^^^^^^^^^^^^^^^^^^^^^^

warning: missing documentation for a struct field
  --> src/providers/openrouter/client.rs:53:5
   |
53 |     pub presence_penalty: Option<f32>,
   |     ^^^^^^^^^^^^^^^^^^^^^^^^^^^^^^^^^

warning: missing documentation for a struct field
  --> src/providers/openrouter/client.rs:59:5
   |
59 |     pub id: String,
   |     ^^^^^^^^^^^^^^

warning: missing documentation for a struct field
  --> src/providers/openrouter/client.rs:60:5
   |
60 |     pub object: String,
   |     ^^^^^^^^^^^^^^^^^^

warning: missing documentation for a struct field
  --> src/providers/openrouter/client.rs:61:5
   |
61 |     pub created: u64,
   |     ^^^^^^^^^^^^^^^^

warning: missing documentation for a struct field
  --> src/providers/openrouter/client.rs:62:5
   |
62 |     pub model: String,
   |     ^^^^^^^^^^^^^^^^^

warning: missing documentation for a struct field
  --> src/providers/openrouter/client.rs:63:5
   |
63 |     pub choices: Vec<ChatChoice>,
   |     ^^^^^^^^^^^^^^^^^^^^^^^^^^^^

warning: missing documentation for a struct field
  --> src/providers/openrouter/client.rs:65:5
   |
65 |     pub usage: Option<UsageInfo>,
   |     ^^^^^^^^^^^^^^^^^^^^^^^^^^^^

warning: missing documentation for a struct field
  --> src/providers/openrouter/client.rs:71:5
   |
71 |     pub index: u32,
   |     ^^^^^^^^^^^^^^

warning: missing documentation for a struct field
  --> src/providers/openrouter/client.rs:72:5
   |
72 |     pub message: AssistantMessage,
   |     ^^^^^^^^^^^^^^^^^^^^^^^^^^^^^

warning: missing documentation for a struct field
  --> src/providers/openrouter/client.rs:74:5
   |
74 |     pub finish_reason: Option<String>,
   |     ^^^^^^^^^^^^^^^^^^^^^^^^^^^^^^^^^

warning: missing documentation for a struct field
  --> src/providers/openrouter/client.rs:80:5
   |
80 |     pub role: String,
   |     ^^^^^^^^^^^^^^^^

warning: missing documentation for a struct field
  --> src/providers/openrouter/client.rs:81:5
   |
81 |     pub content: String,
   |     ^^^^^^^^^^^^^^^^^^^

warning: missing documentation for a struct field
  --> src/providers/openrouter/client.rs:87:5
   |
87 |     pub prompt_tokens: u32,
   |     ^^^^^^^^^^^^^^^^^^^^^^

warning: missing documentation for a struct field
  --> src/providers/openrouter/client.rs:88:5
   |
88 |     pub completion_tokens: u32,
   |     ^^^^^^^^^^^^^^^^^^^^^^^^^^

warning: missing documentation for a struct field
  --> src/providers/openrouter/client.rs:89:5
   |
89 |     pub total_tokens: u32,
   |     ^^^^^^^^^^^^^^^^^^^^^

warning: missing documentation for a struct field
  --> src/providers/openrouter/client.rs:95:5
   |
95 |     pub error: ErrorDetail,
   |     ^^^^^^^^^^^^^^^^^^^^^^

warning: missing documentation for a struct field
   --> src/providers/openrouter/client.rs:101:5
    |
101 |     pub message: String,
    |     ^^^^^^^^^^^^^^^^^^^

warning: missing documentation for a struct field
   --> src/providers/openrouter/client.rs:103:5
    |
103 |     pub code: Option<String>,
    |     ^^^^^^^^^^^^^^^^^^^^^^^^

warning: missing documentation for a struct field
   --> src/providers/openrouter/client.rs:105:5
    |
105 |     pub param: Option<String>,
    |     ^^^^^^^^^^^^^^^^^^^^^^^^^

warning: missing documentation for a struct field
   --> src/providers/openrouter/client.rs:108:5
    |
108 |     pub error_type: Option<String>,
    |     ^^^^^^^^^^^^^^^^^^^^^^^^^^^^^^

warning: missing documentation for a struct field
   --> src/providers/openrouter/client.rs:114:5
    |
114 |     pub content: String,
    |     ^^^^^^^^^^^^^^^^^^^

warning: missing documentation for a struct field
   --> src/providers/openrouter/client.rs:115:5
    |
115 |     pub model: String,
    |     ^^^^^^^^^^^^^^^^^

warning: missing documentation for a struct field
   --> src/providers/openrouter/client.rs:116:5
    |
116 |     pub usage: Option<UsageInfo>,
    |     ^^^^^^^^^^^^^^^^^^^^^^^^^^^^

warning: missing documentation for a struct field
   --> src/providers/openrouter/client.rs:344:5
    |
344 |     pub data: Vec<ModelInfo>,
    |     ^^^^^^^^^^^^^^^^^^^^^^^^

warning: missing documentation for a struct field
   --> src/providers/openrouter/client.rs:350:5
    |
350 |     pub id: String,
    |     ^^^^^^^^^^^^^^

warning: missing documentation for a struct field
   --> src/providers/openrouter/client.rs:351:5
    |
351 |     pub name: String,
    |     ^^^^^^^^^^^^^^^^

warning: missing documentation for a struct field
   --> src/providers/openrouter/client.rs:352:5
    |
352 |     pub created: u64,
    |     ^^^^^^^^^^^^^^^^

warning: missing documentation for a struct field
   --> src/providers/openrouter/client.rs:353:5
    |
353 |     pub context_length: u32,
    |     ^^^^^^^^^^^^^^^^^^^^^^^

warning: missing documentation for a struct field
   --> src/providers/openrouter/client.rs:354:5
    |
354 |     pub architecture: ModelArchitecture,
    |     ^^^^^^^^^^^^^^^^^^^^^^^^^^^^^^^^^^^

warning: missing documentation for a struct field
   --> src/providers/openrouter/client.rs:355:5
    |
355 |     pub pricing: ModelPricing,
    |     ^^^^^^^^^^^^^^^^^^^^^^^^^

warning: missing documentation for a struct field
   --> src/providers/openrouter/client.rs:356:5
    |
356 |     pub top_provider: TopProvider,
    |     ^^^^^^^^^^^^^^^^^^^^^^^^^^^^^

warning: missing documentation for a struct field
   --> src/providers/openrouter/client.rs:358:5
    |
358 |     pub per_request_limits: Option<RequestLimits>,
    |     ^^^^^^^^^^^^^^^^^^^^^^^^^^^^^^^^^^^^^^^^^^^^^

warning: missing documentation for a struct field
   --> src/providers/openrouter/client.rs:364:5
    |
364 |     pub modality: String,
    |     ^^^^^^^^^^^^^^^^^^^^

warning: missing documentation for a struct field
   --> src/providers/openrouter/client.rs:365:5
    |
365 |     pub tokenizer: String,
    |     ^^^^^^^^^^^^^^^^^^^^^

warning: missing documentation for a struct field
   --> src/providers/openrouter/client.rs:366:5
    |
366 |     pub instruct_type: Option<String>,
    |     ^^^^^^^^^^^^^^^^^^^^^^^^^^^^^^^^^

warning: missing documentation for a struct field
   --> src/providers/openrouter/client.rs:372:5
    |
372 |     pub prompt: String,
    |     ^^^^^^^^^^^^^^^^^^

warning: missing documentation for a struct field
   --> src/providers/openrouter/client.rs:373:5
    |
373 |     pub completion: String,
    |     ^^^^^^^^^^^^^^^^^^^^^^

warning: missing documentation for a struct field
   --> src/providers/openrouter/client.rs:374:5
    |
374 |     pub request: Option<String>,
    |     ^^^^^^^^^^^^^^^^^^^^^^^^^^^

warning: missing documentation for a struct field
   --> src/providers/openrouter/client.rs:375:5
    |
375 |     pub image: Option<String>,
    |     ^^^^^^^^^^^^^^^^^^^^^^^^^

warning: missing documentation for a struct field
   --> src/providers/openrouter/client.rs:381:5
    |
381 |     pub context_length: u32,
    |     ^^^^^^^^^^^^^^^^^^^^^^^

warning: missing documentation for a struct field
   --> src/providers/openrouter/client.rs:382:5
    |
382 |     pub max_completion_tokens: Option<u32>,
    |     ^^^^^^^^^^^^^^^^^^^^^^^^^^^^^^^^^^^^^^

warning: missing documentation for a struct field
   --> src/providers/openrouter/client.rs:383:5
    |
383 |     pub is_moderated: bool,
    |     ^^^^^^^^^^^^^^^^^^^^^^

warning: missing documentation for a struct field
   --> src/providers/openrouter/client.rs:389:5
    |
389 |     pub prompt_tokens: Option<u32>,
    |     ^^^^^^^^^^^^^^^^^^^^^^^^^^^^^^

warning: missing documentation for a struct field
   --> src/providers/openrouter/client.rs:390:5
    |
390 |     pub completion_tokens: Option<u32>,
    |     ^^^^^^^^^^^^^^^^^^^^^^^^^^^^^^^^^^

warning: missing documentation for a struct field
  --> src/providers/openrouter/cost.rs:18:5
   |
18 |     pub model_id: String,
   |     ^^^^^^^^^^^^^^^^^^^^

warning: missing documentation for a struct field
  --> src/providers/openrouter/cost.rs:19:5
   |
19 |     pub input_tokens: u32,
   |     ^^^^^^^^^^^^^^^^^^^^^

warning: missing documentation for a struct field
  --> src/providers/openrouter/cost.rs:20:5
   |
20 |     pub output_tokens: u32,
   |     ^^^^^^^^^^^^^^^^^^^^^^

warning: missing documentation for a struct field
  --> src/providers/openrouter/cost.rs:21:5
   |
21 |     pub input_cost: f32,
   |     ^^^^^^^^^^^^^^^^^^^

warning: missing documentation for a struct field
  --> src/providers/openrouter/cost.rs:22:5
   |
22 |     pub output_cost: f32,
   |     ^^^^^^^^^^^^^^^^^^^^

warning: missing documentation for a struct field
  --> src/providers/openrouter/cost.rs:23:5
   |
23 |     pub total_cost: f32,
   |     ^^^^^^^^^^^^^^^^^^^

warning: missing documentation for a struct field
  --> src/providers/openrouter/cost.rs:24:5
   |
24 |     pub currency: String,
   |     ^^^^^^^^^^^^^^^^^^^^

warning: missing documentation for a struct field
  --> src/providers/openrouter/cost.rs:30:5
   |
30 |     pub id: String,
   |     ^^^^^^^^^^^^^^

warning: missing documentation for a struct field
  --> src/providers/openrouter/cost.rs:31:5
   |
31 |     pub timestamp: DateTime<Utc>,
   |     ^^^^^^^^^^^^^^^^^^^^^^^^^^^^

warning: missing documentation for a struct field
  --> src/providers/openrouter/cost.rs:32:5
   |
32 |     pub model_id: String,
   |     ^^^^^^^^^^^^^^^^^^^^

warning: missing documentation for a struct field
  --> src/providers/openrouter/cost.rs:33:5
   |
33 |     pub request_type: RequestType,
   |     ^^^^^^^^^^^^^^^^^^^^^^^^^^^^^

warning: missing documentation for a struct field
  --> src/providers/openrouter/cost.rs:34:5
   |
34 |     pub input_tokens: u32,
   |     ^^^^^^^^^^^^^^^^^^^^^

warning: missing documentation for a struct field
  --> src/providers/openrouter/cost.rs:35:5
   |
35 |     pub output_tokens: u32,
   |     ^^^^^^^^^^^^^^^^^^^^^^

warning: missing documentation for a struct field
  --> src/providers/openrouter/cost.rs:36:5
   |
36 |     pub input_cost: f32,
   |     ^^^^^^^^^^^^^^^^^^^

warning: missing documentation for a struct field
  --> src/providers/openrouter/cost.rs:37:5
   |
37 |     pub output_cost: f32,
   |     ^^^^^^^^^^^^^^^^^^^^

warning: missing documentation for a struct field
  --> src/providers/openrouter/cost.rs:38:5
   |
38 |     pub total_cost: f32,
   |     ^^^^^^^^^^^^^^^^^^^

warning: missing documentation for a struct field
  --> src/providers/openrouter/cost.rs:39:5
   |
39 |     pub duration_ms: u64,
   |     ^^^^^^^^^^^^^^^^^^^^

warning: missing documentation for a struct field
  --> src/providers/openrouter/cost.rs:40:5
   |
40 |     pub success: bool,
   |     ^^^^^^^^^^^^^^^^^

warning: missing documentation for a struct field
  --> src/providers/openrouter/cost.rs:41:5
   |
41 |     pub metadata: Option<HashMap<String, String>>,
   |     ^^^^^^^^^^^^^^^^^^^^^^^^^^^^^^^^^^^^^^^^^^^^^

warning: missing documentation for a variant
  --> src/providers/openrouter/cost.rs:47:5
   |
47 |     Consensus,
   |     ^^^^^^^^^

warning: missing documentation for a variant
  --> src/providers/openrouter/cost.rs:48:5
   |
48 |     Analysis,
   |     ^^^^^^^^

warning: missing documentation for a variant
  --> src/providers/openrouter/cost.rs:49:5
   |
49 |     Generation,
   |     ^^^^^^^^^^

warning: missing documentation for a variant
  --> src/providers/openrouter/cost.rs:50:5
   |
50 |     Translation,
   |     ^^^^^^^^^^^

warning: missing documentation for a variant
  --> src/providers/openrouter/cost.rs:51:5
   |
51 |     Other(String),
   |     ^^^^^

warning: missing documentation for a struct field
  --> src/providers/openrouter/cost.rs:57:5
   |
57 |     pub daily_limit: Option<f32>,
   |     ^^^^^^^^^^^^^^^^^^^^^^^^^^^^

warning: missing documentation for a struct field
  --> src/providers/openrouter/cost.rs:58:5
   |
58 |     pub monthly_limit: Option<f32>,
   |     ^^^^^^^^^^^^^^^^^^^^^^^^^^^^^^

warning: missing documentation for a struct field
  --> src/providers/openrouter/cost.rs:59:5
   |
59 |     pub per_request_limit: Option<f32>,
   |     ^^^^^^^^^^^^^^^^^^^^^^^^^^^^^^^^^^

warning: missing documentation for a struct field
  --> src/providers/openrouter/cost.rs:60:5
   |
60 |     pub alert_threshold: f32, // Percentage (0.0 - 1.0)
   |     ^^^^^^^^^^^^^^^^^^^^^^^^

warning: missing documentation for a struct field
  --> src/providers/openrouter/cost.rs:61:5
   |
61 |     pub enforce_limits: bool,
   |     ^^^^^^^^^^^^^^^^^^^^^^^^

warning: missing documentation for a struct field
  --> src/providers/openrouter/cost.rs:79:5
   |
79 |     pub daily_spent: f32,
   |     ^^^^^^^^^^^^^^^^^^^^

warning: missing documentation for a struct field
  --> src/providers/openrouter/cost.rs:80:5
   |
80 |     pub monthly_spent: f32,
   |     ^^^^^^^^^^^^^^^^^^^^^^

warning: missing documentation for a struct field
  --> src/providers/openrouter/cost.rs:81:5
   |
81 |     pub daily_remaining: Option<f32>,
   |     ^^^^^^^^^^^^^^^^^^^^^^^^^^^^^^^^

warning: missing documentation for a struct field
  --> src/providers/openrouter/cost.rs:82:5
   |
82 |     pub monthly_remaining: Option<f32>,
   |     ^^^^^^^^^^^^^^^^^^^^^^^^^^^^^^^^^^

warning: missing documentation for a struct field
  --> src/providers/openrouter/cost.rs:83:5
   |
83 |     pub daily_percentage: Option<f32>,
   |     ^^^^^^^^^^^^^^^^^^^^^^^^^^^^^^^^^

warning: missing documentation for a struct field
  --> src/providers/openrouter/cost.rs:84:5
   |
84 |     pub monthly_percentage: Option<f32>,
   |     ^^^^^^^^^^^^^^^^^^^^^^^^^^^^^^^^^^^

warning: missing documentation for a struct field
  --> src/providers/openrouter/cost.rs:85:5
   |
85 |     pub alerts: Vec<BudgetAlert>,
   |     ^^^^^^^^^^^^^^^^^^^^^^^^^^^^

warning: missing documentation for a struct field
  --> src/providers/openrouter/cost.rs:91:5
   |
91 |     pub level: AlertLevel,
   |     ^^^^^^^^^^^^^^^^^^^^^

warning: missing documentation for a struct field
  --> src/providers/openrouter/cost.rs:92:5
   |
92 |     pub message: String,
   |     ^^^^^^^^^^^^^^^^^^^

warning: missing documentation for a struct field
  --> src/providers/openrouter/cost.rs:93:5
   |
93 |     pub timestamp: DateTime<Utc>,
   |     ^^^^^^^^^^^^^^^^^^^^^^^^^^^^

warning: missing documentation for a variant
  --> src/providers/openrouter/cost.rs:99:5
   |
99 |     Info,
   |     ^^^^

warning: missing documentation for a variant
   --> src/providers/openrouter/cost.rs:100:5
    |
100 |     Warning,
    |     ^^^^^^^

warning: missing documentation for a variant
   --> src/providers/openrouter/cost.rs:101:5
    |
101 |     Critical,
    |     ^^^^^^^^

warning: missing documentation for a struct field
   --> src/providers/openrouter/cost.rs:107:5
    |
107 |     pub total_cost: f32,
    |     ^^^^^^^^^^^^^^^^^^^

warning: missing documentation for a struct field
   --> src/providers/openrouter/cost.rs:108:5
    |
108 |     pub total_requests: u64,
    |     ^^^^^^^^^^^^^^^^^^^^^^^

warning: missing documentation for a struct field
   --> src/providers/openrouter/cost.rs:109:5
    |
109 |     pub total_tokens: u64,
    |     ^^^^^^^^^^^^^^^^^^^^^

warning: missing documentation for a struct field
   --> src/providers/openrouter/cost.rs:110:5
    |
110 |     pub average_cost_per_request: f32,
    |     ^^^^^^^^^^^^^^^^^^^^^^^^^^^^^^^^^

warning: missing documentation for a struct field
   --> src/providers/openrouter/cost.rs:111:5
    |
111 |     pub average_tokens_per_request: f32,
    |     ^^^^^^^^^^^^^^^^^^^^^^^^^^^^^^^^^^^

warning: missing documentation for a struct field
   --> src/providers/openrouter/cost.rs:112:5
    |
112 |     pub cost_by_model: HashMap<String, f32>,
    |     ^^^^^^^^^^^^^^^^^^^^^^^^^^^^^^^^^^^^^^^

warning: missing documentation for a struct field
   --> src/providers/openrouter/cost.rs:113:5
    |
113 |     pub cost_by_type: HashMap<String, f32>,
    |     ^^^^^^^^^^^^^^^^^^^^^^^^^^^^^^^^^^^^^^

warning: missing documentation for a struct field
   --> src/providers/openrouter/cost.rs:114:5
    |
114 |     pub top_expensive_models: Vec<(String, f32)>,
    |     ^^^^^^^^^^^^^^^^^^^^^^^^^^^^^^^^^^^^^^^^^^^^

warning: missing documentation for a struct field
   --> src/providers/openrouter/cost.rs:115:5
    |
115 |     pub cost_trend: Vec<(DateTime<Utc>, f32)>,
    |     ^^^^^^^^^^^^^^^^^^^^^^^^^^^^^^^^^^^^^^^^^

warning: missing documentation for a struct field
   --> src/providers/openrouter/cost.rs:121:5
    |
121 |     pub model_id: String,
    |     ^^^^^^^^^^^^^^^^^^^^

warning: missing documentation for a struct field
   --> src/providers/openrouter/cost.rs:122:5
    |
122 |     pub alternative_model: String,
    |     ^^^^^^^^^^^^^^^^^^^^^^^^^^^^^

warning: missing documentation for a struct field
   --> src/providers/openrouter/cost.rs:123:5
    |
123 |     pub potential_savings: f32,
    |     ^^^^^^^^^^^^^^^^^^^^^^^^^^

warning: missing documentation for a struct field
   --> src/providers/openrouter/cost.rs:124:5
    |
124 |     pub quality_tradeoff: f32, // 0.0 - 1.0
    |     ^^^^^^^^^^^^^^^^^^^^^^^^^

warning: missing documentation for a struct field
   --> src/providers/openrouter/cost.rs:125:5
    |
125 |     pub reasoning: String,
    |     ^^^^^^^^^^^^^^^^^^^^^

warning: missing documentation for a variant
  --> src/providers/openrouter/models.rs:40:5
   |
40 |     Programming,
   |     ^^^^^^^^^^^

warning: missing documentation for a variant
  --> src/providers/openrouter/models.rs:41:5
   |
41 |     Reasoning,
   |     ^^^^^^^^^

warning: missing documentation for a variant
  --> src/providers/openrouter/models.rs:42:5
   |
42 |     Creative,
   |     ^^^^^^^^

warning: missing documentation for a variant
  --> src/providers/openrouter/models.rs:43:5
   |
43 |     Multimodal,
   |     ^^^^^^^^^^

warning: missing documentation for a variant
  --> src/providers/openrouter/models.rs:44:5
   |
44 |     LongContext,
   |     ^^^^^^^^^^^

warning: missing documentation for a variant
  --> src/providers/openrouter/models.rs:45:5
   |
45 |     FastResponse,
   |     ^^^^^^^^^^^^

warning: missing documentation for a variant
  --> src/providers/openrouter/models.rs:46:5
   |
46 |     Specialized,
   |     ^^^^^^^^^^^

warning: missing documentation for a struct field
  --> src/providers/openrouter/models.rs:65:5
   |
65 |     pub id: String,
   |     ^^^^^^^^^^^^^^

warning: missing documentation for a struct field
  --> src/providers/openrouter/models.rs:66:5
   |
66 |     pub provider: String,
   |     ^^^^^^^^^^^^^^^^^^^^

warning: missing documentation for a struct field
  --> src/providers/openrouter/models.rs:67:5
   |
67 |     pub name: String,
   |     ^^^^^^^^^^^^^^^^

warning: missing documentation for a struct field
  --> src/providers/openrouter/models.rs:68:5
   |
68 |     pub tier: ModelTier,
   |     ^^^^^^^^^^^^^^^^^^^

warning: missing documentation for a struct field
  --> src/providers/openrouter/models.rs:69:5
   |
69 |     pub capabilities: Vec<ModelCapability>,
   |     ^^^^^^^^^^^^^^^^^^^^^^^^^^^^^^^^^^^^^^

warning: missing documentation for a struct field
  --> src/providers/openrouter/models.rs:70:5
   |
70 |     pub context_window: u32,
   |     ^^^^^^^^^^^^^^^^^^^^^^^

warning: missing documentation for a struct field
  --> src/providers/openrouter/models.rs:71:5
   |
71 |     pub cost_per_1k_input: f32,
   |     ^^^^^^^^^^^^^^^^^^^^^^^^^^

warning: missing documentation for a struct field
  --> src/providers/openrouter/models.rs:72:5
   |
72 |     pub cost_per_1k_output: f32,
   |     ^^^^^^^^^^^^^^^^^^^^^^^^^^^

warning: missing documentation for a struct field
  --> src/providers/openrouter/models.rs:73:5
   |
73 |     pub average_latency_ms: u32,
   |     ^^^^^^^^^^^^^^^^^^^^^^^^^^^

warning: missing documentation for a struct field
  --> src/providers/openrouter/models.rs:74:5
   |
74 |     pub quality_score: f32, // 0.0 - 1.0
   |     ^^^^^^^^^^^^^^^^^^^^^^

warning: missing documentation for a struct field
  --> src/providers/openrouter/models.rs:80:5
   |
80 |     pub primary: String,
   |     ^^^^^^^^^^^^^^^^^^^

warning: missing documentation for a struct field
  --> src/providers/openrouter/models.rs:81:5
   |
81 |     pub fallbacks: Vec<String>,
   |     ^^^^^^^^^^^^^^^^^^^^^^^^^^

warning: missing documentation for a struct field
  --> src/providers/openrouter/models.rs:82:5
   |
82 |     pub estimated_cost: f32,
   |     ^^^^^^^^^^^^^^^^^^^^^^^

warning: missing documentation for a struct field
  --> src/providers/openrouter/models.rs:83:5
   |
83 |     pub reasoning: String,
   |     ^^^^^^^^^^^^^^^^^^^^^

warning: missing documentation for a struct field
  --> src/providers/openrouter/performance.rs:15:5
   |
15 |     pub model_id: String,
   |     ^^^^^^^^^^^^^^^^^^^^

warning: missing documentation for a struct field
  --> src/providers/openrouter/performance.rs:16:5
   |
16 |     pub total_requests: u64,
   |     ^^^^^^^^^^^^^^^^^^^^^^^

warning: missing documentation for a struct field
  --> src/providers/openrouter/performance.rs:17:5
   |
17 |     pub successful_requests: u64,
   |     ^^^^^^^^^^^^^^^^^^^^^^^^^^^^

warning: missing documentation for a struct field
  --> src/providers/openrouter/performance.rs:18:5
   |
18 |     pub failed_requests: u64,
   |     ^^^^^^^^^^^^^^^^^^^^^^^^

warning: missing documentation for a struct field
  --> src/providers/openrouter/performance.rs:19:5
   |
19 |     pub success_rate: f32,
   |     ^^^^^^^^^^^^^^^^^^^^^

warning: missing documentation for a struct field
  --> src/providers/openrouter/performance.rs:20:5
   |
20 |     pub average_latency_ms: f32,
   |     ^^^^^^^^^^^^^^^^^^^^^^^^^^^

warning: missing documentation for a struct field
  --> src/providers/openrouter/performance.rs:21:5
   |
21 |     pub p50_latency_ms: f32,
   |     ^^^^^^^^^^^^^^^^^^^^^^^

warning: missing documentation for a struct field
  --> src/providers/openrouter/performance.rs:22:5
   |
22 |     pub p95_latency_ms: f32,
   |     ^^^^^^^^^^^^^^^^^^^^^^^

warning: missing documentation for a struct field
  --> src/providers/openrouter/performance.rs:23:5
   |
23 |     pub p99_latency_ms: f32,
   |     ^^^^^^^^^^^^^^^^^^^^^^^

warning: missing documentation for a struct field
  --> src/providers/openrouter/performance.rs:24:5
   |
24 |     pub average_tokens_per_second: f32,
   |     ^^^^^^^^^^^^^^^^^^^^^^^^^^^^^^^^^^

warning: missing documentation for a struct field
  --> src/providers/openrouter/performance.rs:25:5
   |
25 |     pub error_rate: f32,
   |     ^^^^^^^^^^^^^^^^^^^

warning: missing documentation for a struct field
  --> src/providers/openrouter/performance.rs:26:5
   |
26 |     pub timeout_rate: f32,
   |     ^^^^^^^^^^^^^^^^^^^^^

warning: missing documentation for a struct field
  --> src/providers/openrouter/performance.rs:27:5
   |
27 |     pub quality_score: f32, // 0.0 - 1.0, based on user feedback
   |     ^^^^^^^^^^^^^^^^^^^^^^

warning: missing documentation for a struct field
  --> src/providers/openrouter/performance.rs:28:5
   |
28 |     pub last_updated: DateTime<Utc>,
   |     ^^^^^^^^^^^^^^^^^^^^^^^^^^^^^^^

warning: missing documentation for a struct field
  --> src/providers/openrouter/performance.rs:34:5
   |
34 |     pub id: String,
   |     ^^^^^^^^^^^^^^

warning: missing documentation for a struct field
  --> src/providers/openrouter/performance.rs:35:5
   |
35 |     pub model_id: String,
   |     ^^^^^^^^^^^^^^^^^^^^

warning: missing documentation for a struct field
  --> src/providers/openrouter/performance.rs:36:5
   |
36 |     pub timestamp: DateTime<Utc>,
   |     ^^^^^^^^^^^^^^^^^^^^^^^^^^^^

warning: missing documentation for a struct field
  --> src/providers/openrouter/performance.rs:37:5
   |
37 |     pub latency_ms: u64,
   |     ^^^^^^^^^^^^^^^^^^^

warning: missing documentation for a struct field
  --> src/providers/openrouter/performance.rs:38:5
   |
38 |     pub tokens_generated: u32,
   |     ^^^^^^^^^^^^^^^^^^^^^^^^^

warning: missing documentation for a struct field
  --> src/providers/openrouter/performance.rs:39:5
   |
39 |     pub tokens_per_second: f32,
   |     ^^^^^^^^^^^^^^^^^^^^^^^^^^

warning: missing documentation for a struct field
  --> src/providers/openrouter/performance.rs:40:5
   |
40 |     pub success: bool,
   |     ^^^^^^^^^^^^^^^^^

warning: missing documentation for a struct field
  --> src/providers/openrouter/performance.rs:41:5
   |
41 |     pub error_type: Option<ErrorType>,
   |     ^^^^^^^^^^^^^^^^^^^^^^^^^^^^^^^^^

warning: missing documentation for a struct field
  --> src/providers/openrouter/performance.rs:42:5
   |
42 |     pub quality_rating: Option<f32>, // User feedback if available
   |     ^^^^^^^^^^^^^^^^^^^^^^^^^^^^^^^

warning: missing documentation for a struct field
  --> src/providers/openrouter/performance.rs:43:5
   |
43 |     pub request_type: String,
   |     ^^^^^^^^^^^^^^^^^^^^^^^^

warning: missing documentation for a struct field
  --> src/providers/openrouter/performance.rs:44:5
   |
44 |     pub metadata: Option<HashMap<String, String>>,
   |     ^^^^^^^^^^^^^^^^^^^^^^^^^^^^^^^^^^^^^^^^^^^^^

warning: missing documentation for a variant
  --> src/providers/openrouter/performance.rs:50:5
   |
50 |     Timeout,
   |     ^^^^^^^

warning: missing documentation for a variant
  --> src/providers/openrouter/performance.rs:51:5
   |
51 |     RateLimit,
   |     ^^^^^^^^^

warning: missing documentation for a variant
  --> src/providers/openrouter/performance.rs:52:5
   |
52 |     InvalidRequest,
   |     ^^^^^^^^^^^^^^

warning: missing documentation for a variant
  --> src/providers/openrouter/performance.rs:53:5
   |
53 |     ModelUnavailable,
   |     ^^^^^^^^^^^^^^^^

warning: missing documentation for a variant
  --> src/providers/openrouter/performance.rs:54:5
   |
54 |     InsufficientCredits,
   |     ^^^^^^^^^^^^^^^^^^^

warning: missing documentation for a variant
  --> src/providers/openrouter/performance.rs:55:5
   |
55 |     NetworkError,
   |     ^^^^^^^^^^^^

warning: missing documentation for a variant
  --> src/providers/openrouter/performance.rs:56:5
   |
56 |     Other(String),
   |     ^^^^^

warning: missing documentation for a struct field
  --> src/providers/openrouter/performance.rs:62:5
   |
62 |     pub duration_minutes: u32,
   |     ^^^^^^^^^^^^^^^^^^^^^^^^^

warning: missing documentation for a struct field
  --> src/providers/openrouter/performance.rs:63:5
   |
63 |     pub entries: VecDeque<PerformanceEntry>,
   |     ^^^^^^^^^^^^^^^^^^^^^^^^^^^^^^^^^^^^^^^

warning: missing documentation for a struct field
  --> src/providers/openrouter/performance.rs:69:5
   |
69 |     pub model_id: String,
   |     ^^^^^^^^^^^^^^^^^^^^

warning: missing documentation for a struct field
  --> src/providers/openrouter/performance.rs:70:5
   |
70 |     pub status: HealthStatus,
   |     ^^^^^^^^^^^^^^^^^^^^^^^^

warning: missing documentation for a struct field
  --> src/providers/openrouter/performance.rs:71:5
   |
71 |     pub issues: Vec<String>,
   |     ^^^^^^^^^^^^^^^^^^^^^^^

warning: missing documentation for a struct field
  --> src/providers/openrouter/performance.rs:72:5
   |
72 |     pub recommendation: Option<String>,
   |     ^^^^^^^^^^^^^^^^^^^^^^^^^^^^^^^^^^

warning: missing documentation for a variant
  --> src/providers/openrouter/performance.rs:78:5
   |
78 |     Healthy,
   |     ^^^^^^^

warning: missing documentation for a variant
  --> src/providers/openrouter/performance.rs:79:5
   |
79 |     Degraded,
   |     ^^^^^^^^

warning: missing documentation for a variant
  --> src/providers/openrouter/performance.rs:80:5
   |
80 |     Unhealthy,
   |     ^^^^^^^^^

warning: missing documentation for a variant
  --> src/providers/openrouter/performance.rs:81:5
   |
81 |     Unavailable,
   |     ^^^^^^^^^^^

warning: missing documentation for a struct field
  --> src/providers/openrouter/performance.rs:87:5
   |
87 |     pub model_a: String,
   |     ^^^^^^^^^^^^^^^^^^^

warning: missing documentation for a struct field
  --> src/providers/openrouter/performance.rs:88:5
   |
88 |     pub model_b: String,
   |     ^^^^^^^^^^^^^^^^^^^

warning: missing documentation for a struct field
  --> src/providers/openrouter/performance.rs:89:5
   |
89 |     pub latency_difference_ms: f32,
   |     ^^^^^^^^^^^^^^^^^^^^^^^^^^^^^^

warning: missing documentation for a struct field
  --> src/providers/openrouter/performance.rs:90:5
   |
90 |     pub success_rate_difference: f32,
   |     ^^^^^^^^^^^^^^^^^^^^^^^^^^^^^^^^

warning: missing documentation for a struct field
  --> src/providers/openrouter/performance.rs:91:5
   |
91 |     pub cost_difference: f32,
   |     ^^^^^^^^^^^^^^^^^^^^^^^^

warning: missing documentation for a struct field
  --> src/providers/openrouter/performance.rs:92:5
   |
92 |     pub quality_difference: f32,
   |     ^^^^^^^^^^^^^^^^^^^^^^^^^^^

warning: missing documentation for a struct field
  --> src/providers/openrouter/performance.rs:93:5
   |
93 |     pub recommendation: String,
   |     ^^^^^^^^^^^^^^^^^^^^^^^^^^

warning: missing documentation for a struct field
  --> src/providers/openrouter/performance.rs:99:5
   |
99 |     pub primary_model: String,
   |     ^^^^^^^^^^^^^^^^^^^^^^^^^

warning: missing documentation for a struct field
   --> src/providers/openrouter/performance.rs:100:5
    |
100 |     pub fallback_chain: Vec<String>,
    |     ^^^^^^^^^^^^^^^^^^^^^^^^^^^^^^^

warning: missing documentation for a struct field
   --> src/providers/openrouter/performance.rs:101:5
    |
101 |     pub trigger_conditions: FallbackTriggers,
    |     ^^^^^^^^^^^^^^^^^^^^^^^^^^^^^^^^^^^^^^^^

warning: missing documentation for a struct field
   --> src/providers/openrouter/performance.rs:102:5
    |
102 |     pub max_retries_per_model: u32,
    |     ^^^^^^^^^^^^^^^^^^^^^^^^^^^^^^

warning: missing documentation for a struct field
   --> src/providers/openrouter/performance.rs:108:5
    |
108 |     pub error_rate_threshold: f32,
    |     ^^^^^^^^^^^^^^^^^^^^^^^^^^^^^

warning: missing documentation for a struct field
   --> src/providers/openrouter/performance.rs:109:5
    |
109 |     pub latency_threshold_ms: u64,
    |     ^^^^^^^^^^^^^^^^^^^^^^^^^^^^^

warning: missing documentation for a struct field
   --> src/providers/openrouter/performance.rs:110:5
    |
110 |     pub consecutive_failures: u32,
    |     ^^^^^^^^^^^^^^^^^^^^^^^^^^^^^

warning: missing documentation for a struct field
   --> src/providers/openrouter/performance.rs:111:5
    |
111 |     pub timeout_threshold_ms: u64,
    |     ^^^^^^^^^^^^^^^^^^^^^^^^^^^^^

warning: missing documentation for a struct field
   --> src/providers/openrouter/performance.rs:117:5
    |
117 |     pub quality: f32,
    |     ^^^^^^^^^^^^^^^^

warning: missing documentation for a struct field
   --> src/providers/openrouter/performance.rs:118:5
    |
118 |     pub reliability: f32,
    |     ^^^^^^^^^^^^^^^^^^^^

warning: missing documentation for a struct field
   --> src/providers/openrouter/performance.rs:119:5
    |
119 |     pub speed: f32,
    |     ^^^^^^^^^^^^^^

warning: missing documentation for a struct field
   --> src/providers/openrouter/performance.rs:120:5
    |
120 |     pub cost: f32,
    |     ^^^^^^^^^^^^^

warning: missing documentation for a struct field
   --> src/providers/openrouter/performance.rs:121:5
    |
121 |     pub throughput: f32,
    |     ^^^^^^^^^^^^^^^^^^^

warning: missing documentation for a struct field
   --> src/providers/openrouter/performance.rs:139:5
    |
139 |     pub model_id: String,
    |     ^^^^^^^^^^^^^^^^^^^^

warning: missing documentation for a struct field
   --> src/providers/openrouter/performance.rs:140:5
    |
140 |     pub score: f32,
    |     ^^^^^^^^^^^^^^

warning: missing documentation for a struct field
   --> src/providers/openrouter/performance.rs:141:5
    |
141 |     pub rank: u32,
    |     ^^^^^^^^^^^^^

warning: missing documentation for a struct field
   --> src/providers/openrouter/performance.rs:142:5
    |
142 |     pub task_type: String,
    |     ^^^^^^^^^^^^^^^^^^^^^

warning: missing documentation for a struct field
   --> src/providers/openrouter/performance.rs:143:5
    |
143 |     pub metrics_snapshot: PerformanceMetrics,
    |     ^^^^^^^^^^^^^^^^^^^^^^^^^^^^^^^^^^^^^^^^

warning: missing documentation for a struct field
   --> src/providers/openrouter/performance.rs:144:5
    |
144 |     pub last_updated: DateTime<Utc>,
    |     ^^^^^^^^^^^^^^^^^^^^^^^^^^^^^^^

warning: missing documentation for a struct field
   --> src/providers/openrouter/performance.rs:150:5
    |
150 |     pub task_type: String,
    |     ^^^^^^^^^^^^^^^^^^^^^

warning: missing documentation for a struct field
   --> src/providers/openrouter/performance.rs:151:5
    |
151 |     pub recommended_models: Vec<ModelRanking>,
    |     ^^^^^^^^^^^^^^^^^^^^^^^^^^^^^^^^^^^^^^^^^

warning: missing documentation for a struct field
   --> src/providers/openrouter/performance.rs:152:5
    |
152 |     pub reasoning: String,
    |     ^^^^^^^^^^^^^^^^^^^^^

warning: missing documentation for a struct field
   --> src/providers/openrouter/performance.rs:153:5
    |
153 |     pub confidence: f32,
    |     ^^^^^^^^^^^^^^^^^^^

warning: missing documentation for a struct field
   --> src/providers/openrouter/performance.rs:159:5
    |
159 |     pub test_id: String,
    |     ^^^^^^^^^^^^^^^^^^^

warning: missing documentation for a struct field
   --> src/providers/openrouter/performance.rs:160:5
    |
160 |     pub name: String,
    |     ^^^^^^^^^^^^^^^^

warning: missing documentation for a struct field
   --> src/providers/openrouter/performance.rs:161:5
    |
161 |     pub description: String,
    |     ^^^^^^^^^^^^^^^^^^^^^^^

warning: missing documentation for a struct field
   --> src/providers/openrouter/performance.rs:162:5
    |
162 |     pub model_a: String,
    |     ^^^^^^^^^^^^^^^^^^^

warning: missing documentation for a struct field
   --> src/providers/openrouter/performance.rs:163:5
    |
163 |     pub model_b: String,
    |     ^^^^^^^^^^^^^^^^^^^

warning: missing documentation for a struct field
   --> src/providers/openrouter/performance.rs:164:5
    |
164 |     pub sample_size: usize,
    |     ^^^^^^^^^^^^^^^^^^^^^^

warning: missing documentation for a struct field
   --> src/providers/openrouter/performance.rs:165:5
    |
165 |     pub test_queries: Vec<String>,
    |     ^^^^^^^^^^^^^^^^^^^^^^^^^^^^^

warning: missing documentation for a struct field
   --> src/providers/openrouter/performance.rs:166:5
    |
166 |     pub metrics_to_compare: Vec<String>,
    |     ^^^^^^^^^^^^^^^^^^^^^^^^^^^^^^^^^^^

warning: missing documentation for a struct field
   --> src/providers/openrouter/performance.rs:167:5
    |
167 |     pub started_at: DateTime<Utc>,
    |     ^^^^^^^^^^^^^^^^^^^^^^^^^^^^^

warning: missing documentation for a struct field
   --> src/providers/openrouter/performance.rs:168:5
    |
168 |     pub duration_hours: u32,
    |     ^^^^^^^^^^^^^^^^^^^^^^^

warning: missing documentation for a struct field
   --> src/providers/openrouter/performance.rs:169:5
    |
169 |     pub status: ABTestStatus,
    |     ^^^^^^^^^^^^^^^^^^^^^^^^

warning: missing documentation for a variant
   --> src/providers/openrouter/performance.rs:175:5
    |
175 |     Planned,
    |     ^^^^^^^

warning: missing documentation for a variant
   --> src/providers/openrouter/performance.rs:176:5
    |
176 |     Running,
    |     ^^^^^^^

warning: missing documentation for a variant
   --> src/providers/openrouter/performance.rs:177:5
    |
177 |     Completed,
    |     ^^^^^^^^^

warning: missing documentation for a variant
   --> src/providers/openrouter/performance.rs:178:5
    |
178 |     Paused,
    |     ^^^^^^

warning: missing documentation for a variant
   --> src/providers/openrouter/performance.rs:179:5
    |
179 |     Cancelled,
    |     ^^^^^^^^^

warning: missing documentation for a struct field
   --> src/providers/openrouter/performance.rs:185:5
    |
185 |     pub test_id: String,
    |     ^^^^^^^^^^^^^^^^^^^

warning: missing documentation for a struct field
   --> src/providers/openrouter/performance.rs:186:5
    |
186 |     pub query_id: String,
    |     ^^^^^^^^^^^^^^^^^^^^

warning: missing documentation for a struct field
   --> src/providers/openrouter/performance.rs:187:5
    |
187 |     pub model_id: String,
    |     ^^^^^^^^^^^^^^^^^^^^

warning: missing documentation for a struct field
   --> src/providers/openrouter/performance.rs:188:5
    |
188 |     pub latency_ms: u64,
    |     ^^^^^^^^^^^^^^^^^^^

warning: missing documentation for a struct field
   --> src/providers/openrouter/performance.rs:189:5
    |
189 |     pub tokens_generated: u32,
    |     ^^^^^^^^^^^^^^^^^^^^^^^^^

warning: missing documentation for a struct field
   --> src/providers/openrouter/performance.rs:190:5
    |
190 |     pub success: bool,
    |     ^^^^^^^^^^^^^^^^^

warning: missing documentation for a struct field
   --> src/providers/openrouter/performance.rs:191:5
    |
191 |     pub error_type: Option<ErrorType>,
    |     ^^^^^^^^^^^^^^^^^^^^^^^^^^^^^^^^^

warning: missing documentation for a struct field
   --> src/providers/openrouter/performance.rs:192:5
    |
192 |     pub quality_rating: Option<f32>,
    |     ^^^^^^^^^^^^^^^^^^^^^^^^^^^^^^^

warning: missing documentation for a struct field
   --> src/providers/openrouter/performance.rs:193:5
    |
193 |     pub timestamp: DateTime<Utc>,
    |     ^^^^^^^^^^^^^^^^^^^^^^^^^^^^

warning: missing documentation for a struct field
   --> src/providers/openrouter/performance.rs:199:5
    |
199 |     pub test_id: String,
    |     ^^^^^^^^^^^^^^^^^^^

warning: missing documentation for a struct field
   --> src/providers/openrouter/performance.rs:200:5
    |
200 |     pub model_a: String,
    |     ^^^^^^^^^^^^^^^^^^^

warning: missing documentation for a struct field
   --> src/providers/openrouter/performance.rs:201:5
    |
201 |     pub model_b: String,
    |     ^^^^^^^^^^^^^^^^^^^

warning: missing documentation for a struct field
   --> src/providers/openrouter/performance.rs:202:5
    |
202 |     pub sample_size_a: usize,
    |     ^^^^^^^^^^^^^^^^^^^^^^^^

warning: missing documentation for a struct field
   --> src/providers/openrouter/performance.rs:203:5
    |
203 |     pub sample_size_b: usize,
    |     ^^^^^^^^^^^^^^^^^^^^^^^^

warning: missing documentation for a struct field
   --> src/providers/openrouter/performance.rs:204:5
    |
204 |     pub metrics_comparison: ABTestMetricsComparison,
    |     ^^^^^^^^^^^^^^^^^^^^^^^^^^^^^^^^^^^^^^^^^^^^^^^

warning: missing documentation for a struct field
   --> src/providers/openrouter/performance.rs:205:5
    |
205 |     pub statistical_significance: StatisticalSignificance,
    |     ^^^^^^^^^^^^^^^^^^^^^^^^^^^^^^^^^^^^^^^^^^^^^^^^^^^^^

warning: missing documentation for a struct field
   --> src/providers/openrouter/performance.rs:206:5
    |
206 |     pub recommendation: String,
    |     ^^^^^^^^^^^^^^^^^^^^^^^^^^

warning: missing documentation for a struct field
   --> src/providers/openrouter/performance.rs:207:5
    |
207 |     pub confidence_level: f32,
    |     ^^^^^^^^^^^^^^^^^^^^^^^^^

warning: missing documentation for a struct field
   --> src/providers/openrouter/performance.rs:208:5
    |
208 |     pub completed_at: DateTime<Utc>,
    |     ^^^^^^^^^^^^^^^^^^^^^^^^^^^^^^^

warning: missing documentation for a struct field
   --> src/providers/openrouter/performance.rs:214:5
    |
214 |     pub latency_comparison: MetricComparison,
    |     ^^^^^^^^^^^^^^^^^^^^^^^^^^^^^^^^^^^^^^^^

warning: missing documentation for a struct field
   --> src/providers/openrouter/performance.rs:215:5
    |
215 |     pub success_rate_comparison: MetricComparison,
    |     ^^^^^^^^^^^^^^^^^^^^^^^^^^^^^^^^^^^^^^^^^^^^^

warning: missing documentation for a struct field
   --> src/providers/openrouter/performance.rs:216:5
    |
216 |     pub quality_comparison: MetricComparison,
    |     ^^^^^^^^^^^^^^^^^^^^^^^^^^^^^^^^^^^^^^^^

warning: missing documentation for a struct field
   --> src/providers/openrouter/performance.rs:217:5
    |
217 |     pub throughput_comparison: MetricComparison,
    |     ^^^^^^^^^^^^^^^^^^^^^^^^^^^^^^^^^^^^^^^^^^^

warning: missing documentation for a struct field
   --> src/providers/openrouter/performance.rs:223:5
    |
223 |     pub metric_name: String,
    |     ^^^^^^^^^^^^^^^^^^^^^^^

warning: missing documentation for a struct field
   --> src/providers/openrouter/performance.rs:224:5
    |
224 |     pub model_a_value: f32,
    |     ^^^^^^^^^^^^^^^^^^^^^^

warning: missing documentation for a struct field
   --> src/providers/openrouter/performance.rs:225:5
    |
225 |     pub model_b_value: f32,
    |     ^^^^^^^^^^^^^^^^^^^^^^

warning: missing documentation for a struct field
   --> src/providers/openrouter/performance.rs:226:5
    |
226 |     pub difference: f32,
    |     ^^^^^^^^^^^^^^^^^^^

warning: missing documentation for a struct field
   --> src/providers/openrouter/performance.rs:227:5
    |
227 |     pub percentage_change: f32,
    |     ^^^^^^^^^^^^^^^^^^^^^^^^^^

warning: missing documentation for a struct field
   --> src/providers/openrouter/performance.rs:228:5
    |
228 |     pub better_model: Option<String>,
    |     ^^^^^^^^^^^^^^^^^^^^^^^^^^^^^^^^

warning: missing documentation for a struct field
   --> src/providers/openrouter/performance.rs:234:5
    |
234 |     pub is_significant: bool,
    |     ^^^^^^^^^^^^^^^^^^^^^^^^

warning: missing documentation for a struct field
   --> src/providers/openrouter/performance.rs:235:5
    |
235 |     pub p_value: f32,
    |     ^^^^^^^^^^^^^^^^

warning: missing documentation for a struct field
   --> src/providers/openrouter/performance.rs:236:5
    |
236 |     pub confidence_interval: (f32, f32),
    |     ^^^^^^^^^^^^^^^^^^^^^^^^^^^^^^^^^^^

warning: missing documentation for a struct field
   --> src/providers/openrouter/performance.rs:237:5
    |
237 |     pub effect_size: f32,
    |     ^^^^^^^^^^^^^^^^^^^^

warning: missing documentation for a struct field
   --> src/providers/openrouter/performance.rs:238:5
    |
238 |     pub power: f32,
    |     ^^^^^^^^^^^^^^

warning: missing documentation for a struct field
   --> src/providers/openrouter/performance.rs:255:5
    |
255 |     pub model_id: String,
    |     ^^^^^^^^^^^^^^^^^^^^

warning: missing documentation for a struct field
   --> src/providers/openrouter/performance.rs:256:5
    |
256 |     pub state: CircuitState,
    |     ^^^^^^^^^^^^^^^^^^^^^^^

warning: missing documentation for a struct field
   --> src/providers/openrouter/performance.rs:257:5
    |
257 |     pub failure_count: u32,
    |     ^^^^^^^^^^^^^^^^^^^^^^

warning: missing documentation for a struct field
   --> src/providers/openrouter/performance.rs:258:5
    |
258 |     pub last_failure: Option<DateTime<Utc>>,
    |     ^^^^^^^^^^^^^^^^^^^^^^^^^^^^^^^^^^^^^^^

warning: missing documentation for a struct field
   --> src/providers/openrouter/performance.rs:259:5
    |
259 |     pub next_attempt: Option<DateTime<Utc>>,
    |     ^^^^^^^^^^^^^^^^^^^^^^^^^^^^^^^^^^^^^^^

warning: missing documentation for a struct field
   --> src/providers/openrouter/performance.rs:260:5
    |
260 |     pub success_count_after_recovery: u32,
    |     ^^^^^^^^^^^^^^^^^^^^^^^^^^^^^^^^^^^^^

warning: missing documentation for a variant
   --> src/providers/openrouter/performance.rs:266:5
    |
266 |     Closed,   // Normal operation
    |     ^^^^^^

warning: missing documentation for a variant
   --> src/providers/openrouter/performance.rs:267:5
    |
267 |     Open,     // Circuit broken, using fallback
    |     ^^^^

warning: missing documentation for a variant
   --> src/providers/openrouter/performance.rs:268:5
    |
268 |     HalfOpen, // Testing if circuit can be closed
    |     ^^^^^^^^

warning: missing documentation for a struct field
   --> src/providers/openrouter/performance.rs:274:5
    |
274 |     pub attempted_models: Vec<String>,
    |     ^^^^^^^^^^^^^^^^^^^^^^^^^^^^^^^^^

warning: missing documentation for a struct field
   --> src/providers/openrouter/performance.rs:275:5
    |
275 |     pub successful_model: Option<String>,
    |     ^^^^^^^^^^^^^^^^^^^^^^^^^^^^^^^^^^^^

warning: missing documentation for a struct field
   --> src/providers/openrouter/performance.rs:276:5
    |
276 |     pub total_attempts: u32,
    |     ^^^^^^^^^^^^^^^^^^^^^^^

warning: missing documentation for a struct field
   --> src/providers/openrouter/performance.rs:277:5
    |
277 |     pub total_latency_ms: u64,
    |     ^^^^^^^^^^^^^^^^^^^^^^^^^

warning: missing documentation for a struct field
   --> src/providers/openrouter/performance.rs:278:5
    |
278 |     pub errors: Vec<(String, ErrorType)>,
    |     ^^^^^^^^^^^^^^^^^^^^^^^^^^^^^^^^^^^^

warning: missing documentation for a struct field
    --> src/providers/openrouter/performance.rs:1651:5
     |
1651 |     pub metrics: PerformanceMetrics,
     |     ^^^^^^^^^^^^^^^^^^^^^^^^^^^^^^^

warning: missing documentation for a struct field
    --> src/providers/openrouter/performance.rs:1652:5
     |
1652 |     pub health: ModelHealth,
     |     ^^^^^^^^^^^^^^^^^^^^^^^

warning: missing documentation for a struct field
    --> src/providers/openrouter/performance.rs:1653:5
     |
1653 |     pub ranking: u32,
     |     ^^^^^^^^^^^^^^^^

warning: missing documentation for a struct field
    --> src/providers/openrouter/performance.rs:1654:5
     |
1654 |     pub fallback_recommendation: Option<String>,
     |     ^^^^^^^^^^^^^^^^^^^^^^^^^^^^^^^^^^^^^^^^^^^

warning: missing documentation for a struct field
  --> src/providers/openrouter/streaming.rs:22:5
   |
22 |     pub temperature: Option<f32>,
   |     ^^^^^^^^^^^^^^^^^^^^^^^^^^^^

warning: missing documentation for a struct field
  --> src/providers/openrouter/streaming.rs:23:5
   |
23 |     pub max_tokens: Option<u32>,
   |     ^^^^^^^^^^^^^^^^^^^^^^^^^^^

warning: missing documentation for a struct field
  --> src/providers/openrouter/streaming.rs:24:5
   |
24 |     pub top_p: Option<f32>,
   |     ^^^^^^^^^^^^^^^^^^^^^^

warning: missing documentation for a struct field
  --> src/providers/openrouter/streaming.rs:25:5
   |
25 |     pub frequency_penalty: Option<f32>,
   |     ^^^^^^^^^^^^^^^^^^^^^^^^^^^^^^^^^^

warning: missing documentation for a struct field
  --> src/providers/openrouter/streaming.rs:26:5
   |
26 |     pub presence_penalty: Option<f32>,
   |     ^^^^^^^^^^^^^^^^^^^^^^^^^^^^^^^^^

warning: missing documentation for a struct field
  --> src/providers/openrouter/streaming.rs:44:5
   |
44 |     pub id: String,
   |     ^^^^^^^^^^^^^^

warning: missing documentation for a struct field
  --> src/providers/openrouter/streaming.rs:45:5
   |
45 |     pub object: String,
   |     ^^^^^^^^^^^^^^^^^^

warning: missing documentation for a struct field
  --> src/providers/openrouter/streaming.rs:46:5
   |
46 |     pub created: u64,
   |     ^^^^^^^^^^^^^^^^

warning: missing documentation for a struct field
  --> src/providers/openrouter/streaming.rs:47:5
   |
47 |     pub model: String,
   |     ^^^^^^^^^^^^^^^^^

warning: missing documentation for a struct field
  --> src/providers/openrouter/streaming.rs:48:5
   |
48 |     pub choices: Vec<StreamChoice>,
   |     ^^^^^^^^^^^^^^^^^^^^^^^^^^^^^^

warning: missing documentation for a struct field
  --> src/providers/openrouter/streaming.rs:50:5
   |
50 |     pub usage: Option<UsageInfo>,
   |     ^^^^^^^^^^^^^^^^^^^^^^^^^^^^

warning: missing documentation for a struct field
  --> src/providers/openrouter/streaming.rs:56:5
   |
56 |     pub index: u32,
   |     ^^^^^^^^^^^^^^

warning: missing documentation for a struct field
  --> src/providers/openrouter/streaming.rs:57:5
   |
57 |     pub delta: StreamDelta,
   |     ^^^^^^^^^^^^^^^^^^^^^^

warning: missing documentation for a struct field
  --> src/providers/openrouter/streaming.rs:59:5
   |
59 |     pub finish_reason: Option<String>,
   |     ^^^^^^^^^^^^^^^^^^^^^^^^^^^^^^^^^

warning: missing documentation for a struct field
  --> src/providers/openrouter/streaming.rs:66:5
   |
66 |     pub role: Option<String>,
   |     ^^^^^^^^^^^^^^^^^^^^^^^^

warning: missing documentation for a struct field
  --> src/providers/openrouter/streaming.rs:68:5
   |
68 |     pub content: Option<String>,
   |     ^^^^^^^^^^^^^^^^^^^^^^^^^^^

warning: missing documentation for a struct field
  --> src/providers/openrouter/streaming.rs:74:5
   |
74 |     pub id: String,
   |     ^^^^^^^^^^^^^^

warning: missing documentation for a struct field
  --> src/providers/openrouter/streaming.rs:75:5
   |
75 |     pub model: String,
   |     ^^^^^^^^^^^^^^^^^

warning: missing documentation for a struct field
  --> src/providers/openrouter/streaming.rs:76:5
   |
76 |     pub content: String,
   |     ^^^^^^^^^^^^^^^^^^^

warning: missing documentation for a struct field
  --> src/providers/openrouter/streaming.rs:77:5
   |
77 |     pub usage: Option<UsageInfo>,
   |     ^^^^^^^^^^^^^^^^^^^^^^^^^^^^

warning: missing documentation for a struct field
  --> src/providers/openrouter/streaming.rs:78:5
   |
78 |     pub duration_ms: u64,
   |     ^^^^^^^^^^^^^^^^^^^^

warning: missing documentation for a struct field
  --> src/providers/openrouter/streaming.rs:79:5
   |
79 |     pub tokens_per_second: f32,
   |     ^^^^^^^^^^^^^^^^^^^^^^^^^^

warning: missing documentation for a struct field
  --> src/providers/openrouter/streaming.rs:85:5
   |
85 |     pub tokens: u32,
   |     ^^^^^^^^^^^^^^^

warning: missing documentation for a struct field
  --> src/providers/openrouter/streaming.rs:86:5
   |
86 |     pub estimated_total: Option<u32>,
   |     ^^^^^^^^^^^^^^^^^^^^^^^^^^^^^^^^

warning: missing documentation for a struct field
  --> src/providers/openrouter/streaming.rs:87:5
   |
87 |     pub percentage: Option<f32>,
   |     ^^^^^^^^^^^^^^^^^^^^^^^^^^^

warning: missing documentation for a struct field
  --> src/providers/openrouter/streaming.rs:88:5
   |
88 |     pub tokens_per_second: f32,
   |     ^^^^^^^^^^^^^^^^^^^^^^^^^^

warning: missing documentation for a struct field
  --> src/providers/openrouter/streaming.rs:94:5
   |
94 |     pub on_chunk: Option<Arc<dyn Fn(String, String) + Send + Sync>>,
   |     ^^^^^^^^^^^^^^^^^^^^^^^^^^^^^^^^^^^^^^^^^^^^^^^^^^^^^^^^^^^^^^^

warning: missing documentation for a struct field
  --> src/providers/openrouter/streaming.rs:95:5
   |
95 |     pub on_progress: Option<Arc<dyn Fn(StreamProgress) + Send + Sync>>,
   |     ^^^^^^^^^^^^^^^^^^^^^^^^^^^^^^^^^^^^^^^^^^^^^^^^^^^^^^^^^^^^^^^^^^

warning: missing documentation for a struct field
  --> src/providers/openrouter/streaming.rs:96:5
   |
96 |     pub on_complete: Option<Arc<dyn Fn(StreamingResponse) + Send + Sync>>,
   |     ^^^^^^^^^^^^^^^^^^^^^^^^^^^^^^^^^^^^^^^^^^^^^^^^^^^^^^^^^^^^^^^^^^^^^

warning: missing documentation for a struct field
  --> src/providers/openrouter/streaming.rs:97:5
   |
97 |     pub on_error: Option<Arc<dyn Fn(anyhow::Error) + Send + Sync>>,
   |     ^^^^^^^^^^^^^^^^^^^^^^^^^^^^^^^^^^^^^^^^^^^^^^^^^^^^^^^^^^^^^^

warning: missing documentation for a struct field
  --> src/providers/openrouter/streaming.rs:98:5
   |
98 |     pub on_start: Option<Arc<dyn Fn() + Send + Sync>>,
   |     ^^^^^^^^^^^^^^^^^^^^^^^^^^^^^^^^^^^^^^^^^^^^^^^^^

warning: missing documentation for a struct field
  --> src/security/mod.rs:94:5
   |
94 |     pub min_length: u32,
   |     ^^^^^^^^^^^^^^^^^^^

warning: missing documentation for a struct field
  --> src/security/mod.rs:95:5
   |
95 |     pub require_uppercase: bool,
   |     ^^^^^^^^^^^^^^^^^^^^^^^^^^^

warning: missing documentation for a struct field
  --> src/security/mod.rs:96:5
   |
96 |     pub require_lowercase: bool,
   |     ^^^^^^^^^^^^^^^^^^^^^^^^^^^

warning: missing documentation for a struct field
  --> src/security/mod.rs:97:5
   |
97 |     pub require_numbers: bool,
   |     ^^^^^^^^^^^^^^^^^^^^^^^^^

warning: missing documentation for a struct field
  --> src/security/mod.rs:98:5
   |
98 |     pub require_symbols: bool,
   |     ^^^^^^^^^^^^^^^^^^^^^^^^^

warning: missing documentation for a struct field
  --> src/security/mod.rs:99:5
   |
99 |     pub max_age_days: Option<u32>,
   |     ^^^^^^^^^^^^^^^^^^^^^^^^^^^^^

warning: missing documentation for a struct field
   --> src/security/mod.rs:100:5
    |
100 |     pub history_count: u32,
    |     ^^^^^^^^^^^^^^^^^^^^^^

warning: missing documentation for a struct field
   --> src/security/mod.rs:106:5
    |
106 |     pub algorithm: String,
    |     ^^^^^^^^^^^^^^^^^^^^^

warning: missing documentation for a struct field
   --> src/security/mod.rs:107:5
    |
107 |     pub key_rotation_days: u32,
    |     ^^^^^^^^^^^^^^^^^^^^^^^^^^

warning: missing documentation for a struct field
   --> src/security/mod.rs:108:5
    |
108 |     pub encrypt_audit_logs: bool,
    |     ^^^^^^^^^^^^^^^^^^^^^^^^^^^^

warning: missing documentation for a struct field
   --> src/security/mod.rs:109:5
    |
109 |     pub encrypt_session_data: bool,
    |     ^^^^^^^^^^^^^^^^^^^^^^^^^^^^^^

warning: missing documentation for a method
   --> src/security/mod.rs:204:5
    |
204 | /     pub async fn authenticate_user(
205 | |         &self,
206 | |         username: &str,
207 | |         password: &str,
208 | |         mfa_token: Option<&str>,
209 | |     ) -> Result<Session> {
    | |________________________^

warning: missing documentation for a method
   --> src/security/mod.rs:215:5
    |
215 | /     pub async fn create_api_key(
216 | |         &self,
217 | |         user_id: &str,
218 | |         name: &str,
219 | |         permissions: Vec<String>,
220 | |     ) -> Result<ApiKey> {
    | |_______________________^

warning: missing documentation for a method
   --> src/security/mod.rs:226:5
    |
226 |     pub async fn validate_session(&self, session_token: &str) -> Result<Session> {
    |     ^^^^^^^^^^^^^^^^^^^^^^^^^^^^^^^^^^^^^^^^^^^^^^^^^^^^^^^^^^^^^^^^^^^^^^^^^^^^

warning: missing documentation for a method
   --> src/security/mod.rs:231:5
    |
231 |     pub async fn create_user(&self, user: EnterpriseUser) -> Result<()> {
    |     ^^^^^^^^^^^^^^^^^^^^^^^^^^^^^^^^^^^^^^^^^^^^^^^^^^^^^^^^^^^^^^^^^^^

warning: missing documentation for a method
   --> src/security/mod.rs:245:5
    |
245 | /     pub async fn assign_role(
246 | |         &self,
247 | |         user_id: &str,
248 | |         role_name: &str,
249 | |         assigner_id: &str,
250 | |     ) -> Result<()> {
    | |___________________^

warning: missing documentation for a method
   --> src/security/mod.rs:273:5
    |
273 | /     pub async fn check_permission(
274 | |         &self,
275 | |         user_id: &str,
276 | |         permission: &str,
277 | |         resource: Option<&str>,
278 | |     ) -> Result<bool> {
    | |_____________________^

warning: missing documentation for a method
   --> src/security/mod.rs:285:5
    |
285 |     pub async fn create_team(&self, team: EnterpriseTeam, creator_id: &str) -> Result<()> {
    |     ^^^^^^^^^^^^^^^^^^^^^^^^^^^^^^^^^^^^^^^^^^^^^^^^^^^^^^^^^^^^^^^^^^^^^^^^^^^^^^^^^^^^^

warning: missing documentation for a method
   --> src/security/mod.rs:299:5
    |
299 | /     pub async fn add_user_to_team(
300 | |         &self,
301 | |         user_id: &str,
302 | |         team_name: &str,
303 | |         adder_id: &str,
304 | |     ) -> Result<()> {
    | |___________________^

warning: missing documentation for a method
   --> src/security/mod.rs:319:5
    |
319 |     pub async fn get_audit_logs(&self, filter: AuditFilter) -> Result<Vec<AuditEvent>> {
    |     ^^^^^^^^^^^^^^^^^^^^^^^^^^^^^^^^^^^^^^^^^^^^^^^^^^^^^^^^^^^^^^^^^^^^^^^^^^^^^^^^^^

warning: missing documentation for a method
   --> src/security/mod.rs:323:5
    |
323 |     pub async fn generate_compliance_report(&self, standard: &str) -> Result<ComplianceReportType> {
    |     ^^^^^^^^^^^^^^^^^^^^^^^^^^^^^^^^^^^^^^^^^^^^^^^^^^^^^^^^^^^^^^^^^^^^^^^^^^^^^^^^^^^^^^^^^^^^^^

warning: missing documentation for a method
   --> src/security/mod.rs:327:5
    |
327 |     pub async fn scan_compliance_violations(&self) -> Result<Vec<ComplianceViolation>> {
    |     ^^^^^^^^^^^^^^^^^^^^^^^^^^^^^^^^^^^^^^^^^^^^^^^^^^^^^^^^^^^^^^^^^^^^^^^^^^^^^^^^^^

warning: missing documentation for a method
   --> src/security/mod.rs:332:5
    |
332 |     pub async fn get_security_metrics(&self) -> Result<SecurityMetrics> {
    |     ^^^^^^^^^^^^^^^^^^^^^^^^^^^^^^^^^^^^^^^^^^^^^^^^^^^^^^^^^^^^^^^^^^^

warning: missing documentation for a method
   --> src/security/mod.rs:351:5
    |
351 |     pub fn get_config(&self) -> &SecurityConfig {
    |     ^^^^^^^^^^^^^^^^^^^^^^^^^^^^^^^^^^^^^^^^^^^

warning: missing documentation for a method
   --> src/security/mod.rs:355:5
    |
355 |     pub async fn update_config(&mut self, config: SecurityConfig) -> Result<()> {
    |     ^^^^^^^^^^^^^^^^^^^^^^^^^^^^^^^^^^^^^^^^^^^^^^^^^^^^^^^^^^^^^^^^^^^^^^^^^^^

warning: missing documentation for a method
   --> src/security/mod.rs:376:5
    |
376 |     pub async fn emergency_lockdown(&self, reason: &str, initiator_id: &str) -> Result<()> {
    |     ^^^^^^^^^^^^^^^^^^^^^^^^^^^^^^^^^^^^^^^^^^^^^^^^^^^^^^^^^^^^^^^^^^^^^^^^^^^^^^^^^^^^^^

warning: missing documentation for a method
   --> src/security/mod.rs:397:5
    |
397 | /     pub async fn reset_user_password(
398 | |         &self,
399 | |         user_id: &str,
400 | |         new_password: &str,
401 | |         admin_id: &str,
402 | |     ) -> Result<()> {
    | |___________________^

warning: missing documentation for a method
   --> src/security/mod.rs:431:5
    |
431 |     pub fn auth(&self) -> Arc<AuthenticationManager> {
    |     ^^^^^^^^^^^^^^^^^^^^^^^^^^^^^^^^^^^^^^^^^^^^^^^^

warning: missing documentation for a method
   --> src/security/mod.rs:435:5
    |
435 |     pub fn audit(&self) -> Arc<EnterpriseAuditLogger> {
    |     ^^^^^^^^^^^^^^^^^^^^^^^^^^^^^^^^^^^^^^^^^^^^^^^^^

warning: missing documentation for a method
   --> src/security/mod.rs:439:5
    |
439 |     pub fn compliance(&self) -> Arc<ComplianceManager> {
    |     ^^^^^^^^^^^^^^^^^^^^^^^^^^^^^^^^^^^^^^^^^^^^^^^^^^

warning: missing documentation for a method
   --> src/security/mod.rs:443:5
    |
443 |     pub fn permissions(&self) -> Arc<PermissionManager> {
    |     ^^^^^^^^^^^^^^^^^^^^^^^^^^^^^^^^^^^^^^^^^^^^^^^^^^^

warning: missing documentation for a method
   --> src/security/mod.rs:447:5
    |
447 |     pub fn rbac(&self) -> Arc<EnterpriseRbacManager> {
    |     ^^^^^^^^^^^^^^^^^^^^^^^^^^^^^^^^^^^^^^^^^^^^^^^^

warning: missing documentation for a method
   --> src/security/mod.rs:451:5
    |
451 |     pub fn teams(&self) -> Arc<TeamManager> {
    |     ^^^^^^^^^^^^^^^^^^^^^^^^^^^^^^^^^^^^^^^

warning: missing documentation for a method
   --> src/security/mod.rs:456:5
    |
456 | /     pub async fn is_directory_trusted(
457 | |         &self,
458 | |         path: &std::path::Path,
459 | |         operation: Option<&str>,
460 | |     ) -> Result<bool> {
    | |_____________________^

warning: missing documentation for a method
   --> src/security/mod.rs:464:5
    |
464 | /     pub async fn request_directory_trust(
465 | |         &self,
466 | |         path: &std::path::Path,
467 | |         operation: Option<&str>,
468 | |     ) -> Result<bool> {
    | |_____________________^

warning: missing documentation for a method
   --> src/security/mod.rs:475:5
    |
475 |     pub async fn revoke_directory_trust(&self, path: &std::path::Path) -> Result<()> {
    |     ^^^^^^^^^^^^^^^^^^^^^^^^^^^^^^^^^^^^^^^^^^^^^^^^^^^^^^^^^^^^^^^^^^^^^^^^^^^^^^^^

warning: missing documentation for a method
   --> src/security/mod.rs:479:5
    |
479 |     pub async fn cleanup_expired_trust(&self) -> Result<usize> {
    |     ^^^^^^^^^^^^^^^^^^^^^^^^^^^^^^^^^^^^^^^^^^^^^^^^^^^^^^^^^^

warning: missing documentation for a method
   --> src/security/mod.rs:483:5
    |
483 |     pub async fn list_trust_decisions(&self) -> Result<Vec<TrustDecision>> {
    |     ^^^^^^^^^^^^^^^^^^^^^^^^^^^^^^^^^^^^^^^^^^^^^^^^^^^^^^^^^^^^^^^^^^^^^^

warning: missing documentation for a struct field
   --> src/security/mod.rs:491:5
    |
491 |     pub active_sessions: u64,
    |     ^^^^^^^^^^^^^^^^^^^^^^^^

warning: missing documentation for a struct field
   --> src/security/mod.rs:492:5
    |
492 |     pub failed_logins_24h: u64,
    |     ^^^^^^^^^^^^^^^^^^^^^^^^^^

warning: missing documentation for a struct field
   --> src/security/mod.rs:493:5
    |
493 |     pub api_keys_active: u64,
    |     ^^^^^^^^^^^^^^^^^^^^^^^^

warning: missing documentation for a struct field
   --> src/security/mod.rs:494:5
    |
494 |     pub total_users: u64,
    |     ^^^^^^^^^^^^^^^^^^^^

warning: missing documentation for a struct field
   --> src/security/mod.rs:495:5
    |
495 |     pub total_teams: u64,
    |     ^^^^^^^^^^^^^^^^^^^^

warning: missing documentation for a struct field
   --> src/security/mod.rs:496:5
    |
496 |     pub audit_events_24h: u64,
    |     ^^^^^^^^^^^^^^^^^^^^^^^^^

warning: missing documentation for a struct field
   --> src/security/mod.rs:497:5
    |
497 |     pub compliance_violations: u64,
    |     ^^^^^^^^^^^^^^^^^^^^^^^^^^^^^^

warning: missing documentation for a struct field
   --> src/security/mod.rs:498:5
    |
498 |     pub last_updated: DateTime<Utc>,
    |     ^^^^^^^^^^^^^^^^^^^^^^^^^^^^^^^

warning: missing documentation for a variant
   --> src/security/mod.rs:504:5
    |
504 |     LoginSuccess,
    |     ^^^^^^^^^^^^

warning: missing documentation for a variant
   --> src/security/mod.rs:505:5
    |
505 |     LoginFailure,
    |     ^^^^^^^^^^^^

warning: missing documentation for a variant
   --> src/security/mod.rs:506:5
    |
506 |     LogoutSuccess,
    |     ^^^^^^^^^^^^^

warning: missing documentation for a variant
   --> src/security/mod.rs:507:5
    |
507 |     SessionExpired,
    |     ^^^^^^^^^^^^^^

warning: missing documentation for a variant
   --> src/security/mod.rs:508:5
    |
508 |     PermissionDenied,
    |     ^^^^^^^^^^^^^^^^

warning: missing documentation for a variant
   --> src/security/mod.rs:509:5
    |
509 |     UnauthorizedAccess,
    |     ^^^^^^^^^^^^^^^^^^

warning: missing documentation for a variant
   --> src/security/mod.rs:510:5
    |
510 |     ConfigurationChange,
    |     ^^^^^^^^^^^^^^^^^^^

warning: missing documentation for a variant
   --> src/security/mod.rs:511:5
    |
511 |     EmergencyAction,
    |     ^^^^^^^^^^^^^^^

warning: missing documentation for a variant
   --> src/security/mod.rs:512:5
    |
512 |     ComplianceViolation,
    |     ^^^^^^^^^^^^^^^^^^^

warning: missing documentation for a variant
   --> src/security/mod.rs:513:5
    |
513 |     AuditLogAccess,
    |     ^^^^^^^^^^^^^^

warning: missing documentation for a variant
   --> src/security/mod.rs:519:5
    |
519 |     Info,
    |     ^^^^

warning: missing documentation for a variant
   --> src/security/mod.rs:520:5
    |
520 |     Warning,
    |     ^^^^^^^

warning: missing documentation for a variant
   --> src/security/mod.rs:521:5
    |
521 |     Error,
    |     ^^^^^

warning: missing documentation for a variant
   --> src/security/mod.rs:522:5
    |
522 |     Critical,
    |     ^^^^^^^^

warning: missing documentation for a struct field
   --> src/security/mod.rs:528:5
    |
528 |     pub event_type: SecurityEventType,
    |     ^^^^^^^^^^^^^^^^^^^^^^^^^^^^^^^^^

warning: missing documentation for a struct field
   --> src/security/mod.rs:529:5
    |
529 |     pub level: SecurityAlertLevel,
    |     ^^^^^^^^^^^^^^^^^^^^^^^^^^^^^

warning: missing documentation for a struct field
   --> src/security/mod.rs:530:5
    |
530 |     pub message: String,
    |     ^^^^^^^^^^^^^^^^^^^

warning: missing documentation for a struct field
   --> src/security/mod.rs:531:5
    |
531 |     pub user_id: Option<String>,
    |     ^^^^^^^^^^^^^^^^^^^^^^^^^^^

warning: missing documentation for a struct field
   --> src/security/mod.rs:532:5
    |
532 |     pub resource: Option<String>,
    |     ^^^^^^^^^^^^^^^^^^^^^^^^^^^^

warning: missing documentation for a struct field
   --> src/security/mod.rs:533:5
    |
533 |     pub timestamp: DateTime<Utc>,
    |     ^^^^^^^^^^^^^^^^^^^^^^^^^^^^

warning: missing documentation for a struct field
   --> src/security/mod.rs:534:5
    |
534 |     pub metadata: HashMap<String, String>,
    |     ^^^^^^^^^^^^^^^^^^^^^^^^^^^^^^^^^^^^^

warning: missing documentation for a struct field
  --> src/security/audit.rs:31:5
   |
31 |     pub id: String,
   |     ^^^^^^^^^^^^^^

warning: missing documentation for a struct field
  --> src/security/audit.rs:32:5
   |
32 |     pub event_type: AuditEventType,
   |     ^^^^^^^^^^^^^^^^^^^^^^^^^^^^^^

warning: missing documentation for a struct field
  --> src/security/audit.rs:33:5
   |
33 |     pub timestamp: DateTime<Utc>,
   |     ^^^^^^^^^^^^^^^^^^^^^^^^^^^^

warning: missing documentation for a struct field
  --> src/security/audit.rs:34:5
   |
34 |     pub user_id: Option<String>,
   |     ^^^^^^^^^^^^^^^^^^^^^^^^^^^

warning: missing documentation for a struct field
  --> src/security/audit.rs:35:5
   |
35 |     pub session_id: Option<String>,
   |     ^^^^^^^^^^^^^^^^^^^^^^^^^^^^^^

warning: missing documentation for a struct field
  --> src/security/audit.rs:36:5
   |
36 |     pub source_ip: Option<String>,
   |     ^^^^^^^^^^^^^^^^^^^^^^^^^^^^^

warning: missing documentation for a struct field
  --> src/security/audit.rs:37:5
   |
37 |     pub user_agent: Option<String>,
   |     ^^^^^^^^^^^^^^^^^^^^^^^^^^^^^^

warning: missing documentation for a struct field
  --> src/security/audit.rs:38:5
   |
38 |     pub resource: Option<String>,
   |     ^^^^^^^^^^^^^^^^^^^^^^^^^^^^

warning: missing documentation for a struct field
  --> src/security/audit.rs:39:5
   |
39 |     pub action: String,
   |     ^^^^^^^^^^^^^^^^^^

warning: missing documentation for a struct field
  --> src/security/audit.rs:40:5
   |
40 |     pub outcome: AuditOutcome,
   |     ^^^^^^^^^^^^^^^^^^^^^^^^^

warning: missing documentation for a struct field
  --> src/security/audit.rs:41:5
   |
41 |     pub details: String,
   |     ^^^^^^^^^^^^^^^^^^^

warning: missing documentation for a struct field
  --> src/security/audit.rs:42:5
   |
42 |     pub metadata: HashMap<String, String>,
   |     ^^^^^^^^^^^^^^^^^^^^^^^^^^^^^^^^^^^^^

warning: missing documentation for a struct field
  --> src/security/audit.rs:43:5
   |
43 |     pub risk_score: Option<u32>,
   |     ^^^^^^^^^^^^^^^^^^^^^^^^^^^

warning: missing documentation for a struct field
  --> src/security/audit.rs:44:5
   |
44 |     pub compliance_tags: Vec<String>,
   |     ^^^^^^^^^^^^^^^^^^^^^^^^^^^^^^^^

warning: missing documentation for a struct field
  --> src/security/audit.rs:45:5
   |
45 |     pub hash: String, // For tamper detection
   |     ^^^^^^^^^^^^^^^^

warning: missing documentation for a variant
  --> src/security/audit.rs:53:5
   |
53 |     UserLogin,
   |     ^^^^^^^^^

warning: missing documentation for a variant
  --> src/security/audit.rs:54:5
   |
54 |     UserLogout,
   |     ^^^^^^^^^^

warning: missing documentation for a variant
  --> src/security/audit.rs:55:5
   |
55 |     UserLoginFailed,
   |     ^^^^^^^^^^^^^^^

warning: missing documentation for a variant
  --> src/security/audit.rs:56:5
   |
56 |     PasswordChanged,
   |     ^^^^^^^^^^^^^^^

warning: missing documentation for a variant
  --> src/security/audit.rs:57:5
   |
57 |     PasswordReset,
   |     ^^^^^^^^^^^^^

warning: missing documentation for a variant
  --> src/security/audit.rs:58:5
   |
58 |     MfaEnabled,
   |     ^^^^^^^^^^

warning: missing documentation for a variant
  --> src/security/audit.rs:59:5
   |
59 |     MfaDisabled,
   |     ^^^^^^^^^^^

warning: missing documentation for a variant
  --> src/security/audit.rs:60:5
   |
60 |     ApiKeyCreated,
   |     ^^^^^^^^^^^^^

warning: missing documentation for a variant
  --> src/security/audit.rs:61:5
   |
61 |     ApiKeyRevoked,
   |     ^^^^^^^^^^^^^

warning: missing documentation for a variant
  --> src/security/audit.rs:62:5
   |
62 |     SessionExpired,
   |     ^^^^^^^^^^^^^^

warning: missing documentation for a variant
  --> src/security/audit.rs:65:5
   |
65 |     PermissionGranted,
   |     ^^^^^^^^^^^^^^^^^

warning: missing documentation for a variant
  --> src/security/audit.rs:66:5
   |
66 |     PermissionDenied,
   |     ^^^^^^^^^^^^^^^^

warning: missing documentation for a variant
  --> src/security/audit.rs:67:5
   |
67 |     RoleAssigned,
   |     ^^^^^^^^^^^^

warning: missing documentation for a variant
  --> src/security/audit.rs:68:5
   |
68 |     RoleRevoked,
   |     ^^^^^^^^^^^

warning: missing documentation for a variant
  --> src/security/audit.rs:69:5
   |
69 |     TeamCreated,
   |     ^^^^^^^^^^^

warning: missing documentation for a variant
  --> src/security/audit.rs:70:5
   |
70 |     TeamModified,
   |     ^^^^^^^^^^^^

warning: missing documentation for a variant
  --> src/security/audit.rs:71:5
   |
71 |     TeamDeleted,
   |     ^^^^^^^^^^^

warning: missing documentation for a variant
  --> src/security/audit.rs:72:5
   |
72 |     UserAddedToTeam,
   |     ^^^^^^^^^^^^^^^

warning: missing documentation for a variant
  --> src/security/audit.rs:73:5
   |
73 |     UserRemovedFromTeam,
   |     ^^^^^^^^^^^^^^^^^^^

warning: missing documentation for a variant
  --> src/security/audit.rs:76:5
   |
76 |     HookCreated,
   |     ^^^^^^^^^^^

warning: missing documentation for a variant
  --> src/security/audit.rs:77:5
   |
77 |     HookModified,
   |     ^^^^^^^^^^^^

warning: missing documentation for a variant
  --> src/security/audit.rs:78:5
   |
78 |     HookDeleted,
   |     ^^^^^^^^^^^

warning: missing documentation for a variant
  --> src/security/audit.rs:79:5
   |
79 |     HookExecuted,
   |     ^^^^^^^^^^^^

warning: missing documentation for a variant
  --> src/security/audit.rs:80:5
   |
80 |     HookApproved,
   |     ^^^^^^^^^^^^

warning: missing documentation for a variant
  --> src/security/audit.rs:81:5
   |
81 |     HookRejected,
   |     ^^^^^^^^^^^^

warning: missing documentation for a variant
  --> src/security/audit.rs:82:5
   |
82 |     HookEnabled,
   |     ^^^^^^^^^^^

warning: missing documentation for a variant
  --> src/security/audit.rs:83:5
   |
83 |     HookDisabled,
   |     ^^^^^^^^^^^^

warning: missing documentation for a variant
  --> src/security/audit.rs:86:5
   |
86 |     SystemInit,
   |     ^^^^^^^^^^

warning: missing documentation for a variant
  --> src/security/audit.rs:87:5
   |
87 |     SystemShutdown,
   |     ^^^^^^^^^^^^^^

warning: missing documentation for a variant
  --> src/security/audit.rs:88:5
   |
88 |     ConfigChanged,
   |     ^^^^^^^^^^^^^

warning: missing documentation for a variant
  --> src/security/audit.rs:89:5
   |
89 |     DatabaseMigration,
   |     ^^^^^^^^^^^^^^^^^

warning: missing documentation for a variant
  --> src/security/audit.rs:90:5
   |
90 |     BackupCreated,
   |     ^^^^^^^^^^^^^

warning: missing documentation for a variant
  --> src/security/audit.rs:91:5
   |
91 |     BackupRestored,
   |     ^^^^^^^^^^^^^^

warning: missing documentation for a variant
  --> src/security/audit.rs:94:5
   |
94 |     SecurityViolation,
   |     ^^^^^^^^^^^^^^^^^

warning: missing documentation for a variant
  --> src/security/audit.rs:95:5
   |
95 |     UnauthorizedAccess,
   |     ^^^^^^^^^^^^^^^^^^

warning: missing documentation for a variant
  --> src/security/audit.rs:96:5
   |
96 |     EmergencyLockdown,
   |     ^^^^^^^^^^^^^^^^^

warning: missing documentation for a variant
  --> src/security/audit.rs:97:5
   |
97 |     DataExport,
   |     ^^^^^^^^^^

warning: missing documentation for a variant
  --> src/security/audit.rs:98:5
   |
98 |     DataImport,
   |     ^^^^^^^^^^

warning: missing documentation for a variant
  --> src/security/audit.rs:99:5
   |
99 |     ComplianceViolation,
   |     ^^^^^^^^^^^^^^^^^^^

warning: missing documentation for a variant
   --> src/security/audit.rs:100:5
    |
100 |     TrustDecision,
    |     ^^^^^^^^^^^^^

warning: missing documentation for a variant
   --> src/security/audit.rs:101:5
    |
101 |     TrustRevoked,
    |     ^^^^^^^^^^^^

warning: missing documentation for a variant
   --> src/security/audit.rs:104:5
    |
104 |     UserCreated,
    |     ^^^^^^^^^^^

warning: missing documentation for a variant
   --> src/security/audit.rs:105:5
    |
105 |     UserModified,
    |     ^^^^^^^^^^^^

warning: missing documentation for a variant
   --> src/security/audit.rs:106:5
    |
106 |     UserDeleted,
    |     ^^^^^^^^^^^

warning: missing documentation for a variant
   --> src/security/audit.rs:107:5
    |
107 |     UserSuspended,
    |     ^^^^^^^^^^^^^

warning: missing documentation for a variant
   --> src/security/audit.rs:108:5
    |
108 |     UserReactivated,
    |     ^^^^^^^^^^^^^^^

warning: missing documentation for a variant
   --> src/security/audit.rs:109:5
    |
109 |     AdminAction,
    |     ^^^^^^^^^^^

warning: missing documentation for a variant
   --> src/security/audit.rs:112:5
    |
112 |     AuditLogAccessed,
    |     ^^^^^^^^^^^^^^^^

warning: missing documentation for a variant
   --> src/security/audit.rs:113:5
    |
113 |     AuditLogExported,
    |     ^^^^^^^^^^^^^^^^

warning: missing documentation for a variant
   --> src/security/audit.rs:114:5
    |
114 |     ReportGenerated,
    |     ^^^^^^^^^^^^^^^

warning: missing documentation for a variant
   --> src/security/audit.rs:117:5
    |
117 |     Custom(String),
    |     ^^^^^^

warning: missing documentation for a variant
   --> src/security/audit.rs:124:5
    |
124 |     Success,
    |     ^^^^^^^

warning: missing documentation for a variant
   --> src/security/audit.rs:125:5
    |
125 |     Failure,
    |     ^^^^^^^

warning: missing documentation for a variant
   --> src/security/audit.rs:126:5
    |
126 |     Partial,
    |     ^^^^^^^

warning: missing documentation for a variant
   --> src/security/audit.rs:127:5
    |
127 |     Denied,
    |     ^^^^^^

warning: missing documentation for a variant
   --> src/security/audit.rs:128:5
    |
128 |     Error,
    |     ^^^^^

warning: missing documentation for a struct field
   --> src/security/audit.rs:134:5
    |
134 |     pub start_time: Option<DateTime<Utc>>,
    |     ^^^^^^^^^^^^^^^^^^^^^^^^^^^^^^^^^^^^^

warning: missing documentation for a struct field
   --> src/security/audit.rs:135:5
    |
135 |     pub end_time: Option<DateTime<Utc>>,
    |     ^^^^^^^^^^^^^^^^^^^^^^^^^^^^^^^^^^^

warning: missing documentation for a struct field
   --> src/security/audit.rs:136:5
    |
136 |     pub user_id: Option<String>,
    |     ^^^^^^^^^^^^^^^^^^^^^^^^^^^

warning: missing documentation for a struct field
   --> src/security/audit.rs:137:5
    |
137 |     pub event_types: Option<Vec<AuditEventType>>,
    |     ^^^^^^^^^^^^^^^^^^^^^^^^^^^^^^^^^^^^^^^^^^^^

warning: missing documentation for a struct field
   --> src/security/audit.rs:138:5
    |
138 |     pub outcomes: Option<Vec<AuditOutcome>>,
    |     ^^^^^^^^^^^^^^^^^^^^^^^^^^^^^^^^^^^^^^^

warning: missing documentation for a struct field
   --> src/security/audit.rs:139:5
    |
139 |     pub resource: Option<String>,
    |     ^^^^^^^^^^^^^^^^^^^^^^^^^^^^

warning: missing documentation for a struct field
   --> src/security/audit.rs:140:5
    |
140 |     pub compliance_tags: Option<Vec<String>>,
    |     ^^^^^^^^^^^^^^^^^^^^^^^^^^^^^^^^^^^^^^^^

warning: missing documentation for a struct field
   --> src/security/audit.rs:141:5
    |
141 |     pub risk_score_min: Option<u32>,
    |     ^^^^^^^^^^^^^^^^^^^^^^^^^^^^^^^

warning: missing documentation for a struct field
   --> src/security/audit.rs:142:5
    |
142 |     pub risk_score_max: Option<u32>,
    |     ^^^^^^^^^^^^^^^^^^^^^^^^^^^^^^^

warning: missing documentation for a struct field
   --> src/security/audit.rs:143:5
    |
143 |     pub limit: Option<u32>,
    |     ^^^^^^^^^^^^^^^^^^^^^^

warning: missing documentation for a struct field
   --> src/security/audit.rs:144:5
    |
144 |     pub offset: Option<u32>,
    |     ^^^^^^^^^^^^^^^^^^^^^^^

warning: missing documentation for a struct field
   --> src/security/audit.rs:150:5
    |
150 |     pub total_events: u64,
    |     ^^^^^^^^^^^^^^^^^^^^^

warning: missing documentation for a struct field
   --> src/security/audit.rs:151:5
    |
151 |     pub events_last_24h: u64,
    |     ^^^^^^^^^^^^^^^^^^^^^^^^

warning: missing documentation for a struct field
   --> src/security/audit.rs:152:5
    |
152 |     pub events_last_7d: u64,
    |     ^^^^^^^^^^^^^^^^^^^^^^^

warning: missing documentation for a struct field
   --> src/security/audit.rs:153:5
    |
153 |     pub events_last_30d: u64,
    |     ^^^^^^^^^^^^^^^^^^^^^^^^

warning: missing documentation for a struct field
   --> src/security/audit.rs:154:5
    |
154 |     pub failed_events_24h: u64,
    |     ^^^^^^^^^^^^^^^^^^^^^^^^^^

warning: missing documentation for a struct field
   --> src/security/audit.rs:155:5
    |
155 |     pub security_events_24h: u64,
    |     ^^^^^^^^^^^^^^^^^^^^^^^^^^^^

warning: missing documentation for a struct field
   --> src/security/audit.rs:156:5
    |
156 |     pub compliance_violations_24h: u64,
    |     ^^^^^^^^^^^^^^^^^^^^^^^^^^^^^^^^^^

warning: missing documentation for a struct field
   --> src/security/audit.rs:157:5
    |
157 |     pub unique_users_24h: u64,
    |     ^^^^^^^^^^^^^^^^^^^^^^^^^

warning: missing documentation for a struct field
   --> src/security/audit.rs:158:5
    |
158 |     pub storage_size_bytes: u64,
    |     ^^^^^^^^^^^^^^^^^^^^^^^^^^^

warning: missing documentation for a struct field
   --> src/security/audit.rs:159:5
    |
159 |     pub oldest_event: Option<DateTime<Utc>>,
    |     ^^^^^^^^^^^^^^^^^^^^^^^^^^^^^^^^^^^^^^^

warning: missing documentation for a struct field
   --> src/security/audit.rs:160:5
    |
160 |     pub newest_event: Option<DateTime<Utc>>,
    |     ^^^^^^^^^^^^^^^^^^^^^^^^^^^^^^^^^^^^^^^

warning: missing documentation for a struct field
   --> src/security/audit.rs:166:5
    |
166 |     pub standard: String,
    |     ^^^^^^^^^^^^^^^^^^^^

warning: missing documentation for a struct field
   --> src/security/audit.rs:167:5
    |
167 |     pub period_start: DateTime<Utc>,
    |     ^^^^^^^^^^^^^^^^^^^^^^^^^^^^^^^

warning: missing documentation for a struct field
   --> src/security/audit.rs:168:5
    |
168 |     pub period_end: DateTime<Utc>,
    |     ^^^^^^^^^^^^^^^^^^^^^^^^^^^^^

warning: missing documentation for a struct field
   --> src/security/audit.rs:169:5
    |
169 |     pub total_events: u64,
    |     ^^^^^^^^^^^^^^^^^^^^^

warning: missing documentation for a struct field
   --> src/security/audit.rs:170:5
    |
170 |     pub compliance_events: u64,
    |     ^^^^^^^^^^^^^^^^^^^^^^^^^^

warning: missing documentation for a struct field
   --> src/security/audit.rs:171:5
    |
171 |     pub violations: Vec<ComplianceViolation>,
    |     ^^^^^^^^^^^^^^^^^^^^^^^^^^^^^^^^^^^^^^^^

warning: missing documentation for a struct field
   --> src/security/audit.rs:172:5
    |
172 |     pub summary: HashMap<String, u64>,
    |     ^^^^^^^^^^^^^^^^^^^^^^^^^^^^^^^^^

warning: missing documentation for a struct field
   --> src/security/audit.rs:173:5
    |
173 |     pub recommendations: Vec<String>,
    |     ^^^^^^^^^^^^^^^^^^^^^^^^^^^^^^^^

warning: missing documentation for a struct field
   --> src/security/audit.rs:174:5
    |
174 |     pub generated_at: DateTime<Utc>,
    |     ^^^^^^^^^^^^^^^^^^^^^^^^^^^^^^^

warning: missing documentation for a struct field
   --> src/security/audit.rs:175:5
    |
175 |     pub generated_by: String,
    |     ^^^^^^^^^^^^^^^^^^^^^^^^

warning: missing documentation for a struct field
   --> src/security/audit.rs:181:5
    |
181 |     pub id: String,
    |     ^^^^^^^^^^^^^^

warning: missing documentation for a struct field
   --> src/security/audit.rs:182:5
    |
182 |     pub standard: String,
    |     ^^^^^^^^^^^^^^^^^^^^

warning: missing documentation for a struct field
   --> src/security/audit.rs:183:5
    |
183 |     pub rule: String,
    |     ^^^^^^^^^^^^^^^^

warning: missing documentation for a struct field
   --> src/security/audit.rs:184:5
    |
184 |     pub severity: ViolationSeverity,
    |     ^^^^^^^^^^^^^^^^^^^^^^^^^^^^^^^

warning: missing documentation for a struct field
   --> src/security/audit.rs:185:5
    |
185 |     pub description: String,
    |     ^^^^^^^^^^^^^^^^^^^^^^^

warning: missing documentation for a struct field
   --> src/security/audit.rs:186:5
    |
186 |     pub detected_at: DateTime<Utc>,
    |     ^^^^^^^^^^^^^^^^^^^^^^^^^^^^^^

warning: missing documentation for a struct field
   --> src/security/audit.rs:187:5
    |
187 |     pub events: Vec<String>, // Event IDs
    |     ^^^^^^^^^^^^^^^^^^^^^^^

warning: missing documentation for a struct field
   --> src/security/audit.rs:188:5
    |
188 |     pub remediation: Option<String>,
    |     ^^^^^^^^^^^^^^^^^^^^^^^^^^^^^^^

warning: missing documentation for a struct field
   --> src/security/audit.rs:189:5
    |
189 |     pub status: ViolationStatus,
    |     ^^^^^^^^^^^^^^^^^^^^^^^^^^^

warning: missing documentation for an enum
   --> src/security/audit.rs:194:1
    |
194 | pub enum ViolationSeverity {
    | ^^^^^^^^^^^^^^^^^^^^^^^^^^

warning: missing documentation for a variant
   --> src/security/audit.rs:195:5
    |
195 |     Low,
    |     ^^^

warning: missing documentation for a variant
   --> src/security/audit.rs:196:5
    |
196 |     Medium,
    |     ^^^^^^

warning: missing documentation for a variant
   --> src/security/audit.rs:197:5
    |
197 |     High,
    |     ^^^^

warning: missing documentation for a variant
   --> src/security/audit.rs:198:5
    |
198 |     Critical,
    |     ^^^^^^^^

warning: missing documentation for an enum
   --> src/security/audit.rs:203:1
    |
203 | pub enum ViolationStatus {
    | ^^^^^^^^^^^^^^^^^^^^^^^^

warning: missing documentation for a variant
   --> src/security/audit.rs:204:5
    |
204 |     Open,
    |     ^^^^

warning: missing documentation for a variant
   --> src/security/audit.rs:205:5
    |
205 |     InProgress,
    |     ^^^^^^^^^^

warning: missing documentation for a variant
   --> src/security/audit.rs:206:5
    |
206 |     Resolved,
    |     ^^^^^^^^

warning: missing documentation for a variant
   --> src/security/audit.rs:207:5
    |
207 |     Dismissed,
    |     ^^^^^^^^^

warning: missing documentation for a struct field
   --> src/security/audit.rs:213:5
    |
213 |     pub default_retention_days: u32,
    |     ^^^^^^^^^^^^^^^^^^^^^^^^^^^^^^^

warning: missing documentation for a struct field
   --> src/security/audit.rs:214:5
    |
214 |     pub security_event_retention_days: u32,
    |     ^^^^^^^^^^^^^^^^^^^^^^^^^^^^^^^^^^^^^^

warning: missing documentation for a struct field
   --> src/security/audit.rs:215:5
    |
215 |     pub compliance_event_retention_days: u32,
    |     ^^^^^^^^^^^^^^^^^^^^^^^^^^^^^^^^^^^^^^^^

warning: missing documentation for a struct field
   --> src/security/audit.rs:216:5
    |
216 |     pub auto_archive: bool,
    |     ^^^^^^^^^^^^^^^^^^^^^^

warning: missing documentation for a struct field
   --> src/security/audit.rs:217:5
    |
217 |     pub archive_location: Option<String>,
    |     ^^^^^^^^^^^^^^^^^^^^^^^^^^^^^^^^^^^^

warning: missing documentation for an associated function
   --> src/security/audit.rs:233:5
    |
233 |     pub async fn new(db_path: Option<PathBuf>, retention_days: u32) -> Result<Self> {
    |     ^^^^^^^^^^^^^^^^^^^^^^^^^^^^^^^^^^^^^^^^^^^^^^^^^^^^^^^^^^^^^^^^^^^^^^^^^^^^^^^

warning: missing documentation for a method
   --> src/security/audit.rs:245:5
    |
245 |     pub async fn initialize(&self) -> Result<()> {
    |     ^^^^^^^^^^^^^^^^^^^^^^^^^^^^^^^^^^^^^^^^^^^^

warning: missing documentation for a method
   --> src/security/audit.rs:411:5
    |
411 |     pub async fn log_hook_removed(&self, hook_id: &str) -> Result<()> {
    |     ^^^^^^^^^^^^^^^^^^^^^^^^^^^^^^^^^^^^^^^^^^^^^^^^^^^^^^^^^^^^^^^^^

warning: missing documentation for a method
   --> src/security/audit.rs:424:5
    |
424 |     pub async fn log_hook_enabled(&self, hook_id: &str) -> Result<()> {
    |     ^^^^^^^^^^^^^^^^^^^^^^^^^^^^^^^^^^^^^^^^^^^^^^^^^^^^^^^^^^^^^^^^^

warning: missing documentation for a method
   --> src/security/audit.rs:437:5
    |
437 |     pub async fn log_hook_disabled(&self, hook_id: &str) -> Result<()> {
    |     ^^^^^^^^^^^^^^^^^^^^^^^^^^^^^^^^^^^^^^^^^^^^^^^^^^^^^^^^^^^^^^^^^^

warning: missing documentation for a method
   --> src/security/audit.rs:450:5
    |
450 |     pub async fn log_all_hooks_cleared(&self) -> Result<()> {
    |     ^^^^^^^^^^^^^^^^^^^^^^^^^^^^^^^^^^^^^^^^^^^^^^^^^^^^^^^

warning: missing documentation for a struct field
  --> src/security/auth.rs:33:5
   |
33 |     pub token: String,
   |     ^^^^^^^^^^^^^^^^^

warning: missing documentation for a struct field
  --> src/security/auth.rs:34:5
   |
34 |     pub user_id: String,
   |     ^^^^^^^^^^^^^^^^^^^

warning: missing documentation for a struct field
  --> src/security/auth.rs:35:5
   |
35 |     pub created_at: DateTime<Utc>,
   |     ^^^^^^^^^^^^^^^^^^^^^^^^^^^^^

warning: missing documentation for a struct field
  --> src/security/auth.rs:36:5
   |
36 |     pub expires_at: DateTime<Utc>,
   |     ^^^^^^^^^^^^^^^^^^^^^^^^^^^^^

warning: missing documentation for a struct field
  --> src/security/auth.rs:37:5
   |
37 |     pub last_activity: DateTime<Utc>,
   |     ^^^^^^^^^^^^^^^^^^^^^^^^^^^^^^^^

warning: missing documentation for a struct field
  --> src/security/auth.rs:38:5
   |
38 |     pub ip_address: Option<String>,
   |     ^^^^^^^^^^^^^^^^^^^^^^^^^^^^^^

warning: missing documentation for a struct field
  --> src/security/auth.rs:39:5
   |
39 |     pub user_agent: Option<String>,
   |     ^^^^^^^^^^^^^^^^^^^^^^^^^^^^^^

warning: missing documentation for a struct field
  --> src/security/auth.rs:40:5
   |
40 |     pub is_system: bool,
   |     ^^^^^^^^^^^^^^^^^^^

warning: missing documentation for a struct field
  --> src/security/auth.rs:46:5
   |
46 |     pub id: String,
   |     ^^^^^^^^^^^^^^

warning: missing documentation for a struct field
  --> src/security/auth.rs:47:5
   |
47 |     pub name: String,
   |     ^^^^^^^^^^^^^^^^

warning: missing documentation for a struct field
  --> src/security/auth.rs:48:5
   |
48 |     pub key: String,
   |     ^^^^^^^^^^^^^^^

warning: missing documentation for a struct field
  --> src/security/auth.rs:49:5
   |
49 |     pub user_id: String,
   |     ^^^^^^^^^^^^^^^^^^^

warning: missing documentation for a struct field
  --> src/security/auth.rs:50:5
   |
50 |     pub permissions: Vec<String>,
   |     ^^^^^^^^^^^^^^^^^^^^^^^^^^^^

warning: missing documentation for a struct field
  --> src/security/auth.rs:51:5
   |
51 |     pub created_at: DateTime<Utc>,
   |     ^^^^^^^^^^^^^^^^^^^^^^^^^^^^^

warning: missing documentation for a struct field
  --> src/security/auth.rs:52:5
   |
52 |     pub expires_at: Option<DateTime<Utc>>,
   |     ^^^^^^^^^^^^^^^^^^^^^^^^^^^^^^^^^^^^^

warning: missing documentation for a struct field
  --> src/security/auth.rs:53:5
   |
53 |     pub last_used: Option<DateTime<Utc>>,
   |     ^^^^^^^^^^^^^^^^^^^^^^^^^^^^^^^^^^^^

warning: missing documentation for a struct field
  --> src/security/auth.rs:54:5
   |
54 |     pub active: bool,
   |     ^^^^^^^^^^^^^^^^

warning: missing documentation for a method
  --> src/security/auth.rs:67:5
   |
67 |     fn authenticate(&self, username: &str, password: &str) -> Result<bool>;
   |     ^^^^^^^^^^^^^^^^^^^^^^^^^^^^^^^^^^^^^^^^^^^^^^^^^^^^^^^^^^^^^^^^^^^^^^^

warning: missing documentation for a method
  --> src/security/auth.rs:68:5
   |
68 |     fn change_password(&self, user_id: &str, old_password: &str, new_password: &str) -> Result<()>;
   |     ^^^^^^^^^^^^^^^^^^^^^^^^^^^^^^^^^^^^^^^^^^^^^^^^^^^^^^^^^^^^^^^^^^^^^^^^^^^^^^^^^^^^^^^^^^^^^^^

warning: missing documentation for a method
  --> src/security/auth.rs:69:5
   |
69 |     fn reset_password(&self, user_id: &str, new_password: &str) -> Result<()>;
   |     ^^^^^^^^^^^^^^^^^^^^^^^^^^^^^^^^^^^^^^^^^^^^^^^^^^^^^^^^^^^^^^^^^^^^^^^^^^

warning: missing documentation for a method
  --> src/security/auth.rs:70:5
   |
70 |     fn validate_password_policy(&self, password: &str, policy: &PasswordPolicy) -> Result<()>;
   |     ^^^^^^^^^^^^^^^^^^^^^^^^^^^^^^^^^^^^^^^^^^^^^^^^^^^^^^^^^^^^^^^^^^^^^^^^^^^^^^^^^^^^^^^^^^

warning: missing documentation for a method
  --> src/security/auth.rs:75:5
   |
75 |     fn generate_challenge(&self, user_id: &str) -> Result<MfaChallenge>;
   |     ^^^^^^^^^^^^^^^^^^^^^^^^^^^^^^^^^^^^^^^^^^^^^^^^^^^^^^^^^^^^^^^^^^^^

warning: missing documentation for a method
  --> src/security/auth.rs:76:5
   |
76 |     fn verify_challenge(&self, user_id: &str, token: &str) -> Result<bool>;
   |     ^^^^^^^^^^^^^^^^^^^^^^^^^^^^^^^^^^^^^^^^^^^^^^^^^^^^^^^^^^^^^^^^^^^^^^^

warning: missing documentation for a method
  --> src/security/auth.rs:77:5
   |
77 |     fn is_enabled(&self, user_id: &str) -> Result<bool>;
   |     ^^^^^^^^^^^^^^^^^^^^^^^^^^^^^^^^^^^^^^^^^^^^^^^^^^^^

warning: missing documentation for a method
  --> src/security/auth.rs:78:5
   |
78 |     fn enable_mfa(&self, user_id: &str) -> Result<String>; // Returns backup codes
   |     ^^^^^^^^^^^^^^^^^^^^^^^^^^^^^^^^^^^^^^^^^^^^^^^^^^^^^^

warning: missing documentation for a method
  --> src/security/auth.rs:79:5
   |
79 |     fn disable_mfa(&self, user_id: &str) -> Result<()>;
   |     ^^^^^^^^^^^^^^^^^^^^^^^^^^^^^^^^^^^^^^^^^^^^^^^^^^^

warning: missing documentation for a struct field
  --> src/security/auth.rs:85:5
   |
85 |     pub challenge_id: String,
   |     ^^^^^^^^^^^^^^^^^^^^^^^^

warning: missing documentation for a struct field
  --> src/security/auth.rs:86:5
   |
86 |     pub challenge_type: MfaChallengeType,
   |     ^^^^^^^^^^^^^^^^^^^^^^^^^^^^^^^^^^^^

warning: missing documentation for a struct field
  --> src/security/auth.rs:87:5
   |
87 |     pub expires_at: DateTime<Utc>,
   |     ^^^^^^^^^^^^^^^^^^^^^^^^^^^^^

warning: missing documentation for an enum
  --> src/security/auth.rs:91:1
   |
91 | pub enum MfaChallengeType {
   | ^^^^^^^^^^^^^^^^^^^^^^^^^

warning: missing documentation for a variant
  --> src/security/auth.rs:92:5
   |
92 |     Totp,
   |     ^^^^

warning: missing documentation for a variant
  --> src/security/auth.rs:93:5
   |
93 |     Sms,
   |     ^^^

warning: missing documentation for a variant
  --> src/security/auth.rs:94:5
   |
94 |     Email,
   |     ^^^^^

warning: missing documentation for a variant
  --> src/security/auth.rs:95:5
   |
95 |     BackupCode,
   |     ^^^^^^^^^^

warning: missing documentation for an associated function
   --> src/security/auth.rs:105:5
    |
105 |     pub fn new(config: SecurityConfig) -> Self {
    |     ^^^^^^^^^^^^^^^^^^^^^^^^^^^^^^^^^^^^^^^^^^

warning: missing documentation for a method
   --> src/security/auth.rs:112:5
    |
112 | /     pub async fn create_session(
113 | |         &self,
114 | |         user_id: &str,
115 | |         ip_address: Option<String>,
116 | |         user_agent: Option<String>,
117 | |     ) -> Result<Session> {
    | |________________________^

warning: missing documentation for a method
   --> src/security/auth.rs:139:5
    |
139 |     pub async fn validate_session(&self, token: &str) -> Result<Session> {
    |     ^^^^^^^^^^^^^^^^^^^^^^^^^^^^^^^^^^^^^^^^^^^^^^^^^^^^^^^^^^^^^^^^^^^^

warning: missing documentation for a method
   --> src/security/auth.rs:156:5
    |
156 |     pub async fn revoke_session(&self, token: &str) -> Result<()> {
    |     ^^^^^^^^^^^^^^^^^^^^^^^^^^^^^^^^^^^^^^^^^^^^^^^^^^^^^^^^^^^^^

warning: missing documentation for a method
   --> src/security/auth.rs:162:5
    |
162 |     pub async fn revoke_user_sessions(&self, user_id: &str) -> Result<()> {
    |     ^^^^^^^^^^^^^^^^^^^^^^^^^^^^^^^^^^^^^^^^^^^^^^^^^^^^^^^^^^^^^^^^^^^^^

warning: missing documentation for a method
   --> src/security/auth.rs:168:5
    |
168 |     pub async fn cleanup_expired_sessions(&self) -> Result<u64> {
    |     ^^^^^^^^^^^^^^^^^^^^^^^^^^^^^^^^^^^^^^^^^^^^^^^^^^^^^^^^^^^

warning: missing documentation for a method
   --> src/security/auth.rs:178:5
    |
178 |     pub async fn get_active_sessions(&self) -> Result<Vec<Session>> {
    |     ^^^^^^^^^^^^^^^^^^^^^^^^^^^^^^^^^^^^^^^^^^^^^^^^^^^^^^^^^^^^^^^

warning: missing documentation for an associated function
   --> src/security/auth.rs:195:5
    |
195 |     pub fn new(config: SecurityConfig) -> Self {
    |     ^^^^^^^^^^^^^^^^^^^^^^^^^^^^^^^^^^^^^^^^^^

warning: missing documentation for a method
   --> src/security/auth.rs:202:5
    |
202 | /     pub async fn create_api_key(
203 | |         &self,
204 | |         user_id: &str,
205 | |         name: &str,
206 | |         permissions: Vec<String>,
207 | |     ) -> Result<ApiKey> {
    | |_______________________^

warning: missing documentation for a method
   --> src/security/auth.rs:234:5
    |
234 |     pub async fn validate_api_key(&self, key: &str) -> Result<ApiKey> {
    |     ^^^^^^^^^^^^^^^^^^^^^^^^^^^^^^^^^^^^^^^^^^^^^^^^^^^^^^^^^^^^^^^^^

warning: missing documentation for a method
   --> src/security/auth.rs:257:5
    |
257 |     pub async fn revoke_api_key(&self, key: &str) -> Result<()> {
    |     ^^^^^^^^^^^^^^^^^^^^^^^^^^^^^^^^^^^^^^^^^^^^^^^^^^^^^^^^^^^

warning: missing documentation for a method
   --> src/security/auth.rs:265:5
    |
265 |     pub async fn list_user_api_keys(&self, user_id: &str) -> Result<Vec<ApiKey>> {
    |     ^^^^^^^^^^^^^^^^^^^^^^^^^^^^^^^^^^^^^^^^^^^^^^^^^^^^^^^^^^^^^^^^^^^^^^^^^^^^

warning: missing documentation for an associated function
   --> src/security/auth.rs:287:5
    |
287 |     pub fn new() -> Self {
    |     ^^^^^^^^^^^^^^^^^^^^

warning: missing documentation for an associated function
   --> src/security/auth.rs:327:5
    |
327 |     pub fn new() -> Self {
    |     ^^^^^^^^^^^^^^^^^^^^

warning: missing documentation for a method
   --> src/security/auth.rs:340:5
    |
340 |     pub async fn set_password(&self, user_id: &str, password: &str) -> Result<()> {
    |     ^^^^^^^^^^^^^^^^^^^^^^^^^^^^^^^^^^^^^^^^^^^^^^^^^^^^^^^^^^^^^^^^^^^^^^^^^^^^^

warning: missing documentation for an associated function
   --> src/security/auth.rs:400:5
    |
400 |     pub async fn new(config: SecurityConfig) -> Result<Self> {
    |     ^^^^^^^^^^^^^^^^^^^^^^^^^^^^^^^^^^^^^^^^^^^^^^^^^^^^^^^^

warning: missing documentation for a method
   --> src/security/auth.rs:412:5
    |
412 |     pub async fn initialize(&self) -> Result<()> {
    |     ^^^^^^^^^^^^^^^^^^^^^^^^^^^^^^^^^^^^^^^^^^^^

warning: missing documentation for a method
   --> src/security/auth.rs:434:5
    |
434 | /     pub async fn authenticate(
435 | |         &self,
436 | |         username: &str,
437 | |         password: &str,
438 | |         mfa_token: Option<&str>,
439 | |     ) -> Result<Session> {
    | |________________________^

warning: missing documentation for a method
   --> src/security/auth.rs:474:5
    |
474 |     pub async fn validate_session(&self, token: &str) -> Result<Session> {
    |     ^^^^^^^^^^^^^^^^^^^^^^^^^^^^^^^^^^^^^^^^^^^^^^^^^^^^^^^^^^^^^^^^^^^^

warning: missing documentation for a method
   --> src/security/auth.rs:482:5
    |
482 | /     pub async fn create_api_key(
483 | |         &self,
484 | |         user_id: &str,
485 | |         name: &str,
486 | |         permissions: Vec<String>,
487 | |     ) -> Result<ApiKey> {
    | |_______________________^

warning: missing documentation for a method
   --> src/security/auth.rs:500:5
    |
500 |     pub async fn reset_password(&self, user_id: &str, new_password: &str) -> Result<()> {
    |     ^^^^^^^^^^^^^^^^^^^^^^^^^^^^^^^^^^^^^^^^^^^^^^^^^^^^^^^^^^^^^^^^^^^^^^^^^^^^^^^^^^^

warning: missing documentation for a method
   --> src/security/auth.rs:509:5
    |
509 |     pub async fn revoke_all_sessions_except_system(&self) -> Result<()> {
    |     ^^^^^^^^^^^^^^^^^^^^^^^^^^^^^^^^^^^^^^^^^^^^^^^^^^^^^^^^^^^^^^^^^^^

warning: missing documentation for a method
   --> src/security/auth.rs:552:5
    |
552 |     pub async fn get_statistics(&self) -> Result<AuthStatistics> {
    |     ^^^^^^^^^^^^^^^^^^^^^^^^^^^^^^^^^^^^^^^^^^^^^^^^^^^^^^^^^^^^

warning: missing documentation for a method
   --> src/security/auth.rs:575:5
    |
575 |     pub async fn update_config(&self, config: SecurityConfig) -> Result<()> {
    |     ^^^^^^^^^^^^^^^^^^^^^^^^^^^^^^^^^^^^^^^^^^^^^^^^^^^^^^^^^^^^^^^^^^^^^^^

warning: missing documentation for a struct field
   --> src/security/auth.rs:585:5
    |
585 |     pub active_sessions: u64,
    |     ^^^^^^^^^^^^^^^^^^^^^^^^

warning: missing documentation for a struct field
   --> src/security/auth.rs:586:5
    |
586 |     pub active_api_keys: u64,
    |     ^^^^^^^^^^^^^^^^^^^^^^^^

warning: missing documentation for a struct field
   --> src/security/auth.rs:587:5
    |
587 |     pub failed_logins_last_24h: u64,
    |     ^^^^^^^^^^^^^^^^^^^^^^^^^^^^^^^

warning: missing documentation for a struct field
   --> src/security/auth.rs:588:5
    |
588 |     pub locked_accounts: u64,
    |     ^^^^^^^^^^^^^^^^^^^^^^^^

warning: missing documentation for a struct field
  --> src/security/compliance.rs:29:5
   |
29 |     pub name: String,
   |     ^^^^^^^^^^^^^^^^

warning: missing documentation for a struct field
  --> src/security/compliance.rs:30:5
   |
30 |     pub version: String,
   |     ^^^^^^^^^^^^^^^^^^^

warning: missing documentation for a struct field
  --> src/security/compliance.rs:31:5
   |
31 |     pub description: String,
   |     ^^^^^^^^^^^^^^^^^^^^^^^

warning: missing documentation for a struct field
  --> src/security/compliance.rs:32:5
   |
32 |     pub requirements: Vec<ComplianceRequirement>,
   |     ^^^^^^^^^^^^^^^^^^^^^^^^^^^^^^^^^^^^^^^^^^^^

warning: missing documentation for a struct field
  --> src/security/compliance.rs:33:5
   |
33 |     pub severity_mapping: HashMap<String, ViolationSeverity>,
   |     ^^^^^^^^^^^^^^^^^^^^^^^^^^^^^^^^^^^^^^^^^^^^^^^^^^^^^^^^

warning: missing documentation for a struct field
  --> src/security/compliance.rs:39:5
   |
39 |     pub id: String,
   |     ^^^^^^^^^^^^^^

warning: missing documentation for a struct field
  --> src/security/compliance.rs:40:5
   |
40 |     pub title: String,
   |     ^^^^^^^^^^^^^^^^^

warning: missing documentation for a struct field
  --> src/security/compliance.rs:41:5
   |
41 |     pub description: String,
   |     ^^^^^^^^^^^^^^^^^^^^^^^

warning: missing documentation for a struct field
  --> src/security/compliance.rs:42:5
   |
42 |     pub category: String,
   |     ^^^^^^^^^^^^^^^^^^^^

warning: missing documentation for a struct field
  --> src/security/compliance.rs:43:5
   |
43 |     pub mandatory: bool,
   |     ^^^^^^^^^^^^^^^^^^^

warning: missing documentation for a struct field
  --> src/security/compliance.rs:44:5
   |
44 |     pub evidence_required: bool,
   |     ^^^^^^^^^^^^^^^^^^^^^^^^^^^

warning: missing documentation for a struct field
  --> src/security/compliance.rs:45:5
   |
45 |     pub remediation_time_days: Option<u32>,
   |     ^^^^^^^^^^^^^^^^^^^^^^^^^^^^^^^^^^^^^^

warning: missing documentation for a struct field
  --> src/security/compliance.rs:51:5
   |
51 |     pub id: String,
   |     ^^^^^^^^^^^^^^

warning: missing documentation for a struct field
  --> src/security/compliance.rs:52:5
   |
52 |     pub standard: String,
   |     ^^^^^^^^^^^^^^^^^^^^

warning: missing documentation for a struct field
  --> src/security/compliance.rs:53:5
   |
53 |     pub requirement_id: String,
   |     ^^^^^^^^^^^^^^^^^^^^^^^^^^

warning: missing documentation for a struct field
  --> src/security/compliance.rs:54:5
   |
54 |     pub name: String,
   |     ^^^^^^^^^^^^^^^^

warning: missing documentation for a struct field
  --> src/security/compliance.rs:55:5
   |
55 |     pub description: String,
   |     ^^^^^^^^^^^^^^^^^^^^^^^

warning: missing documentation for a struct field
  --> src/security/compliance.rs:56:5
   |
56 |     pub rule_type: ComplianceRuleType,
   |     ^^^^^^^^^^^^^^^^^^^^^^^^^^^^^^^^^

warning: missing documentation for a struct field
  --> src/security/compliance.rs:57:5
   |
57 |     pub condition: RuleCondition,
   |     ^^^^^^^^^^^^^^^^^^^^^^^^^^^^

warning: missing documentation for a struct field
  --> src/security/compliance.rs:58:5
   |
58 |     pub severity: ViolationSeverity,
   |     ^^^^^^^^^^^^^^^^^^^^^^^^^^^^^^^

warning: missing documentation for a struct field
  --> src/security/compliance.rs:59:5
   |
59 |     pub auto_remediate: bool,
   |     ^^^^^^^^^^^^^^^^^^^^^^^^

warning: missing documentation for a struct field
  --> src/security/compliance.rs:60:5
   |
60 |     pub notification_required: bool,
   |     ^^^^^^^^^^^^^^^^^^^^^^^^^^^^^^^

warning: missing documentation for a variant
  --> src/security/compliance.rs:67:5
   |
67 |     AccessControl,
   |     ^^^^^^^^^^^^^

warning: missing documentation for a variant
  --> src/security/compliance.rs:68:5
   |
68 |     DataProtection,
   |     ^^^^^^^^^^^^^^

warning: missing documentation for a variant
  --> src/security/compliance.rs:69:5
   |
69 |     AuditLogging,
   |     ^^^^^^^^^^^^

warning: missing documentation for a variant
  --> src/security/compliance.rs:70:5
   |
70 |     ChangeManagement,
   |     ^^^^^^^^^^^^^^^^

warning: missing documentation for a variant
  --> src/security/compliance.rs:71:5
   |
71 |     IncidentResponse,
   |     ^^^^^^^^^^^^^^^^

warning: missing documentation for a variant
  --> src/security/compliance.rs:72:5
   |
72 |     BusinessContinuity,
   |     ^^^^^^^^^^^^^^^^^^

warning: missing documentation for a variant
  --> src/security/compliance.rs:73:5
   |
73 |     RiskManagement,
   |     ^^^^^^^^^^^^^^

warning: missing documentation for a variant
  --> src/security/compliance.rs:74:5
   |
74 |     Custom(String),
   |     ^^^^^^

warning: missing documentation for a struct field
  --> src/security/compliance.rs:80:5
   |
80 |     pub event_types: Option<Vec<AuditEventType>>,
   |     ^^^^^^^^^^^^^^^^^^^^^^^^^^^^^^^^^^^^^^^^^^^^

warning: missing documentation for a struct field
  --> src/security/compliance.rs:81:5
   |
81 |     pub time_window_hours: Option<u32>,
   |     ^^^^^^^^^^^^^^^^^^^^^^^^^^^^^^^^^^

warning: missing documentation for a struct field
  --> src/security/compliance.rs:82:5
   |
82 |     pub frequency_threshold: Option<u32>,
   |     ^^^^^^^^^^^^^^^^^^^^^^^^^^^^^^^^^^^^

warning: missing documentation for a struct field
  --> src/security/compliance.rs:83:5
   |
83 |     pub user_pattern: Option<String>,
   |     ^^^^^^^^^^^^^^^^^^^^^^^^^^^^^^^^

warning: missing documentation for a struct field
  --> src/security/compliance.rs:84:5
   |
84 |     pub resource_pattern: Option<String>,
   |     ^^^^^^^^^^^^^^^^^^^^^^^^^^^^^^^^^^^^

warning: missing documentation for a struct field
  --> src/security/compliance.rs:85:5
   |
85 |     pub custom_expression: Option<String>,
   |     ^^^^^^^^^^^^^^^^^^^^^^^^^^^^^^^^^^^^^

warning: missing documentation for a struct field
  --> src/security/compliance.rs:91:5
   |
91 |     pub id: String,
   |     ^^^^^^^^^^^^^^

warning: missing documentation for a struct field
  --> src/security/compliance.rs:92:5
   |
92 |     pub standard: String,
   |     ^^^^^^^^^^^^^^^^^^^^

warning: missing documentation for a struct field
  --> src/security/compliance.rs:93:5
   |
93 |     pub rule_id: String,
   |     ^^^^^^^^^^^^^^^^^^^

warning: missing documentation for a struct field
  --> src/security/compliance.rs:94:5
   |
94 |     pub requirement_id: String,
   |     ^^^^^^^^^^^^^^^^^^^^^^^^^^

warning: missing documentation for a struct field
  --> src/security/compliance.rs:95:5
   |
95 |     pub severity: ViolationSeverity,
   |     ^^^^^^^^^^^^^^^^^^^^^^^^^^^^^^^

warning: missing documentation for a struct field
  --> src/security/compliance.rs:96:5
   |
96 |     pub title: String,
   |     ^^^^^^^^^^^^^^^^^

warning: missing documentation for a struct field
  --> src/security/compliance.rs:97:5
   |
97 |     pub description: String,
   |     ^^^^^^^^^^^^^^^^^^^^^^^

warning: missing documentation for a struct field
  --> src/security/compliance.rs:98:5
   |
98 |     pub detected_at: DateTime<Utc>,
   |     ^^^^^^^^^^^^^^^^^^^^^^^^^^^^^^

warning: missing documentation for a struct field
  --> src/security/compliance.rs:99:5
   |
99 |     pub related_events: Vec<String>,
   |     ^^^^^^^^^^^^^^^^^^^^^^^^^^^^^^^

warning: missing documentation for a struct field
   --> src/security/compliance.rs:100:5
    |
100 |     pub affected_users: Vec<String>,
    |     ^^^^^^^^^^^^^^^^^^^^^^^^^^^^^^^

warning: missing documentation for a struct field
   --> src/security/compliance.rs:101:5
    |
101 |     pub affected_resources: Vec<String>,
    |     ^^^^^^^^^^^^^^^^^^^^^^^^^^^^^^^^^^^

warning: missing documentation for a struct field
   --> src/security/compliance.rs:102:5
    |
102 |     pub status: ViolationStatus,
    |     ^^^^^^^^^^^^^^^^^^^^^^^^^^^

warning: missing documentation for a struct field
   --> src/security/compliance.rs:103:5
    |
103 |     pub assigned_to: Option<String>,
    |     ^^^^^^^^^^^^^^^^^^^^^^^^^^^^^^^

warning: missing documentation for a struct field
   --> src/security/compliance.rs:104:5
    |
104 |     pub due_date: Option<DateTime<Utc>>,
    |     ^^^^^^^^^^^^^^^^^^^^^^^^^^^^^^^^^^^

warning: missing documentation for a struct field
   --> src/security/compliance.rs:105:5
    |
105 |     pub resolution: Option<ViolationResolution>,
    |     ^^^^^^^^^^^^^^^^^^^^^^^^^^^^^^^^^^^^^^^^^^^

warning: missing documentation for a struct field
   --> src/security/compliance.rs:106:5
    |
106 |     pub risk_score: u32,
    |     ^^^^^^^^^^^^^^^^^^^

warning: missing documentation for a variant
   --> src/security/compliance.rs:113:5
    |
113 |     Low,
    |     ^^^

warning: missing documentation for a variant
   --> src/security/compliance.rs:114:5
    |
114 |     Medium,
    |     ^^^^^^

warning: missing documentation for a variant
   --> src/security/compliance.rs:115:5
    |
115 |     High,
    |     ^^^^

warning: missing documentation for a variant
   --> src/security/compliance.rs:116:5
    |
116 |     Critical,
    |     ^^^^^^^^

warning: missing documentation for a variant
   --> src/security/compliance.rs:123:5
    |
123 |     Open,
    |     ^^^^

warning: missing documentation for a variant
   --> src/security/compliance.rs:124:5
    |
124 |     InProgress,
    |     ^^^^^^^^^^

warning: missing documentation for a variant
   --> src/security/compliance.rs:125:5
    |
125 |     Resolved,
    |     ^^^^^^^^

warning: missing documentation for a variant
   --> src/security/compliance.rs:126:5
    |
126 |     Dismissed,
    |     ^^^^^^^^^

warning: missing documentation for a variant
   --> src/security/compliance.rs:127:5
    |
127 |     Escalated,
    |     ^^^^^^^^^

warning: missing documentation for a struct field
   --> src/security/compliance.rs:133:5
    |
133 |     pub resolved_at: DateTime<Utc>,
    |     ^^^^^^^^^^^^^^^^^^^^^^^^^^^^^^

warning: missing documentation for a struct field
   --> src/security/compliance.rs:134:5
    |
134 |     pub resolved_by: String,
    |     ^^^^^^^^^^^^^^^^^^^^^^^

warning: missing documentation for a struct field
   --> src/security/compliance.rs:135:5
    |
135 |     pub resolution_type: ResolutionType,
    |     ^^^^^^^^^^^^^^^^^^^^^^^^^^^^^^^^^^^

warning: missing documentation for a struct field
   --> src/security/compliance.rs:136:5
    |
136 |     pub description: String,
    |     ^^^^^^^^^^^^^^^^^^^^^^^

warning: missing documentation for a struct field
   --> src/security/compliance.rs:137:5
    |
137 |     pub evidence: Vec<String>,
    |     ^^^^^^^^^^^^^^^^^^^^^^^^^

warning: missing documentation for a struct field
   --> src/security/compliance.rs:138:5
    |
138 |     pub verified: bool,
    |     ^^^^^^^^^^^^^^^^^^

warning: missing documentation for an enum
   --> src/security/compliance.rs:143:1
    |
143 | pub enum ResolutionType {
    | ^^^^^^^^^^^^^^^^^^^^^^^

warning: missing documentation for a variant
   --> src/security/compliance.rs:144:5
    |
144 |     Fixed,
    |     ^^^^^

warning: missing documentation for a variant
   --> src/security/compliance.rs:145:5
    |
145 |     Mitigated,
    |     ^^^^^^^^^

warning: missing documentation for a variant
   --> src/security/compliance.rs:146:5
    |
146 |     Accepted,
    |     ^^^^^^^^

warning: missing documentation for a variant
   --> src/security/compliance.rs:147:5
    |
147 |     Transferred,
    |     ^^^^^^^^^^^

warning: missing documentation for a variant
   --> src/security/compliance.rs:148:5
    |
148 |     FalsePositive,
    |     ^^^^^^^^^^^^^

warning: missing documentation for a struct field
   --> src/security/compliance.rs:154:5
    |
154 |     pub standard: String,
    |     ^^^^^^^^^^^^^^^^^^^^

warning: missing documentation for a struct field
   --> src/security/compliance.rs:155:5
    |
155 |     pub overall_score: f64,
    |     ^^^^^^^^^^^^^^^^^^^^^^

warning: missing documentation for a struct field
   --> src/security/compliance.rs:156:5
    |
156 |     pub total_requirements: u32,
    |     ^^^^^^^^^^^^^^^^^^^^^^^^^^^

warning: missing documentation for a struct field
   --> src/security/compliance.rs:157:5
    |
157 |     pub met_requirements: u32,
    |     ^^^^^^^^^^^^^^^^^^^^^^^^^

warning: missing documentation for a struct field
   --> src/security/compliance.rs:158:5
    |
158 |     pub violations: ComplianceViolationSummary,
    |     ^^^^^^^^^^^^^^^^^^^^^^^^^^^^^^^^^^^^^^^^^^

warning: missing documentation for a struct field
   --> src/security/compliance.rs:159:5
    |
159 |     pub last_assessment: DateTime<Utc>,
    |     ^^^^^^^^^^^^^^^^^^^^^^^^^^^^^^^^^^

warning: missing documentation for a struct field
   --> src/security/compliance.rs:160:5
    |
160 |     pub next_assessment: DateTime<Utc>,
    |     ^^^^^^^^^^^^^^^^^^^^^^^^^^^^^^^^^^

warning: missing documentation for a struct field
   --> src/security/compliance.rs:161:5
    |
161 |     pub trend: ComplianceTrend,
    |     ^^^^^^^^^^^^^^^^^^^^^^^^^^

warning: missing documentation for a struct
   --> src/security/compliance.rs:165:1
    |
165 | pub struct ComplianceViolationSummary {
    | ^^^^^^^^^^^^^^^^^^^^^^^^^^^^^^^^^^^^^

warning: missing documentation for a struct field
   --> src/security/compliance.rs:166:5
    |
166 |     pub total: u32,
    |     ^^^^^^^^^^^^^^

warning: missing documentation for a struct field
   --> src/security/compliance.rs:167:5
    |
167 |     pub critical: u32,
    |     ^^^^^^^^^^^^^^^^^

warning: missing documentation for a struct field
   --> src/security/compliance.rs:168:5
    |
168 |     pub high: u32,
    |     ^^^^^^^^^^^^^

warning: missing documentation for a struct field
   --> src/security/compliance.rs:169:5
    |
169 |     pub medium: u32,
    |     ^^^^^^^^^^^^^^^

warning: missing documentation for a struct field
   --> src/security/compliance.rs:170:5
    |
170 |     pub low: u32,
    |     ^^^^^^^^^^^^

warning: missing documentation for a struct field
   --> src/security/compliance.rs:171:5
    |
171 |     pub open: u32,
    |     ^^^^^^^^^^^^^

warning: missing documentation for a struct field
   --> src/security/compliance.rs:172:5
    |
172 |     pub overdue: u32,
    |     ^^^^^^^^^^^^^^^^

warning: missing documentation for an enum
   --> src/security/compliance.rs:177:1
    |
177 | pub enum ComplianceTrend {
    | ^^^^^^^^^^^^^^^^^^^^^^^^

warning: missing documentation for a variant
   --> src/security/compliance.rs:178:5
    |
178 |     Improving,
    |     ^^^^^^^^^

warning: missing documentation for a variant
   --> src/security/compliance.rs:179:5
    |
179 |     Stable,
    |     ^^^^^^

warning: missing documentation for a variant
   --> src/security/compliance.rs:180:5
    |
180 |     Declining,
    |     ^^^^^^^^^

warning: missing documentation for a variant
   --> src/security/compliance.rs:181:5
    |
181 |     Unknown,
    |     ^^^^^^^

warning: missing documentation for a struct field
   --> src/security/compliance.rs:187:5
    |
187 |     pub id: String,
    |     ^^^^^^^^^^^^^^

warning: missing documentation for a struct field
   --> src/security/compliance.rs:188:5
    |
188 |     pub standard: String,
    |     ^^^^^^^^^^^^^^^^^^^^

warning: missing documentation for a struct field
   --> src/security/compliance.rs:189:5
    |
189 |     pub period_start: DateTime<Utc>,
    |     ^^^^^^^^^^^^^^^^^^^^^^^^^^^^^^^

warning: missing documentation for a struct field
   --> src/security/compliance.rs:190:5
    |
190 |     pub period_end: DateTime<Utc>,
    |     ^^^^^^^^^^^^^^^^^^^^^^^^^^^^^

warning: missing documentation for a struct field
   --> src/security/compliance.rs:191:5
    |
191 |     pub generated_at: DateTime<Utc>,
    |     ^^^^^^^^^^^^^^^^^^^^^^^^^^^^^^^

warning: missing documentation for a struct field
   --> src/security/compliance.rs:192:5
    |
192 |     pub generated_by: String,
    |     ^^^^^^^^^^^^^^^^^^^^^^^^

warning: missing documentation for a struct field
   --> src/security/compliance.rs:193:5
    |
193 |     pub executive_summary: ExecutiveSummary,
    |     ^^^^^^^^^^^^^^^^^^^^^^^^^^^^^^^^^^^^^^^

warning: missing documentation for a struct field
   --> src/security/compliance.rs:194:5
    |
194 |     pub detailed_findings: Vec<ComplianceFinding>,
    |     ^^^^^^^^^^^^^^^^^^^^^^^^^^^^^^^^^^^^^^^^^^^^^

warning: missing documentation for a struct field
   --> src/security/compliance.rs:195:5
    |
195 |     pub violations: Vec<ComplianceViolation>,
    |     ^^^^^^^^^^^^^^^^^^^^^^^^^^^^^^^^^^^^^^^^

warning: missing documentation for a struct field
   --> src/security/compliance.rs:196:5
    |
196 |     pub recommendations: Vec<ComplianceRecommendation>,
    |     ^^^^^^^^^^^^^^^^^^^^^^^^^^^^^^^^^^^^^^^^^^^^^^^^^^

warning: missing documentation for a struct field
   --> src/security/compliance.rs:197:5
    |
197 |     pub evidence: Vec<EvidenceItem>,
    |     ^^^^^^^^^^^^^^^^^^^^^^^^^^^^^^^

warning: missing documentation for a struct field
   --> src/security/compliance.rs:198:5
    |
198 |     pub attestation: Option<ComplianceAttestation>,
    |     ^^^^^^^^^^^^^^^^^^^^^^^^^^^^^^^^^^^^^^^^^^^^^^

warning: missing documentation for a struct
   --> src/security/compliance.rs:202:1
    |
202 | pub struct ExecutiveSummary {
    | ^^^^^^^^^^^^^^^^^^^^^^^^^^^

warning: missing documentation for a struct field
   --> src/security/compliance.rs:203:5
    |
203 |     pub compliance_score: f64,
    |     ^^^^^^^^^^^^^^^^^^^^^^^^^

warning: missing documentation for a struct field
   --> src/security/compliance.rs:204:5
    |
204 |     pub total_controls: u32,
    |     ^^^^^^^^^^^^^^^^^^^^^^^

warning: missing documentation for a struct field
   --> src/security/compliance.rs:205:5
    |
205 |     pub effective_controls: u32,
    |     ^^^^^^^^^^^^^^^^^^^^^^^^^^^

warning: missing documentation for a struct field
   --> src/security/compliance.rs:206:5
    |
206 |     pub critical_findings: u32,
    |     ^^^^^^^^^^^^^^^^^^^^^^^^^^

warning: missing documentation for a struct field
   --> src/security/compliance.rs:207:5
    |
207 |     pub improvement_areas: Vec<String>,
    |     ^^^^^^^^^^^^^^^^^^^^^^^^^^^^^^^^^^

warning: missing documentation for a struct field
   --> src/security/compliance.rs:208:5
    |
208 |     pub certification_status: CertificationStatus,
    |     ^^^^^^^^^^^^^^^^^^^^^^^^^^^^^^^^^^^^^^^^^^^^^

warning: missing documentation for an enum
   --> src/security/compliance.rs:213:1
    |
213 | pub enum CertificationStatus {
    | ^^^^^^^^^^^^^^^^^^^^^^^^^^^^

warning: missing documentation for a variant
   --> src/security/compliance.rs:214:5
    |
214 |     Compliant,
    |     ^^^^^^^^^

warning: missing documentation for a variant
   --> src/security/compliance.rs:215:5
    |
215 |     NonCompliant,
    |     ^^^^^^^^^^^^

warning: missing documentation for a variant
   --> src/security/compliance.rs:216:5
    |
216 |     PartiallyCompliant,
    |     ^^^^^^^^^^^^^^^^^^

warning: missing documentation for a variant
   --> src/security/compliance.rs:217:5
    |
217 |     UnderReview,
    |     ^^^^^^^^^^^

warning: missing documentation for a struct
   --> src/security/compliance.rs:221:1
    |
221 | pub struct ComplianceFinding {
    | ^^^^^^^^^^^^^^^^^^^^^^^^^^^^

warning: missing documentation for a struct field
   --> src/security/compliance.rs:222:5
    |
222 |     pub id: String,
    |     ^^^^^^^^^^^^^^

warning: missing documentation for a struct field
   --> src/security/compliance.rs:223:5
    |
223 |     pub requirement_id: String,
    |     ^^^^^^^^^^^^^^^^^^^^^^^^^^

warning: missing documentation for a struct field
   --> src/security/compliance.rs:224:5
    |
224 |     pub control_id: String,
    |     ^^^^^^^^^^^^^^^^^^^^^^

warning: missing documentation for a struct field
   --> src/security/compliance.rs:225:5
    |
225 |     pub finding_type: FindingType,
    |     ^^^^^^^^^^^^^^^^^^^^^^^^^^^^^

warning: missing documentation for a struct field
   --> src/security/compliance.rs:226:5
    |
226 |     pub severity: ViolationSeverity,
    |     ^^^^^^^^^^^^^^^^^^^^^^^^^^^^^^^

warning: missing documentation for a struct field
   --> src/security/compliance.rs:227:5
    |
227 |     pub description: String,
    |     ^^^^^^^^^^^^^^^^^^^^^^^

warning: missing documentation for a struct field
   --> src/security/compliance.rs:228:5
    |
228 |     pub evidence: Vec<String>,
    |     ^^^^^^^^^^^^^^^^^^^^^^^^^

warning: missing documentation for a struct field
   --> src/security/compliance.rs:229:5
    |
229 |     pub remediation: String,
    |     ^^^^^^^^^^^^^^^^^^^^^^^

warning: missing documentation for a struct field
   --> src/security/compliance.rs:230:5
    |
230 |     pub timeline: u32, // Days to remediate
    |     ^^^^^^^^^^^^^^^^^

warning: missing documentation for an enum
   --> src/security/compliance.rs:235:1
    |
235 | pub enum FindingType {
    | ^^^^^^^^^^^^^^^^^^^^

warning: missing documentation for a variant
   --> src/security/compliance.rs:236:5
    |
236 |     ControlDeficiency,
    |     ^^^^^^^^^^^^^^^^^

warning: missing documentation for a variant
   --> src/security/compliance.rs:237:5
    |
237 |     ImplementationGap,
    |     ^^^^^^^^^^^^^^^^^

warning: missing documentation for a variant
   --> src/security/compliance.rs:238:5
    |
238 |     Documentation,
    |     ^^^^^^^^^^^^^

warning: missing documentation for a variant
   --> src/security/compliance.rs:239:5
    |
239 |     Testing,
    |     ^^^^^^^

warning: missing documentation for a variant
   --> src/security/compliance.rs:240:5
    |
240 |     Monitoring,
    |     ^^^^^^^^^^

warning: missing documentation for a struct
   --> src/security/compliance.rs:244:1
    |
244 | pub struct ComplianceRecommendation {
    | ^^^^^^^^^^^^^^^^^^^^^^^^^^^^^^^^^^^

warning: missing documentation for a struct field
   --> src/security/compliance.rs:245:5
    |
245 |     pub priority: u32,
    |     ^^^^^^^^^^^^^^^^^

warning: missing documentation for a struct field
   --> src/security/compliance.rs:246:5
    |
246 |     pub category: String,
    |     ^^^^^^^^^^^^^^^^^^^^

warning: missing documentation for a struct field
   --> src/security/compliance.rs:247:5
    |
247 |     pub description: String,
    |     ^^^^^^^^^^^^^^^^^^^^^^^

warning: missing documentation for a struct field
   --> src/security/compliance.rs:248:5
    |
248 |     pub impact: String,
    |     ^^^^^^^^^^^^^^^^^^

warning: missing documentation for a struct field
   --> src/security/compliance.rs:249:5
    |
249 |     pub effort: EffortLevel,
    |     ^^^^^^^^^^^^^^^^^^^^^^^

warning: missing documentation for a struct field
   --> src/security/compliance.rs:250:5
    |
250 |     pub timeline_days: u32,
    |     ^^^^^^^^^^^^^^^^^^^^^^

warning: missing documentation for an enum
   --> src/security/compliance.rs:255:1
    |
255 | pub enum EffortLevel {
    | ^^^^^^^^^^^^^^^^^^^^

warning: missing documentation for a variant
   --> src/security/compliance.rs:256:5
    |
256 |     Low,
    |     ^^^

warning: missing documentation for a variant
   --> src/security/compliance.rs:257:5
    |
257 |     Medium,
    |     ^^^^^^

warning: missing documentation for a variant
   --> src/security/compliance.rs:258:5
    |
258 |     High,
    |     ^^^^

warning: missing documentation for a variant
   --> src/security/compliance.rs:259:5
    |
259 |     VeryHigh,
    |     ^^^^^^^^

warning: missing documentation for a struct
   --> src/security/compliance.rs:263:1
    |
263 | pub struct EvidenceItem {
    | ^^^^^^^^^^^^^^^^^^^^^^^

warning: missing documentation for a struct field
   --> src/security/compliance.rs:264:5
    |
264 |     pub id: String,
    |     ^^^^^^^^^^^^^^

warning: missing documentation for a struct field
   --> src/security/compliance.rs:265:5
    |
265 |     pub requirement_id: String,
    |     ^^^^^^^^^^^^^^^^^^^^^^^^^^

warning: missing documentation for a struct field
   --> src/security/compliance.rs:266:5
    |
266 |     pub evidence_type: EvidenceType,
    |     ^^^^^^^^^^^^^^^^^^^^^^^^^^^^^^^

warning: missing documentation for a struct field
   --> src/security/compliance.rs:267:5
    |
267 |     pub description: String,
    |     ^^^^^^^^^^^^^^^^^^^^^^^

warning: missing documentation for a struct field
   --> src/security/compliance.rs:268:5
    |
268 |     pub location: String,
    |     ^^^^^^^^^^^^^^^^^^^^

warning: missing documentation for a struct field
   --> src/security/compliance.rs:269:5
    |
269 |     pub collected_at: DateTime<Utc>,
    |     ^^^^^^^^^^^^^^^^^^^^^^^^^^^^^^^

warning: missing documentation for a struct field
   --> src/security/compliance.rs:270:5
    |
270 |     pub verified: bool,
    |     ^^^^^^^^^^^^^^^^^^

warning: missing documentation for an enum
   --> src/security/compliance.rs:275:1
    |
275 | pub enum EvidenceType {
    | ^^^^^^^^^^^^^^^^^^^^^

warning: missing documentation for a variant
   --> src/security/compliance.rs:276:5
    |
276 |     AuditLog,
    |     ^^^^^^^^

warning: missing documentation for a variant
   --> src/security/compliance.rs:277:5
    |
277 |     Configuration,
    |     ^^^^^^^^^^^^^

warning: missing documentation for a variant
   --> src/security/compliance.rs:278:5
    |
278 |     Policy,
    |     ^^^^^^

warning: missing documentation for a variant
   --> src/security/compliance.rs:279:5
    |
279 |     Procedure,
    |     ^^^^^^^^^

warning: missing documentation for a variant
   --> src/security/compliance.rs:280:5
    |
280 |     TestResult,
    |     ^^^^^^^^^^

warning: missing documentation for a variant
   --> src/security/compliance.rs:281:5
    |
281 |     Certification,
    |     ^^^^^^^^^^^^^

warning: missing documentation for a struct
   --> src/security/compliance.rs:285:1
    |
285 | pub struct ComplianceAttestation {
    | ^^^^^^^^^^^^^^^^^^^^^^^^^^^^^^^^

warning: missing documentation for a struct field
   --> src/security/compliance.rs:286:5
    |
286 |     pub attested_by: String,
    |     ^^^^^^^^^^^^^^^^^^^^^^^

warning: missing documentation for a struct field
   --> src/security/compliance.rs:287:5
    |
287 |     pub attested_at: DateTime<Utc>,
    |     ^^^^^^^^^^^^^^^^^^^^^^^^^^^^^^

warning: missing documentation for a struct field
   --> src/security/compliance.rs:288:5
    |
288 |     pub period_covered: (DateTime<Utc>, DateTime<Utc>),
    |     ^^^^^^^^^^^^^^^^^^^^^^^^^^^^^^^^^^^^^^^^^^^^^^^^^^

warning: missing documentation for a struct field
   --> src/security/compliance.rs:289:5
    |
289 |     pub statement: String,
    |     ^^^^^^^^^^^^^^^^^^^^^

warning: missing documentation for a struct field
   --> src/security/compliance.rs:290:5
    |
290 |     pub limitations: Option<String>,
    |     ^^^^^^^^^^^^^^^^^^^^^^^^^^^^^^^

warning: missing documentation for an associated function
   --> src/security/compliance.rs:294:5
    |
294 | /     pub async fn new(
295 | |         standards: Vec<String>,
296 | |         audit_logger: Arc<EnterpriseAuditLogger>,
297 | |     ) -> Result<Self> {
    | |_____________________^

warning: missing documentation for a method
   --> src/security/compliance.rs:432:5
    |
432 |     pub async fn initialize_monitoring(&self) -> Result<()> {
    |     ^^^^^^^^^^^^^^^^^^^^^^^^^^^^^^^^^^^^^^^^^^^^^^^^^^^^^^^

warning: missing documentation for a method
   --> src/security/compliance.rs:547:5
    |
547 |     pub async fn scan_violations(&self) -> Result<Vec<ComplianceViolation>> {
    |     ^^^^^^^^^^^^^^^^^^^^^^^^^^^^^^^^^^^^^^^^^^^^^^^^^^^^^^^^^^^^^^^^^^^^^^^

warning: missing documentation for a method
   --> src/security/compliance.rs:552:5
    |
552 |     pub async fn get_violation_count(&self) -> Result<u64> {
    |     ^^^^^^^^^^^^^^^^^^^^^^^^^^^^^^^^^^^^^^^^^^^^^^^^^^^^^^

warning: missing documentation for a method
   --> src/security/compliance.rs:557:5
    |
557 |     pub async fn generate_report(&self, standard: &str) -> Result<ComplianceReport> {
    |     ^^^^^^^^^^^^^^^^^^^^^^^^^^^^^^^^^^^^^^^^^^^^^^^^^^^^^^^^^^^^^^^^^^^^^^^^^^^^^^^

warning: missing documentation for a method
   --> src/security/compliance.rs:749:5
    |
749 |     pub async fn get_compliance_status(&self, standard: &str) -> Result<ComplianceStatus> {
    |     ^^^^^^^^^^^^^^^^^^^^^^^^^^^^^^^^^^^^^^^^^^^^^^^^^^^^^^^^^^^^^^^^^^^^^^^^^^^^^^^^^^^^^

warning: missing documentation for a struct field
  --> src/security/permissions.rs:26:5
   |
26 |     pub id: String,
   |     ^^^^^^^^^^^^^^

warning: missing documentation for a struct field
  --> src/security/permissions.rs:27:5
   |
27 |     pub resource_type: String,
   |     ^^^^^^^^^^^^^^^^^^^^^^^^^

warning: missing documentation for a struct field
  --> src/security/permissions.rs:28:5
   |
28 |     pub resource_id: String,
   |     ^^^^^^^^^^^^^^^^^^^^^^^

warning: missing documentation for a struct field
  --> src/security/permissions.rs:29:5
   |
29 |     pub permission_name: String,
   |     ^^^^^^^^^^^^^^^^^^^^^^^^^^^

warning: missing documentation for a struct field
  --> src/security/permissions.rs:30:5
   |
30 |     pub scope: PermissionScope,
   |     ^^^^^^^^^^^^^^^^^^^^^^^^^^

warning: missing documentation for a struct field
  --> src/security/permissions.rs:31:5
   |
31 |     pub conditions: Vec<PermissionCondition>,
   |     ^^^^^^^^^^^^^^^^^^^^^^^^^^^^^^^^^^^^^^^^

warning: missing documentation for a struct field
  --> src/security/permissions.rs:32:5
   |
32 |     pub granted_to: PermissionSubject,
   |     ^^^^^^^^^^^^^^^^^^^^^^^^^^^^^^^^^

warning: missing documentation for a struct field
  --> src/security/permissions.rs:33:5
   |
33 |     pub granted_by: String,
   |     ^^^^^^^^^^^^^^^^^^^^^^

warning: missing documentation for a struct field
  --> src/security/permissions.rs:34:5
   |
34 |     pub granted_at: DateTime<Utc>,
   |     ^^^^^^^^^^^^^^^^^^^^^^^^^^^^^

warning: missing documentation for a struct field
  --> src/security/permissions.rs:35:5
   |
35 |     pub expires_at: Option<DateTime<Utc>>,
   |     ^^^^^^^^^^^^^^^^^^^^^^^^^^^^^^^^^^^^^

warning: missing documentation for a struct field
  --> src/security/permissions.rs:36:5
   |
36 |     pub active: bool,
   |     ^^^^^^^^^^^^^^^^

warning: missing documentation for a struct field
  --> src/security/permissions.rs:37:5
   |
37 |     pub metadata: HashMap<String, String>,
   |     ^^^^^^^^^^^^^^^^^^^^^^^^^^^^^^^^^^^^^

warning: missing documentation for a struct field
  --> src/security/permissions.rs:59:5
   |
59 |     pub condition_type: ConditionType,
   |     ^^^^^^^^^^^^^^^^^^^^^^^^^^^^^^^^^

warning: missing documentation for a struct field
  --> src/security/permissions.rs:60:5
   |
60 |     pub operator: ConditionOperator,
   |     ^^^^^^^^^^^^^^^^^^^^^^^^^^^^^^^

warning: missing documentation for a struct field
  --> src/security/permissions.rs:61:5
   |
61 |     pub value: String,
   |     ^^^^^^^^^^^^^^^^^

warning: missing documentation for a struct field
  --> src/security/permissions.rs:62:5
   |
62 |     pub context_key: Option<String>,
   |     ^^^^^^^^^^^^^^^^^^^^^^^^^^^^^^^

warning: missing documentation for an enum
  --> src/security/permissions.rs:67:1
   |
67 | pub enum ConditionType {
   | ^^^^^^^^^^^^^^^^^^^^^^

warning: missing documentation for a variant
  --> src/security/permissions.rs:68:5
   |
68 |     TimeRange,
   |     ^^^^^^^^^

warning: missing documentation for a variant
  --> src/security/permissions.rs:69:5
   |
69 |     IpAddress,
   |     ^^^^^^^^^

warning: missing documentation for a variant
  --> src/security/permissions.rs:70:5
   |
70 |     UserAgent,
   |     ^^^^^^^^^

warning: missing documentation for a variant
  --> src/security/permissions.rs:71:5
   |
71 |     ResourceState,
   |     ^^^^^^^^^^^^^

warning: missing documentation for a variant
  --> src/security/permissions.rs:72:5
   |
72 |     CustomAttribute,
   |     ^^^^^^^^^^^^^^^

warning: missing documentation for a variant
  --> src/security/permissions.rs:73:5
   |
73 |     ApiKey,
   |     ^^^^^^

warning: missing documentation for a variant
  --> src/security/permissions.rs:74:5
   |
74 |     SessionAge,
   |     ^^^^^^^^^^

warning: missing documentation for a variant
  --> src/security/permissions.rs:75:5
   |
75 |     RiskScore,
   |     ^^^^^^^^^

warning: missing documentation for an enum
  --> src/security/permissions.rs:80:1
   |
80 | pub enum ConditionOperator {
   | ^^^^^^^^^^^^^^^^^^^^^^^^^^

warning: missing documentation for a variant
  --> src/security/permissions.rs:81:5
   |
81 |     Equals,
   |     ^^^^^^

warning: missing documentation for a variant
  --> src/security/permissions.rs:82:5
   |
82 |     NotEquals,
   |     ^^^^^^^^^

warning: missing documentation for a variant
  --> src/security/permissions.rs:83:5
   |
83 |     Contains,
   |     ^^^^^^^^

warning: missing documentation for a variant
  --> src/security/permissions.rs:84:5
   |
84 |     NotContains,
   |     ^^^^^^^^^^^

warning: missing documentation for a variant
  --> src/security/permissions.rs:85:5
   |
85 |     GreaterThan,
   |     ^^^^^^^^^^^

warning: missing documentation for a variant
  --> src/security/permissions.rs:86:5
   |
86 |     LessThan,
   |     ^^^^^^^^

warning: missing documentation for a variant
  --> src/security/permissions.rs:87:5
   |
87 |     GreaterOrEqual,
   |     ^^^^^^^^^^^^^^

warning: missing documentation for a variant
  --> src/security/permissions.rs:88:5
   |
88 |     LessOrEqual,
   |     ^^^^^^^^^^^

warning: missing documentation for a variant
  --> src/security/permissions.rs:89:5
   |
89 |     In,
   |     ^^

warning: missing documentation for a variant
  --> src/security/permissions.rs:90:5
   |
90 |     NotIn,
   |     ^^^^^

warning: missing documentation for a variant
  --> src/security/permissions.rs:91:5
   |
91 |     Matches, // Regex
   |     ^^^^^^^

warning: missing documentation for a variant
  --> src/security/permissions.rs:98:5
   |
98 |     User(String),
   |     ^^^^

warning: missing documentation for a variant
  --> src/security/permissions.rs:99:5
   |
99 |     Role(String),
   |     ^^^^

warning: missing documentation for a variant
   --> src/security/permissions.rs:100:5
    |
100 |     Team(String),
    |     ^^^^

warning: missing documentation for a variant
   --> src/security/permissions.rs:101:5
    |
101 |     ApiKey(String),
    |     ^^^^^^

warning: missing documentation for a variant
   --> src/security/permissions.rs:102:5
    |
102 |     ServiceAccount(String),
    |     ^^^^^^^^^^^^^^

warning: missing documentation for a struct field
   --> src/security/permissions.rs:108:5
    |
108 |     pub id: String,
    |     ^^^^^^^^^^^^^^

warning: missing documentation for a struct field
   --> src/security/permissions.rs:109:5
    |
109 |     pub name: String,
    |     ^^^^^^^^^^^^^^^^

warning: missing documentation for a struct field
   --> src/security/permissions.rs:110:5
    |
110 |     pub description: String,
    |     ^^^^^^^^^^^^^^^^^^^^^^^

warning: missing documentation for a struct field
   --> src/security/permissions.rs:111:5
    |
111 |     pub category: String,
    |     ^^^^^^^^^^^^^^^^^^^^

warning: missing documentation for a struct field
   --> src/security/permissions.rs:112:5
    |
112 |     pub permissions: Vec<TemplatePermission>,
    |     ^^^^^^^^^^^^^^^^^^^^^^^^^^^^^^^^^^^^^^^^

warning: missing documentation for a struct field
   --> src/security/permissions.rs:113:5
    |
113 |     pub variables: HashMap<String, String>,
    |     ^^^^^^^^^^^^^^^^^^^^^^^^^^^^^^^^^^^^^^

warning: missing documentation for a struct field
   --> src/security/permissions.rs:114:5
    |
114 |     pub created_at: DateTime<Utc>,
    |     ^^^^^^^^^^^^^^^^^^^^^^^^^^^^^

warning: missing documentation for a struct field
   --> src/security/permissions.rs:115:5
    |
115 |     pub version: String,
    |     ^^^^^^^^^^^^^^^^^^^

warning: missing documentation for a struct
   --> src/security/permissions.rs:119:1
    |
119 | pub struct TemplatePermission {
    | ^^^^^^^^^^^^^^^^^^^^^^^^^^^^^

warning: missing documentation for a struct field
   --> src/security/permissions.rs:120:5
    |
120 |     pub permission_name: String,
    |     ^^^^^^^^^^^^^^^^^^^^^^^^^^^

warning: missing documentation for a struct field
   --> src/security/permissions.rs:121:5
    |
121 |     pub resource_type: String,
    |     ^^^^^^^^^^^^^^^^^^^^^^^^^

warning: missing documentation for a struct field
   --> src/security/permissions.rs:122:5
    |
122 |     pub resource_pattern: String, // Can contain variables like ${user_id}
    |     ^^^^^^^^^^^^^^^^^^^^^^^^^^^^

warning: missing documentation for a struct field
   --> src/security/permissions.rs:123:5
    |
123 |     pub scope: PermissionScope,
    |     ^^^^^^^^^^^^^^^^^^^^^^^^^^

warning: missing documentation for a struct field
   --> src/security/permissions.rs:124:5
    |
124 |     pub conditions: Vec<PermissionCondition>,
    |     ^^^^^^^^^^^^^^^^^^^^^^^^^^^^^^^^^^^^^^^^

warning: missing documentation for a struct field
   --> src/security/permissions.rs:130:5
    |
130 |     pub id: String,
    |     ^^^^^^^^^^^^^^

warning: missing documentation for a struct field
   --> src/security/permissions.rs:131:5
    |
131 |     pub parent_resource_type: String,
    |     ^^^^^^^^^^^^^^^^^^^^^^^^^^^^^^^^

warning: missing documentation for a struct field
   --> src/security/permissions.rs:132:5
    |
132 |     pub child_resource_type: String,
    |     ^^^^^^^^^^^^^^^^^^^^^^^^^^^^^^^

warning: missing documentation for a struct field
   --> src/security/permissions.rs:133:5
    |
133 |     pub inherited_permissions: Vec<String>,
    |     ^^^^^^^^^^^^^^^^^^^^^^^^^^^^^^^^^^^^^^

warning: missing documentation for a struct field
   --> src/security/permissions.rs:134:5
    |
134 |     pub inheritance_type: InheritanceType,
    |     ^^^^^^^^^^^^^^^^^^^^^^^^^^^^^^^^^^^^^

warning: missing documentation for a struct field
   --> src/security/permissions.rs:135:5
    |
135 |     pub conditions: Vec<PermissionCondition>,
    |     ^^^^^^^^^^^^^^^^^^^^^^^^^^^^^^^^^^^^^^^^

warning: missing documentation for an enum
   --> src/security/permissions.rs:140:1
    |
140 | pub enum InheritanceType {
    | ^^^^^^^^^^^^^^^^^^^^^^^^

warning: missing documentation for a struct field
   --> src/security/permissions.rs:154:5
    |
154 |     pub user_id: Option<String>,
    |     ^^^^^^^^^^^^^^^^^^^^^^^^^^^

warning: missing documentation for a struct field
   --> src/security/permissions.rs:155:5
    |
155 |     pub session_id: Option<String>,
    |     ^^^^^^^^^^^^^^^^^^^^^^^^^^^^^^

warning: missing documentation for a struct field
   --> src/security/permissions.rs:156:5
    |
156 |     pub ip_address: Option<String>,
    |     ^^^^^^^^^^^^^^^^^^^^^^^^^^^^^^

warning: missing documentation for a struct field
   --> src/security/permissions.rs:157:5
    |
157 |     pub user_agent: Option<String>,
    |     ^^^^^^^^^^^^^^^^^^^^^^^^^^^^^^

warning: missing documentation for a struct field
   --> src/security/permissions.rs:158:5
    |
158 |     pub request_time: DateTime<Utc>,
    |     ^^^^^^^^^^^^^^^^^^^^^^^^^^^^^^^

warning: missing documentation for a struct field
   --> src/security/permissions.rs:159:5
    |
159 |     pub resource_state: HashMap<String, String>,
    |     ^^^^^^^^^^^^^^^^^^^^^^^^^^^^^^^^^^^^^^^^^^^

warning: missing documentation for a struct field
   --> src/security/permissions.rs:160:5
    |
160 |     pub custom_attributes: HashMap<String, String>,
    |     ^^^^^^^^^^^^^^^^^^^^^^^^^^^^^^^^^^^^^^^^^^^^^^

warning: missing documentation for a struct field
   --> src/security/permissions.rs:161:5
    |
161 |     pub risk_score: Option<u32>,
    |     ^^^^^^^^^^^^^^^^^^^^^^^^^^^

warning: missing documentation for a struct field
   --> src/security/permissions.rs:162:5
    |
162 |     pub api_key: Option<String>,
    |     ^^^^^^^^^^^^^^^^^^^^^^^^^^^

warning: missing documentation for a struct field
   --> src/security/permissions.rs:184:5
    |
184 |     pub granted: bool,
    |     ^^^^^^^^^^^^^^^^^

warning: missing documentation for a struct field
   --> src/security/permissions.rs:185:5
    |
185 |     pub reason: String,
    |     ^^^^^^^^^^^^^^^^^^

warning: missing documentation for a struct field
   --> src/security/permissions.rs:186:5
    |
186 |     pub matched_permissions: Vec<String>,
    |     ^^^^^^^^^^^^^^^^^^^^^^^^^^^^^^^^^^^^

warning: missing documentation for a struct field
   --> src/security/permissions.rs:187:5
    |
187 |     pub failed_conditions: Vec<String>,
    |     ^^^^^^^^^^^^^^^^^^^^^^^^^^^^^^^^^^

warning: missing documentation for a struct field
   --> src/security/permissions.rs:188:5
    |
188 |     pub evaluation_time_ms: u64,
    |     ^^^^^^^^^^^^^^^^^^^^^^^^^^^

warning: missing documentation for a struct field
   --> src/security/permissions.rs:189:5
    |
189 |     pub requires_approval: bool,
    |     ^^^^^^^^^^^^^^^^^^^^^^^^^^^

warning: missing documentation for a struct field
   --> src/security/permissions.rs:190:5
    |
190 |     pub approval_reason: Option<String>,
    |     ^^^^^^^^^^^^^^^^^^^^^^^^^^^^^^^^^^^

warning: missing documentation for an associated function
   --> src/security/permissions.rs:194:5
    |
194 |     pub async fn new() -> Result<Self> {
    |     ^^^^^^^^^^^^^^^^^^^^^^^^^^^^^^^^^^

warning: missing documentation for a struct field
   --> src/security/permissions.rs:803:5
    |
803 |     pub total_permissions: usize,
    |     ^^^^^^^^^^^^^^^^^^^^^^^^^^^^

warning: missing documentation for a struct field
   --> src/security/permissions.rs:804:5
    |
804 |     pub active_permissions: usize,
    |     ^^^^^^^^^^^^^^^^^^^^^^^^^^^^^

warning: missing documentation for a struct field
   --> src/security/permissions.rs:805:5
    |
805 |     pub expired_permissions: usize,
    |     ^^^^^^^^^^^^^^^^^^^^^^^^^^^^^^

warning: missing documentation for a struct field
   --> src/security/permissions.rs:806:5
    |
806 |     pub total_templates: usize,
    |     ^^^^^^^^^^^^^^^^^^^^^^^^^^

warning: missing documentation for a struct field
   --> src/security/permissions.rs:807:5
    |
807 |     pub total_inheritance_rules: usize,
    |     ^^^^^^^^^^^^^^^^^^^^^^^^^^^^^^^^^^

warning: missing documentation for a struct field
  --> src/security/rbac.rs:33:5
   |
33 |     pub id: String,
   |     ^^^^^^^^^^^^^^

warning: missing documentation for a struct field
  --> src/security/rbac.rs:34:5
   |
34 |     pub username: String,
   |     ^^^^^^^^^^^^^^^^^^^^

warning: missing documentation for a struct field
  --> src/security/rbac.rs:35:5
   |
35 |     pub email: String,
   |     ^^^^^^^^^^^^^^^^^

warning: missing documentation for a struct field
  --> src/security/rbac.rs:36:5
   |
36 |     pub full_name: String,
   |     ^^^^^^^^^^^^^^^^^^^^^

warning: missing documentation for a struct field
  --> src/security/rbac.rs:37:5
   |
37 |     pub roles: Vec<String>,
   |     ^^^^^^^^^^^^^^^^^^^^^^

warning: missing documentation for a struct field
  --> src/security/rbac.rs:38:5
   |
38 |     pub teams: Vec<String>,
   |     ^^^^^^^^^^^^^^^^^^^^^^

warning: missing documentation for a struct field
  --> src/security/rbac.rs:39:5
   |
39 |     pub security_groups: Vec<String>,
   |     ^^^^^^^^^^^^^^^^^^^^^^^^^^^^^^^^

warning: missing documentation for a struct field
  --> src/security/rbac.rs:40:5
   |
40 |     pub active: bool,
   |     ^^^^^^^^^^^^^^^^

warning: missing documentation for a struct field
  --> src/security/rbac.rs:41:5
   |
41 |     pub created_at: DateTime<Utc>,
   |     ^^^^^^^^^^^^^^^^^^^^^^^^^^^^^

warning: missing documentation for a struct field
  --> src/security/rbac.rs:42:5
   |
42 |     pub last_login: Option<DateTime<Utc>>,
   |     ^^^^^^^^^^^^^^^^^^^^^^^^^^^^^^^^^^^^^

warning: missing documentation for a struct field
  --> src/security/rbac.rs:43:5
   |
43 |     pub password_hash: Option<String>,
   |     ^^^^^^^^^^^^^^^^^^^^^^^^^^^^^^^^^

warning: missing documentation for a struct field
  --> src/security/rbac.rs:44:5
   |
44 |     pub mfa_enabled: bool,
   |     ^^^^^^^^^^^^^^^^^^^^^

warning: missing documentation for a struct field
  --> src/security/rbac.rs:45:5
   |
45 |     pub account_locked: bool,
   |     ^^^^^^^^^^^^^^^^^^^^^^^^

warning: missing documentation for a struct field
  --> src/security/rbac.rs:46:5
   |
46 |     pub lock_reason: Option<String>,
   |     ^^^^^^^^^^^^^^^^^^^^^^^^^^^^^^^

warning: missing documentation for a struct field
  --> src/security/rbac.rs:47:5
   |
47 |     pub last_activity: Option<DateTime<Utc>>,
   |     ^^^^^^^^^^^^^^^^^^^^^^^^^^^^^^^^^^^^^^^^

warning: missing documentation for a struct field
  --> src/security/rbac.rs:48:5
   |
48 |     pub failed_login_attempts: u32,
   |     ^^^^^^^^^^^^^^^^^^^^^^^^^^^^^^

warning: missing documentation for a struct field
  --> src/security/rbac.rs:49:5
   |
49 |     pub password_expires_at: Option<DateTime<Utc>>,
   |     ^^^^^^^^^^^^^^^^^^^^^^^^^^^^^^^^^^^^^^^^^^^^^^

warning: missing documentation for a struct field
  --> src/security/rbac.rs:50:5
   |
50 |     pub must_change_password: bool,
   |     ^^^^^^^^^^^^^^^^^^^^^^^^^^^^^^

warning: missing documentation for a struct field
  --> src/security/rbac.rs:51:5
   |
51 |     pub session_timeout: Option<u32>,
   |     ^^^^^^^^^^^^^^^^^^^^^^^^^^^^^^^^

warning: missing documentation for a struct field
  --> src/security/rbac.rs:52:5
   |
52 |     pub ip_restrictions: Vec<String>,
   |     ^^^^^^^^^^^^^^^^^^^^^^^^^^^^^^^^

warning: missing documentation for a struct field
  --> src/security/rbac.rs:53:5
   |
53 |     pub metadata: HashMap<String, String>,
   |     ^^^^^^^^^^^^^^^^^^^^^^^^^^^^^^^^^^^^^

warning: missing documentation for a struct field
  --> src/security/rbac.rs:59:5
   |
59 |     pub id: String,
   |     ^^^^^^^^^^^^^^

warning: missing documentation for a struct field
  --> src/security/rbac.rs:60:5
   |
60 |     pub name: String,
   |     ^^^^^^^^^^^^^^^^

warning: missing documentation for a struct field
  --> src/security/rbac.rs:61:5
   |
61 |     pub description: String,
   |     ^^^^^^^^^^^^^^^^^^^^^^^

warning: missing documentation for a struct field
  --> src/security/rbac.rs:62:5
   |
62 |     pub permissions: HashSet<String>,
   |     ^^^^^^^^^^^^^^^^^^^^^^^^^^^^^^^^

warning: missing documentation for a struct field
  --> src/security/rbac.rs:63:5
   |
63 |     pub parent_roles: Vec<String>,
   |     ^^^^^^^^^^^^^^^^^^^^^^^^^^^^^

warning: missing documentation for a struct field
  --> src/security/rbac.rs:64:5
   |
64 |     pub child_roles: Vec<String>,
   |     ^^^^^^^^^^^^^^^^^^^^^^^^^^^^

warning: missing documentation for a struct field
  --> src/security/rbac.rs:65:5
   |
65 |     pub auto_assign_conditions: Vec<AutoAssignCondition>,
   |     ^^^^^^^^^^^^^^^^^^^^^^^^^^^^^^^^^^^^^^^^^^^^^^^^^^^^

warning: missing documentation for a struct field
  --> src/security/rbac.rs:66:5
   |
66 |     pub max_assignment_duration: Option<Duration>,
   |     ^^^^^^^^^^^^^^^^^^^^^^^^^^^^^^^^^^^^^^^^^^^^^

warning: missing documentation for a struct field
  --> src/security/rbac.rs:67:5
   |
67 |     pub requires_approval: bool,
   |     ^^^^^^^^^^^^^^^^^^^^^^^^^^^

warning: missing documentation for a struct field
  --> src/security/rbac.rs:68:5
   |
68 |     pub approval_roles: Vec<String>,
   |     ^^^^^^^^^^^^^^^^^^^^^^^^^^^^^^^

warning: missing documentation for a struct field
  --> src/security/rbac.rs:69:5
   |
69 |     pub risk_level: RiskLevel,
   |     ^^^^^^^^^^^^^^^^^^^^^^^^^

warning: missing documentation for a struct field
  --> src/security/rbac.rs:70:5
   |
70 |     pub created_at: DateTime<Utc>,
   |     ^^^^^^^^^^^^^^^^^^^^^^^^^^^^^

warning: missing documentation for a struct field
  --> src/security/rbac.rs:71:5
   |
71 |     pub created_by: String,
   |     ^^^^^^^^^^^^^^^^^^^^^^

warning: missing documentation for a struct field
  --> src/security/rbac.rs:72:5
   |
72 |     pub active: bool,
   |     ^^^^^^^^^^^^^^^^

warning: missing documentation for a struct field
  --> src/security/rbac.rs:73:5
   |
73 |     pub metadata: HashMap<String, String>,
   |     ^^^^^^^^^^^^^^^^^^^^^^^^^^^^^^^^^^^^^

warning: missing documentation for a struct field
  --> src/security/rbac.rs:79:5
   |
79 |     pub id: String,
   |     ^^^^^^^^^^^^^^

warning: missing documentation for a struct field
  --> src/security/rbac.rs:80:5
   |
80 |     pub name: String,
   |     ^^^^^^^^^^^^^^^^

warning: missing documentation for a struct field
  --> src/security/rbac.rs:81:5
   |
81 |     pub description: String,
   |     ^^^^^^^^^^^^^^^^^^^^^^^

warning: missing documentation for a struct field
  --> src/security/rbac.rs:82:5
   |
82 |     pub members: HashSet<String>,
   |     ^^^^^^^^^^^^^^^^^^^^^^^^^^^^

warning: missing documentation for a struct field
  --> src/security/rbac.rs:83:5
   |
83 |     pub security_policies: Vec<String>,
   |     ^^^^^^^^^^^^^^^^^^^^^^^^^^^^^^^^^^

warning: missing documentation for a struct field
  --> src/security/rbac.rs:84:5
   |
84 |     pub access_policies: Vec<String>,
   |     ^^^^^^^^^^^^^^^^^^^^^^^^^^^^^^^^

warning: missing documentation for a struct field
  --> src/security/rbac.rs:85:5
   |
85 |     pub default_roles: Vec<String>,
   |     ^^^^^^^^^^^^^^^^^^^^^^^^^^^^^^

warning: missing documentation for a struct field
  --> src/security/rbac.rs:86:5
   |
86 |     pub isolation_level: IsolationLevel,
   |     ^^^^^^^^^^^^^^^^^^^^^^^^^^^^^^^^^^^

warning: missing documentation for a struct field
  --> src/security/rbac.rs:87:5
   |
87 |     pub created_at: DateTime<Utc>,
   |     ^^^^^^^^^^^^^^^^^^^^^^^^^^^^^

warning: missing documentation for a struct field
  --> src/security/rbac.rs:88:5
   |
88 |     pub metadata: HashMap<String, String>,
   |     ^^^^^^^^^^^^^^^^^^^^^^^^^^^^^^^^^^^^^

warning: missing documentation for a struct field
  --> src/security/rbac.rs:94:5
   |
94 |     pub id: String,
   |     ^^^^^^^^^^^^^^

warning: missing documentation for a struct field
  --> src/security/rbac.rs:95:5
   |
95 |     pub name: String,
   |     ^^^^^^^^^^^^^^^^

warning: missing documentation for a struct field
  --> src/security/rbac.rs:96:5
   |
96 |     pub description: String,
   |     ^^^^^^^^^^^^^^^^^^^^^^^

warning: missing documentation for a struct field
  --> src/security/rbac.rs:97:5
   |
97 |     pub policy_type: PolicyType,
   |     ^^^^^^^^^^^^^^^^^^^^^^^^^^^

warning: missing documentation for a struct field
  --> src/security/rbac.rs:98:5
   |
98 |     pub conditions: Vec<PolicyCondition>,
   |     ^^^^^^^^^^^^^^^^^^^^^^^^^^^^^^^^^^^^

warning: missing documentation for a struct field
  --> src/security/rbac.rs:99:5
   |
99 |     pub effect: PolicyEffect,
   |     ^^^^^^^^^^^^^^^^^^^^^^^^

warning: missing documentation for a struct field
   --> src/security/rbac.rs:100:5
    |
100 |     pub resources: Vec<String>,
    |     ^^^^^^^^^^^^^^^^^^^^^^^^^^

warning: missing documentation for a struct field
   --> src/security/rbac.rs:101:5
    |
101 |     pub actions: Vec<String>,
    |     ^^^^^^^^^^^^^^^^^^^^^^^^

warning: missing documentation for a struct field
   --> src/security/rbac.rs:102:5
    |
102 |     pub principals: Vec<String>,
    |     ^^^^^^^^^^^^^^^^^^^^^^^^^^^

warning: missing documentation for a struct field
   --> src/security/rbac.rs:103:5
    |
103 |     pub time_restrictions: Option<TimeRestriction>,
    |     ^^^^^^^^^^^^^^^^^^^^^^^^^^^^^^^^^^^^^^^^^^^^^^

warning: missing documentation for a struct field
   --> src/security/rbac.rs:104:5
    |
104 |     pub ip_restrictions: Vec<String>,
    |     ^^^^^^^^^^^^^^^^^^^^^^^^^^^^^^^^

warning: missing documentation for a struct field
   --> src/security/rbac.rs:105:5
    |
105 |     pub priority: u32,
    |     ^^^^^^^^^^^^^^^^^

warning: missing documentation for a struct field
   --> src/security/rbac.rs:106:5
    |
106 |     pub active: bool,
    |     ^^^^^^^^^^^^^^^^

warning: missing documentation for a struct field
   --> src/security/rbac.rs:107:5
    |
107 |     pub created_at: DateTime<Utc>,
    |     ^^^^^^^^^^^^^^^^^^^^^^^^^^^^^

warning: missing documentation for a struct field
   --> src/security/rbac.rs:113:5
    |
113 |     pub id: String,
    |     ^^^^^^^^^^^^^^

warning: missing documentation for a struct field
   --> src/security/rbac.rs:114:5
    |
114 |     pub user_id: String,
    |     ^^^^^^^^^^^^^^^^^^^

warning: missing documentation for a struct field
   --> src/security/rbac.rs:115:5
    |
115 |     pub role_id: String,
    |     ^^^^^^^^^^^^^^^^^^^

warning: missing documentation for a struct field
   --> src/security/rbac.rs:116:5
    |
116 |     pub assigned_by: String,
    |     ^^^^^^^^^^^^^^^^^^^^^^^

warning: missing documentation for a struct field
   --> src/security/rbac.rs:117:5
    |
117 |     pub assigned_at: DateTime<Utc>,
    |     ^^^^^^^^^^^^^^^^^^^^^^^^^^^^^^

warning: missing documentation for a struct field
   --> src/security/rbac.rs:118:5
    |
118 |     pub expires_at: Option<DateTime<Utc>>,
    |     ^^^^^^^^^^^^^^^^^^^^^^^^^^^^^^^^^^^^^

warning: missing documentation for a struct field
   --> src/security/rbac.rs:119:5
    |
119 |     pub conditions: Vec<AssignmentCondition>,
    |     ^^^^^^^^^^^^^^^^^^^^^^^^^^^^^^^^^^^^^^^^

warning: missing documentation for a struct field
   --> src/security/rbac.rs:120:5
    |
120 |     pub approval_status: ApprovalStatus,
    |     ^^^^^^^^^^^^^^^^^^^^^^^^^^^^^^^^^^^

warning: missing documentation for a struct field
   --> src/security/rbac.rs:121:5
    |
121 |     pub approved_by: Option<String>,
    |     ^^^^^^^^^^^^^^^^^^^^^^^^^^^^^^^

warning: missing documentation for a struct field
   --> src/security/rbac.rs:122:5
    |
122 |     pub approved_at: Option<DateTime<Utc>>,
    |     ^^^^^^^^^^^^^^^^^^^^^^^^^^^^^^^^^^^^^^

warning: missing documentation for a struct field
   --> src/security/rbac.rs:123:5
    |
123 |     pub active: bool,
    |     ^^^^^^^^^^^^^^^^

warning: missing documentation for a struct field
   --> src/security/rbac.rs:124:5
    |
124 |     pub source: AssignmentSource,
    |     ^^^^^^^^^^^^^^^^^^^^^^^^^^^^

warning: missing documentation for a struct field
   --> src/security/rbac.rs:130:5
    |
130 |     pub parent_role: String,
    |     ^^^^^^^^^^^^^^^^^^^^^^^

warning: missing documentation for a struct field
   --> src/security/rbac.rs:131:5
    |
131 |     pub child_role: String,
    |     ^^^^^^^^^^^^^^^^^^^^^^

warning: missing documentation for a struct field
   --> src/security/rbac.rs:132:5
    |
132 |     pub inheritance_type: InheritanceType,
    |     ^^^^^^^^^^^^^^^^^^^^^^^^^^^^^^^^^^^^^

warning: missing documentation for a struct field
   --> src/security/rbac.rs:133:5
    |
133 |     pub conditions: Vec<InheritanceCondition>,
    |     ^^^^^^^^^^^^^^^^^^^^^^^^^^^^^^^^^^^^^^^^^

warning: missing documentation for a struct field
   --> src/security/rbac.rs:134:5
    |
134 |     pub created_at: DateTime<Utc>,
    |     ^^^^^^^^^^^^^^^^^^^^^^^^^^^^^

warning: missing documentation for an enum
   --> src/security/rbac.rs:141:1
    |
141 | pub enum RiskLevel {
    | ^^^^^^^^^^^^^^^^^^

warning: missing documentation for a variant
   --> src/security/rbac.rs:142:5
    |
142 |     Low,
    |     ^^^

warning: missing documentation for a variant
   --> src/security/rbac.rs:143:5
    |
143 |     Medium,
    |     ^^^^^^

warning: missing documentation for a variant
   --> src/security/rbac.rs:144:5
    |
144 |     High,
    |     ^^^^

warning: missing documentation for a variant
   --> src/security/rbac.rs:145:5
    |
145 |     Critical,
    |     ^^^^^^^^

warning: missing documentation for an enum
   --> src/security/rbac.rs:150:1
    |
150 | pub enum IsolationLevel {
    | ^^^^^^^^^^^^^^^^^^^^^^^

warning: missing documentation for a variant
   --> src/security/rbac.rs:151:5
    |
151 |     None,
    |     ^^^^

warning: missing documentation for a variant
   --> src/security/rbac.rs:152:5
    |
152 |     Basic,
    |     ^^^^^

warning: missing documentation for a variant
   --> src/security/rbac.rs:153:5
    |
153 |     Enhanced,
    |     ^^^^^^^^

warning: missing documentation for a variant
   --> src/security/rbac.rs:154:5
    |
154 |     Maximum,
    |     ^^^^^^^

warning: missing documentation for an enum
   --> src/security/rbac.rs:159:1
    |
159 | pub enum PolicyType {
    | ^^^^^^^^^^^^^^^^^^^

warning: missing documentation for a variant
   --> src/security/rbac.rs:160:5
    |
160 |     Allow,
    |     ^^^^^

warning: missing documentation for a variant
   --> src/security/rbac.rs:161:5
    |
161 |     Deny,
    |     ^^^^

warning: missing documentation for a variant
   --> src/security/rbac.rs:162:5
    |
162 |     Audit,
    |     ^^^^^

warning: missing documentation for a variant
   --> src/security/rbac.rs:163:5
    |
163 |     Conditional,
    |     ^^^^^^^^^^^

warning: missing documentation for an enum
   --> src/security/rbac.rs:168:1
    |
168 | pub enum PolicyEffect {
    | ^^^^^^^^^^^^^^^^^^^^^

warning: missing documentation for a variant
   --> src/security/rbac.rs:169:5
    |
169 |     Allow,
    |     ^^^^^

warning: missing documentation for a variant
   --> src/security/rbac.rs:170:5
    |
170 |     Deny,
    |     ^^^^

warning: missing documentation for a variant
   --> src/security/rbac.rs:171:5
    |
171 |     RequireApproval,
    |     ^^^^^^^^^^^^^^^

warning: missing documentation for a variant
   --> src/security/rbac.rs:172:5
    |
172 |     RequireMfa,
    |     ^^^^^^^^^^

warning: missing documentation for an enum
   --> src/security/rbac.rs:177:1
    |
177 | pub enum ApprovalStatus {
    | ^^^^^^^^^^^^^^^^^^^^^^^

warning: missing documentation for a variant
   --> src/security/rbac.rs:178:5
    |
178 |     Pending,
    |     ^^^^^^^

warning: missing documentation for a variant
   --> src/security/rbac.rs:179:5
    |
179 |     Approved,
    |     ^^^^^^^^

warning: missing documentation for a variant
   --> src/security/rbac.rs:180:5
    |
180 |     Rejected,
    |     ^^^^^^^^

warning: missing documentation for a variant
   --> src/security/rbac.rs:181:5
    |
181 |     Expired,
    |     ^^^^^^^

warning: missing documentation for an enum
   --> src/security/rbac.rs:186:1
    |
186 | pub enum AssignmentSource {
    | ^^^^^^^^^^^^^^^^^^^^^^^^^

warning: missing documentation for a variant
   --> src/security/rbac.rs:187:5
    |
187 |     Manual,
    |     ^^^^^^

warning: missing documentation for a variant
   --> src/security/rbac.rs:188:5
    |
188 |     Automatic,
    |     ^^^^^^^^^

warning: missing documentation for a variant
   --> src/security/rbac.rs:189:5
    |
189 |     Inherited,
    |     ^^^^^^^^^

warning: missing documentation for a variant
   --> src/security/rbac.rs:190:5
    |
190 |     Policy,
    |     ^^^^^^

warning: missing documentation for a variant
   --> src/security/rbac.rs:191:5
    |
191 |     Emergency,
    |     ^^^^^^^^^

warning: missing documentation for an enum
   --> src/security/rbac.rs:196:1
    |
196 | pub enum InheritanceType {
    | ^^^^^^^^^^^^^^^^^^^^^^^^

warning: missing documentation for a variant
   --> src/security/rbac.rs:197:5
    |
197 |     Full,
    |     ^^^^

warning: missing documentation for a variant
   --> src/security/rbac.rs:198:5
    |
198 |     Partial,
    |     ^^^^^^^

warning: missing documentation for a variant
   --> src/security/rbac.rs:199:5
    |
199 |     Conditional,
    |     ^^^^^^^^^^^

warning: missing documentation for a variant
   --> src/security/rbac.rs:200:5
    |
200 |     Temporal,
    |     ^^^^^^^^

warning: missing documentation for a struct
   --> src/security/rbac.rs:204:1
    |
204 | pub struct AutoAssignCondition {
    | ^^^^^^^^^^^^^^^^^^^^^^^^^^^^^^

warning: missing documentation for a struct field
   --> src/security/rbac.rs:205:5
    |
205 |     pub condition_type: String,
    |     ^^^^^^^^^^^^^^^^^^^^^^^^^^

warning: missing documentation for a struct field
   --> src/security/rbac.rs:206:5
    |
206 |     pub operator: String,
    |     ^^^^^^^^^^^^^^^^^^^^

warning: missing documentation for a struct field
   --> src/security/rbac.rs:207:5
    |
207 |     pub value: String,
    |     ^^^^^^^^^^^^^^^^^

warning: missing documentation for a struct field
   --> src/security/rbac.rs:208:5
    |
208 |     pub metadata: HashMap<String, String>,
    |     ^^^^^^^^^^^^^^^^^^^^^^^^^^^^^^^^^^^^^

warning: missing documentation for a struct
   --> src/security/rbac.rs:212:1
    |
212 | pub struct PolicyCondition {
    | ^^^^^^^^^^^^^^^^^^^^^^^^^^

warning: missing documentation for a struct field
   --> src/security/rbac.rs:213:5
    |
213 |     pub attribute: String,
    |     ^^^^^^^^^^^^^^^^^^^^^

warning: missing documentation for a struct field
   --> src/security/rbac.rs:214:5
    |
214 |     pub operator: String,
    |     ^^^^^^^^^^^^^^^^^^^^

warning: missing documentation for a struct field
   --> src/security/rbac.rs:215:5
    |
215 |     pub value: String,
    |     ^^^^^^^^^^^^^^^^^

warning: missing documentation for a struct field
   --> src/security/rbac.rs:216:5
    |
216 |     pub case_sensitive: bool,
    |     ^^^^^^^^^^^^^^^^^^^^^^^^

warning: missing documentation for a struct
   --> src/security/rbac.rs:220:1
    |
220 | pub struct AssignmentCondition {
    | ^^^^^^^^^^^^^^^^^^^^^^^^^^^^^^

warning: missing documentation for a struct field
   --> src/security/rbac.rs:221:5
    |
221 |     pub condition_type: String,
    |     ^^^^^^^^^^^^^^^^^^^^^^^^^^

warning: missing documentation for a struct field
   --> src/security/rbac.rs:222:5
    |
222 |     pub parameters: HashMap<String, String>,
    |     ^^^^^^^^^^^^^^^^^^^^^^^^^^^^^^^^^^^^^^^

warning: missing documentation for a struct field
   --> src/security/rbac.rs:223:5
    |
223 |     pub required: bool,
    |     ^^^^^^^^^^^^^^^^^^

warning: missing documentation for a struct
   --> src/security/rbac.rs:227:1
    |
227 | pub struct InheritanceCondition {
    | ^^^^^^^^^^^^^^^^^^^^^^^^^^^^^^^

warning: missing documentation for a struct field
   --> src/security/rbac.rs:228:5
    |
228 |     pub condition_type: String,
    |     ^^^^^^^^^^^^^^^^^^^^^^^^^^

warning: missing documentation for a struct field
   --> src/security/rbac.rs:229:5
    |
229 |     pub value: String,
    |     ^^^^^^^^^^^^^^^^^

warning: missing documentation for a struct field
   --> src/security/rbac.rs:230:5
    |
230 |     pub active: bool,
    |     ^^^^^^^^^^^^^^^^

warning: missing documentation for a struct
   --> src/security/rbac.rs:234:1
    |
234 | pub struct TimeRestriction {
    | ^^^^^^^^^^^^^^^^^^^^^^^^^^

warning: missing documentation for a struct field
   --> src/security/rbac.rs:235:5
    |
235 |     pub start_time: String,    // HH:MM format
    |     ^^^^^^^^^^^^^^^^^^^^^^

warning: missing documentation for a struct field
   --> src/security/rbac.rs:236:5
    |
236 |     pub end_time: String,      // HH:MM format
    |     ^^^^^^^^^^^^^^^^^^^^

warning: missing documentation for a struct field
   --> src/security/rbac.rs:237:5
    |
237 |     pub days_of_week: Vec<u8>, // 0-6, Monday=0
    |     ^^^^^^^^^^^^^^^^^^^^^^^^^

warning: missing documentation for a struct field
   --> src/security/rbac.rs:238:5
    |
238 |     pub timezone: String,
    |     ^^^^^^^^^^^^^^^^^^^^

warning: missing documentation for an associated function
   --> src/security/rbac.rs:242:5
    |
242 | /     pub async fn new(
243 | |         permission_manager: Arc<PermissionManager>,
244 | |         audit_logger: Arc<EnterpriseAuditLogger>,
245 | |     ) -> Result<Self> {
    | |_____________________^

warning: missing documentation for a struct field
   --> src/security/rbac.rs:923:5
    |
923 |     pub total_users: usize,
    |     ^^^^^^^^^^^^^^^^^^^^^^

warning: missing documentation for a struct field
   --> src/security/rbac.rs:924:5
    |
924 |     pub active_users: usize,
    |     ^^^^^^^^^^^^^^^^^^^^^^^

warning: missing documentation for a struct field
   --> src/security/rbac.rs:925:5
    |
925 |     pub locked_users: usize,
    |     ^^^^^^^^^^^^^^^^^^^^^^^

warning: missing documentation for a struct field
   --> src/security/rbac.rs:926:5
    |
926 |     pub total_roles: usize,
    |     ^^^^^^^^^^^^^^^^^^^^^^

warning: missing documentation for a struct field
   --> src/security/rbac.rs:927:5
    |
927 |     pub active_roles: usize,
    |     ^^^^^^^^^^^^^^^^^^^^^^^

warning: missing documentation for a struct field
   --> src/security/rbac.rs:928:5
    |
928 |     pub total_security_groups: usize,
    |     ^^^^^^^^^^^^^^^^^^^^^^^^^^^^^^^^

warning: missing documentation for a struct field
   --> src/security/rbac.rs:929:5
    |
929 |     pub total_role_assignments: usize,
    |     ^^^^^^^^^^^^^^^^^^^^^^^^^^^^^^^^^

warning: missing documentation for a struct field
   --> src/security/rbac.rs:930:5
    |
930 |     pub pending_approvals: usize,
    |     ^^^^^^^^^^^^^^^^^^^^^^^^^^^^

warning: missing documentation for a struct field
  --> src/security/teams.rs:30:5
   |
30 |     pub id: String,
   |     ^^^^^^^^^^^^^^

warning: missing documentation for a struct field
  --> src/security/teams.rs:31:5
   |
31 |     pub name: String,
   |     ^^^^^^^^^^^^^^^^

warning: missing documentation for a struct field
  --> src/security/teams.rs:32:5
   |
32 |     pub description: String,
   |     ^^^^^^^^^^^^^^^^^^^^^^^

warning: missing documentation for a struct field
  --> src/security/teams.rs:33:5
   |
33 |     pub team_type: TeamType,
   |     ^^^^^^^^^^^^^^^^^^^^^^^

warning: missing documentation for a struct field
  --> src/security/teams.rs:34:5
   |
34 |     pub parent_team: Option<String>,
   |     ^^^^^^^^^^^^^^^^^^^^^^^^^^^^^^^

warning: missing documentation for a struct field
  --> src/security/teams.rs:35:5
   |
35 |     pub child_teams: Vec<String>,
   |     ^^^^^^^^^^^^^^^^^^^^^^^^^^^^

warning: missing documentation for a struct field
  --> src/security/teams.rs:36:5
   |
36 |     pub members: Vec<TeamMember>,
   |     ^^^^^^^^^^^^^^^^^^^^^^^^^^^^

warning: missing documentation for a struct field
  --> src/security/teams.rs:37:5
   |
37 |     pub roles: Vec<TeamRole>,
   |     ^^^^^^^^^^^^^^^^^^^^^^^^

warning: missing documentation for a struct field
  --> src/security/teams.rs:38:5
   |
38 |     pub permissions: TeamPermissions,
   |     ^^^^^^^^^^^^^^^^^^^^^^^^^^^^^^^^

warning: missing documentation for a struct field
  --> src/security/teams.rs:39:5
   |
39 |     pub access_controls: TeamAccess,
   |     ^^^^^^^^^^^^^^^^^^^^^^^^^^^^^^^

warning: missing documentation for a struct field
  --> src/security/teams.rs:40:5
   |
40 |     pub settings: TeamSettings,
   |     ^^^^^^^^^^^^^^^^^^^^^^^^^^

warning: missing documentation for a struct field
  --> src/security/teams.rs:41:5
   |
41 |     pub metadata: HashMap<String, String>,
   |     ^^^^^^^^^^^^^^^^^^^^^^^^^^^^^^^^^^^^^

warning: missing documentation for a struct field
  --> src/security/teams.rs:42:5
   |
42 |     pub created_at: DateTime<Utc>,
   |     ^^^^^^^^^^^^^^^^^^^^^^^^^^^^^

warning: missing documentation for a struct field
  --> src/security/teams.rs:43:5
   |
43 |     pub created_by: String,
   |     ^^^^^^^^^^^^^^^^^^^^^^

warning: missing documentation for a struct field
  --> src/security/teams.rs:44:5
   |
44 |     pub active: bool,
   |     ^^^^^^^^^^^^^^^^

warning: missing documentation for a struct field
  --> src/security/teams.rs:50:5
   |
50 |     pub user_id: String,
   |     ^^^^^^^^^^^^^^^^^^^

warning: missing documentation for a struct field
  --> src/security/teams.rs:51:5
   |
51 |     pub role: String,
   |     ^^^^^^^^^^^^^^^^

warning: missing documentation for a struct field
  --> src/security/teams.rs:52:5
   |
52 |     pub joined_at: DateTime<Utc>,
   |     ^^^^^^^^^^^^^^^^^^^^^^^^^^^^

warning: missing documentation for a struct field
  --> src/security/teams.rs:53:5
   |
53 |     pub invited_by: String,
   |     ^^^^^^^^^^^^^^^^^^^^^^

warning: missing documentation for a struct field
  --> src/security/teams.rs:54:5
   |
54 |     pub status: MemberStatus,
   |     ^^^^^^^^^^^^^^^^^^^^^^^^

warning: missing documentation for a struct field
  --> src/security/teams.rs:55:5
   |
55 |     pub permissions: Vec<String>,
   |     ^^^^^^^^^^^^^^^^^^^^^^^^^^^^

warning: missing documentation for a struct field
  --> src/security/teams.rs:56:5
   |
56 |     pub last_activity: Option<DateTime<Utc>>,
   |     ^^^^^^^^^^^^^^^^^^^^^^^^^^^^^^^^^^^^^^^^

warning: missing documentation for a struct field
  --> src/security/teams.rs:57:5
   |
57 |     pub temporary: bool,
   |     ^^^^^^^^^^^^^^^^^^^

warning: missing documentation for a struct field
  --> src/security/teams.rs:58:5
   |
58 |     pub expires_at: Option<DateTime<Utc>>,
   |     ^^^^^^^^^^^^^^^^^^^^^^^^^^^^^^^^^^^^^

warning: missing documentation for a struct field
  --> src/security/teams.rs:64:5
   |
64 |     pub id: String,
   |     ^^^^^^^^^^^^^^

warning: missing documentation for a struct field
  --> src/security/teams.rs:65:5
   |
65 |     pub name: String,
   |     ^^^^^^^^^^^^^^^^

warning: missing documentation for a struct field
  --> src/security/teams.rs:66:5
   |
66 |     pub description: String,
   |     ^^^^^^^^^^^^^^^^^^^^^^^

warning: missing documentation for a struct field
  --> src/security/teams.rs:67:5
   |
67 |     pub permissions: HashSet<String>,
   |     ^^^^^^^^^^^^^^^^^^^^^^^^^^^^^^^^

warning: missing documentation for a struct field
  --> src/security/teams.rs:68:5
   |
68 |     pub can_invite: bool,
   |     ^^^^^^^^^^^^^^^^^^^^

warning: missing documentation for a struct field
  --> src/security/teams.rs:69:5
   |
69 |     pub can_remove: bool,
   |     ^^^^^^^^^^^^^^^^^^^^

warning: missing documentation for a struct field
  --> src/security/teams.rs:70:5
   |
70 |     pub can_manage_roles: bool,
   |     ^^^^^^^^^^^^^^^^^^^^^^^^^^

warning: missing documentation for a struct field
  --> src/security/teams.rs:71:5
   |
71 |     pub can_manage_settings: bool,
   |     ^^^^^^^^^^^^^^^^^^^^^^^^^^^^^

warning: missing documentation for a struct field
  --> src/security/teams.rs:72:5
   |
72 |     pub inheritance_level: InheritanceLevel,
   |     ^^^^^^^^^^^^^^^^^^^^^^^^^^^^^^^^^^^^^^^

warning: missing documentation for a struct field
  --> src/security/teams.rs:73:5
   |
73 |     pub created_at: DateTime<Utc>,
   |     ^^^^^^^^^^^^^^^^^^^^^^^^^^^^^

warning: missing documentation for a struct field
  --> src/security/teams.rs:79:5
   |
79 |     pub resource_access: HashMap<String, Vec<String>>, // resource_type -> actions
   |     ^^^^^^^^^^^^^^^^^^^^^^^^^^^^^^^^^^^^^^^^^^^^^^^^^

warning: missing documentation for a struct field
  --> src/security/teams.rs:80:5
   |
80 |     pub inherited_permissions: Vec<String>,
   |     ^^^^^^^^^^^^^^^^^^^^^^^^^^^^^^^^^^^^^^

warning: missing documentation for a struct field
  --> src/security/teams.rs:81:5
   |
81 |     pub custom_permissions: Vec<String>,
   |     ^^^^^^^^^^^^^^^^^^^^^^^^^^^^^^^^^^^

warning: missing documentation for a struct field
  --> src/security/teams.rs:82:5
   |
82 |     pub permission_inheritance: bool,
   |     ^^^^^^^^^^^^^^^^^^^^^^^^^^^^^^^^

warning: missing documentation for a struct field
  --> src/security/teams.rs:83:5
   |
83 |     pub override_permissions: HashMap<String, Vec<String>>, // user_id -> permissions
   |     ^^^^^^^^^^^^^^^^^^^^^^^^^^^^^^^^^^^^^^^^^^^^^^^^^^^^^^

warning: missing documentation for a struct field
  --> src/security/teams.rs:89:5
   |
89 |     pub visibility: TeamVisibility,
   |     ^^^^^^^^^^^^^^^^^^^^^^^^^^^^^^

warning: missing documentation for a struct field
  --> src/security/teams.rs:90:5
   |
90 |     pub join_policy: JoinPolicy,
   |     ^^^^^^^^^^^^^^^^^^^^^^^^^^^

warning: missing documentation for a struct field
  --> src/security/teams.rs:91:5
   |
91 |     pub approval_required: bool,
   |     ^^^^^^^^^^^^^^^^^^^^^^^^^^^

warning: missing documentation for a struct field
  --> src/security/teams.rs:92:5
   |
92 |     pub approvers: Vec<String>,
   |     ^^^^^^^^^^^^^^^^^^^^^^^^^^

warning: missing documentation for a struct field
  --> src/security/teams.rs:93:5
   |
93 |     pub ip_restrictions: Vec<String>,
   |     ^^^^^^^^^^^^^^^^^^^^^^^^^^^^^^^^

warning: missing documentation for a struct field
  --> src/security/teams.rs:94:5
   |
94 |     pub time_restrictions: Option<TimeRestriction>,
   |     ^^^^^^^^^^^^^^^^^^^^^^^^^^^^^^^^^^^^^^^^^^^^^^

warning: missing documentation for a struct field
  --> src/security/teams.rs:95:5
   |
95 |     pub max_members: Option<u32>,
   |     ^^^^^^^^^^^^^^^^^^^^^^^^^^^^

warning: missing documentation for a struct field
  --> src/security/teams.rs:96:5
   |
96 |     pub allowed_domains: Vec<String>,
   |     ^^^^^^^^^^^^^^^^^^^^^^^^^^^^^^^^

warning: missing documentation for a struct field
  --> src/security/teams.rs:97:5
   |
97 |     pub blocked_domains: Vec<String>,
   |     ^^^^^^^^^^^^^^^^^^^^^^^^^^^^^^^^

warning: missing documentation for a struct field
   --> src/security/teams.rs:103:5
    |
103 |     pub auto_archive_inactive_days: Option<u32>,
    |     ^^^^^^^^^^^^^^^^^^^^^^^^^^^^^^^^^^^^^^^^^^^

warning: missing documentation for a struct field
   --> src/security/teams.rs:104:5
    |
104 |     pub require_mfa: bool,
    |     ^^^^^^^^^^^^^^^^^^^^^

warning: missing documentation for a struct field
   --> src/security/teams.rs:105:5
    |
105 |     pub session_timeout: Option<u32>,
    |     ^^^^^^^^^^^^^^^^^^^^^^^^^^^^^^^^

warning: missing documentation for a struct field
   --> src/security/teams.rs:106:5
    |
106 |     pub notification_settings: NotificationSettings,
    |     ^^^^^^^^^^^^^^^^^^^^^^^^^^^^^^^^^^^^^^^^^^^^^^^

warning: missing documentation for a struct field
   --> src/security/teams.rs:107:5
    |
107 |     pub integration_settings: HashMap<String, String>,
    |     ^^^^^^^^^^^^^^^^^^^^^^^^^^^^^^^^^^^^^^^^^^^^^^^^^

warning: missing documentation for a struct field
   --> src/security/teams.rs:108:5
    |
108 |     pub custom_fields: HashMap<String, String>,
    |     ^^^^^^^^^^^^^^^^^^^^^^^^^^^^^^^^^^^^^^^^^^

warning: missing documentation for a struct field
   --> src/security/teams.rs:114:5
    |
114 |     pub root_team: String,
    |     ^^^^^^^^^^^^^^^^^^^^^

warning: missing documentation for a struct field
   --> src/security/teams.rs:115:5
    |
115 |     pub levels: HashMap<String, u32>, // team_id -> level
    |     ^^^^^^^^^^^^^^^^^^^^^^^^^^^^^^^^

warning: missing documentation for a struct field
   --> src/security/teams.rs:116:5
    |
116 |     pub parent_child_map: HashMap<String, Vec<String>>, // parent -> children
    |     ^^^^^^^^^^^^^^^^^^^^^^^^^^^^^^^^^^^^^^^^^^^^^^^^^^

warning: missing documentation for a struct field
   --> src/security/teams.rs:117:5
    |
117 |     pub inheritance_rules: Vec<HierarchyInheritanceRule>,
    |     ^^^^^^^^^^^^^^^^^^^^^^^^^^^^^^^^^^^^^^^^^^^^^^^^^^^^

warning: missing documentation for a struct field
   --> src/security/teams.rs:118:5
    |
118 |     pub created_at: DateTime<Utc>,
    |     ^^^^^^^^^^^^^^^^^^^^^^^^^^^^^

warning: missing documentation for a struct field
   --> src/security/teams.rs:119:5
    |
119 |     pub updated_at: DateTime<Utc>,
    |     ^^^^^^^^^^^^^^^^^^^^^^^^^^^^^

warning: missing documentation for a struct field
   --> src/security/teams.rs:125:5
    |
125 |     pub id: String,
    |     ^^^^^^^^^^^^^^

warning: missing documentation for a struct field
   --> src/security/teams.rs:126:5
    |
126 |     pub team_id: String,
    |     ^^^^^^^^^^^^^^^^^^^

warning: missing documentation for a struct field
   --> src/security/teams.rs:127:5
    |
127 |     pub invitee_email: String,
    |     ^^^^^^^^^^^^^^^^^^^^^^^^^

warning: missing documentation for a struct field
   --> src/security/teams.rs:128:5
    |
128 |     pub invitee_user_id: Option<String>,
    |     ^^^^^^^^^^^^^^^^^^^^^^^^^^^^^^^^^^^

warning: missing documentation for a struct field
   --> src/security/teams.rs:129:5
    |
129 |     pub invited_by: String,
    |     ^^^^^^^^^^^^^^^^^^^^^^

warning: missing documentation for a struct field
   --> src/security/teams.rs:130:5
    |
130 |     pub role: String,
    |     ^^^^^^^^^^^^^^^^

warning: missing documentation for a struct field
   --> src/security/teams.rs:131:5
    |
131 |     pub message: Option<String>,
    |     ^^^^^^^^^^^^^^^^^^^^^^^^^^^

warning: missing documentation for a struct field
   --> src/security/teams.rs:132:5
    |
132 |     pub status: InvitationStatus,
    |     ^^^^^^^^^^^^^^^^^^^^^^^^^^^^

warning: missing documentation for a struct field
   --> src/security/teams.rs:133:5
    |
133 |     pub created_at: DateTime<Utc>,
    |     ^^^^^^^^^^^^^^^^^^^^^^^^^^^^^

warning: missing documentation for a struct field
   --> src/security/teams.rs:134:5
    |
134 |     pub expires_at: DateTime<Utc>,
    |     ^^^^^^^^^^^^^^^^^^^^^^^^^^^^^

warning: missing documentation for a struct field
   --> src/security/teams.rs:135:5
    |
135 |     pub accepted_at: Option<DateTime<Utc>>,
    |     ^^^^^^^^^^^^^^^^^^^^^^^^^^^^^^^^^^^^^^

warning: missing documentation for a struct field
   --> src/security/teams.rs:136:5
    |
136 |     pub declined_at: Option<DateTime<Utc>>,
    |     ^^^^^^^^^^^^^^^^^^^^^^^^^^^^^^^^^^^^^^

warning: missing documentation for a struct field
   --> src/security/teams.rs:137:5
    |
137 |     pub permissions: Vec<String>,
    |     ^^^^^^^^^^^^^^^^^^^^^^^^^^^^

warning: missing documentation for a struct field
   --> src/security/teams.rs:138:5
    |
138 |     pub temporary: bool,
    |     ^^^^^^^^^^^^^^^^^^^

warning: missing documentation for a struct field
   --> src/security/teams.rs:139:5
    |
139 |     pub temporary_duration: Option<Duration>,
    |     ^^^^^^^^^^^^^^^^^^^^^^^^^^^^^^^^^^^^^^^^

warning: missing documentation for an enum
   --> src/security/teams.rs:146:1
    |
146 | pub enum TeamType {
    | ^^^^^^^^^^^^^^^^^

warning: missing documentation for a variant
   --> src/security/teams.rs:147:5
    |
147 |     Department,
    |     ^^^^^^^^^^

warning: missing documentation for a variant
   --> src/security/teams.rs:148:5
    |
148 |     Project,
    |     ^^^^^^^

warning: missing documentation for a variant
   --> src/security/teams.rs:149:5
    |
149 |     Functional,
    |     ^^^^^^^^^^

warning: missing documentation for a variant
   --> src/security/teams.rs:150:5
    |
150 |     CrossFunctional,
    |     ^^^^^^^^^^^^^^^

warning: missing documentation for a variant
   --> src/security/teams.rs:151:5
    |
151 |     Temporary,
    |     ^^^^^^^^^

warning: missing documentation for a variant
   --> src/security/teams.rs:152:5
    |
152 |     Virtual,
    |     ^^^^^^^

warning: missing documentation for a variant
   --> src/security/teams.rs:153:5
    |
153 |     External,
    |     ^^^^^^^^

warning: missing documentation for an enum
   --> src/security/teams.rs:158:1
    |
158 | pub enum MemberStatus {
    | ^^^^^^^^^^^^^^^^^^^^^

warning: missing documentation for a variant
   --> src/security/teams.rs:159:5
    |
159 |     Active,
    |     ^^^^^^

warning: missing documentation for a variant
   --> src/security/teams.rs:160:5
    |
160 |     Inactive,
    |     ^^^^^^^^

warning: missing documentation for a variant
   --> src/security/teams.rs:161:5
    |
161 |     Suspended,
    |     ^^^^^^^^^

warning: missing documentation for a variant
   --> src/security/teams.rs:162:5
    |
162 |     PendingInvitation,
    |     ^^^^^^^^^^^^^^^^^

warning: missing documentation for a variant
   --> src/security/teams.rs:163:5
    |
163 |     PendingApproval,
    |     ^^^^^^^^^^^^^^^

warning: missing documentation for an enum
   --> src/security/teams.rs:168:1
    |
168 | pub enum InheritanceLevel {
    | ^^^^^^^^^^^^^^^^^^^^^^^^^

warning: missing documentation for a variant
   --> src/security/teams.rs:169:5
    |
169 |     None,
    |     ^^^^

warning: missing documentation for a variant
   --> src/security/teams.rs:170:5
    |
170 |     Read,
    |     ^^^^

warning: missing documentation for a variant
   --> src/security/teams.rs:171:5
    |
171 |     Partial,
    |     ^^^^^^^

warning: missing documentation for a variant
   --> src/security/teams.rs:172:5
    |
172 |     Full,
    |     ^^^^

warning: missing documentation for a variant
   --> src/security/teams.rs:173:5
    |
173 |     Enhanced,
    |     ^^^^^^^^

warning: missing documentation for an enum
   --> src/security/teams.rs:178:1
    |
178 | pub enum TeamVisibility {
    | ^^^^^^^^^^^^^^^^^^^^^^^

warning: missing documentation for a variant
   --> src/security/teams.rs:179:5
    |
179 |     Public,
    |     ^^^^^^

warning: missing documentation for a variant
   --> src/security/teams.rs:180:5
    |
180 |     Private,
    |     ^^^^^^^

warning: missing documentation for a variant
   --> src/security/teams.rs:181:5
    |
181 |     Internal,
    |     ^^^^^^^^

warning: missing documentation for a variant
   --> src/security/teams.rs:182:5
    |
182 |     Restricted,
    |     ^^^^^^^^^^

warning: missing documentation for an enum
   --> src/security/teams.rs:187:1
    |
187 | pub enum JoinPolicy {
    | ^^^^^^^^^^^^^^^^^^^

warning: missing documentation for a variant
   --> src/security/teams.rs:188:5
    |
188 |     Open,
    |     ^^^^

warning: missing documentation for a variant
   --> src/security/teams.rs:189:5
    |
189 |     InviteOnly,
    |     ^^^^^^^^^^

warning: missing documentation for a variant
   --> src/security/teams.rs:190:5
    |
190 |     RequestApproval,
    |     ^^^^^^^^^^^^^^^

warning: missing documentation for a variant
   --> src/security/teams.rs:191:5
    |
191 |     DomainRestricted,
    |     ^^^^^^^^^^^^^^^^

warning: missing documentation for a variant
   --> src/security/teams.rs:192:5
    |
192 |     AdminOnly,
    |     ^^^^^^^^^

warning: missing documentation for an enum
   --> src/security/teams.rs:197:1
    |
197 | pub enum InvitationStatus {
    | ^^^^^^^^^^^^^^^^^^^^^^^^^

warning: missing documentation for a variant
   --> src/security/teams.rs:198:5
    |
198 |     Pending,
    |     ^^^^^^^

warning: missing documentation for a variant
   --> src/security/teams.rs:199:5
    |
199 |     Accepted,
    |     ^^^^^^^^

warning: missing documentation for a variant
   --> src/security/teams.rs:200:5
    |
200 |     Declined,
    |     ^^^^^^^^

warning: missing documentation for a variant
   --> src/security/teams.rs:201:5
    |
201 |     Expired,
    |     ^^^^^^^

warning: missing documentation for a variant
   --> src/security/teams.rs:202:5
    |
202 |     Cancelled,
    |     ^^^^^^^^^

warning: missing documentation for a struct
   --> src/security/teams.rs:206:1
    |
206 | pub struct TimeRestriction {
    | ^^^^^^^^^^^^^^^^^^^^^^^^^^

warning: missing documentation for a struct field
   --> src/security/teams.rs:207:5
    |
207 |     pub start_time: String,
    |     ^^^^^^^^^^^^^^^^^^^^^^

warning: missing documentation for a struct field
   --> src/security/teams.rs:208:5
    |
208 |     pub end_time: String,
    |     ^^^^^^^^^^^^^^^^^^^^

warning: missing documentation for a struct field
   --> src/security/teams.rs:209:5
    |
209 |     pub days_of_week: Vec<u8>,
    |     ^^^^^^^^^^^^^^^^^^^^^^^^^

warning: missing documentation for a struct field
   --> src/security/teams.rs:210:5
    |
210 |     pub timezone: String,
    |     ^^^^^^^^^^^^^^^^^^^^

warning: missing documentation for a struct
   --> src/security/teams.rs:214:1
    |
214 | pub struct NotificationSettings {
    | ^^^^^^^^^^^^^^^^^^^^^^^^^^^^^^^

warning: missing documentation for a struct field
   --> src/security/teams.rs:215:5
    |
215 |     pub email_notifications: bool,
    |     ^^^^^^^^^^^^^^^^^^^^^^^^^^^^^

warning: missing documentation for a struct field
   --> src/security/teams.rs:216:5
    |
216 |     pub slack_notifications: bool,
    |     ^^^^^^^^^^^^^^^^^^^^^^^^^^^^^

warning: missing documentation for a struct field
   --> src/security/teams.rs:217:5
    |
217 |     pub webhook_url: Option<String>,
    |     ^^^^^^^^^^^^^^^^^^^^^^^^^^^^^^^

warning: missing documentation for a struct field
   --> src/security/teams.rs:218:5
    |
218 |     pub notification_events: Vec<String>,
    |     ^^^^^^^^^^^^^^^^^^^^^^^^^^^^^^^^^^^^

warning: missing documentation for a struct
   --> src/security/teams.rs:222:1
    |
222 | pub struct HierarchyInheritanceRule {
    | ^^^^^^^^^^^^^^^^^^^^^^^^^^^^^^^^^^^

warning: missing documentation for a struct field
   --> src/security/teams.rs:223:5
    |
223 |     pub rule_type: String,
    |     ^^^^^^^^^^^^^^^^^^^^^

warning: missing documentation for a struct field
   --> src/security/teams.rs:224:5
    |
224 |     pub from_level: u32,
    |     ^^^^^^^^^^^^^^^^^^^

warning: missing documentation for a struct field
   --> src/security/teams.rs:225:5
    |
225 |     pub to_level: u32,
    |     ^^^^^^^^^^^^^^^^^

warning: missing documentation for a struct field
   --> src/security/teams.rs:226:5
    |
226 |     pub permissions: Vec<String>,
    |     ^^^^^^^^^^^^^^^^^^^^^^^^^^^^

warning: missing documentation for a struct field
   --> src/security/teams.rs:227:5
    |
227 |     pub conditions: Vec<String>,
    |     ^^^^^^^^^^^^^^^^^^^^^^^^^^^

warning: missing documentation for an associated function
   --> src/security/teams.rs:281:5
    |
281 | /     pub async fn new(
282 | |         rbac_manager: Arc<EnterpriseRbacManager>,
283 | |         audit_logger: Arc<EnterpriseAuditLogger>,
284 | |     ) -> Result<Self> {
    | |_____________________^

warning: missing documentation for a struct field
   --> src/security/teams.rs:798:5
    |
798 |     pub total_teams: usize,
    |     ^^^^^^^^^^^^^^^^^^^^^^

warning: missing documentation for a struct field
   --> src/security/teams.rs:799:5
    |
799 |     pub active_teams: usize,
    |     ^^^^^^^^^^^^^^^^^^^^^^^

warning: missing documentation for a struct field
   --> src/security/teams.rs:800:5
    |
800 |     pub total_members: usize,
    |     ^^^^^^^^^^^^^^^^^^^^^^^^

warning: missing documentation for a struct field
   --> src/security/teams.rs:801:5
    |
801 |     pub active_members: usize,
    |     ^^^^^^^^^^^^^^^^^^^^^^^^^

warning: missing documentation for a struct field
   --> src/security/teams.rs:802:5
    |
802 |     pub pending_invitations: usize,
    |     ^^^^^^^^^^^^^^^^^^^^^^^^^^^^^^

warning: missing documentation for a struct field
   --> src/security/teams.rs:803:5
    |
803 |     pub total_hierarchies: usize,
    |     ^^^^^^^^^^^^^^^^^^^^^^^^^^^^

warning: missing documentation for a struct field
   --> src/security/teams.rs:809:5
    |
809 |     pub expired_memberships: usize,
    |     ^^^^^^^^^^^^^^^^^^^^^^^^^^^^^^

warning: missing documentation for a struct field
   --> src/security/teams.rs:810:5
    |
810 |     pub expired_invitations: usize,
    |     ^^^^^^^^^^^^^^^^^^^^^^^^^^^^^^

warning: missing documentation for a struct field
  --> src/security/trust_dialog.rs:18:5
   |
18 |     pub path: PathBuf,
   |     ^^^^^^^^^^^^^^^^^

warning: missing documentation for a struct field
  --> src/security/trust_dialog.rs:19:5
   |
19 |     pub trusted: bool,
   |     ^^^^^^^^^^^^^^^^^

warning: missing documentation for a struct field
  --> src/security/trust_dialog.rs:20:5
   |
20 |     pub timestamp: DateTime<Utc>,
   |     ^^^^^^^^^^^^^^^^^^^^^^^^^^^^

warning: missing documentation for a struct field
  --> src/security/trust_dialog.rs:21:5
   |
21 |     pub user_id: Option<String>,
   |     ^^^^^^^^^^^^^^^^^^^^^^^^^^^

warning: missing documentation for a struct field
  --> src/security/trust_dialog.rs:22:5
   |
22 |     pub reason: Option<String>,
   |     ^^^^^^^^^^^^^^^^^^^^^^^^^^

warning: missing documentation for a struct field
  --> src/security/trust_dialog.rs:23:5
   |
23 |     pub scope: TrustScope,
   |     ^^^^^^^^^^^^^^^^^^^^^

warning: missing documentation for a struct field
  --> src/security/trust_dialog.rs:24:5
   |
24 |     pub expires_at: Option<DateTime<Utc>>,
   |     ^^^^^^^^^^^^^^^^^^^^^^^^^^^^^^^^^^^^^

warning: missing documentation for a struct field
  --> src/security/trust_dialog.rs:25:5
   |
25 |     pub conditions: Vec<TrustCondition>,
   |     ^^^^^^^^^^^^^^^^^^^^^^^^^^^^^^^^^^^

warning: missing documentation for a module
 --> src/shell/mod.rs:7:1
  |
7 | pub mod completions;
  | ^^^^^^^^^^^^^^^^^^^

warning: missing documentation for a module
 --> src/shell/mod.rs:8:1
  |
8 | pub mod hooks;
  | ^^^^^^^^^^^^^

warning: missing documentation for a module
 --> src/shell/mod.rs:9:1
  |
9 | pub mod setup;
  | ^^^^^^^^^^^^^

warning: missing documentation for a module
  --> src/shell/mod.rs:10:1
   |
10 | pub mod uninstall;
   | ^^^^^^^^^^^^^^^^^

warning: missing documentation for a variant
  --> src/shell/mod.rs:18:5
   |
18 |     Bash,
   |     ^^^^

warning: missing documentation for a variant
  --> src/shell/mod.rs:19:5
   |
19 |     Zsh,
   |     ^^^

warning: missing documentation for a variant
  --> src/shell/mod.rs:20:5
   |
20 |     Fish,
   |     ^^^^

warning: missing documentation for a variant
  --> src/shell/mod.rs:21:5
   |
21 |     PowerShell,
   |     ^^^^^^^^^^

warning: missing documentation for a variant
  --> src/shell/mod.rs:22:5
   |
22 |     Elvish,
   |     ^^^^^^

warning: missing documentation for a struct field
  --> src/shell/mod.rs:64:5
   |
64 |     pub shell: ShellType,
   |     ^^^^^^^^^^^^^^^^^^^^

warning: missing documentation for a struct field
  --> src/shell/mod.rs:65:5
   |
65 |     pub completions_installed: bool,
   |     ^^^^^^^^^^^^^^^^^^^^^^^^^^^^^^^

warning: missing documentation for a struct field
  --> src/shell/mod.rs:66:5
   |
66 |     pub path_configured: bool,
   |     ^^^^^^^^^^^^^^^^^^^^^^^^^

warning: missing documentation for a struct field
  --> src/shell/mod.rs:67:5
   |
67 |     pub hooks_installed: bool,
   |     ^^^^^^^^^^^^^^^^^^^^^^^^^

warning: missing documentation for a struct field
  --> src/shell/mod.rs:68:5
   |
68 |     pub aliases_configured: bool,
   |     ^^^^^^^^^^^^^^^^^^^^^^^^^^^^

warning: missing documentation for a struct field
  --> src/shell/mod.rs:69:5
   |
69 |     pub config_location: Option<PathBuf>,
   |     ^^^^^^^^^^^^^^^^^^^^^^^^^^^^^^^^^^^^

warning: missing documentation for a method
   --> src/shell/mod.rs:292:5
    |
292 |     pub fn get_completions(&self) -> completions::ShellCompletions {
    |     ^^^^^^^^^^^^^^^^^^^^^^^^^^^^^^^^^^^^^^^^^^^^^^^^^^^^^^^^^^^^^^

warning: missing documentation for a method
   --> src/shell/mod.rs:296:5
    |
296 |     pub fn get_setup(&self) -> setup::ShellSetup {
    |     ^^^^^^^^^^^^^^^^^^^^^^^^^^^^^^^^^^^^^^^^^^^^

warning: missing documentation for a method
   --> src/shell/mod.rs:300:5
    |
300 |     pub fn get_hooks(&self) -> hooks::ShellHooks {
    |     ^^^^^^^^^^^^^^^^^^^^^^^^^^^^^^^^^^^^^^^^^^^^

warning: missing documentation for a method
   --> src/shell/mod.rs:304:5
    |
304 |     pub fn get_uninstall(&self) -> uninstall::ShellUninstall {
    |     ^^^^^^^^^^^^^^^^^^^^^^^^^^^^^^^^^^^^^^^^^^^^^^^^^^^^^^^^

warning: missing documentation for a module
 --> src/shell/completions/mod.rs:7:1
  |
7 | pub mod bash;
  | ^^^^^^^^^^^^

warning: missing documentation for a module
 --> src/shell/completions/mod.rs:8:1
  |
8 | pub mod fish;
  | ^^^^^^^^^^^^

warning: missing documentation for a module
 --> src/shell/completions/mod.rs:9:1
  |
9 | pub mod powershell;
  | ^^^^^^^^^^^^^^^^^^

warning: missing documentation for a module
  --> src/shell/completions/mod.rs:10:1
   |
10 | pub mod zsh;
   | ^^^^^^^^^^^

warning: missing documentation for a struct field
  --> src/startup/fast_boot.rs:21:5
   |
21 |     pub total_time: Duration,
   |     ^^^^^^^^^^^^^^^^^^^^^^^^

warning: missing documentation for a struct field
  --> src/startup/fast_boot.rs:22:5
   |
22 |     pub config_load_time: Duration,
   |     ^^^^^^^^^^^^^^^^^^^^^^^^^^^^^^

warning: missing documentation for a struct field
  --> src/startup/fast_boot.rs:23:5
   |
23 |     pub database_init_time: Duration,
   |     ^^^^^^^^^^^^^^^^^^^^^^^^^^^^^^^^

warning: missing documentation for a struct field
  --> src/startup/fast_boot.rs:24:5
   |
24 |     pub binary_load_time: Duration,
   |     ^^^^^^^^^^^^^^^^^^^^^^^^^^^^^^

warning: missing documentation for a struct field
  --> src/startup/fast_boot.rs:25:5
   |
25 |     pub memory_footprint: u64,
   |     ^^^^^^^^^^^^^^^^^^^^^^^^^

warning: missing documentation for a struct field
  --> src/startup/fast_boot.rs:31:5
   |
31 |     pub lazy_load_modules: bool,
   |     ^^^^^^^^^^^^^^^^^^^^^^^^^^^

warning: missing documentation for a struct field
  --> src/startup/fast_boot.rs:32:5
   |
32 |     pub precompile_regexes: bool,
   |     ^^^^^^^^^^^^^^^^^^^^^^^^^^^^

warning: missing documentation for a struct field
  --> src/startup/fast_boot.rs:33:5
   |
33 |     pub memory_map_files: bool,
   |     ^^^^^^^^^^^^^^^^^^^^^^^^^^

warning: missing documentation for a struct field
  --> src/startup/fast_boot.rs:34:5
   |
34 |     pub skip_non_essential: bool,
   |     ^^^^^^^^^^^^^^^^^^^^^^^^^^^^

warning: missing documentation for a struct field
  --> src/startup/fast_boot.rs:35:5
   |
35 |     pub parallel_init: bool,
   |     ^^^^^^^^^^^^^^^^^^^^^^^

warning: missing documentation for an associated function
  --> src/startup/fast_boot.rs:57:5
   |
57 |     pub fn new(config: FastBootConfig) -> Self {
   |     ^^^^^^^^^^^^^^^^^^^^^^^^^^^^^^^^^^^^^^^^^^

warning: missing documentation for an associated function
   --> src/startup/fast_boot.rs:209:9
    |
209 |         pub fn new() -> Self {
    |         ^^^^^^^^^^^^^^^^^^^^

warning: missing documentation for a trait
   --> src/startup/fast_boot.rs:241:5
    |
241 |     pub trait LazyModule: Send + Sync {
    |     ^^^^^^^^^^^^^^^^^^^^^^^^^^^^^^^^^

warning: missing documentation for a method
   --> src/startup/fast_boot.rs:242:9
    |
242 |         async fn initialize(&self) -> Result<()>;
    |         ^^^^^^^^^^^^^^^^^^^^^^^^^^^^^^^^^^^^^^^^^

warning: missing documentation for a method
   --> src/startup/fast_boot.rs:243:9
    |
243 |         fn is_initialized(&self) -> bool;
    |         ^^^^^^^^^^^^^^^^^^^^^^^^^^^^^^^^^

warning: missing documentation for an associated function
   --> src/startup/fast_boot.rs:252:9
    |
252 |         pub fn new() -> Self {
    |         ^^^^^^^^^^^^^^^^^^^^

warning: missing documentation for a method
   --> src/startup/fast_boot.rs:258:9
    |
258 |         pub fn register_module(&self, name: String, module: Box<dyn LazyModule>) {
    |         ^^^^^^^^^^^^^^^^^^^^^^^^^^^^^^^^^^^^^^^^^^^^^^^^^^^^^^^^^^^^^^^^^^^^^^^^

warning: missing documentation for a method
   --> src/startup/fast_boot.rs:263:9
    |
263 |         pub async fn load_module(&self, name: &str) -> Result<()> {
    |         ^^^^^^^^^^^^^^^^^^^^^^^^^^^^^^^^^^^^^^^^^^^^^^^^^^^^^^^^^

warning: missing documentation for an associated function
   --> src/startup/fast_boot.rs:294:9
    |
294 |         pub fn new() -> Self {
    |         ^^^^^^^^^^^^^^^^^^^^

warning: missing documentation for a method
   --> src/startup/fast_boot.rs:321:9
    |
321 |         pub fn get(&self, pattern_name: &str) -> Option<Regex> {
    |         ^^^^^^^^^^^^^^^^^^^^^^^^^^^^^^^^^^^^^^^^^^^^^^^^^^^^^^

warning: missing documentation for a method
   --> src/startup/fast_boot.rs:326:9
    |
326 |         pub fn add_pattern(&self, name: String, pattern: &str) -> Result<()> {
    |         ^^^^^^^^^^^^^^^^^^^^^^^^^^^^^^^^^^^^^^^^^^^^^^^^^^^^^^^^^^^^^^^^^^^^

warning: missing documentation for a function
   --> src/startup/fast_boot.rs:338:5
    |
338 |     pub fn global_regex_cache() -> &'static PrecompiledRegexCache {
    |     ^^^^^^^^^^^^^^^^^^^^^^^^^^^^^^^^^^^^^^^^^^^^^^^^^^^^^^^^^^^^^

warning: missing documentation for a variant
  --> src/subscription/mod.rs:27:5
   |
27 |     Free,
   |     ^^^^

warning: missing documentation for a variant
  --> src/subscription/mod.rs:28:5
   |
28 |     Basic,
   |     ^^^^^

warning: missing documentation for a variant
  --> src/subscription/mod.rs:29:5
   |
29 |     Standard,
   |     ^^^^^^^^

warning: missing documentation for a variant
  --> src/subscription/mod.rs:30:5
   |
30 |     Premium,
   |     ^^^^^^^

warning: missing documentation for a variant
  --> src/subscription/mod.rs:31:5
   |
31 |     Unlimited,
   |     ^^^^^^^^^

warning: missing documentation for a variant
  --> src/subscription/mod.rs:32:5
   |
32 |     Team,
   |     ^^^^

warning: missing documentation for a method
  --> src/subscription/mod.rs:36:5
   |
36 |     pub fn daily_limit(&self) -> u32 {
   |     ^^^^^^^^^^^^^^^^^^^^^^^^^^^^^^^^

warning: missing documentation for a method
  --> src/subscription/mod.rs:47:5
   |
47 |     pub fn monthly_limit(&self) -> u32 {
   |     ^^^^^^^^^^^^^^^^^^^^^^^^^^^^^^^^^^

warning: missing documentation for a method
  --> src/subscription/mod.rs:58:5
   |
58 |     pub fn price(&self) -> &'static str {
   |     ^^^^^^^^^^^^^^^^^^^^^^^^^^^^^^^^^^^

warning: missing documentation for an associated function
  --> src/subscription/mod.rs:69:5
   |
69 |     pub fn from_string(s: &str) -> Self {
   |     ^^^^^^^^^^^^^^^^^^^^^^^^^^^^^^^^^^^

warning: missing documentation for a struct field
  --> src/subscription/mod.rs:99:5
   |
99 |     pub user_id: String,
   |     ^^^^^^^^^^^^^^^^^^^

warning: missing documentation for a struct field
   --> src/subscription/mod.rs:100:5
    |
100 |     pub email: String,
    |     ^^^^^^^^^^^^^^^^^

warning: missing documentation for a struct field
   --> src/subscription/mod.rs:101:5
    |
101 |     pub tier: SubscriptionTier,
    |     ^^^^^^^^^^^^^^^^^^^^^^^^^^

warning: missing documentation for a struct field
   --> src/subscription/mod.rs:102:5
    |
102 |     pub daily_limit: u32,
    |     ^^^^^^^^^^^^^^^^^^^^

warning: missing documentation for a struct field
   --> src/subscription/mod.rs:103:5
    |
103 |     pub monthly_limit: u32,
    |     ^^^^^^^^^^^^^^^^^^^^^^

warning: missing documentation for a struct field
   --> src/subscription/mod.rs:104:5
    |
104 |     pub expires_at: DateTime<Utc>,
    |     ^^^^^^^^^^^^^^^^^^^^^^^^^^^^^

warning: missing documentation for a struct field
   --> src/subscription/mod.rs:105:5
    |
105 |     pub trial_ends_at: Option<DateTime<Utc>>,
    |     ^^^^^^^^^^^^^^^^^^^^^^^^^^^^^^^^^^^^^^^^

warning: missing documentation for a struct field
   --> src/subscription/mod.rs:107:5
    |
107 |     pub features: Vec<String>,
    |     ^^^^^^^^^^^^^^^^^^^^^^^^^

warning: missing documentation for a struct field
   --> src/subscription/mod.rs:108:5
    |
108 |     pub cached_at: DateTime<Utc>,
    |     ^^^^^^^^^^^^^^^^^^^^^^^^^^^^

warning: missing documentation for a struct field
   --> src/subscription/mod.rs:140:5
    |
140 |     pub verified: bool,
    |     ^^^^^^^^^^^^^^^^^^

warning: missing documentation for a struct field
   --> src/subscription/mod.rs:141:5
    |
141 |     pub remaining_conversations: u32,
    |     ^^^^^^^^^^^^^^^^^^^^^^^^^^^^^^^^

warning: missing documentation for a struct field
   --> src/subscription/mod.rs:142:5
    |
142 |     pub usage_updated: bool,
    |     ^^^^^^^^^^^^^^^^^^^^^^^

warning: missing documentation for a struct field
   --> src/subscription/mod.rs:149:5
    |
149 |     pub daily_used: u32,
    |     ^^^^^^^^^^^^^^^^^^^

warning: missing documentation for a struct field
   --> src/subscription/mod.rs:150:5
    |
150 |     pub monthly_used: u32,
    |     ^^^^^^^^^^^^^^^^^^^^^

warning: missing documentation for a struct field
   --> src/subscription/mod.rs:152:5
    |
152 |     pub last_conversation: Option<DateTime<Utc>>,
    |     ^^^^^^^^^^^^^^^^^^^^^^^^^^^^^^^^^^^^^^^^^^^^

warning: missing documentation for a variant
   --> src/subscription/mod.rs:158:5
    |
158 |     Starter, // 25 credits for $3
    |     ^^^^^^^

warning: missing documentation for a variant
   --> src/subscription/mod.rs:159:5
    |
159 |     Value,   // 75 credits for $7
    |     ^^^^^

warning: missing documentation for a variant
   --> src/subscription/mod.rs:160:5
    |
160 |     Power,   // 200 credits for $15
    |     ^^^^^

warning: missing documentation for a method
   --> src/subscription/mod.rs:164:5
    |
164 |     pub fn credits(&self) -> u32 {
    |     ^^^^^^^^^^^^^^^^^^^^^^^^^^^^

warning: missing documentation for a method
   --> src/subscription/mod.rs:172:5
    |
172 |     pub fn price(&self) -> f32 {
    |     ^^^^^^^^^^^^^^^^^^^^^^^^^^

warning: missing documentation for a method
   --> src/subscription/mod.rs:180:5
    |
180 |     pub fn name(&self) -> &'static str {
    |     ^^^^^^^^^^^^^^^^^^^^^^^^^^^^^^^^^^

warning: missing documentation for a variant
   --> src/subscription/mod.rs:192:5
    |
192 |     NoChange,
    |     ^^^^^^^^

warning: missing documentation for a variant
   --> src/subscription/mod.rs:193:5
    |
193 |     Renewed,
    |     ^^^^^^^

warning: missing documentation for a variant
   --> src/subscription/mod.rs:194:5
    |
194 |     Upgraded {
    |     ^^^^^^^^

warning: missing documentation for a struct field
   --> src/subscription/mod.rs:195:9
    |
195 |         from: SubscriptionTier,
    |         ^^^^^^^^^^^^^^^^^^^^^^

warning: missing documentation for a struct field
   --> src/subscription/mod.rs:196:9
    |
196 |         to: SubscriptionTier,
    |         ^^^^^^^^^^^^^^^^^^^^

warning: missing documentation for a variant
   --> src/subscription/mod.rs:198:5
    |
198 |     Downgraded {
    |     ^^^^^^^^^^

warning: missing documentation for a struct field
   --> src/subscription/mod.rs:199:9
    |
199 |         from: SubscriptionTier,
    |         ^^^^^^^^^^^^^^^^^^^^^^

warning: missing documentation for a struct field
   --> src/subscription/mod.rs:200:9
    |
200 |         to: SubscriptionTier,
    |         ^^^^^^^^^^^^^^^^^^^^

warning: missing documentation for a variant
   --> src/subscription/mod.rs:202:5
    |
202 |     Cancelled,
    |     ^^^^^^^^^

warning: missing documentation for a struct field
   --> src/subscription/mod.rs:208:5
    |
208 |     pub username: String,
    |     ^^^^^^^^^^^^^^^^^^^^

warning: missing documentation for a struct field
   --> src/subscription/mod.rs:209:5
    |
209 |     pub tier: SubscriptionTier,
    |     ^^^^^^^^^^^^^^^^^^^^^^^^^^

warning: missing documentation for a struct field
   --> src/subscription/mod.rs:210:5
    |
210 |     pub daily_remaining: u32,
    |     ^^^^^^^^^^^^^^^^^^^^^^^^

warning: missing documentation for a struct field
   --> src/subscription/mod.rs:211:5
    |
211 |     pub daily_limit: u32,
    |     ^^^^^^^^^^^^^^^^^^^^

warning: missing documentation for a struct field
   --> src/subscription/mod.rs:212:5
    |
212 |     pub daily_used: u32,
    |     ^^^^^^^^^^^^^^^^^^^

warning: missing documentation for a struct field
   --> src/subscription/mod.rs:213:5
    |
213 |     pub total_remaining: Option<u32>, // From D1 (includes daily + credits)
    |     ^^^^^^^^^^^^^^^^^^^^^^^^^^^^^^^^

warning: missing documentation for a struct field
   --> src/subscription/mod.rs:214:5
    |
214 |     pub is_trial: bool,
    |     ^^^^^^^^^^^^^^^^^^

warning: missing documentation for a struct field
   --> src/subscription/mod.rs:215:5
    |
215 |     pub average_daily_usage: Option<f32>, // Average since account creation
    |     ^^^^^^^^^^^^^^^^^^^^^^^^^^^^^^^^^^^^

warning: missing documentation for a struct field
   --> src/subscription/mod.rs:216:5
    |
216 |     pub days_active: u32,                 // Days since account creation
    |     ^^^^^^^^^^^^^^^^^^^^

warning: missing documentation for a method
   --> src/subscription/mod.rs:220:5
    |
220 |     pub fn format(&self) -> String {
    |     ^^^^^^^^^^^^^^^^^^^^^^^^^^^^^^

warning: missing documentation for a struct field
   --> src/subscription/conversation_gateway.rs:113:5
    |
113 |     pub conversation_token: String,
    |     ^^^^^^^^^^^^^^^^^^^^^^^^^^^^^^

warning: missing documentation for a struct field
   --> src/subscription/conversation_gateway.rs:114:5
    |
114 |     pub question_hash: String,
    |     ^^^^^^^^^^^^^^^^^^^^^^^^^

warning: missing documentation for a struct field
   --> src/subscription/conversation_gateway.rs:115:5
    |
115 |     pub user_id: String,
    |     ^^^^^^^^^^^^^^^^^^^

warning: missing documentation for a struct field
   --> src/subscription/conversation_gateway.rs:117:5
    |
117 |     pub remaining: Option<u32>,
    |     ^^^^^^^^^^^^^^^^^^^^^^^^^^

warning: missing documentation for a struct field
   --> src/subscription/conversation_gateway.rs:119:5
    |
119 |     pub limit: Option<u32>,
    |     ^^^^^^^^^^^^^^^^^^^^^^

warning: missing documentation for a struct field
   --> src/subscription/conversation_gateway.rs:120:5
    |
120 |     pub expires_at: DateTime<Utc>,
    |     ^^^^^^^^^^^^^^^^^^^^^^^^^^^^^

warning: missing documentation for a struct field
   --> src/subscription/conversation_gateway.rs:126:5
    |
126 |     pub user_id: String,
    |     ^^^^^^^^^^^^^^^^^^^

warning: missing documentation for a struct field
   --> src/subscription/conversation_gateway.rs:127:5
    |
127 |     pub email: String,
    |     ^^^^^^^^^^^^^^^^^

warning: missing documentation for a struct field
   --> src/subscription/conversation_gateway.rs:128:5
    |
128 |     pub tier: String,
    |     ^^^^^^^^^^^^^^^^

warning: missing documentation for a struct field
   --> src/subscription/conversation_gateway.rs:129:5
    |
129 |     pub daily_limit: u32,
    |     ^^^^^^^^^^^^^^^^^^^^

warning: missing documentation for a struct field
   --> src/subscription/conversation_gateway.rs:130:5
    |
130 |     pub features: Vec<String>,
    |     ^^^^^^^^^^^^^^^^^^^^^^^^^

warning: missing documentation for a struct field
   --> src/subscription/conversation_gateway.rs:131:5
    |
131 |     pub is_valid: bool,
    |     ^^^^^^^^^^^^^^^^^^

warning: missing documentation for a variant
   --> src/subscription/conversation_gateway.rs:207:5
    |
207 |     AuthenticationFailed(String),
    |     ^^^^^^^^^^^^^^^^^^^^

warning: missing documentation for a variant
   --> src/subscription/conversation_gateway.rs:210:5
    |
210 |     UsageLimitExceeded {
    |     ^^^^^^^^^^^^^^^^^^

warning: missing documentation for a struct field
   --> src/subscription/conversation_gateway.rs:211:9
    |
211 |         used: u32,
    |         ^^^^^^^^^

warning: missing documentation for a struct field
   --> src/subscription/conversation_gateway.rs:212:9
    |
212 |         limit: u32,
    |         ^^^^^^^^^^

warning: missing documentation for a struct field
   --> src/subscription/conversation_gateway.rs:213:9
    |
213 |         plan: String,
    |         ^^^^^^^^^^^^

warning: missing documentation for a struct field
   --> src/subscription/conversation_gateway.rs:214:9
    |
214 |         user: Option<String>,
    |         ^^^^^^^^^^^^^^^^^^^^

warning: missing documentation for a variant
   --> src/subscription/conversation_gateway.rs:218:5
    |
218 |     NetworkError(String),
    |     ^^^^^^^^^^^^

warning: missing documentation for a variant
   --> src/subscription/conversation_gateway.rs:221:5
    |
221 |     InvalidResponse(String),
    |     ^^^^^^^^^^^^^^^

warning: missing documentation for an associated function
   --> src/subscription/conversation_gateway.rs:231:5
    |
231 |     pub fn new() -> Result<Self> {
    |     ^^^^^^^^^^^^^^^^^^^^^^^^^^^^

warning: missing documentation for a struct field
  --> src/subscription/reminder.rs:15:5
   |
15 |     pub user_id: String,
   |     ^^^^^^^^^^^^^^^^^^^

warning: missing documentation for a struct field
  --> src/subscription/reminder.rs:16:5
   |
16 |     pub email: String,
   |     ^^^^^^^^^^^^^^^^^

warning: missing documentation for a struct field
  --> src/subscription/reminder.rs:17:5
   |
17 |     pub expires_at: DateTime<Utc>,
   |     ^^^^^^^^^^^^^^^^^^^^^^^^^^^^^

warning: missing documentation for a struct field
  --> src/subscription/reminder.rs:18:5
   |
18 |     pub reminder_sent: HashSet<u8>, // Track 3, 2, 1 day reminders
   |     ^^^^^^^^^^^^^^^^^^^^^^^^^^^^^^

warning: missing documentation for a struct field
  --> src/subscription/reminder.rs:19:5
   |
19 |     pub last_checked: DateTime<Utc>,
   |     ^^^^^^^^^^^^^^^^^^^^^^^^^^^^^^^

warning: missing documentation for an associated function
  --> src/subscription/reminder.rs:29:5
   |
29 |     pub fn new() -> Self {
   |     ^^^^^^^^^^^^^^^^^^^^

warning: missing documentation for an associated function
  --> src/subscription/reminder.rs:96:5
   |
96 |     pub fn new(config_dir: PathBuf) -> Self {
   |     ^^^^^^^^^^^^^^^^^^^^^^^^^^^^^^^^^^^^^^^

warning: missing documentation for a struct field
  --> src/subscription/usage_tracker.rs:14:5
   |
14 |     pub notification_type: NotificationType,
   |     ^^^^^^^^^^^^^^^^^^^^^^^^^^^^^^^^^^^^^^^

warning: missing documentation for a struct field
  --> src/subscription/usage_tracker.rs:15:5
   |
15 |     pub title: String,
   |     ^^^^^^^^^^^^^^^^^

warning: missing documentation for a struct field
  --> src/subscription/usage_tracker.rs:16:5
   |
16 |     pub message: String,
   |     ^^^^^^^^^^^^^^^^^^^

warning: missing documentation for a struct field
  --> src/subscription/usage_tracker.rs:17:5
   |
17 |     pub action: Option<NotificationAction>,
   |     ^^^^^^^^^^^^^^^^^^^^^^^^^^^^^^^^^^^^^^

warning: missing documentation for an enum
  --> src/subscription/usage_tracker.rs:21:1
   |
21 | pub enum NotificationType {
   | ^^^^^^^^^^^^^^^^^^^^^^^^^

warning: missing documentation for a variant
  --> src/subscription/usage_tracker.rs:22:5
   |
22 |     Info,
   |     ^^^^

warning: missing documentation for a variant
  --> src/subscription/usage_tracker.rs:23:5
   |
23 |     Warning,
   |     ^^^^^^^

warning: missing documentation for a variant
  --> src/subscription/usage_tracker.rs:24:5
   |
24 |     Critical,
   |     ^^^^^^^^

warning: missing documentation for a variant
  --> src/subscription/usage_tracker.rs:25:5
   |
25 |     Blocked,
   |     ^^^^^^^

warning: missing documentation for a struct
  --> src/subscription/usage_tracker.rs:29:1
   |
29 | pub struct NotificationAction {
   | ^^^^^^^^^^^^^^^^^^^^^^^^^^^^^

warning: missing documentation for a struct field
  --> src/subscription/usage_tracker.rs:30:5
   |
30 |     pub label: String,
   |     ^^^^^^^^^^^^^^^^^

warning: missing documentation for a struct field
  --> src/subscription/usage_tracker.rs:31:5
   |
31 |     pub url: String,
   |     ^^^^^^^^^^^^^^^

warning: missing documentation for an associated function
  --> src/subscription/usage_tracker.rs:42:5
   |
42 |     pub fn new(config_dir: PathBuf) -> Self {
   |     ^^^^^^^^^^^^^^^^^^^^^^^^^^^^^^^^^^^^^^^

warning: missing documentation for an associated function
  --> src/transformation/applier.rs:24:5
   |
24 | /     pub fn new(
25 | |         history: Arc<Mutex<TransformationHistory>>,
26 | |         parser: Arc<Mutex<crate::analysis::TreeSitterParser>>,
27 | |     ) -> Self {
   | |_____________^

warning: missing documentation for an associated function
  --> src/transformation/conflict.rs:14:5
   |
14 |     pub fn new() -> Self {
   |     ^^^^^^^^^^^^^^^^^^^^

warning: missing documentation for a struct field
  --> src/transformation/history.rs:16:5
   |
16 |     pub id: String,
   |     ^^^^^^^^^^^^^^

warning: missing documentation for a struct field
  --> src/transformation/history.rs:17:5
   |
17 |     pub transformation_id: String,
   |     ^^^^^^^^^^^^^^^^^^^^^^^^^^^^^

warning: missing documentation for a struct field
  --> src/transformation/history.rs:18:5
   |
18 |     pub timestamp: DateTime<Utc>,
   |     ^^^^^^^^^^^^^^^^^^^^^^^^^^^^

warning: missing documentation for a struct field
  --> src/transformation/history.rs:19:5
   |
19 |     pub applied: bool,
   |     ^^^^^^^^^^^^^^^^^

warning: missing documentation for a struct field
  --> src/transformation/history.rs:20:5
   |
20 |     pub files_backup: Vec<FileBackup>,
   |     ^^^^^^^^^^^^^^^^^^^^^^^^^^^^^^^^^

warning: missing documentation for a struct field
  --> src/transformation/history.rs:26:5
   |
26 |     pub file_path: PathBuf,
   |     ^^^^^^^^^^^^^^^^^^^^^^

warning: missing documentation for a struct field
  --> src/transformation/history.rs:27:5
   |
27 |     pub original_content: String,
   |     ^^^^^^^^^^^^^^^^^^^^^^^^^^^^

warning: missing documentation for a struct field
  --> src/transformation/history.rs:28:5
   |
28 |     pub new_content: String,
   |     ^^^^^^^^^^^^^^^^^^^^^^^

warning: missing documentation for a struct field
  --> src/transformation/history.rs:29:5
   |
29 |     pub checksum: String,
   |     ^^^^^^^^^^^^^^^^^^^^

warning: missing documentation for a struct field
  --> src/transformation/history.rs:39:5
   |
39 |     pub max_history: usize,
   |     ^^^^^^^^^^^^^^^^^^^^^^

warning: missing documentation for a struct field
  --> src/transformation/operations.rs:17:14
   |
17 |     Insert { position: usize, content: String },
   |              ^^^^^^^^^^^^^^^

warning: missing documentation for a struct field
  --> src/transformation/operations.rs:17:31
   |
17 |     Insert { position: usize, content: String },
   |                               ^^^^^^^^^^^^^^^

warning: missing documentation for a struct field
  --> src/transformation/operations.rs:19:14
   |
19 |     Delete { position: usize, length: usize },
   |              ^^^^^^^^^^^^^^^

warning: missing documentation for a struct field
  --> src/transformation/operations.rs:19:31
   |
19 |     Delete { position: usize, length: usize },
   |                               ^^^^^^^^^^^^^

warning: missing documentation for a struct field
  --> src/transformation/operations.rs:22:9
   |
22 |         position: usize,
   |         ^^^^^^^^^^^^^^^

warning: missing documentation for a struct field
  --> src/transformation/operations.rs:23:9
   |
23 |         length: usize,
   |         ^^^^^^^^^^^^^

warning: missing documentation for a struct field
  --> src/transformation/operations.rs:24:9
   |
24 |         content: String,
   |         ^^^^^^^^^^^^^^^

warning: missing documentation for an associated function
  --> src/transformation/preview.rs:14:5
   |
14 |     pub fn new() -> Self {
   |     ^^^^^^^^^^^^^^^^^^^^

warning: missing documentation for a function
   --> src/transformation/simple_engine.rs:275:1
    |
275 | / pub async fn simple_generate_preview(
276 | |     transformation: &Transformation,
277 | | ) -> Result<TransformationPreview> {
    | |__________________________________^

warning: missing documentation for an associated function
  --> src/transformation/syntax.rs:15:5
   |
15 |     pub fn new(parser: Arc<Mutex<TreeSitterParser>>) -> Self {
   |     ^^^^^^^^^^^^^^^^^^^^^^^^^^^^^^^^^^^^^^^^^^^^^^^^^^^^^^^^

warning: missing documentation for a struct field
  --> src/transformation/types.rs:78:5
   |
78 |     pub file_path: PathBuf,
   |     ^^^^^^^^^^^^^^^^^^^^^^

warning: missing documentation for a struct field
  --> src/transformation/types.rs:79:5
   |
79 |     pub unified_diff: String,
   |     ^^^^^^^^^^^^^^^^^^^^^^^^

warning: missing documentation for a struct field
  --> src/transformation/types.rs:80:5
   |
80 |     pub additions: usize,
   |     ^^^^^^^^^^^^^^^^^^^^

warning: missing documentation for a struct field
  --> src/transformation/types.rs:81:5
   |
81 |     pub deletions: usize,
   |     ^^^^^^^^^^^^^^^^^^^^

warning: missing documentation for an enum
   --> src/transformation/types.rs:100:1
    |
100 | pub enum RiskLevel {
    | ^^^^^^^^^^^^^^^^^^

warning: missing documentation for a variant
   --> src/transformation/types.rs:101:5
    |
101 |     Low,
    |     ^^^

warning: missing documentation for a variant
   --> src/transformation/types.rs:102:5
    |
102 |     Medium,
    |     ^^^^^^

warning: missing documentation for a variant
   --> src/transformation/types.rs:103:5
    |
103 |     High,
    |     ^^^^

warning: missing documentation for a struct field
   --> src/transformation/types.rs:109:5
    |
109 |     pub file_path: PathBuf,
    |     ^^^^^^^^^^^^^^^^^^^^^^

warning: missing documentation for a struct field
   --> src/transformation/types.rs:110:5
    |
110 |     pub conflict_type: ConflictType,
    |     ^^^^^^^^^^^^^^^^^^^^^^^^^^^^^^^

warning: missing documentation for a struct field
   --> src/transformation/types.rs:111:5
    |
111 |     pub description: String,
    |     ^^^^^^^^^^^^^^^^^^^^^^^

warning: missing documentation for a struct field
   --> src/transformation/types.rs:112:5
    |
112 |     pub resolution_options: Vec<ResolutionOption>,
    |     ^^^^^^^^^^^^^^^^^^^^^^^^^^^^^^^^^^^^^^^^^^^^^

warning: missing documentation for an enum
   --> src/transformation/types.rs:116:1
    |
116 | pub enum ConflictType {
    | ^^^^^^^^^^^^^^^^^^^^^

warning: missing documentation for a struct
   --> src/transformation/types.rs:128:1
    |
128 | pub struct ResolutionOption {
    | ^^^^^^^^^^^^^^^^^^^^^^^^^^^

warning: missing documentation for a struct field
   --> src/transformation/types.rs:129:5
    |
129 |     pub name: String,
    |     ^^^^^^^^^^^^^^^^

warning: missing documentation for a struct field
   --> src/transformation/types.rs:130:5
    |
130 |     pub description: String,
    |     ^^^^^^^^^^^^^^^^^^^^^^^

warning: missing documentation for a struct field
   --> src/transformation/types.rs:131:5
    |
131 |     pub action: ResolutionAction,
    |     ^^^^^^^^^^^^^^^^^^^^^^^^^^^^

warning: missing documentation for an enum
   --> src/transformation/types.rs:135:1
    |
135 | pub enum ResolutionAction {
    | ^^^^^^^^^^^^^^^^^^^^^^^^^

warning: missing documentation for a struct field
   --> src/transformation/validation.rs:390:5
    |
390 |     pub valid: bool,
    |     ^^^^^^^^^^^^^^^

warning: missing documentation for a struct field
   --> src/transformation/validation.rs:391:5
    |
391 |     pub errors: Vec<String>,
    |     ^^^^^^^^^^^^^^^^^^^^^^^

warning: missing documentation for a struct field
   --> src/transformation/validation.rs:392:5
    |
392 |     pub warnings: Vec<String>,
    |     ^^^^^^^^^^^^^^^^^^^^^^^^^

warning: missing documentation for a struct field
   --> src/transformation/validation.rs:393:5
    |
393 |     pub syntax_checks: Vec<SyntaxCheck>,
    |     ^^^^^^^^^^^^^^^^^^^^^^^^^^^^^^^^^^^

warning: missing documentation for a struct field
   --> src/transformation/validation.rs:394:5
    |
394 |     pub security_checks: Vec<SecurityCheck>,
    |     ^^^^^^^^^^^^^^^^^^^^^^^^^^^^^^^^^^^^^^^

warning: missing documentation for a struct
   --> src/transformation/validation.rs:398:1
    |
398 | pub struct SyntaxCheck {
    | ^^^^^^^^^^^^^^^^^^^^^^

warning: missing documentation for a struct field
   --> src/transformation/validation.rs:399:5
    |
399 |     pub file_path: PathBuf,
    |     ^^^^^^^^^^^^^^^^^^^^^^

warning: missing documentation for a struct field
   --> src/transformation/validation.rs:400:5
    |
400 |     pub passed: bool,
    |     ^^^^^^^^^^^^^^^^

warning: missing documentation for a struct field
   --> src/transformation/validation.rs:401:5
    |
401 |     pub errors: Vec<String>,
    |     ^^^^^^^^^^^^^^^^^^^^^^^

warning: missing documentation for a struct
   --> src/transformation/validation.rs:405:1
    |
405 | pub struct SecurityCheck {
    | ^^^^^^^^^^^^^^^^^^^^^^^^

warning: missing documentation for a struct field
   --> src/transformation/validation.rs:406:5
    |
406 |     pub file_path: PathBuf,
    |     ^^^^^^^^^^^^^^^^^^^^^^

warning: missing documentation for a struct field
   --> src/transformation/validation.rs:407:5
    |
407 |     pub passed: bool,
    |     ^^^^^^^^^^^^^^^^

warning: missing documentation for a struct field
   --> src/transformation/validation.rs:408:5
    |
408 |     pub message: String,
    |     ^^^^^^^^^^^^^^^^^^^

warning: missing documentation for a module
  --> src/tui/mod.rs:19:1
   |
19 | pub mod formatting;
   | ^^^^^^^^^^^^^^^^^^

warning: missing documentation for a variant
  --> src/tui/accessibility/mod.rs:72:5
   |
72 |     None,
   |     ^^^^

warning: missing documentation for a variant
  --> src/tui/accessibility/mod.rs:73:5
   |
73 |     Focused,
   |     ^^^^^^^

warning: missing documentation for a variant
  --> src/tui/accessibility/mod.rs:74:5
   |
74 |     Active,
   |     ^^^^^^

warning: missing documentation for a variant
  --> src/tui/accessibility/mod.rs:75:5
   |
75 |     Disabled,
   |     ^^^^^^^^

warning: missing documentation for a variant
   --> src/tui/accessibility/mod.rs:377:5
    |
377 |     ScreenReader,
    |     ^^^^^^^^^^^^

warning: missing documentation for a variant
   --> src/tui/accessibility/mod.rs:378:5
    |
378 |     HighContrast,
    |     ^^^^^^^^^^^^

warning: missing documentation for a variant
   --> src/tui/accessibility/mod.rs:379:5
    |
379 |     ReduceMotion,
    |     ^^^^^^^^^^^^

warning: missing documentation for a variant
   --> src/tui/accessibility/mod.rs:380:5
    |
380 |     KeyboardOnly,
    |     ^^^^^^^^^^^^

warning: missing documentation for a variant
   --> src/tui/accessibility/mod.rs:381:5
    |
381 |     AudioFeedback,
    |     ^^^^^^^^^^^^^

warning: missing documentation for a variant
   --> src/tui/accessibility/mod.rs:382:5
    |
382 |     FocusIndicators,
    |     ^^^^^^^^^^^^^^^

warning: missing documentation for a variant
   --> src/tui/accessibility/mod.rs:388:5
    |
388 |     Low,
    |     ^^^

warning: missing documentation for a variant
   --> src/tui/accessibility/mod.rs:389:5
    |
389 |     Medium,
    |     ^^^^^^

warning: missing documentation for a variant
   --> src/tui/accessibility/mod.rs:390:5
    |
390 |     High,
    |     ^^^^

warning: missing documentation for a variant
   --> src/tui/accessibility/mod.rs:391:5
    |
391 |     Critical,
    |     ^^^^^^^^

warning: missing documentation for a variant
   --> src/tui/accessibility/mod.rs:397:5
    |
397 |     Success,
    |     ^^^^^^^

warning: missing documentation for a variant
   --> src/tui/accessibility/mod.rs:398:5
    |
398 |     Error,
    |     ^^^^^

warning: missing documentation for a variant
   --> src/tui/accessibility/mod.rs:399:5
    |
399 |     Warning,
    |     ^^^^^^^

warning: missing documentation for a variant
   --> src/tui/accessibility/mod.rs:400:5
    |
400 |     Navigation,
    |     ^^^^^^^^^^

warning: missing documentation for a variant
   --> src/tui/accessibility/mod.rs:401:5
    |
401 |     Selection,
    |     ^^^^^^^^^

warning: missing documentation for a variant
   --> src/tui/accessibility/mod.rs:402:5
    |
402 |     Notification,
    |     ^^^^^^^^^^^^

warning: missing documentation for a method
   --> src/tui/accessibility/mod.rs:440:5
    |
440 |     pub fn is_compliant(&self) -> bool {
    |     ^^^^^^^^^^^^^^^^^^^^^^^^^^^^^^^^^^

warning: missing documentation for a method
   --> src/tui/accessibility/mod.rs:444:5
    |
444 |     pub fn level(&self) -> &ComplianceLevel {
    |     ^^^^^^^^^^^^^^^^^^^^^^^^^^^^^^^^^^^^^^^

warning: missing documentation for a method
   --> src/tui/accessibility/mod.rs:448:5
    |
448 |     pub fn checks(&self) -> &[ComplianceCheck] {
    |     ^^^^^^^^^^^^^^^^^^^^^^^^^^^^^^^^^^^^^^^^^^

warning: missing documentation for a method
   --> src/tui/accessibility/mod.rs:452:5
    |
452 |     pub fn summary(&self) -> String {
    |     ^^^^^^^^^^^^^^^^^^^^^^^^^^^^^^^

warning: missing documentation for a struct field
  --> src/tui/accessibility/keyboard.rs:18:5
   |
18 |     pub key_code: KeyCode,
   |     ^^^^^^^^^^^^^^^^^^^^^

warning: missing documentation for a struct field
  --> src/tui/accessibility/keyboard.rs:19:5
   |
19 |     pub modifiers: KeyModifiers,
   |     ^^^^^^^^^^^^^^^^^^^^^^^^^^^

warning: missing documentation for a struct field
  --> src/tui/accessibility/keyboard.rs:20:5
   |
20 |     pub action: String,
   |     ^^^^^^^^^^^^^^^^^^

warning: missing documentation for a struct field
  --> src/tui/accessibility/keyboard.rs:21:5
   |
21 |     pub description: String,
   |     ^^^^^^^^^^^^^^^^^^^^^^^

warning: missing documentation for a variant
  --> src/tui/accessibility/keyboard.rs:27:5
   |
27 |     Next,
   |     ^^^^

warning: missing documentation for a variant
  --> src/tui/accessibility/keyboard.rs:28:5
   |
28 |     Previous,
   |     ^^^^^^^^

warning: missing documentation for a variant
  --> src/tui/accessibility/keyboard.rs:29:5
   |
29 |     First,
   |     ^^^^^

warning: missing documentation for a variant
  --> src/tui/accessibility/keyboard.rs:30:5
   |
30 |     Last,
   |     ^^^^

warning: missing documentation for a variant
  --> src/tui/accessibility/keyboard.rs:31:5
   |
31 |     Up,
   |     ^^

warning: missing documentation for a variant
  --> src/tui/accessibility/keyboard.rs:32:5
   |
32 |     Down,
   |     ^^^^

warning: missing documentation for a variant
  --> src/tui/accessibility/keyboard.rs:33:5
   |
33 |     Left,
   |     ^^^^

warning: missing documentation for a variant
  --> src/tui/accessibility/keyboard.rs:34:5
   |
34 |     Right,
   |     ^^^^^

warning: missing documentation for a struct field
  --> src/tui/accessibility/screen_reader.rs:29:5
   |
29 |     pub role: String,
   |     ^^^^^^^^^^^^^^^^

warning: missing documentation for a struct field
  --> src/tui/accessibility/screen_reader.rs:30:5
   |
30 |     pub name: String,
   |     ^^^^^^^^^^^^^^^^

warning: missing documentation for a struct field
  --> src/tui/accessibility/screen_reader.rs:31:5
   |
31 |     pub description: Option<String>,
   |     ^^^^^^^^^^^^^^^^^^^^^^^^^^^^^^^

warning: missing documentation for a struct field
  --> src/tui/accessibility/screen_reader.rs:32:5
   |
32 |     pub state: FocusState,
   |     ^^^^^^^^^^^^^^^^^^^^^

warning: missing documentation for a struct field
  --> src/tui/accessibility/screen_reader.rs:33:5
   |
33 |     pub value: Option<String>,
   |     ^^^^^^^^^^^^^^^^^^^^^^^^^

warning: missing documentation for a struct field
  --> src/tui/accessibility/screen_reader.rs:34:5
   |
34 |     pub position: Option<(usize, usize)>, // (current, total)
   |     ^^^^^^^^^^^^^^^^^^^^^^^^^^^^^^^^^^^^

warning: missing documentation for a variant
  --> src/tui/advanced/mod.rs:69:5
   |
69 |     Explorer,
   |     ^^^^^^^^

warning: missing documentation for a variant
  --> src/tui/advanced/mod.rs:70:5
   |
70 |     Editor,
   |     ^^^^^^

warning: missing documentation for a variant
  --> src/tui/advanced/mod.rs:71:5
   |
71 |     Terminal,
   |     ^^^^^^^^

warning: missing documentation for a variant
  --> src/tui/advanced/mod.rs:72:5
   |
72 |     ConsensusProgress,
   |     ^^^^^^^^^^^^^^^^^

warning: missing documentation for a variant
  --> src/tui/advanced/mod.rs:73:5
   |
73 |     Problems,
   |     ^^^^^^^^

warning: missing documentation for a variant
  --> src/tui/advanced/consensus.rs:55:5
   |
55 |     Idle,
   |     ^^^^

warning: missing documentation for a variant
  --> src/tui/advanced/consensus.rs:56:5
   |
56 |     Processing,
   |     ^^^^^^^^^^

warning: missing documentation for a variant
  --> src/tui/advanced/consensus.rs:57:5
   |
57 |     Completed,
   |     ^^^^^^^^^

warning: missing documentation for a variant
  --> src/tui/advanced/consensus.rs:58:5
   |
58 |     Error(String),
   |     ^^^^^

warning: missing documentation for a variant
  --> src/tui/advanced/consensus.rs:64:5
   |
64 |     Chat,
   |     ^^^^

warning: missing documentation for a variant
  --> src/tui/advanced/consensus.rs:65:5
   |
65 |     Analysis,
   |     ^^^^^^^^

warning: missing documentation for a variant
  --> src/tui/advanced/consensus.rs:66:5
   |
66 |     Planning,
   |     ^^^^^^^^

warning: missing documentation for a variant
  --> src/tui/advanced/consensus.rs:67:5
   |
67 |     Memory,
   |     ^^^^^^

warning: missing documentation for a variant
  --> src/tui/advanced/consensus.rs:68:5
   |
68 |     Metrics,
   |     ^^^^^^^

warning: missing documentation for a variant
  --> src/tui/advanced/consensus.rs:95:5
   |
95 |     Generator,
   |     ^^^^^^^^^

warning: missing documentation for a variant
  --> src/tui/advanced/consensus.rs:96:5
   |
96 |     Refiner,
   |     ^^^^^^^

warning: missing documentation for a variant
  --> src/tui/advanced/consensus.rs:97:5
   |
97 |     Validator,
   |     ^^^^^^^^^

warning: missing documentation for a variant
  --> src/tui/advanced/consensus.rs:98:5
   |
98 |     Curator,
   |     ^^^^^^^

warning: missing documentation for a variant
  --> src/tui/advanced/consensus.rs:99:5
   |
99 |     Complete,
   |     ^^^^^^^^

warning: missing documentation for a variant
   --> src/tui/advanced/consensus.rs:120:5
    |
120 |     User,
    |     ^^^^

warning: missing documentation for a variant
   --> src/tui/advanced/consensus.rs:121:5
    |
121 |     Generator,
    |     ^^^^^^^^^

warning: missing documentation for a variant
   --> src/tui/advanced/consensus.rs:122:5
    |
122 |     Refiner,
    |     ^^^^^^^

warning: missing documentation for a variant
   --> src/tui/advanced/consensus.rs:123:5
    |
123 |     Validator,
    |     ^^^^^^^^^

warning: missing documentation for a variant
   --> src/tui/advanced/consensus.rs:124:5
    |
124 |     Curator,
    |     ^^^^^^^

warning: missing documentation for a variant
   --> src/tui/advanced/consensus.rs:125:5
    |
125 |     System,
    |     ^^^^^^

warning: missing documentation for a variant
   --> src/tui/advanced/consensus.rs:126:5
    |
126 |     Error,
    |     ^^^^^

warning: missing documentation for a variant
   --> src/tui/advanced/consensus.rs:175:5
    |
175 |     Pending,
    |     ^^^^^^^

warning: missing documentation for a variant
   --> src/tui/advanced/consensus.rs:176:5
    |
176 |     InProgress,
    |     ^^^^^^^^^^

warning: missing documentation for a variant
   --> src/tui/advanced/consensus.rs:177:5
    |
177 |     Completed,
    |     ^^^^^^^^^

warning: missing documentation for a variant
   --> src/tui/advanced/consensus.rs:178:5
    |
178 |     Failed,
    |     ^^^^^^

warning: missing documentation for a variant
   --> src/tui/advanced/consensus.rs:179:5
    |
179 |     Blocked,
    |     ^^^^^^^

warning: missing documentation for a variant
   --> src/tui/advanced/consensus.rs:196:5
    |
196 |     Sequential,
    |     ^^^^^^^^^^

warning: missing documentation for a variant
   --> src/tui/advanced/consensus.rs:197:5
    |
197 |     Parallel,
    |     ^^^^^^^^

warning: missing documentation for a variant
   --> src/tui/advanced/consensus.rs:198:5
    |
198 |     Conditional,
    |     ^^^^^^^^^^^

warning: missing documentation for a variant
   --> src/tui/advanced/consensus.rs:199:5
    |
199 |     Resource,
    |     ^^^^^^^^

warning: missing documentation for a variant
   --> src/tui/advanced/consensus.rs:218:5
    |
218 |     Low,
    |     ^^^

warning: missing documentation for a variant
   --> src/tui/advanced/consensus.rs:219:5
    |
219 |     Medium,
    |     ^^^^^^

warning: missing documentation for a variant
   --> src/tui/advanced/consensus.rs:220:5
    |
220 |     High,
    |     ^^^^

warning: missing documentation for a variant
   --> src/tui/advanced/consensus.rs:221:5
    |
221 |     Critical,
    |     ^^^^^^^^

warning: missing documentation for a variant
   --> src/tui/advanced/consensus.rs:253:5
    |
253 |     Thematic,
    |     ^^^^^^^^

warning: missing documentation for a variant
   --> src/tui/advanced/consensus.rs:254:5
    |
254 |     Temporal,
    |     ^^^^^^^^

warning: missing documentation for a variant
   --> src/tui/advanced/consensus.rs:255:5
    |
255 |     Semantic,
    |     ^^^^^^^^

warning: missing documentation for a variant
   --> src/tui/advanced/consensus.rs:256:5
    |
256 |     Contextual,
    |     ^^^^^^^^^^

warning: missing documentation for a variant
  --> src/tui/advanced/dialogs.rs:18:5
   |
18 |     About,
   |     ^^^^^

warning: missing documentation for a variant
  --> src/tui/advanced/dialogs.rs:19:5
   |
19 |     Welcome,
   |     ^^^^^^^

warning: missing documentation for a variant
  --> src/tui/advanced/dialogs.rs:20:5
   |
20 |     FilePicker,
   |     ^^^^^^^^^^

warning: missing documentation for a variant
  --> src/tui/advanced/dialogs.rs:21:5
   |
21 |     SaveAs,
   |     ^^^^^^

warning: missing documentation for a variant
  --> src/tui/advanced/dialogs.rs:22:5
   |
22 |     ThemeSelector,
   |     ^^^^^^^^^^^^^

warning: missing documentation for a variant
  --> src/tui/advanced/editor.rs:96:5
   |
96 |     Rust,
   |     ^^^^

warning: missing documentation for a variant
  --> src/tui/advanced/editor.rs:97:5
   |
97 |     JavaScript,
   |     ^^^^^^^^^^

warning: missing documentation for a variant
  --> src/tui/advanced/editor.rs:98:5
   |
98 |     TypeScript,
   |     ^^^^^^^^^^

warning: missing documentation for a variant
  --> src/tui/advanced/editor.rs:99:5
   |
99 |     Python,
   |     ^^^^^^

warning: missing documentation for a variant
   --> src/tui/advanced/editor.rs:100:5
    |
100 |     Markdown,
    |     ^^^^^^^^

warning: missing documentation for a variant
   --> src/tui/advanced/editor.rs:101:5
    |
101 |     JSON,
    |     ^^^^

warning: missing documentation for a variant
   --> src/tui/advanced/editor.rs:102:5
    |
102 |     TOML,
    |     ^^^^

warning: missing documentation for a variant
   --> src/tui/advanced/editor.rs:103:5
    |
103 |     YAML,
    |     ^^^^

warning: missing documentation for a variant
   --> src/tui/advanced/editor.rs:104:5
    |
104 |     HTML,
    |     ^^^^

warning: missing documentation for a variant
   --> src/tui/advanced/editor.rs:105:5
    |
105 |     CSS,
    |     ^^^

warning: missing documentation for a variant
   --> src/tui/advanced/editor.rs:106:5
    |
106 |     Plain,
    |     ^^^^^

warning: missing documentation for a variant
  --> src/tui/advanced/explorer.rs:61:5
   |
61 |     Directory,
   |     ^^^^^^^^^

warning: missing documentation for a variant
  --> src/tui/advanced/explorer.rs:62:5
   |
62 |     File,
   |     ^^^^

warning: missing documentation for a variant
  --> src/tui/advanced/explorer.rs:63:5
   |
63 |     Symlink,
   |     ^^^^^^^

warning: missing documentation for a variant
  --> src/tui/advanced/explorer.rs:69:5
   |
69 |     Untracked,
   |     ^^^^^^^^^

warning: missing documentation for a variant
  --> src/tui/advanced/explorer.rs:70:5
   |
70 |     Modified,
   |     ^^^^^^^^

warning: missing documentation for a variant
  --> src/tui/advanced/explorer.rs:71:5
   |
71 |     Added,
   |     ^^^^^

warning: missing documentation for a variant
  --> src/tui/advanced/explorer.rs:72:5
   |
72 |     Deleted,
   |     ^^^^^^^

warning: missing documentation for a variant
  --> src/tui/advanced/explorer.rs:73:5
   |
73 |     Renamed,
   |     ^^^^^^^

warning: missing documentation for a variant
  --> src/tui/advanced/explorer.rs:74:5
   |
74 |     Copied,
   |     ^^^^^^

warning: missing documentation for a variant
  --> src/tui/advanced/explorer.rs:75:5
   |
75 |     UpdatedButUnmerged,
   |     ^^^^^^^^^^^^^^^^^^

warning: missing documentation for a variant
  --> src/tui/advanced/explorer.rs:76:5
   |
76 |     Clean,
   |     ^^^^^

warning: missing documentation for a variant
  --> src/tui/advanced/explorer.rs:77:5
   |
77 |     Ignored,
   |     ^^^^^^^

warning: missing documentation for a struct field
  --> src/tui/advanced/keybindings.rs:19:5
   |
19 |     pub modifiers: KeyModifiers,
   |     ^^^^^^^^^^^^^^^^^^^^^^^^^^^

warning: missing documentation for a struct field
  --> src/tui/advanced/keybindings.rs:20:5
   |
20 |     pub key: KeyCode,
   |     ^^^^^^^^^^^^^^^^

warning: missing documentation for a struct field
  --> src/tui/advanced/layout.rs:26:5
   |
26 |     pub title_bar: Rect,
   |     ^^^^^^^^^^^^^^^^^^^

warning: missing documentation for a struct field
  --> src/tui/advanced/layout.rs:27:5
   |
27 |     pub main_content: Rect,
   |     ^^^^^^^^^^^^^^^^^^^^^^

warning: missing documentation for a struct field
  --> src/tui/advanced/layout.rs:28:5
   |
28 |     pub status_bar: Rect,
   |     ^^^^^^^^^^^^^^^^^^^^

warning: missing documentation for a struct field
  --> src/tui/advanced/layout.rs:33:5
   |
33 |     pub explorer: Rect,
   |     ^^^^^^^^^^^^^^^^^^

warning: missing documentation for a struct field
  --> src/tui/advanced/layout.rs:34:5
   |
34 |     pub editor: Rect,
   |     ^^^^^^^^^^^^^^^^

warning: missing documentation for a struct field
  --> src/tui/advanced/layout.rs:35:5
   |
35 |     pub terminal: Rect,
   |     ^^^^^^^^^^^^^^^^^^

warning: missing documentation for a struct field
  --> src/tui/advanced/layout.rs:36:5
   |
36 |     pub consensus: Rect,
   |     ^^^^^^^^^^^^^^^^^^^

warning: missing documentation for a struct field
  --> src/tui/advanced/layout.rs:37:5
   |
37 |     pub problems: Rect,
   |     ^^^^^^^^^^^^^^^^^^

warning: missing documentation for a variant
  --> src/tui/advanced/menu_bar.rs:31:5
   |
31 |     File,
   |     ^^^^

warning: missing documentation for a variant
  --> src/tui/advanced/menu_bar.rs:32:5
   |
32 |     View,
   |     ^^^^

warning: missing documentation for a variant
  --> src/tui/advanced/menu_bar.rs:33:5
   |
33 |     Help,
   |     ^^^^

warning: missing documentation for a struct field
  --> src/tui/advanced/menu_bar.rs:39:5
   |
39 |     pub label: String,
   |     ^^^^^^^^^^^^^^^^^

warning: missing documentation for a struct field
  --> src/tui/advanced/menu_bar.rs:40:5
   |
40 |     pub action: MenuAction,
   |     ^^^^^^^^^^^^^^^^^^^^^^

warning: missing documentation for a struct field
  --> src/tui/advanced/menu_bar.rs:41:5
   |
41 |     pub shortcut: Option<String>,
   |     ^^^^^^^^^^^^^^^^^^^^^^^^^^^^

warning: missing documentation for a struct field
  --> src/tui/advanced/menu_bar.rs:42:5
   |
42 |     pub enabled: bool,
   |     ^^^^^^^^^^^^^^^^^

warning: missing documentation for a variant
  --> src/tui/advanced/menu_bar.rs:49:5
   |
49 |     OpenFile,
   |     ^^^^^^^^

warning: missing documentation for a variant
  --> src/tui/advanced/menu_bar.rs:50:5
   |
50 |     OpenFolder,
   |     ^^^^^^^^^^

warning: missing documentation for a variant
  --> src/tui/advanced/menu_bar.rs:51:5
   |
51 |     OpenRecent,
   |     ^^^^^^^^^^

warning: missing documentation for a variant
  --> src/tui/advanced/menu_bar.rs:52:5
   |
52 |     Save,
   |     ^^^^

warning: missing documentation for a variant
  --> src/tui/advanced/menu_bar.rs:53:5
   |
53 |     SaveAs,
   |     ^^^^^^

warning: missing documentation for a variant
  --> src/tui/advanced/menu_bar.rs:54:5
   |
54 |     CloseFolder,
   |     ^^^^^^^^^^^

warning: missing documentation for a variant
  --> src/tui/advanced/menu_bar.rs:55:5
   |
55 |     Exit,
   |     ^^^^

warning: missing documentation for a variant
  --> src/tui/advanced/menu_bar.rs:58:5
   |
58 |     CommandPalette,
   |     ^^^^^^^^^^^^^^

warning: missing documentation for a variant
  --> src/tui/advanced/menu_bar.rs:59:5
   |
59 |     ThemeSelector,
   |     ^^^^^^^^^^^^^

warning: missing documentation for a variant
  --> src/tui/advanced/menu_bar.rs:60:5
   |
60 |     ToggleTerminal,
   |     ^^^^^^^^^^^^^^

warning: missing documentation for a variant
  --> src/tui/advanced/menu_bar.rs:61:5
   |
61 |     ToggleExplorer,
   |     ^^^^^^^^^^^^^^

warning: missing documentation for a variant
  --> src/tui/advanced/menu_bar.rs:62:5
   |
62 |     ToggleConsensus,
   |     ^^^^^^^^^^^^^^^

warning: missing documentation for a variant
  --> src/tui/advanced/menu_bar.rs:65:5
   |
65 |     ShowWelcome,
   |     ^^^^^^^^^^^

warning: missing documentation for a variant
  --> src/tui/advanced/menu_bar.rs:66:5
   |
66 |     ShowDocumentation,
   |     ^^^^^^^^^^^^^^^^^

warning: missing documentation for a variant
  --> src/tui/advanced/menu_bar.rs:67:5
   |
67 |     ShowAbout,
   |     ^^^^^^^^^

warning: missing documentation for a variant
  --> src/tui/advanced/menu_bar.rs:70:5
   |
70 |     Separator,
   |     ^^^^^^^^^

warning: missing documentation for a variant
  --> src/tui/advanced/problems.rs:74:5
   |
74 |     Error,
   |     ^^^^^

warning: missing documentation for a variant
  --> src/tui/advanced/problems.rs:75:5
   |
75 |     Warning,
   |     ^^^^^^^

warning: missing documentation for a variant
  --> src/tui/advanced/problems.rs:76:5
   |
76 |     Info,
   |     ^^^^

warning: missing documentation for a variant
  --> src/tui/advanced/problems.rs:77:5
   |
77 |     Hint,
   |     ^^^^

warning: missing documentation for a variant
  --> src/tui/advanced/problems.rs:83:5
   |
83 |     GitConflict,
   |     ^^^^^^^^^^^

warning: missing documentation for a variant
  --> src/tui/advanced/problems.rs:84:5
   |
84 |     GitUnstaged,
   |     ^^^^^^^^^^^

warning: missing documentation for a variant
  --> src/tui/advanced/problems.rs:85:5
   |
85 |     GitUntracked,
   |     ^^^^^^^^^^^^

warning: missing documentation for a variant
  --> src/tui/advanced/problems.rs:86:5
   |
86 |     BuildError,
   |     ^^^^^^^^^^

warning: missing documentation for a variant
  --> src/tui/advanced/problems.rs:87:5
   |
87 |     BuildWarning,
   |     ^^^^^^^^^^^^

warning: missing documentation for a variant
  --> src/tui/advanced/problems.rs:88:5
   |
88 |     LintError,
   |     ^^^^^^^^^

warning: missing documentation for a variant
  --> src/tui/advanced/problems.rs:89:5
   |
89 |     LintWarning,
   |     ^^^^^^^^^^^

warning: missing documentation for a variant
  --> src/tui/advanced/problems.rs:90:5
   |
90 |     TypeCheck,
   |     ^^^^^^^^^

warning: missing documentation for a variant
  --> src/tui/advanced/problems.rs:91:5
   |
91 |     Security,
   |     ^^^^^^^^

warning: missing documentation for a variant
  --> src/tui/advanced/problems.rs:92:5
   |
92 |     Performance,
   |     ^^^^^^^^^^^

warning: missing documentation for a variant
  --> src/tui/advanced/problems.rs:98:5
   |
98 |     All,
   |     ^^^

warning: missing documentation for a variant
  --> src/tui/advanced/problems.rs:99:5
   |
99 |     ErrorsOnly,
   |     ^^^^^^^^^^

warning: missing documentation for a variant
   --> src/tui/advanced/problems.rs:100:5
    |
100 |     WarningsOnly,
    |     ^^^^^^^^^^^^

warning: missing documentation for a variant
   --> src/tui/advanced/problems.rs:101:5
    |
101 |     Category(ProblemCategory),
    |     ^^^^^^^^

warning: missing documentation for a variant
   --> src/tui/advanced/problems.rs:102:5
    |
102 |     File(PathBuf),
    |     ^^^^

warning: missing documentation for a struct field
   --> src/tui/advanced/problems.rs:754:5
    |
754 |     pub total: usize,
    |     ^^^^^^^^^^^^^^^^

warning: missing documentation for a struct field
   --> src/tui/advanced/problems.rs:755:5
    |
755 |     pub errors: usize,
    |     ^^^^^^^^^^^^^^^^^

warning: missing documentation for a struct field
   --> src/tui/advanced/problems.rs:756:5
    |
756 |     pub warnings: usize,
    |     ^^^^^^^^^^^^^^^^^^^

warning: missing documentation for a struct field
   --> src/tui/advanced/problems.rs:757:5
    |
757 |     pub infos: usize,
    |     ^^^^^^^^^^^^^^^^

warning: missing documentation for a struct field
   --> src/tui/advanced/problems.rs:763:5
    |
763 |     pub file_path: PathBuf,
    |     ^^^^^^^^^^^^^^^^^^^^^^

warning: missing documentation for a struct field
   --> src/tui/advanced/problems.rs:764:5
    |
764 |     pub line: Option<usize>,
    |     ^^^^^^^^^^^^^^^^^^^^^^^

warning: missing documentation for a struct field
   --> src/tui/advanced/problems.rs:765:5
    |
765 |     pub column: Option<usize>,
    |     ^^^^^^^^^^^^^^^^^^^^^^^^^

warning: missing documentation for a type alias
  --> src/tui/app.rs:14:1
   |
14 | pub type TuiResult<T> = Result<T, Box<dyn std::error::Error + Send + Sync>>;
   | ^^^^^^^^^^^^^^^^^^^^^

warning: missing documentation for a struct field
  --> src/tui/app.rs:61:5
   |
61 |     pub content: String,
   |     ^^^^^^^^^^^^^^^^^^^

warning: missing documentation for a struct field
  --> src/tui/app.rs:62:5
   |
62 |     pub message_type: MessageType,
   |     ^^^^^^^^^^^^^^^^^^^^^^^^^^^^^

warning: missing documentation for a struct field
  --> src/tui/app.rs:63:5
   |
63 |     pub timestamp: chrono::DateTime<chrono::Utc>,
   |     ^^^^^^^^^^^^^^^^^^^^^^^^^^^^^^^^^^^^^^^^^^^^

warning: missing documentation for a variant
  --> src/tui/app.rs:69:5
   |
69 |     Welcome,
   |     ^^^^^^^

warning: missing documentation for a variant
  --> src/tui/app.rs:70:5
   |
70 |     UserInput,
   |     ^^^^^^^^^

warning: missing documentation for a variant
  --> src/tui/app.rs:71:5
   |
71 |     SystemResponse,
   |     ^^^^^^^^^^^^^^

warning: missing documentation for a variant
  --> src/tui/app.rs:72:5
   |
72 |     ConsensusProgress,
   |     ^^^^^^^^^^^^^^^^^

warning: missing documentation for a variant
  --> src/tui/app.rs:73:5
   |
73 |     Error,
   |     ^^^^^

warning: missing documentation for a variant
  --> src/tui/app.rs:74:5
   |
74 |     Status,
   |     ^^^^^^

warning: missing documentation for a variant
  --> src/tui/app.rs:75:5
   |
75 |     Help,
   |     ^^^^

warning: missing documentation for a variant
  --> src/tui/app.rs:76:5
   |
76 |     Info,
   |     ^^^^

warning: missing documentation for a variant
  --> src/tui/app.rs:77:5
   |
77 |     FormattedResult,
   |     ^^^^^^^^^^^^^^^

warning: missing documentation for a struct field
   --> src/tui/app.rs:107:5
    |
107 |     pub min_height: u16,
    |     ^^^^^^^^^^^^^^^^^^^

warning: missing documentation for a variant
 --> src/tui/consensus_types.rs:6:5
  |
6 |     Thinking,
  |     ^^^^^^^^

warning: missing documentation for a variant
 --> src/tui/consensus_types.rs:7:5
  |
7 |     Generating(u8),
  |     ^^^^^^^^^^

warning: missing documentation for a variant
 --> src/tui/consensus_types.rs:8:5
  |
8 |     Refining(u8),
  |     ^^^^^^^^

warning: missing documentation for a variant
 --> src/tui/consensus_types.rs:9:5
  |
9 |     Validating(u8),
  |     ^^^^^^^^^^

warning: missing documentation for a variant
  --> src/tui/consensus_types.rs:10:5
   |
10 |     Curating(u8),
   |     ^^^^^^^^

warning: missing documentation for a variant
  --> src/tui/consensus_types.rs:11:5
   |
11 |     Complete,
   |     ^^^^^^^^

warning: missing documentation for a variant
  --> src/tui/consensus_types.rs:12:5
   |
12 |     Error(String),
   |     ^^^^^

warning: missing documentation for a struct field
  --> src/tui/consensus_view.rs:43:5
   |
43 |     pub generator: StageProgress,
   |     ^^^^^^^^^^^^^^^^^^^^^^^^^^^^

warning: missing documentation for a struct field
  --> src/tui/consensus_view.rs:44:5
   |
44 |     pub refiner: StageProgress,
   |     ^^^^^^^^^^^^^^^^^^^^^^^^^^

warning: missing documentation for a struct field
  --> src/tui/consensus_view.rs:45:5
   |
45 |     pub validator: StageProgress,
   |     ^^^^^^^^^^^^^^^^^^^^^^^^^^^^

warning: missing documentation for a struct field
  --> src/tui/consensus_view.rs:46:5
   |
46 |     pub curator: StageProgress,
   |     ^^^^^^^^^^^^^^^^^^^^^^^^^^

warning: missing documentation for a struct field
  --> src/tui/consensus_view.rs:47:5
   |
47 |     pub is_active: bool,
   |     ^^^^^^^^^^^^^^^^^^^

warning: missing documentation for a struct field
  --> src/tui/consensus_view.rs:53:5
   |
53 |     pub name: String,
   |     ^^^^^^^^^^^^^^^^

warning: missing documentation for a struct field
  --> src/tui/consensus_view.rs:54:5
   |
54 |     pub model: String,
   |     ^^^^^^^^^^^^^^^^^

warning: missing documentation for a struct field
  --> src/tui/consensus_view.rs:55:5
   |
55 |     pub progress: u16, // 0-100
   |     ^^^^^^^^^^^^^^^^^

warning: missing documentation for a struct field
  --> src/tui/consensus_view.rs:56:5
   |
56 |     pub status: StageStatus,
   |     ^^^^^^^^^^^^^^^^^^^^^^^

warning: missing documentation for a variant
  --> src/tui/consensus_view.rs:62:5
   |
62 |     Waiting,
   |     ^^^^^^^

warning: missing documentation for a variant
  --> src/tui/consensus_view.rs:63:5
   |
63 |     Running,
   |     ^^^^^^^

warning: missing documentation for a variant
  --> src/tui/consensus_view.rs:64:5
   |
64 |     Completed,
   |     ^^^^^^^^^

warning: missing documentation for a variant
  --> src/tui/consensus_view.rs:65:5
   |
65 |     Error,
   |     ^^^^^

warning: missing documentation for an associated function
   --> src/tui/consensus_view.rs:196:5
    |
196 |     pub fn sample() -> Self {
    |     ^^^^^^^^^^^^^^^^^^^^^^^

warning: missing documentation for a variant
  --> src/tui/fallback.rs:26:5
   |
26 |     Continue,
   |     ^^^^^^^^

warning: missing documentation for a variant
  --> src/tui/fallback.rs:27:5
   |
27 |     Exit,
   |     ^^^^

warning: missing documentation for a variant
  --> src/tui/fallback.rs:28:5
   |
28 |     Error(String),
   |     ^^^^^

warning: missing documentation for a variant
   --> src/tui/formatting.rs:348:5
    |
348 |     ExecutiveSummary,
    |     ^^^^^^^^^^^^^^^^

warning: missing documentation for a variant
   --> src/tui/formatting.rs:349:5
    |
349 |     CodeBlock,
    |     ^^^^^^^^^

warning: missing documentation for a variant
   --> src/tui/formatting.rs:350:5
    |
350 |     PerformanceMetrics,
    |     ^^^^^^^^^^^^^^^^^^

warning: missing documentation for a variant
   --> src/tui/formatting.rs:351:5
    |
351 |     CostBreakdown,
    |     ^^^^^^^^^^^^^

warning: missing documentation for a variant
   --> src/tui/formatting.rs:352:5
    |
352 |     StageJourney,
    |     ^^^^^^^^^^^^

warning: missing documentation for a variant
   --> src/tui/formatting.rs:353:5
    |
353 |     Regular,
    |     ^^^^^^^

warning: missing documentation for a struct field
  --> src/tui/streaming_callbacks.rs:31:20
   |
31 |     StageStarted { stage: PipelineStage, model: String },
   |                    ^^^^^^^^^^^^^^^^^^^^

warning: missing documentation for a struct field
  --> src/tui/streaming_callbacks.rs:31:42
   |
31 |     StageStarted { stage: PipelineStage, model: String },
   |                                          ^^^^^^^^^^^^^

warning: missing documentation for a struct field
  --> src/tui/streaming_callbacks.rs:33:21
   |
33 |     TokenReceived { stage: PipelineStage, token: String },
   |                     ^^^^^^^^^^^^^^^^^^^^

warning: missing documentation for a struct field
  --> src/tui/streaming_callbacks.rs:33:43
   |
33 |     TokenReceived { stage: PipelineStage, token: String },
   |                                           ^^^^^^^^^^^^^

warning: missing documentation for a struct field
  --> src/tui/streaming_callbacks.rs:36:9
   |
36 |         stage: PipelineStage,
   |         ^^^^^^^^^^^^^^^^^^^^

warning: missing documentation for a struct field
  --> src/tui/streaming_callbacks.rs:37:9
   |
37 |         progress: u8,
   |         ^^^^^^^^^^^^

warning: missing documentation for a struct field
  --> src/tui/streaming_callbacks.rs:38:9
   |
38 |         tokens_processed: usize,
   |         ^^^^^^^^^^^^^^^^^^^^^^^

warning: missing documentation for a struct field
  --> src/tui/streaming_callbacks.rs:42:9
   |
42 |         stage: PipelineStage,
   |         ^^^^^^^^^^^^^^^^^^^^

warning: missing documentation for a struct field
  --> src/tui/streaming_callbacks.rs:43:9
   |
43 |         content: String,
   |         ^^^^^^^^^^^^^^^

warning: missing documentation for a struct field
  --> src/tui/streaming_callbacks.rs:44:9
   |
44 |         tokens: usize,
   |         ^^^^^^^^^^^^^

warning: missing documentation for a struct field
  --> src/tui/streaming_callbacks.rs:45:9
   |
45 |         duration: Duration,
   |         ^^^^^^^^^^^^^^^^^^

warning: missing documentation for a struct field
  --> src/tui/streaming_callbacks.rs:48:21
   |
48 |     ErrorOccurred { stage: PipelineStage, error: String },
   |                     ^^^^^^^^^^^^^^^^^^^^

warning: missing documentation for a struct field
  --> src/tui/streaming_callbacks.rs:48:43
   |
48 |     ErrorOccurred { stage: PipelineStage, error: String },
   |                                           ^^^^^^^^^^^^^

warning: missing documentation for a struct field
  --> src/tui/streaming_callbacks.rs:51:9
   |
51 |         final_content: String,
   |         ^^^^^^^^^^^^^^^^^^^^^

warning: missing documentation for a struct field
  --> src/tui/streaming_callbacks.rs:52:9
   |
52 |         total_tokens: usize,
   |         ^^^^^^^^^^^^^^^^^^^

warning: missing documentation for a struct field
  --> src/tui/streaming_callbacks.rs:53:9
   |
53 |         total_duration: Duration,
   |         ^^^^^^^^^^^^^^^^^^^^^^^^

warning: missing documentation for a method
   --> src/tui/themes/mod.rs:110:5
    |
110 |     fn name(&self) -> &'static str;
    |     ^^^^^^^^^^^^^^^^^^^^^^^^^^^^^^^

warning: missing documentation for a method
   --> src/tui/themes/mod.rs:111:5
    |
111 |     fn primary_color(&self) -> Color;
    |     ^^^^^^^^^^^^^^^^^^^^^^^^^^^^^^^^^

warning: missing documentation for a method
   --> src/tui/themes/mod.rs:112:5
    |
112 |     fn secondary_color(&self) -> Color;
    |     ^^^^^^^^^^^^^^^^^^^^^^^^^^^^^^^^^^^

warning: missing documentation for a method
   --> src/tui/themes/mod.rs:113:5
    |
113 |     fn background_color(&self) -> Color;
    |     ^^^^^^^^^^^^^^^^^^^^^^^^^^^^^^^^^^^^

warning: missing documentation for a method
   --> src/tui/themes/mod.rs:114:5
    |
114 |     fn text_color(&self) -> Color;
    |     ^^^^^^^^^^^^^^^^^^^^^^^^^^^^^^

warning: missing documentation for a method
   --> src/tui/themes/mod.rs:115:5
    |
115 |     fn accent_color(&self) -> Color;
    |     ^^^^^^^^^^^^^^^^^^^^^^^^^^^^^^^^

warning: missing documentation for a method
   --> src/tui/themes/mod.rs:116:5
    |
116 |     fn error_color(&self) -> Color;
    |     ^^^^^^^^^^^^^^^^^^^^^^^^^^^^^^^

warning: missing documentation for a method
   --> src/tui/themes/mod.rs:117:5
    |
117 |     fn warning_color(&self) -> Color;
    |     ^^^^^^^^^^^^^^^^^^^^^^^^^^^^^^^^^

warning: missing documentation for a method
   --> src/tui/themes/mod.rs:118:5
    |
118 |     fn success_color(&self) -> Color;
    |     ^^^^^^^^^^^^^^^^^^^^^^^^^^^^^^^^^

warning: missing documentation for a method
   --> src/tui/themes/mod.rs:119:5
    |
119 |     fn muted_color(&self) -> Color;
    |     ^^^^^^^^^^^^^^^^^^^^^^^^^^^^^^^

warning: missing documentation for a variant
   --> src/tui/themes/mod.rs:136:5
    |
136 |     Dark,
    |     ^^^^

warning: missing documentation for a variant
   --> src/tui/themes/mod.rs:137:5
    |
137 |     Light,
    |     ^^^^^

warning: missing documentation for a variant
   --> src/tui/themes/mod.rs:138:5
    |
138 |     Solarized,
    |     ^^^^^^^^^

warning: missing documentation for a struct field
   --> src/tui/themes/mod.rs:145:5
    |
145 |     pub primary: SerializableColor,
    |     ^^^^^^^^^^^^^^^^^^^^^^^^^^^^^^

warning: missing documentation for a struct field
   --> src/tui/themes/mod.rs:146:5
    |
146 |     pub secondary: SerializableColor,
    |     ^^^^^^^^^^^^^^^^^^^^^^^^^^^^^^^^

warning: missing documentation for a struct field
   --> src/tui/themes/mod.rs:147:5
    |
147 |     pub background: SerializableColor,
    |     ^^^^^^^^^^^^^^^^^^^^^^^^^^^^^^^^^

warning: missing documentation for a struct field
   --> src/tui/themes/mod.rs:148:5
    |
148 |     pub foreground: SerializableColor,
    |     ^^^^^^^^^^^^^^^^^^^^^^^^^^^^^^^^^

warning: missing documentation for a struct field
   --> src/tui/themes/mod.rs:149:5
    |
149 |     pub accent: SerializableColor,
    |     ^^^^^^^^^^^^^^^^^^^^^^^^^^^^^

warning: missing documentation for a struct field
   --> src/tui/themes/mod.rs:152:5
    |
152 |     pub error: SerializableColor,
    |     ^^^^^^^^^^^^^^^^^^^^^^^^^^^^

warning: missing documentation for a struct field
   --> src/tui/themes/mod.rs:153:5
    |
153 |     pub warning: SerializableColor,
    |     ^^^^^^^^^^^^^^^^^^^^^^^^^^^^^^

warning: missing documentation for a struct field
   --> src/tui/themes/mod.rs:154:5
    |
154 |     pub success: SerializableColor,
    |     ^^^^^^^^^^^^^^^^^^^^^^^^^^^^^^

warning: missing documentation for a struct field
   --> src/tui/themes/mod.rs:155:5
    |
155 |     pub info: SerializableColor,
    |     ^^^^^^^^^^^^^^^^^^^^^^^^^^^

warning: missing documentation for a struct field
   --> src/tui/themes/mod.rs:156:5
    |
156 |     pub muted: SerializableColor,
    |     ^^^^^^^^^^^^^^^^^^^^^^^^^^^^

warning: missing documentation for a struct field
   --> src/tui/themes/mod.rs:159:5
    |
159 |     pub border_active: SerializableColor,
    |     ^^^^^^^^^^^^^^^^^^^^^^^^^^^^^^^^^^^^

warning: missing documentation for a struct field
   --> src/tui/themes/mod.rs:160:5
    |
160 |     pub border_inactive: SerializableColor,
    |     ^^^^^^^^^^^^^^^^^^^^^^^^^^^^^^^^^^^^^^

warning: missing documentation for a struct field
   --> src/tui/themes/mod.rs:161:5
    |
161 |     pub selection_bg: SerializableColor,
    |     ^^^^^^^^^^^^^^^^^^^^^^^^^^^^^^^^^^^

warning: missing documentation for a struct field
   --> src/tui/themes/mod.rs:162:5
    |
162 |     pub selection_fg: SerializableColor,
    |     ^^^^^^^^^^^^^^^^^^^^^^^^^^^^^^^^^^^

warning: missing documentation for a struct field
   --> src/tui/themes/mod.rs:165:5
    |
165 |     pub keyword: SerializableColor,
    |     ^^^^^^^^^^^^^^^^^^^^^^^^^^^^^^

warning: missing documentation for a struct field
   --> src/tui/themes/mod.rs:166:5
    |
166 |     pub string: SerializableColor,
    |     ^^^^^^^^^^^^^^^^^^^^^^^^^^^^^

warning: missing documentation for a struct field
   --> src/tui/themes/mod.rs:167:5
    |
167 |     pub comment: SerializableColor,
    |     ^^^^^^^^^^^^^^^^^^^^^^^^^^^^^^

warning: missing documentation for a struct field
   --> src/tui/themes/mod.rs:168:5
    |
168 |     pub function: SerializableColor,
    |     ^^^^^^^^^^^^^^^^^^^^^^^^^^^^^^^

warning: missing documentation for a struct field
   --> src/tui/themes/mod.rs:169:5
    |
169 |     pub variable: SerializableColor,
    |     ^^^^^^^^^^^^^^^^^^^^^^^^^^^^^^^

warning: missing documentation for a struct field
   --> src/tui/themes/mod.rs:170:5
    |
170 |     pub number: SerializableColor,
    |     ^^^^^^^^^^^^^^^^^^^^^^^^^^^^^

warning: missing documentation for a struct field
   --> src/tui/themes/mod.rs:171:5
    |
171 |     pub operator: SerializableColor,
    |     ^^^^^^^^^^^^^^^^^^^^^^^^^^^^^^^

warning: missing documentation for a struct field
   --> src/tui/themes/mod.rs:174:5
    |
174 |     pub directory: SerializableColor,
    |     ^^^^^^^^^^^^^^^^^^^^^^^^^^^^^^^^

warning: missing documentation for a struct field
   --> src/tui/themes/mod.rs:175:5
    |
175 |     pub file: SerializableColor,
    |     ^^^^^^^^^^^^^^^^^^^^^^^^^^^

warning: missing documentation for a struct field
   --> src/tui/themes/mod.rs:176:5
    |
176 |     pub symlink: SerializableColor,
    |     ^^^^^^^^^^^^^^^^^^^^^^^^^^^^^^

warning: missing documentation for a struct field
   --> src/tui/themes/mod.rs:177:5
    |
177 |     pub executable: SerializableColor,
    |     ^^^^^^^^^^^^^^^^^^^^^^^^^^^^^^^^^

warning: missing documentation for a struct field
   --> src/tui/themes/mod.rs:180:5
    |
180 |     pub command: SerializableColor,
    |     ^^^^^^^^^^^^^^^^^^^^^^^^^^^^^^

warning: missing documentation for a struct field
   --> src/tui/themes/mod.rs:181:5
    |
181 |     pub output: SerializableColor,
    |     ^^^^^^^^^^^^^^^^^^^^^^^^^^^^^

warning: missing documentation for a struct field
   --> src/tui/themes/mod.rs:182:5
    |
182 |     pub system_message: SerializableColor,
    |     ^^^^^^^^^^^^^^^^^^^^^^^^^^^^^^^^^^^^^

warning: missing documentation for a struct field
   --> src/tui/themes/mod.rs:183:5
    |
183 |     pub line_number: SerializableColor,
    |     ^^^^^^^^^^^^^^^^^^^^^^^^^^^^^^^^^^

warning: missing documentation for a struct field
   --> src/tui/themes/mod.rs:186:5
    |
186 |     pub heading: SerializableColor,
    |     ^^^^^^^^^^^^^^^^^^^^^^^^^^^^^^

warning: missing documentation for a struct field
   --> src/tui/themes/mod.rs:187:5
    |
187 |     pub code_block: SerializableColor,
    |     ^^^^^^^^^^^^^^^^^^^^^^^^^^^^^^^^^

warning: missing documentation for a struct field
   --> src/tui/themes/mod.rs:193:5
    |
193 |     pub title_bar: Style,
    |     ^^^^^^^^^^^^^^^^^^^^

warning: missing documentation for a struct field
   --> src/tui/themes/mod.rs:194:5
    |
194 |     pub status_bar: Style,
    |     ^^^^^^^^^^^^^^^^^^^^^

warning: missing documentation for a struct field
   --> src/tui/themes/mod.rs:195:5
    |
195 |     pub panel: Style,
    |     ^^^^^^^^^^^^^^^^

warning: missing documentation for a struct field
   --> src/tui/themes/mod.rs:196:5
    |
196 |     pub active_border: Style,
    |     ^^^^^^^^^^^^^^^^^^^^^^^^

warning: missing documentation for a struct field
   --> src/tui/themes/mod.rs:197:5
    |
197 |     pub inactive_border: Style,
    |     ^^^^^^^^^^^^^^^^^^^^^^^^^^

warning: missing documentation for a struct field
   --> src/tui/themes/mod.rs:198:5
    |
198 |     pub selection: Style,
    |     ^^^^^^^^^^^^^^^^^^^^

warning: missing documentation for a struct field
   --> src/tui/themes/mod.rs:199:5
    |
199 |     pub tab: Style,
    |     ^^^^^^^^^^^^^^

warning: missing documentation for a struct field
   --> src/tui/themes/mod.rs:200:5
    |
200 |     pub active_tab: Style,
    |     ^^^^^^^^^^^^^^^^^^^^^

warning: missing documentation for a struct field
   --> src/tui/themes/mod.rs:201:5
    |
201 |     pub editor: Style,
    |     ^^^^^^^^^^^^^^^^^

warning: missing documentation for a struct field
   --> src/tui/themes/mod.rs:202:5
    |
202 |     pub terminal: Style,
    |     ^^^^^^^^^^^^^^^^^^^

warning: missing documentation for a struct field
   --> src/tui/themes/mod.rs:203:5
    |
203 |     pub terminal_output: Style,
    |     ^^^^^^^^^^^^^^^^^^^^^^^^^^

warning: missing documentation for a struct field
   --> src/tui/themes/mod.rs:204:5
    |
204 |     pub popup: Style,
    |     ^^^^^^^^^^^^^^^^

warning: missing documentation for a struct field
   --> src/tui/themes/mod.rs:205:5
    |
205 |     pub input_active: Style,
    |     ^^^^^^^^^^^^^^^^^^^^^^^

warning: missing documentation for a struct field
   --> src/tui/themes/mod.rs:206:5
    |
206 |     pub input_inactive: Style,
    |     ^^^^^^^^^^^^^^^^^^^^^^^^^

warning: missing documentation for a struct field
   --> src/tui/themes/mod.rs:207:5
    |
207 |     pub text: Style,
    |     ^^^^^^^^^^^^^^^

warning: missing documentation for a method
   --> src/tui/themes/mod.rs:235:5
    |
235 |     pub fn title_bar_style(&self) -> Style {
    |     ^^^^^^^^^^^^^^^^^^^^^^^^^^^^^^^^^^^^^^

warning: missing documentation for a method
   --> src/tui/themes/mod.rs:239:5
    |
239 |     pub fn status_bar_style(&self) -> Style {
    |     ^^^^^^^^^^^^^^^^^^^^^^^^^^^^^^^^^^^^^^^

warning: missing documentation for a method
   --> src/tui/themes/mod.rs:243:5
    |
243 |     pub fn panel_style(&self) -> Style {
    |     ^^^^^^^^^^^^^^^^^^^^^^^^^^^^^^^^^^

warning: missing documentation for a method
   --> src/tui/themes/mod.rs:247:5
    |
247 |     pub fn active_border_style(&self) -> Style {
    |     ^^^^^^^^^^^^^^^^^^^^^^^^^^^^^^^^^^^^^^^^^^

warning: missing documentation for a method
   --> src/tui/themes/mod.rs:251:5
    |
251 |     pub fn inactive_border_style(&self) -> Style {
    |     ^^^^^^^^^^^^^^^^^^^^^^^^^^^^^^^^^^^^^^^^^^^^

warning: missing documentation for a method
   --> src/tui/themes/mod.rs:255:5
    |
255 |     pub fn selection_style(&self) -> Style {
    |     ^^^^^^^^^^^^^^^^^^^^^^^^^^^^^^^^^^^^^^

warning: missing documentation for a method
   --> src/tui/themes/mod.rs:259:5
    |
259 |     pub fn tab_style(&self) -> Style {
    |     ^^^^^^^^^^^^^^^^^^^^^^^^^^^^^^^^

warning: missing documentation for a method
   --> src/tui/themes/mod.rs:263:5
    |
263 |     pub fn active_tab_style(&self) -> Style {
    |     ^^^^^^^^^^^^^^^^^^^^^^^^^^^^^^^^^^^^^^^

warning: missing documentation for a method
   --> src/tui/themes/mod.rs:267:5
    |
267 |     pub fn editor_style(&self) -> Style {
    |     ^^^^^^^^^^^^^^^^^^^^^^^^^^^^^^^^^^^

warning: missing documentation for a method
   --> src/tui/themes/mod.rs:271:5
    |
271 |     pub fn terminal_style(&self) -> Style {
    |     ^^^^^^^^^^^^^^^^^^^^^^^^^^^^^^^^^^^^^

warning: missing documentation for a method
   --> src/tui/themes/mod.rs:275:5
    |
275 |     pub fn terminal_output_style(&self) -> Style {
    |     ^^^^^^^^^^^^^^^^^^^^^^^^^^^^^^^^^^^^^^^^^^^^

warning: missing documentation for a method
   --> src/tui/themes/mod.rs:279:5
    |
279 |     pub fn popup_style(&self) -> Style {
    |     ^^^^^^^^^^^^^^^^^^^^^^^^^^^^^^^^^^

warning: missing documentation for a method
   --> src/tui/themes/mod.rs:283:5
    |
283 |     pub fn active_input_style(&self) -> Style {
    |     ^^^^^^^^^^^^^^^^^^^^^^^^^^^^^^^^^^^^^^^^^

warning: missing documentation for a method
   --> src/tui/themes/mod.rs:287:5
    |
287 |     pub fn inactive_input_style(&self) -> Style {
    |     ^^^^^^^^^^^^^^^^^^^^^^^^^^^^^^^^^^^^^^^^^^^

warning: missing documentation for a method
   --> src/tui/themes/mod.rs:291:5
    |
291 |     pub fn text_style(&self) -> Style {
    |     ^^^^^^^^^^^^^^^^^^^^^^^^^^^^^^^^^

warning: missing documentation for a method
   --> src/tui/themes/mod.rs:296:5
    |
296 |     pub fn primary_color(&self) -> Color {
    |     ^^^^^^^^^^^^^^^^^^^^^^^^^^^^^^^^^^^^

warning: missing documentation for a method
   --> src/tui/themes/mod.rs:300:5
    |
300 |     pub fn secondary_color(&self) -> Color {
    |     ^^^^^^^^^^^^^^^^^^^^^^^^^^^^^^^^^^^^^^

warning: missing documentation for a method
   --> src/tui/themes/mod.rs:304:5
    |
304 |     pub fn background_color(&self) -> Color {
    |     ^^^^^^^^^^^^^^^^^^^^^^^^^^^^^^^^^^^^^^^

warning: missing documentation for a method
   --> src/tui/themes/mod.rs:308:5
    |
308 |     pub fn foreground_color(&self) -> Color {
    |     ^^^^^^^^^^^^^^^^^^^^^^^^^^^^^^^^^^^^^^^

warning: missing documentation for a method
   --> src/tui/themes/mod.rs:312:5
    |
312 |     pub fn accent_color(&self) -> Color {
    |     ^^^^^^^^^^^^^^^^^^^^^^^^^^^^^^^^^^^

warning: missing documentation for a method
   --> src/tui/themes/mod.rs:316:5
    |
316 |     pub fn error_color(&self) -> Color {
    |     ^^^^^^^^^^^^^^^^^^^^^^^^^^^^^^^^^^

warning: missing documentation for a method
   --> src/tui/themes/mod.rs:320:5
    |
320 |     pub fn warning_color(&self) -> Color {
    |     ^^^^^^^^^^^^^^^^^^^^^^^^^^^^^^^^^^^^

warning: missing documentation for a method
   --> src/tui/themes/mod.rs:324:5
    |
324 |     pub fn success_color(&self) -> Color {
    |     ^^^^^^^^^^^^^^^^^^^^^^^^^^^^^^^^^^^^

warning: missing documentation for a method
   --> src/tui/themes/mod.rs:328:5
    |
328 |     pub fn info_color(&self) -> Color {
    |     ^^^^^^^^^^^^^^^^^^^^^^^^^^^^^^^^^

warning: missing documentation for a method
   --> src/tui/themes/mod.rs:332:5
    |
332 |     pub fn muted_color(&self) -> Color {
    |     ^^^^^^^^^^^^^^^^^^^^^^^^^^^^^^^^^^

warning: missing documentation for a method
   --> src/tui/themes/mod.rs:336:5
    |
336 |     pub fn selection_bg_color(&self) -> Color {
    |     ^^^^^^^^^^^^^^^^^^^^^^^^^^^^^^^^^^^^^^^^^

warning: missing documentation for a method
   --> src/tui/themes/mod.rs:340:5
    |
340 |     pub fn selection_fg_color(&self) -> Color {
    |     ^^^^^^^^^^^^^^^^^^^^^^^^^^^^^^^^^^^^^^^^^

warning: missing documentation for a method
   --> src/tui/themes/mod.rs:345:5
    |
345 |     pub fn selection_bg(&self) -> Color {
    |     ^^^^^^^^^^^^^^^^^^^^^^^^^^^^^^^^^^^

warning: missing documentation for a method
   --> src/tui/themes/mod.rs:349:5
    |
349 |     pub fn text_color(&self) -> Color {
    |     ^^^^^^^^^^^^^^^^^^^^^^^^^^^^^^^^^

warning: missing documentation for a method
   --> src/tui/themes/mod.rs:353:5
    |
353 |     pub fn border_color(&self) -> Color {
    |     ^^^^^^^^^^^^^^^^^^^^^^^^^^^^^^^^^^^

warning: missing documentation for a method
   --> src/tui/themes/mod.rs:358:5
    |
358 |     pub fn keyword_color(&self) -> Color {
    |     ^^^^^^^^^^^^^^^^^^^^^^^^^^^^^^^^^^^^

warning: missing documentation for a method
   --> src/tui/themes/mod.rs:362:5
    |
362 |     pub fn string_color(&self) -> Color {
    |     ^^^^^^^^^^^^^^^^^^^^^^^^^^^^^^^^^^^

warning: missing documentation for a method
   --> src/tui/themes/mod.rs:366:5
    |
366 |     pub fn comment_color(&self) -> Color {
    |     ^^^^^^^^^^^^^^^^^^^^^^^^^^^^^^^^^^^^

warning: missing documentation for a method
   --> src/tui/themes/mod.rs:370:5
    |
370 |     pub fn function_color(&self) -> Color {
    |     ^^^^^^^^^^^^^^^^^^^^^^^^^^^^^^^^^^^^^

warning: missing documentation for a method
   --> src/tui/themes/mod.rs:374:5
    |
374 |     pub fn variable_color(&self) -> Color {
    |     ^^^^^^^^^^^^^^^^^^^^^^^^^^^^^^^^^^^^^

warning: missing documentation for a method
   --> src/tui/themes/mod.rs:378:5
    |
378 |     pub fn number_color(&self) -> Color {
    |     ^^^^^^^^^^^^^^^^^^^^^^^^^^^^^^^^^^^

warning: missing documentation for a method
   --> src/tui/themes/mod.rs:382:5
    |
382 |     pub fn operator_color(&self) -> Color {
    |     ^^^^^^^^^^^^^^^^^^^^^^^^^^^^^^^^^^^^^

warning: missing documentation for a method
   --> src/tui/themes/mod.rs:387:5
    |
387 |     pub fn directory_color(&self) -> Color {
    |     ^^^^^^^^^^^^^^^^^^^^^^^^^^^^^^^^^^^^^^

warning: missing documentation for a method
   --> src/tui/themes/mod.rs:391:5
    |
391 |     pub fn file_color(&self) -> Color {
    |     ^^^^^^^^^^^^^^^^^^^^^^^^^^^^^^^^^

warning: missing documentation for a method
   --> src/tui/themes/mod.rs:395:5
    |
395 |     pub fn symlink_color(&self) -> Color {
    |     ^^^^^^^^^^^^^^^^^^^^^^^^^^^^^^^^^^^^

warning: missing documentation for a method
   --> src/tui/themes/mod.rs:399:5
    |
399 |     pub fn executable_color(&self) -> Color {
    |     ^^^^^^^^^^^^^^^^^^^^^^^^^^^^^^^^^^^^^^^

warning: missing documentation for a method
   --> src/tui/themes/mod.rs:404:5
    |
404 |     pub fn command_color(&self) -> Color {
    |     ^^^^^^^^^^^^^^^^^^^^^^^^^^^^^^^^^^^^

warning: missing documentation for a method
   --> src/tui/themes/mod.rs:408:5
    |
408 |     pub fn output_color(&self) -> Color {
    |     ^^^^^^^^^^^^^^^^^^^^^^^^^^^^^^^^^^^

warning: missing documentation for a method
   --> src/tui/themes/mod.rs:412:5
    |
412 |     pub fn system_message_color(&self) -> Color {
    |     ^^^^^^^^^^^^^^^^^^^^^^^^^^^^^^^^^^^^^^^^^^^

warning: missing documentation for a method
   --> src/tui/themes/mod.rs:416:5
    |
416 |     pub fn line_number_color(&self) -> Color {
    |     ^^^^^^^^^^^^^^^^^^^^^^^^^^^^^^^^^^^^^^^^

warning: missing documentation for a method
   --> src/tui/themes/mod.rs:421:5
    |
421 |     pub fn heading_color(&self) -> Color {
    |     ^^^^^^^^^^^^^^^^^^^^^^^^^^^^^^^^^^^^

warning: missing documentation for a method
   --> src/tui/themes/mod.rs:425:5
    |
425 |     pub fn code_block_color(&self) -> Color {
    |     ^^^^^^^^^^^^^^^^^^^^^^^^^^^^^^^^^^^^^^^

warning: missing documentation for a struct field
   --> src/tui/themes/mod.rs:487:5
    |
487 |     pub variant: ThemeVariant,
    |     ^^^^^^^^^^^^^^^^^^^^^^^^^

warning: missing documentation for a struct field
   --> src/tui/themes/mod.rs:488:5
    |
488 |     pub custom_colors: Option<CustomColors>,
    |     ^^^^^^^^^^^^^^^^^^^^^^^^^^^^^^^^^^^^^^^

warning: missing documentation for a struct field
   --> src/tui/themes/mod.rs:495:5
    |
495 |     pub primary: Option<String>,
    |     ^^^^^^^^^^^^^^^^^^^^^^^^^^^

warning: missing documentation for a struct field
   --> src/tui/themes/mod.rs:496:5
    |
496 |     pub secondary: Option<String>,
    |     ^^^^^^^^^^^^^^^^^^^^^^^^^^^^^

warning: missing documentation for a struct field
   --> src/tui/themes/mod.rs:497:5
    |
497 |     pub accent: Option<String>,
    |     ^^^^^^^^^^^^^^^^^^^^^^^^^^

warning: missing documentation for a struct field
   --> src/tui/themes/dark.rs:196:5
    |
196 |     pub high_contrast: bool,
    |     ^^^^^^^^^^^^^^^^^^^^^^^

warning: missing documentation for a struct field
   --> src/tui/themes/dark.rs:197:5
    |
197 |     pub blue_light_filter: bool,
    |     ^^^^^^^^^^^^^^^^^^^^^^^^^^^

warning: missing documentation for a struct field
   --> src/tui/themes/dark.rs:198:5
    |
198 |     pub custom_accent: Option<Color>,
    |     ^^^^^^^^^^^^^^^^^^^^^^^^^^^^^^^^

warning: missing documentation for a struct field
   --> src/tui/themes/light.rs:127:5
    |
127 |     pub high_contrast: bool,
    |     ^^^^^^^^^^^^^^^^^^^^^^^

warning: missing documentation for a struct field
   --> src/tui/themes/light.rs:128:5
    |
128 |     pub reduce_glare: bool,
    |     ^^^^^^^^^^^^^^^^^^^^^^

warning: missing documentation for a struct field
   --> src/tui/themes/light.rs:129:5
    |
129 |     pub custom_accent: Option<Color>,
    |     ^^^^^^^^^^^^^^^^^^^^^^^^^^^^^^^^

warning: missing documentation for a struct field
   --> src/tui/themes/solarized.rs:171:5
    |
171 |     pub use_light_variant: bool,
    |     ^^^^^^^^^^^^^^^^^^^^^^^^^^^

warning: missing documentation for a struct field
   --> src/tui/themes/solarized.rs:172:5
    |
172 |     pub enhanced_contrast: bool,
    |     ^^^^^^^^^^^^^^^^^^^^^^^^^^^

warning: missing documentation for a struct field
   --> src/tui/themes/solarized.rs:173:5
    |
173 |     pub custom_accent: Option<Color>,
    |     ^^^^^^^^^^^^^^^^^^^^^^^^^^^^^^^^

warning: missing documentation for a struct field
  --> src/tui/widgets/mod.rs:20:5
   |
20 |     pub primary: Color,
   |     ^^^^^^^^^^^^^^^^^^

warning: missing documentation for a struct field
  --> src/tui/widgets/mod.rs:21:5
   |
21 |     pub secondary: Color,
   |     ^^^^^^^^^^^^^^^^^^^^

warning: missing documentation for a struct field
  --> src/tui/widgets/mod.rs:22:5
   |
22 |     pub accent: Color,
   |     ^^^^^^^^^^^^^^^^^

warning: missing documentation for a struct field
  --> src/tui/widgets/mod.rs:23:5
   |
23 |     pub success: Color,
   |     ^^^^^^^^^^^^^^^^^^

warning: missing documentation for a struct field
  --> src/tui/widgets/mod.rs:24:5
   |
24 |     pub warning: Color,
   |     ^^^^^^^^^^^^^^^^^^

warning: missing documentation for a struct field
  --> src/tui/widgets/mod.rs:25:5
   |
25 |     pub error: Color,
   |     ^^^^^^^^^^^^^^^^

warning: missing documentation for a struct field
  --> src/tui/widgets/mod.rs:26:5
   |
26 |     pub text: Color,
   |     ^^^^^^^^^^^^^^^

warning: missing documentation for a struct field
  --> src/tui/widgets/mod.rs:27:5
   |
27 |     pub background: Color,
   |     ^^^^^^^^^^^^^^^^^^^^^

warning: missing documentation for a variant
  --> src/tui/widgets/help_popup.rs:28:5
   |
28 |     KeyboardShortcuts,
   |     ^^^^^^^^^^^^^^^^^

warning: missing documentation for a variant
  --> src/tui/widgets/help_popup.rs:29:5
   |
29 |     Commands,
   |     ^^^^^^^^

warning: missing documentation for a variant
  --> src/tui/widgets/help_popup.rs:30:5
   |
30 |     About,
   |     ^^^^^

warning: missing documentation for a variant
  --> src/tui/widgets/help_popup.rs:31:5
   |
31 |     Full,
   |     ^^^^

warning: missing documentation for a variant
  --> src/updates/mod.rs:14:5
   |
14 |     Stable,
   |     ^^^^^^

warning: missing documentation for a variant
  --> src/updates/mod.rs:15:5
   |
15 |     Beta,
   |     ^^^^

warning: missing documentation for a struct field
  --> src/updates/mod.rs:27:5
   |
27 |     pub version: String,
   |     ^^^^^^^^^^^^^^^^^^^

warning: missing documentation for a struct field
  --> src/updates/mod.rs:28:5
   |
28 |     pub release_date: DateTime<Utc>,
   |     ^^^^^^^^^^^^^^^^^^^^^^^^^^^^^^^

warning: missing documentation for a struct field
  --> src/updates/mod.rs:29:5
   |
29 |     pub changelog_url: String,
   |     ^^^^^^^^^^^^^^^^^^^^^^^^^

warning: missing documentation for a struct field
  --> src/updates/mod.rs:30:5
   |
30 |     pub download_url: String,
   |     ^^^^^^^^^^^^^^^^^^^^^^^^

warning: missing documentation for a struct field
  --> src/updates/mod.rs:31:5
   |
31 |     pub is_critical: bool,
   |     ^^^^^^^^^^^^^^^^^^^^^

warning: missing documentation for a struct field
  --> src/updates/mod.rs:37:5
   |
37 |     pub latest_version: String,
   |     ^^^^^^^^^^^^^^^^^^^^^^^^^^

warning: missing documentation for a struct field
  --> src/updates/mod.rs:38:5
   |
38 |     pub last_updated: String,
   |     ^^^^^^^^^^^^^^^^^^^^^^^^

warning: missing documentation for a struct field
  --> src/updates/mod.rs:39:5
   |
39 |     pub channels: Channels,
   |     ^^^^^^^^^^^^^^^^^^^^^^

warning: missing documentation for a struct field
  --> src/updates/mod.rs:41:5
   |
41 |     pub checksums: Option<serde_json::Value>,
   |     ^^^^^^^^^^^^^^^^^^^^^^^^^^^^^^^^^^^^^^^^

warning: missing documentation for a struct field
  --> src/updates/mod.rs:43:5
   |
43 |     pub release_notes_url: Option<String>,
   |     ^^^^^^^^^^^^^^^^^^^^^^^^^^^^^^^^^^^^^

warning: missing documentation for a struct
  --> src/updates/mod.rs:47:1
   |
47 | pub struct Channels {
   | ^^^^^^^^^^^^^^^^^^^

warning: missing documentation for a struct field
  --> src/updates/mod.rs:48:5
   |
48 |     pub stable: ChannelInfo,
   |     ^^^^^^^^^^^^^^^^^^^^^^^

warning: missing documentation for a struct field
  --> src/updates/mod.rs:49:5
   |
49 |     pub beta: ChannelInfo,
   |     ^^^^^^^^^^^^^^^^^^^^^

warning: missing documentation for a struct
  --> src/updates/mod.rs:53:1
   |
53 | pub struct ChannelInfo {
   | ^^^^^^^^^^^^^^^^^^^^^^

warning: missing documentation for a struct field
  --> src/updates/mod.rs:54:5
   |
54 |     pub version: String,
   |     ^^^^^^^^^^^^^^^^^^^

warning: missing documentation for a struct field
  --> src/updates/mod.rs:55:5
   |
55 |     pub release_date: String,
   |     ^^^^^^^^^^^^^^^^^^^^^^^^

warning: missing documentation for a struct field
  --> src/updates/mod.rs:56:5
   |
56 |     pub platforms: serde_json::Value, // Dynamic platform structure
   |     ^^^^^^^^^^^^^^^^^^^^^^^^^^^^^^^^

warning: `hive` (lib) generated 11799 warnings (run `cargo fix --lib -p hive` to apply 465 suggestions)
warning: unused import: `dioxus::document::eval`
 --> src/bin/hive-consensus-fixed.rs:3:5
  |
3 | use dioxus::document::eval;
  |     ^^^^^^^^^^^^^^^^^^^^^^
  |
  = note: `#[warn(unused_imports)]` on by default

warning: unused import: `rfd`
 --> src/bin/hive-consensus-fixed.rs:5:5
  |
5 | use rfd;
  |     ^^^

warning: unused import: `chrono::Datelike`
  --> src/bin/hive-consensus-fixed.rs:37:9
   |
37 |     use chrono::Datelike;
   |         ^^^^^^^^^^^^^^^^

warning: unused variable: `yesterday_start_str`
  --> src/bin/hive-consensus-fixed.rs:49:17
   |
49 |             let yesterday_start_str = yesterday_start.to_rfc3339();
   |                 ^^^^^^^^^^^^^^^^^^^ help: if this is intentional, prefix it with an underscore: `_yesterday_start_str`
   |
   = note: `#[warn(unused_variables)]` on by default

warning: unused variable: `week_start_str`
  --> src/bin/hive-consensus-fixed.rs:50:17
   |
50 |             let week_start_str = week_start.to_rfc3339();
   |                 ^^^^^^^^^^^^^^ help: if this is intentional, prefix it with an underscore: `_week_start_str`

warning: unused variable: `last_week_start_str`
  --> src/bin/hive-consensus-fixed.rs:51:17
   |
51 |             let last_week_start_str = last_week_start.to_rfc3339();
   |                 ^^^^^^^^^^^^^^^^^^^ help: if this is intentional, prefix it with an underscore: `_last_week_start_str`

warning: function `fetch_analytics_data` is never used
  --> src/bin/hive-consensus-fixed.rs:35:10
   |
35 | async fn fetch_analytics_data() -> Result<AnalyticsData, Box<dyn std::error::Error + Send + Sync>> {
   |          ^^^^^^^^^^^^^^^^^^^^
   |
   = note: `#[warn(dead_code)]` on by default

warning: unused import: `load_config`
  --> src/main.rs:10:29
   |
10 | use hive_ai::core::config::{load_config, Config};
   |                             ^^^^^^^^^^^
   |
   = note: `#[warn(unused_imports)]` on by default

warning: unused import: `TerminalTab`
  --> src/bin/hive-consensus.rs:10:53
   |
10 | use hive_ai::desktop::terminal_tabs::{TerminalTabs, TerminalTab};
   |                                                     ^^^^^^^^^^^
   |
   = note: `#[warn(unused_imports)]` on by default

warning: unused import: `hive_ai::desktop::terminal::use_terminal_cwd`
  --> src/bin/hive-consensus.rs:11:5
   |
11 | use hive_ai::desktop::terminal::use_terminal_cwd;
   |     ^^^^^^^^^^^^^^^^^^^^^^^^^^^^^^^^^^^^^^^^^^^^

warning: unused import: `use_terminal_cwd_tracker`
  --> src/bin/hive-consensus.rs:12:76
   |
12 | use hive_ai::desktop::terminal_cwd_tracker::{provide_terminal_cwd_tracker, use_terminal_cwd_tracker};
   |                                                                            ^^^^^^^^^^^^^^^^^^^^^^^^

warning: unused imports: `GitOperationProgress` and `use_git_context`
  --> src/bin/hive-consensus.rs:16:182
   |
16 | ...ion, GitOperations, provide_git_context, use_git_context, GitStatusMenu, GitOperationProgress, ProgressCallback, CancellationToken, in...
   |                                             ^^^^^^^^^^^^^^^                 ^^^^^^^^^^^^^^^^^^^^

warning: unused imports: `StatusBarAlignment` and `StatusBarItem`
  --> src/bin/hive-consensus.rs:20:80
   |
20 | use hive_ai::desktop::status_bar_enhanced::{EnhancedStatusBar, StatusBarState, StatusBarItem, StatusBarAlignment};
   |                                                                                ^^^^^^^^^^^^^  ^^^^^^^^^^^^^^^^^^

warning: unused import: `OperationConfirmationDialog`
   --> src/bin/hive-consensus.rs:870:69
    |
870 |     AboutDialog, CommandPalette, NoUpdatesDialog, OnboardingDialog, OperationConfirmationDialog,
    |                                                                     ^^^^^^^^^^^^^^^^^^^^^^^^^^^

warning: unused imports: `OperationStatus` and `parse_operations_from_content`
   --> src/bin/hive-consensus.rs:882:36
    |
882 | use hive_ai::desktop::components::{OperationStatus, parse_operations_from_content};
    |                                    ^^^^^^^^^^^^^^^  ^^^^^^^^^^^^^^^^^^^^^^^^^^^^^

warning: unused import: `hive_ai::consensus::stages::file_aware_curator::FileOperation`
   --> src/bin/hive-consensus.rs:899:5
    |
899 | use hive_ai::consensus::stages::file_aware_curator::FileOperation;
    |     ^^^^^^^^^^^^^^^^^^^^^^^^^^^^^^^^^^^^^^^^^^^^^^^^^^^^^^^^^^^^^

warning: unused variable: `cwd_tracker`
   --> src/bin/hive-consensus.rs:939:13
    |
939 |     let mut cwd_tracker = provide_terminal_cwd_tracker();
    |             ^^^^^^^^^^^ help: if this is intentional, prefix it with an underscore: `_cwd_tracker`
    |
    = note: `#[warn(unused_variables)]` on by default

warning: unused variable: `current_dir`
    --> src/bin/hive-consensus.rs:4553:21
     |
4553 |                 let current_dir = current_dir.clone();
     |                     ^^^^^^^^^^^ help: if this is intentional, prefix it with an underscore: `_current_dir`

warning: unused variable: `file_tree`
    --> src/bin/hive-consensus.rs:4554:25
     |
4554 |                 let mut file_tree = file_tree.clone();
     |                         ^^^^^^^^^ help: if this is intentional, prefix it with an underscore: `_file_tree`

warning: unused variable: `file_tree`
    --> src/bin/hive-consensus.rs:4643:25
     |
4643 |                 let mut file_tree = file_tree.clone();
     |                         ^^^^^^^^^ help: if this is intentional, prefix it with an underscore: `_file_tree`

warning: unused variable: `file_path_for_click`
    --> src/bin/hive-consensus.rs:3312:57
     |
3312 | ...                   let file_path_for_click = file_path_str.clone();
     |                           ^^^^^^^^^^^^^^^^^^^ help: if this is intentional, prefix it with an underscore: `_file_path_for_click`

warning: unused variable: `selected_file`
    --> src/bin/hive-consensus.rs:3316:61
     |
3316 | ...                   let mut selected_file = selected_file.clone();
     |                               ^^^^^^^^^^^^^ help: if this is intentional, prefix it with an underscore: `_selected_file`

warning: unused variable: `tab_contents`
    --> src/bin/hive-consensus.rs:3317:61
     |
3317 | ...                   let mut tab_contents = tab_contents.clone();
     |                               ^^^^^^^^^^^^ help: if this is intentional, prefix it with an underscore: `_tab_contents`

warning: unused variable: `file_content`
    --> src/bin/hive-consensus.rs:3318:61
     |
3318 | ...                   let mut file_content = file_content.clone();
     |                               ^^^^^^^^^^^^ help: if this is intentional, prefix it with an underscore: `_file_content`

warning: unused variable: `git_state_clone`
    --> src/bin/hive-consensus.rs:4421:33
     |
4421 | ...                   let git_state_clone = git_state.clone();
     |                           ^^^^^^^^^^^^^^^ help: if this is intentional, prefix it with an underscore: `_git_state_clone`

warning: variable does not need to be mutable
    --> src/bin/hive-consensus.rs:3316:57
     |
3316 | ...                   let mut selected_file = selected_file.clone();
     |                           ----^^^^^^^^^^^^^
     |                           |
     |                           help: remove this `mut`
     |
     = note: `#[warn(unused_mut)]` on by default

warning: variable does not need to be mutable
    --> src/bin/hive-consensus.rs:3317:57
     |
3317 | ...                   let mut tab_contents = tab_contents.clone();
     |                           ----^^^^^^^^^^^^
     |                           |
     |                           help: remove this `mut`

warning: variable does not need to be mutable
    --> src/bin/hive-consensus.rs:3318:57
     |
3318 | ...                   let mut file_content = file_content.clone();
     |                           ----^^^^^^^^^^^^
     |                           |
     |                           help: remove this `mut`

warning: variable does not need to be mutable
    --> src/bin/hive-consensus.rs:4354:61
     |
4354 | ...                   if let Some(mut manager) = consensus_manager.write().as_mut() {
     |                                   ----^^^^^^^
     |                                   |
     |                                   help: remove this `mut`

warning: variable does not need to be mutable
    --> src/bin/hive-consensus.rs:2855:45
     |
2855 | ...                   if let Some(mut manager) = consensus_manager.write().as_mut() {
     |                                   ----^^^^^^^
     |                                   |
     |                                   help: remove this `mut`

warning: variable does not need to be mutable
   --> src/bin/hive-consensus.rs:925:9
    |
925 |     let mut git_state = use_git_state();
    |         ----^^^^^^^^^
    |         |
    |         help: remove this `mut`

warning: variable does not need to be mutable
   --> src/bin/hive-consensus.rs:930:9
    |
930 |     let mut is_pushing = use_signal(|| false);
    |         ----^^^^^^^^^^
    |         |
    |         help: remove this `mut`

warning: variable does not need to be mutable
   --> src/bin/hive-consensus.rs:931:9
    |
931 |     let mut is_pulling = use_signal(|| false);
    |         ----^^^^^^^^^^
    |         |
    |         help: remove this `mut`

warning: variable does not need to be mutable
   --> src/bin/hive-consensus.rs:932:9
    |
932 |     let mut is_syncing = use_signal(|| false);
    |         ----^^^^^^^^^^
    |         |
    |         help: remove this `mut`

warning: variable does not need to be mutable
   --> src/bin/hive-consensus.rs:933:9
    |
933 |     let mut git_operation_status = use_signal(|| None::<String>);
    |         ----^^^^^^^^^^^^^^^^^^^^
    |         |
    |         help: remove this `mut`

warning: variable does not need to be mutable
   --> src/bin/hive-consensus.rs:936:9
    |
936 |     let mut git_context = provide_git_context();
    |         ----^^^^^^^^^^^
    |         |
    |         help: remove this `mut`

warning: variable does not need to be mutable
   --> src/bin/hive-consensus.rs:939:9
    |
939 |     let mut cwd_tracker = provide_terminal_cwd_tracker();
    |         ----^^^^^^^^^^^
    |         |
    |         help: remove this `mut`

warning: variable does not need to be mutable
   --> src/bin/hive-consensus.rs:950:9
    |
950 |     let mut openrouter_key = use_signal(String::new);
    |         ----^^^^^^^^^^^^^^
    |         |
    |         help: remove this `mut`

warning: variable does not need to be mutable
   --> src/bin/hive-consensus.rs:951:9
    |
951 |     let mut hive_key = use_signal(String::new);
    |         ----^^^^^^^^
    |         |
    |         help: remove this `mut`

warning: variable does not need to be mutable
   --> src/bin/hive-consensus.rs:952:9
    |
952 |     let mut anthropic_key = use_signal(String::new);
    |         ----^^^^^^^^^^^^^
    |         |
    |         help: remove this `mut`

warning: variable does not need to be mutable
   --> src/bin/hive-consensus.rs:954:9
    |
954 |     let mut api_config = use_signal(|| hive_ai::core::api_keys::ApiKeyConfig {
    |         ----^^^^^^^^^^
    |         |
    |         help: remove this `mut`

warning: variable does not need to be mutable
   --> src/bin/hive-consensus.rs:985:9
    |
985 |     let mut ide_ai_broker = use_signal(|| None::<IDEAIHelperBroker>);
    |         ----^^^^^^^^^^^^^
    |         |
    |         help: remove this `mut`

warning: variable does not need to be mutable
    --> src/bin/hive-consensus.rs:1037:9
     |
1037 |     let mut diff_tabs = use_signal(|| HashMap::<String, hive_ai::desktop::git::DiffResult>::new());
     |         ----^^^^^^^^^
     |         |
     |         help: remove this `mut`

warning: variable does not need to be mutable
    --> src/bin/hive-consensus.rs:1038:9
     |
1038 |     let mut diff_view_mode = use_signal(|| DiffViewMode::SideBySide);
     |         ----^^^^^^^^^^^^^^
     |         |
     |         help: remove this `mut`

warning: variable does not need to be mutable
    --> src/bin/hive-consensus.rs:1044:9
     |
1044 |     let mut status_bar_state = use_signal(|| StatusBarState::default());
     |         ----^^^^^^^^^^^^^^^^
     |         |
     |         help: remove this `mut`

warning: variable does not need to be mutable
    --> src/bin/hive-consensus.rs:1060:13
     |
1060 |         let mut git_state = git_state.clone();
     |             ----^^^^^^^^^
     |             |
     |             help: remove this `mut`

warning: variable does not need to be mutable
    --> src/bin/hive-consensus.rs:1236:9
     |
1236 |     let mut show_git_menu = use_signal(|| false);
     |         ----^^^^^^^^^^^^^
     |         |
     |         help: remove this `mut`

warning: variable does not need to be mutable
    --> src/bin/hive-consensus.rs:1237:9
     |
1237 |     let mut git_menu_position = use_signal(|| (0i32, 0i32));
     |         ----^^^^^^^^^^^^^^^^^
     |         |
     |         help: remove this `mut`

warning: variable does not need to be mutable
    --> src/bin/hive-consensus.rs:1241:9
     |
1241 |     let mut context_menu_state = use_signal(|| ContextMenuState::default());
     |         ----^^^^^^^^^^^^^^^^^^
     |         |
     |         help: remove this `mut`

warning: variable does not need to be mutable
    --> src/bin/hive-consensus.rs:1244:9
     |
1244 |     let mut show_rename_dialog = use_signal(|| false);
     |         ----^^^^^^^^^^^^^^^^^^
     |         |
     |         help: remove this `mut`

warning: variable does not need to be mutable
    --> src/bin/hive-consensus.rs:1245:9
     |
1245 |     let mut show_delete_confirm = use_signal(|| false);
     |         ----^^^^^^^^^^^^^^^^^^^
     |         |
     |         help: remove this `mut`

warning: variable does not need to be mutable
    --> src/bin/hive-consensus.rs:1252:9
     |
1252 |     let mut analytics_data = use_signal(|| AnalyticsData::default());
     |         ----^^^^^^^^^^^^^^
     |         |
     |         help: remove this `mut`

warning: variable does not need to be mutable
    --> src/bin/hive-consensus.rs:1255:9
     |
1255 |     let mut last_analytics_trigger = use_signal(|| 0u32);
     |         ----^^^^^^^^^^^^^^^^^^^^^^
     |         |
     |         help: remove this `mut`

warning: variable does not need to be mutable
    --> src/bin/hive-consensus.rs:1300:9
     |
1300 |     let mut show_update_available_dialog = use_signal(|| false);
     |         ----^^^^^^^^^^^^^^^^^^^^^^^^^^^^
     |         |
     |         help: remove this `mut`

warning: variable does not need to be mutable
    --> src/bin/hive-consensus.rs:1301:9
     |
1301 |     let mut show_no_updates_dialog = use_signal(|| false);
     |         ----^^^^^^^^^^^^^^^^^^^^^^
     |         |
     |         help: remove this `mut`

warning: variable does not need to be mutable
    --> src/bin/hive-consensus.rs:1302:9
     |
1302 |     let mut show_update_error_dialog = use_signal(|| false);
     |         ----^^^^^^^^^^^^^^^^^^^^^^^^
     |         |
     |         help: remove this `mut`

warning: variable does not need to be mutable
    --> src/bin/hive-consensus.rs:1303:9
     |
1303 |     let mut update_info = use_signal(|| {
     |         ----^^^^^^^^^^^
     |         |
     |         help: remove this `mut`

warning: variable does not need to be mutable
    --> src/bin/hive-consensus.rs:1314:9
     |
1314 |     let mut show_terminal = use_signal(|| true); // Terminal visible by default
     |         ----^^^^^^^^^^^^^
     |         |
     |         help: remove this `mut`

warning: variable does not need to be mutable
    --> src/bin/hive-consensus.rs:1457:13
     |
1457 |         let mut subscription_display = subscription_display.clone();
     |             ----^^^^^^^^^^^^^^^^^^^^
     |             |
     |             help: remove this `mut`

warning: variable does not need to be mutable
    --> src/bin/hive-consensus.rs:1568:13
     |
1568 |         let mut subscription_display = subscription_display.clone();
     |             ----^^^^^^^^^^^^^^^^^^^^
     |             |
     |             help: remove this `mut`

warning: variable does not need to be mutable
    --> src/bin/hive-consensus.rs:1810:9
     |
1810 |     let mut initial_dir_loaded = use_signal(|| false);
     |         ----^^^^^^^^^^^^^^^^^^
     |         |
     |         help: remove this `mut`

warning: variable does not need to be mutable
    --> src/bin/hive-consensus.rs:1885:9
     |
1885 |     let mut previous_content_length = use_signal(|| 0usize);
     |         ----^^^^^^^^^^^^^^^^^^^^^^^
     |         |
     |         help: remove this `mut`

warning: variable does not need to be mutable
    --> src/bin/hive-consensus.rs:3153:53
     |
3153 | ...                   let mut git_state_for_refresh = git_state.clone();
     |                           ----^^^^^^^^^^^^^^^^^^^^^
     |                           |
     |                           help: remove this `mut`

warning: variable does not need to be mutable
    --> src/bin/hive-consensus.rs:4463:25
     |
4463 |                     let mut app_state_for_profile = app_state.clone();
     |                         ----^^^^^^^^^^^^^^^^^^^^^
     |                         |
     |                         help: remove this `mut`

warning: variable does not need to be mutable
    --> src/bin/hive-consensus.rs:4554:21
     |
4554 |                 let mut file_tree = file_tree.clone();
     |                     ----^^^^^^^^^
     |                     |
     |                     help: remove this `mut`

warning: variable does not need to be mutable
    --> src/bin/hive-consensus.rs:4643:21
     |
4643 |                 let mut file_tree = file_tree.clone();
     |                     ----^^^^^^^^^
     |                     |
     |                     help: remove this `mut`

warning: variable does not need to be mutable
    --> src/bin/hive-consensus.rs:3945:37
     |
3945 | ...                   let mut show_upgrade_dialog_ref = show_upgrade_dialog.clone();
     |                           ----^^^^^^^^^^^^^^^^^^^^^^^
     |                           |
     |                           help: remove this `mut`

warning: unused variable: `active_git_watcher`
    --> src/bin/hive-consensus.rs:4885:9
     |
4885 |     let active_git_watcher = use_context::<Signal<Option<GitWatcher>>>();
     |         ^^^^^^^^^^^^^^^^^^ help: if this is intentional, prefix it with an underscore: `_active_git_watcher`

warning: function `format_currency` is never used
  --> src/bin/hive-consensus.rs:52:12
   |
52 |     pub fn format_currency(value: f64) -> String {
   |            ^^^^^^^^^^^^^^^
   |
   = note: `#[warn(dead_code)]` on by default

warning: function `calculate_avg_cost_per_conversation` is never used
  --> src/bin/hive-consensus.rs:66:12
   |
66 |     pub fn calculate_avg_cost_per_conversation(total_cost: f64, conversation_count: u64) -> f64 {
   |            ^^^^^^^^^^^^^^^^^^^^^^^^^^^^^^^^^^^

warning: function `calculate_budget_progress` is never used
  --> src/bin/hive-consensus.rs:91:12
   |
91 |     pub fn calculate_budget_progress(current: f64, budget: f64) -> f64 {
   |            ^^^^^^^^^^^^^^^^^^^^^^^^^

warning: unused `Result` that must be used
    --> src/bin/hive-consensus.rs:1109:33
     |
1109 | ...                   git_state.refresh_status(&repo_path).await;
     |                       ^^^^^^^^^^^^^^^^^^^^^^^^^^^^^^^^^^^^^^^^^^
     |
     = note: this `Result` may be an `Err` variant, which should be handled
     = note: `#[warn(unused_must_use)]` on by default
help: use `let _ = ...` to ignore the resulting value
     |
1109 |                                 let _ = git_state.refresh_status(&repo_path).await;
     |                                 +++++++

warning: unused `Result` that must be used
    --> src/bin/hive-consensus.rs:1194:33
     |
1194 | ...                   git_state.refresh_status(&repo_path).await;
     |                       ^^^^^^^^^^^^^^^^^^^^^^^^^^^^^^^^^^^^^^^^^^
     |
     = note: this `Result` may be an `Err` variant, which should be handled
help: use `let _ = ...` to ignore the resulting value
     |
1194 |                                 let _ = git_state.refresh_status(&repo_path).await;
     |                                 +++++++

warning: `hive` (bin "hive-consensus-fixed") generated 7 warnings (run `cargo fix --bin "hive-consensus-fixed"` to apply 3 suggestions)
warning: `hive` (bin "hive") generated 1 warning (run `cargo fix --bin "hive"` to apply 1 suggestion)
warning: `hive` (bin "hive-consensus") generated 65 warnings (run `cargo fix --bin "hive-consensus"` to apply 50 suggestions)
    Finished `dev` profile [unoptimized + debuginfo] target(s) in 0.80s
